runner: scoped 使用 TESTS_MJS_FILES=7 files
runner: build is current (1800 sources, 884 artifacts)
runner: discovery OVERRIDDEN by TESTS_MJS_FILES (7 file(s))
runner: 7 test file(s), 5000ms verdict-silence window
runner: file lifecycle {"entryFile":"/Users/yuanxi/Workwork/vibe-fs/requirements/js-semantic-surface/tests/001.test.mjs","pid":52239,"parentPid":52217,"type":"runner:file-start","elapsedMs":37.06433300000003}
runner: file lifecycle {"entryFile":"/Users/yuanxi/Workwork/vibe-fs/requirements/js-semantic-surface/tests/002.test.mjs","pid":52239,"parentPid":52217,"type":"runner:file-start","elapsedMs":38.41804100000002}
runner: file lifecycle {"entryFile":"/Users/yuanxi/Workwork/vibe-fs/requirements/js-semantic-surface/tests/003.test.mjs","pid":52239,"parentPid":52217,"type":"runner:file-start","elapsedMs":39.95083299999999}
runner: file lifecycle {"entryFile":"/Users/yuanxi/Workwork/vibe-fs/requirements/js-semantic-surface/tests/004.test.mjs","pid":52239,"parentPid":52217,"type":"runner:file-start","elapsedMs":40.68316600000003}
runner: file lifecycle {"entryFile":"/Users/yuanxi/Workwork/vibe-fs/requirements/js-semantic-surface/tests/005.test.mjs","pid":52239,"parentPid":52217,"type":"runner:file-start","elapsedMs":41.740958000000035}
runner: file lifecycle {"entryFile":"/Users/yuanxi/Workwork/vibe-fs/requirements/js-semantic-surface/tests/006.test.mjs","pid":52239,"parentPid":52217,"type":"runner:file-start","elapsedMs":42.18316600000003}
runner: file lifecycle {"entryFile":"/Users/yuanxi/Workwork/vibe-fs/requirements/verification-system/tests/004.test.mjs","pid":52239,"parentPid":52217,"type":"runner:file-start","elapsedMs":42.683708000000024}
[verification-worker-cost] {"version":1,"phase":"pre-import","sequence":0,"entryFile":"/Users/yuanxi/Workwork/vibe-fs/requirements/js-semantic-surface/tests/001.test.mjs","pid":52240,"parentPid":52239,"monotonicMs":24.585667,"cpuUserMicros":28084,"cpuSystemMicros":6426}
[verification-worker-cost] {"version":1,"phase":"pre-import","sequence":0,"entryFile":"/Users/yuanxi/Workwork/vibe-fs/requirements/js-semantic-surface/tests/002.test.mjs","pid":52241,"parentPid":52239,"monotonicMs":25.766083,"cpuUserMicros":27950,"cpuSystemMicros":6483}
[verification-worker-cost] {"version":1,"phase":"pre-import","sequence":0,"entryFile":"/Users/yuanxi/Workwork/vibe-fs/requirements/js-semantic-surface/tests/004.test.mjs","pid":52243,"parentPid":52239,"monotonicMs":24.449834,"cpuUserMicros":26664,"cpuSystemMicros":5851}
[verification-worker-cost] {"version":1,"phase":"pre-import","sequence":0,"entryFile":"/Users/yuanxi/Workwork/vibe-fs/requirements/js-semantic-surface/tests/003.test.mjs","pid":52242,"parentPid":52239,"monotonicMs":27.446042,"cpuUserMicros":29315,"cpuSystemMicros":7176}
[verification-worker-cost] {"version":1,"phase":"pre-import","sequence":0,"entryFile":"/Users/yuanxi/Workwork/vibe-fs/requirements/js-semantic-surface/tests/005.test.mjs","pid":52244,"parentPid":52239,"monotonicMs":25.30175,"cpuUserMicros":29076,"cpuSystemMicros":6843}
[verification-worker-cost] {"version":1,"phase":"pre-import","sequence":0,"entryFile":"/Users/yuanxi/Workwork/vibe-fs/requirements/js-semantic-surface/tests/006.test.mjs","pid":52245,"parentPid":52239,"monotonicMs":25.616625,"cpuUserMicros":27963,"cpuSystemMicros":7274}
[verification-worker-cost] {"version":1,"phase":"pre-import","sequence":0,"entryFile":"/Users/yuanxi/Workwork/vibe-fs/requirements/verification-system/tests/004.test.mjs","pid":52246,"parentPid":52239,"monotonicMs":24.205084,"cpuUserMicros":30319,"cpuSystemMicros":7085}
[verification-test-start] {"pid":52244,"parentPid":52239,"entryFile":"/Users/yuanxi/Workwork/vibe-fs/requirements/js-semantic-surface/tests/005.test.mjs","name":"WHAT[js-semantic-surface-005] the validator accepts the declared JS-native values without reserving ordinary field names","fullName":"WHAT[js-semantic-surface-005] the validator accepts the declared JS-native values without reserving ordinary field names"}
[verification-test-start] {"pid":52240,"parentPid":52239,"entryFile":"/Users/yuanxi/Workwork/vibe-fs/requirements/js-semantic-surface/tests/001.test.mjs","name":"WHAT[js-semantic-surface-001] formal semantic test carriers use .test.mjs","fullName":"WHAT[js-semantic-surface-001] formal semantic test carriers use .test.mjs"}
[verification-test-start] {"pid":52243,"parentPid":52239,"entryFile":"/Users/yuanxi/Workwork/vibe-fs/requirements/js-semantic-surface/tests/004.test.mjs","name":"WHAT[js-semantic-surface-004] support dependencies are traversed transitively, including cycles","fullName":"WHAT[js-semantic-surface-004] support dependencies are traversed transitively, including cycles"}
[verification-test-start] {"pid":52241,"parentPid":52239,"entryFile":"/Users/yuanxi/Workwork/vibe-fs/requirements/js-semantic-surface/tests/002.test.mjs","name":"WHAT[js-semantic-surface-002] the current semantic zone passes the implemented boundary gate","fullName":"WHAT[js-semantic-surface-002] the current semantic zone passes the implemented boundary gate"}
[verification-test-start] {"pid":52244,"parentPid":52239,"entryFile":"/Users/yuanxi/Workwork/vibe-fs/requirements/js-semantic-surface/tests/005.test.mjs","name":"WHAT[js-semantic-surface-005] Promise is a permitted carrier and its fulfilled value is validated separately","fullName":"WHAT[js-semantic-surface-005] Promise is a permitted carrier and its fulfilled value is validated separately"}
[verification-test-start] {"pid":52242,"parentPid":52239,"entryFile":"/Users/yuanxi/Workwork/vibe-fs/requirements/js-semantic-surface/tests/003.test.mjs","name":"WHAT[js-semantic-surface-003] current registrations have real owners, compiled sources, outputs and imports","fullName":"WHAT[js-semantic-surface-003] current registrations have real owners, compiled sources, outputs and imports"}
[verification-test-start] {"pid":52243,"parentPid":52239,"entryFile":"/Users/yuanxi/Workwork/vibe-fs/requirements/js-semantic-surface/tests/004.test.mjs","name":"WHAT[js-semantic-surface-004] moving an internal import into support or leaving support unreferenced cannot hide it","fullName":"WHAT[js-semantic-surface-004] moving an internal import into support or leaving support unreferenced cannot hide it"}
[verification-test-start] {"pid":52244,"parentPid":52239,"entryFile":"/Users/yuanxi/Workwork/vibe-fs/requirements/js-semantic-surface/tests/005.test.mjs","name":"WHAT[js-semantic-surface-005] runtime instances and nested non-native values are rejected","fullName":"WHAT[js-semantic-surface-005] runtime instances and nested non-native values are rejected"}
[verification-test-start] {"pid":52244,"parentPid":52239,"entryFile":"/Users/yuanxi/Workwork/vibe-fs/requirements/js-semantic-surface/tests/005.test.mjs","name":"WHAT[js-semantic-surface-005] shared and cyclic native data remain native","fullName":"WHAT[js-semantic-surface-005] shared and cyclic native data remain native"}
[verification-test-start] {"pid":52245,"parentPid":52239,"entryFile":"/Users/yuanxi/Workwork/vibe-fs/requirements/js-semantic-surface/tests/006.test.mjs","name":"WHAT[js-semantic-surface-006] non-compiler physical probes do not import unregistered internal modules","fullName":"WHAT[js-semantic-surface-006] non-compiler physical probes do not import unregistered internal modules"}
[verification-test-start] {"pid":52246,"parentPid":52239,"entryFile":"/Users/yuanxi/Workwork/vibe-fs/requirements/verification-system/tests/004.test.mjs","name":"WHAT[verification-system-004] module loadability verifier is red when a dist module fails to load","fullName":"WHAT[verification-system-004] module loadability verifier is red when a dist module fails to load"}
[verification-test-start] {"pid":52244,"parentPid":52239,"entryFile":"/Users/yuanxi/Workwork/vibe-fs/requirements/js-semantic-surface/tests/005.test.mjs","name":"WHAT[js-semantic-surface-005] opaque validation preserves identity without reading private state","fullName":"WHAT[js-semantic-surface-005] opaque validation preserves identity without reading private state"}
[verification-test-start] {"pid":52240,"parentPid":52239,"entryFile":"/Users/yuanxi/Workwork/vibe-fs/requirements/js-semantic-surface/tests/001.test.mjs","name":"WHAT[js-semantic-surface-001] the carrier check rejects a second language without confusing source fixtures with tests","fullName":"WHAT[js-semantic-surface-001] the carrier check rejects a second language without confusing source fixtures with tests"}
[verification-worker-cost] {"version":1,"phase":"exit","sequence":1,"entryFile":"/Users/yuanxi/Workwork/vibe-fs/requirements/js-semantic-surface/tests/005.test.mjs","pid":52244,"parentPid":52239,"monotonicMs":54.088583,"cpuUserMicros":47366,"cpuSystemMicros":9006,"exitCode":0}
runner: file lifecycle {"entryFile":"/Users/yuanxi/Workwork/vibe-fs/requirements/js-semantic-surface/tests/005.test.mjs","type":"runner:file-drained","elapsedMs":124.28525000000002}
runner: worker cost {"version":1,"entryFile":"/Users/yuanxi/Workwork/vibe-fs/requirements/js-semantic-surface/tests/005.test.mjs","enabled":true,"pid":52244,"status":"complete","reason":null,"preImport":{"version":1,"phase":"pre-import","sequence":0,"entryFile":"/Users/yuanxi/Workwork/vibe-fs/requirements/js-semantic-surface/tests/005.test.mjs","pid":52244,"parentPid":52239,"monotonicMs":25.30175,"cpuUserMicros":29076,"cpuSystemMicros":6843},"exit":{"version":1,"phase":"exit","sequence":1,"entryFile":"/Users/yuanxi/Workwork/vibe-fs/requirements/js-semantic-surface/tests/005.test.mjs","pid":52244,"parentPid":52239,"monotonicMs":54.088583,"cpuUserMicros":47366,"cpuSystemMicros":9006,"exitCode":0},"interval":{"clockPid":52244,"wallMs":28.786833,"cpuUserMicros":18290,"cpuSystemMicros":2163}}
[verification-test-start] {"pid":52246,"parentPid":52239,"entryFile":"/Users/yuanxi/Workwork/vibe-fs/requirements/verification-system/tests/004.test.mjs","name":"WHAT[verification-system-004] parseConcurrency accepts unset, empty, and boolean values","fullName":"WHAT[verification-system-004] parseConcurrency accepts unset, empty, and boolean values"}
[verification-test-start] {"pid":52240,"parentPid":52239,"entryFile":"/Users/yuanxi/Workwork/vibe-fs/requirements/js-semantic-surface/tests/001.test.mjs","name":"WHAT[js-semantic-surface-001] imported test support satisfies the required .mjs suffix","fullName":"WHAT[js-semantic-surface-001] imported test support satisfies the required .mjs suffix"}
[verification-test-start] {"pid":52246,"parentPid":52239,"entryFile":"/Users/yuanxi/Workwork/vibe-fs/requirements/verification-system/tests/004.test.mjs","name":"WHAT[verification-system-004] parseConcurrency treats false as 1 alias","fullName":"WHAT[verification-system-004] parseConcurrency treats false as 1 alias"}
[verification-test-start] {"pid":52246,"parentPid":52239,"entryFile":"/Users/yuanxi/Workwork/vibe-fs/requirements/verification-system/tests/004.test.mjs","name":"WHAT[verification-system-004] parseConcurrency accepts positive integers","fullName":"WHAT[verification-system-004] parseConcurrency accepts positive integers"}
[verification-test-start] {"pid":52246,"parentPid":52239,"entryFile":"/Users/yuanxi/Workwork/vibe-fs/requirements/verification-system/tests/004.test.mjs","name":"WHAT[verification-system-004] parseConcurrency throws input error on non-positive, NaN, or non-integer","fullName":"WHAT[verification-system-004] parseConcurrency throws input error on non-positive, NaN, or non-integer"}
[verification-test-start] {"pid":52246,"parentPid":52239,"entryFile":"/Users/yuanxi/Workwork/vibe-fs/requirements/verification-system/tests/004.test.mjs","name":"WHAT[verification-system-004] assertConcurrency forwards to parseConcurrency","fullName":"WHAT[verification-system-004] assertConcurrency forwards to parseConcurrency"}
[verification-test-start] {"pid":52246,"parentPid":52239,"entryFile":"/Users/yuanxi/Workwork/vibe-fs/requirements/verification-system/tests/004.test.mjs","name":"WHAT[verification-system-004] integration entry coverage goes red for an unwired integration test","fullName":"WHAT[verification-system-004] integration entry coverage goes red for an unwired integration test"}
[verification-worker-cost] {"version":1,"phase":"exit","sequence":1,"entryFile":"/Users/yuanxi/Workwork/vibe-fs/requirements/js-semantic-surface/tests/004.test.mjs","pid":52243,"parentPid":52239,"monotonicMs":70.487167,"cpuUserMicros":55687,"cpuSystemMicros":14865,"exitCode":0}
runner: file lifecycle {"entryFile":"/Users/yuanxi/Workwork/vibe-fs/requirements/js-semantic-surface/tests/004.test.mjs","type":"runner:file-drained","elapsedMs":132.93704100000002}
runner: worker cost {"version":1,"entryFile":"/Users/yuanxi/Workwork/vibe-fs/requirements/js-semantic-surface/tests/004.test.mjs","enabled":true,"pid":52243,"status":"complete","reason":null,"preImport":{"version":1,"phase":"pre-import","sequence":0,"entryFile":"/Users/yuanxi/Workwork/vibe-fs/requirements/js-semantic-surface/tests/004.test.mjs","pid":52243,"parentPid":52239,"monotonicMs":24.449834,"cpuUserMicros":26664,"cpuSystemMicros":5851},"exit":{"version":1,"phase":"exit","sequence":1,"entryFile":"/Users/yuanxi/Workwork/vibe-fs/requirements/js-semantic-surface/tests/004.test.mjs","pid":52243,"parentPid":52239,"monotonicMs":70.487167,"cpuUserMicros":55687,"cpuSystemMicros":14865,"exitCode":0},"interval":{"clockPid":52243,"wallMs":46.037333000000004,"cpuUserMicros":29023,"cpuSystemMicros":9014}}
[verification-test-start] {"pid":52246,"parentPid":52239,"entryFile":"/Users/yuanxi/Workwork/vibe-fs/requirements/verification-system/tests/004.test.mjs","name":"WHAT[verification-system-004] integration entry coverage goes red for stale or duplicate wiring","fullName":"WHAT[verification-system-004] integration entry coverage goes red for stale or duplicate wiring"}
[verification-test-start] {"pid":52246,"parentPid":52239,"entryFile":"/Users/yuanxi/Workwork/vibe-fs/requirements/verification-system/tests/004.test.mjs","name":"WHAT[verification-system-004] integration entry coverage goes red when a child-owned test is not declared","fullName":"WHAT[verification-system-004] integration entry coverage goes red when a child-owned test is not declared"}
[verification-test-start] {"pid":52246,"parentPid":52239,"entryFile":"/Users/yuanxi/Workwork/vibe-fs/requirements/verification-system/tests/004.test.mjs","name":"WHAT[verification-system-004] spec gate rejects duplicate CHATEXEC identifiers","fullName":"WHAT[verification-system-004] spec gate rejects duplicate CHATEXEC identifiers"}
js-boundary-gate: 2 violation(s) across 1 file(s)
  ../../../../var/folders/g_/3ydzn7kx5lg9ylq8fd9p_13r0000gn/T/boundary-gate-red-oGTfIr/requirements/sample-pkg/tests/debt.test.mjs:1 [deep-dist-import] import * as mod from '../../../dist/Internal/UnregisteredModule.js'
  ../../../../var/folders/g_/3ydzn7kx5lg9ylq8fd9p_13r0000gn/T/boundary-gate-red-oGTfIr/requirements/sample-pkg/tests/debt.test.mjs:2 [export-discovery] const names = Object.keys(mod)
[verification-test-start] {"pid":52246,"parentPid":52239,"entryFile":"/Users/yuanxi/Workwork/vibe-fs/requirements/verification-system/tests/004.test.mjs","name":"WHAT[verification-system-004] js-boundary-gate verifier is red on controlled A-D semantic debt","fullName":"WHAT[verification-system-004] js-boundary-gate verifier is red on controlled A-D semantic debt"}
js-boundary-gate: OK — 0 debt line(s) across 0 file(s)
[verification-test-start] {"pid":52246,"parentPid":52239,"entryFile":"/Users/yuanxi/Workwork/vibe-fs/requirements/verification-system/tests/004.test.mjs","name":"WHAT[verification-system-004] boundary guard distinguishes environment keys from compiler-name lookups","fullName":"WHAT[verification-system-004] boundary guard distinguishes environment keys from compiler-name lookups"}
js-boundary-gate: OK — 0 debt line(s) across 0 file(s)
[verification-test-start] {"pid":52245,"parentPid":52239,"entryFile":"/Users/yuanxi/Workwork/vibe-fs/requirements/js-semantic-surface/tests/006.test.mjs","name":"WHAT[js-semantic-surface-006] the complete emitted graph links and its production modules load","fullName":"WHAT[js-semantic-surface-006] the complete emitted graph links and its production modules load"}
js-boundary-gate: 1 violation(s) across 1 file(s)
  ../../../../var/folders/g_/3ydzn7kx5lg9ylq8fd9p_13r0000gn/T/boundary-environment-dlwjmN/requirements/sample/tests/001.test.mjs:3 [mangled-lookup] const name = 'Example__run'; name.startsWith('Example__')
js-boundary-gate: 1 violation(s) across 1 file(s)
  ../../../../var/folders/g_/3ydzn7kx5lg9ylq8fd9p_13r0000gn/T/boundary-environment-dlwjmN/requirements/sample/tests/001.test.mjs:3 [mangled-lookup] const name = '_Method'; name.endsWith('_Method')
js-boundary-gate: 1 violation(s) across 1 file(s)
  ../../../../var/folders/g_/3ydzn7kx5lg9ylq8fd9p_13r0000gn/T/boundary-environment-dlwjmN/requirements/sample/tests/001.test.mjs:3 [mangled-lookup] Object.keys(process.env).filter((env) => { const name = 'Example__run'; return name.startsWith('Example__') })
[verification-worker-cost] {"version":1,"phase":"exit","sequence":1,"entryFile":"/Users/yuanxi/Workwork/vibe-fs/requirements/verification-system/tests/004.test.mjs","pid":52246,"parentPid":52239,"monotonicMs":95.107,"cpuUserMicros":84813,"cpuSystemMicros":18874,"exitCode":0}
runner: file lifecycle {"entryFile":"/Users/yuanxi/Workwork/vibe-fs/requirements/verification-system/tests/004.test.mjs","type":"runner:file-drained","elapsedMs":159.40487500000006}
runner: worker cost {"version":1,"entryFile":"/Users/yuanxi/Workwork/vibe-fs/requirements/verification-system/tests/004.test.mjs","enabled":true,"pid":52246,"status":"complete","reason":null,"preImport":{"version":1,"phase":"pre-import","sequence":0,"entryFile":"/Users/yuanxi/Workwork/vibe-fs/requirements/verification-system/tests/004.test.mjs","pid":52246,"parentPid":52239,"monotonicMs":24.205084,"cpuUserMicros":30319,"cpuSystemMicros":7085},"exit":{"version":1,"phase":"exit","sequence":1,"entryFile":"/Users/yuanxi/Workwork/vibe-fs/requirements/verification-system/tests/004.test.mjs","pid":52246,"parentPid":52239,"monotonicMs":95.107,"cpuUserMicros":84813,"cpuSystemMicros":18874,"exitCode":0},"interval":{"clockPid":52246,"wallMs":70.901916,"cpuUserMicros":54494,"cpuSystemMicros":11789}}
[verification-worker-cost] {"version":1,"phase":"exit","sequence":1,"entryFile":"/Users/yuanxi/Workwork/vibe-fs/requirements/js-semantic-surface/tests/001.test.mjs","pid":52240,"parentPid":52239,"monotonicMs":152.774708,"cpuUserMicros":112792,"cpuSystemMicros":57102,"exitCode":0}
runner: file lifecycle {"entryFile":"/Users/yuanxi/Workwork/vibe-fs/requirements/js-semantic-surface/tests/001.test.mjs","type":"runner:file-drained","elapsedMs":206.618875}
runner: worker cost {"version":1,"entryFile":"/Users/yuanxi/Workwork/vibe-fs/requirements/js-semantic-surface/tests/001.test.mjs","enabled":true,"pid":52240,"status":"complete","reason":null,"preImport":{"version":1,"phase":"pre-import","sequence":0,"entryFile":"/Users/yuanxi/Workwork/vibe-fs/requirements/js-semantic-surface/tests/001.test.mjs","pid":52240,"parentPid":52239,"monotonicMs":24.585667,"cpuUserMicros":28084,"cpuSystemMicros":6426},"exit":{"version":1,"phase":"exit","sequence":1,"entryFile":"/Users/yuanxi/Workwork/vibe-fs/requirements/js-semantic-surface/tests/001.test.mjs","pid":52240,"parentPid":52239,"monotonicMs":152.774708,"cpuUserMicros":112792,"cpuSystemMicros":57102,"exitCode":0},"interval":{"clockPid":52240,"wallMs":128.189041,"cpuUserMicros":84708,"cpuSystemMicros":50676}}
[verification-test-start] {"pid":52242,"parentPid":52239,"entryFile":"/Users/yuanxi/Workwork/vibe-fs/requirements/js-semantic-surface/tests/003.test.mjs","name":"WHAT[js-semantic-surface-003] registration is static evidence and does not require consumer authorization or callback execution","fullName":"WHAT[js-semantic-surface-003] registration is static evidence and does not require consumer authorization or callback execution"}
[verification-test-start] {"pid":52242,"parentPid":52239,"entryFile":"/Users/yuanxi/Workwork/vibe-fs/requirements/js-semantic-surface/tests/003.test.mjs","name":"WHAT[js-semantic-surface-003] a body reference cannot resurrect a retired law","fullName":"WHAT[js-semantic-surface-003] a body reference cannot resurrect a retired law"}
[verification-test-start] {"pid":52242,"parentPid":52239,"entryFile":"/Users/yuanxi/Workwork/vibe-fs/requirements/js-semantic-surface/tests/003.test.mjs","name":"WHAT[js-semantic-surface-003] a misleading dist suffix is not an import of the registered module","fullName":"WHAT[js-semantic-surface-003] a misleading dist suffix is not an import of the registered module"}
[verification-test-start] {"pid":52242,"parentPid":52239,"entryFile":"/Users/yuanxi/Workwork/vibe-fs/requirements/js-semantic-surface/tests/003.test.mjs","name":"WHAT[js-semantic-surface-003] malformed metadata and duplicate modules fail the same registration gate","fullName":"WHAT[js-semantic-surface-003] malformed metadata and duplicate modules fail the same registration gate"}
js-surface-manifest: 1 violation(s)
  Owner/Surface.js: law owner-099 is absent from requirements/owner/WHAT.md
js-surface-manifest: OK — 1 registered surfaces, laws and contract imports closed
[verification-test-start] {"pid":52242,"parentPid":52239,"entryFile":"/Users/yuanxi/Workwork/vibe-fs/requirements/js-semantic-surface/tests/003.test.mjs","name":"WHAT[js-semantic-surface-003] uncompiled and un-emitted sources cannot satisfy registration","fullName":"WHAT[js-semantic-surface-003] uncompiled and un-emitted sources cannot satisfy registration"}
[verification-test-start] {"pid":52242,"parentPid":52239,"entryFile":"/Users/yuanxi/Workwork/vibe-fs/requirements/js-semantic-surface/tests/003.test.mjs","name":"WHAT[js-semantic-surface-003] explicit law ownership resolves against that owner and its current headings","fullName":"WHAT[js-semantic-surface-003] explicit law ownership resolves against that owner and its current headings"}
[verification-worker-cost] {"version":1,"phase":"exit","sequence":1,"entryFile":"/Users/yuanxi/Workwork/vibe-fs/requirements/js-semantic-surface/tests/003.test.mjs","pid":52242,"parentPid":52239,"monotonicMs":1988.605917,"cpuUserMicros":1862009,"cpuSystemMicros":250538,"exitCode":0}
runner: file lifecycle {"entryFile":"/Users/yuanxi/Workwork/vibe-fs/requirements/js-semantic-surface/tests/003.test.mjs","type":"runner:file-drained","elapsedMs":2059.818333}
runner: worker cost {"version":1,"entryFile":"/Users/yuanxi/Workwork/vibe-fs/requirements/js-semantic-surface/tests/003.test.mjs","enabled":true,"pid":52242,"status":"complete","reason":null,"preImport":{"version":1,"phase":"pre-import","sequence":0,"entryFile":"/Users/yuanxi/Workwork/vibe-fs/requirements/js-semantic-surface/tests/003.test.mjs","pid":52242,"parentPid":52239,"monotonicMs":27.446042,"cpuUserMicros":29315,"cpuSystemMicros":7176},"exit":{"version":1,"phase":"exit","sequence":1,"entryFile":"/Users/yuanxi/Workwork/vibe-fs/requirements/js-semantic-surface/tests/003.test.mjs","pid":52242,"parentPid":52239,"monotonicMs":1988.605917,"cpuUserMicros":1862009,"cpuSystemMicros":250538,"exitCode":0},"interval":{"clockPid":52242,"wallMs":1961.159875,"cpuUserMicros":1832694,"cpuSystemMicros":243362}}
js-boundary-gate: OK — 0 debt line(s) across 0 file(s)
[verification-test-start] {"pid":52241,"parentPid":52239,"entryFile":"/Users/yuanxi/Workwork/vibe-fs/requirements/js-semantic-surface/tests/002.test.mjs","name":"WHAT[js-semantic-surface-002] the same gate accepts a registered public import and rejects an internal module","fullName":"WHAT[js-semantic-surface-002] the same gate accepts a registered public import and rejects an internal module"}
js-boundary-gate: OK — 0 debt line(s) across 0 file(s)
js-boundary-gate: 1 violation(s) across 1 file(s)
  ../../../../var/folders/g_/3ydzn7kx5lg9ylq8fd9p_13r0000gn/T/js-surface-p6bEoV/requirements/consumer/tests/support/api.mjs:1 [deep-dist-import] import * as api from '../../../../dist/Internal/Unregistered.js'
[verification-test-start] {"pid":52241,"parentPid":52239,"entryFile":"/Users/yuanxi/Workwork/vibe-fs/requirements/js-semantic-surface/tests/002.test.mjs","name":"WHAT[js-semantic-surface-002] module discovery, generated-name probing and runtime representation access are detected","fullName":"WHAT[js-semantic-surface-002] module discovery, generated-name probing and runtime representation access are detected"}
[verification-test-start] {"pid":52241,"parentPid":52239,"entryFile":"/Users/yuanxi/Workwork/vibe-fs/requirements/js-semantic-surface/tests/002.test.mjs","name":"WHAT[js-semantic-surface-002] a template that chooses an unregistered compiled module is detected","fullName":"WHAT[js-semantic-surface-002] a template that chooses an unregistered compiled module is detected"}
[verification-test-start] {"pid":52241,"parentPid":52239,"entryFile":"/Users/yuanxi/Workwork/vibe-fs/requirements/js-semantic-surface/tests/002.test.mjs","name":"WHAT[js-semantic-surface-002] ordinary data enumeration and standard function binding remain legal","fullName":"WHAT[js-semantic-surface-002] ordinary data enumeration and standard function binding remain legal"}
[verification-test-start] {"pid":52241,"parentPid":52239,"entryFile":"/Users/yuanxi/Workwork/vibe-fs/requirements/js-semantic-surface/tests/002.test.mjs","name":"WHAT[js-semantic-surface-002] native fixture fields and standard object spread are not runtime representation access","fullName":"WHAT[js-semantic-surface-002] native fixture fields and standard object spread are not runtime representation access"}
[verification-test-start] {"pid":52241,"parentPid":52239,"entryFile":"/Users/yuanxi/Workwork/vibe-fs/requirements/js-semantic-surface/tests/002.test.mjs","name":"WHAT[js-semantic-surface-002] accepts plain DTO through the actual gate","fullName":"WHAT[js-semantic-surface-002] native fixture fields and standard object spread are not runtime representation access > WHAT[js-semantic-surface-002] accepts plain DTO through the actual gate"}
js-boundary-gate: OK — 0 debt line(s) across 0 file(s)
[verification-test-start] {"pid":52241,"parentPid":52239,"entryFile":"/Users/yuanxi/Workwork/vibe-fs/requirements/js-semantic-surface/tests/002.test.mjs","name":"WHAT[js-semantic-surface-002] accepts object spread through the actual gate","fullName":"WHAT[js-semantic-surface-002] native fixture fields and standard object spread are not runtime representation access > WHAT[js-semantic-surface-002] accepts object spread through the actual gate"}
js-boundary-gate: OK — 0 debt line(s) across 0 file(s)
[verification-test-start] {"pid":52241,"parentPid":52239,"entryFile":"/Users/yuanxi/Workwork/vibe-fs/requirements/js-semantic-surface/tests/002.test.mjs","name":"WHAT[js-semantic-surface-002] accepts static fixture loop through the actual gate","fullName":"WHAT[js-semantic-surface-002] native fixture fields and standard object spread are not runtime representation access > WHAT[js-semantic-surface-002] accepts static fixture loop through the actual gate"}
js-boundary-gate: OK — 0 debt line(s) across 0 file(s)
[verification-test-start] {"pid":52241,"parentPid":52239,"entryFile":"/Users/yuanxi/Workwork/vibe-fs/requirements/js-semantic-surface/tests/002.test.mjs","name":"WHAT[js-semantic-surface-002] imported runtime and unproved fields receivers remain forbidden","fullName":"WHAT[js-semantic-surface-002] imported runtime and unproved fields receivers remain forbidden"}
[verification-test-start] {"pid":52241,"parentPid":52239,"entryFile":"/Users/yuanxi/Workwork/vibe-fs/requirements/js-semantic-surface/tests/002.test.mjs","name":"WHAT[js-semantic-surface-002] rejects imported namespace at the representation boundary","fullName":"WHAT[js-semantic-surface-002] imported runtime and unproved fields receivers remain forbidden > WHAT[js-semantic-surface-002] rejects imported namespace at the representation boundary"}
js-boundary-gate: 1 violation(s) across 1 file(s)
  ../../../../var/folders/g_/3ydzn7kx5lg9ylq8fd9p_13r0000gn/T/js-surface-3SoIFf/requirements/consumer/tests/001.test.mjs:3 [du-shape] export const value = api.fields
[verification-test-start] {"pid":52241,"parentPid":52239,"entryFile":"/Users/yuanxi/Workwork/vibe-fs/requirements/js-semantic-surface/tests/002.test.mjs","name":"WHAT[js-semantic-surface-002] rejects imported result at the representation boundary","fullName":"WHAT[js-semantic-surface-002] imported runtime and unproved fields receivers remain forbidden > WHAT[js-semantic-surface-002] rejects imported result at the representation boundary"}
js-boundary-gate: 1 violation(s) across 1 file(s)
  ../../../../var/folders/g_/3ydzn7kx5lg9ylq8fd9p_13r0000gn/T/js-surface-FmYlId/requirements/consumer/tests/001.test.mjs:4 [du-shape] export const value = data.fields
[verification-test-start] {"pid":52241,"parentPid":52239,"entryFile":"/Users/yuanxi/Workwork/vibe-fs/requirements/js-semantic-surface/tests/002.test.mjs","name":"WHAT[js-semantic-surface-002] rejects unknown parameter at the representation boundary","fullName":"WHAT[js-semantic-surface-002] imported runtime and unproved fields receivers remain forbidden > WHAT[js-semantic-surface-002] rejects unknown parameter at the representation boundary"}
js-boundary-gate: 1 violation(s) across 1 file(s)
  ../../../../var/folders/g_/3ydzn7kx5lg9ylq8fd9p_13r0000gn/T/js-surface-wXP0cM/requirements/consumer/tests/001.test.mjs:1 [du-shape] export const read = value => value.fields
[verification-test-start] {"pid":52241,"parentPid":52239,"entryFile":"/Users/yuanxi/Workwork/vibe-fs/requirements/js-semantic-surface/tests/002.test.mjs","name":"WHAT[js-semantic-surface-002] rejects shadowed native name at the representation boundary","fullName":"WHAT[js-semantic-surface-002] imported runtime and unproved fields receivers remain forbidden > WHAT[js-semantic-surface-002] rejects shadowed native name at the representation boundary"}
js-boundary-gate: 1 violation(s) across 1 file(s)
  ../../../../var/folders/g_/3ydzn7kx5lg9ylq8fd9p_13r0000gn/T/js-surface-XGMB1g/requirements/consumer/tests/001.test.mjs:2 [du-shape] export function read(data) { return data.fields }
[verification-test-start] {"pid":52241,"parentPid":52239,"entryFile":"/Users/yuanxi/Workwork/vibe-fs/requirements/js-semantic-surface/tests/002.test.mjs","name":"WHAT[js-semantic-surface-002] rejects mixed fixture array at the representation boundary","fullName":"WHAT[js-semantic-surface-002] imported runtime and unproved fields receivers remain forbidden > WHAT[js-semantic-surface-002] rejects mixed fixture array at the representation boundary"}
js-boundary-gate: 1 violation(s) across 1 file(s)
  ../../../../var/folders/g_/3ydzn7kx5lg9ylq8fd9p_13r0000gn/T/js-surface-f1gRsd/requirements/consumer/tests/001.test.mjs:4 [du-shape] for (const scenario of scenarios) console.log(scenario.fields)
[verification-test-start] {"pid":52241,"parentPid":52239,"entryFile":"/Users/yuanxi/Workwork/vibe-fs/requirements/js-semantic-surface/tests/002.test.mjs","name":"WHAT[js-semantic-surface-002] rejects mutated fixture array at the representation boundary","fullName":"WHAT[js-semantic-surface-002] imported runtime and unproved fields receivers remain forbidden > WHAT[js-semantic-surface-002] rejects mutated fixture array at the representation boundary"}
js-boundary-gate: 1 violation(s) across 1 file(s)
  ../../../../var/folders/g_/3ydzn7kx5lg9ylq8fd9p_13r0000gn/T/js-surface-o9coo2/requirements/consumer/tests/001.test.mjs:5 [du-shape] for (const scenario of scenarios) console.log(scenario.fields)
[verification-test-start] {"pid":52241,"parentPid":52239,"entryFile":"/Users/yuanxi/Workwork/vibe-fs/requirements/js-semantic-surface/tests/002.test.mjs","name":"WHAT[js-semantic-surface-002] rejects aliased runtime insertion at the representation boundary","fullName":"WHAT[js-semantic-surface-002] imported runtime and unproved fields receivers remain forbidden > WHAT[js-semantic-surface-002] rejects aliased runtime insertion at the representation boundary"}
js-boundary-gate: 1 violation(s) across 1 file(s)
  ../../../../var/folders/g_/3ydzn7kx5lg9ylq8fd9p_13r0000gn/T/js-surface-ld8jX4/requirements/consumer/tests/001.test.mjs:6 [du-shape] for (const scenario of scenarios) console.log(scenario.fields)
[verification-test-start] {"pid":52241,"parentPid":52239,"entryFile":"/Users/yuanxi/Workwork/vibe-fs/requirements/js-semantic-surface/tests/002.test.mjs","name":"WHAT[js-semantic-surface-002] rejects assigned alias runtime insertion at the representation boundary","fullName":"WHAT[js-semantic-surface-002] imported runtime and unproved fields receivers remain forbidden > WHAT[js-semantic-surface-002] rejects assigned alias runtime insertion at the representation boundary"}
js-boundary-gate: 1 violation(s) across 1 file(s)
  ../../../../var/folders/g_/3ydzn7kx5lg9ylq8fd9p_13r0000gn/T/js-surface-2Phuqv/requirements/consumer/tests/001.test.mjs:7 [du-shape] for (const scenario of scenarios) console.log(scenario.fields)
[verification-test-start] {"pid":52241,"parentPid":52239,"entryFile":"/Users/yuanxi/Workwork/vibe-fs/requirements/js-semantic-surface/tests/002.test.mjs","name":"WHAT[js-semantic-surface-002] rejects implicit return alias runtime insertion at the representation boundary","fullName":"WHAT[js-semantic-surface-002] imported runtime and unproved fields receivers remain forbidden > WHAT[js-semantic-surface-002] rejects implicit return alias runtime insertion at the representation boundary"}
js-boundary-gate: 1 violation(s) across 1 file(s)
  ../../../../var/folders/g_/3ydzn7kx5lg9ylq8fd9p_13r0000gn/T/js-surface-MBayl0/requirements/consumer/tests/001.test.mjs:7 [du-shape] for (const scenario of scenarios) console.log(scenario.fields)
[verification-test-start] {"pid":52241,"parentPid":52239,"entryFile":"/Users/yuanxi/Workwork/vibe-fs/requirements/js-semantic-surface/tests/002.test.mjs","name":"WHAT[js-semantic-surface-002] rejects escaped fixture container at the representation boundary","fullName":"WHAT[js-semantic-surface-002] imported runtime and unproved fields receivers remain forbidden > WHAT[js-semantic-surface-002] rejects escaped fixture container at the representation boundary"}
js-boundary-gate: 1 violation(s) across 1 file(s)
  ../../../../var/folders/g_/3ydzn7kx5lg9ylq8fd9p_13r0000gn/T/js-surface-AE6Icm/requirements/consumer/tests/001.test.mjs:5 [du-shape] for (const scenario of scenarios) console.log(scenario.fields)
[verification-test-start] {"pid":52241,"parentPid":52239,"entryFile":"/Users/yuanxi/Workwork/vibe-fs/requirements/js-semantic-surface/tests/002.test.mjs","name":"WHAT[js-semantic-surface-002] rejects computed runtime access at the representation boundary","fullName":"WHAT[js-semantic-surface-002] imported runtime and unproved fields receivers remain forbidden > WHAT[js-semantic-surface-002] rejects computed runtime access at the representation boundary"}
js-boundary-gate: 1 violation(s) across 1 file(s)
  ../../../../var/folders/g_/3ydzn7kx5lg9ylq8fd9p_13r0000gn/T/js-surface-SLuBg1/requirements/consumer/tests/001.test.mjs:4 [du-shape] export const value = data["fields"]
[verification-worker-cost] {"version":1,"phase":"exit","sequence":1,"entryFile":"/Users/yuanxi/Workwork/vibe-fs/requirements/js-semantic-surface/tests/002.test.mjs","pid":52241,"parentPid":52239,"monotonicMs":2534.892167,"cpuUserMicros":2570999,"cpuSystemMicros":142964,"exitCode":0}
runner: file lifecycle {"entryFile":"/Users/yuanxi/Workwork/vibe-fs/requirements/js-semantic-surface/tests/002.test.mjs","type":"runner:file-drained","elapsedMs":2589.3445}
runner: worker cost {"version":1,"entryFile":"/Users/yuanxi/Workwork/vibe-fs/requirements/js-semantic-surface/tests/002.test.mjs","enabled":true,"pid":52241,"status":"complete","reason":null,"preImport":{"version":1,"phase":"pre-import","sequence":0,"entryFile":"/Users/yuanxi/Workwork/vibe-fs/requirements/js-semantic-surface/tests/002.test.mjs","pid":52241,"parentPid":52239,"monotonicMs":25.766083,"cpuUserMicros":27950,"cpuSystemMicros":6483},"exit":{"version":1,"phase":"exit","sequence":1,"entryFile":"/Users/yuanxi/Workwork/vibe-fs/requirements/js-semantic-surface/tests/002.test.mjs","pid":52241,"parentPid":52239,"monotonicMs":2534.892167,"cpuUserMicros":2570999,"cpuSystemMicros":142964,"exitCode":0},"interval":{"clockPid":52241,"wallMs":2509.126084,"cpuUserMicros":2543049,"cpuSystemMicros":136481}}
[verification-test-start] {"pid":52245,"parentPid":52239,"entryFile":"/Users/yuanxi/Workwork/vibe-fs/requirements/js-semantic-surface/tests/006.test.mjs","name":"WHAT[js-semantic-surface-006] a closed graph supports named, default, namespace and re-exported values","fullName":"WHAT[js-semantic-surface-006] a closed graph supports named, default, namespace and re-exported values"}
js-module-linkage: OK — 3 emitted modules linked and loaded
[verification-test-start] {"pid":52245,"parentPid":52239,"entryFile":"/Users/yuanxi/Workwork/vibe-fs/requirements/js-semantic-surface/tests/006.test.mjs","name":"WHAT[js-semantic-surface-006] missing modules, missing exports and invalid emitted syntax fail","fullName":"WHAT[js-semantic-surface-006] missing modules, missing exports and invalid emitted syntax fail"}
js-module-linkage: FAILED — 2 violation(s)
  consumer.js: failed to load emitted module: Unexpected token '='
  consumer.js: invalid emitted ESM: <source>: Unexpected token (1:13)
[verification-test-start] {"pid":52245,"parentPid":52239,"entryFile":"/Users/yuanxi/Workwork/vibe-fs/requirements/js-semantic-surface/tests/006.test.mjs","name":"WHAT[js-semantic-surface-006] static imports, re-exports and deferred literal imports cannot escape the package","fullName":"WHAT[js-semantic-surface-006] static imports, re-exports and deferred literal imports cannot escape the package"}
[verification-test-start] {"pid":52245,"parentPid":52239,"entryFile":"/Users/yuanxi/Workwork/vibe-fs/requirements/js-semantic-surface/tests/006.test.mjs","name":"WHAT[js-semantic-surface-006] uncalled literal imports and re-exported names are still linked","fullName":"WHAT[js-semantic-surface-006] uncalled literal imports and re-exported names are still linked"}
[verification-test-start] {"pid":52245,"parentPid":52239,"entryFile":"/Users/yuanxi/Workwork/vibe-fs/requirements/js-semantic-surface/tests/006.test.mjs","name":"WHAT[js-semantic-surface-006] linking uses the actual ESM path without inventing a file extension","fullName":"WHAT[js-semantic-surface-006] linking uses the actual ESM path without inventing a file extension"}
[verification-test-start] {"pid":52245,"parentPid":52239,"entryFile":"/Users/yuanxi/Workwork/vibe-fs/requirements/js-semantic-surface/tests/006.test.mjs","name":"WHAT[js-semantic-surface-006] loadability failure blocks the gate even when static linkage succeeds","fullName":"WHAT[js-semantic-surface-006] loadability failure blocks the gate even when static linkage succeeds"}
js-module-linkage: FAILED — 1 violation(s)
  broken.js: failed to load emitted module: initialization failed
[verification-worker-cost] {"version":1,"phase":"exit","sequence":1,"entryFile":"/Users/yuanxi/Workwork/vibe-fs/requirements/js-semantic-surface/tests/006.test.mjs","pid":52245,"parentPid":52239,"monotonicMs":2946.989125,"cpuUserMicros":3040146,"cpuSystemMicros":336421,"exitCode":0}
runner: file lifecycle {"entryFile":"/Users/yuanxi/Workwork/vibe-fs/requirements/js-semantic-surface/tests/006.test.mjs","type":"runner:file-drained","elapsedMs":3021.0628749999996}
runner: worker cost {"version":1,"entryFile":"/Users/yuanxi/Workwork/vibe-fs/requirements/js-semantic-surface/tests/006.test.mjs","enabled":true,"pid":52245,"status":"complete","reason":null,"preImport":{"version":1,"phase":"pre-import","sequence":0,"entryFile":"/Users/yuanxi/Workwork/vibe-fs/requirements/js-semantic-surface/tests/006.test.mjs","pid":52245,"parentPid":52239,"monotonicMs":25.616625,"cpuUserMicros":27963,"cpuSystemMicros":7274},"exit":{"version":1,"phase":"exit","sequence":1,"entryFile":"/Users/yuanxi/Workwork/vibe-fs/requirements/js-semantic-surface/tests/006.test.mjs","pid":52245,"parentPid":52239,"monotonicMs":2946.989125,"cpuUserMicros":3040146,"cpuSystemMicros":336421,"exitCode":0},"interval":{"clockPid":52245,"wallMs":2921.3725,"cpuUserMicros":3012183,"cpuSystemMicros":329147}}

[test-summary] 7 file(s), 56 passed, 0 failed, 2 todo (2.99s wall, 7.57s test time)
  todo: /Users/yuanxi/Workwork/vibe-fs/requirements/js-semantic-surface/tests/006.test.mjs:WHAT[js-semantic-surface-006] non-compiler physical probes do not import unregistered internal modules — 03-D2: existing Host exit probes bypass the public surface; retain their physical proof pending the boundary decision
  todo: /Users/yuanxi/Workwork/vibe-fs/requirements/js-semantic-surface/tests/001.test.mjs:WHAT[js-semantic-surface-001] imported test support satisfies the required .mjs suffix — 03-D1: existing .js support conflicts with the current .mjs-only rule; decide the rule before migration
runner: post-exit group verification/reclamation: pid=52239; elapsedMs=19.012; accepted=true
runner: 58 test(s), 7.6s of test time; max 2842ms, p90 31ms, median 2ms
runner:    2842ms  WHAT[js-semantic-surface-006] the complete emitted graph links and its production modules load
runner:    2462ms  WHAT[js-semantic-surface-002] the current semantic zone passes the implemented boundary gate
runner:    1866ms  WHAT[js-semantic-surface-003] current registrations have real owners, compiled sources, outputs and imports
runner:      72ms  WHAT[js-semantic-surface-001] imported test support satisfies the required .mjs suffix
runner:      43ms  WHAT[js-semantic-surface-006] non-compiler physical probes do not import unregistered internal modules

runner: 56 passed, 0 failed; 7/7 planned file(s) completed
runner: partial evidence; 0 skipped, 2 TODO; excluded cases are not passes
runner: pending proof prevents complete acceptance
Error: runner: supervised suite failed (exit 1)
    at fail (file:///Users/yuanxi/Workwork/vibe-fs/requirements/verification-system/tests/e2e/support/supervise-node-test.mjs:258:25)
    at superviseOwnedNodeTest (file:///Users/yuanxi/Workwork/vibe-fs/requirements/verification-system/tests/e2e/support/supervise-node-test.mjs:541:5)
    at process.processTicksAndRejections (node:internal/process/task_queues:103:5)
    at async superviseNodeTest (file:///Users/yuanxi/Workwork/vibe-fs/requirements/verification-system/tests/e2e/support/supervise-node-test.mjs:235:14)
    at async file:///Users/yuanxi/Workwork/vibe-fs/requirements/verification-system/tests/run.mjs:94:1 {
  exitCode: 1,
  [cause]: undefined
}
