TAP version 13
# js-boundary-gate: OK — 0 debt line(s) across 0 file(s)
# js-boundary-gate: OK — 0 debt line(s) across 0 file(s)
# js-boundary-gate: 1 violation(s) across 1 file(s)
#   ../../../../var/folders/g_/3ydzn7kx5lg9ylq8fd9p_13r0000gn/T/js-surface-xvUs2r/requirements/consumer/tests/support/api.mjs:1 [deep-dist-import] import * as api from '../../../../dist/Internal/Unregistered.js'
# js-boundary-gate: OK — 0 debt line(s) across 0 file(s)
# js-boundary-gate: OK — 0 debt line(s) across 0 file(s)
# js-boundary-gate: OK — 0 debt line(s) across 0 file(s)
# js-boundary-gate: 1 violation(s) across 1 file(s)
#   ../../../../var/folders/g_/3ydzn7kx5lg9ylq8fd9p_13r0000gn/T/js-surface-04Qz6f/requirements/consumer/tests/001.test.mjs:3 [du-shape] export const value = api.fields
# js-boundary-gate: 1 violation(s) across 1 file(s)
#   ../../../../var/folders/g_/3ydzn7kx5lg9ylq8fd9p_13r0000gn/T/js-surface-Gu3Oa4/requirements/consumer/tests/001.test.mjs:4 [du-shape] export const value = data.fields
# js-boundary-gate: 1 violation(s) across 1 file(s)
#   ../../../../var/folders/g_/3ydzn7kx5lg9ylq8fd9p_13r0000gn/T/js-surface-akHy6e/requirements/consumer/tests/001.test.mjs:1 [du-shape] export const read = value => value.fields
# js-boundary-gate: 1 violation(s) across 1 file(s)
#   ../../../../var/folders/g_/3ydzn7kx5lg9ylq8fd9p_13r0000gn/T/js-surface-49y0aG/requirements/consumer/tests/001.test.mjs:2 [du-shape] export function read(data) { return data.fields }
# js-boundary-gate: 1 violation(s) across 1 file(s)
#   ../../../../var/folders/g_/3ydzn7kx5lg9ylq8fd9p_13r0000gn/T/js-surface-kt4CeR/requirements/consumer/tests/001.test.mjs:4 [du-shape] for (const scenario of scenarios) console.log(scenario.fields)
# js-boundary-gate: 1 violation(s) across 1 file(s)
#   ../../../../var/folders/g_/3ydzn7kx5lg9ylq8fd9p_13r0000gn/T/js-surface-wsSTUP/requirements/consumer/tests/001.test.mjs:5 [du-shape] for (const scenario of scenarios) console.log(scenario.fields)
# js-boundary-gate: 1 violation(s) across 1 file(s)
#   ../../../../var/folders/g_/3ydzn7kx5lg9ylq8fd9p_13r0000gn/T/js-surface-Vgef56/requirements/consumer/tests/001.test.mjs:6 [du-shape] for (const scenario of scenarios) console.log(scenario.fields)
# js-boundary-gate: 1 violation(s) across 1 file(s)
#   ../../../../var/folders/g_/3ydzn7kx5lg9ylq8fd9p_13r0000gn/T/js-surface-yXeBdR/requirements/consumer/tests/001.test.mjs:7 [du-shape] for (const scenario of scenarios) console.log(scenario.fields)
# js-boundary-gate: 1 violation(s) across 1 file(s)
#   ../../../../var/folders/g_/3ydzn7kx5lg9ylq8fd9p_13r0000gn/T/js-surface-wroDtj/requirements/consumer/tests/001.test.mjs:7 [du-shape] for (const scenario of scenarios) console.log(scenario.fields)
# js-boundary-gate: 1 violation(s) across 1 file(s)
#   ../../../../var/folders/g_/3ydzn7kx5lg9ylq8fd9p_13r0000gn/T/js-surface-XGb5VL/requirements/consumer/tests/001.test.mjs:5 [du-shape] for (const scenario of scenarios) console.log(scenario.fields)
# js-boundary-gate: 1 violation(s) across 1 file(s)
#   ../../../../var/folders/g_/3ydzn7kx5lg9ylq8fd9p_13r0000gn/T/js-surface-xd1wYX/requirements/consumer/tests/001.test.mjs:4 [du-shape] export const value = data["fields"]
# Subtest: WHAT[js-semantic-surface-002] the current semantic zone passes the implemented boundary gate
ok 1 - WHAT[js-semantic-surface-002] the current semantic zone passes the implemented boundary gate
  ---
  duration_ms: 1453.708333
  type: 'test'
  ...
# Subtest: WHAT[js-semantic-surface-002] the same gate accepts a registered public import and rejects an internal module
ok 2 - WHAT[js-semantic-surface-002] the same gate accepts a registered public import and rejects an internal module
  ---
  duration_ms: 2.697958
  type: 'test'
  ...
# Subtest: WHAT[js-semantic-surface-002] module discovery, generated-name probing and runtime representation access are detected
ok 3 - WHAT[js-semantic-surface-002] module discovery, generated-name probing and runtime representation access are detected
  ---
  duration_ms: 1.336
  type: 'test'
  ...
# Subtest: WHAT[js-semantic-surface-002] a template that chooses an unregistered compiled module is detected
ok 4 - WHAT[js-semantic-surface-002] a template that chooses an unregistered compiled module is detected
  ---
  duration_ms: 1.216375
  type: 'test'
  ...
# Subtest: WHAT[js-semantic-surface-002] ordinary data enumeration and standard function binding remain legal
ok 5 - WHAT[js-semantic-surface-002] ordinary data enumeration and standard function binding remain legal
  ---
  duration_ms: 2.220834
  type: 'test'
  ...
# Subtest: WHAT[js-semantic-surface-002] native fixture fields and standard object spread are not runtime representation access
    # Subtest: WHAT[js-semantic-surface-002] accepts plain DTO through the actual gate
    ok 1 - WHAT[js-semantic-surface-002] accepts plain DTO through the actual gate
      ---
      duration_ms: 2.171541
      type: 'test'
      ...
    # Subtest: WHAT[js-semantic-surface-002] accepts object spread through the actual gate
    ok 2 - WHAT[js-semantic-surface-002] accepts object spread through the actual gate
      ---
      duration_ms: 1.104167
      type: 'test'
      ...
    # Subtest: WHAT[js-semantic-surface-002] accepts static fixture loop through the actual gate
    ok 3 - WHAT[js-semantic-surface-002] accepts static fixture loop through the actual gate
      ---
      duration_ms: 1.259875
      type: 'test'
      ...
    1..3
ok 6 - WHAT[js-semantic-surface-002] native fixture fields and standard object spread are not runtime representation access
  ---
  duration_ms: 5.023875
  type: 'test'
  ...
# Subtest: WHAT[js-semantic-surface-002] imported runtime and unproved fields receivers remain forbidden
    # Subtest: WHAT[js-semantic-surface-002] rejects imported namespace at the representation boundary
    ok 1 - WHAT[js-semantic-surface-002] rejects imported namespace at the representation boundary
      ---
      duration_ms: 1.318833
      type: 'test'
      ...
    # Subtest: WHAT[js-semantic-surface-002] rejects imported result at the representation boundary
    ok 2 - WHAT[js-semantic-surface-002] rejects imported result at the representation boundary
      ---
      duration_ms: 1.204541
      type: 'test'
      ...
    # Subtest: WHAT[js-semantic-surface-002] rejects unknown parameter at the representation boundary
    ok 3 - WHAT[js-semantic-surface-002] rejects unknown parameter at the representation boundary
      ---
      duration_ms: 1.1705
      type: 'test'
      ...
    # Subtest: WHAT[js-semantic-surface-002] rejects shadowed native name at the representation boundary
    ok 4 - WHAT[js-semantic-surface-002] rejects shadowed native name at the representation boundary
      ---
      duration_ms: 1.09275
      type: 'test'
      ...
    # Subtest: WHAT[js-semantic-surface-002] rejects mixed fixture array at the representation boundary
    ok 5 - WHAT[js-semantic-surface-002] rejects mixed fixture array at the representation boundary
      ---
      duration_ms: 1.153458
      type: 'test'
      ...
    # Subtest: WHAT[js-semantic-surface-002] rejects mutated fixture array at the representation boundary
    ok 6 - WHAT[js-semantic-surface-002] rejects mutated fixture array at the representation boundary
      ---
      duration_ms: 1.143958
      type: 'test'
      ...
    # Subtest: WHAT[js-semantic-surface-002] rejects aliased runtime insertion at the representation boundary
    ok 7 - WHAT[js-semantic-surface-002] rejects aliased runtime insertion at the representation boundary
      ---
      duration_ms: 1.154583
      type: 'test'
      ...
    # Subtest: WHAT[js-semantic-surface-002] rejects assigned alias runtime insertion at the representation boundary
    ok 8 - WHAT[js-semantic-surface-002] rejects assigned alias runtime insertion at the representation boundary
      ---
      duration_ms: 1.138292
      type: 'test'
      ...
    # Subtest: WHAT[js-semantic-surface-002] rejects implicit return alias runtime insertion at the representation boundary
    ok 9 - WHAT[js-semantic-surface-002] rejects implicit return alias runtime insertion at the representation boundary
      ---
      duration_ms: 1.195667
      type: 'test'
      ...
    # Subtest: WHAT[js-semantic-surface-002] rejects escaped fixture container at the representation boundary
    ok 10 - WHAT[js-semantic-surface-002] rejects escaped fixture container at the representation boundary
      ---
      duration_ms: 1.519708
      type: 'test'
      ...
    # Subtest: WHAT[js-semantic-surface-002] rejects computed runtime access at the representation boundary
    ok 11 - WHAT[js-semantic-surface-002] rejects computed runtime access at the representation boundary
      ---
      duration_ms: 1.053667
      type: 'test'
      ...
    1..11
ok 7 - WHAT[js-semantic-surface-002] imported runtime and unproved fields receivers remain forbidden
  ---
  duration_ms: 13.594292
  type: 'test'
  ...
1..7
# tests 21
# suites 0
# pass 21
# fail 0
# cancelled 0
# skipped 0
# todo 0
# duration_ms 1558.340291
