TAP version 13
# js-boundary-gate: 1 violation(s) across 1 file(s)
#   ../../../../var/folders/g_/3ydzn7kx5lg9ylq8fd9p_13r0000gn/T/js-surface-qgPNty/requirements/consumer/tests/001.test.mjs:3 [du-shape] export const value = api.fields
# js-boundary-gate: 1 violation(s) across 1 file(s)
#   ../../../../var/folders/g_/3ydzn7kx5lg9ylq8fd9p_13r0000gn/T/js-surface-dv7xQc/requirements/consumer/tests/001.test.mjs:4 [du-shape] export const value = data.fields
# js-boundary-gate: 1 violation(s) across 1 file(s)
#   ../../../../var/folders/g_/3ydzn7kx5lg9ylq8fd9p_13r0000gn/T/js-surface-9F0uvV/requirements/consumer/tests/001.test.mjs:1 [du-shape] export const read = value => value.fields
# js-boundary-gate: 1 violation(s) across 1 file(s)
#   ../../../../var/folders/g_/3ydzn7kx5lg9ylq8fd9p_13r0000gn/T/js-surface-q59DPU/requirements/consumer/tests/001.test.mjs:2 [du-shape] export function read(data) { return data.fields }
# js-boundary-gate: 1 violation(s) across 1 file(s)
#   ../../../../var/folders/g_/3ydzn7kx5lg9ylq8fd9p_13r0000gn/T/js-surface-btT5bd/requirements/consumer/tests/001.test.mjs:4 [du-shape] for (const scenario of scenarios) console.log(scenario.fields)
# js-boundary-gate: 1 violation(s) across 1 file(s)
#   ../../../../var/folders/g_/3ydzn7kx5lg9ylq8fd9p_13r0000gn/T/js-surface-op3DQo/requirements/consumer/tests/001.test.mjs:5 [du-shape] for (const scenario of scenarios) console.log(scenario.fields)
# js-boundary-gate: 1 violation(s) across 1 file(s)
#   ../../../../var/folders/g_/3ydzn7kx5lg9ylq8fd9p_13r0000gn/T/js-surface-1W8R2t/requirements/consumer/tests/001.test.mjs:6 [du-shape] for (const scenario of scenarios) console.log(scenario.fields)
# js-boundary-gate: OK — 0 debt line(s) across 0 file(s)
# js-boundary-gate: OK — 0 debt line(s) across 0 file(s)
# js-boundary-gate: 1 violation(s) across 1 file(s)
#   ../../../../var/folders/g_/3ydzn7kx5lg9ylq8fd9p_13r0000gn/T/js-surface-qDhBhd/requirements/consumer/tests/001.test.mjs:5 [du-shape] for (const scenario of scenarios) console.log(scenario.fields)
# js-boundary-gate: 1 violation(s) across 1 file(s)
#   ../../../../var/folders/g_/3ydzn7kx5lg9ylq8fd9p_13r0000gn/T/js-surface-yl4vqa/requirements/consumer/tests/001.test.mjs:4 [du-shape] export const value = data["fields"]
# Subtest: WHAT[js-semantic-surface-002] imported runtime and unproved fields receivers remain forbidden
    # Subtest: WHAT[js-semantic-surface-002] rejects imported namespace at the representation boundary
    ok 1 - WHAT[js-semantic-surface-002] rejects imported namespace at the representation boundary
      ---
      duration_ms: 12.138958
      type: 'test'
      ...
    # Subtest: WHAT[js-semantic-surface-002] rejects imported result at the representation boundary
    ok 2 - WHAT[js-semantic-surface-002] rejects imported result at the representation boundary
      ---
      duration_ms: 3.245041
      type: 'test'
      ...
    # Subtest: WHAT[js-semantic-surface-002] rejects unknown parameter at the representation boundary
    ok 3 - WHAT[js-semantic-surface-002] rejects unknown parameter at the representation boundary
      ---
      duration_ms: 2.1795
      type: 'test'
      ...
    # Subtest: WHAT[js-semantic-surface-002] rejects shadowed native name at the representation boundary
    ok 4 - WHAT[js-semantic-surface-002] rejects shadowed native name at the representation boundary
      ---
      duration_ms: 2.571875
      type: 'test'
      ...
    # Subtest: WHAT[js-semantic-surface-002] rejects mixed fixture array at the representation boundary
    ok 5 - WHAT[js-semantic-surface-002] rejects mixed fixture array at the representation boundary
      ---
      duration_ms: 3.262083
      type: 'test'
      ...
    # Subtest: WHAT[js-semantic-surface-002] rejects mutated fixture array at the representation boundary
    ok 6 - WHAT[js-semantic-surface-002] rejects mutated fixture array at the representation boundary
      ---
      duration_ms: 2.586667
      type: 'test'
      ...
    # Subtest: WHAT[js-semantic-surface-002] rejects aliased runtime insertion at the representation boundary
    ok 7 - WHAT[js-semantic-surface-002] rejects aliased runtime insertion at the representation boundary
      ---
      duration_ms: 2.28175
      type: 'test'
      ...
    # Subtest: WHAT[js-semantic-surface-002] rejects assigned alias runtime insertion at the representation boundary
    not ok 8 - WHAT[js-semantic-surface-002] rejects assigned alias runtime insertion at the representation boundary
      ---
      duration_ms: 2.77875
      type: 'test'
      location: '/Users/yuanxi/Workwork/vibe-fs/requirements/js-semantic-surface/tests/002.test.mjs:138:13'
      failureType: 'testCodeFailure'
      error: |-
        Expected values to be strictly deep-equal:
        + actual - expected
        
          {
        +   duShapeCount: 0,
        +   exitCode: 0
        -   duShapeCount: 1,
        -   exitCode: 1
          }
        
      code: 'ERR_ASSERTION'
      name: 'AssertionError'
      expected:
        duShapeCount: 1
        exitCode: 1
      actual:
        duShapeCount: 0
        exitCode: 0
      operator: 'deepStrictEqual'
      stack: |-
        TestContext.<anonymous> (file:///Users/yuanxi/Workwork/vibe-fs/requirements/js-semantic-surface/tests/002.test.mjs:142:14)
        Test.runInAsyncScope (node:async_hooks:214:14)
        Test.run (node:internal/test_runner/test:1047:25)
        Test.start (node:internal/test_runner/test:944:17)
        TestContext.test (node:internal/test_runner/test:373:20)
        TestContext.<anonymous> (file:///Users/yuanxi/Workwork/vibe-fs/requirements/js-semantic-surface/tests/002.test.mjs:138:13)
        async Test.run (node:internal/test_runner/test:1054:7)
        async startSubtestAfterBootstrap (node:internal/test_runner/harness:296:3)
      ...
    # Subtest: WHAT[js-semantic-surface-002] rejects implicit return alias runtime insertion at the representation boundary
    not ok 9 - WHAT[js-semantic-surface-002] rejects implicit return alias runtime insertion at the representation boundary
      ---
      duration_ms: 2.25625
      type: 'test'
      location: '/Users/yuanxi/Workwork/vibe-fs/requirements/js-semantic-surface/tests/002.test.mjs:138:13'
      failureType: 'testCodeFailure'
      error: |-
        Expected values to be strictly deep-equal:
        + actual - expected
        
          {
        +   duShapeCount: 0,
        +   exitCode: 0
        -   duShapeCount: 1,
        -   exitCode: 1
          }
        
      code: 'ERR_ASSERTION'
      name: 'AssertionError'
      expected:
        duShapeCount: 1
        exitCode: 1
      actual:
        duShapeCount: 0
        exitCode: 0
      operator: 'deepStrictEqual'
      stack: |-
        TestContext.<anonymous> (file:///Users/yuanxi/Workwork/vibe-fs/requirements/js-semantic-surface/tests/002.test.mjs:142:14)
        Test.runInAsyncScope (node:async_hooks:214:14)
        Test.run (node:internal/test_runner/test:1047:25)
        Test.start (node:internal/test_runner/test:944:17)
        TestContext.test (node:internal/test_runner/test:373:20)
        TestContext.<anonymous> (file:///Users/yuanxi/Workwork/vibe-fs/requirements/js-semantic-surface/tests/002.test.mjs:138:13)
        async Test.run (node:internal/test_runner/test:1054:7)
        async startSubtestAfterBootstrap (node:internal/test_runner/harness:296:3)
      ...
    # Subtest: WHAT[js-semantic-surface-002] rejects escaped fixture container at the representation boundary
    ok 10 - WHAT[js-semantic-surface-002] rejects escaped fixture container at the representation boundary
      ---
      duration_ms: 1.582167
      type: 'test'
      ...
    # Subtest: WHAT[js-semantic-surface-002] rejects computed runtime access at the representation boundary
    ok 11 - WHAT[js-semantic-surface-002] rejects computed runtime access at the representation boundary
      ---
      duration_ms: 1.498542
      type: 'test'
      ...
    1..11
not ok 1 - WHAT[js-semantic-surface-002] imported runtime and unproved fields receivers remain forbidden
  ---
  duration_ms: 37.839333
  type: 'test'
  location: '/Users/yuanxi/Workwork/vibe-fs/requirements/js-semantic-surface/tests/002.test.mjs:84:1'
  failureType: 'subtestsFailed'
  error: '2 subtests failed'
  code: 'ERR_TEST_FAILURE'
  ...
1..1
# tests 12
# suites 0
# pass 9
# fail 3
# cancelled 0
# skipped 0
# todo 0
# duration_ms 105.875667
