runner: scoped 使用 TESTS_MJS_FILES=4 files
runner: build is current (1796 sources, 883 artifacts)
runner: discovery OVERRIDDEN by TESTS_MJS_FILES (4 file(s))
runner: 4 test file(s), 5000ms verdict-silence window
runner: file lifecycle {"entryFile":"/Users/yuanxi/Workwork/vibe-fs/requirements/sphinx-v2/tests/006.test.mjs","pid":59743,"parentPid":59722,"type":"runner:file-start","elapsedMs":40.61870800000008}
runner: file lifecycle {"entryFile":"/Users/yuanxi/Workwork/vibe-fs/requirements/sphinx-v2/tests/007.test.mjs","pid":59743,"parentPid":59722,"type":"runner:file-start","elapsedMs":41.88191600000005}
runner: file lifecycle {"entryFile":"/Users/yuanxi/Workwork/vibe-fs/requirements/sphinx-v2/tests/019.test.mjs","pid":59743,"parentPid":59722,"type":"runner:file-start","elapsedMs":43.49633300000005}
runner: file lifecycle {"entryFile":"/Users/yuanxi/Workwork/vibe-fs/requirements/sphinx-v2/tests/021.test.mjs","pid":59743,"parentPid":59722,"type":"runner:file-start","elapsedMs":44.78595800000005}
[verification-worker-cost] {"version":1,"phase":"pre-import","sequence":0,"entryFile":"/Users/yuanxi/Workwork/vibe-fs/requirements/sphinx-v2/tests/007.test.mjs","pid":59745,"parentPid":59743,"monotonicMs":22.369916,"cpuUserMicros":25518,"cpuSystemMicros":6059}
[verification-worker-cost] {"version":1,"phase":"pre-import","sequence":0,"entryFile":"/Users/yuanxi/Workwork/vibe-fs/requirements/sphinx-v2/tests/006.test.mjs","pid":59744,"parentPid":59743,"monotonicMs":24.336541,"cpuUserMicros":27421,"cpuSystemMicros":6132}
[verification-worker-cost] {"version":1,"phase":"pre-import","sequence":0,"entryFile":"/Users/yuanxi/Workwork/vibe-fs/requirements/sphinx-v2/tests/021.test.mjs","pid":59747,"parentPid":59743,"monotonicMs":20.811375,"cpuUserMicros":25678,"cpuSystemMicros":5599}
[verification-worker-cost] {"version":1,"phase":"pre-import","sequence":0,"entryFile":"/Users/yuanxi/Workwork/vibe-fs/requirements/sphinx-v2/tests/019.test.mjs","pid":59746,"parentPid":59743,"monotonicMs":24.612542,"cpuUserMicros":29279,"cpuSystemMicros":6498}
[verification-test-start] {"pid":59747,"parentPid":59743,"entryFile":"/Users/yuanxi/Workwork/vibe-fs/requirements/sphinx-v2/tests/021.test.mjs","name":"WHAT[sphinx-v2-021] recovery classifies accepted observations for interpretation without buying another response","fullName":"WHAT[sphinx-v2-021] recovery classifies accepted observations for interpretation without buying another response"}
[verification-test-start] {"pid":59746,"parentPid":59743,"entryFile":"/Users/yuanxi/Workwork/vibe-fs/requirements/sphinx-v2/tests/019.test.mjs","name":"WHAT[sphinx-v2-019] an actual gen190 Pending seal retains its exact native state and bytes through canonical cold replay","fullName":"WHAT[sphinx-v2-019] an actual gen190 Pending seal retains its exact native state and bytes through canonical cold replay"}
[verification-test-start] {"pid":59745,"parentPid":59743,"entryFile":"/Users/yuanxi/Workwork/vibe-fs/requirements/sphinx-v2/tests/007.test.mjs","name":"WHAT[sphinx-v2-007] a fresh dispatch with a missing Some round refuses its whole batch without creating a placeholder","fullName":"WHAT[sphinx-v2-007] a fresh dispatch with a missing Some round refuses its whole batch without creating a placeholder"}
[verification-test-start] {"pid":59744,"parentPid":59743,"entryFile":"/Users/yuanxi/Workwork/vibe-fs/requirements/sphinx-v2/tests/006.test.mjs","name":"WHAT[sphinx-v2-006] pending interpretation exposes only its original logical provenance without an invented semantic outcome","fullName":"WHAT[sphinx-v2-006] pending interpretation exposes only its original logical provenance without an invented semantic outcome"}
[verification-test-start] {"pid":59747,"parentPid":59743,"entryFile":"/Users/yuanxi/Workwork/vibe-fs/requirements/sphinx-v2/tests/021.test.mjs","name":"WHAT[sphinx-v2-021] actual two-transaction recovery preserves accepted raw responses and retries only pure interpretation after plugin failure","fullName":"WHAT[sphinx-v2-021] actual two-transaction recovery preserves accepted raw responses and retries only pure interpretation after plugin failure"}
[verification-test-start] {"pid":59745,"parentPid":59743,"entryFile":"/Users/yuanxi/Workwork/vibe-fs/requirements/sphinx-v2/tests/007.test.mjs","name":"WHAT[sphinx-v2-007] an independent work with RoundId None records its intent without inventing a round and survives cold replay","fullName":"WHAT[sphinx-v2-007] an independent work with RoundId None records its intent without inventing a round and survives cold replay"}
[verification-test-start] {"pid":59746,"parentPid":59743,"entryFile":"/Users/yuanxi/Workwork/vibe-fs/requirements/sphinx-v2/tests/019.test.mjs","name":"WHAT[sphinx-v2-019] actual gen190 no-op Applied and Failed seals become explicit cuts while their original envelopes remain intact","fullName":"WHAT[sphinx-v2-019] actual gen190 no-op Applied and Failed seals become explicit cuts while their original envelopes remain intact"}
[verification-test-start] {"pid":59744,"parentPid":59743,"entryFile":"/Users/yuanxi/Workwork/vibe-fs/requirements/sphinx-v2/tests/006.test.mjs","name":"WHAT[sphinx-v2-006] an Applied delta remains an opaque recorded envelope rather than a Core epistemic or graph judgment","fullName":"WHAT[sphinx-v2-006] an Applied delta remains an opaque recorded envelope rather than a Core epistemic or graph judgment"}
[verification-test-start] {"pid":59747,"parentPid":59743,"entryFile":"/Users/yuanxi/Workwork/vibe-fs/requirements/sphinx-v2/tests/021.test.mjs","name":"WHAT[sphinx-v2-021] a second durable transaction records Applied and preserves the accepted raw response through cold replay","fullName":"WHAT[sphinx-v2-021] a second durable transaction records Applied and preserves the accepted raw response through cold replay"}
[verification-test-start] {"pid":59746,"parentPid":59743,"entryFile":"/Users/yuanxi/Workwork/vibe-fs/requirements/sphinx-v2/tests/019.test.mjs","name":"WHAT[sphinx-v2-019] cuts the old applied-noop complete post-state fingerprint","fullName":"WHAT[sphinx-v2-019] actual gen190 no-op Applied and Failed seals become explicit cuts while their original envelopes remain intact > WHAT[sphinx-v2-019] cuts the old applied-noop complete post-state fingerprint"}
[verification-test-start] {"pid":59745,"parentPid":59743,"entryFile":"/Users/yuanxi/Workwork/vibe-fs/requirements/sphinx-v2/tests/007.test.mjs","name":"WHAT[sphinx-v2-007] RoundOpened before DispatchRequested in the same atomic batch supplies the explicit round reference","fullName":"WHAT[sphinx-v2-007] RoundOpened before DispatchRequested in the same atomic batch supplies the explicit round reference"}
[verification-test-start] {"pid":59746,"parentPid":59743,"entryFile":"/Users/yuanxi/Workwork/vibe-fs/requirements/sphinx-v2/tests/019.test.mjs","name":"WHAT[sphinx-v2-019] cuts the old failed-noop complete post-state fingerprint","fullName":"WHAT[sphinx-v2-019] actual gen190 no-op Applied and Failed seals become explicit cuts while their original envelopes remain intact > WHAT[sphinx-v2-019] cuts the old failed-noop complete post-state fingerprint"}

✖ failing tests:

test at /Users/yuanxi/Workwork/vibe-fs/requirements/sphinx-v2/tests/019.test.mjs:50:13
✖ WHAT[sphinx-v2-019] cuts the old applied-noop complete post-state fingerprint (13.819ms)
  AssertionError [ERR_ASSERTION]: Expected values to be strictly equal:
  
  0 !== 1
  
      at file:///Users/yuanxi/Workwork/vibe-fs/requirements/sphinx-v2/tests/019.test.mjs:58:16
      at async withStore (file:///Users/yuanxi/Workwork/vibe-fs/requirements/sphinx-v2/tests/persistence-support.mjs:83:16)
      at async TestContext.<anonymous> (file:///Users/yuanxi/Workwork/vibe-fs/requirements/sphinx-v2/tests/019.test.mjs:54:7)
      at async Test.run (node:internal/test_runner/test:1054:7)
      at async TestContext.<anonymous> (file:///Users/yuanxi/Workwork/vibe-fs/requirements/sphinx-v2/tests/019.test.mjs:50:5)
      at async Test.run (node:internal/test_runner/test:1054:7)
      at async Test.processPendingSubtests (node:internal/test_runner/test:744:7)

[verification-test-start] {"pid":59744,"parentPid":59743,"entryFile":"/Users/yuanxi/Workwork/vibe-fs/requirements/sphinx-v2/tests/006.test.mjs","name":"WHAT[sphinx-v2-006] different opaque outcome contents remain distinguishable in complete and semantic state without Core interpretation","fullName":"WHAT[sphinx-v2-006] different opaque outcome contents remain distinguishable in complete and semantic state without Core interpretation"}
test at /Users/yuanxi/Workwork/vibe-fs/requirements/sphinx-v2/tests/006.test.mjs:30:1
✖ WHAT[sphinx-v2-006] an Applied delta remains an opaque recorded envelope rather than a Core epistemic or graph judgment (22.481ms)
  AssertionError [ERR_ASSERTION]: Expected values to be strictly deep-equal:
  + actual - expected
  
    {
      attempt: 1,
  +   interpretationId: null,
  -   delta: {
  -     canonicalPayload: '{"HypothesisTrue":"opaque plugin material","nodes":["node-never-created"]}',
  -     schema: {
  -       hash: 'a2c799262a3ce3c19ef5cdd983bf3d12b43ab3c426227091b909dcb7054738c0',
  -       id: 'response@2'
  -     }
  -   },
  -   interpretationId: 'interpretation-receipt',
      observationId: 'interpretation-observation',
  +   pluginRef: null,
  -   pluginRef: 'proof-plugin@original',
      reason: null,
  +   status: 'pending',
  -   status: 'applied',
      workId: 'interpretation-work'
    }
  
      at file:///Users/yuanxi/Workwork/vibe-fs/requirements/sphinx-v2/tests/006.test.mjs:38:12
      at async withStore (file:///Users/yuanxi/Workwork/vibe-fs/requirements/sphinx-v2/tests/persistence-support.mjs:83:16)
      at async TestContext.<anonymous> (file:///Users/yuanxi/Workwork/vibe-fs/requirements/sphinx-v2/tests/006.test.mjs:31:3)
      at async Test.run (node:internal/test_runner/test:1054:7)
      at async Test.processPendingSubtests (node:internal/test_runner/test:744:7)

[verification-test-start] {"pid":59744,"parentPid":59743,"entryFile":"/Users/yuanxi/Workwork/vibe-fs/requirements/sphinx-v2/tests/006.test.mjs","name":"WHAT[sphinx-v2-006] retains distinct Applied contents by identity","fullName":"WHAT[sphinx-v2-006] different opaque outcome contents remain distinguishable in complete and semantic state without Core interpretation > WHAT[sphinx-v2-006] retains distinct Applied contents by identity"}
[verification-test-start] {"pid":59747,"parentPid":59743,"entryFile":"/Users/yuanxi/Workwork/vibe-fs/requirements/sphinx-v2/tests/021.test.mjs","name":"WHAT[sphinx-v2-021] a durable Failed outcome stores its exact reason without losing the response or reopening the paid work","fullName":"WHAT[sphinx-v2-021] a durable Failed outcome stores its exact reason without losing the response or reopening the paid work"}
test at /Users/yuanxi/Workwork/vibe-fs/requirements/sphinx-v2/tests/021.test.mjs:22:1
✖ WHAT[sphinx-v2-021] a second durable transaction records Applied and preserves the accepted raw response through cold replay (37.379ms)
  AssertionError [ERR_ASSERTION]: Expected values to be strictly deep-equal:
  + actual - expected
  
    {
      attempt: 1,
  +   interpretationId: null,
  -   delta: {
  -     canonicalPayload: '{"interpretation":"原解释"}',
  -     schema: {
  -       hash: 'a2c799262a3ce3c19ef5cdd983bf3d12b43ab3c426227091b909dcb7054738c0',
  -       id: 'response@2'
  -     }
  -   },
  -   interpretationId: 'interpretation-receipt',
      observationId: 'interpretation-observation',
  +   pluginRef: null,
  -   pluginRef: 'proof-plugin@original',
      reason: null,
  +   status: 'pending',
  -   status: 'applied',
      workId: 'interpretation-work'
    }
  
      at file:///Users/yuanxi/Workwork/vibe-fs/requirements/sphinx-v2/tests/021.test.mjs:35:12
      at async withStore (file:///Users/yuanxi/Workwork/vibe-fs/requirements/sphinx-v2/tests/persistence-support.mjs:83:16)
      at async TestContext.<anonymous> (file:///Users/yuanxi/Workwork/vibe-fs/requirements/sphinx-v2/tests/021.test.mjs:23:3)
      at async Test.run (node:internal/test_runner/test:1054:7)
      at async Test.processPendingSubtests (node:internal/test_runner/test:744:7)

[verification-test-start] {"pid":59747,"parentPid":59743,"entryFile":"/Users/yuanxi/Workwork/vibe-fs/requirements/sphinx-v2/tests/021.test.mjs","name":"WHAT[sphinx-v2-021] exact Applied and Pending replays retain the original terminal interpretation","fullName":"WHAT[sphinx-v2-021] exact Applied and Pending replays retain the original terminal interpretation"}
test at /Users/yuanxi/Workwork/vibe-fs/requirements/sphinx-v2/tests/021.test.mjs:49:1
✖ WHAT[sphinx-v2-021] a durable Failed outcome stores its exact reason without losing the response or reopening the paid work (24.487ms)
  AssertionError [ERR_ASSERTION]: Expected values to be strictly deep-equal:
  + actual - expected
  
    {
      attempt: 1,
  +   interpretationId: null,
  -   interpretationId: 'interpretation-receipt',
      observationId: 'interpretation-observation',
  +   pluginRef: null,
  +   reason: null,
  +   status: 'pending',
  -   pluginRef: 'proof-plugin@original',
  -   reason: '插件失败\r\n原异常理由保留',
  -   status: 'failed',
      workId: 'interpretation-work'
    }
  
      at file:///Users/yuanxi/Workwork/vibe-fs/requirements/sphinx-v2/tests/021.test.mjs:56:12
      at async withStore (file:///Users/yuanxi/Workwork/vibe-fs/requirements/sphinx-v2/tests/persistence-support.mjs:83:16)
      at async TestContext.<anonymous> (file:///Users/yuanxi/Workwork/vibe-fs/requirements/sphinx-v2/tests/021.test.mjs:50:3)
      at async Test.run (node:internal/test_runner/test:1054:7)
      at async Test.processPendingSubtests (node:internal/test_runner/test:744:7)

[verification-test-start] {"pid":59745,"parentPid":59743,"entryFile":"/Users/yuanxi/Workwork/vibe-fs/requirements/sphinx-v2/tests/007.test.mjs","name":"WHAT[sphinx-v2-007] DispatchRequested before RoundOpened is refused without reordering or publishing any part of the batch","fullName":"WHAT[sphinx-v2-007] DispatchRequested before RoundOpened is refused without reordering or publishing any part of the batch"}
[verification-test-start] {"pid":59746,"parentPid":59743,"entryFile":"/Users/yuanxi/Workwork/vibe-fs/requirements/sphinx-v2/tests/019.test.mjs","name":"WHAT[sphinx-v2-019] previously sealed @2 creation and undispatched work retain their exact complete state through cold replay","fullName":"WHAT[sphinx-v2-019] previously sealed @2 creation and undispatched work retain their exact complete state through cold replay"}
test at /Users/yuanxi/Workwork/vibe-fs/requirements/sphinx-v2/tests/019.test.mjs:50:13
✖ WHAT[sphinx-v2-019] cuts the old failed-noop complete post-state fingerprint (18.834ms)
  AssertionError [ERR_ASSERTION]: Expected values to be strictly equal:
  
  0 !== 1
  
      at file:///Users/yuanxi/Workwork/vibe-fs/requirements/sphinx-v2/tests/019.test.mjs:58:16
      at async withStore (file:///Users/yuanxi/Workwork/vibe-fs/requirements/sphinx-v2/tests/persistence-support.mjs:83:16)
      at async TestContext.<anonymous> (file:///Users/yuanxi/Workwork/vibe-fs/requirements/sphinx-v2/tests/019.test.mjs:54:7)
      at async Test.run (node:internal/test_runner/test:1054:7)
      at async TestContext.<anonymous> (file:///Users/yuanxi/Workwork/vibe-fs/requirements/sphinx-v2/tests/019.test.mjs:50:5)
      at async Test.run (node:internal/test_runner/test:1054:7)
      at async Test.processPendingSubtests (node:internal/test_runner/test:744:7)

test at /Users/yuanxi/Workwork/vibe-fs/requirements/sphinx-v2/tests/019.test.mjs:48:1
✖ WHAT[sphinx-v2-019] actual gen190 no-op Applied and Failed seals become explicit cuts while their original envelopes remain intact (35.715ms)
  '2 subtests failed'

[verification-test-start] {"pid":59744,"parentPid":59743,"entryFile":"/Users/yuanxi/Workwork/vibe-fs/requirements/sphinx-v2/tests/006.test.mjs","name":"WHAT[sphinx-v2-006] retains distinct Failed contents by identity","fullName":"WHAT[sphinx-v2-006] different opaque outcome contents remain distinguishable in complete and semantic state without Core interpretation > WHAT[sphinx-v2-006] retains distinct Failed contents by identity"}
test at /Users/yuanxi/Workwork/vibe-fs/requirements/sphinx-v2/tests/006.test.mjs:54:13
✖ WHAT[sphinx-v2-006] retains distinct Applied contents by identity (28.979ms)
  AssertionError [ERR_ASSERTION]: Expected values to be strictly equal:
  + actual - expected
  
  + 'pending'
  - 'applied'
  
      at file:///Users/yuanxi/Workwork/vibe-fs/requirements/sphinx-v2/tests/006.test.mjs:68:20
      at async withStore (file:///Users/yuanxi/Workwork/vibe-fs/requirements/sphinx-v2/tests/persistence-support.mjs:83:16)
      at async TestContext.<anonymous> (file:///Users/yuanxi/Workwork/vibe-fs/requirements/sphinx-v2/tests/006.test.mjs:57:9)
      at async Test.run (node:internal/test_runner/test:1054:7)
      at async TestContext.<anonymous> (file:///Users/yuanxi/Workwork/vibe-fs/requirements/sphinx-v2/tests/006.test.mjs:54:5)
      at async Test.run (node:internal/test_runner/test:1054:7)
      at async Test.processPendingSubtests (node:internal/test_runner/test:744:7)

[verification-test-start] {"pid":59745,"parentPid":59743,"entryFile":"/Users/yuanxi/Workwork/vibe-fs/requirements/sphinx-v2/tests/007.test.mjs","name":"WHAT[sphinx-v2-007] InterpretationPending requires an accepted observation and its exact work and attempt","fullName":"WHAT[sphinx-v2-007] InterpretationPending requires an accepted observation and its exact work and attempt"}
[verification-test-start] {"pid":59745,"parentPid":59743,"entryFile":"/Users/yuanxi/Workwork/vibe-fs/requirements/sphinx-v2/tests/007.test.mjs","name":"WHAT[sphinx-v2-007] refuses a pending interpretation with missing observation","fullName":"WHAT[sphinx-v2-007] InterpretationPending requires an accepted observation and its exact work and attempt > WHAT[sphinx-v2-007] refuses a pending interpretation with missing observation"}
[verification-test-start] {"pid":59746,"parentPid":59743,"entryFile":"/Users/yuanxi/Workwork/vibe-fs/requirements/sphinx-v2/tests/019.test.mjs","name":"WHAT[sphinx-v2-019] preserves actual prior seal for legacy-created","fullName":"WHAT[sphinx-v2-019] previously sealed @2 creation and undispatched work retain their exact complete state through cold replay > WHAT[sphinx-v2-019] preserves actual prior seal for legacy-created"}
[verification-test-start] {"pid":59746,"parentPid":59743,"entryFile":"/Users/yuanxi/Workwork/vibe-fs/requirements/sphinx-v2/tests/019.test.mjs","name":"WHAT[sphinx-v2-019] preserves actual prior seal for legacy-work","fullName":"WHAT[sphinx-v2-019] previously sealed @2 creation and undispatched work retain their exact complete state through cold replay > WHAT[sphinx-v2-019] preserves actual prior seal for legacy-work"}
[verification-test-start] {"pid":59746,"parentPid":59743,"entryFile":"/Users/yuanxi/Workwork/vibe-fs/requirements/sphinx-v2/tests/019.test.mjs","name":"WHAT[sphinx-v2-019] prior missing-round dispatch and aggregate reservation seals become explicit durable cuts","fullName":"WHAT[sphinx-v2-019] prior missing-round dispatch and aggregate reservation seals become explicit durable cuts"}
[verification-test-start] {"pid":59747,"parentPid":59743,"entryFile":"/Users/yuanxi/Workwork/vibe-fs/requirements/sphinx-v2/tests/021.test.mjs","name":"WHAT[sphinx-v2-021] exact Failed and Pending replays retain the original terminal interpretation","fullName":"WHAT[sphinx-v2-021] exact Failed and Pending replays retain the original terminal interpretation"}
test at /Users/yuanxi/Workwork/vibe-fs/requirements/sphinx-v2/tests/021.test.mjs:72:3
✖ WHAT[sphinx-v2-021] exact Applied and Pending replays retain the original terminal interpretation (45.724ms)
  AssertionError [ERR_ASSERTION]: Expected values to be strictly deep-equal:
  + actual - expected
  
    {
      attempt: 1,
  +   interpretationId: null,
  -   delta: {
  -     canonicalPayload: '{"interpretation":"原解释"}',
  -     schema: {
  -       hash: 'a2c799262a3ce3c19ef5cdd983bf3d12b43ab3c426227091b909dcb7054738c0',
  -       id: 'response@2'
  -     }
  -   },
  -   interpretationId: 'interpretation-receipt',
      observationId: 'interpretation-observation',
  +   pluginRef: null,
  -   pluginRef: 'proof-plugin@original',
      reason: null,
  +   status: 'pending',
  -   status: 'applied',
      workId: 'interpretation-work'
    }
  
      at file:///Users/yuanxi/Workwork/vibe-fs/requirements/sphinx-v2/tests/021.test.mjs:82:14
      at async withStore (file:///Users/yuanxi/Workwork/vibe-fs/requirements/sphinx-v2/tests/persistence-support.mjs:83:16)
      at async TestContext.<anonymous> (file:///Users/yuanxi/Workwork/vibe-fs/requirements/sphinx-v2/tests/021.test.mjs:73:5)
      at async Test.run (node:internal/test_runner/test:1054:7)
      at async Test.processPendingSubtests (node:internal/test_runner/test:744:7)

[verification-test-start] {"pid":59746,"parentPid":59743,"entryFile":"/Users/yuanxi/Workwork/vibe-fs/requirements/sphinx-v2/tests/019.test.mjs","name":"WHAT[sphinx-v2-019] refuses the prior incorrect seal for legacy-noop-dispatch","fullName":"WHAT[sphinx-v2-019] prior missing-round dispatch and aggregate reservation seals become explicit durable cuts > WHAT[sphinx-v2-019] refuses the prior incorrect seal for legacy-noop-dispatch"}
[verification-test-start] {"pid":59745,"parentPid":59743,"entryFile":"/Users/yuanxi/Workwork/vibe-fs/requirements/sphinx-v2/tests/007.test.mjs","name":"WHAT[sphinx-v2-007] refuses a pending interpretation with missing work","fullName":"WHAT[sphinx-v2-007] InterpretationPending requires an accepted observation and its exact work and attempt > WHAT[sphinx-v2-007] refuses a pending interpretation with missing work"}
test at /Users/yuanxi/Workwork/vibe-fs/requirements/sphinx-v2/tests/007.test.mjs:126:13
✖ WHAT[sphinx-v2-007] refuses a pending interpretation with missing observation (19.233ms)
  AssertionError [ERR_ASSERTION]: invalid interpretation facts must refuse their whole transition
  
  true !== false
  
      at expectInterpretationRefusal (file:///Users/yuanxi/Workwork/vibe-fs/requirements/sphinx-v2/tests/interpretation-support.mjs:72:10)
      at file:///Users/yuanxi/Workwork/vibe-fs/requirements/sphinx-v2/tests/007.test.mjs:135:9
      at async withStore (file:///Users/yuanxi/Workwork/vibe-fs/requirements/sphinx-v2/tests/persistence-support.mjs:83:16)
      at async TestContext.<anonymous> (file:///Users/yuanxi/Workwork/vibe-fs/requirements/sphinx-v2/tests/007.test.mjs:127:7)
      at async Test.run (node:internal/test_runner/test:1054:7)
      at async TestContext.<anonymous> (file:///Users/yuanxi/Workwork/vibe-fs/requirements/sphinx-v2/tests/007.test.mjs:126:5)
      at async Test.run (node:internal/test_runner/test:1054:7)
      at async Test.processPendingSubtests (node:internal/test_runner/test:744:7)

test at /Users/yuanxi/Workwork/vibe-fs/requirements/sphinx-v2/tests/006.test.mjs:54:13
✖ WHAT[sphinx-v2-006] retains distinct Failed contents by identity (26.319ms)
  AssertionError [ERR_ASSERTION]: Expected values to be strictly equal:
  + actual - expected
  
  + 'pending'
  - 'failed'
  
      at file:///Users/yuanxi/Workwork/vibe-fs/requirements/sphinx-v2/tests/006.test.mjs:68:20
      at async withStore (file:///Users/yuanxi/Workwork/vibe-fs/requirements/sphinx-v2/tests/persistence-support.mjs:83:16)
      at async TestContext.<anonymous> (file:///Users/yuanxi/Workwork/vibe-fs/requirements/sphinx-v2/tests/006.test.mjs:57:9)
      at async Test.run (node:internal/test_runner/test:1054:7)
      at async TestContext.<anonymous> (file:///Users/yuanxi/Workwork/vibe-fs/requirements/sphinx-v2/tests/006.test.mjs:54:5)
      at async Test.run (node:internal/test_runner/test:1054:7)
      at async Test.processPendingSubtests (node:internal/test_runner/test:744:7)

test at /Users/yuanxi/Workwork/vibe-fs/requirements/sphinx-v2/tests/006.test.mjs:52:1
✖ WHAT[sphinx-v2-006] different opaque outcome contents remain distinguishable in complete and semantic state without Core interpretation (57.413ms)
  '2 subtests failed'

[verification-worker-cost] {"version":1,"phase":"exit","sequence":1,"entryFile":"/Users/yuanxi/Workwork/vibe-fs/requirements/sphinx-v2/tests/006.test.mjs","pid":59744,"parentPid":59743,"monotonicMs":273.462291,"cpuUserMicros":286146,"cpuSystemMicros":42103,"exitCode":1}
[verification-test-start] {"pid":59746,"parentPid":59743,"entryFile":"/Users/yuanxi/Workwork/vibe-fs/requirements/sphinx-v2/tests/019.test.mjs","name":"WHAT[sphinx-v2-019] refuses the prior incorrect seal for legacy-reservation-aggregate","fullName":"WHAT[sphinx-v2-019] prior missing-round dispatch and aggregate reservation seals become explicit durable cuts > WHAT[sphinx-v2-019] refuses the prior incorrect seal for legacy-reservation-aggregate"}
[verification-test-start] {"pid":59745,"parentPid":59743,"entryFile":"/Users/yuanxi/Workwork/vibe-fs/requirements/sphinx-v2/tests/007.test.mjs","name":"WHAT[sphinx-v2-007] refuses a pending interpretation with different existing work","fullName":"WHAT[sphinx-v2-007] InterpretationPending requires an accepted observation and its exact work and attempt > WHAT[sphinx-v2-007] refuses a pending interpretation with different existing work"}
test at /Users/yuanxi/Workwork/vibe-fs/requirements/sphinx-v2/tests/007.test.mjs:126:13
✖ WHAT[sphinx-v2-007] refuses a pending interpretation with missing work (12.431ms)
  AssertionError [ERR_ASSERTION]: invalid interpretation facts must refuse their whole transition
  
  true !== false
  
      at expectInterpretationRefusal (file:///Users/yuanxi/Workwork/vibe-fs/requirements/sphinx-v2/tests/interpretation-support.mjs:72:10)
      at file:///Users/yuanxi/Workwork/vibe-fs/requirements/sphinx-v2/tests/007.test.mjs:135:9
      at async withStore (file:///Users/yuanxi/Workwork/vibe-fs/requirements/sphinx-v2/tests/persistence-support.mjs:83:16)
      at async TestContext.<anonymous> (file:///Users/yuanxi/Workwork/vibe-fs/requirements/sphinx-v2/tests/007.test.mjs:127:7)
      at async Test.run (node:internal/test_runner/test:1054:7)
      at async TestContext.<anonymous> (file:///Users/yuanxi/Workwork/vibe-fs/requirements/sphinx-v2/tests/007.test.mjs:126:5)
      at async Test.run (node:internal/test_runner/test:1054:7)
      at async Test.processPendingSubtests (node:internal/test_runner/test:744:7)

runner: file lifecycle {"entryFile":"/Users/yuanxi/Workwork/vibe-fs/requirements/sphinx-v2/tests/006.test.mjs","type":"runner:file-drained","elapsedMs":334.1080830000001}
runner: worker cost {"version":1,"entryFile":"/Users/yuanxi/Workwork/vibe-fs/requirements/sphinx-v2/tests/006.test.mjs","enabled":true,"pid":59744,"status":"complete","reason":null,"preImport":{"version":1,"phase":"pre-import","sequence":0,"entryFile":"/Users/yuanxi/Workwork/vibe-fs/requirements/sphinx-v2/tests/006.test.mjs","pid":59744,"parentPid":59743,"monotonicMs":24.336541,"cpuUserMicros":27421,"cpuSystemMicros":6132},"exit":{"version":1,"phase":"exit","sequence":1,"entryFile":"/Users/yuanxi/Workwork/vibe-fs/requirements/sphinx-v2/tests/006.test.mjs","pid":59744,"parentPid":59743,"monotonicMs":273.462291,"cpuUserMicros":286146,"cpuSystemMicros":42103,"exitCode":1},"interval":{"clockPid":59744,"wallMs":249.12574999999998,"cpuUserMicros":258725,"cpuSystemMicros":35971}}
[verification-test-start] {"pid":59747,"parentPid":59743,"entryFile":"/Users/yuanxi/Workwork/vibe-fs/requirements/sphinx-v2/tests/021.test.mjs","name":"WHAT[sphinx-v2-021] changed or opposite outcomes refuse their whole batch without replacing the original interpretation","fullName":"WHAT[sphinx-v2-021] changed or opposite outcomes refuse their whole batch without replacing the original interpretation"}
test at /Users/yuanxi/Workwork/vibe-fs/requirements/sphinx-v2/tests/021.test.mjs:72:3
✖ WHAT[sphinx-v2-021] exact Failed and Pending replays retain the original terminal interpretation (24.784ms)
  AssertionError [ERR_ASSERTION]: Expected values to be strictly deep-equal:
  + actual - expected
  
    {
      attempt: 1,
  +   interpretationId: null,
  -   interpretationId: 'interpretation-receipt',
      observationId: 'interpretation-observation',
  +   pluginRef: null,
  +   reason: null,
  +   status: 'pending',
  -   pluginRef: 'proof-plugin@original',
  -   reason: '插件失败\r\n原异常理由保留',
  -   status: 'failed',
      workId: 'interpretation-work'
    }
  
      at file:///Users/yuanxi/Workwork/vibe-fs/requirements/sphinx-v2/tests/021.test.mjs:82:14
      at async withStore (file:///Users/yuanxi/Workwork/vibe-fs/requirements/sphinx-v2/tests/persistence-support.mjs:83:16)
      at async TestContext.<anonymous> (file:///Users/yuanxi/Workwork/vibe-fs/requirements/sphinx-v2/tests/021.test.mjs:73:5)
      at async Test.run (node:internal/test_runner/test:1054:7)
      at async Test.processPendingSubtests (node:internal/test_runner/test:744:7)

[verification-test-start] {"pid":59747,"parentPid":59743,"entryFile":"/Users/yuanxi/Workwork/vibe-fs/requirements/sphinx-v2/tests/021.test.mjs","name":"WHAT[sphinx-v2-021] refuses changed Applied delta atomically","fullName":"WHAT[sphinx-v2-021] changed or opposite outcomes refuse their whole batch without replacing the original interpretation > WHAT[sphinx-v2-021] refuses changed Applied delta atomically"}
[verification-test-start] {"pid":59746,"parentPid":59743,"entryFile":"/Users/yuanxi/Workwork/vibe-fs/requirements/sphinx-v2/tests/019.test.mjs","name":"WHAT[sphinx-v2-019] an older answer without an observation reference is a durable strict DTO cut","fullName":"WHAT[sphinx-v2-019] an older answer without an observation reference is a durable strict DTO cut"}
[verification-test-start] {"pid":59745,"parentPid":59743,"entryFile":"/Users/yuanxi/Workwork/vibe-fs/requirements/sphinx-v2/tests/007.test.mjs","name":"WHAT[sphinx-v2-007] refuses a pending interpretation with different attempt","fullName":"WHAT[sphinx-v2-007] InterpretationPending requires an accepted observation and its exact work and attempt > WHAT[sphinx-v2-007] refuses a pending interpretation with different attempt"}
test at /Users/yuanxi/Workwork/vibe-fs/requirements/sphinx-v2/tests/007.test.mjs:126:13
✖ WHAT[sphinx-v2-007] refuses a pending interpretation with different existing work (16.663ms)
  AssertionError [ERR_ASSERTION]: invalid interpretation facts must refuse their whole transition
  
  true !== false
  
      at expectInterpretationRefusal (file:///Users/yuanxi/Workwork/vibe-fs/requirements/sphinx-v2/tests/interpretation-support.mjs:72:10)
      at file:///Users/yuanxi/Workwork/vibe-fs/requirements/sphinx-v2/tests/007.test.mjs:135:9
      at async withStore (file:///Users/yuanxi/Workwork/vibe-fs/requirements/sphinx-v2/tests/persistence-support.mjs:83:16)
      at async TestContext.<anonymous> (file:///Users/yuanxi/Workwork/vibe-fs/requirements/sphinx-v2/tests/007.test.mjs:127:7)
      at async Test.run (node:internal/test_runner/test:1054:7)
      at async TestContext.<anonymous> (file:///Users/yuanxi/Workwork/vibe-fs/requirements/sphinx-v2/tests/007.test.mjs:126:5)
      at async Test.run (node:internal/test_runner/test:1054:7)
      at async Test.processPendingSubtests (node:internal/test_runner/test:744:7)

[verification-test-start] {"pid":59747,"parentPid":59743,"entryFile":"/Users/yuanxi/Workwork/vibe-fs/requirements/sphinx-v2/tests/021.test.mjs","name":"WHAT[sphinx-v2-021] refuses changed Applied schema identity atomically","fullName":"WHAT[sphinx-v2-021] changed or opposite outcomes refuse their whole batch without replacing the original interpretation > WHAT[sphinx-v2-021] refuses changed Applied schema identity atomically"}
test at /Users/yuanxi/Workwork/vibe-fs/requirements/sphinx-v2/tests/021.test.mjs:107:13
✖ WHAT[sphinx-v2-021] refuses changed Applied delta atomically (19.562ms)
  AssertionError [ERR_ASSERTION]: invalid interpretation facts must refuse their whole transition
  
  true !== false
  
      at expectInterpretationRefusal (file:///Users/yuanxi/Workwork/vibe-fs/requirements/sphinx-v2/tests/interpretation-support.mjs:72:10)
      at file:///Users/yuanxi/Workwork/vibe-fs/requirements/sphinx-v2/tests/021.test.mjs:113:9
      at async withStore (file:///Users/yuanxi/Workwork/vibe-fs/requirements/sphinx-v2/tests/persistence-support.mjs:83:16)
      at async TestContext.<anonymous> (file:///Users/yuanxi/Workwork/vibe-fs/requirements/sphinx-v2/tests/021.test.mjs:108:7)
      at async Test.run (node:internal/test_runner/test:1054:7)
      at async TestContext.<anonymous> (file:///Users/yuanxi/Workwork/vibe-fs/requirements/sphinx-v2/tests/021.test.mjs:107:5)
      at async Test.run (node:internal/test_runner/test:1054:7)
      at async Test.processPendingSubtests (node:internal/test_runner/test:744:7)

[verification-test-start] {"pid":59746,"parentPid":59743,"entryFile":"/Users/yuanxi/Workwork/vibe-fs/requirements/sphinx-v2/tests/019.test.mjs","name":"WHAT[sphinx-v2-019] a rejected multi-body preparation never publishes its valid prefix","fullName":"WHAT[sphinx-v2-019] a rejected multi-body preparation never publishes its valid prefix"}
[verification-test-start] {"pid":59745,"parentPid":59743,"entryFile":"/Users/yuanxi/Workwork/vibe-fs/requirements/sphinx-v2/tests/007.test.mjs","name":"WHAT[sphinx-v2-007] Applied and Failed require an explicitly recorded Pending rather than creating one","fullName":"WHAT[sphinx-v2-007] Applied and Failed require an explicitly recorded Pending rather than creating one"}
test at /Users/yuanxi/Workwork/vibe-fs/requirements/sphinx-v2/tests/007.test.mjs:126:13
✖ WHAT[sphinx-v2-007] refuses a pending interpretation with different attempt (16.320ms)
  AssertionError [ERR_ASSERTION]: invalid interpretation facts must refuse their whole transition
  
  true !== false
  
      at expectInterpretationRefusal (file:///Users/yuanxi/Workwork/vibe-fs/requirements/sphinx-v2/tests/interpretation-support.mjs:72:10)
      at file:///Users/yuanxi/Workwork/vibe-fs/requirements/sphinx-v2/tests/007.test.mjs:135:9
      at async withStore (file:///Users/yuanxi/Workwork/vibe-fs/requirements/sphinx-v2/tests/persistence-support.mjs:83:16)
      at async TestContext.<anonymous> (file:///Users/yuanxi/Workwork/vibe-fs/requirements/sphinx-v2/tests/007.test.mjs:127:7)
      at async Test.run (node:internal/test_runner/test:1054:7)
      at async TestContext.<anonymous> (file:///Users/yuanxi/Workwork/vibe-fs/requirements/sphinx-v2/tests/007.test.mjs:126:5)
      at async Test.run (node:internal/test_runner/test:1054:7)
      at async Test.processPendingSubtests (node:internal/test_runner/test:744:7)

test at /Users/yuanxi/Workwork/vibe-fs/requirements/sphinx-v2/tests/007.test.mjs:118:1
✖ WHAT[sphinx-v2-007] InterpretationPending requires an accepted observation and its exact work and attempt (66.669ms)
  '4 subtests failed'

[verification-test-start] {"pid":59746,"parentPid":59743,"entryFile":"/Users/yuanxi/Workwork/vibe-fs/requirements/sphinx-v2/tests/019.test.mjs","name":"WHAT[sphinx-v2-019] an unknown body after a valid body produces a durable semantic cut and no partial Current even after reopen","fullName":"WHAT[sphinx-v2-019] an unknown body after a valid body produces a durable semantic cut and no partial Current even after reopen"}
[verification-test-start] {"pid":59747,"parentPid":59743,"entryFile":"/Users/yuanxi/Workwork/vibe-fs/requirements/sphinx-v2/tests/021.test.mjs","name":"WHAT[sphinx-v2-021] refuses changed Applied schema content hash atomically","fullName":"WHAT[sphinx-v2-021] changed or opposite outcomes refuse their whole batch without replacing the original interpretation > WHAT[sphinx-v2-021] refuses changed Applied schema content hash atomically"}
test at /Users/yuanxi/Workwork/vibe-fs/requirements/sphinx-v2/tests/021.test.mjs:107:13
✖ WHAT[sphinx-v2-021] refuses changed Applied schema identity atomically (16.342ms)
  AssertionError [ERR_ASSERTION]: invalid interpretation facts must refuse their whole transition
  
  true !== false
  
      at expectInterpretationRefusal (file:///Users/yuanxi/Workwork/vibe-fs/requirements/sphinx-v2/tests/interpretation-support.mjs:72:10)
      at file:///Users/yuanxi/Workwork/vibe-fs/requirements/sphinx-v2/tests/021.test.mjs:113:9
      at async withStore (file:///Users/yuanxi/Workwork/vibe-fs/requirements/sphinx-v2/tests/persistence-support.mjs:83:16)
      at async TestContext.<anonymous> (file:///Users/yuanxi/Workwork/vibe-fs/requirements/sphinx-v2/tests/021.test.mjs:108:7)
      at async Test.run (node:internal/test_runner/test:1054:7)
      at async TestContext.<anonymous> (file:///Users/yuanxi/Workwork/vibe-fs/requirements/sphinx-v2/tests/021.test.mjs:107:5)
      at async Test.run (node:internal/test_runner/test:1054:7)
      at async Test.processPendingSubtests (node:internal/test_runner/test:744:7)

[verification-test-start] {"pid":59745,"parentPid":59743,"entryFile":"/Users/yuanxi/Workwork/vibe-fs/requirements/sphinx-v2/tests/007.test.mjs","name":"WHAT[sphinx-v2-007] refuses InterpretationApplied without pending","fullName":"WHAT[sphinx-v2-007] Applied and Failed require an explicitly recorded Pending rather than creating one > WHAT[sphinx-v2-007] refuses InterpretationApplied without pending"}
[verification-test-start] {"pid":59745,"parentPid":59743,"entryFile":"/Users/yuanxi/Workwork/vibe-fs/requirements/sphinx-v2/tests/007.test.mjs","name":"WHAT[sphinx-v2-007] refuses InterpretationFailed without pending","fullName":"WHAT[sphinx-v2-007] Applied and Failed require an explicitly recorded Pending rather than creating one > WHAT[sphinx-v2-007] refuses InterpretationFailed without pending"}
test at /Users/yuanxi/Workwork/vibe-fs/requirements/sphinx-v2/tests/007.test.mjs:148:13
✖ WHAT[sphinx-v2-007] refuses InterpretationApplied without pending (11.448ms)
  AssertionError [ERR_ASSERTION]: invalid interpretation facts must refuse their whole transition
  
  true !== false
  
      at expectInterpretationRefusal (file:///Users/yuanxi/Workwork/vibe-fs/requirements/sphinx-v2/tests/interpretation-support.mjs:72:10)
      at file:///Users/yuanxi/Workwork/vibe-fs/requirements/sphinx-v2/tests/007.test.mjs:155:9
      at async withStore (file:///Users/yuanxi/Workwork/vibe-fs/requirements/sphinx-v2/tests/persistence-support.mjs:83:16)
      at async TestContext.<anonymous> (file:///Users/yuanxi/Workwork/vibe-fs/requirements/sphinx-v2/tests/007.test.mjs:149:7)
      at async Test.run (node:internal/test_runner/test:1054:7)
      at async TestContext.<anonymous> (file:///Users/yuanxi/Workwork/vibe-fs/requirements/sphinx-v2/tests/007.test.mjs:148:5)
      at async Test.run (node:internal/test_runner/test:1054:7)
      at async Test.processPendingSubtests (node:internal/test_runner/test:744:7)

[verification-test-start] {"pid":59746,"parentPid":59743,"entryFile":"/Users/yuanxi/Workwork/vibe-fs/requirements/sphinx-v2/tests/019.test.mjs","name":"WHAT[sphinx-v2-019] internal and external parent edges must agree and foreign valid history is not silently used as the base","fullName":"WHAT[sphinx-v2-019] internal and external parent edges must agree and foreign valid history is not silently used as the base"}
[verification-test-start] {"pid":59745,"parentPid":59743,"entryFile":"/Users/yuanxi/Workwork/vibe-fs/requirements/sphinx-v2/tests/007.test.mjs","name":"WHAT[sphinx-v2-007] ResultAccepted before Pending supplies the reference in one atomic batch without placeholders","fullName":"WHAT[sphinx-v2-007] ResultAccepted before Pending supplies the reference in one atomic batch without placeholders"}
test at /Users/yuanxi/Workwork/vibe-fs/requirements/sphinx-v2/tests/007.test.mjs:148:13
✖ WHAT[sphinx-v2-007] refuses InterpretationFailed without pending (16.130ms)
  AssertionError [ERR_ASSERTION]: invalid interpretation facts must refuse their whole transition
  
  true !== false
  
      at expectInterpretationRefusal (file:///Users/yuanxi/Workwork/vibe-fs/requirements/sphinx-v2/tests/interpretation-support.mjs:72:10)
      at file:///Users/yuanxi/Workwork/vibe-fs/requirements/sphinx-v2/tests/007.test.mjs:155:9
      at async withStore (file:///Users/yuanxi/Workwork/vibe-fs/requirements/sphinx-v2/tests/persistence-support.mjs:83:16)
      at async TestContext.<anonymous> (file:///Users/yuanxi/Workwork/vibe-fs/requirements/sphinx-v2/tests/007.test.mjs:149:7)
      at async Test.run (node:internal/test_runner/test:1054:7)
      at async TestContext.<anonymous> (file:///Users/yuanxi/Workwork/vibe-fs/requirements/sphinx-v2/tests/007.test.mjs:148:5)
      at async Test.run (node:internal/test_runner/test:1054:7)
      at async Test.processPendingSubtests (node:internal/test_runner/test:744:7)

test at /Users/yuanxi/Workwork/vibe-fs/requirements/sphinx-v2/tests/007.test.mjs:146:1
✖ WHAT[sphinx-v2-007] Applied and Failed require an explicitly recorded Pending rather than creating one (28.684ms)
  '2 subtests failed'

[verification-test-start] {"pid":59747,"parentPid":59743,"entryFile":"/Users/yuanxi/Workwork/vibe-fs/requirements/sphinx-v2/tests/021.test.mjs","name":"WHAT[sphinx-v2-021] refuses changed Applied interpretation identity atomically","fullName":"WHAT[sphinx-v2-021] changed or opposite outcomes refuse their whole batch without replacing the original interpretation > WHAT[sphinx-v2-021] refuses changed Applied interpretation identity atomically"}
test at /Users/yuanxi/Workwork/vibe-fs/requirements/sphinx-v2/tests/021.test.mjs:107:13
✖ WHAT[sphinx-v2-021] refuses changed Applied schema content hash atomically (24.971ms)
  AssertionError [ERR_ASSERTION]: invalid interpretation facts must refuse their whole transition
  
  true !== false
  
      at expectInterpretationRefusal (file:///Users/yuanxi/Workwork/vibe-fs/requirements/sphinx-v2/tests/interpretation-support.mjs:72:10)
      at file:///Users/yuanxi/Workwork/vibe-fs/requirements/sphinx-v2/tests/021.test.mjs:113:9
      at async withStore (file:///Users/yuanxi/Workwork/vibe-fs/requirements/sphinx-v2/tests/persistence-support.mjs:83:16)
      at async TestContext.<anonymous> (file:///Users/yuanxi/Workwork/vibe-fs/requirements/sphinx-v2/tests/021.test.mjs:108:7)
      at async Test.run (node:internal/test_runner/test:1054:7)
      at async TestContext.<anonymous> (file:///Users/yuanxi/Workwork/vibe-fs/requirements/sphinx-v2/tests/021.test.mjs:107:5)
      at async Test.run (node:internal/test_runner/test:1054:7)
      at async Test.processPendingSubtests (node:internal/test_runner/test:744:7)

[verification-test-start] {"pid":59745,"parentPid":59743,"entryFile":"/Users/yuanxi/Workwork/vibe-fs/requirements/sphinx-v2/tests/007.test.mjs","name":"WHAT[sphinx-v2-007] Pending before ResultAccepted refuses the whole batch instead of reordering facts","fullName":"WHAT[sphinx-v2-007] Pending before ResultAccepted refuses the whole batch instead of reordering facts"}
[verification-test-start] {"pid":59747,"parentPid":59743,"entryFile":"/Users/yuanxi/Workwork/vibe-fs/requirements/sphinx-v2/tests/021.test.mjs","name":"WHAT[sphinx-v2-021] refuses changed Applied plugin implementation reference atomically","fullName":"WHAT[sphinx-v2-021] changed or opposite outcomes refuse their whole batch without replacing the original interpretation > WHAT[sphinx-v2-021] refuses changed Applied plugin implementation reference atomically"}
test at /Users/yuanxi/Workwork/vibe-fs/requirements/sphinx-v2/tests/021.test.mjs:107:13
✖ WHAT[sphinx-v2-021] refuses changed Applied interpretation identity atomically (21.682ms)
  AssertionError [ERR_ASSERTION]: invalid interpretation facts must refuse their whole transition
  
  true !== false
  
      at expectInterpretationRefusal (file:///Users/yuanxi/Workwork/vibe-fs/requirements/sphinx-v2/tests/interpretation-support.mjs:72:10)
      at file:///Users/yuanxi/Workwork/vibe-fs/requirements/sphinx-v2/tests/021.test.mjs:113:9
      at async withStore (file:///Users/yuanxi/Workwork/vibe-fs/requirements/sphinx-v2/tests/persistence-support.mjs:83:16)
      at async TestContext.<anonymous> (file:///Users/yuanxi/Workwork/vibe-fs/requirements/sphinx-v2/tests/021.test.mjs:108:7)
      at async Test.run (node:internal/test_runner/test:1054:7)
      at async TestContext.<anonymous> (file:///Users/yuanxi/Workwork/vibe-fs/requirements/sphinx-v2/tests/021.test.mjs:107:5)
      at async Test.run (node:internal/test_runner/test:1054:7)
      at async Test.processPendingSubtests (node:internal/test_runner/test:744:7)

[verification-test-start] {"pid":59746,"parentPid":59743,"entryFile":"/Users/yuanxi/Workwork/vibe-fs/requirements/sphinx-v2/tests/019.test.mjs","name":"WHAT[sphinx-v2-019] an absent outer parent is StorageInvalid and cannot publish any transition","fullName":"WHAT[sphinx-v2-019] an absent outer parent is StorageInvalid and cannot publish any transition"}
[verification-test-start] {"pid":59745,"parentPid":59743,"entryFile":"/Users/yuanxi/Workwork/vibe-fs/requirements/sphinx-v2/tests/007.test.mjs","name":"WHAT[sphinx-v2-007] an existing Pending identity cannot silently change its work or attempt","fullName":"WHAT[sphinx-v2-007] an existing Pending identity cannot silently change its work or attempt"}
test at /Users/yuanxi/Workwork/vibe-fs/requirements/sphinx-v2/tests/007.test.mjs:182:1
✖ WHAT[sphinx-v2-007] Pending before ResultAccepted refuses the whole batch instead of reordering facts (11.408ms)
  AssertionError [ERR_ASSERTION]: invalid interpretation facts must refuse their whole transition
  
  true !== false
  
      at expectInterpretationRefusal (file:///Users/yuanxi/Workwork/vibe-fs/requirements/sphinx-v2/tests/interpretation-support.mjs:72:10)
      at file:///Users/yuanxi/Workwork/vibe-fs/requirements/sphinx-v2/tests/007.test.mjs:187:5
      at async withStore (file:///Users/yuanxi/Workwork/vibe-fs/requirements/sphinx-v2/tests/persistence-support.mjs:83:16)
      at async TestContext.<anonymous> (file:///Users/yuanxi/Workwork/vibe-fs/requirements/sphinx-v2/tests/007.test.mjs:183:3)
      at async Test.run (node:internal/test_runner/test:1054:7)
      at async Test.processPendingSubtests (node:internal/test_runner/test:744:7)

[verification-test-start] {"pid":59746,"parentPid":59743,"entryFile":"/Users/yuanxi/Workwork/vibe-fs/requirements/sphinx-v2/tests/019.test.mjs","name":"WHAT[sphinx-v2-019] identical event identity with changed payload is a storage collision rather than a rewrite","fullName":"WHAT[sphinx-v2-019] identical event identity with changed payload is a storage collision rather than a rewrite"}
[verification-test-start] {"pid":59747,"parentPid":59743,"entryFile":"/Users/yuanxi/Workwork/vibe-fs/requirements/sphinx-v2/tests/021.test.mjs","name":"WHAT[sphinx-v2-021] refuses changed Applied to Failed atomically","fullName":"WHAT[sphinx-v2-021] changed or opposite outcomes refuse their whole batch without replacing the original interpretation > WHAT[sphinx-v2-021] refuses changed Applied to Failed atomically"}
test at /Users/yuanxi/Workwork/vibe-fs/requirements/sphinx-v2/tests/021.test.mjs:107:13
✖ WHAT[sphinx-v2-021] refuses changed Applied plugin implementation reference atomically (20.318ms)
  AssertionError [ERR_ASSERTION]: invalid interpretation facts must refuse their whole transition
  
  true !== false
  
      at expectInterpretationRefusal (file:///Users/yuanxi/Workwork/vibe-fs/requirements/sphinx-v2/tests/interpretation-support.mjs:72:10)
      at file:///Users/yuanxi/Workwork/vibe-fs/requirements/sphinx-v2/tests/021.test.mjs:113:9
      at async withStore (file:///Users/yuanxi/Workwork/vibe-fs/requirements/sphinx-v2/tests/persistence-support.mjs:83:16)
      at async TestContext.<anonymous> (file:///Users/yuanxi/Workwork/vibe-fs/requirements/sphinx-v2/tests/021.test.mjs:108:7)
      at async Test.run (node:internal/test_runner/test:1054:7)
      at async TestContext.<anonymous> (file:///Users/yuanxi/Workwork/vibe-fs/requirements/sphinx-v2/tests/021.test.mjs:107:5)
      at async Test.run (node:internal/test_runner/test:1054:7)
      at async Test.processPendingSubtests (node:internal/test_runner/test:744:7)

[verification-test-start] {"pid":59745,"parentPid":59743,"entryFile":"/Users/yuanxi/Workwork/vibe-fs/requirements/sphinx-v2/tests/007.test.mjs","name":"WHAT[sphinx-v2-007] refuses a changed pending work without replacing its original reference","fullName":"WHAT[sphinx-v2-007] an existing Pending identity cannot silently change its work or attempt > WHAT[sphinx-v2-007] refuses a changed pending work without replacing its original reference"}
[verification-test-start] {"pid":59745,"parentPid":59743,"entryFile":"/Users/yuanxi/Workwork/vibe-fs/requirements/sphinx-v2/tests/007.test.mjs","name":"WHAT[sphinx-v2-007] refuses a changed pending attempt without replacing its original reference","fullName":"WHAT[sphinx-v2-007] an existing Pending identity cannot silently change its work or attempt > WHAT[sphinx-v2-007] refuses a changed pending attempt without replacing its original reference"}
test at /Users/yuanxi/Workwork/vibe-fs/requirements/sphinx-v2/tests/007.test.mjs:197:13
✖ WHAT[sphinx-v2-007] refuses a changed pending work without replacing its original reference (12.512ms)
  AssertionError [ERR_ASSERTION]: invalid interpretation facts must refuse their whole transition
  
  true !== false
  
      at expectInterpretationRefusal (file:///Users/yuanxi/Workwork/vibe-fs/requirements/sphinx-v2/tests/interpretation-support.mjs:72:10)
      at file:///Users/yuanxi/Workwork/vibe-fs/requirements/sphinx-v2/tests/007.test.mjs:205:9
      at async withStore (file:///Users/yuanxi/Workwork/vibe-fs/requirements/sphinx-v2/tests/persistence-support.mjs:83:16)
      at async TestContext.<anonymous> (file:///Users/yuanxi/Workwork/vibe-fs/requirements/sphinx-v2/tests/007.test.mjs:198:7)
      at async Test.run (node:internal/test_runner/test:1054:7)
      at async TestContext.<anonymous> (file:///Users/yuanxi/Workwork/vibe-fs/requirements/sphinx-v2/tests/007.test.mjs:197:5)
      at async Test.run (node:internal/test_runner/test:1054:7)
      at async Test.processPendingSubtests (node:internal/test_runner/test:744:7)

[verification-test-start] {"pid":59746,"parentPid":59743,"entryFile":"/Users/yuanxi/Workwork/vibe-fs/requirements/sphinx-v2/tests/019.test.mjs","name":"WHAT[sphinx-v2-019] legal same-parent forks preserve both writers and canonical Current refuses to pick a winner","fullName":"WHAT[sphinx-v2-019] legal same-parent forks preserve both writers and canonical Current refuses to pick a winner"}
test at /Users/yuanxi/Workwork/vibe-fs/requirements/sphinx-v2/tests/007.test.mjs:197:13
✖ WHAT[sphinx-v2-007] refuses a changed pending attempt without replacing its original reference (16.169ms)
  AssertionError [ERR_ASSERTION]: invalid interpretation facts must refuse their whole transition
  
  true !== false
  
      at expectInterpretationRefusal (file:///Users/yuanxi/Workwork/vibe-fs/requirements/sphinx-v2/tests/interpretation-support.mjs:72:10)
      at file:///Users/yuanxi/Workwork/vibe-fs/requirements/sphinx-v2/tests/007.test.mjs:205:9
      at async withStore (file:///Users/yuanxi/Workwork/vibe-fs/requirements/sphinx-v2/tests/persistence-support.mjs:83:16)
      at async TestContext.<anonymous> (file:///Users/yuanxi/Workwork/vibe-fs/requirements/sphinx-v2/tests/007.test.mjs:198:7)
      at async Test.run (node:internal/test_runner/test:1054:7)
      at async TestContext.<anonymous> (file:///Users/yuanxi/Workwork/vibe-fs/requirements/sphinx-v2/tests/007.test.mjs:197:5)
      at async Test.run (node:internal/test_runner/test:1054:7)
      at async Test.processPendingSubtests (node:internal/test_runner/test:744:7)

test at /Users/yuanxi/Workwork/vibe-fs/requirements/sphinx-v2/tests/007.test.mjs:195:1
✖ WHAT[sphinx-v2-007] an existing Pending identity cannot silently change its work or attempt (29.676ms)
  '2 subtests failed'

[verification-test-start] {"pid":59747,"parentPid":59743,"entryFile":"/Users/yuanxi/Workwork/vibe-fs/requirements/sphinx-v2/tests/021.test.mjs","name":"WHAT[sphinx-v2-021] refuses changed Failed reason atomically","fullName":"WHAT[sphinx-v2-021] changed or opposite outcomes refuse their whole batch without replacing the original interpretation > WHAT[sphinx-v2-021] refuses changed Failed reason atomically"}
test at /Users/yuanxi/Workwork/vibe-fs/requirements/sphinx-v2/tests/021.test.mjs:107:13
✖ WHAT[sphinx-v2-021] refuses changed Applied to Failed atomically (22.117ms)
  AssertionError [ERR_ASSERTION]: invalid interpretation facts must refuse their whole transition
  
  true !== false
  
      at expectInterpretationRefusal (file:///Users/yuanxi/Workwork/vibe-fs/requirements/sphinx-v2/tests/interpretation-support.mjs:72:10)
      at file:///Users/yuanxi/Workwork/vibe-fs/requirements/sphinx-v2/tests/021.test.mjs:113:9
      at async withStore (file:///Users/yuanxi/Workwork/vibe-fs/requirements/sphinx-v2/tests/persistence-support.mjs:83:16)
      at async TestContext.<anonymous> (file:///Users/yuanxi/Workwork/vibe-fs/requirements/sphinx-v2/tests/021.test.mjs:108:7)
      at async Test.run (node:internal/test_runner/test:1054:7)
      at async TestContext.<anonymous> (file:///Users/yuanxi/Workwork/vibe-fs/requirements/sphinx-v2/tests/021.test.mjs:107:5)
      at async Test.run (node:internal/test_runner/test:1054:7)
      at async Test.processPendingSubtests (node:internal/test_runner/test:744:7)

[verification-worker-cost] {"version":1,"phase":"exit","sequence":1,"entryFile":"/Users/yuanxi/Workwork/vibe-fs/requirements/sphinx-v2/tests/007.test.mjs","pid":59745,"parentPid":59743,"monotonicMs":411.583541,"cpuUserMicros":359075,"cpuSystemMicros":64207,"exitCode":1}
runner: file lifecycle {"entryFile":"/Users/yuanxi/Workwork/vibe-fs/requirements/sphinx-v2/tests/007.test.mjs","type":"runner:file-drained","elapsedMs":470.57841600000006}
runner: worker cost {"version":1,"entryFile":"/Users/yuanxi/Workwork/vibe-fs/requirements/sphinx-v2/tests/007.test.mjs","enabled":true,"pid":59745,"status":"complete","reason":null,"preImport":{"version":1,"phase":"pre-import","sequence":0,"entryFile":"/Users/yuanxi/Workwork/vibe-fs/requirements/sphinx-v2/tests/007.test.mjs","pid":59745,"parentPid":59743,"monotonicMs":22.369916,"cpuUserMicros":25518,"cpuSystemMicros":6059},"exit":{"version":1,"phase":"exit","sequence":1,"entryFile":"/Users/yuanxi/Workwork/vibe-fs/requirements/sphinx-v2/tests/007.test.mjs","pid":59745,"parentPid":59743,"monotonicMs":411.583541,"cpuUserMicros":359075,"cpuSystemMicros":64207,"exitCode":1},"interval":{"clockPid":59745,"wallMs":389.21362500000004,"cpuUserMicros":333557,"cpuSystemMicros":58148}}
[verification-test-start] {"pid":59747,"parentPid":59743,"entryFile":"/Users/yuanxi/Workwork/vibe-fs/requirements/sphinx-v2/tests/021.test.mjs","name":"WHAT[sphinx-v2-021] refuses changed Failed interpretation identity atomically","fullName":"WHAT[sphinx-v2-021] changed or opposite outcomes refuse their whole batch without replacing the original interpretation > WHAT[sphinx-v2-021] refuses changed Failed interpretation identity atomically"}
test at /Users/yuanxi/Workwork/vibe-fs/requirements/sphinx-v2/tests/021.test.mjs:107:13
✖ WHAT[sphinx-v2-021] refuses changed Failed reason atomically (20.765ms)
  AssertionError [ERR_ASSERTION]: invalid interpretation facts must refuse their whole transition
  
  true !== false
  
      at expectInterpretationRefusal (file:///Users/yuanxi/Workwork/vibe-fs/requirements/sphinx-v2/tests/interpretation-support.mjs:72:10)
      at file:///Users/yuanxi/Workwork/vibe-fs/requirements/sphinx-v2/tests/021.test.mjs:113:9
      at async withStore (file:///Users/yuanxi/Workwork/vibe-fs/requirements/sphinx-v2/tests/persistence-support.mjs:83:16)
      at async TestContext.<anonymous> (file:///Users/yuanxi/Workwork/vibe-fs/requirements/sphinx-v2/tests/021.test.mjs:108:7)
      at async Test.run (node:internal/test_runner/test:1054:7)
      at async TestContext.<anonymous> (file:///Users/yuanxi/Workwork/vibe-fs/requirements/sphinx-v2/tests/021.test.mjs:107:5)
      at async Test.run (node:internal/test_runner/test:1054:7)
      at async Test.processPendingSubtests (node:internal/test_runner/test:744:7)

[verification-test-start] {"pid":59747,"parentPid":59743,"entryFile":"/Users/yuanxi/Workwork/vibe-fs/requirements/sphinx-v2/tests/021.test.mjs","name":"WHAT[sphinx-v2-021] refuses changed Failed plugin implementation reference atomically","fullName":"WHAT[sphinx-v2-021] changed or opposite outcomes refuse their whole batch without replacing the original interpretation > WHAT[sphinx-v2-021] refuses changed Failed plugin implementation reference atomically"}
test at /Users/yuanxi/Workwork/vibe-fs/requirements/sphinx-v2/tests/021.test.mjs:107:13
✖ WHAT[sphinx-v2-021] refuses changed Failed interpretation identity atomically (14.633ms)
  AssertionError [ERR_ASSERTION]: invalid interpretation facts must refuse their whole transition
  
  true !== false
  
      at expectInterpretationRefusal (file:///Users/yuanxi/Workwork/vibe-fs/requirements/sphinx-v2/tests/interpretation-support.mjs:72:10)
      at file:///Users/yuanxi/Workwork/vibe-fs/requirements/sphinx-v2/tests/021.test.mjs:113:9
      at async withStore (file:///Users/yuanxi/Workwork/vibe-fs/requirements/sphinx-v2/tests/persistence-support.mjs:83:16)
      at async TestContext.<anonymous> (file:///Users/yuanxi/Workwork/vibe-fs/requirements/sphinx-v2/tests/021.test.mjs:108:7)
      at async Test.run (node:internal/test_runner/test:1054:7)
      at async TestContext.<anonymous> (file:///Users/yuanxi/Workwork/vibe-fs/requirements/sphinx-v2/tests/021.test.mjs:107:5)
      at async Test.run (node:internal/test_runner/test:1054:7)
      at async Test.processPendingSubtests (node:internal/test_runner/test:744:7)

[verification-test-start] {"pid":59746,"parentPid":59743,"entryFile":"/Users/yuanxi/Workwork/vibe-fs/requirements/sphinx-v2/tests/019.test.mjs","name":"WHAT[sphinx-v2-019] a later legitimate child of an accepted ancestor is not rejected by a global last-state check","fullName":"WHAT[sphinx-v2-019] a later legitimate child of an accepted ancestor is not rejected by a global last-state check"}
[verification-test-start] {"pid":59747,"parentPid":59743,"entryFile":"/Users/yuanxi/Workwork/vibe-fs/requirements/sphinx-v2/tests/021.test.mjs","name":"WHAT[sphinx-v2-021] refuses changed Failed to Applied atomically","fullName":"WHAT[sphinx-v2-021] changed or opposite outcomes refuse their whole batch without replacing the original interpretation > WHAT[sphinx-v2-021] refuses changed Failed to Applied atomically"}
test at /Users/yuanxi/Workwork/vibe-fs/requirements/sphinx-v2/tests/021.test.mjs:107:13
✖ WHAT[sphinx-v2-021] refuses changed Failed plugin implementation reference atomically (21.769ms)
  AssertionError [ERR_ASSERTION]: invalid interpretation facts must refuse their whole transition
  
  true !== false
  
      at expectInterpretationRefusal (file:///Users/yuanxi/Workwork/vibe-fs/requirements/sphinx-v2/tests/interpretation-support.mjs:72:10)
      at file:///Users/yuanxi/Workwork/vibe-fs/requirements/sphinx-v2/tests/021.test.mjs:113:9
      at async withStore (file:///Users/yuanxi/Workwork/vibe-fs/requirements/sphinx-v2/tests/persistence-support.mjs:83:16)
      at async TestContext.<anonymous> (file:///Users/yuanxi/Workwork/vibe-fs/requirements/sphinx-v2/tests/021.test.mjs:108:7)
      at async Test.run (node:internal/test_runner/test:1054:7)
      at async TestContext.<anonymous> (file:///Users/yuanxi/Workwork/vibe-fs/requirements/sphinx-v2/tests/021.test.mjs:107:5)
      at async Test.run (node:internal/test_runner/test:1054:7)
      at async Test.processPendingSubtests (node:internal/test_runner/test:744:7)

[verification-test-start] {"pid":59746,"parentPid":59743,"entryFile":"/Users/yuanxi/Workwork/vibe-fs/requirements/sphinx-v2/tests/019.test.mjs","name":"WHAT[sphinx-v2-019] post-state verification checks actual complete state, not array sizes or the old incomplete stateHash","fullName":"WHAT[sphinx-v2-019] post-state verification checks actual complete state, not array sizes or the old incomplete stateHash"}
[verification-test-start] {"pid":59747,"parentPid":59743,"entryFile":"/Users/yuanxi/Workwork/vibe-fs/requirements/sphinx-v2/tests/021.test.mjs","name":"WHAT[sphinx-v2-021] the actual driver leaves pending interpretation for a real Observe owner and does not dispatch another Ready work","fullName":"WHAT[sphinx-v2-021] the actual driver leaves pending interpretation for a real Observe owner and does not dispatch another Ready work"}
test at /Users/yuanxi/Workwork/vibe-fs/requirements/sphinx-v2/tests/021.test.mjs:107:13
✖ WHAT[sphinx-v2-021] refuses changed Failed to Applied atomically (18.553ms)
  AssertionError [ERR_ASSERTION]: invalid interpretation facts must refuse their whole transition
  
  true !== false
  
      at expectInterpretationRefusal (file:///Users/yuanxi/Workwork/vibe-fs/requirements/sphinx-v2/tests/interpretation-support.mjs:72:10)
      at file:///Users/yuanxi/Workwork/vibe-fs/requirements/sphinx-v2/tests/021.test.mjs:113:9
      at async withStore (file:///Users/yuanxi/Workwork/vibe-fs/requirements/sphinx-v2/tests/persistence-support.mjs:83:16)
      at async TestContext.<anonymous> (file:///Users/yuanxi/Workwork/vibe-fs/requirements/sphinx-v2/tests/021.test.mjs:108:7)
      at async Test.run (node:internal/test_runner/test:1054:7)
      at async TestContext.<anonymous> (file:///Users/yuanxi/Workwork/vibe-fs/requirements/sphinx-v2/tests/021.test.mjs:107:5)
      at async Test.run (node:internal/test_runner/test:1054:7)
      at async Test.processPendingSubtests (node:internal/test_runner/test:744:7)

test at /Users/yuanxi/Workwork/vibe-fs/requirements/sphinx-v2/tests/021.test.mjs:93:1
✖ WHAT[sphinx-v2-021] changed or opposite outcomes refuse their whole batch without replacing the original interpretation (202.936ms)
  '10 subtests failed'

test at /Users/yuanxi/Workwork/vibe-fs/requirements/sphinx-v2/tests/021.test.mjs:128:1
✖ WHAT[sphinx-v2-021] the actual driver leaves pending interpretation for a real Observe owner and does not dispatch another Ready work (13.760ms)
  AssertionError [ERR_ASSERTION]: without a bound Observe the driver must not fabricate Applied or buy more work
  + actual - expected
  
  + [
  +   {
  +     case: 'InterpretationApplied',
  +     payload: {
  +       delta: {
  +         canonicalPayload: '{}',
  +         schema: {
  +           hash: 'empty',
  +           id: 'sphinx.v2/empty@1'
  +         }
  +       },
  +       interpretationId: 'interpretation-observation',
  +       observationId: 'interpretation-observation',
  +       pluginRef: 'unbound'
  +     }
  +   }
  + ]
  - []
  
      at file:///Users/yuanxi/Workwork/vibe-fs/requirements/sphinx-v2/tests/021.test.mjs:142:12
      at async withStore (file:///Users/yuanxi/Workwork/vibe-fs/requirements/sphinx-v2/tests/persistence-support.mjs:83:16)
      at async TestContext.<anonymous> (file:///Users/yuanxi/Workwork/vibe-fs/requirements/sphinx-v2/tests/021.test.mjs:129:3)
      at async Test.run (node:internal/test_runner/test:1054:7)
      at async Test.processPendingSubtests (node:internal/test_runner/test:744:7)

[verification-worker-cost] {"version":1,"phase":"exit","sequence":1,"entryFile":"/Users/yuanxi/Workwork/vibe-fs/requirements/sphinx-v2/tests/021.test.mjs","pid":59747,"parentPid":59743,"monotonicMs":499.660417,"cpuUserMicros":402387,"cpuSystemMicros":74099,"exitCode":1}
runner: file lifecycle {"entryFile":"/Users/yuanxi/Workwork/vibe-fs/requirements/sphinx-v2/tests/021.test.mjs","type":"runner:file-drained","elapsedMs":562.428708}
runner: worker cost {"version":1,"entryFile":"/Users/yuanxi/Workwork/vibe-fs/requirements/sphinx-v2/tests/021.test.mjs","enabled":true,"pid":59747,"status":"complete","reason":null,"preImport":{"version":1,"phase":"pre-import","sequence":0,"entryFile":"/Users/yuanxi/Workwork/vibe-fs/requirements/sphinx-v2/tests/021.test.mjs","pid":59747,"parentPid":59743,"monotonicMs":20.811375,"cpuUserMicros":25678,"cpuSystemMicros":5599},"exit":{"version":1,"phase":"exit","sequence":1,"entryFile":"/Users/yuanxi/Workwork/vibe-fs/requirements/sphinx-v2/tests/021.test.mjs","pid":59747,"parentPid":59743,"monotonicMs":499.660417,"cpuUserMicros":402387,"cpuSystemMicros":74099,"exitCode":1},"interval":{"clockPid":59747,"wallMs":478.849042,"cpuUserMicros":376709,"cpuSystemMicros":68500}}
[verification-test-start] {"pid":59746,"parentPid":59743,"entryFile":"/Users/yuanxi/Workwork/vibe-fs/requirements/sphinx-v2/tests/019.test.mjs","name":"WHAT[sphinx-v2-019] canonical replay honors the parent when a child identity sorts before it","fullName":"WHAT[sphinx-v2-019] canonical replay honors the parent when a child identity sorts before it"}
[verification-test-start] {"pid":59746,"parentPid":59743,"entryFile":"/Users/yuanxi/Workwork/vibe-fs/requirements/sphinx-v2/tests/019.test.mjs","name":"WHAT[sphinx-v2-019] strict ingress rejects malformed fields and arrays without silently dropping them","fullName":"WHAT[sphinx-v2-019] strict ingress rejects malformed fields and arrays without silently dropping them"}
[verification-test-start] {"pid":59746,"parentPid":59743,"entryFile":"/Users/yuanxi/Workwork/vibe-fs/requirements/sphinx-v2/tests/019.test.mjs","name":"WHAT[sphinx-v2-019] frozen @1 material is preserved and explicitly cut, never silently restored as an empty inquiry","fullName":"WHAT[sphinx-v2-019] frozen @1 material is preserved and explicitly cut, never silently restored as an empty inquiry"}
[verification-test-start] {"pid":59746,"parentPid":59743,"entryFile":"/Users/yuanxi/Workwork/vibe-fs/requirements/sphinx-v2/tests/019.test.mjs","name":"WHAT[sphinx-v2-019] creation and multi-body work transition append atomically at one revision and survive a new writer","fullName":"WHAT[sphinx-v2-019] creation and multi-body work transition append atomically at one revision and survive a new writer"}
[verification-test-start] {"pid":59746,"parentPid":59743,"entryFile":"/Users/yuanxi/Workwork/vibe-fs/requirements/sphinx-v2/tests/019.test.mjs","name":"WHAT[sphinx-v2-019] cancellation and a late cancel remain honest across writer close and canonical cold replay","fullName":"WHAT[sphinx-v2-019] cancellation and a late cancel remain honest across writer close and canonical cold replay"}
[verification-test-start] {"pid":59746,"parentPid":59743,"entryFile":"/Users/yuanxi/Workwork/vibe-fs/requirements/sphinx-v2/tests/019.test.mjs","name":"WHAT[sphinx-v2-019] all 30 body cases cross real encoding append and new-writer canonical replay without losing public DTO fields","fullName":"WHAT[sphinx-v2-019] all 30 body cases cross real encoding append and new-writer canonical replay without losing public DTO fields"}
[verification-worker-cost] {"version":1,"phase":"exit","sequence":1,"entryFile":"/Users/yuanxi/Workwork/vibe-fs/requirements/sphinx-v2/tests/019.test.mjs","pid":59746,"parentPid":59743,"monotonicMs":1031.979625,"cpuUserMicros":702734,"cpuSystemMicros":156217,"exitCode":1}
runner: file lifecycle {"entryFile":"/Users/yuanxi/Workwork/vibe-fs/requirements/sphinx-v2/tests/019.test.mjs","type":"runner:file-drained","elapsedMs":1093.193875}
runner: worker cost {"version":1,"entryFile":"/Users/yuanxi/Workwork/vibe-fs/requirements/sphinx-v2/tests/019.test.mjs","enabled":true,"pid":59746,"status":"complete","reason":null,"preImport":{"version":1,"phase":"pre-import","sequence":0,"entryFile":"/Users/yuanxi/Workwork/vibe-fs/requirements/sphinx-v2/tests/019.test.mjs","pid":59746,"parentPid":59743,"monotonicMs":24.612542,"cpuUserMicros":29279,"cpuSystemMicros":6498},"exit":{"version":1,"phase":"exit","sequence":1,"entryFile":"/Users/yuanxi/Workwork/vibe-fs/requirements/sphinx-v2/tests/019.test.mjs","pid":59746,"parentPid":59743,"monotonicMs":1031.979625,"cpuUserMicros":702734,"cpuSystemMicros":156217,"exitCode":1},"interval":{"clockPid":59746,"wallMs":1007.367083,"cpuUserMicros":673455,"cpuSystemMicros":149719}}

[test-summary] 4 file(s), 29 passed, 29 failed, 1 todo, 6 failed containers (1.06s wall, 1.67s test time)
  todo: /Users/yuanxi/Workwork/vibe-fs/requirements/sphinx-v2/tests/021.test.mjs:WHAT[sphinx-v2-021] actual two-transaction recovery preserves accepted raw responses and retries only pure interpretation after plugin failure — reason not supplied
runner: post-exit group verification/reclamation: pid=59743; elapsedMs=17.320; accepted=true
runner: 59 test(s), 1.7s of test time; max 408ms, p90 39ms, median 20ms
runner:     408ms  WHAT[sphinx-v2-019] all 30 body cases cross real encoding append and new-writer canonical replay without losing public DTO fields
runner:      70ms  WHAT[sphinx-v2-019] cancellation and a late cancel remain honest across writer close and canonical cold replay
runner:      51ms  WHAT[sphinx-v2-019] legal same-parent forks preserve both writers and canonical Current refuses to pick a winner
runner:      46ms  WHAT[sphinx-v2-021] exact Applied and Pending replays retain the original terminal interpretation
runner:      40ms  WHAT[sphinx-v2-006] pending interpretation exposes only its original logical provenance without an invented semantic outcome

runner: 29 passed, 29 failed; 4/4 planned file(s) completed
Error: runner: supervised suite failed (exit 1)
    at fail (file:///Users/yuanxi/Workwork/vibe-fs/requirements/verification-system/tests/e2e/support/supervise-node-test.mjs:228:25)
    at superviseOwnedNodeTest (file:///Users/yuanxi/Workwork/vibe-fs/requirements/verification-system/tests/e2e/support/supervise-node-test.mjs:444:19)
    at process.processTicksAndRejections (node:internal/process/task_queues:103:5)
    at async superviseNodeTest (file:///Users/yuanxi/Workwork/vibe-fs/requirements/verification-system/tests/e2e/support/supervise-node-test.mjs:205:14)
    at async file:///Users/yuanxi/Workwork/vibe-fs/requirements/verification-system/tests/run.mjs:94:1 {
  exitCode: 1,
  [cause]: undefined
}
