runner: scoped 使用 TESTS_MJS_FILES=1 files
runner: build is current (1798 sources, 886 artifacts)
runner: discovery OVERRIDDEN by TESTS_MJS_FILES (1 file(s))
runner: 1 test file(s), 5000ms verdict-silence window
runner: file lifecycle {"entryFile":"/Users/yuanxi/Workwork/vibe-fs/requirements/sphinx-v2/tests/010.test.mjs","pid":80181,"parentPid":80154,"type":"runner:file-start","elapsedMs":156.858792}
[verification-test-start] {"pid":80182,"parentPid":80181,"entryFile":"/Users/yuanxi/Workwork/vibe-fs/requirements/sphinx-v2/tests/010.test.mjs","name":"WHAT[sphinx-v2-010] recovery classification distinguishes unsent intent from an unrecorded Host receipt","fullName":"WHAT[sphinx-v2-010] recovery classification distinguishes unsent intent from an unrecorded Host receipt"}
[verification-test-start] {"pid":80182,"parentPid":80181,"entryFile":"/Users/yuanxi/Workwork/vibe-fs/requirements/sphinx-v2/tests/010.test.mjs","name":"WHAT[sphinx-v2-010] canonical Current freezes the complete durable intent and receipt without inventing Running","fullName":"WHAT[sphinx-v2-010] canonical Current freezes the complete durable intent and receipt without inventing Running"}
[verification-test-start] {"pid":80182,"parentPid":80181,"entryFile":"/Users/yuanxi/Workwork/vibe-fs/requirements/sphinx-v2/tests/010.test.mjs","name":"WHAT[sphinx-v2-010] a Ready work with its own durable reservation can record an intent before acquiring a lease","fullName":"WHAT[sphinx-v2-010] a Ready work with its own durable reservation can record an intent before acquiring a lease"}
[verification-test-start] {"pid":80182,"parentPid":80181,"entryFile":"/Users/yuanxi/Workwork/vibe-fs/requirements/sphinx-v2/tests/010.test.mjs","name":"WHAT[sphinx-v2-010] exact intent and full receipt replay retain the original record after Running and reservation release","fullName":"WHAT[sphinx-v2-010] exact intent and full receipt replay retain the original record after Running and reservation release"}
[verification-test-start] {"pid":80182,"parentPid":80181,"entryFile":"/Users/yuanxi/Workwork/vibe-fs/requirements/sphinx-v2/tests/010.test.mjs","name":"WHAT[sphinx-v2-010] new intent requires an existing ready attempt and its own sufficient persisted reservation","fullName":"WHAT[sphinx-v2-010] new intent requires an existing ready attempt and its own sufficient persisted reservation"}
[verification-test-start] {"pid":80182,"parentPid":80181,"entryFile":"/Users/yuanxi/Workwork/vibe-fs/requirements/sphinx-v2/tests/010.test.mjs","name":"WHAT[sphinx-v2-010] refuses missing work without publishing an intent","fullName":"WHAT[sphinx-v2-010] new intent requires an existing ready attempt and its own sufficient persisted reservation > WHAT[sphinx-v2-010] refuses missing work without publishing an intent"}
[verification-test-start] {"pid":80182,"parentPid":80181,"entryFile":"/Users/yuanxi/Workwork/vibe-fs/requirements/sphinx-v2/tests/010.test.mjs","name":"WHAT[sphinx-v2-010] refuses different attempt without publishing an intent","fullName":"WHAT[sphinx-v2-010] new intent requires an existing ready attempt and its own sufficient persisted reservation > WHAT[sphinx-v2-010] refuses different attempt without publishing an intent"}
[verification-test-start] {"pid":80182,"parentPid":80181,"entryFile":"/Users/yuanxi/Workwork/vibe-fs/requirements/sphinx-v2/tests/010.test.mjs","name":"WHAT[sphinx-v2-010] refuses different fence without publishing an intent","fullName":"WHAT[sphinx-v2-010] new intent requires an existing ready attempt and its own sufficient persisted reservation > WHAT[sphinx-v2-010] refuses different fence without publishing an intent"}
[verification-test-start] {"pid":80182,"parentPid":80181,"entryFile":"/Users/yuanxi/Workwork/vibe-fs/requirements/sphinx-v2/tests/010.test.mjs","name":"WHAT[sphinx-v2-010] refuses different immutable input without publishing an intent","fullName":"WHAT[sphinx-v2-010] new intent requires an existing ready attempt and its own sufficient persisted reservation > WHAT[sphinx-v2-010] refuses different immutable input without publishing an intent"}
[verification-test-start] {"pid":80182,"parentPid":80181,"entryFile":"/Users/yuanxi/Workwork/vibe-fs/requirements/sphinx-v2/tests/010.test.mjs","name":"WHAT[sphinx-v2-010] refuses different resource declaration without publishing an intent","fullName":"WHAT[sphinx-v2-010] new intent requires an existing ready attempt and its own sufficient persisted reservation > WHAT[sphinx-v2-010] refuses different resource declaration without publishing an intent"}
[verification-test-start] {"pid":80182,"parentPid":80181,"entryFile":"/Users/yuanxi/Workwork/vibe-fs/requirements/sphinx-v2/tests/010.test.mjs","name":"WHAT[sphinx-v2-010] refuses invented physical reference without publishing an intent","fullName":"WHAT[sphinx-v2-010] new intent requires an existing ready attempt and its own sufficient persisted reservation > WHAT[sphinx-v2-010] refuses invented physical reference without publishing an intent"}
[verification-test-start] {"pid":80182,"parentPid":80181,"entryFile":"/Users/yuanxi/Workwork/vibe-fs/requirements/sphinx-v2/tests/010.test.mjs","name":"WHAT[sphinx-v2-010] refuses Planned work without publishing an intent","fullName":"WHAT[sphinx-v2-010] new intent requires an existing ready attempt and its own sufficient persisted reservation > WHAT[sphinx-v2-010] refuses Planned work without publishing an intent"}
[verification-test-start] {"pid":80182,"parentPid":80181,"entryFile":"/Users/yuanxi/Workwork/vibe-fs/requirements/sphinx-v2/tests/010.test.mjs","name":"WHAT[sphinx-v2-010] refuses no reservation without publishing an intent","fullName":"WHAT[sphinx-v2-010] new intent requires an existing ready attempt and its own sufficient persisted reservation > WHAT[sphinx-v2-010] refuses no reservation without publishing an intent"}
[verification-test-start] {"pid":80182,"parentPid":80181,"entryFile":"/Users/yuanxi/Workwork/vibe-fs/requirements/sphinx-v2/tests/010.test.mjs","name":"WHAT[sphinx-v2-010] refuses insufficient reservation without publishing an intent","fullName":"WHAT[sphinx-v2-010] new intent requires an existing ready attempt and its own sufficient persisted reservation > WHAT[sphinx-v2-010] refuses insufficient reservation without publishing an intent"}
[verification-test-start] {"pid":80182,"parentPid":80181,"entryFile":"/Users/yuanxi/Workwork/vibe-fs/requirements/sphinx-v2/tests/010.test.mjs","name":"WHAT[sphinx-v2-010] refuses another attempt reservation without publishing an intent","fullName":"WHAT[sphinx-v2-010] new intent requires an existing ready attempt and its own sufficient persisted reservation > WHAT[sphinx-v2-010] refuses another attempt reservation without publishing an intent"}
[verification-test-start] {"pid":80182,"parentPid":80181,"entryFile":"/Users/yuanxi/Workwork/vibe-fs/requirements/sphinx-v2/tests/010.test.mjs","name":"WHAT[sphinx-v2-010] refuses released reservation without publishing an intent","fullName":"WHAT[sphinx-v2-010] new intent requires an existing ready attempt and its own sufficient persisted reservation > WHAT[sphinx-v2-010] refuses released reservation without publishing an intent"}
[verification-test-start] {"pid":80182,"parentPid":80181,"entryFile":"/Users/yuanxi/Workwork/vibe-fs/requirements/sphinx-v2/tests/010.test.mjs","name":"WHAT[sphinx-v2-010] refuses Running work without publishing an intent","fullName":"WHAT[sphinx-v2-010] new intent requires an existing ready attempt and its own sufficient persisted reservation > WHAT[sphinx-v2-010] refuses Running work without publishing an intent"}
[verification-test-start] {"pid":80182,"parentPid":80181,"entryFile":"/Users/yuanxi/Workwork/vibe-fs/requirements/sphinx-v2/tests/010.test.mjs","name":"WHAT[sphinx-v2-010] refuses input required work without publishing an intent","fullName":"WHAT[sphinx-v2-010] new intent requires an existing ready attempt and its own sufficient persisted reservation > WHAT[sphinx-v2-010] refuses input required work without publishing an intent"}
[verification-test-start] {"pid":80182,"parentPid":80181,"entryFile":"/Users/yuanxi/Workwork/vibe-fs/requirements/sphinx-v2/tests/010.test.mjs","name":"WHAT[sphinx-v2-010] refuses failed work without publishing an intent","fullName":"WHAT[sphinx-v2-010] new intent requires an existing ready attempt and its own sufficient persisted reservation > WHAT[sphinx-v2-010] refuses failed work without publishing an intent"}
[verification-test-start] {"pid":80182,"parentPid":80181,"entryFile":"/Users/yuanxi/Workwork/vibe-fs/requirements/sphinx-v2/tests/010.test.mjs","name":"WHAT[sphinx-v2-010] refuses cancelled work without publishing an intent","fullName":"WHAT[sphinx-v2-010] new intent requires an existing ready attempt and its own sufficient persisted reservation > WHAT[sphinx-v2-010] refuses cancelled work without publishing an intent"}
[verification-test-start] {"pid":80182,"parentPid":80181,"entryFile":"/Users/yuanxi/Workwork/vibe-fs/requirements/sphinx-v2/tests/010.test.mjs","name":"WHAT[sphinx-v2-010] accepted intent identity binds all request contents and admits only one intent for a work attempt","fullName":"WHAT[sphinx-v2-010] accepted intent identity binds all request contents and admits only one intent for a work attempt"}
[verification-test-start] {"pid":80182,"parentPid":80181,"entryFile":"/Users/yuanxi/Workwork/vibe-fs/requirements/sphinx-v2/tests/010.test.mjs","name":"WHAT[sphinx-v2-010] refuses changed public envelope atomically","fullName":"WHAT[sphinx-v2-010] accepted intent identity binds all request contents and admits only one intent for a work attempt > WHAT[sphinx-v2-010] refuses changed public envelope atomically"}
[verification-test-start] {"pid":80182,"parentPid":80181,"entryFile":"/Users/yuanxi/Workwork/vibe-fs/requirements/sphinx-v2/tests/010.test.mjs","name":"WHAT[sphinx-v2-010] refuses changed private ticket atomically","fullName":"WHAT[sphinx-v2-010] accepted intent identity binds all request contents and admits only one intent for a work attempt > WHAT[sphinx-v2-010] refuses changed private ticket atomically"}
[verification-test-start] {"pid":80182,"parentPid":80181,"entryFile":"/Users/yuanxi/Workwork/vibe-fs/requirements/sphinx-v2/tests/010.test.mjs","name":"WHAT[sphinx-v2-010] refuses changed public schema atomically","fullName":"WHAT[sphinx-v2-010] accepted intent identity binds all request contents and admits only one intent for a work attempt > WHAT[sphinx-v2-010] refuses changed public schema atomically"}
[verification-test-start] {"pid":80182,"parentPid":80181,"entryFile":"/Users/yuanxi/Workwork/vibe-fs/requirements/sphinx-v2/tests/010.test.mjs","name":"WHAT[sphinx-v2-010] refuses changed work content atomically","fullName":"WHAT[sphinx-v2-010] accepted intent identity binds all request contents and admits only one intent for a work attempt > WHAT[sphinx-v2-010] refuses changed work content atomically"}
[verification-test-start] {"pid":80182,"parentPid":80181,"entryFile":"/Users/yuanxi/Workwork/vibe-fs/requirements/sphinx-v2/tests/010.test.mjs","name":"WHAT[sphinx-v2-010] refuses changed second intent identity atomically","fullName":"WHAT[sphinx-v2-010] accepted intent identity binds all request contents and admits only one intent for a work attempt > WHAT[sphinx-v2-010] refuses changed second intent identity atomically"}
[verification-test-start] {"pid":80182,"parentPid":80181,"entryFile":"/Users/yuanxi/Workwork/vibe-fs/requirements/sphinx-v2/tests/010.test.mjs","name":"WHAT[sphinx-v2-010] a receipt requires the accepted intent and matching work attempt fence and physical binding","fullName":"WHAT[sphinx-v2-010] a receipt requires the accepted intent and matching work attempt fence and physical binding"}
[verification-test-start] {"pid":80182,"parentPid":80181,"entryFile":"/Users/yuanxi/Workwork/vibe-fs/requirements/sphinx-v2/tests/010.test.mjs","name":"WHAT[sphinx-v2-010] refuses receipt for absent intent","fullName":"WHAT[sphinx-v2-010] a receipt requires the accepted intent and matching work attempt fence and physical binding > WHAT[sphinx-v2-010] refuses receipt for absent intent"}
[verification-test-start] {"pid":80182,"parentPid":80181,"entryFile":"/Users/yuanxi/Workwork/vibe-fs/requirements/sphinx-v2/tests/010.test.mjs","name":"WHAT[sphinx-v2-010] refuses receipt for another intent","fullName":"WHAT[sphinx-v2-010] a receipt requires the accepted intent and matching work attempt fence and physical binding > WHAT[sphinx-v2-010] refuses receipt for another intent"}
[verification-test-start] {"pid":80182,"parentPid":80181,"entryFile":"/Users/yuanxi/Workwork/vibe-fs/requirements/sphinx-v2/tests/010.test.mjs","name":"WHAT[sphinx-v2-010] refuses receipt for another work","fullName":"WHAT[sphinx-v2-010] a receipt requires the accepted intent and matching work attempt fence and physical binding > WHAT[sphinx-v2-010] refuses receipt for another work"}
[verification-test-start] {"pid":80182,"parentPid":80181,"entryFile":"/Users/yuanxi/Workwork/vibe-fs/requirements/sphinx-v2/tests/010.test.mjs","name":"WHAT[sphinx-v2-010] refuses receipt for another attempt","fullName":"WHAT[sphinx-v2-010] a receipt requires the accepted intent and matching work attempt fence and physical binding > WHAT[sphinx-v2-010] refuses receipt for another attempt"}
[verification-test-start] {"pid":80182,"parentPid":80181,"entryFile":"/Users/yuanxi/Workwork/vibe-fs/requirements/sphinx-v2/tests/010.test.mjs","name":"WHAT[sphinx-v2-010] refuses receipt for another fence","fullName":"WHAT[sphinx-v2-010] a receipt requires the accepted intent and matching work attempt fence and physical binding > WHAT[sphinx-v2-010] refuses receipt for another fence"}
[verification-test-start] {"pid":80182,"parentPid":80181,"entryFile":"/Users/yuanxi/Workwork/vibe-fs/requirements/sphinx-v2/tests/010.test.mjs","name":"WHAT[sphinx-v2-010] refuses receipt for conflicting actual physical reference","fullName":"WHAT[sphinx-v2-010] a receipt requires the accepted intent and matching work attempt fence and physical binding > WHAT[sphinx-v2-010] refuses receipt for conflicting actual physical reference"}
[verification-test-start] {"pid":80182,"parentPid":80181,"entryFile":"/Users/yuanxi/Workwork/vibe-fs/requirements/sphinx-v2/tests/010.test.mjs","name":"WHAT[sphinx-v2-010] refuses receipt for conflicting Running reference with absent spec reference","fullName":"WHAT[sphinx-v2-010] a receipt requires the accepted intent and matching work attempt fence and physical binding > WHAT[sphinx-v2-010] refuses receipt for conflicting Running reference with absent spec reference"}
[verification-test-start] {"pid":80182,"parentPid":80181,"entryFile":"/Users/yuanxi/Workwork/vibe-fs/requirements/sphinx-v2/tests/010.test.mjs","name":"WHAT[sphinx-v2-010] the complete recorded receipt is immutable for its accepted intent","fullName":"WHAT[sphinx-v2-010] the complete recorded receipt is immutable for its accepted intent"}

✖ failing tests:

test at /Users/yuanxi/Workwork/vibe-fs/requirements/sphinx-v2/tests/010.test.mjs:183:13
✖ WHAT[sphinx-v2-010] refuses receipt for conflicting Running reference with absent spec reference (33.094ms)
  AssertionError [ERR_ASSERTION]: invalid dispatch facts must be refused, not accepted as no-ops
  
  true !== false
  
      at expectRejected (file:///Users/yuanxi/Workwork/vibe-fs/requirements/sphinx-v2/tests/010.test.mjs:45:10)
      at file:///Users/yuanxi/Workwork/vibe-fs/requirements/sphinx-v2/tests/010.test.mjs:189:9
      at async withStore (file:///Users/yuanxi/Workwork/vibe-fs/requirements/sphinx-v2/tests/persistence-support.mjs:83:16)
      at async TestContext.<anonymous> (file:///Users/yuanxi/Workwork/vibe-fs/requirements/sphinx-v2/tests/010.test.mjs:184:7)
      at async Test.run (node:internal/test_runner/test:1054:7)
      at async TestContext.<anonymous> (file:///Users/yuanxi/Workwork/vibe-fs/requirements/sphinx-v2/tests/010.test.mjs:183:5)
      at async Test.run (node:internal/test_runner/test:1054:7)
      at async Test.processPendingSubtests (node:internal/test_runner/test:744:7)

test at /Users/yuanxi/Workwork/vibe-fs/requirements/sphinx-v2/tests/010.test.mjs:168:1
✖ WHAT[sphinx-v2-010] a receipt requires the accepted intent and matching work attempt fence and physical binding (212.716ms)
  '1 subtest failed'

[verification-test-start] {"pid":80182,"parentPid":80181,"entryFile":"/Users/yuanxi/Workwork/vibe-fs/requirements/sphinx-v2/tests/010.test.mjs","name":"WHAT[sphinx-v2-010] refuses a changed physical reference without replacing the original receipt","fullName":"WHAT[sphinx-v2-010] the complete recorded receipt is immutable for its accepted intent > WHAT[sphinx-v2-010] refuses a changed physical reference without replacing the original receipt"}
[verification-test-start] {"pid":80182,"parentPid":80181,"entryFile":"/Users/yuanxi/Workwork/vibe-fs/requirements/sphinx-v2/tests/010.test.mjs","name":"WHAT[sphinx-v2-010] refuses a changed receipt payload without replacing the original receipt","fullName":"WHAT[sphinx-v2-010] the complete recorded receipt is immutable for its accepted intent > WHAT[sphinx-v2-010] refuses a changed receipt payload without replacing the original receipt"}
[verification-test-start] {"pid":80182,"parentPid":80181,"entryFile":"/Users/yuanxi/Workwork/vibe-fs/requirements/sphinx-v2/tests/010.test.mjs","name":"WHAT[sphinx-v2-010] refuses a changed receipt schema without replacing the original receipt","fullName":"WHAT[sphinx-v2-010] the complete recorded receipt is immutable for its accepted intent > WHAT[sphinx-v2-010] refuses a changed receipt schema without replacing the original receipt"}
[verification-test-start] {"pid":80182,"parentPid":80181,"entryFile":"/Users/yuanxi/Workwork/vibe-fs/requirements/sphinx-v2/tests/010.test.mjs","name":"WHAT[sphinx-v2-010] terminal inquiry admission rejects new dispatch facts including event-level replay","fullName":"WHAT[sphinx-v2-010] terminal inquiry admission rejects new dispatch facts including event-level replay"}
[verification-test-start] {"pid":80182,"parentPid":80181,"entryFile":"/Users/yuanxi/Workwork/vibe-fs/requirements/sphinx-v2/tests/010.test.mjs","name":"WHAT[sphinx-v2-010] terminal inquiry refuses DispatchRequested","fullName":"WHAT[sphinx-v2-010] terminal inquiry admission rejects new dispatch facts including event-level replay > WHAT[sphinx-v2-010] terminal inquiry refuses DispatchRequested"}
[verification-test-start] {"pid":80182,"parentPid":80181,"entryFile":"/Users/yuanxi/Workwork/vibe-fs/requirements/sphinx-v2/tests/010.test.mjs","name":"WHAT[sphinx-v2-010] terminal inquiry refuses DispatchReceiptRecorded","fullName":"WHAT[sphinx-v2-010] terminal inquiry admission rejects new dispatch facts including event-level replay > WHAT[sphinx-v2-010] terminal inquiry refuses DispatchReceiptRecorded"}
[verification-test-start] {"pid":80182,"parentPid":80181,"entryFile":"/Users/yuanxi/Workwork/vibe-fs/requirements/sphinx-v2/tests/010.test.mjs","name":"WHAT[sphinx-v2-010] actual durable append failure prevents Host dispatch and receipt-loss recovery reconciles the same intent without creating a second child","fullName":"WHAT[sphinx-v2-010] actual durable append failure prevents Host dispatch and receipt-loss recovery reconciles the same intent without creating a second child"}
runner: file lifecycle {"entryFile":"/Users/yuanxi/Workwork/vibe-fs/requirements/sphinx-v2/tests/010.test.mjs","type":"runner:file-drained","elapsedMs":2267.844375}

[test-summary] 1 file(s), 39 passed, 1 failed, 1 todo, 1 failed containers (2.14s wall, 2.34s test time)
  todo: /Users/yuanxi/Workwork/vibe-fs/requirements/sphinx-v2/tests/010.test.mjs:WHAT[sphinx-v2-010] actual durable append failure prevents Host dispatch and receipt-loss recovery reconciles the same intent without creating a second child — reason not supplied
runner: post-exit group verification/reclamation: pid=80181; elapsedMs=88.814; accepted=true
runner: 41 test(s), 2.3s of test time; max 487ms, p90 107ms, median 33ms
runner:     487ms  WHAT[sphinx-v2-010] new intent requires an existing ready attempt and its own sufficient persisted reservation
runner:     216ms  WHAT[sphinx-v2-010] accepted intent identity binds all request contents and admits only one intent for a work attempt
runner:     183ms  WHAT[sphinx-v2-010] canonical Current freezes the complete durable intent and receipt without inventing Running
runner:     123ms  WHAT[sphinx-v2-010] the complete recorded receipt is immutable for its accepted intent
runner:     107ms  WHAT[sphinx-v2-010] exact intent and full receipt replay retain the original record after Running and reservation release

runner: 39 passed, 1 failed; 1/1 planned file(s) completed
Error: runner: supervised suite failed (exit 1)
    at fail (file:///Users/yuanxi/Workwork/vibe-fs/requirements/verification-system/tests/e2e/support/supervise-node-test.mjs:221:25)
    at superviseOwnedNodeTest (file:///Users/yuanxi/Workwork/vibe-fs/requirements/verification-system/tests/e2e/support/supervise-node-test.mjs:400:19)
    at process.processTicksAndRejections (node:internal/process/task_queues:103:5)
    at async superviseNodeTest (file:///Users/yuanxi/Workwork/vibe-fs/requirements/verification-system/tests/e2e/support/supervise-node-test.mjs:199:14)
    at async file:///Users/yuanxi/Workwork/vibe-fs/requirements/verification-system/tests/run.mjs:94:1 {
  exitCode: 1
}
