runner: scoped 使用 TESTS_MJS_FILES=3 files
runner: build is current (1798 sources, 886 artifacts)
runner: discovery OVERRIDDEN by TESTS_MJS_FILES (3 file(s))
runner: 3 test file(s), 5000ms verdict-silence window
runner: file lifecycle {"entryFile":"/Users/yuanxi/Workwork/vibe-fs/requirements/sphinx-v2/tests/004.test.mjs","pid":78137,"parentPid":78108,"type":"runner:file-start","elapsedMs":155.77470799999992}
runner: file lifecycle {"entryFile":"/Users/yuanxi/Workwork/vibe-fs/requirements/sphinx-v2/tests/010.test.mjs","pid":78137,"parentPid":78108,"type":"runner:file-start","elapsedMs":159.2599580000001}
runner: file lifecycle {"entryFile":"/Users/yuanxi/Workwork/vibe-fs/requirements/sphinx-v2/tests/019.test.mjs","pid":78137,"parentPid":78108,"type":"runner:file-start","elapsedMs":169.42795800000022}
[verification-test-start] {"pid":78138,"parentPid":78137,"entryFile":"/Users/yuanxi/Workwork/vibe-fs/requirements/sphinx-v2/tests/004.test.mjs","name":"WHAT[sphinx-v2-004] provider receipt classification preserves unresolved usage rather than billing it as zero","fullName":"WHAT[sphinx-v2-004] provider receipt classification preserves unresolved usage rather than billing it as zero"}
[verification-test-start] {"pid":78139,"parentPid":78137,"entryFile":"/Users/yuanxi/Workwork/vibe-fs/requirements/sphinx-v2/tests/010.test.mjs","name":"WHAT[sphinx-v2-010] recovery classification distinguishes unsent intent from an unrecorded Host receipt","fullName":"WHAT[sphinx-v2-010] recovery classification distinguishes unsent intent from an unrecorded Host receipt"}
[verification-test-start] {"pid":78140,"parentPid":78137,"entryFile":"/Users/yuanxi/Workwork/vibe-fs/requirements/sphinx-v2/tests/019.test.mjs","name":"WHAT[sphinx-v2-019] previously sealed @2 creation and ordinary work retain their exact complete state through cold replay","fullName":"WHAT[sphinx-v2-019] previously sealed @2 creation and ordinary work retain their exact complete state through cold replay"}
[verification-test-start] {"pid":78138,"parentPid":78137,"entryFile":"/Users/yuanxi/Workwork/vibe-fs/requirements/sphinx-v2/tests/004.test.mjs","name":"WHAT[sphinx-v2-004] canonical reservations retain each work amount rather than the accumulated pool through cold replay","fullName":"WHAT[sphinx-v2-004] canonical reservations retain each work amount rather than the accumulated pool through cold replay"}
[verification-test-start] {"pid":78139,"parentPid":78137,"entryFile":"/Users/yuanxi/Workwork/vibe-fs/requirements/sphinx-v2/tests/010.test.mjs","name":"WHAT[sphinx-v2-010] canonical Current freezes the complete durable intent and actual receipt without inventing Running","fullName":"WHAT[sphinx-v2-010] canonical Current freezes the complete durable intent and actual receipt without inventing Running"}
[verification-test-start] {"pid":78140,"parentPid":78137,"entryFile":"/Users/yuanxi/Workwork/vibe-fs/requirements/sphinx-v2/tests/019.test.mjs","name":"WHAT[sphinx-v2-019] preserves actual prior seal for legacy-created","fullName":"WHAT[sphinx-v2-019] previously sealed @2 creation and ordinary work retain their exact complete state through cold replay > WHAT[sphinx-v2-019] preserves actual prior seal for legacy-created"}
[verification-test-start] {"pid":78140,"parentPid":78137,"entryFile":"/Users/yuanxi/Workwork/vibe-fs/requirements/sphinx-v2/tests/019.test.mjs","name":"WHAT[sphinx-v2-019] preserves actual prior seal for legacy-work","fullName":"WHAT[sphinx-v2-019] previously sealed @2 creation and ordinary work retain their exact complete state through cold replay > WHAT[sphinx-v2-019] preserves actual prior seal for legacy-work"}
[verification-test-start] {"pid":78138,"parentPid":78137,"entryFile":"/Users/yuanxi/Workwork/vibe-fs/requirements/sphinx-v2/tests/004.test.mjs","name":"WHAT[sphinx-v2-004] reservations that exactly fill the authorized pool do not charge outstanding amounts twice","fullName":"WHAT[sphinx-v2-004] reservations that exactly fill the authorized pool do not charge outstanding amounts twice"}

✖ failing tests:

test at /Users/yuanxi/Workwork/vibe-fs/requirements/sphinx-v2/tests/004.test.mjs:20:1
✖ WHAT[sphinx-v2-004] canonical reservations retain each work amount rather than the accumulated pool through cold replay (152.859ms)
  AssertionError [ERR_ASSERTION]: Expected values to be strictly deep-equal:
  + actual - expected
  ... Skipped lines
  
    [
      {
        key: 'work-1|1',
        value: {
          attempt: 1,
  ...
              key: 'calls',
  +           value: 3
  -           value: 2
            }
          ],
          workId: 'work-2'
        }
      }
  
      at file:///Users/yuanxi/Workwork/vibe-fs/requirements/sphinx-v2/tests/004.test.mjs:29:12
      at async withStore (file:///Users/yuanxi/Workwork/vibe-fs/requirements/sphinx-v2/tests/persistence-support.mjs:83:16)
      at async TestContext.<anonymous> (file:///Users/yuanxi/Workwork/vibe-fs/requirements/sphinx-v2/tests/004.test.mjs:21:3)
      at async Test.run (node:internal/test_runner/test:1054:7)
      at async Test.processPendingSubtests (node:internal/test_runner/test:744:7)

[verification-test-start] {"pid":78138,"parentPid":78137,"entryFile":"/Users/yuanxi/Workwork/vibe-fs/requirements/sphinx-v2/tests/004.test.mjs","name":"WHAT[sphinx-v2-004] actual durable reservations survive unresolved usage and settle cancellation duplicate calls and observed overrun exactly once","fullName":"WHAT[sphinx-v2-004] actual durable reservations survive unresolved usage and settle cancellation duplicate calls and observed overrun exactly once"}
[verification-test-start] {"pid":78139,"parentPid":78137,"entryFile":"/Users/yuanxi/Workwork/vibe-fs/requirements/sphinx-v2/tests/010.test.mjs","name":"WHAT[sphinx-v2-010] a Ready work with its own durable reservation can record an intent before acquiring a lease","fullName":"WHAT[sphinx-v2-010] a Ready work with its own durable reservation can record an intent before acquiring a lease"}
test at /Users/yuanxi/Workwork/vibe-fs/requirements/sphinx-v2/tests/004.test.mjs:39:1
✖ WHAT[sphinx-v2-004] reservations that exactly fill the authorized pool do not charge outstanding amounts twice (18.886ms)
  AssertionError [ERR_ASSERTION]: {"code":"TRANSITION_REJECTED","message":"reservation exceeds available budget: calls"}
  
  false !== true
  
      at mustOk (file:///Users/yuanxi/Workwork/vibe-fs/requirements/sphinx-v2/tests/persistence-support.mjs:12:10)
      at prepare (file:///Users/yuanxi/Workwork/vibe-fs/requirements/sphinx-v2/tests/persistence-support.mjs:59:41)
      at append (file:///Users/yuanxi/Workwork/vibe-fs/requirements/sphinx-v2/tests/persistence-support.mjs:61:19)
      at file:///Users/yuanxi/Workwork/vibe-fs/requirements/sphinx-v2/tests/004.test.mjs:44:11
      at withStore (file:///Users/yuanxi/Workwork/vibe-fs/requirements/sphinx-v2/tests/persistence-support.mjs:83:22)
      at TestContext.<anonymous> (file:///Users/yuanxi/Workwork/vibe-fs/requirements/sphinx-v2/tests/004.test.mjs:40:9)
      at Test.runInAsyncScope (node:async_hooks:214:14)
      at Test.run (node:internal/test_runner/test:1047:25)
      at async Test.processPendingSubtests (node:internal/test_runner/test:744:7)

test at /Users/yuanxi/Workwork/vibe-fs/requirements/sphinx-v2/tests/010.test.mjs:54:1
✖ WHAT[sphinx-v2-010] canonical Current freezes the complete durable intent and actual receipt without inventing Running (170.166ms)
  AssertionError [ERR_ASSERTION]: Expected values to be strictly deep-equal:
  + actual - expected
  
  + []
  - [
  -   {
  -     key: 'dispatch-1',
  -     value: {
  -       receipt: null,
  -       request: {
  -         dispatchIntentId: 'dispatch-1',
  -         privateTicket: {
  -           canonicalPayload: '{"labelMap":{"opaque-a":"source-1"}}',
  -           schema: {
  -             hash: 'a2c799262a3ce3c19ef5cdd983bf3d12b43ab3c426227091b909dcb7054738c0',
  -             id: 'response@2'
  -           }
  -         },
  -         publicEnvelope: {
  -           canonicalPayload: '{"question":"原文\\n保留"}',
  -           schema: {
  -             hash: 'a2c799262a3ce3c19ef5cdd983bf3d12b43ab3c426227091b909dcb7054738c0',
  -             id: 'response@2'
  -           }
  -         },
  -         work: {
  -           attempt: 1,
  -           capability: 'render',
  -           conflictKeys: [],
  -           dependencies: [],
  -           fence: 'dispatch-work:1:logical',
  -           id: 'dispatch-work',
  -           input: {
  -             canonicalPayload: '{}',
  -             schema: {
  -               hash: 'a2c799262a3ce3c19ef5cdd983bf3d12b43ab3c426227091b909dcb7054738c0',
  -               id: 'response@2'
  -             }
  -           },
  -           outputSchema: {
  -             hash: 'a2c799262a3ce3c19ef5cdd983bf3d12b43ab3c426227091b909dcb7054738c0',
  -             id: 'response@2'
  -           },
  -           physicalRef: null,
  -           planId: 'plan-1',
  -           producer: 'proof-producer',
  -           reserved: [
  -             {
  -               key: 'calls',
  -               value: 1
  -             }
  -           ],
  -           roundId: 'round-1'
  -         }
  -       }
  -     }
  -   }
  - ]
  
      at file:///Users/yuanxi/Workwork/vibe-fs/requirements/sphinx-v2/tests/010.test.mjs:61:12
      at async withStore (file:///Users/yuanxi/Workwork/vibe-fs/requirements/sphinx-v2/tests/persistence-support.mjs:83:16)
      at async TestContext.<anonymous> (file:///Users/yuanxi/Workwork/vibe-fs/requirements/sphinx-v2/tests/010.test.mjs:55:3)
      at async Test.run (node:internal/test_runner/test:1054:7)
      at async Test.processPendingSubtests (node:internal/test_runner/test:744:7)

[verification-test-start] {"pid":78140,"parentPid":78137,"entryFile":"/Users/yuanxi/Workwork/vibe-fs/requirements/sphinx-v2/tests/019.test.mjs","name":"WHAT[sphinx-v2-019] prior seals that omitted dispatch facts or accumulated another work reservation become explicit durable cuts","fullName":"WHAT[sphinx-v2-019] prior seals that omitted dispatch facts or accumulated another work reservation become explicit durable cuts"}
[verification-test-start] {"pid":78140,"parentPid":78137,"entryFile":"/Users/yuanxi/Workwork/vibe-fs/requirements/sphinx-v2/tests/019.test.mjs","name":"WHAT[sphinx-v2-019] refuses the prior incorrect seal for legacy-noop-dispatch","fullName":"WHAT[sphinx-v2-019] prior seals that omitted dispatch facts or accumulated another work reservation become explicit durable cuts > WHAT[sphinx-v2-019] refuses the prior incorrect seal for legacy-noop-dispatch"}
runner: file lifecycle {"entryFile":"/Users/yuanxi/Workwork/vibe-fs/requirements/sphinx-v2/tests/004.test.mjs","type":"runner:file-drained","elapsedMs":1196.1975830000001}
[verification-test-start] {"pid":78140,"parentPid":78137,"entryFile":"/Users/yuanxi/Workwork/vibe-fs/requirements/sphinx-v2/tests/019.test.mjs","name":"WHAT[sphinx-v2-019] refuses the prior incorrect seal for legacy-reservation-aggregate","fullName":"WHAT[sphinx-v2-019] prior seals that omitted dispatch facts or accumulated another work reservation become explicit durable cuts > WHAT[sphinx-v2-019] refuses the prior incorrect seal for legacy-reservation-aggregate"}
[verification-test-start] {"pid":78139,"parentPid":78137,"entryFile":"/Users/yuanxi/Workwork/vibe-fs/requirements/sphinx-v2/tests/010.test.mjs","name":"WHAT[sphinx-v2-010] exact intent and full receipt replay retain the original record after Running and reservation release","fullName":"WHAT[sphinx-v2-010] exact intent and full receipt replay retain the original record after Running and reservation release"}
test at /Users/yuanxi/Workwork/vibe-fs/requirements/sphinx-v2/tests/010.test.mjs:78:1
✖ WHAT[sphinx-v2-010] a Ready work with its own durable reservation can record an intent before acquiring a lease (71.083ms)
  AssertionError [ERR_ASSERTION]: Expected values to be strictly deep-equal:
  + actual - expected
  
  + []
  - [
  -   {
  -     key: 'dispatch-1',
  -     value: {
  -       receipt: null,
  -       request: {
  -         dispatchIntentId: 'dispatch-1',
  -         privateTicket: {
  -           canonicalPayload: '{"labelMap":{"opaque-a":"source-1"}}',
  -           schema: {
  -             hash: 'a2c799262a3ce3c19ef5cdd983bf3d12b43ab3c426227091b909dcb7054738c0',
  -             id: 'response@2'
  -           }
  -         },
  -         publicEnvelope: {
  -           canonicalPayload: '{"question":"原文\\n保留"}',
  -           schema: {
  -             hash: 'a2c799262a3ce3c19ef5cdd983bf3d12b43ab3c426227091b909dcb7054738c0',
  -             id: 'response@2'
  -           }
  -         },
  -         work: {
  -           attempt: 1,
  -           capability: 'render',
  -           conflictKeys: [],
  -           dependencies: [],
  -           fence: 'dispatch-work:1:logical',
  -           id: 'dispatch-work',
  -           input: {
  -             canonicalPayload: '{}',
  -             schema: {
  -               hash: 'a2c799262a3ce3c19ef5cdd983bf3d12b43ab3c426227091b909dcb7054738c0',
  -               id: 'response@2'
  -             }
  -           },
  -           outputSchema: {
  -             hash: 'a2c799262a3ce3c19ef5cdd983bf3d12b43ab3c426227091b909dcb7054738c0',
  -             id: 'response@2'
  -           },
  -           physicalRef: null,
  -           planId: 'plan-1',
  -           producer: 'proof-producer',
  -           reserved: [
  -             {
  -               key: 'calls',
  -               value: 1
  -             }
  -           ],
  -           roundId: 'round-1'
  -         }
  -       }
  -     }
  -   }
  - ]
  
      at file:///Users/yuanxi/Workwork/vibe-fs/requirements/sphinx-v2/tests/010.test.mjs:86:12
      at async withStore (file:///Users/yuanxi/Workwork/vibe-fs/requirements/sphinx-v2/tests/persistence-support.mjs:83:16)
      at async TestContext.<anonymous> (file:///Users/yuanxi/Workwork/vibe-fs/requirements/sphinx-v2/tests/010.test.mjs:79:3)
      at async Test.run (node:internal/test_runner/test:1054:7)
      at async Test.processPendingSubtests (node:internal/test_runner/test:744:7)

test at /Users/yuanxi/Workwork/vibe-fs/requirements/sphinx-v2/tests/019.test.mjs:36:13
✖ WHAT[sphinx-v2-019] refuses the prior incorrect seal for legacy-noop-dispatch (47.375ms)
  AssertionError [ERR_ASSERTION]: Expected values to be strictly equal:
  
  0 !== 1
  
      at file:///Users/yuanxi/Workwork/vibe-fs/requirements/sphinx-v2/tests/019.test.mjs:41:16
      at async withStore (file:///Users/yuanxi/Workwork/vibe-fs/requirements/sphinx-v2/tests/persistence-support.mjs:83:16)
      at async TestContext.<anonymous> (file:///Users/yuanxi/Workwork/vibe-fs/requirements/sphinx-v2/tests/019.test.mjs:37:7)
      at async Test.run (node:internal/test_runner/test:1054:7)
      at async TestContext.<anonymous> (file:///Users/yuanxi/Workwork/vibe-fs/requirements/sphinx-v2/tests/019.test.mjs:36:5)
      at async Test.run (node:internal/test_runner/test:1054:7)
      at async Test.processPendingSubtests (node:internal/test_runner/test:744:7)

[verification-test-start] {"pid":78140,"parentPid":78137,"entryFile":"/Users/yuanxi/Workwork/vibe-fs/requirements/sphinx-v2/tests/019.test.mjs","name":"WHAT[sphinx-v2-019] an older answer without an observation reference is a durable strict DTO cut","fullName":"WHAT[sphinx-v2-019] an older answer without an observation reference is a durable strict DTO cut"}
test at /Users/yuanxi/Workwork/vibe-fs/requirements/sphinx-v2/tests/019.test.mjs:36:13
✖ WHAT[sphinx-v2-019] refuses the prior incorrect seal for legacy-reservation-aggregate (31.514ms)
  AssertionError [ERR_ASSERTION]: Expected values to be strictly equal:
  
  0 !== 1
  
      at file:///Users/yuanxi/Workwork/vibe-fs/requirements/sphinx-v2/tests/019.test.mjs:41:16
      at async withStore (file:///Users/yuanxi/Workwork/vibe-fs/requirements/sphinx-v2/tests/persistence-support.mjs:83:16)
      at async TestContext.<anonymous> (file:///Users/yuanxi/Workwork/vibe-fs/requirements/sphinx-v2/tests/019.test.mjs:37:7)
      at async Test.run (node:internal/test_runner/test:1054:7)
      at async TestContext.<anonymous> (file:///Users/yuanxi/Workwork/vibe-fs/requirements/sphinx-v2/tests/019.test.mjs:36:5)
      at async Test.run (node:internal/test_runner/test:1054:7)
      at async Test.processPendingSubtests (node:internal/test_runner/test:744:7)

test at /Users/yuanxi/Workwork/vibe-fs/requirements/sphinx-v2/tests/019.test.mjs:34:1
✖ WHAT[sphinx-v2-019] prior seals that omitted dispatch facts or accumulated another work reservation become explicit durable cuts (86.916ms)
  '2 subtests failed'

[verification-test-start] {"pid":78139,"parentPid":78137,"entryFile":"/Users/yuanxi/Workwork/vibe-fs/requirements/sphinx-v2/tests/010.test.mjs","name":"WHAT[sphinx-v2-010] new intent requires an existing ready attempt and its own sufficient persisted reservation","fullName":"WHAT[sphinx-v2-010] new intent requires an existing ready attempt and its own sufficient persisted reservation"}
test at /Users/yuanxi/Workwork/vibe-fs/requirements/sphinx-v2/tests/010.test.mjs:93:1
✖ WHAT[sphinx-v2-010] exact intent and full receipt replay retain the original record after Running and reservation release (106.647ms)
  AssertionError [ERR_ASSERTION]: Expected values to be strictly equal:
  
  0 !== 1
  
      at file:///Users/yuanxi/Workwork/vibe-fs/requirements/sphinx-v2/tests/010.test.mjs:108:12
      at async withStore (file:///Users/yuanxi/Workwork/vibe-fs/requirements/sphinx-v2/tests/persistence-support.mjs:83:16)
      at async TestContext.<anonymous> (file:///Users/yuanxi/Workwork/vibe-fs/requirements/sphinx-v2/tests/010.test.mjs:94:3)
      at async Test.run (node:internal/test_runner/test:1054:7)
      at async Test.processPendingSubtests (node:internal/test_runner/test:744:7)

[verification-test-start] {"pid":78140,"parentPid":78137,"entryFile":"/Users/yuanxi/Workwork/vibe-fs/requirements/sphinx-v2/tests/019.test.mjs","name":"WHAT[sphinx-v2-019] a rejected multi-body preparation never publishes its valid prefix","fullName":"WHAT[sphinx-v2-019] a rejected multi-body preparation never publishes its valid prefix"}
[verification-test-start] {"pid":78139,"parentPid":78137,"entryFile":"/Users/yuanxi/Workwork/vibe-fs/requirements/sphinx-v2/tests/010.test.mjs","name":"WHAT[sphinx-v2-010] refuses missing work without publishing an intent","fullName":"WHAT[sphinx-v2-010] new intent requires an existing ready attempt and its own sufficient persisted reservation > WHAT[sphinx-v2-010] refuses missing work without publishing an intent"}
[verification-test-start] {"pid":78140,"parentPid":78137,"entryFile":"/Users/yuanxi/Workwork/vibe-fs/requirements/sphinx-v2/tests/019.test.mjs","name":"WHAT[sphinx-v2-019] an unknown body after a valid body produces a durable semantic cut and no partial Current even after reopen","fullName":"WHAT[sphinx-v2-019] an unknown body after a valid body produces a durable semantic cut and no partial Current even after reopen"}
[verification-test-start] {"pid":78139,"parentPid":78137,"entryFile":"/Users/yuanxi/Workwork/vibe-fs/requirements/sphinx-v2/tests/010.test.mjs","name":"WHAT[sphinx-v2-010] refuses different attempt without publishing an intent","fullName":"WHAT[sphinx-v2-010] new intent requires an existing ready attempt and its own sufficient persisted reservation > WHAT[sphinx-v2-010] refuses different attempt without publishing an intent"}
test at /Users/yuanxi/Workwork/vibe-fs/requirements/sphinx-v2/tests/010.test.mjs:134:13
✖ WHAT[sphinx-v2-010] refuses missing work without publishing an intent (35.055ms)
  AssertionError [ERR_ASSERTION]: invalid dispatch facts must be refused, not accepted as no-ops
  
  true !== false
  
      at expectRejected (file:///Users/yuanxi/Workwork/vibe-fs/requirements/sphinx-v2/tests/010.test.mjs:45:10)
      at file:///Users/yuanxi/Workwork/vibe-fs/requirements/sphinx-v2/tests/010.test.mjs:138:9
      at async withStore (file:///Users/yuanxi/Workwork/vibe-fs/requirements/sphinx-v2/tests/persistence-support.mjs:83:16)
      at async TestContext.<anonymous> (file:///Users/yuanxi/Workwork/vibe-fs/requirements/sphinx-v2/tests/010.test.mjs:135:7)
      at async Test.run (node:internal/test_runner/test:1054:7)
      at async TestContext.<anonymous> (file:///Users/yuanxi/Workwork/vibe-fs/requirements/sphinx-v2/tests/010.test.mjs:134:5)
      at async Test.run (node:internal/test_runner/test:1054:7)
      at async Test.processPendingSubtests (node:internal/test_runner/test:744:7)

[verification-test-start] {"pid":78139,"parentPid":78137,"entryFile":"/Users/yuanxi/Workwork/vibe-fs/requirements/sphinx-v2/tests/010.test.mjs","name":"WHAT[sphinx-v2-010] refuses different fence without publishing an intent","fullName":"WHAT[sphinx-v2-010] new intent requires an existing ready attempt and its own sufficient persisted reservation > WHAT[sphinx-v2-010] refuses different fence without publishing an intent"}
test at /Users/yuanxi/Workwork/vibe-fs/requirements/sphinx-v2/tests/010.test.mjs:134:13
✖ WHAT[sphinx-v2-010] refuses different attempt without publishing an intent (38.639ms)
  AssertionError [ERR_ASSERTION]: invalid dispatch facts must be refused, not accepted as no-ops
  
  true !== false
  
      at expectRejected (file:///Users/yuanxi/Workwork/vibe-fs/requirements/sphinx-v2/tests/010.test.mjs:45:10)
      at file:///Users/yuanxi/Workwork/vibe-fs/requirements/sphinx-v2/tests/010.test.mjs:138:9
      at async withStore (file:///Users/yuanxi/Workwork/vibe-fs/requirements/sphinx-v2/tests/persistence-support.mjs:83:16)
      at async TestContext.<anonymous> (file:///Users/yuanxi/Workwork/vibe-fs/requirements/sphinx-v2/tests/010.test.mjs:135:7)
      at async Test.run (node:internal/test_runner/test:1054:7)
      at async TestContext.<anonymous> (file:///Users/yuanxi/Workwork/vibe-fs/requirements/sphinx-v2/tests/010.test.mjs:134:5)
      at async Test.run (node:internal/test_runner/test:1054:7)
      at async Test.processPendingSubtests (node:internal/test_runner/test:744:7)

[verification-test-start] {"pid":78140,"parentPid":78137,"entryFile":"/Users/yuanxi/Workwork/vibe-fs/requirements/sphinx-v2/tests/019.test.mjs","name":"WHAT[sphinx-v2-019] internal and external parent edges must agree and foreign valid history is not silently used as the base","fullName":"WHAT[sphinx-v2-019] internal and external parent edges must agree and foreign valid history is not silently used as the base"}
[verification-test-start] {"pid":78139,"parentPid":78137,"entryFile":"/Users/yuanxi/Workwork/vibe-fs/requirements/sphinx-v2/tests/010.test.mjs","name":"WHAT[sphinx-v2-010] refuses different immutable input without publishing an intent","fullName":"WHAT[sphinx-v2-010] new intent requires an existing ready attempt and its own sufficient persisted reservation > WHAT[sphinx-v2-010] refuses different immutable input without publishing an intent"}
test at /Users/yuanxi/Workwork/vibe-fs/requirements/sphinx-v2/tests/010.test.mjs:134:13
✖ WHAT[sphinx-v2-010] refuses different fence without publishing an intent (33.390ms)
  AssertionError [ERR_ASSERTION]: invalid dispatch facts must be refused, not accepted as no-ops
  
  true !== false
  
      at expectRejected (file:///Users/yuanxi/Workwork/vibe-fs/requirements/sphinx-v2/tests/010.test.mjs:45:10)
      at file:///Users/yuanxi/Workwork/vibe-fs/requirements/sphinx-v2/tests/010.test.mjs:138:9
      at async withStore (file:///Users/yuanxi/Workwork/vibe-fs/requirements/sphinx-v2/tests/persistence-support.mjs:83:16)
      at async TestContext.<anonymous> (file:///Users/yuanxi/Workwork/vibe-fs/requirements/sphinx-v2/tests/010.test.mjs:135:7)
      at async Test.run (node:internal/test_runner/test:1054:7)
      at async TestContext.<anonymous> (file:///Users/yuanxi/Workwork/vibe-fs/requirements/sphinx-v2/tests/010.test.mjs:134:5)
      at async Test.run (node:internal/test_runner/test:1054:7)
      at async Test.processPendingSubtests (node:internal/test_runner/test:744:7)

[verification-test-start] {"pid":78139,"parentPid":78137,"entryFile":"/Users/yuanxi/Workwork/vibe-fs/requirements/sphinx-v2/tests/010.test.mjs","name":"WHAT[sphinx-v2-010] refuses different resource declaration without publishing an intent","fullName":"WHAT[sphinx-v2-010] new intent requires an existing ready attempt and its own sufficient persisted reservation > WHAT[sphinx-v2-010] refuses different resource declaration without publishing an intent"}
test at /Users/yuanxi/Workwork/vibe-fs/requirements/sphinx-v2/tests/010.test.mjs:134:13
✖ WHAT[sphinx-v2-010] refuses different immutable input without publishing an intent (33.831ms)
  AssertionError [ERR_ASSERTION]: invalid dispatch facts must be refused, not accepted as no-ops
  
  true !== false
  
      at expectRejected (file:///Users/yuanxi/Workwork/vibe-fs/requirements/sphinx-v2/tests/010.test.mjs:45:10)
      at file:///Users/yuanxi/Workwork/vibe-fs/requirements/sphinx-v2/tests/010.test.mjs:138:9
      at async withStore (file:///Users/yuanxi/Workwork/vibe-fs/requirements/sphinx-v2/tests/persistence-support.mjs:83:16)
      at async TestContext.<anonymous> (file:///Users/yuanxi/Workwork/vibe-fs/requirements/sphinx-v2/tests/010.test.mjs:135:7)
      at async Test.run (node:internal/test_runner/test:1054:7)
      at async TestContext.<anonymous> (file:///Users/yuanxi/Workwork/vibe-fs/requirements/sphinx-v2/tests/010.test.mjs:134:5)
      at async Test.run (node:internal/test_runner/test:1054:7)
      at async Test.processPendingSubtests (node:internal/test_runner/test:744:7)

[verification-test-start] {"pid":78140,"parentPid":78137,"entryFile":"/Users/yuanxi/Workwork/vibe-fs/requirements/sphinx-v2/tests/019.test.mjs","name":"WHAT[sphinx-v2-019] an absent outer parent is StorageInvalid and cannot publish any transition","fullName":"WHAT[sphinx-v2-019] an absent outer parent is StorageInvalid and cannot publish any transition"}
[verification-test-start] {"pid":78139,"parentPid":78137,"entryFile":"/Users/yuanxi/Workwork/vibe-fs/requirements/sphinx-v2/tests/010.test.mjs","name":"WHAT[sphinx-v2-010] refuses invented physical reference without publishing an intent","fullName":"WHAT[sphinx-v2-010] new intent requires an existing ready attempt and its own sufficient persisted reservation > WHAT[sphinx-v2-010] refuses invented physical reference without publishing an intent"}
test at /Users/yuanxi/Workwork/vibe-fs/requirements/sphinx-v2/tests/010.test.mjs:134:13
✖ WHAT[sphinx-v2-010] refuses different resource declaration without publishing an intent (28.737ms)
  AssertionError [ERR_ASSERTION]: invalid dispatch facts must be refused, not accepted as no-ops
  
  true !== false
  
      at expectRejected (file:///Users/yuanxi/Workwork/vibe-fs/requirements/sphinx-v2/tests/010.test.mjs:45:10)
      at file:///Users/yuanxi/Workwork/vibe-fs/requirements/sphinx-v2/tests/010.test.mjs:138:9
      at async withStore (file:///Users/yuanxi/Workwork/vibe-fs/requirements/sphinx-v2/tests/persistence-support.mjs:83:16)
      at async TestContext.<anonymous> (file:///Users/yuanxi/Workwork/vibe-fs/requirements/sphinx-v2/tests/010.test.mjs:135:7)
      at async Test.run (node:internal/test_runner/test:1054:7)
      at async TestContext.<anonymous> (file:///Users/yuanxi/Workwork/vibe-fs/requirements/sphinx-v2/tests/010.test.mjs:134:5)
      at async Test.run (node:internal/test_runner/test:1054:7)
      at async Test.processPendingSubtests (node:internal/test_runner/test:744:7)

[verification-test-start] {"pid":78140,"parentPid":78137,"entryFile":"/Users/yuanxi/Workwork/vibe-fs/requirements/sphinx-v2/tests/019.test.mjs","name":"WHAT[sphinx-v2-019] identical event identity with changed payload is a storage collision rather than a rewrite","fullName":"WHAT[sphinx-v2-019] identical event identity with changed payload is a storage collision rather than a rewrite"}
[verification-test-start] {"pid":78139,"parentPid":78137,"entryFile":"/Users/yuanxi/Workwork/vibe-fs/requirements/sphinx-v2/tests/010.test.mjs","name":"WHAT[sphinx-v2-010] refuses Planned work without publishing an intent","fullName":"WHAT[sphinx-v2-010] new intent requires an existing ready attempt and its own sufficient persisted reservation > WHAT[sphinx-v2-010] refuses Planned work without publishing an intent"}
test at /Users/yuanxi/Workwork/vibe-fs/requirements/sphinx-v2/tests/010.test.mjs:134:13
✖ WHAT[sphinx-v2-010] refuses invented physical reference without publishing an intent (34.560ms)
  AssertionError [ERR_ASSERTION]: invalid dispatch facts must be refused, not accepted as no-ops
  
  true !== false
  
      at expectRejected (file:///Users/yuanxi/Workwork/vibe-fs/requirements/sphinx-v2/tests/010.test.mjs:45:10)
      at file:///Users/yuanxi/Workwork/vibe-fs/requirements/sphinx-v2/tests/010.test.mjs:138:9
      at async withStore (file:///Users/yuanxi/Workwork/vibe-fs/requirements/sphinx-v2/tests/persistence-support.mjs:83:16)
      at async TestContext.<anonymous> (file:///Users/yuanxi/Workwork/vibe-fs/requirements/sphinx-v2/tests/010.test.mjs:135:7)
      at async Test.run (node:internal/test_runner/test:1054:7)
      at async TestContext.<anonymous> (file:///Users/yuanxi/Workwork/vibe-fs/requirements/sphinx-v2/tests/010.test.mjs:134:5)
      at async Test.run (node:internal/test_runner/test:1054:7)
      at async Test.processPendingSubtests (node:internal/test_runner/test:744:7)

[verification-test-start] {"pid":78140,"parentPid":78137,"entryFile":"/Users/yuanxi/Workwork/vibe-fs/requirements/sphinx-v2/tests/019.test.mjs","name":"WHAT[sphinx-v2-019] legal same-parent forks preserve both writers and canonical Current refuses to pick a winner","fullName":"WHAT[sphinx-v2-019] legal same-parent forks preserve both writers and canonical Current refuses to pick a winner"}
[verification-test-start] {"pid":78139,"parentPid":78137,"entryFile":"/Users/yuanxi/Workwork/vibe-fs/requirements/sphinx-v2/tests/010.test.mjs","name":"WHAT[sphinx-v2-010] refuses no reservation without publishing an intent","fullName":"WHAT[sphinx-v2-010] new intent requires an existing ready attempt and its own sufficient persisted reservation > WHAT[sphinx-v2-010] refuses no reservation without publishing an intent"}
test at /Users/yuanxi/Workwork/vibe-fs/requirements/sphinx-v2/tests/010.test.mjs:134:13
✖ WHAT[sphinx-v2-010] refuses Planned work without publishing an intent (22.539ms)
  AssertionError [ERR_ASSERTION]: invalid dispatch facts must be refused, not accepted as no-ops
  
  true !== false
  
      at expectRejected (file:///Users/yuanxi/Workwork/vibe-fs/requirements/sphinx-v2/tests/010.test.mjs:45:10)
      at file:///Users/yuanxi/Workwork/vibe-fs/requirements/sphinx-v2/tests/010.test.mjs:138:9
      at async withStore (file:///Users/yuanxi/Workwork/vibe-fs/requirements/sphinx-v2/tests/persistence-support.mjs:83:16)
      at async TestContext.<anonymous> (file:///Users/yuanxi/Workwork/vibe-fs/requirements/sphinx-v2/tests/010.test.mjs:135:7)
      at async Test.run (node:internal/test_runner/test:1054:7)
      at async TestContext.<anonymous> (file:///Users/yuanxi/Workwork/vibe-fs/requirements/sphinx-v2/tests/010.test.mjs:134:5)
      at async Test.run (node:internal/test_runner/test:1054:7)
      at async Test.processPendingSubtests (node:internal/test_runner/test:744:7)

[verification-test-start] {"pid":78139,"parentPid":78137,"entryFile":"/Users/yuanxi/Workwork/vibe-fs/requirements/sphinx-v2/tests/010.test.mjs","name":"WHAT[sphinx-v2-010] refuses insufficient reservation without publishing an intent","fullName":"WHAT[sphinx-v2-010] new intent requires an existing ready attempt and its own sufficient persisted reservation > WHAT[sphinx-v2-010] refuses insufficient reservation without publishing an intent"}
test at /Users/yuanxi/Workwork/vibe-fs/requirements/sphinx-v2/tests/010.test.mjs:134:13
✖ WHAT[sphinx-v2-010] refuses no reservation without publishing an intent (32.264ms)
  AssertionError [ERR_ASSERTION]: invalid dispatch facts must be refused, not accepted as no-ops
  
  true !== false
  
      at expectRejected (file:///Users/yuanxi/Workwork/vibe-fs/requirements/sphinx-v2/tests/010.test.mjs:45:10)
      at file:///Users/yuanxi/Workwork/vibe-fs/requirements/sphinx-v2/tests/010.test.mjs:138:9
      at async withStore (file:///Users/yuanxi/Workwork/vibe-fs/requirements/sphinx-v2/tests/persistence-support.mjs:83:16)
      at async TestContext.<anonymous> (file:///Users/yuanxi/Workwork/vibe-fs/requirements/sphinx-v2/tests/010.test.mjs:135:7)
      at async Test.run (node:internal/test_runner/test:1054:7)
      at async TestContext.<anonymous> (file:///Users/yuanxi/Workwork/vibe-fs/requirements/sphinx-v2/tests/010.test.mjs:134:5)
      at async Test.run (node:internal/test_runner/test:1054:7)
      at async Test.processPendingSubtests (node:internal/test_runner/test:744:7)

[verification-test-start] {"pid":78139,"parentPid":78137,"entryFile":"/Users/yuanxi/Workwork/vibe-fs/requirements/sphinx-v2/tests/010.test.mjs","name":"WHAT[sphinx-v2-010] refuses another attempt reservation without publishing an intent","fullName":"WHAT[sphinx-v2-010] new intent requires an existing ready attempt and its own sufficient persisted reservation > WHAT[sphinx-v2-010] refuses another attempt reservation without publishing an intent"}
test at /Users/yuanxi/Workwork/vibe-fs/requirements/sphinx-v2/tests/010.test.mjs:134:13
✖ WHAT[sphinx-v2-010] refuses insufficient reservation without publishing an intent (32.864ms)
  AssertionError [ERR_ASSERTION]: invalid dispatch facts must be refused, not accepted as no-ops
  
  true !== false
  
      at expectRejected (file:///Users/yuanxi/Workwork/vibe-fs/requirements/sphinx-v2/tests/010.test.mjs:45:10)
      at file:///Users/yuanxi/Workwork/vibe-fs/requirements/sphinx-v2/tests/010.test.mjs:138:9
      at async withStore (file:///Users/yuanxi/Workwork/vibe-fs/requirements/sphinx-v2/tests/persistence-support.mjs:83:16)
      at async TestContext.<anonymous> (file:///Users/yuanxi/Workwork/vibe-fs/requirements/sphinx-v2/tests/010.test.mjs:135:7)
      at async Test.run (node:internal/test_runner/test:1054:7)
      at async TestContext.<anonymous> (file:///Users/yuanxi/Workwork/vibe-fs/requirements/sphinx-v2/tests/010.test.mjs:134:5)
      at async Test.run (node:internal/test_runner/test:1054:7)
      at async Test.processPendingSubtests (node:internal/test_runner/test:744:7)

[verification-test-start] {"pid":78139,"parentPid":78137,"entryFile":"/Users/yuanxi/Workwork/vibe-fs/requirements/sphinx-v2/tests/010.test.mjs","name":"WHAT[sphinx-v2-010] refuses released reservation without publishing an intent","fullName":"WHAT[sphinx-v2-010] new intent requires an existing ready attempt and its own sufficient persisted reservation > WHAT[sphinx-v2-010] refuses released reservation without publishing an intent"}
test at /Users/yuanxi/Workwork/vibe-fs/requirements/sphinx-v2/tests/010.test.mjs:134:13
✖ WHAT[sphinx-v2-010] refuses another attempt reservation without publishing an intent (28.631ms)
  AssertionError [ERR_ASSERTION]: invalid dispatch facts must be refused, not accepted as no-ops
  
  true !== false
  
      at expectRejected (file:///Users/yuanxi/Workwork/vibe-fs/requirements/sphinx-v2/tests/010.test.mjs:45:10)
      at file:///Users/yuanxi/Workwork/vibe-fs/requirements/sphinx-v2/tests/010.test.mjs:138:9
      at async withStore (file:///Users/yuanxi/Workwork/vibe-fs/requirements/sphinx-v2/tests/persistence-support.mjs:83:16)
      at async TestContext.<anonymous> (file:///Users/yuanxi/Workwork/vibe-fs/requirements/sphinx-v2/tests/010.test.mjs:135:7)
      at async Test.run (node:internal/test_runner/test:1054:7)
      at async TestContext.<anonymous> (file:///Users/yuanxi/Workwork/vibe-fs/requirements/sphinx-v2/tests/010.test.mjs:134:5)
      at async Test.run (node:internal/test_runner/test:1054:7)
      at async Test.processPendingSubtests (node:internal/test_runner/test:744:7)

[verification-test-start] {"pid":78140,"parentPid":78137,"entryFile":"/Users/yuanxi/Workwork/vibe-fs/requirements/sphinx-v2/tests/019.test.mjs","name":"WHAT[sphinx-v2-019] a later legitimate child of an accepted ancestor is not rejected by a global last-state check","fullName":"WHAT[sphinx-v2-019] a later legitimate child of an accepted ancestor is not rejected by a global last-state check"}
[verification-test-start] {"pid":78139,"parentPid":78137,"entryFile":"/Users/yuanxi/Workwork/vibe-fs/requirements/sphinx-v2/tests/010.test.mjs","name":"WHAT[sphinx-v2-010] refuses Running work without publishing an intent","fullName":"WHAT[sphinx-v2-010] new intent requires an existing ready attempt and its own sufficient persisted reservation > WHAT[sphinx-v2-010] refuses Running work without publishing an intent"}
test at /Users/yuanxi/Workwork/vibe-fs/requirements/sphinx-v2/tests/010.test.mjs:134:13
✖ WHAT[sphinx-v2-010] refuses released reservation without publishing an intent (25.275ms)
  AssertionError [ERR_ASSERTION]: invalid dispatch facts must be refused, not accepted as no-ops
  
  true !== false
  
      at expectRejected (file:///Users/yuanxi/Workwork/vibe-fs/requirements/sphinx-v2/tests/010.test.mjs:45:10)
      at file:///Users/yuanxi/Workwork/vibe-fs/requirements/sphinx-v2/tests/010.test.mjs:138:9
      at async withStore (file:///Users/yuanxi/Workwork/vibe-fs/requirements/sphinx-v2/tests/persistence-support.mjs:83:16)
      at async TestContext.<anonymous> (file:///Users/yuanxi/Workwork/vibe-fs/requirements/sphinx-v2/tests/010.test.mjs:135:7)
      at async Test.run (node:internal/test_runner/test:1054:7)
      at async TestContext.<anonymous> (file:///Users/yuanxi/Workwork/vibe-fs/requirements/sphinx-v2/tests/010.test.mjs:134:5)
      at async Test.run (node:internal/test_runner/test:1054:7)
      at async Test.processPendingSubtests (node:internal/test_runner/test:744:7)

[verification-test-start] {"pid":78139,"parentPid":78137,"entryFile":"/Users/yuanxi/Workwork/vibe-fs/requirements/sphinx-v2/tests/010.test.mjs","name":"WHAT[sphinx-v2-010] refuses input required work without publishing an intent","fullName":"WHAT[sphinx-v2-010] new intent requires an existing ready attempt and its own sufficient persisted reservation > WHAT[sphinx-v2-010] refuses input required work without publishing an intent"}
[verification-test-start] {"pid":78140,"parentPid":78137,"entryFile":"/Users/yuanxi/Workwork/vibe-fs/requirements/sphinx-v2/tests/019.test.mjs","name":"WHAT[sphinx-v2-019] post-state verification checks actual complete state, not array sizes or the old incomplete stateHash","fullName":"WHAT[sphinx-v2-019] post-state verification checks actual complete state, not array sizes or the old incomplete stateHash"}
test at /Users/yuanxi/Workwork/vibe-fs/requirements/sphinx-v2/tests/010.test.mjs:134:13
✖ WHAT[sphinx-v2-010] refuses Running work without publishing an intent (39.139ms)
  AssertionError [ERR_ASSERTION]: invalid dispatch facts must be refused, not accepted as no-ops
  
  true !== false
  
      at expectRejected (file:///Users/yuanxi/Workwork/vibe-fs/requirements/sphinx-v2/tests/010.test.mjs:45:10)
      at file:///Users/yuanxi/Workwork/vibe-fs/requirements/sphinx-v2/tests/010.test.mjs:138:9
      at async withStore (file:///Users/yuanxi/Workwork/vibe-fs/requirements/sphinx-v2/tests/persistence-support.mjs:83:16)
      at async TestContext.<anonymous> (file:///Users/yuanxi/Workwork/vibe-fs/requirements/sphinx-v2/tests/010.test.mjs:135:7)
      at async Test.run (node:internal/test_runner/test:1054:7)
      at async TestContext.<anonymous> (file:///Users/yuanxi/Workwork/vibe-fs/requirements/sphinx-v2/tests/010.test.mjs:134:5)
      at async Test.run (node:internal/test_runner/test:1054:7)
      at async Test.processPendingSubtests (node:internal/test_runner/test:744:7)

[verification-test-start] {"pid":78139,"parentPid":78137,"entryFile":"/Users/yuanxi/Workwork/vibe-fs/requirements/sphinx-v2/tests/010.test.mjs","name":"WHAT[sphinx-v2-010] refuses failed work without publishing an intent","fullName":"WHAT[sphinx-v2-010] new intent requires an existing ready attempt and its own sufficient persisted reservation > WHAT[sphinx-v2-010] refuses failed work without publishing an intent"}
test at /Users/yuanxi/Workwork/vibe-fs/requirements/sphinx-v2/tests/010.test.mjs:134:13
✖ WHAT[sphinx-v2-010] refuses input required work without publishing an intent (28.564ms)
  AssertionError [ERR_ASSERTION]: invalid dispatch facts must be refused, not accepted as no-ops
  
  true !== false
  
      at expectRejected (file:///Users/yuanxi/Workwork/vibe-fs/requirements/sphinx-v2/tests/010.test.mjs:45:10)
      at file:///Users/yuanxi/Workwork/vibe-fs/requirements/sphinx-v2/tests/010.test.mjs:138:9
      at async withStore (file:///Users/yuanxi/Workwork/vibe-fs/requirements/sphinx-v2/tests/persistence-support.mjs:83:16)
      at async TestContext.<anonymous> (file:///Users/yuanxi/Workwork/vibe-fs/requirements/sphinx-v2/tests/010.test.mjs:135:7)
      at async Test.run (node:internal/test_runner/test:1054:7)
      at async TestContext.<anonymous> (file:///Users/yuanxi/Workwork/vibe-fs/requirements/sphinx-v2/tests/010.test.mjs:134:5)
      at async Test.run (node:internal/test_runner/test:1054:7)
      at async Test.processPendingSubtests (node:internal/test_runner/test:744:7)

[verification-test-start] {"pid":78139,"parentPid":78137,"entryFile":"/Users/yuanxi/Workwork/vibe-fs/requirements/sphinx-v2/tests/010.test.mjs","name":"WHAT[sphinx-v2-010] refuses cancelled work without publishing an intent","fullName":"WHAT[sphinx-v2-010] new intent requires an existing ready attempt and its own sufficient persisted reservation > WHAT[sphinx-v2-010] refuses cancelled work without publishing an intent"}
test at /Users/yuanxi/Workwork/vibe-fs/requirements/sphinx-v2/tests/010.test.mjs:134:13
✖ WHAT[sphinx-v2-010] refuses failed work without publishing an intent (28.976ms)
  AssertionError [ERR_ASSERTION]: invalid dispatch facts must be refused, not accepted as no-ops
  
  true !== false
  
      at expectRejected (file:///Users/yuanxi/Workwork/vibe-fs/requirements/sphinx-v2/tests/010.test.mjs:45:10)
      at file:///Users/yuanxi/Workwork/vibe-fs/requirements/sphinx-v2/tests/010.test.mjs:138:9
      at async withStore (file:///Users/yuanxi/Workwork/vibe-fs/requirements/sphinx-v2/tests/persistence-support.mjs:83:16)
      at async TestContext.<anonymous> (file:///Users/yuanxi/Workwork/vibe-fs/requirements/sphinx-v2/tests/010.test.mjs:135:7)
      at async Test.run (node:internal/test_runner/test:1054:7)
      at async TestContext.<anonymous> (file:///Users/yuanxi/Workwork/vibe-fs/requirements/sphinx-v2/tests/010.test.mjs:134:5)
      at async Test.run (node:internal/test_runner/test:1054:7)
      at async Test.processPendingSubtests (node:internal/test_runner/test:744:7)

[verification-test-start] {"pid":78140,"parentPid":78137,"entryFile":"/Users/yuanxi/Workwork/vibe-fs/requirements/sphinx-v2/tests/019.test.mjs","name":"WHAT[sphinx-v2-019] canonical replay honors the parent when a child identity sorts before it","fullName":"WHAT[sphinx-v2-019] canonical replay honors the parent when a child identity sorts before it"}
[verification-test-start] {"pid":78139,"parentPid":78137,"entryFile":"/Users/yuanxi/Workwork/vibe-fs/requirements/sphinx-v2/tests/010.test.mjs","name":"WHAT[sphinx-v2-010] accepted intent identity binds all request contents and admits only one intent for a work attempt","fullName":"WHAT[sphinx-v2-010] accepted intent identity binds all request contents and admits only one intent for a work attempt"}
test at /Users/yuanxi/Workwork/vibe-fs/requirements/sphinx-v2/tests/010.test.mjs:134:13
✖ WHAT[sphinx-v2-010] refuses cancelled work without publishing an intent (31.738ms)
  AssertionError [ERR_ASSERTION]: invalid dispatch facts must be refused, not accepted as no-ops
  
  true !== false
  
      at expectRejected (file:///Users/yuanxi/Workwork/vibe-fs/requirements/sphinx-v2/tests/010.test.mjs:45:10)
      at file:///Users/yuanxi/Workwork/vibe-fs/requirements/sphinx-v2/tests/010.test.mjs:138:9
      at async withStore (file:///Users/yuanxi/Workwork/vibe-fs/requirements/sphinx-v2/tests/persistence-support.mjs:83:16)
      at async TestContext.<anonymous> (file:///Users/yuanxi/Workwork/vibe-fs/requirements/sphinx-v2/tests/010.test.mjs:135:7)
      at async Test.run (node:internal/test_runner/test:1054:7)
      at async TestContext.<anonymous> (file:///Users/yuanxi/Workwork/vibe-fs/requirements/sphinx-v2/tests/010.test.mjs:134:5)
      at async Test.run (node:internal/test_runner/test:1054:7)
      at async Test.processPendingSubtests (node:internal/test_runner/test:744:7)

test at /Users/yuanxi/Workwork/vibe-fs/requirements/sphinx-v2/tests/010.test.mjs:115:1
✖ WHAT[sphinx-v2-010] new intent requires an existing ready attempt and its own sufficient persisted reservation (488.276ms)
  '15 subtests failed'

[verification-test-start] {"pid":78139,"parentPid":78137,"entryFile":"/Users/yuanxi/Workwork/vibe-fs/requirements/sphinx-v2/tests/010.test.mjs","name":"WHAT[sphinx-v2-010] refuses changed public envelope atomically","fullName":"WHAT[sphinx-v2-010] accepted intent identity binds all request contents and admits only one intent for a work attempt > WHAT[sphinx-v2-010] refuses changed public envelope atomically"}
[verification-test-start] {"pid":78139,"parentPid":78137,"entryFile":"/Users/yuanxi/Workwork/vibe-fs/requirements/sphinx-v2/tests/010.test.mjs","name":"WHAT[sphinx-v2-010] refuses changed private ticket atomically","fullName":"WHAT[sphinx-v2-010] accepted intent identity binds all request contents and admits only one intent for a work attempt > WHAT[sphinx-v2-010] refuses changed private ticket atomically"}
[verification-test-start] {"pid":78140,"parentPid":78137,"entryFile":"/Users/yuanxi/Workwork/vibe-fs/requirements/sphinx-v2/tests/019.test.mjs","name":"WHAT[sphinx-v2-019] strict ingress rejects malformed fields and arrays without silently dropping them","fullName":"WHAT[sphinx-v2-019] strict ingress rejects malformed fields and arrays without silently dropping them"}
test at /Users/yuanxi/Workwork/vibe-fs/requirements/sphinx-v2/tests/010.test.mjs:156:13
✖ WHAT[sphinx-v2-010] refuses changed public envelope atomically (37.679ms)
  AssertionError [ERR_ASSERTION]: invalid dispatch facts must be refused, not accepted as no-ops
  
  true !== false
  
      at expectRejected (file:///Users/yuanxi/Workwork/vibe-fs/requirements/sphinx-v2/tests/010.test.mjs:45:10)
      at file:///Users/yuanxi/Workwork/vibe-fs/requirements/sphinx-v2/tests/010.test.mjs:161:9
      at async withStore (file:///Users/yuanxi/Workwork/vibe-fs/requirements/sphinx-v2/tests/persistence-support.mjs:83:16)
      at async TestContext.<anonymous> (file:///Users/yuanxi/Workwork/vibe-fs/requirements/sphinx-v2/tests/010.test.mjs:157:7)
      at async Test.run (node:internal/test_runner/test:1054:7)
      at async TestContext.<anonymous> (file:///Users/yuanxi/Workwork/vibe-fs/requirements/sphinx-v2/tests/010.test.mjs:156:5)
      at async Test.run (node:internal/test_runner/test:1054:7)
      at async Test.processPendingSubtests (node:internal/test_runner/test:744:7)

[verification-test-start] {"pid":78140,"parentPid":78137,"entryFile":"/Users/yuanxi/Workwork/vibe-fs/requirements/sphinx-v2/tests/019.test.mjs","name":"WHAT[sphinx-v2-019] frozen @1 material is preserved and explicitly cut, never silently restored as an empty inquiry","fullName":"WHAT[sphinx-v2-019] frozen @1 material is preserved and explicitly cut, never silently restored as an empty inquiry"}
[verification-test-start] {"pid":78140,"parentPid":78137,"entryFile":"/Users/yuanxi/Workwork/vibe-fs/requirements/sphinx-v2/tests/019.test.mjs","name":"WHAT[sphinx-v2-019] creation and multi-body work transition append atomically at one revision and survive a new writer","fullName":"WHAT[sphinx-v2-019] creation and multi-body work transition append atomically at one revision and survive a new writer"}
[verification-test-start] {"pid":78139,"parentPid":78137,"entryFile":"/Users/yuanxi/Workwork/vibe-fs/requirements/sphinx-v2/tests/010.test.mjs","name":"WHAT[sphinx-v2-010] refuses changed public schema atomically","fullName":"WHAT[sphinx-v2-010] accepted intent identity binds all request contents and admits only one intent for a work attempt > WHAT[sphinx-v2-010] refuses changed public schema atomically"}
test at /Users/yuanxi/Workwork/vibe-fs/requirements/sphinx-v2/tests/010.test.mjs:156:13
✖ WHAT[sphinx-v2-010] refuses changed private ticket atomically (39.757ms)
  AssertionError [ERR_ASSERTION]: invalid dispatch facts must be refused, not accepted as no-ops
  
  true !== false
  
      at expectRejected (file:///Users/yuanxi/Workwork/vibe-fs/requirements/sphinx-v2/tests/010.test.mjs:45:10)
      at file:///Users/yuanxi/Workwork/vibe-fs/requirements/sphinx-v2/tests/010.test.mjs:161:9
      at async withStore (file:///Users/yuanxi/Workwork/vibe-fs/requirements/sphinx-v2/tests/persistence-support.mjs:83:16)
      at async TestContext.<anonymous> (file:///Users/yuanxi/Workwork/vibe-fs/requirements/sphinx-v2/tests/010.test.mjs:157:7)
      at async Test.run (node:internal/test_runner/test:1054:7)
      at async TestContext.<anonymous> (file:///Users/yuanxi/Workwork/vibe-fs/requirements/sphinx-v2/tests/010.test.mjs:156:5)
      at async Test.run (node:internal/test_runner/test:1054:7)
      at async Test.processPendingSubtests (node:internal/test_runner/test:744:7)

[verification-test-start] {"pid":78139,"parentPid":78137,"entryFile":"/Users/yuanxi/Workwork/vibe-fs/requirements/sphinx-v2/tests/010.test.mjs","name":"WHAT[sphinx-v2-010] refuses changed work content atomically","fullName":"WHAT[sphinx-v2-010] accepted intent identity binds all request contents and admits only one intent for a work attempt > WHAT[sphinx-v2-010] refuses changed work content atomically"}
test at /Users/yuanxi/Workwork/vibe-fs/requirements/sphinx-v2/tests/010.test.mjs:156:13
✖ WHAT[sphinx-v2-010] refuses changed public schema atomically (43.363ms)
  AssertionError [ERR_ASSERTION]: invalid dispatch facts must be refused, not accepted as no-ops
  
  true !== false
  
      at expectRejected (file:///Users/yuanxi/Workwork/vibe-fs/requirements/sphinx-v2/tests/010.test.mjs:45:10)
      at file:///Users/yuanxi/Workwork/vibe-fs/requirements/sphinx-v2/tests/010.test.mjs:161:9
      at async withStore (file:///Users/yuanxi/Workwork/vibe-fs/requirements/sphinx-v2/tests/persistence-support.mjs:83:16)
      at async TestContext.<anonymous> (file:///Users/yuanxi/Workwork/vibe-fs/requirements/sphinx-v2/tests/010.test.mjs:157:7)
      at async Test.run (node:internal/test_runner/test:1054:7)
      at async TestContext.<anonymous> (file:///Users/yuanxi/Workwork/vibe-fs/requirements/sphinx-v2/tests/010.test.mjs:156:5)
      at async Test.run (node:internal/test_runner/test:1054:7)
      at async Test.processPendingSubtests (node:internal/test_runner/test:744:7)

[verification-test-start] {"pid":78140,"parentPid":78137,"entryFile":"/Users/yuanxi/Workwork/vibe-fs/requirements/sphinx-v2/tests/019.test.mjs","name":"WHAT[sphinx-v2-019] cancellation and a late cancel remain honest across writer close and canonical cold replay","fullName":"WHAT[sphinx-v2-019] cancellation and a late cancel remain honest across writer close and canonical cold replay"}
[verification-test-start] {"pid":78139,"parentPid":78137,"entryFile":"/Users/yuanxi/Workwork/vibe-fs/requirements/sphinx-v2/tests/010.test.mjs","name":"WHAT[sphinx-v2-010] refuses changed second intent identity atomically","fullName":"WHAT[sphinx-v2-010] accepted intent identity binds all request contents and admits only one intent for a work attempt > WHAT[sphinx-v2-010] refuses changed second intent identity atomically"}
test at /Users/yuanxi/Workwork/vibe-fs/requirements/sphinx-v2/tests/010.test.mjs:156:13
✖ WHAT[sphinx-v2-010] refuses changed work content atomically (34.030ms)
  AssertionError [ERR_ASSERTION]: invalid dispatch facts must be refused, not accepted as no-ops
  
  true !== false
  
      at expectRejected (file:///Users/yuanxi/Workwork/vibe-fs/requirements/sphinx-v2/tests/010.test.mjs:45:10)
      at file:///Users/yuanxi/Workwork/vibe-fs/requirements/sphinx-v2/tests/010.test.mjs:161:9
      at async withStore (file:///Users/yuanxi/Workwork/vibe-fs/requirements/sphinx-v2/tests/persistence-support.mjs:83:16)
      at async TestContext.<anonymous> (file:///Users/yuanxi/Workwork/vibe-fs/requirements/sphinx-v2/tests/010.test.mjs:157:7)
      at async Test.run (node:internal/test_runner/test:1054:7)
      at async TestContext.<anonymous> (file:///Users/yuanxi/Workwork/vibe-fs/requirements/sphinx-v2/tests/010.test.mjs:156:5)
      at async Test.run (node:internal/test_runner/test:1054:7)
      at async Test.processPendingSubtests (node:internal/test_runner/test:744:7)

[verification-test-start] {"pid":78139,"parentPid":78137,"entryFile":"/Users/yuanxi/Workwork/vibe-fs/requirements/sphinx-v2/tests/010.test.mjs","name":"WHAT[sphinx-v2-010] a receipt requires the accepted intent and matching work attempt fence and physical binding","fullName":"WHAT[sphinx-v2-010] a receipt requires the accepted intent and matching work attempt fence and physical binding"}
test at /Users/yuanxi/Workwork/vibe-fs/requirements/sphinx-v2/tests/010.test.mjs:156:13
✖ WHAT[sphinx-v2-010] refuses changed second intent identity atomically (42.739ms)
  AssertionError [ERR_ASSERTION]: invalid dispatch facts must be refused, not accepted as no-ops
  
  true !== false
  
      at expectRejected (file:///Users/yuanxi/Workwork/vibe-fs/requirements/sphinx-v2/tests/010.test.mjs:45:10)
      at file:///Users/yuanxi/Workwork/vibe-fs/requirements/sphinx-v2/tests/010.test.mjs:161:9
      at async withStore (file:///Users/yuanxi/Workwork/vibe-fs/requirements/sphinx-v2/tests/persistence-support.mjs:83:16)
      at async TestContext.<anonymous> (file:///Users/yuanxi/Workwork/vibe-fs/requirements/sphinx-v2/tests/010.test.mjs:157:7)
      at async Test.run (node:internal/test_runner/test:1054:7)
      at async TestContext.<anonymous> (file:///Users/yuanxi/Workwork/vibe-fs/requirements/sphinx-v2/tests/010.test.mjs:156:5)
      at async Test.run (node:internal/test_runner/test:1054:7)
      at async Test.processPendingSubtests (node:internal/test_runner/test:744:7)

test at /Users/yuanxi/Workwork/vibe-fs/requirements/sphinx-v2/tests/010.test.mjs:147:1
✖ WHAT[sphinx-v2-010] accepted intent identity binds all request contents and admits only one intent for a work attempt (204.283ms)
  '5 subtests failed'

[verification-test-start] {"pid":78139,"parentPid":78137,"entryFile":"/Users/yuanxi/Workwork/vibe-fs/requirements/sphinx-v2/tests/010.test.mjs","name":"WHAT[sphinx-v2-010] refuses receipt for absent intent","fullName":"WHAT[sphinx-v2-010] a receipt requires the accepted intent and matching work attempt fence and physical binding > WHAT[sphinx-v2-010] refuses receipt for absent intent"}
[verification-test-start] {"pid":78140,"parentPid":78137,"entryFile":"/Users/yuanxi/Workwork/vibe-fs/requirements/sphinx-v2/tests/019.test.mjs","name":"WHAT[sphinx-v2-019] all 30 body cases cross real encoding append and new-writer canonical replay without losing public DTO fields","fullName":"WHAT[sphinx-v2-019] all 30 body cases cross real encoding append and new-writer canonical replay without losing public DTO fields"}
[verification-test-start] {"pid":78139,"parentPid":78137,"entryFile":"/Users/yuanxi/Workwork/vibe-fs/requirements/sphinx-v2/tests/010.test.mjs","name":"WHAT[sphinx-v2-010] refuses receipt for another intent","fullName":"WHAT[sphinx-v2-010] a receipt requires the accepted intent and matching work attempt fence and physical binding > WHAT[sphinx-v2-010] refuses receipt for another intent"}
test at /Users/yuanxi/Workwork/vibe-fs/requirements/sphinx-v2/tests/010.test.mjs:178:13
✖ WHAT[sphinx-v2-010] refuses receipt for absent intent (23.924ms)
  AssertionError [ERR_ASSERTION]: invalid dispatch facts must be refused, not accepted as no-ops
  
  true !== false
  
      at expectRejected (file:///Users/yuanxi/Workwork/vibe-fs/requirements/sphinx-v2/tests/010.test.mjs:45:10)
      at file:///Users/yuanxi/Workwork/vibe-fs/requirements/sphinx-v2/tests/010.test.mjs:184:9
      at async withStore (file:///Users/yuanxi/Workwork/vibe-fs/requirements/sphinx-v2/tests/persistence-support.mjs:83:16)
      at async TestContext.<anonymous> (file:///Users/yuanxi/Workwork/vibe-fs/requirements/sphinx-v2/tests/010.test.mjs:179:7)
      at async Test.run (node:internal/test_runner/test:1054:7)
      at async TestContext.<anonymous> (file:///Users/yuanxi/Workwork/vibe-fs/requirements/sphinx-v2/tests/010.test.mjs:178:5)
      at async Test.run (node:internal/test_runner/test:1054:7)
      at async Test.processPendingSubtests (node:internal/test_runner/test:744:7)

[verification-test-start] {"pid":78139,"parentPid":78137,"entryFile":"/Users/yuanxi/Workwork/vibe-fs/requirements/sphinx-v2/tests/010.test.mjs","name":"WHAT[sphinx-v2-010] refuses receipt for another work","fullName":"WHAT[sphinx-v2-010] a receipt requires the accepted intent and matching work attempt fence and physical binding > WHAT[sphinx-v2-010] refuses receipt for another work"}
test at /Users/yuanxi/Workwork/vibe-fs/requirements/sphinx-v2/tests/010.test.mjs:178:13
✖ WHAT[sphinx-v2-010] refuses receipt for another intent (27.113ms)
  AssertionError [ERR_ASSERTION]: invalid dispatch facts must be refused, not accepted as no-ops
  
  true !== false
  
      at expectRejected (file:///Users/yuanxi/Workwork/vibe-fs/requirements/sphinx-v2/tests/010.test.mjs:45:10)
      at file:///Users/yuanxi/Workwork/vibe-fs/requirements/sphinx-v2/tests/010.test.mjs:184:9
      at async withStore (file:///Users/yuanxi/Workwork/vibe-fs/requirements/sphinx-v2/tests/persistence-support.mjs:83:16)
      at async TestContext.<anonymous> (file:///Users/yuanxi/Workwork/vibe-fs/requirements/sphinx-v2/tests/010.test.mjs:179:7)
      at async Test.run (node:internal/test_runner/test:1054:7)
      at async TestContext.<anonymous> (file:///Users/yuanxi/Workwork/vibe-fs/requirements/sphinx-v2/tests/010.test.mjs:178:5)
      at async Test.run (node:internal/test_runner/test:1054:7)
      at async Test.processPendingSubtests (node:internal/test_runner/test:744:7)

[verification-test-start] {"pid":78139,"parentPid":78137,"entryFile":"/Users/yuanxi/Workwork/vibe-fs/requirements/sphinx-v2/tests/010.test.mjs","name":"WHAT[sphinx-v2-010] refuses receipt for another attempt","fullName":"WHAT[sphinx-v2-010] a receipt requires the accepted intent and matching work attempt fence and physical binding > WHAT[sphinx-v2-010] refuses receipt for another attempt"}
test at /Users/yuanxi/Workwork/vibe-fs/requirements/sphinx-v2/tests/010.test.mjs:178:13
✖ WHAT[sphinx-v2-010] refuses receipt for another work (35.257ms)
  AssertionError [ERR_ASSERTION]: invalid dispatch facts must be refused, not accepted as no-ops
  
  true !== false
  
      at expectRejected (file:///Users/yuanxi/Workwork/vibe-fs/requirements/sphinx-v2/tests/010.test.mjs:45:10)
      at file:///Users/yuanxi/Workwork/vibe-fs/requirements/sphinx-v2/tests/010.test.mjs:184:9
      at async withStore (file:///Users/yuanxi/Workwork/vibe-fs/requirements/sphinx-v2/tests/persistence-support.mjs:83:16)
      at async TestContext.<anonymous> (file:///Users/yuanxi/Workwork/vibe-fs/requirements/sphinx-v2/tests/010.test.mjs:179:7)
      at async Test.run (node:internal/test_runner/test:1054:7)
      at async TestContext.<anonymous> (file:///Users/yuanxi/Workwork/vibe-fs/requirements/sphinx-v2/tests/010.test.mjs:178:5)
      at async Test.run (node:internal/test_runner/test:1054:7)
      at async Test.processPendingSubtests (node:internal/test_runner/test:744:7)

[verification-test-start] {"pid":78139,"parentPid":78137,"entryFile":"/Users/yuanxi/Workwork/vibe-fs/requirements/sphinx-v2/tests/010.test.mjs","name":"WHAT[sphinx-v2-010] refuses receipt for another fence","fullName":"WHAT[sphinx-v2-010] a receipt requires the accepted intent and matching work attempt fence and physical binding > WHAT[sphinx-v2-010] refuses receipt for another fence"}
test at /Users/yuanxi/Workwork/vibe-fs/requirements/sphinx-v2/tests/010.test.mjs:178:13
✖ WHAT[sphinx-v2-010] refuses receipt for another attempt (28.081ms)
  AssertionError [ERR_ASSERTION]: invalid dispatch facts must be refused, not accepted as no-ops
  
  true !== false
  
      at expectRejected (file:///Users/yuanxi/Workwork/vibe-fs/requirements/sphinx-v2/tests/010.test.mjs:45:10)
      at file:///Users/yuanxi/Workwork/vibe-fs/requirements/sphinx-v2/tests/010.test.mjs:184:9
      at async withStore (file:///Users/yuanxi/Workwork/vibe-fs/requirements/sphinx-v2/tests/persistence-support.mjs:83:16)
      at async TestContext.<anonymous> (file:///Users/yuanxi/Workwork/vibe-fs/requirements/sphinx-v2/tests/010.test.mjs:179:7)
      at async Test.run (node:internal/test_runner/test:1054:7)
      at async TestContext.<anonymous> (file:///Users/yuanxi/Workwork/vibe-fs/requirements/sphinx-v2/tests/010.test.mjs:178:5)
      at async Test.run (node:internal/test_runner/test:1054:7)
      at async Test.processPendingSubtests (node:internal/test_runner/test:744:7)

[verification-test-start] {"pid":78139,"parentPid":78137,"entryFile":"/Users/yuanxi/Workwork/vibe-fs/requirements/sphinx-v2/tests/010.test.mjs","name":"WHAT[sphinx-v2-010] refuses receipt for conflicting actual physical reference","fullName":"WHAT[sphinx-v2-010] a receipt requires the accepted intent and matching work attempt fence and physical binding > WHAT[sphinx-v2-010] refuses receipt for conflicting actual physical reference"}
test at /Users/yuanxi/Workwork/vibe-fs/requirements/sphinx-v2/tests/010.test.mjs:178:13
✖ WHAT[sphinx-v2-010] refuses receipt for another fence (29.003ms)
  AssertionError [ERR_ASSERTION]: invalid dispatch facts must be refused, not accepted as no-ops
  
  true !== false
  
      at expectRejected (file:///Users/yuanxi/Workwork/vibe-fs/requirements/sphinx-v2/tests/010.test.mjs:45:10)
      at file:///Users/yuanxi/Workwork/vibe-fs/requirements/sphinx-v2/tests/010.test.mjs:184:9
      at async withStore (file:///Users/yuanxi/Workwork/vibe-fs/requirements/sphinx-v2/tests/persistence-support.mjs:83:16)
      at async TestContext.<anonymous> (file:///Users/yuanxi/Workwork/vibe-fs/requirements/sphinx-v2/tests/010.test.mjs:179:7)
      at async Test.run (node:internal/test_runner/test:1054:7)
      at async TestContext.<anonymous> (file:///Users/yuanxi/Workwork/vibe-fs/requirements/sphinx-v2/tests/010.test.mjs:178:5)
      at async Test.run (node:internal/test_runner/test:1054:7)
      at async Test.processPendingSubtests (node:internal/test_runner/test:744:7)

[verification-test-start] {"pid":78139,"parentPid":78137,"entryFile":"/Users/yuanxi/Workwork/vibe-fs/requirements/sphinx-v2/tests/010.test.mjs","name":"WHAT[sphinx-v2-010] the complete recorded receipt is immutable for its accepted intent","fullName":"WHAT[sphinx-v2-010] the complete recorded receipt is immutable for its accepted intent"}
test at /Users/yuanxi/Workwork/vibe-fs/requirements/sphinx-v2/tests/010.test.mjs:178:13
✖ WHAT[sphinx-v2-010] refuses receipt for conflicting actual physical reference (30.121ms)
  AssertionError [ERR_ASSERTION]: invalid dispatch facts must be refused, not accepted as no-ops
  
  true !== false
  
      at expectRejected (file:///Users/yuanxi/Workwork/vibe-fs/requirements/sphinx-v2/tests/010.test.mjs:45:10)
      at file:///Users/yuanxi/Workwork/vibe-fs/requirements/sphinx-v2/tests/010.test.mjs:184:9
      at async withStore (file:///Users/yuanxi/Workwork/vibe-fs/requirements/sphinx-v2/tests/persistence-support.mjs:83:16)
      at async TestContext.<anonymous> (file:///Users/yuanxi/Workwork/vibe-fs/requirements/sphinx-v2/tests/010.test.mjs:179:7)
      at async Test.run (node:internal/test_runner/test:1054:7)
      at async TestContext.<anonymous> (file:///Users/yuanxi/Workwork/vibe-fs/requirements/sphinx-v2/tests/010.test.mjs:178:5)
      at async Test.run (node:internal/test_runner/test:1054:7)
      at async Test.processPendingSubtests (node:internal/test_runner/test:744:7)

test at /Users/yuanxi/Workwork/vibe-fs/requirements/sphinx-v2/tests/010.test.mjs:168:1
✖ WHAT[sphinx-v2-010] a receipt requires the accepted intent and matching work attempt fence and physical binding (178.552ms)
  '6 subtests failed'

[verification-test-start] {"pid":78139,"parentPid":78137,"entryFile":"/Users/yuanxi/Workwork/vibe-fs/requirements/sphinx-v2/tests/010.test.mjs","name":"WHAT[sphinx-v2-010] refuses a changed physical reference without replacing the original receipt","fullName":"WHAT[sphinx-v2-010] the complete recorded receipt is immutable for its accepted intent > WHAT[sphinx-v2-010] refuses a changed physical reference without replacing the original receipt"}
[verification-test-start] {"pid":78139,"parentPid":78137,"entryFile":"/Users/yuanxi/Workwork/vibe-fs/requirements/sphinx-v2/tests/010.test.mjs","name":"WHAT[sphinx-v2-010] refuses a changed receipt payload without replacing the original receipt","fullName":"WHAT[sphinx-v2-010] the complete recorded receipt is immutable for its accepted intent > WHAT[sphinx-v2-010] refuses a changed receipt payload without replacing the original receipt"}
test at /Users/yuanxi/Workwork/vibe-fs/requirements/sphinx-v2/tests/010.test.mjs:197:13
✖ WHAT[sphinx-v2-010] refuses a changed physical reference without replacing the original receipt (22.991ms)
  AssertionError [ERR_ASSERTION]: invalid dispatch facts must be refused, not accepted as no-ops
  
  true !== false
  
      at expectRejected (file:///Users/yuanxi/Workwork/vibe-fs/requirements/sphinx-v2/tests/010.test.mjs:45:10)
      at file:///Users/yuanxi/Workwork/vibe-fs/requirements/sphinx-v2/tests/010.test.mjs:201:9
      at async withStore (file:///Users/yuanxi/Workwork/vibe-fs/requirements/sphinx-v2/tests/persistence-support.mjs:83:16)
      at async TestContext.<anonymous> (file:///Users/yuanxi/Workwork/vibe-fs/requirements/sphinx-v2/tests/010.test.mjs:198:7)
      at async Test.run (node:internal/test_runner/test:1054:7)
      at async TestContext.<anonymous> (file:///Users/yuanxi/Workwork/vibe-fs/requirements/sphinx-v2/tests/010.test.mjs:197:5)
      at async Test.run (node:internal/test_runner/test:1054:7)
      at async Test.processPendingSubtests (node:internal/test_runner/test:744:7)

[verification-test-start] {"pid":78139,"parentPid":78137,"entryFile":"/Users/yuanxi/Workwork/vibe-fs/requirements/sphinx-v2/tests/010.test.mjs","name":"WHAT[sphinx-v2-010] refuses a changed receipt schema without replacing the original receipt","fullName":"WHAT[sphinx-v2-010] the complete recorded receipt is immutable for its accepted intent > WHAT[sphinx-v2-010] refuses a changed receipt schema without replacing the original receipt"}
test at /Users/yuanxi/Workwork/vibe-fs/requirements/sphinx-v2/tests/010.test.mjs:197:13
✖ WHAT[sphinx-v2-010] refuses a changed receipt payload without replacing the original receipt (27.932ms)
  AssertionError [ERR_ASSERTION]: invalid dispatch facts must be refused, not accepted as no-ops
  
  true !== false
  
      at expectRejected (file:///Users/yuanxi/Workwork/vibe-fs/requirements/sphinx-v2/tests/010.test.mjs:45:10)
      at file:///Users/yuanxi/Workwork/vibe-fs/requirements/sphinx-v2/tests/010.test.mjs:201:9
      at async withStore (file:///Users/yuanxi/Workwork/vibe-fs/requirements/sphinx-v2/tests/persistence-support.mjs:83:16)
      at async TestContext.<anonymous> (file:///Users/yuanxi/Workwork/vibe-fs/requirements/sphinx-v2/tests/010.test.mjs:198:7)
      at async Test.run (node:internal/test_runner/test:1054:7)
      at async TestContext.<anonymous> (file:///Users/yuanxi/Workwork/vibe-fs/requirements/sphinx-v2/tests/010.test.mjs:197:5)
      at async Test.run (node:internal/test_runner/test:1054:7)
      at async Test.processPendingSubtests (node:internal/test_runner/test:744:7)

[verification-test-start] {"pid":78139,"parentPid":78137,"entryFile":"/Users/yuanxi/Workwork/vibe-fs/requirements/sphinx-v2/tests/010.test.mjs","name":"WHAT[sphinx-v2-010] terminal inquiry admission rejects new dispatch facts including event-level replay","fullName":"WHAT[sphinx-v2-010] terminal inquiry admission rejects new dispatch facts including event-level replay"}
test at /Users/yuanxi/Workwork/vibe-fs/requirements/sphinx-v2/tests/010.test.mjs:197:13
✖ WHAT[sphinx-v2-010] refuses a changed receipt schema without replacing the original receipt (31.793ms)
  AssertionError [ERR_ASSERTION]: invalid dispatch facts must be refused, not accepted as no-ops
  
  true !== false
  
      at expectRejected (file:///Users/yuanxi/Workwork/vibe-fs/requirements/sphinx-v2/tests/010.test.mjs:45:10)
      at file:///Users/yuanxi/Workwork/vibe-fs/requirements/sphinx-v2/tests/010.test.mjs:201:9
      at async withStore (file:///Users/yuanxi/Workwork/vibe-fs/requirements/sphinx-v2/tests/persistence-support.mjs:83:16)
      at async TestContext.<anonymous> (file:///Users/yuanxi/Workwork/vibe-fs/requirements/sphinx-v2/tests/010.test.mjs:198:7)
      at async Test.run (node:internal/test_runner/test:1054:7)
      at async TestContext.<anonymous> (file:///Users/yuanxi/Workwork/vibe-fs/requirements/sphinx-v2/tests/010.test.mjs:197:5)
      at async Test.run (node:internal/test_runner/test:1054:7)
      at async Test.processPendingSubtests (node:internal/test_runner/test:744:7)

test at /Users/yuanxi/Workwork/vibe-fs/requirements/sphinx-v2/tests/010.test.mjs:190:1
✖ WHAT[sphinx-v2-010] the complete recorded receipt is immutable for its accepted intent (87.061ms)
  '3 subtests failed'

[verification-test-start] {"pid":78139,"parentPid":78137,"entryFile":"/Users/yuanxi/Workwork/vibe-fs/requirements/sphinx-v2/tests/010.test.mjs","name":"WHAT[sphinx-v2-010] terminal inquiry refuses DispatchRequested","fullName":"WHAT[sphinx-v2-010] terminal inquiry admission rejects new dispatch facts including event-level replay > WHAT[sphinx-v2-010] terminal inquiry refuses DispatchRequested"}
[verification-test-start] {"pid":78139,"parentPid":78137,"entryFile":"/Users/yuanxi/Workwork/vibe-fs/requirements/sphinx-v2/tests/010.test.mjs","name":"WHAT[sphinx-v2-010] terminal inquiry refuses DispatchReceiptRecorded","fullName":"WHAT[sphinx-v2-010] terminal inquiry admission rejects new dispatch facts including event-level replay > WHAT[sphinx-v2-010] terminal inquiry refuses DispatchReceiptRecorded"}
test at /Users/yuanxi/Workwork/vibe-fs/requirements/sphinx-v2/tests/010.test.mjs:213:13
✖ WHAT[sphinx-v2-010] terminal inquiry refuses DispatchRequested (34.412ms)
  AssertionError [ERR_ASSERTION]: Expected values to be strictly deep-equal:
  + actual - expected
  
  + []
  - [
  -   {
  -     key: 'dispatch-1',
  -     value: {
  -       receipt: {
  -         attempt: 1,
  -         dispatchIntentId: 'dispatch-1',
  -         fence: 'dispatch-work:1:logical',
  -         physicalRef: 'actual-host-child-1',
  -         receipt: {
  -           canonicalPayload: '{"accepted":true,"childId":"actual-host-child-1"}',
  -           schema: {
  -             hash: 'a2c799262a3ce3c19ef5cdd983bf3d12b43ab3c426227091b909dcb7054738c0',
  -             id: 'response@2'
  -           }
  -         },
  -         workId: 'dispatch-work'
  -       },
  -       request: {
  -         dispatchIntentId: 'dispatch-1',
  -         privateTicket: {
  -           canonicalPayload: '{"labelMap":{"opaque-a":"source-1"}}',
  -           schema: {
  -             hash: 'a2c799262a3ce3c19ef5cdd983bf3d12b43ab3c426227091b909dcb7054738c0',
  -             id: 'response@2'
  -           }
  -         },
  -         publicEnvelope: {
  -           canonicalPayload: '{"question":"原文\\n保留"}',
  -           schema: {
  -             hash: 'a2c799262a3ce3c19ef5cdd983bf3d12b43ab3c426227091b909dcb7054738c0',
  -             id: 'response@2'
  -           }
  -         },
  -         work: {
  -           attempt: 1,
  -           capability: 'render',
  -           conflictKeys: [],
  -           dependencies: [],
  -           fence: 'dispatch-work:1:logical',
  -           id: 'dispatch-work',
  -           input: {
  -             canonicalPayload: '{}',
  -             schema: {
  -               hash: 'a2c799262a3ce3c19ef5cdd983bf3d12b43ab3c426227091b909dcb7054738c0',
  -               id: 'response@2'
  -             }
  -           },
  -           outputSchema: {
  -             hash: 'a2c799262a3ce3c19ef5cdd983bf3d12b43ab3c426227091b909dcb7054738c0',
  -             id: 'response@2'
  -           },
  -           physicalRef: null,
  -           planId: 'plan-1',
  -           producer: 'proof-producer',
  -           reserved: [
  -             {
  -               key: 'calls',
  -               value: 1
  -             }
  -           ],
  -           roundId: 'round-1'
  -         }
  -       }
  -     }
  -   }
  - ]
  
      at file:///Users/yuanxi/Workwork/vibe-fs/requirements/sphinx-v2/tests/010.test.mjs:220:16
      at async withStore (file:///Users/yuanxi/Workwork/vibe-fs/requirements/sphinx-v2/tests/persistence-support.mjs:83:16)
      at async TestContext.<anonymous> (file:///Users/yuanxi/Workwork/vibe-fs/requirements/sphinx-v2/tests/010.test.mjs:214:7)
      at async Test.run (node:internal/test_runner/test:1054:7)
      at async TestContext.<anonymous> (file:///Users/yuanxi/Workwork/vibe-fs/requirements/sphinx-v2/tests/010.test.mjs:213:5)
      at async Test.run (node:internal/test_runner/test:1054:7)
      at async Test.processPendingSubtests (node:internal/test_runner/test:744:7)

[verification-test-start] {"pid":78139,"parentPid":78137,"entryFile":"/Users/yuanxi/Workwork/vibe-fs/requirements/sphinx-v2/tests/010.test.mjs","name":"WHAT[sphinx-v2-010] actual durable append failure prevents Host dispatch and receipt-loss recovery reconciles the same intent without creating a second child","fullName":"WHAT[sphinx-v2-010] actual durable append failure prevents Host dispatch and receipt-loss recovery reconciles the same intent without creating a second child"}
test at /Users/yuanxi/Workwork/vibe-fs/requirements/sphinx-v2/tests/010.test.mjs:213:13
✖ WHAT[sphinx-v2-010] terminal inquiry refuses DispatchReceiptRecorded (33.637ms)
  AssertionError [ERR_ASSERTION]: Expected values to be strictly deep-equal:
  + actual - expected
  
  + []
  - [
  -   {
  -     key: 'dispatch-1',
  -     value: {
  -       receipt: {
  -         attempt: 1,
  -         dispatchIntentId: 'dispatch-1',
  -         fence: 'dispatch-work:1:logical',
  -         physicalRef: 'actual-host-child-1',
  -         receipt: {
  -           canonicalPayload: '{"accepted":true,"childId":"actual-host-child-1"}',
  -           schema: {
  -             hash: 'a2c799262a3ce3c19ef5cdd983bf3d12b43ab3c426227091b909dcb7054738c0',
  -             id: 'response@2'
  -           }
  -         },
  -         workId: 'dispatch-work'
  -       },
  -       request: {
  -         dispatchIntentId: 'dispatch-1',
  -         privateTicket: {
  -           canonicalPayload: '{"labelMap":{"opaque-a":"source-1"}}',
  -           schema: {
  -             hash: 'a2c799262a3ce3c19ef5cdd983bf3d12b43ab3c426227091b909dcb7054738c0',
  -             id: 'response@2'
  -           }
  -         },
  -         publicEnvelope: {
  -           canonicalPayload: '{"question":"原文\\n保留"}',
  -           schema: {
  -             hash: 'a2c799262a3ce3c19ef5cdd983bf3d12b43ab3c426227091b909dcb7054738c0',
  -             id: 'response@2'
  -           }
  -         },
  -         work: {
  -           attempt: 1,
  -           capability: 'render',
  -           conflictKeys: [],
  -           dependencies: [],
  -           fence: 'dispatch-work:1:logical',
  -           id: 'dispatch-work',
  -           input: {
  -             canonicalPayload: '{}',
  -             schema: {
  -               hash: 'a2c799262a3ce3c19ef5cdd983bf3d12b43ab3c426227091b909dcb7054738c0',
  -               id: 'response@2'
  -             }
  -           },
  -           outputSchema: {
  -             hash: 'a2c799262a3ce3c19ef5cdd983bf3d12b43ab3c426227091b909dcb7054738c0',
  -             id: 'response@2'
  -           },
  -           physicalRef: null,
  -           planId: 'plan-1',
  -           producer: 'proof-producer',
  -           reserved: [
  -             {
  -               key: 'calls',
  -               value: 1
  -             }
  -           ],
  -           roundId: 'round-1'
  -         }
  -       }
  -     }
  -   }
  - ]
  
      at file:///Users/yuanxi/Workwork/vibe-fs/requirements/sphinx-v2/tests/010.test.mjs:220:16
      at async withStore (file:///Users/yuanxi/Workwork/vibe-fs/requirements/sphinx-v2/tests/persistence-support.mjs:83:16)
      at async TestContext.<anonymous> (file:///Users/yuanxi/Workwork/vibe-fs/requirements/sphinx-v2/tests/010.test.mjs:214:7)
      at async Test.run (node:internal/test_runner/test:1054:7)
      at async TestContext.<anonymous> (file:///Users/yuanxi/Workwork/vibe-fs/requirements/sphinx-v2/tests/010.test.mjs:213:5)
      at async Test.run (node:internal/test_runner/test:1054:7)
      at async Test.processPendingSubtests (node:internal/test_runner/test:744:7)

test at /Users/yuanxi/Workwork/vibe-fs/requirements/sphinx-v2/tests/010.test.mjs:211:1
✖ WHAT[sphinx-v2-010] terminal inquiry admission rejects new dispatch facts including event-level replay (72.756ms)
  '2 subtests failed'

runner: file lifecycle {"entryFile":"/Users/yuanxi/Workwork/vibe-fs/requirements/sphinx-v2/tests/010.test.mjs","type":"runner:file-drained","elapsedMs":2388.848417}
runner: file lifecycle {"entryFile":"/Users/yuanxi/Workwork/vibe-fs/requirements/sphinx-v2/tests/019.test.mjs","type":"runner:file-drained","elapsedMs":3451.3711249999997}

[test-summary] 3 file(s), 20 passed, 38 failed, 2 todo, 6 failed containers (3.32s wall, 4.21s test time)
  todo: /Users/yuanxi/Workwork/vibe-fs/requirements/sphinx-v2/tests/004.test.mjs:WHAT[sphinx-v2-004] actual durable reservations survive unresolved usage and settle cancellation duplicate calls and observed overrun exactly once — reason not supplied
  todo: /Users/yuanxi/Workwork/vibe-fs/requirements/sphinx-v2/tests/010.test.mjs:WHAT[sphinx-v2-010] actual durable append failure prevents Host dispatch and receipt-loss recovery reconciles the same intent without creating a second child — reason not supplied
runner: post-exit group verification/reclamation: pid=78137; elapsedMs=89.360; accepted=true
runner: 60 test(s), 4.2s of test time; max 1396ms, p90 107ms, median 34ms
runner:    1396ms  WHAT[sphinx-v2-019] all 30 body cases cross real encoding append and new-writer canonical replay without losing public DTO fields
runner:     218ms  WHAT[sphinx-v2-019] previously sealed @2 creation and ordinary work retain their exact complete state through cold replay
runner:     170ms  WHAT[sphinx-v2-010] canonical Current freezes the complete durable intent and actual receipt without inventing Running
runner:     153ms  WHAT[sphinx-v2-004] canonical reservations retain each work amount rather than the accumulated pool through cold replay
runner:     125ms  WHAT[sphinx-v2-019] legal same-parent forks preserve both writers and canonical Current refuses to pick a winner

runner: 20 passed, 38 failed; 3/3 planned file(s) completed
Error: runner: supervised suite failed (exit 1)
    at fail (file:///Users/yuanxi/Workwork/vibe-fs/requirements/verification-system/tests/e2e/support/supervise-node-test.mjs:221:25)
    at superviseOwnedNodeTest (file:///Users/yuanxi/Workwork/vibe-fs/requirements/verification-system/tests/e2e/support/supervise-node-test.mjs:400:19)
    at process.processTicksAndRejections (node:internal/process/task_queues:103:5)
    at async superviseNodeTest (file:///Users/yuanxi/Workwork/vibe-fs/requirements/verification-system/tests/e2e/support/supervise-node-test.mjs:199:14)
    at async file:///Users/yuanxi/Workwork/vibe-fs/requirements/verification-system/tests/run.mjs:94:1 {
  exitCode: 1
}
