runner: scoped 使用 TESTS_MJS_FILES=1 files
runner: build is current (1798 sources, 886 artifacts)
runner: discovery OVERRIDDEN by TESTS_MJS_FILES (1 file(s))
runner: 1 test file(s), 5000ms verdict-silence window
runner: file lifecycle {"entryFile":"/Users/yuanxi/Workwork/vibe-fs/requirements/sphinx-v2/tests/007.test.mjs","pid":86639,"parentPid":86609,"type":"runner:file-start","elapsedMs":154.7880419999999}
[verification-test-start] {"pid":86641,"parentPid":86639,"entryFile":"/Users/yuanxi/Workwork/vibe-fs/requirements/sphinx-v2/tests/007.test.mjs","name":"WHAT[sphinx-v2-007] a fresh dispatch with a missing Some round refuses its whole batch without creating a placeholder","fullName":"WHAT[sphinx-v2-007] a fresh dispatch with a missing Some round refuses its whole batch without creating a placeholder"}
[verification-test-start] {"pid":86641,"parentPid":86639,"entryFile":"/Users/yuanxi/Workwork/vibe-fs/requirements/sphinx-v2/tests/007.test.mjs","name":"WHAT[sphinx-v2-007] an independent work with RoundId None records its intent without inventing a round and survives cold replay","fullName":"WHAT[sphinx-v2-007] an independent work with RoundId None records its intent without inventing a round and survives cold replay"}

✖ failing tests:

test at /Users/yuanxi/Workwork/vibe-fs/requirements/sphinx-v2/tests/007.test.mjs:36:1
✖ WHAT[sphinx-v2-007] a fresh dispatch with a missing Some round refuses its whole batch without creating a placeholder (135.704ms)
  AssertionError [ERR_ASSERTION]: an absent round cannot be filled in or used by a dispatch
  
  true !== false
  
      at expectRoundRefusal (file:///Users/yuanxi/Workwork/vibe-fs/requirements/sphinx-v2/tests/007.test.mjs:28:10)
      at file:///Users/yuanxi/Workwork/vibe-fs/requirements/sphinx-v2/tests/007.test.mjs:44:5
      at async withStore (file:///Users/yuanxi/Workwork/vibe-fs/requirements/sphinx-v2/tests/persistence-support.mjs:83:16)
      at async TestContext.<anonymous> (file:///Users/yuanxi/Workwork/vibe-fs/requirements/sphinx-v2/tests/007.test.mjs:37:3)
      at async Test.run (node:internal/test_runner/test:1054:7)
      at async startSubtestAfterBootstrap (node:internal/test_runner/harness:296:3)

[verification-test-start] {"pid":86641,"parentPid":86639,"entryFile":"/Users/yuanxi/Workwork/vibe-fs/requirements/sphinx-v2/tests/007.test.mjs","name":"WHAT[sphinx-v2-007] RoundOpened before DispatchRequested in the same atomic batch supplies the explicit round reference","fullName":"WHAT[sphinx-v2-007] RoundOpened before DispatchRequested in the same atomic batch supplies the explicit round reference"}
[verification-test-start] {"pid":86641,"parentPid":86639,"entryFile":"/Users/yuanxi/Workwork/vibe-fs/requirements/sphinx-v2/tests/007.test.mjs","name":"WHAT[sphinx-v2-007] DispatchRequested before RoundOpened is refused without reordering or publishing any part of the batch","fullName":"WHAT[sphinx-v2-007] DispatchRequested before RoundOpened is refused without reordering or publishing any part of the batch"}
test at /Users/yuanxi/Workwork/vibe-fs/requirements/sphinx-v2/tests/007.test.mjs:95:1
✖ WHAT[sphinx-v2-007] DispatchRequested before RoundOpened is refused without reordering or publishing any part of the batch (36.579ms)
  AssertionError [ERR_ASSERTION]: an absent round cannot be filled in or used by a dispatch
  
  true !== false
  
      at expectRoundRefusal (file:///Users/yuanxi/Workwork/vibe-fs/requirements/sphinx-v2/tests/007.test.mjs:28:10)
      at file:///Users/yuanxi/Workwork/vibe-fs/requirements/sphinx-v2/tests/007.test.mjs:100:5
      at async withStore (file:///Users/yuanxi/Workwork/vibe-fs/requirements/sphinx-v2/tests/persistence-support.mjs:83:16)
      at async TestContext.<anonymous> (file:///Users/yuanxi/Workwork/vibe-fs/requirements/sphinx-v2/tests/007.test.mjs:96:3)
      at async Test.run (node:internal/test_runner/test:1054:7)
      at async Test.processPendingSubtests (node:internal/test_runner/test:744:7)

runner: file lifecycle {"entryFile":"/Users/yuanxi/Workwork/vibe-fs/requirements/sphinx-v2/tests/007.test.mjs","type":"runner:file-drained","elapsedMs":1110.965}

[test-summary] 1 file(s), 2 passed, 2 failed (0.97s wall, 0.31s test time)
runner: post-exit group verification/reclamation: pid=86639; elapsedMs=87.969; accepted=true
runner: 4 test(s), 0.3s of test time; max 136ms, p90 136ms, median 63ms

runner: 2 passed, 2 failed; 1/1 planned file(s) completed
Error: runner: supervised suite failed (exit 1)
    at fail (file:///Users/yuanxi/Workwork/vibe-fs/requirements/verification-system/tests/e2e/support/supervise-node-test.mjs:221:25)
    at superviseOwnedNodeTest (file:///Users/yuanxi/Workwork/vibe-fs/requirements/verification-system/tests/e2e/support/supervise-node-test.mjs:400:19)
    at process.processTicksAndRejections (node:internal/process/task_queues:103:5)
    at async superviseNodeTest (file:///Users/yuanxi/Workwork/vibe-fs/requirements/verification-system/tests/e2e/support/supervise-node-test.mjs:199:14)
    at async file:///Users/yuanxi/Workwork/vibe-fs/requirements/verification-system/tests/run.mjs:94:1 {
  exitCode: 1
}
