[verification-fixture-phase] {"phase":"npm:version-enter","pid":14793,"parentPid":14792,"elapsedMs":31.294166,"npmCli":"/private/tmp/node-v22.23.3-darwin-arm64/lib/node_modules/npm/bin/npm-cli.js"}
[verification-fixture-phase] {"phase":"npm:version-completed","pid":14793,"parentPid":14792,"elapsedMs":87.465166,"npmCli":"/private/tmp/node-v22.23.3-darwin-arm64/lib/node_modules/npm/bin/npm-cli.js","version":"10.9.9"}
[verification-fixture-phase] {"phase":"npm:registry-listening","pid":14793,"parentPid":14792,"elapsedMs":92.052625,"root":"/var/folders/g_/3ydzn7kx5lg9ylq8fd9p_13r0000gn/T/verification-npm-fixture-gqN4Pp","registry":"http://127.0.0.1:52224"}
[verification-fixture-phase] {"phase":"npm:registry-request","pid":14793,"parentPid":14792,"elapsedMs":2617.005,"root":"/var/folders/g_/3ydzn7kx5lg9ylq8fd9p_13r0000gn/T/verification-npm-fixture-gqN4Pp","method":"GET","path":"/wxs-fixture-leaf/-/wxs-fixture-leaf-1.0.0.tgz"}
[verification-fixture-phase] {"phase":"npm:registry-request","pid":14793,"parentPid":14792,"elapsedMs":2617.385416,"root":"/var/folders/g_/3ydzn7kx5lg9ylq8fd9p_13r0000gn/T/verification-npm-fixture-gqN4Pp","method":"GET","path":"/wxs-fixture-parent/-/wxs-fixture-parent-1.0.0.tgz"}
[verification-fixture-phase] {"phase":"npm:fixture-dispose-enter","pid":14793,"parentPid":14792,"elapsedMs":2728.005541,"root":"/var/folders/g_/3ydzn7kx5lg9ylq8fd9p_13r0000gn/T/verification-npm-fixture-gqN4Pp"}
[verification-fixture-phase] {"phase":"npm:fixture-disposed","pid":14793,"parentPid":14792,"elapsedMs":2728.80825,"root":"/var/folders/g_/3ydzn7kx5lg9ylq8fd9p_13r0000gn/T/verification-npm-fixture-gqN4Pp"}
[verification-fixture-phase] {"phase":"npm:version-enter","pid":14793,"parentPid":14792,"elapsedMs":2729.403458,"npmCli":"/private/tmp/node-v22.23.3-darwin-arm64/lib/node_modules/npm/bin/npm-cli.js"}
[verification-fixture-phase] {"phase":"npm:version-completed","pid":14793,"parentPid":14792,"elapsedMs":2783.075208,"npmCli":"/private/tmp/node-v22.23.3-darwin-arm64/lib/node_modules/npm/bin/npm-cli.js","version":"10.9.9"}
[verification-fixture-phase] {"phase":"npm:registry-listening","pid":14793,"parentPid":14792,"elapsedMs":2784.902083,"root":"/var/folders/g_/3ydzn7kx5lg9ylq8fd9p_13r0000gn/T/verification-npm-fixture-ZS36WO","registry":"http://127.0.0.1:52230"}
✔ WHAT[verification-system-016] actual held npm ci setup Error settles its creation owner before installer disposal (2698.250958ms)
[verification-fixture-phase] {"phase":"npm:registry-request","pid":14793,"parentPid":14792,"elapsedMs":4417.8405,"root":"/var/folders/g_/3ydzn7kx5lg9ylq8fd9p_13r0000gn/T/verification-npm-fixture-ZS36WO","method":"GET","path":"/wxs-fixture-leaf/-/wxs-fixture-leaf-1.0.0.tgz"}
[verification-fixture-phase] {"phase":"npm:registry-request","pid":14793,"parentPid":14792,"elapsedMs":4418.09725,"root":"/var/folders/g_/3ydzn7kx5lg9ylq8fd9p_13r0000gn/T/verification-npm-fixture-ZS36WO","method":"GET","path":"/wxs-fixture-parent/-/wxs-fixture-parent-1.0.0.tgz"}
[verification-fixture-phase] {"phase":"npm:fixture-dispose-enter","pid":14793,"parentPid":14792,"elapsedMs":4536.87725,"root":"/var/folders/g_/3ydzn7kx5lg9ylq8fd9p_13r0000gn/T/verification-npm-fixture-ZS36WO"}
[verification-fixture-phase] {"phase":"npm:fixture-disposed","pid":14793,"parentPid":14792,"elapsedMs":4537.538083,"root":"/var/folders/g_/3ydzn7kx5lg9ylq8fd9p_13r0000gn/T/verification-npm-fixture-ZS36WO"}
✔ WHAT[verification-system-016] actual held npm ci setup null settles its creation owner before installer disposal (1808.424875ms)
ℹ tests 2
ℹ suites 0
ℹ pass 2
ℹ fail 0
ℹ cancelled 0
ℹ skipped 0
ℹ todo 0
ℹ duration_ms 4556.307583
