[verification-fixture-phase] {"phase":"npm:version-enter","pid":14737,"parentPid":14736,"elapsedMs":36.309834,"npmCli":"/private/tmp/node-v22.23.3-darwin-arm64/lib/node_modules/npm/bin/npm-cli.js"}
[verification-fixture-phase] {"phase":"npm:version-completed","pid":14737,"parentPid":14736,"elapsedMs":123.990042,"npmCli":"/private/tmp/node-v22.23.3-darwin-arm64/lib/node_modules/npm/bin/npm-cli.js","version":"10.9.9"}
[verification-fixture-phase] {"phase":"npm:registry-listening","pid":14737,"parentPid":14736,"elapsedMs":129.502209,"root":"/var/folders/g_/3ydzn7kx5lg9ylq8fd9p_13r0000gn/T/verification-npm-fixture-HTZGpk","registry":"http://127.0.0.1:52189"}
[verification-fixture-phase] {"phase":"npm:registry-request","pid":14737,"parentPid":14736,"elapsedMs":2722.512084,"root":"/var/folders/g_/3ydzn7kx5lg9ylq8fd9p_13r0000gn/T/verification-npm-fixture-HTZGpk","method":"GET","path":"/wxs-fixture-leaf/-/wxs-fixture-leaf-1.0.0.tgz"}
[verification-fixture-phase] {"phase":"npm:registry-request","pid":14737,"parentPid":14736,"elapsedMs":2722.883334,"root":"/var/folders/g_/3ydzn7kx5lg9ylq8fd9p_13r0000gn/T/verification-npm-fixture-HTZGpk","method":"GET","path":"/wxs-fixture-parent/-/wxs-fixture-parent-1.0.0.tgz"}
[verification-fixture-phase] {"phase":"npm:fixture-dispose-enter","pid":14737,"parentPid":14736,"elapsedMs":2833.040417,"root":"/var/folders/g_/3ydzn7kx5lg9ylq8fd9p_13r0000gn/T/verification-npm-fixture-HTZGpk"}
[verification-fixture-phase] {"phase":"npm:fixture-disposed","pid":14737,"parentPid":14736,"elapsedMs":2833.89825,"root":"/var/folders/g_/3ydzn7kx5lg9ylq8fd9p_13r0000gn/T/verification-npm-fixture-HTZGpk"}
✖ WHAT[verification-system-016] actual held npm ci setup Error settles its creation owner before installer disposal (2798.618792ms)
ℹ tests 1
ℹ suites 0
ℹ pass 0
ℹ fail 1
ℹ cancelled 0
ℹ skipped 0
ℹ todo 0
ℹ duration_ms 2853.507417

✖ failing tests:

test at requirements/verification-system/tests/support/npm-install-setup-tests.mjs:148:5
✖ WHAT[verification-system-016] actual held npm ci setup Error settles its creation owner before installer disposal (2798.618792ms)
  AssertionError [ERR_ASSERTION]: Installer rejection and directory disposal must follow actual ci and monitor group settlement
  + actual - expected
  
  + [
  +   {
  +     parentPid: 14741,
  +     pgid: 14750,
  +     pid: 14750,
  +     state: 'Ss'
  +   },
  +   {
  +     parentPid: 14750,
  +     pgid: 14752,
  +     pid: 14752,
  +     state: 'Ss'
  +   }
  + ]
  - []
  
      at TestContext.<anonymous> (file:///Users/yuanxi/Workwork/vibe-fs/requirements/verification-system/tests/support/npm-install-setup-tests.mjs:204:16)
      at process.processTicksAndRejections (node:internal/process/task_queues:103:5)
      at async Test.run (node:internal/test_runner/test:1054:7)
      at async startSubtestAfterBootstrap (node:internal/test_runner/harness:296:3) {
    generatedMessage: false,
    code: 'ERR_ASSERTION',
    actual: [ { pid: 14750, parentPid: 14741, pgid: 14750, state: 'Ss' }, { pid: 14752, parentPid: 14750, pgid: 14752, state: 'Ss' } ],
    expected: [],
    operator: 'deepStrictEqual',
    diff: 'simple'
  }
