[verification-fixture-phase] {"phase":"npm:version-enter","pid":15098,"parentPid":15097,"elapsedMs":53.40275,"npmCli":"/private/tmp/node-v22.23.3-darwin-arm64/lib/node_modules/npm/bin/npm-cli.js"}
[verification-fixture-phase] {"phase":"npm:version-completed","pid":15098,"parentPid":15097,"elapsedMs":140.529792,"npmCli":"/private/tmp/node-v22.23.3-darwin-arm64/lib/node_modules/npm/bin/npm-cli.js","version":"10.9.9"}
[verification-fixture-phase] {"phase":"npm:registry-listening","pid":15098,"parentPid":15097,"elapsedMs":146.980625,"root":"/var/folders/g_/3ydzn7kx5lg9ylq8fd9p_13r0000gn/T/verification-npm-fixture-molfkV","registry":"http://127.0.0.1:52290"}
[verification-fixture-phase] {"phase":"npm:registry-request","pid":15098,"parentPid":15097,"elapsedMs":2535.081959,"root":"/var/folders/g_/3ydzn7kx5lg9ylq8fd9p_13r0000gn/T/verification-npm-fixture-molfkV","method":"GET","path":"/wxs-fixture-leaf/-/wxs-fixture-leaf-1.0.0.tgz"}
[verification-fixture-phase] {"phase":"npm:registry-request","pid":15098,"parentPid":15097,"elapsedMs":2535.477959,"root":"/var/folders/g_/3ydzn7kx5lg9ylq8fd9p_13r0000gn/T/verification-npm-fixture-molfkV","method":"GET","path":"/wxs-fixture-parent/-/wxs-fixture-parent-1.0.0.tgz"}
[verification-fixture-phase] {"phase":"npm:fixture-dispose-enter","pid":15098,"parentPid":15097,"elapsedMs":2661.155792,"root":"/var/folders/g_/3ydzn7kx5lg9ylq8fd9p_13r0000gn/T/verification-npm-fixture-molfkV"}
[verification-fixture-phase] {"phase":"npm:fixture-disposed","pid":15098,"parentPid":15097,"elapsedMs":2661.958459,"root":"/var/folders/g_/3ydzn7kx5lg9ylq8fd9p_13r0000gn/T/verification-npm-fixture-molfkV"}
[verification-fixture-phase] {"phase":"npm:version-enter","pid":15098,"parentPid":15097,"elapsedMs":2662.567584,"npmCli":"/private/tmp/node-v22.23.3-darwin-arm64/lib/node_modules/npm/bin/npm-cli.js"}
[verification-fixture-phase] {"phase":"npm:version-completed","pid":15098,"parentPid":15097,"elapsedMs":2718.455834,"npmCli":"/private/tmp/node-v22.23.3-darwin-arm64/lib/node_modules/npm/bin/npm-cli.js","version":"10.9.9"}
[verification-fixture-phase] {"phase":"npm:registry-listening","pid":15098,"parentPid":15097,"elapsedMs":2720.220542,"root":"/var/folders/g_/3ydzn7kx5lg9ylq8fd9p_13r0000gn/T/verification-npm-fixture-P5msVC","registry":"http://127.0.0.1:52296"}
✔ WHAT[verification-system-016] actual held npm ci setup Error settles its creation owner before installer disposal (2610.311334ms)
[verification-fixture-phase] {"phase":"npm:registry-request","pid":15098,"parentPid":15097,"elapsedMs":4354.15625,"root":"/var/folders/g_/3ydzn7kx5lg9ylq8fd9p_13r0000gn/T/verification-npm-fixture-P5msVC","method":"GET","path":"/wxs-fixture-leaf/-/wxs-fixture-leaf-1.0.0.tgz"}
[verification-fixture-phase] {"phase":"npm:registry-request","pid":15098,"parentPid":15097,"elapsedMs":4354.417375,"root":"/var/folders/g_/3ydzn7kx5lg9ylq8fd9p_13r0000gn/T/verification-npm-fixture-P5msVC","method":"GET","path":"/wxs-fixture-parent/-/wxs-fixture-parent-1.0.0.tgz"}
[verification-fixture-phase] {"phase":"npm:fixture-dispose-enter","pid":15098,"parentPid":15097,"elapsedMs":4482.131375,"root":"/var/folders/g_/3ydzn7kx5lg9ylq8fd9p_13r0000gn/T/verification-npm-fixture-P5msVC"}
[verification-fixture-phase] {"phase":"npm:fixture-disposed","pid":15098,"parentPid":15097,"elapsedMs":4482.785459,"root":"/var/folders/g_/3ydzn7kx5lg9ylq8fd9p_13r0000gn/T/verification-npm-fixture-P5msVC"}
✔ WHAT[verification-system-016] actual held npm ci setup null settles its creation owner before installer disposal (1820.516042ms)
ℹ tests 2
ℹ suites 0
ℹ pass 2
ℹ fail 0
ℹ cancelled 0
ℹ skipped 0
ℹ todo 0
ℹ duration_ms 4507.065
