TAP version 13
# Subtest: WHAT[durable-events-022] Snapshot recovery flat compile excludes full Host admission and preserves its private witness owner
    # Subtest: WHAT[durable-events-022] full Host contract compiles with the original private acceptance witness
    ok 1 - WHAT[durable-events-022] full Host contract compiles with the original private acceptance witness
      ---
      duration_ms: 5068.931583
      type: 'test'
      ...
    # Subtest: WHAT[durable-events-022] actual recovery compiles with only its Snapshot read capability
    ok 2 - WHAT[durable-events-022] actual recovery compiles with only its Snapshot read capability
      ---
      duration_ms: 5437.980834
      type: 'test'
      ...
    # Subtest: WHAT[durable-events-022] actual recovery rejects the identical full Host acceptance probe
    ok 3 - WHAT[durable-events-022] actual recovery rejects the identical full Host acceptance probe
      ---
      duration_ms: 5285.463583
      type: 'test'
      ...
    # Subtest: WHAT[durable-events-022] standalone Snapshot contract compiles its real read capability
    ok 4 - WHAT[durable-events-022] standalone Snapshot contract compiles its real read capability
      ---
      duration_ms: 3736.525125
      type: 'test'
      ...
    1..4
ok 1 - WHAT[durable-events-022] Snapshot recovery flat compile excludes full Host admission and preserves its private witness owner
  ---
  duration_ms: 19592.572167
  type: 'test'
  ...
1..1
# tests 5
# suites 0
# pass 5
# fail 0
# cancelled 0
# skipped 0
# todo 0
# duration_ms 19699.312791
