TAP version 13
# Subtest: WHAT[durable-events-022] Snapshot recovery flat compile excludes full Host admission and preserves its private witness owner
not ok 1 - WHAT[durable-events-022] Snapshot recovery flat compile excludes full Host admission and preserves its private witness owner
  ---
  duration_ms: 17341.63175
  type: 'test'
  location: '/Users/yuanxi/Workwork/vibe-fs/requirements/verification-system/tests/support/tier-gate.mjs:26:12'
  failureType: 'testCodeFailure'
  error: |-
    the identical full Host acceptance probe must fail in the actual recovery closure
    
    true !== false
    
  code: 'ERR_ASSERTION'
  name: 'AssertionError'
  expected: false
  actual: true
  operator: 'strictEqual'
  stack: |-
    TestContext.<anonymous> (file:///Users/yuanxi/Workwork/vibe-fs/requirements/durable-events/tests/022.test.mjs:517:12)
    process.processTicksAndRejections (node:internal/process/task_queues:103:5)
    async Test.run (node:internal/test_runner/test:1054:7)
    async startSubtestAfterBootstrap (node:internal/test_runner/harness:296:3)
  ...
1..1
# tests 1
# suites 0
# pass 0
# fail 1
# cancelled 0
# skipped 0
# todo 0
# duration_ms 17420.5235
