TAP version 13
# Subtest: WHAT[durable-events-022] Snapshot recovery flat compile preserves bounded Journal outcomes and the private Host witness owner
    # Subtest: WHAT[durable-events-022] full Host contract compiles with the original private acceptance witness
    ok 1 - WHAT[durable-events-022] full Host contract compiles with the original private acceptance witness
      ---
      duration_ms: 5354.12775
      type: 'test'
      ...
    # Subtest: WHAT[durable-events-022] actual recovery compiles with only its Snapshot read capability
    ok 2 - WHAT[durable-events-022] actual recovery compiles with only its Snapshot read capability
      ---
      duration_ms: 6008.364209
      type: 'test'
      ...
    # Subtest: WHAT[durable-events-022] actual recovery rejects the identical full Host acceptance probe
    ok 3 - WHAT[durable-events-022] actual recovery rejects the identical full Host acceptance probe
      ---
      duration_ms: 6056.062625
      type: 'test'
      ...
    # Subtest: WHAT[durable-events-022] standalone Snapshot contract compiles its real read capability
    ok 4 - WHAT[durable-events-022] standalone Snapshot contract compiles its real read capability
      ---
      duration_ms: 3943.142583
      type: 'test'
      ...
    # Subtest: WHAT[durable-events-022] standalone Journal outcome contract compiles every original result and diagnostic case
    ok 5 - WHAT[durable-events-022] standalone Journal outcome contract compiles every original result and diagnostic case
      ---
      duration_ms: 4044.453959
      type: 'test'
      ...
    # Subtest: WHAT[durable-events-022] standalone Journal outcome contract rejects the original full Host acceptance probe
    ok 6 - WHAT[durable-events-022] standalone Journal outcome contract rejects the original full Host acceptance probe
      ---
      duration_ms: 3820.927458
      type: 'test'
      ...
    1..6
ok 1 - WHAT[durable-events-022] Snapshot recovery flat compile preserves bounded Journal outcomes and the private Host witness owner
  ---
  duration_ms: 29308.212541
  type: 'test'
  ...
1..1
# tests 7
# suites 0
# pass 7
# fail 0
# cancelled 0
# skipped 0
# todo 0
# duration_ms 29386.646333
