[36m[build][0m Compiling F# (full)...
[37mFable 5.13.0: F# to JavaScript compiler
[39m[22m[37mMinimum @fable-org/fable-library-js version (when installed from npm): 2.5.1
[39m[22m[37m
Thanks to the contributor! @xdaDaveShaw
[39m[22m[37mStand with Ukraine! https://standwithukraine.com.ua/

[39m[22m[37mParsing src/Wanxiangshu/.fable-build/output-compile/5e7d9ab1fda396fcc99a1f3d423c38e7b6a890ea6c1fc8de1c8c0fd6423a0957/Wanxiangshu.Impact.fsproj...
[39m[22m[37mProject and references (1554 source files) parsed in 1424ms

[39m[22m[37mStarted Fable compilation...
[39m[22m[37m
Fable compilation finished in 53798ms

[39m[22m[owner-compile] OK: Wanxiangshu.Impact.fsproj in 56008ms (restored, fp:cc923712fe6b)
[36m[build][0m compiled full impact (1516 items in 56008ms)
js-surface-manifest: OK — 170 registered surfaces, laws and contract imports closed
js-module-linkage: FAILED — 2 violation(s)
  Composition/Turn/ReconcileSurface.js: fable_modules/fable-library-js.5.13.0/Task.js is missing named export 'get_CompletedTask'
  Composition/Turn/ReconcileSurface.js: failed to load emitted module: The requested module '../../fable_modules/fable-library-js.5.13.0/Task.js' does not provide an export named 'get_CompletedTask'
[31m════════════════════════════════════════════════════════════════════════════════
  BUILD FAILED
════════════════════════════════════════════════════════════════════════════════[0m
js-module-linkage: emitted ESM graph is not package-closed
