TAP version 13
# Subtest: WHAT[durable-events-022] EventStore contracts exclude physical and Strength runtime closure
ok 1 - WHAT[durable-events-022] EventStore contracts exclude physical and Strength runtime closure
  ---
  duration_ms: 29.046333
  type: 'test'
  ...
# Subtest: WHAT[durable-events-022] declared EventStore compile plans stay within source-count budgets
ok 2 - WHAT[durable-events-022] declared EventStore compile plans stay within source-count budgets
  ---
  duration_ms: 52.683875
  type: 'test'
  ...
# Subtest: WHAT[durable-events-022] Journal outcome contract excludes the store capability and physical journal
ok 3 - WHAT[durable-events-022] Journal outcome contract excludes the store capability and physical journal
  ---
  duration_ms: 5.044
  type: 'test'
  ...
# Subtest: WHAT[durable-events-022] append results have one pure compile owner without acquiring the store capability
not ok 4 - WHAT[durable-events-022] append results have one pure compile owner without acquiring the store capability
  ---
  duration_ms: 0.929333
  type: 'test'
  location: '/Users/yuanxi/Workwork/vibe-fs/requirements/durable-events/tests/022.test.mjs:257:1'
  failureType: 'testCodeFailure'
  error: |-
    eventstore-append-result-contract must resolve to exactly one compile shard
    
    0 !== 1
    
  code: 'ERR_ASSERTION'
  name: 'AssertionError'
  expected: 1
  actual: 0
  operator: 'strictEqual'
  stack: |-
    requireShard (file:///Users/yuanxi/Workwork/vibe-fs/requirements/durable-events/tests/022.test.mjs:27:10)
    planShard (file:///Users/yuanxi/Workwork/vibe-fs/requirements/durable-events/tests/022.test.mjs:32:19)
    TestContext.<anonymous> (file:///Users/yuanxi/Workwork/vibe-fs/requirements/durable-events/tests/022.test.mjs:258:29)
    Test.runInAsyncScope (node:async_hooks:214:14)
    Test.run (node:internal/test_runner/test:1047:25)
    Test.processPendingSubtests (node:internal/test_runner/test:744:18)
    Test.postRun (node:internal/test_runner/test:1173:19)
    Test.run (node:internal/test_runner/test:1101:12)
    async Test.processPendingSubtests (node:internal/test_runner/test:744:7)
  ...
# Subtest: WHAT[durable-events-022] each actual bounded locality compiles as one flat project and a reversed dependency is rejected
ok 5 - WHAT[durable-events-022] each actual bounded locality compiles as one flat project and a reversed dependency is rejected # SKIP integration tier not enabled
  ---
  duration_ms: 0.074292
  type: 'test'
  ...
# Subtest: WHAT[durable-events-022] real Fable compiles the journal observation owner using its declared closure
ok 6 - WHAT[durable-events-022] real Fable compiles the journal observation owner using its declared closure # SKIP integration tier not enabled
  ---
  duration_ms: 0.09875
  type: 'test'
  ...
# Subtest: WHAT[durable-events-022] Snapshot recovery flat compile preserves bounded Journal outcomes and the full Host effect owner
ok 7 - WHAT[durable-events-022] Snapshot recovery flat compile preserves bounded Journal outcomes and the full Host effect owner # SKIP integration tier not enabled
  ---
  duration_ms: 0.031833
  type: 'test'
  ...
1..7
# tests 7
# suites 0
# pass 3
# fail 1
# cancelled 0
# skipped 3
# todo 0
# duration_ms 240.335375
