TAP version 13
# Subtest: WHAT[durable-events-022] pure append results compile every original case and reject the identical store capability probe
    # Subtest: WHAT[durable-events-022] the original port closure compiles its real append capability
    ok 1 - WHAT[durable-events-022] the original port closure compiles its real append capability
      ---
      duration_ms: 4689.716792
      type: 'test'
      ...
    # Subtest: WHAT[durable-events-022] the pure result closure compiles all original result cases
    ok 2 - WHAT[durable-events-022] the pure result closure compiles all original result cases
      ---
      duration_ms: 4381.427417
      type: 'test'
      ...
    # Subtest: WHAT[durable-events-022] the pure result closure rejects the identical append capability
    ok 3 - WHAT[durable-events-022] the pure result closure rejects the identical append capability
      ---
      duration_ms: 4226.555125
      type: 'test'
      ...
    1..3
ok 1 - WHAT[durable-events-022] pure append results compile every original case and reject the identical store capability probe
  ---
  duration_ms: 13324.771875
  type: 'test'
  ...
# Subtest: WHAT[durable-events-022] Snapshot recovery flat compile preserves bounded Journal outcomes and the full Host effect owner
    # Subtest: WHAT[durable-events-022] full Host contract compiles with its real SendPrompt capability
    ok 1 - WHAT[durable-events-022] full Host contract compiles with its real SendPrompt capability
      ---
      duration_ms: 5511.930417
      type: 'test'
      ...
    # Subtest: WHAT[durable-events-022] actual recovery compiles with only its Snapshot read capability
    ok 2 - WHAT[durable-events-022] actual recovery compiles with only its Snapshot read capability
      ---
      duration_ms: 6658.118667
      type: 'test'
      ...
    # Subtest: WHAT[durable-events-022] actual recovery rejects the identical full Host effect probe
    ok 3 - WHAT[durable-events-022] actual recovery rejects the identical full Host effect probe
      ---
      duration_ms: 6336.605208
      type: 'test'
      ...
    # Subtest: WHAT[durable-events-022] standalone Snapshot contract compiles its real read capability
    ok 4 - WHAT[durable-events-022] standalone Snapshot contract compiles its real read capability
      ---
      duration_ms: 4333.457292
      type: 'test'
      ...
    # Subtest: WHAT[durable-events-022] standalone Journal outcome contract compiles every original result and diagnostic case
    ok 5 - WHAT[durable-events-022] standalone Journal outcome contract compiles every original result and diagnostic case
      ---
      duration_ms: 4308.14375
      type: 'test'
      ...
    # Subtest: WHAT[durable-events-022] standalone Journal outcome contract rejects the full Host effect probe
    ok 6 - WHAT[durable-events-022] standalone Journal outcome contract rejects the full Host effect probe
      ---
      duration_ms: 4067.573584
      type: 'test'
      ...
    1..6
ok 2 - WHAT[durable-events-022] Snapshot recovery flat compile preserves bounded Journal outcomes and the full Host effect owner
  ---
  duration_ms: 31299.942833
  type: 'test'
  ...
1..2
# tests 11
# suites 0
# pass 11
# fail 0
# cancelled 0
# skipped 0
# todo 0
# duration_ms 44762.154417
