TAP version 13
# Subtest: WHAT[host-boundary-033] WHAT[managed-session-lifecycle-016] installed Host preserves streaming and non-join tools until the next human request
ok 1 - WHAT[host-boundary-033] WHAT[managed-session-lifecycle-016] installed Host preserves streaming and non-join tools until the next human request
  ---
  duration_ms: 9080.2305
  type: 'test'
  ...
# Subtest: WHAT[host-boundary-033] WHAT[managed-session-lifecycle-016] one-slot Host preserves streaming and non-join tools until the next human request
not ok 2 - WHAT[host-boundary-033] WHAT[managed-session-lifecycle-016] one-slot Host preserves streaming and non-join tools until the next human request
  ---
  duration_ms: 4117.842334
  type: 'test'
  location: '/Users/yuanxi/Workwork/vibe-fs/requirements/verification-system/tests/support/tier-gate.mjs:26:12'
  failureType: 'testCodeFailure'
  error: |-
    
    
    node:internal/modules/run_main:123
        triggerUncaughtException(
        ^
    
    AssertionError [ERR_ASSERTION]: 
    
    AssertionError [ERR_ASSERTION]: Expected values to be strictly equal:
    + actual - expected
    
    + undefined
    - 'stop'
    
        at file:///Users/yuanxi/Workwork/vibe-fs/requirements/host-boundary/tests/support/run-user-input-canary.mjs:209:10
        at process.processTicksAndRejections (node:internal/process/task_queues:103:5) {
      generatedMessage: true,
      code: 'ERR_ASSERTION',
      actual: undefined,
      expected: 'stop',
      operator: 'strictEqual',
      diff: 'simple'
    }
    {"observations":[{"kind":"message.received","value":{"sessionID":"ses_eebd6e372ffeemM7FFSVdkHVLt","messageID":"msg_root_STREAMING"}},{"kind":"message.accepted","value":{"sessionID":"ses_eebd6e372ffeemM7FFSVdkHVLt","messageID":"msg_root_STREAMING"}},{"kind":"event.completed","value":{"id":"evt_114291ce4001GmTycH7TYr3J6K","type":"message.updated","properties":{"sessionID":"ses_eebd6e372ffeemM7FFSVdkHVLt","info":{"id":"msg_root_STREAMING","role":"user","sessionID":"ses_eebd6e372ffeemM7FFSVdkHVLt","time":{"created":1791339601059},"tools":{"fission":false},"agent":"manager","model":{"providerID":"test","modelID":"test-model","variant":"none"}}}}},{"kind":"event.completed","value":{"id":"evt_114291dc6001yn3Riu2pbt4d0L","type":"message.updated","properties":{"sessionID":"ses_eebd6e372ffeemM7FFSVdkHVLt","info":{"id":"msg_114291dc6001eFvJZI7b44xTMI","parentID":"msg_root_STREAMING","role":"assistant","mode":"manager","agent":"manager","variant":"none","path":{"cwd":"/private/var/folders/g_/3ydzn7kx5lg9ylq8fd9p_13r0000gn/T/wxs-user-input-5MgGdZ/workspace","root":"/private/var/folders/g_/3ydzn7kx5lg9ylq8fd9p_13r0000gn/T/wxs-user-input-5MgGdZ/workspace"},"cost":0,"tokens":{"input":0,"output":0,"reasoning":0,"cache":{"read":0,"write":0}},"modelID":"test-model","providerID":"test","time":{"created":1791339601350},"sessionID":"ses_eebd6e372ffeemM7FFSVdkHVLt"}}}},{"kind":"message.received","value":{"sessionID":"ses_eebd6e1b9ffeH2zfVMvusQ5KRT","messageID":"msg_114291e67001G7gGZOAzrc2Jq4"}},{"kind":"message.accepted","value":{"sessionID":"ses_eebd6e1b9ffeH2zfVMvusQ5KRT","messageID":"msg_114291e67001G7gGZOAzrc2Jq4"}},{"kind":"event.completed","value":{"id":"evt_114291e890011XwAdO52o2hWjF","type":"message.updated","properties":{"sessionID":"ses_eebd6e1b9ffeH2zfVMvusQ5KRT","info":{"id":"msg_114291e67001G7gGZOAzrc2Jq4","role":"user","sessionID":"ses_eebd6e1b9ffeH2zfVMvusQ5KRT","time":{"created":1791339601511},"agent":"blogger","model":{"providerID":"test","modelID":"test-model-b","variant":"none"}}}}},{"kind":"event.completed","value":{"id":"evt_114291e9e002kHXfU1qr5NmCJw","type":"message.updated","properties":{"sessionID":"ses_eebd6e1b9ffeH2zfVMvusQ5KRT","info":{"id":"msg_114291e9e001vufnyT6v9Baz4A","parentID":"msg_114291e67001G7gGZOAzrc2Jq4","role":"assistant","mode":"blogger","agent":"blogger","variant":"none","path":{"cwd":"/private/var/folders/g_/3ydzn7kx5lg9ylq8fd9p_13r0000gn/T/wxs-user-input-5MgGdZ/workspace","root":"/private/var/folders/g_/3ydzn7kx5lg9ylq8fd9p_13r0000gn/T/wxs-user-input-5MgGdZ/workspace"},"cost":0,"tokens":{"input":0,"output":0,"reasoning":0,"cache":{"read":0,"write":0}},"modelID":"test-model-b","providerID":"test","time":{"created":1791339601566},"sessionID":"ses_eebd6e1b9ffeH2zfVMvusQ5KRT"}}}},{"kind":"stream.held","value":{"messageID":"msg_root_STREAMING"}},{"kind":"event.completed","value":{"id":"evt_114292295001AcCiNWi4JTQUgf","type":"message.updated","properties":{"sessionID":"ses_eebd6e1b9ffeH2zfVMvusQ5KRT","info":{"id":"msg_114291e9e001vufnyT6v9Baz4A","parentID":"msg_114291e67001G7gGZOAzrc2Jq4","role":"assistant","mode":"blogger","agent":"blogger","variant":"none","path":{"cwd":"/private/var/folders/g_/3ydzn7kx5lg9ylq8fd9p_13r0000gn/T/wxs-user-input-5MgGdZ/workspace","root":"/private/var/folders/g_/3ydzn7kx5lg9ylq8fd9p_13r0000gn/T/wxs-user-input-5MgGdZ/workspace"},"cost":0,"tokens":{"total":101,"input":1,"output":100,"reasoning":0,"cache":{"write":0,"read":0}},"modelID":"test-model-b","providerID":"test","time":{"created":1791339601566},"sessionID":"ses_eebd6e1b9ffeH2zfVMvusQ5KRT","finish":"tool-calls"}}}},{"kind":"event.completed","value":{"id":"evt_114292297001eR88r7NZgySz0I","type":"message.updated","properties":{"sessionID":"ses_eebd6e1b9ffeH2zfVMvusQ5KRT","info":{"id":"msg_114291e9e001vufnyT6v9Baz4A","parentID":"msg_114291e67001G7gGZOAzrc2Jq4","role":"assistant","mode":"blogger","agent":"blogger","variant":"none","path":{"cwd":"/private/var/folders/g_/3ydzn7kx5lg9ylq8fd9p_13r0000gn/T/wxs-user-input-5MgGdZ/workspace","root":"/private/var/folders/g_/3ydzn7kx5lg9ylq8fd9p_13r0000gn/T/wxs-user-input-5MgGdZ/workspace"},"cost":0,"tokens":{"total":101,"input":1,"output":100,"reasoning":0,"cache":{"write":0,"read":0}},"modelID":"test-model-b","providerID":"test","time":{"created":1791339601566,"completed":1791339602583},"sessionID":"ses_eebd6e1b9ffeH2zfVMvusQ5KRT","finish":"tool-calls"}}}},{"kind":"event.completed","value":{"id":"evt_114292298002wtwI1q8tZId2cy","type":"message.updated","properties":{"sessionID":"ses_eebd6e1b9ffeH2zfVMvusQ5KRT","info":{"id":"msg_114292298001rygnsV5OBjDr61","parentID":"msg_114291e67001G7gGZOAzrc2Jq4","role":"assistant","mode":"blogger","agent":"blogger","variant":"none","path":{"cwd":"/private/var/folders/g_/3ydzn7kx5lg9ylq8fd9p_13r0000gn/T/wxs-user-input-5MgGdZ/workspace","root":"/private/var/folders/g_/3ydzn7kx5lg9ylq8fd9p_13r0000gn/T/wxs-user-input-5MgGdZ/workspace"},"cost":0,"tokens":{"input":0,"output":0,"reasoning":0,"cache":{"read":0,"write":0}},"modelID":"test-model-b","providerID":"test","time":{"created":1791339602584},"sessionID":"ses_eebd6e1b9ffeH2zfVMvusQ5KRT"}}}},{"kind":"message.received","value":{"sessionID":"ses_eebd6e372ffeemM7FFSVdkHVLt","messageID":"msg_human_STREAMING"}},{"kind":"event.completed","value":{"id":"evt_1142922b80017RbXzJ3qQjKS7j","type":"message.updated","properties":{"sessionID":"ses_eebd6e372ffeemM7FFSVdkHVLt","info":{"id":"msg_114291dc6001eFvJZI7b44xTMI","parentID":"msg_root_STREAMING","role":"assistant","mode":"manager","agent":"manager","variant":"none","path":{"cwd":"/private/var/folders/g_/3ydzn7kx5lg9ylq8fd9p_13r0000gn/T/wxs-user-input-5MgGdZ/workspace","root":"/private/var/folders/g_/3ydzn7kx5lg9ylq8fd9p_13r0000gn/T/wxs-user-input-5MgGdZ/workspace"},"cost":0,"tokens":{"total":101,"input":1,"output":100,"reasoning":0,"cache":{"write":0,"read":0}},"modelID":"test-model","providerID":"test","time":{"created":1791339601350},"sessionID":"ses_eebd6e372ffeemM7FFSVdkHVLt","finish":"stop"}}}},{"kind":"event.completed","value":{"id":"evt_1142922bb002nUG0JDLJUEc8Or","type":"session.idle","properties":{"sessionID":"ses_eebd6e372ffeemM7FFSVdkHVLt"}}},{"kind":"event.completed","value":{"id":"evt_1142922b90012au6FF9XaO5hXg","type":"message.updated","properties":{"sessionID":"ses_eebd6e372ffeemM7FFSVdkHVLt","info":{"id":"msg_114291dc6001eFvJZI7b44xTMI","parentID":"msg_root_STREAMING","role":"assistant","mode":"manager","agent":"manager","variant":"none","path":{"cwd":"/private/var/folders/g_/3ydzn7kx5lg9ylq8fd9p_13r0000gn/T/wxs-user-input-5MgGdZ/workspace","root":"/private/var/folders/g_/3ydzn7kx5lg9ylq8fd9p_13r0000gn/T/wxs-user-input-5MgGdZ/workspace"},"cost":0,"tokens":{"total":101,"input":1,"output":100,"reasoning":0,"cache":{"write":0,"read":0}},"modelID":"test-model","providerID":"test","time":{"created":1791339601350,"completed":1791339602617},"sessionID":"ses_eebd6e372ffeemM7FFSVdkHVLt","finish":"stop"}}}},{"kind":"message.accepted","value":{"sessionID":"ses_eebd6e372ffeemM7FFSVdkHVLt","messageID":"msg_human_STREAMING"}},{"kind":"message.received","value":{"sessionID":"ses_eebd6e372ffeemM7FFSVdkHVLt","messageID":"msg_1142922f5001c77Rqu1lXjHmvy"}},{"kind":"event.completed","value":{"id":"evt_1142922fd0013F2bHoeYNDXhgX","type":"message.updated","properties":{"sessionID":"ses_eebd6e372ffeemM7FFSVdkHVLt","info":{"id":"msg_human_STREAMING","role":"user","sessionID":"ses_eebd6e372ffeemM7FFSVdkHVLt","time":{"created":1791339602596},"tools":{"fission":false},"agent":"manager","model":{"providerID":"test","modelID":"test-model","variant":"none"}}}}},{"kind":"event.completed","value":{"id":"evt_114292302001qliZppI1y97qz2","type":"message.updated","properties":{"sessionID":"ses_eebd6e372ffeemM7FFSVdkHVLt","info":{"id":"msg_114292302001vo7FO5SVgtve8d","parentID":"msg_human_STREAMING","role":"assistant","mode":"manager","agent":"manager","variant":"none","path":{"cwd":"/private/var/folders/g_/3ydzn7kx5lg9ylq8fd9p_13r0000gn/T/wxs-user-input-5MgGdZ/workspace","root":"/private/var/folders/g_/3ydzn7kx5lg9ylq8fd9p_13r0000gn/T/wxs-user-input-5MgGdZ/workspace"},"cost":0,"tokens":{"input":0,"output":0,"reasoning":0,"cache":{"read":0,"write":0}},"modelID":"test-model","providerID":"test","time":{"created":1791339602690},"sessionID":"ses_eebd6e372ffeemM7FFSVdkHVLt"}}}},{"kind":"event.completed","value":{"id":"evt_114292360001MaF0EFvyyv124Q","type":"session.error","properties":{"sessionID":"ses_eebd6e372ffeemM7FFSVdkHVLt","error":{"name":"UnknownError","data":{"message":"{\"message\":\"PROMPT-006: managed provider run 'manager' for session 'ses_eebd6e372ffeemM7FFSVdkHVLt' has no committed execution lease for physical user message 'msg_human_STREAMING'\"}"}}}}},{"kind":"event.completed","value":{"id":"evt_1142923600037z2SiMSJ54fzMH","type":"session.idle","properties":{"sessionID":"ses_eebd6e372ffeemM7FFSVdkHVLt"}}},{"kind":"event.completed","value":{"id":"evt_1142923610024zO2LIGHbUI61Y","type":"session.idle","properties":{"sessionID":"ses_eebd6e372ffeemM7FFSVdkHVLt"}}},{"kind":"event.completed","value":{"id":"evt_114292360004dRryna9k95W6qZ","type":"message.updated","properties":{"sessionID":"ses_eebd6e372ffeemM7FFSVdkHVLt","info":{"id":"msg_114292302001vo7FO5SVgtve8d","parentID":"msg_human_STREAMING","role":"assistant","mode":"manager","agent":"manager","variant":"none","path":{"cwd":"/private/var/folders/g_/3ydzn7kx5lg9ylq8fd9p_13r0000gn/T/wxs-user-input-5MgGdZ/workspace","root":"/private/var/folders/g_/3ydzn7kx5lg9ylq8fd9p_13r0000gn/T/wxs-user-input-5MgGdZ/workspace"},"cost":0,"tokens":{"input":0,"output":0,"reasoning":0,"cache":{"read":0,"write":0}},"modelID":"test-model","providerID":"test","time":{"created":1791339602690,"completed":1791339602784},"sessionID":"ses_eebd6e372ffeemM7FFSVdkHVLt","error":{"name":"UnknownError","data":{"message":"{\"message\":\"PROMPT-006: managed provider run 'manager' for session 'ses_eebd6e372ffeemM7FFSVdkHVLt' has no committed execution lease for physical user message 'msg_human_STREAMING'\"}"}}}}}}],"results":[]}
    Host stdout:
    Warning: OPENCODE_SERVER_PASSWORD is not set; server is unsecured.
    opencode server listening on http://127.0.0.1:4096
    
    Host stderr:
    {"operation":"strength-delegation-skip","session_id":"ses_eebd6e372ffeemM7FFSVdkHVLt","result":"no-completed-source-batch"}
    {"operation":"strength-delegation-skip","session_id":"ses_eebd6e1b9ffeH2zfVMvusQ5KRT","result":"owner provider run is not uniquely bound"}
    {"operation":"strength-delegation-skip","session_id":"ses_eebd6e1b9ffeH2zfVMvusQ5KRT","result":"apply-surface-failed:owner provider run is not uniquely bound"}
    {"operation":"strength-delegation-skip","session_id":"ses_eebd6e372ffeemM7FFSVdkHVLt","result":"no-completed-source-batch"}
    
    
    
    1 !== 0
    
        at file:///Users/yuanxi/Workwork/vibe-fs/requirements/host-boundary/tests/support/run-user-input-canary.mjs:25:12
        at ModuleJob.run (node:internal/modules/esm/module_job:343:25)
        at async onImport.tracePromise.__proto__ (node:internal/modules/esm/loader:681:26)
        at async asyncRunEntryPointWithESMLoader (node:internal/modules/run_main:117:5) {
      generatedMessage: false,
      code: 'ERR_ASSERTION',
      actual: 1,
      expected: 0,
      operator: 'strictEqual',
      diff: 'simple'
    }
    
    Node.js v22.23.3
    
    
    1 !== 0
    
  code: 'ERR_ASSERTION'
  name: 'AssertionError'
  expected: 0
  actual: 1
  operator: 'strictEqual'
  stack: |-
    file:///Users/yuanxi/Workwork/vibe-fs/requirements/host-boundary/tests/support/run-user-input-canary.mjs:209:10
    process.processTicksAndRejections (node:internal/process/task_queues:103:5) {
    file:///Users/yuanxi/Workwork/vibe-fs/requirements/host-boundary/tests/support/run-user-input-canary.mjs:25:12
    ModuleJob.run (node:internal/modules/esm/module_job:343:25)
    async onImport.tracePromise.__proto__ (node:internal/modules/esm/loader:681:26)
    async asyncRunEntryPointWithESMLoader (node:internal/modules/run_main:117:5) {
    runInstalledCanary (file:///Users/yuanxi/Workwork/vibe-fs/requirements/host-boundary/tests/033.test.mjs:170:12)
    TestContext.<anonymous> (file:///Users/yuanxi/Workwork/vibe-fs/requirements/host-boundary/tests/033.test.mjs:183:170)
    Test.runInAsyncScope (node:async_hooks:214:14)
    Test.run (node:internal/test_runner/test:1047:25)
    Test.processPendingSubtests (node:internal/test_runner/test:744:18)
    Test.postRun (node:internal/test_runner/test:1173:19)
    Test.run (node:internal/test_runner/test:1101:12)
    async startSubtestAfterBootstrap (node:internal/test_runner/harness:296:3)
  ...
1..2
# tests 2
# suites 0
# pass 1
# fail 1
# cancelled 0
# skipped 0
# todo 0
# duration_ms 13438.830833
