TAP version 13
# Subtest: WHAT[host-boundary-033] WHAT[managed-session-lifecycle-016] installed Host preserves streaming and non-join tools until the next human request
ok 1 - WHAT[host-boundary-033] WHAT[managed-session-lifecycle-016] installed Host preserves streaming and non-join tools until the next human request
  ---
  duration_ms: 10851.298291
  type: 'test'
  ...
# Subtest: WHAT[host-boundary-033] WHAT[managed-session-lifecycle-016] one-slot Host preserves streaming and non-join tools until the next human request
ok 2 - WHAT[host-boundary-033] WHAT[managed-session-lifecycle-016] one-slot Host preserves streaming and non-join tools until the next human request
  ---
  duration_ms: 9359.708084
  type: 'test'
  ...
1..2
# tests 2
# suites 0
# pass 2
# fail 0
# cancelled 0
# skipped 0
# todo 0
# duration_ms 20468.057167
