TAP version 13
# Subtest: WHAT[durable-events-022] EventStore contracts exclude physical and Strength runtime closure
ok 1 - WHAT[durable-events-022] EventStore contracts exclude physical and Strength runtime closure
  ---
  duration_ms: 31.956709
  type: 'test'
  ...
# Subtest: WHAT[durable-events-022] declared EventStore compile plans stay within source-count budgets
ok 2 - WHAT[durable-events-022] declared EventStore compile plans stay within source-count budgets
  ---
  duration_ms: 56.361416
  type: 'test'
  ...
# Subtest: WHAT[durable-events-022] Journal outcome contract excludes the store capability and physical journal
ok 3 - WHAT[durable-events-022] Journal outcome contract excludes the store capability and physical journal
  ---
  duration_ms: 4.772
  type: 'test'
  ...
# Subtest: WHAT[durable-events-022] append results have one pure compile owner without acquiring the store capability
ok 4 - WHAT[durable-events-022] append results have one pure compile owner without acquiring the store capability
  ---
  duration_ms: 7.960291
  type: 'test'
  ...
# Subtest: WHAT[durable-events-022] each actual bounded locality compiles as one flat project and a reversed dependency is rejected
ok 5 - WHAT[durable-events-022] each actual bounded locality compiles as one flat project and a reversed dependency is rejected # SKIP integration tier not enabled
  ---
  duration_ms: 0.409167
  type: 'test'
  ...
# Subtest: WHAT[durable-events-022] real Fable compiles the journal observation owner using its declared closure
ok 6 - WHAT[durable-events-022] real Fable compiles the journal observation owner using its declared closure # SKIP integration tier not enabled
  ---
  duration_ms: 0.056
  type: 'test'
  ...
# Subtest: WHAT[durable-events-022] pure append results compile every original case and reject the identical store capability probe
ok 7 - WHAT[durable-events-022] pure append results compile every original case and reject the identical store capability probe # SKIP integration tier not enabled
  ---
  duration_ms: 0.1345
  type: 'test'
  ...
# Subtest: WHAT[durable-events-022] Snapshot recovery flat compile preserves bounded Journal outcomes and the full Host effect owner
ok 8 - WHAT[durable-events-022] Snapshot recovery flat compile preserves bounded Journal outcomes and the full Host effect owner # SKIP integration tier not enabled
  ---
  duration_ms: 0.031542
  type: 'test'
  ...
1..8
# tests 8
# suites 0
# pass 4
# fail 0
# cancelled 0
# skipped 4
# todo 0
# duration_ms 246.568666
