TAP version 13
# Subtest: WHAT[durable-events-022] Snapshot recovery flat compile preserves bounded Journal outcomes and the full Host effect owner
    # Subtest: WHAT[durable-events-022] full Host contract compiles with its real SendPrompt capability
    ok 1 - WHAT[durable-events-022] full Host contract compiles with its real SendPrompt capability
      ---
      duration_ms: 5670.907334
      type: 'test'
      ...
    # Subtest: WHAT[durable-events-022] actual recovery compiles with only its Snapshot read capability
    ok 2 - WHAT[durable-events-022] actual recovery compiles with only its Snapshot read capability
      ---
      duration_ms: 6742.507792
      type: 'test'
      ...
    # Subtest: WHAT[durable-events-022] actual recovery rejects the identical full Host effect probe
    ok 3 - WHAT[durable-events-022] actual recovery rejects the identical full Host effect probe
      ---
      duration_ms: 6287.070667
      type: 'test'
      ...
    # Subtest: WHAT[durable-events-022] standalone Snapshot contract compiles its real read capability
    ok 4 - WHAT[durable-events-022] standalone Snapshot contract compiles its real read capability
      ---
      duration_ms: 4495.184125
      type: 'test'
      ...
    # Subtest: WHAT[durable-events-022] standalone Journal outcome contract compiles every original result and diagnostic case
    ok 5 - WHAT[durable-events-022] standalone Journal outcome contract compiles every original result and diagnostic case
      ---
      duration_ms: 4516.998208
      type: 'test'
      ...
    # Subtest: WHAT[durable-events-022] standalone Journal outcome contract rejects the full Host effect probe
    ok 6 - WHAT[durable-events-022] standalone Journal outcome contract rejects the full Host effect probe
      ---
      duration_ms: 4061.378792
      type: 'test'
      ...
    1..6
ok 1 - WHAT[durable-events-022] Snapshot recovery flat compile preserves bounded Journal outcomes and the full Host effect owner
  ---
  duration_ms: 31857.175166
  type: 'test'
  ...
1..1
# tests 7
# suites 0
# pass 7
# fail 0
# cancelled 0
# skipped 0
# todo 0
# duration_ms 31939.50075
