TAP version 13
# Subtest: WHAT[host-boundary-005] physical ingress fences a held old snapshot while the next wake publishes the human turn
not ok 1 - WHAT[host-boundary-005] physical ingress fences a held old snapshot while the next wake publishes the human turn
  ---
  duration_ms: 10.230042
  type: 'test'
  location: '/Users/yuanxi/Workwork/vibe-fs/requirements/host-boundary/tests/005.test.mjs:46:1'
  failureType: 'testCodeFailure'
  error: |-
    Expected values to be strictly deep-equal:
    + actual - expected
    ... Skipped lines
    
      {
        observedSnapshots: [
          [
            'held-snapshot-old',
            'held-snapshot-old-run',
    +     ],
    +     [
    +       'held-snapshot-old',
    +       'held-snapshot-old-run',
            'held-snapshot-human',
            'held-snapshot-human-run'
          ]
        ],
        published: [
    ...
            outcome: 'TurnCompleted',
    +       physical: 'held-snapshot-old',
    +       providerRun: 'held-snapshot-old-run'
    +     },
    +     {
    +       hasQuiescence: true,
    +       outcome: 'TurnCompleted',
            physical: 'held-snapshot-human',
            providerRun: 'held-snapshot-human-run'
          }
        ],
    +   publishedBeforeHumanRead: 1,
    -   publishedBeforeHumanRead: 0,
        snapshotReads: 2
      }
    
  code: 'ERR_ASSERTION'
  name: 'AssertionError'
  expected:
    snapshotReads: 2
    publishedBeforeHumanRead: 0
    observedSnapshots:
      0:
        0: 'held-snapshot-old'
        1: 'held-snapshot-old-run'
        2: 'held-snapshot-human'
        3: 'held-snapshot-human-run'
    published:
      0:
        physical: 'held-snapshot-human'
        providerRun: 'held-snapshot-human-run'
        outcome: 'TurnCompleted'
        hasQuiescence: true
  actual:
    observedSnapshots:
      0:
        0: 'held-snapshot-old'
        1: 'held-snapshot-old-run'
      1:
        0: 'held-snapshot-old'
        1: 'held-snapshot-old-run'
        2: 'held-snapshot-human'
        3: 'held-snapshot-human-run'
    published:
      0:
        hasQuiescence: true
        outcome: 'TurnCompleted'
        physical: 'held-snapshot-old'
        providerRun: 'held-snapshot-old-run'
      1:
        hasQuiescence: true
        outcome: 'TurnCompleted'
        physical: 'held-snapshot-human'
        providerRun: 'held-snapshot-human-run'
    publishedBeforeHumanRead: 1
    snapshotReads: 2
  operator: 'deepStrictEqual'
  stack: |-
    TestContext.<anonymous> (file:///Users/yuanxi/Workwork/vibe-fs/requirements/host-boundary/tests/005.test.mjs:49:10)
    async Test.run (node:internal/test_runner/test:1054:7)
    async startSubtestAfterBootstrap (node:internal/test_runner/harness:296:3)
  ...
1..1
# tests 1
# suites 0
# pass 0
# fail 1
# cancelled 0
# skipped 0
# todo 0
# duration_ms 89.464542
