runner: scoped 使用 TESTS_MJS_FILES=11 files
runner: build is current (1803 sources, 885 artifacts)
runner: discovery OVERRIDDEN by TESTS_MJS_FILES (11 file(s))
runner: 11 test file(s), 5000ms verdict-silence window
runner: file lifecycle {"entryFile":"/Users/yuanxi/Workwork/vibe-fs/requirements/time-capability/tests/001.test.mjs","pid":24619,"parentPid":24596,"type":"runner:file-start","elapsedMs":33.290625000000034}
runner: file lifecycle {"entryFile":"/Users/yuanxi/Workwork/vibe-fs/requirements/time-capability/tests/002.test.mjs","pid":24619,"parentPid":24596,"type":"runner:file-start","elapsedMs":34.212625}
runner: file lifecycle {"entryFile":"/Users/yuanxi/Workwork/vibe-fs/requirements/time-capability/tests/003.test.mjs","pid":24619,"parentPid":24596,"type":"runner:file-start","elapsedMs":35.65587500000004}
runner: file lifecycle {"entryFile":"/Users/yuanxi/Workwork/vibe-fs/requirements/time-capability/tests/004.test.mjs","pid":24619,"parentPid":24596,"type":"runner:file-start","elapsedMs":36.18179200000003}
runner: file lifecycle {"entryFile":"/Users/yuanxi/Workwork/vibe-fs/requirements/time-capability/tests/005.test.mjs","pid":24619,"parentPid":24596,"type":"runner:file-start","elapsedMs":37.19020800000004}
runner: file lifecycle {"entryFile":"/Users/yuanxi/Workwork/vibe-fs/requirements/time-capability/tests/006.test.mjs","pid":24619,"parentPid":24596,"type":"runner:file-start","elapsedMs":37.62195800000001}
runner: file lifecycle {"entryFile":"/Users/yuanxi/Workwork/vibe-fs/requirements/time-capability/tests/007.test.mjs","pid":24619,"parentPid":24596,"type":"runner:file-start","elapsedMs":38.058875}
runner: file lifecycle {"entryFile":"/Users/yuanxi/Workwork/vibe-fs/requirements/time-capability/tests/008.test.mjs","pid":24619,"parentPid":24596,"type":"runner:file-start","elapsedMs":38.444875000000025}
runner: file lifecycle {"entryFile":"/Users/yuanxi/Workwork/vibe-fs/requirements/structured-workflow/tests/005.test.mjs","pid":24619,"parentPid":24596,"type":"runner:file-start","elapsedMs":41.05629200000004}
runner: file lifecycle {"entryFile":"/Users/yuanxi/Workwork/vibe-fs/requirements/host-boundary/tests/005.test.mjs","pid":24619,"parentPid":24596,"type":"runner:file-start","elapsedMs":43.023375000000044}
[verification-worker-cost] {"version":1,"phase":"pre-import","sequence":0,"entryFile":"/Users/yuanxi/Workwork/vibe-fs/requirements/time-capability/tests/001.test.mjs","pid":24620,"parentPid":24619,"monotonicMs":23.142167,"cpuUserMicros":27256,"cpuSystemMicros":5130}
[verification-worker-cost] {"version":1,"phase":"pre-import","sequence":0,"entryFile":"/Users/yuanxi/Workwork/vibe-fs/requirements/time-capability/tests/002.test.mjs","pid":24621,"parentPid":24619,"monotonicMs":23.05725,"cpuUserMicros":27794,"cpuSystemMicros":4646}
[verification-worker-cost] {"version":1,"phase":"pre-import","sequence":0,"entryFile":"/Users/yuanxi/Workwork/vibe-fs/requirements/time-capability/tests/006.test.mjs","pid":24625,"parentPid":24619,"monotonicMs":20.677541,"cpuUserMicros":25195,"cpuSystemMicros":5277}
[verification-worker-cost] {"version":1,"phase":"pre-import","sequence":0,"entryFile":"/Users/yuanxi/Workwork/vibe-fs/requirements/time-capability/tests/004.test.mjs","pid":24623,"parentPid":24619,"monotonicMs":20.946583,"cpuUserMicros":28011,"cpuSystemMicros":4355}
[verification-worker-cost] {"version":1,"phase":"pre-import","sequence":0,"entryFile":"/Users/yuanxi/Workwork/vibe-fs/requirements/time-capability/tests/008.test.mjs","pid":24627,"parentPid":24619,"monotonicMs":21.563,"cpuUserMicros":25737,"cpuSystemMicros":4815}
[verification-worker-cost] {"version":1,"phase":"pre-import","sequence":0,"entryFile":"/Users/yuanxi/Workwork/vibe-fs/requirements/time-capability/tests/003.test.mjs","pid":24622,"parentPid":24619,"monotonicMs":27.007334,"cpuUserMicros":30511,"cpuSystemMicros":4949}
[verification-worker-cost] {"version":1,"phase":"pre-import","sequence":0,"entryFile":"/Users/yuanxi/Workwork/vibe-fs/requirements/host-boundary/tests/005.test.mjs","pid":24629,"parentPid":24619,"monotonicMs":20.648709,"cpuUserMicros":24910,"cpuSystemMicros":4917}
[verification-worker-cost] {"version":1,"phase":"pre-import","sequence":0,"entryFile":"/Users/yuanxi/Workwork/vibe-fs/requirements/time-capability/tests/005.test.mjs","pid":24624,"parentPid":24619,"monotonicMs":21.895917,"cpuUserMicros":29951,"cpuSystemMicros":5186}
[verification-test-start] {"pid":24627,"parentPid":24619,"entryFile":"/Users/yuanxi/Workwork/vibe-fs/requirements/time-capability/tests/008.test.mjs","name":"WHAT[time-capability-008] declared temporal contracts have no transitive implementation dependency","fullName":"WHAT[time-capability-008] declared temporal contracts have no transitive implementation dependency"}
[verification-worker-cost] {"version":1,"phase":"pre-import","sequence":0,"entryFile":"/Users/yuanxi/Workwork/vibe-fs/requirements/time-capability/tests/007.test.mjs","pid":24626,"parentPid":24619,"monotonicMs":24.183708,"cpuUserMicros":31247,"cpuSystemMicros":5674}
[verification-test-start] {"pid":24623,"parentPid":24619,"entryFile":"/Users/yuanxi/Workwork/vibe-fs/requirements/time-capability/tests/004.test.mjs","name":"WHAT[time-capability-004] domain_application_session_contain_no_raw_time_tokens","fullName":"WHAT[time-capability-004] domain_application_session_contain_no_raw_time_tokens"}
[verification-test-start] {"pid":24621,"parentPid":24619,"entryFile":"/Users/yuanxi/Workwork/vibe-fs/requirements/time-capability/tests/002.test.mjs","name":"WHAT[time-capability-002] an opaque deadline is decided by explicit instants including the exact boundary","fullName":"WHAT[time-capability-002] an opaque deadline is decided by explicit instants including the exact boundary"}
[verification-worker-cost] {"version":1,"phase":"pre-import","sequence":0,"entryFile":"/Users/yuanxi/Workwork/vibe-fs/requirements/structured-workflow/tests/005.test.mjs","pid":24628,"parentPid":24619,"monotonicMs":28.181458,"cpuUserMicros":34283,"cpuSystemMicros":6059}
[verification-test-start] {"pid":24628,"parentPid":24619,"entryFile":"/Users/yuanxi/Workwork/vibe-fs/requirements/structured-workflow/tests/005.test.mjs","name":"WHAT[structured-workflow-005] SW_005_mutable_storage_discipline_and_no_workflow_state","fullName":"WHAT[structured-workflow-005] SW_005_mutable_storage_discipline_and_no_workflow_state"}
[verification-test-start] {"pid":24621,"parentPid":24619,"entryFile":"/Users/yuanxi/Workwork/vibe-fs/requirements/time-capability/tests/002.test.mjs","name":"WHAT[time-capability-002] a huge budget remains finite and waits are segmented at the physical timer limit","fullName":"WHAT[time-capability-002] a huge budget remains finite and waits are segmented at the physical timer limit"}
[verification-worker-cost] {"version":1,"phase":"exit","sequence":1,"entryFile":"/Users/yuanxi/Workwork/vibe-fs/requirements/time-capability/tests/002.test.mjs","pid":24621,"parentPid":24619,"monotonicMs":50.493875,"cpuUserMicros":50960,"cpuSystemMicros":8185,"exitCode":0}
runner: file lifecycle {"entryFile":"/Users/yuanxi/Workwork/vibe-fs/requirements/time-capability/tests/002.test.mjs","type":"runner:file-drained","elapsedMs":102.64141699999999}
runner: worker cost {"version":1,"entryFile":"/Users/yuanxi/Workwork/vibe-fs/requirements/time-capability/tests/002.test.mjs","enabled":true,"pid":24621,"status":"complete","reason":null,"preImport":{"version":1,"phase":"pre-import","sequence":0,"entryFile":"/Users/yuanxi/Workwork/vibe-fs/requirements/time-capability/tests/002.test.mjs","pid":24621,"parentPid":24619,"monotonicMs":23.05725,"cpuUserMicros":27794,"cpuSystemMicros":4646},"exit":{"version":1,"phase":"exit","sequence":1,"entryFile":"/Users/yuanxi/Workwork/vibe-fs/requirements/time-capability/tests/002.test.mjs","pid":24621,"parentPid":24619,"monotonicMs":50.493875,"cpuUserMicros":50960,"cpuSystemMicros":8185,"exitCode":0},"interval":{"clockPid":24621,"wallMs":27.436625000000003,"cpuUserMicros":23166,"cpuSystemMicros":3539}}
runner: file lifecycle {"entryFile":"/Users/yuanxi/Workwork/vibe-fs/requirements/durable-events/tests/006.test.mjs","pid":24619,"parentPid":24596,"type":"runner:file-start","elapsedMs":104.78562500000004}
[verification-test-start] {"pid":24622,"parentPid":24619,"entryFile":"/Users/yuanxi/Workwork/vibe-fs/requirements/time-capability/tests/003.test.mjs","name":"WHAT[time-capability-003] TIME_003_virtual_clock_starts_at_fixed_epoch","fullName":"WHAT[time-capability-003] TIME_003_virtual_clock_starts_at_fixed_epoch"}
[verification-test-start] {"pid":24620,"parentPid":24619,"entryFile":"/Users/yuanxi/Workwork/vibe-fs/requirements/time-capability/tests/001.test.mjs","name":"WHAT[time-capability-001] TIME_001_virtual_clocks_are_independent_not_ambient","fullName":"WHAT[time-capability-001] TIME_001_virtual_clocks_are_independent_not_ambient"}
[verification-test-start] {"pid":24624,"parentPid":24619,"entryFile":"/Users/yuanxi/Workwork/vibe-fs/requirements/time-capability/tests/005.test.mjs","name":"WHAT[time-capability-005] the same deadline follows the supplied clock without changing another clock","fullName":"WHAT[time-capability-005] the same deadline follows the supplied clock without changing another clock"}
[verification-test-start] {"pid":24626,"parentPid":24619,"entryFile":"/Users/yuanxi/Workwork/vibe-fs/requirements/time-capability/tests/007.test.mjs","name":"WHAT[time-capability-007] the actual session-start projection retains its first bound instant","fullName":"WHAT[time-capability-007] the actual session-start projection retains its first bound instant"}
[verification-test-start] {"pid":24625,"parentPid":24619,"entryFile":"/Users/yuanxi/Workwork/vibe-fs/requirements/time-capability/tests/006.test.mjs","name":"WHAT[time-capability-006] THEOREM_untilSignalOrDeadline_deadline_without_material_is_WaitTimedOut","fullName":"WHAT[time-capability-006] THEOREM_untilSignalOrDeadline_deadline_without_material_is_WaitTimedOut"}
[verification-test-start] {"pid":24629,"parentPid":24619,"entryFile":"/Users/yuanxi/Workwork/vibe-fs/requirements/host-boundary/tests/005.test.mjs","name":"WHAT[host-boundary-005] exact failure wake survives same-physical idle admission","fullName":"WHAT[host-boundary-005] exact failure wake survives same-physical idle admission"}
[verification-test-start] {"pid":24622,"parentPid":24619,"entryFile":"/Users/yuanxi/Workwork/vibe-fs/requirements/time-capability/tests/003.test.mjs","name":"WHAT[time-capability-003] TIME_003_virtual_clock_advance_and_set_are_deterministic","fullName":"WHAT[time-capability-003] TIME_003_virtual_clock_advance_and_set_are_deterministic"}
[verification-test-start] {"pid":24626,"parentPid":24619,"entryFile":"/Users/yuanxi/Workwork/vibe-fs/requirements/time-capability/tests/007.test.mjs","name":"WHAT[time-capability-007] elapsed rendering is human-readable in both languages and clamps negative values","fullName":"WHAT[time-capability-007] elapsed rendering is human-readable in both languages and clamps negative values"}
[verification-test-start] {"pid":24622,"parentPid":24619,"entryFile":"/Users/yuanxi/Workwork/vibe-fs/requirements/time-capability/tests/003.test.mjs","name":"WHAT[time-capability-003] VERIFY_004_virtual_timer_fires_exactly_when_advanced_past_deadline","fullName":"WHAT[time-capability-003] VERIFY_004_virtual_timer_fires_exactly_when_advanced_past_deadline"}
[verification-test-start] {"pid":24622,"parentPid":24619,"entryFile":"/Users/yuanxi/Workwork/vibe-fs/requirements/time-capability/tests/003.test.mjs","name":"WHAT[time-capability-003] VERIFY_004_virtual_timer_cancel_before_fire_yields_zero_callbacks","fullName":"WHAT[time-capability-003] VERIFY_004_virtual_timer_cancel_before_fire_yields_zero_callbacks"}
[verification-test-start] {"pid":24626,"parentPid":24619,"entryFile":"/Users/yuanxi/Workwork/vibe-fs/requirements/time-capability/tests/007.test.mjs","name":"WHAT[time-capability-007] first actual prompt samples and durably binds the injected clock before later prompts","fullName":"WHAT[time-capability-007] first actual prompt samples and durably binds the injected clock before later prompts"}
[verification-test-start] {"pid":24622,"parentPid":24619,"entryFile":"/Users/yuanxi/Workwork/vibe-fs/requirements/time-capability/tests/003.test.mjs","name":"WHAT[time-capability-003] VERIFY_004_virtual_timer_dispose_stops_all_pending_callbacks","fullName":"WHAT[time-capability-003] VERIFY_004_virtual_timer_dispose_stops_all_pending_callbacks"}
[verification-test-start] {"pid":24626,"parentPid":24619,"entryFile":"/Users/yuanxi/Workwork/vibe-fs/requirements/time-capability/tests/007.test.mjs","name":"WHAT[time-capability-007] a restarted session reuses its origin and replays stored marker bytes without resampling","fullName":"WHAT[time-capability-007] a restarted session reuses its origin and replays stored marker bytes without resampling"}
[verification-test-start] {"pid":24627,"parentPid":24619,"entryFile":"/Users/yuanxi/Workwork/vibe-fs/requirements/time-capability/tests/008.test.mjs","name":"WHAT[time-capability-008] the same boundary check rejects a contract dependency on virtual runtime","fullName":"WHAT[time-capability-008] the same boundary check rejects a contract dependency on virtual runtime"}
[verification-test-start] {"pid":24622,"parentPid":24619,"entryFile":"/Users/yuanxi/Workwork/vibe-fs/requirements/time-capability/tests/003.test.mjs","name":"WHAT[time-capability-003] VERIFY_004_virtual_timer_multiple_handles_fire_independently","fullName":"WHAT[time-capability-003] VERIFY_004_virtual_timer_multiple_handles_fire_independently"}
[verification-test-start] {"pid":24622,"parentPid":24619,"entryFile":"/Users/yuanxi/Workwork/vibe-fs/requirements/time-capability/tests/003.test.mjs","name":"WHAT[time-capability-003] deadlines follow due time despite reverse registration and cancellation leaves other handles live","fullName":"WHAT[time-capability-003] deadlines follow due time despite reverse registration and cancellation leaves other handles live"}
[verification-test-start] {"pid":24622,"parentPid":24619,"entryFile":"/Users/yuanxi/Workwork/vibe-fs/requirements/time-capability/tests/003.test.mjs","name":"WHAT[time-capability-003] a disposed timer cannot fire newly requested handles","fullName":"WHAT[time-capability-003] a disposed timer cannot fire newly requested handles"}
[verification-worker-cost] {"version":1,"phase":"exit","sequence":1,"entryFile":"/Users/yuanxi/Workwork/vibe-fs/requirements/time-capability/tests/001.test.mjs","pid":24620,"parentPid":24619,"monotonicMs":84.990667,"cpuUserMicros":91160,"cpuSystemMicros":11854,"exitCode":0}
[verification-test-start] {"pid":24629,"parentPid":24619,"entryFile":"/Users/yuanxi/Workwork/vibe-fs/requirements/host-boundary/tests/005.test.mjs","name":"WHAT[host-boundary-005] coarse failure without physical binding cannot publish a terminal turn","fullName":"WHAT[host-boundary-005] coarse failure without physical binding cannot publish a terminal turn"}
runner: file lifecycle {"entryFile":"/Users/yuanxi/Workwork/vibe-fs/requirements/time-capability/tests/001.test.mjs","type":"runner:file-drained","elapsedMs":141.84145800000005}
runner: worker cost {"version":1,"entryFile":"/Users/yuanxi/Workwork/vibe-fs/requirements/time-capability/tests/001.test.mjs","enabled":true,"pid":24620,"status":"complete","reason":null,"preImport":{"version":1,"phase":"pre-import","sequence":0,"entryFile":"/Users/yuanxi/Workwork/vibe-fs/requirements/time-capability/tests/001.test.mjs","pid":24620,"parentPid":24619,"monotonicMs":23.142167,"cpuUserMicros":27256,"cpuSystemMicros":5130},"exit":{"version":1,"phase":"exit","sequence":1,"entryFile":"/Users/yuanxi/Workwork/vibe-fs/requirements/time-capability/tests/001.test.mjs","pid":24620,"parentPid":24619,"monotonicMs":84.990667,"cpuUserMicros":91160,"cpuSystemMicros":11854,"exitCode":0},"interval":{"clockPid":24620,"wallMs":61.8485,"cpuUserMicros":63904,"cpuSystemMicros":6724}}
[verification-worker-cost] {"version":1,"phase":"exit","sequence":1,"entryFile":"/Users/yuanxi/Workwork/vibe-fs/requirements/time-capability/tests/006.test.mjs","pid":24625,"parentPid":24619,"monotonicMs":92.762416,"cpuUserMicros":97065,"cpuSystemMicros":13247,"exitCode":0}
[verification-test-start] {"pid":24622,"parentPid":24619,"entryFile":"/Users/yuanxi/Workwork/vibe-fs/requirements/time-capability/tests/003.test.mjs","name":"WHAT[time-capability-003] advancing one virtual timer or constructing physical ports does not advance another","fullName":"WHAT[time-capability-003] advancing one virtual timer or constructing physical ports does not advance another"}
[verification-worker-cost] {"version":1,"phase":"exit","sequence":1,"entryFile":"/Users/yuanxi/Workwork/vibe-fs/requirements/time-capability/tests/007.test.mjs","pid":24626,"parentPid":24619,"monotonicMs":89.557333,"cpuUserMicros":100166,"cpuSystemMicros":13290,"exitCode":0}
[verification-test-start] {"pid":24629,"parentPid":24619,"entryFile":"/Users/yuanxi/Workwork/vibe-fs/requirements/host-boundary/tests/005.test.mjs","name":"WHAT[host-boundary-005] EXEC_reconcile_projection_edge_drives_exactly_one_additional_idle_read","fullName":"WHAT[host-boundary-005] EXEC_reconcile_projection_edge_drives_exactly_one_additional_idle_read"}
[verification-worker-cost] {"version":1,"phase":"exit","sequence":1,"entryFile":"/Users/yuanxi/Workwork/vibe-fs/requirements/time-capability/tests/005.test.mjs","pid":24624,"parentPid":24619,"monotonicMs":84.360875,"cpuUserMicros":90429,"cpuSystemMicros":12682,"exitCode":0}
runner: file lifecycle {"entryFile":"/Users/yuanxi/Workwork/vibe-fs/requirements/time-capability/tests/005.test.mjs","type":"runner:file-drained","elapsedMs":144.25112500000006}
runner: worker cost {"version":1,"entryFile":"/Users/yuanxi/Workwork/vibe-fs/requirements/time-capability/tests/005.test.mjs","enabled":true,"pid":24624,"status":"complete","reason":null,"preImport":{"version":1,"phase":"pre-import","sequence":0,"entryFile":"/Users/yuanxi/Workwork/vibe-fs/requirements/time-capability/tests/005.test.mjs","pid":24624,"parentPid":24619,"monotonicMs":21.895917,"cpuUserMicros":29951,"cpuSystemMicros":5186},"exit":{"version":1,"phase":"exit","sequence":1,"entryFile":"/Users/yuanxi/Workwork/vibe-fs/requirements/time-capability/tests/005.test.mjs","pid":24624,"parentPid":24619,"monotonicMs":84.360875,"cpuUserMicros":90429,"cpuSystemMicros":12682,"exitCode":0},"interval":{"clockPid":24624,"wallMs":62.464957999999996,"cpuUserMicros":60478,"cpuSystemMicros":7496}}
[verification-worker-cost] {"version":1,"phase":"exit","sequence":1,"entryFile":"/Users/yuanxi/Workwork/vibe-fs/requirements/time-capability/tests/003.test.mjs","pid":24622,"parentPid":24619,"monotonicMs":99.71475,"cpuUserMicros":99407,"cpuSystemMicros":12515,"exitCode":0}
runner: file lifecycle {"entryFile":"/Users/yuanxi/Workwork/vibe-fs/requirements/time-capability/tests/006.test.mjs","type":"runner:file-drained","elapsedMs":147.99479200000002}
runner: worker cost {"version":1,"entryFile":"/Users/yuanxi/Workwork/vibe-fs/requirements/time-capability/tests/006.test.mjs","enabled":true,"pid":24625,"status":"complete","reason":null,"preImport":{"version":1,"phase":"pre-import","sequence":0,"entryFile":"/Users/yuanxi/Workwork/vibe-fs/requirements/time-capability/tests/006.test.mjs","pid":24625,"parentPid":24619,"monotonicMs":20.677541,"cpuUserMicros":25195,"cpuSystemMicros":5277},"exit":{"version":1,"phase":"exit","sequence":1,"entryFile":"/Users/yuanxi/Workwork/vibe-fs/requirements/time-capability/tests/006.test.mjs","pid":24625,"parentPid":24619,"monotonicMs":92.762416,"cpuUserMicros":97065,"cpuSystemMicros":13247,"exitCode":0},"interval":{"clockPid":24625,"wallMs":72.084875,"cpuUserMicros":71870,"cpuSystemMicros":7970}}
[verification-test-start] {"pid":24629,"parentPid":24619,"entryFile":"/Users/yuanxi/Workwork/vibe-fs/requirements/host-boundary/tests/005.test.mjs","name":"WHAT[host-boundary-005] physical ingress fences a held old snapshot while the next wake publishes the human turn","fullName":"WHAT[host-boundary-005] physical ingress fences a held old snapshot while the next wake publishes the human turn"}
[verification-test-start] {"pid":24629,"parentPid":24619,"entryFile":"/Users/yuanxi/Workwork/vibe-fs/requirements/host-boundary/tests/005.test.mjs","name":"WHAT[host-boundary-005] EXEC_reconcile_without_projection_edge_reads_once_and_exposes_no_counter","fullName":"WHAT[host-boundary-005] EXEC_reconcile_without_projection_edge_reads_once_and_exposes_no_counter"}
runner: file lifecycle {"entryFile":"/Users/yuanxi/Workwork/vibe-fs/requirements/time-capability/tests/007.test.mjs","type":"runner:file-drained","elapsedMs":149.56008300000002}
runner: worker cost {"version":1,"entryFile":"/Users/yuanxi/Workwork/vibe-fs/requirements/time-capability/tests/007.test.mjs","enabled":true,"pid":24626,"status":"complete","reason":null,"preImport":{"version":1,"phase":"pre-import","sequence":0,"entryFile":"/Users/yuanxi/Workwork/vibe-fs/requirements/time-capability/tests/007.test.mjs","pid":24626,"parentPid":24619,"monotonicMs":24.183708,"cpuUserMicros":31247,"cpuSystemMicros":5674},"exit":{"version":1,"phase":"exit","sequence":1,"entryFile":"/Users/yuanxi/Workwork/vibe-fs/requirements/time-capability/tests/007.test.mjs","pid":24626,"parentPid":24619,"monotonicMs":89.557333,"cpuUserMicros":100166,"cpuSystemMicros":13290,"exitCode":0},"interval":{"clockPid":24626,"wallMs":65.373625,"cpuUserMicros":68919,"cpuSystemMicros":7616}}
[verification-test-start] {"pid":24629,"parentPid":24619,"entryFile":"/Users/yuanxi/Workwork/vibe-fs/requirements/host-boundary/tests/005.test.mjs","name":"WHAT[host-boundary-005] EXEC_reconcile_projection_edge_delivers_the_next_failed_provider_run_to_AABB","fullName":"WHAT[host-boundary-005] EXEC_reconcile_projection_edge_delivers_the_next_failed_provider_run_to_AABB"}
[verification-test-start] {"pid":24629,"parentPid":24619,"entryFile":"/Users/yuanxi/Workwork/vibe-fs/requirements/host-boundary/tests/005.test.mjs","name":"WHAT[host-boundary-005] EXEC_provider_failure_with_exact_current_assistant_does_not_wait_for_terminal_projection","fullName":"WHAT[host-boundary-005] EXEC_provider_failure_with_exact_current_assistant_does_not_wait_for_terminal_projection"}
runner: file lifecycle {"entryFile":"/Users/yuanxi/Workwork/vibe-fs/requirements/time-capability/tests/003.test.mjs","type":"runner:file-drained","elapsedMs":152.77029199999998}
runner: worker cost {"version":1,"entryFile":"/Users/yuanxi/Workwork/vibe-fs/requirements/time-capability/tests/003.test.mjs","enabled":true,"pid":24622,"status":"complete","reason":null,"preImport":{"version":1,"phase":"pre-import","sequence":0,"entryFile":"/Users/yuanxi/Workwork/vibe-fs/requirements/time-capability/tests/003.test.mjs","pid":24622,"parentPid":24619,"monotonicMs":27.007334,"cpuUserMicros":30511,"cpuSystemMicros":4949},"exit":{"version":1,"phase":"exit","sequence":1,"entryFile":"/Users/yuanxi/Workwork/vibe-fs/requirements/time-capability/tests/003.test.mjs","pid":24622,"parentPid":24619,"monotonicMs":99.71475,"cpuUserMicros":99407,"cpuSystemMicros":12515,"exitCode":0},"interval":{"clockPid":24622,"wallMs":72.707416,"cpuUserMicros":68896,"cpuSystemMicros":7566}}
[verification-test-start] {"pid":24629,"parentPid":24619,"entryFile":"/Users/yuanxi/Workwork/vibe-fs/requirements/host-boundary/tests/005.test.mjs","name":"WHAT[host-boundary-005] EXEC_reconcile_snapshot_error_and_no_turn_stop_current_pass","fullName":"WHAT[host-boundary-005] EXEC_reconcile_snapshot_error_and_no_turn_stop_current_pass"}
[verification-worker-cost] {"version":1,"phase":"pre-import","sequence":0,"entryFile":"/Users/yuanxi/Workwork/vibe-fs/requirements/durable-events/tests/006.test.mjs","pid":24630,"parentPid":24619,"monotonicMs":30.056083,"cpuUserMicros":28928,"cpuSystemMicros":5747}
[verification-test-start] {"pid":24629,"parentPid":24619,"entryFile":"/Users/yuanxi/Workwork/vibe-fs/requirements/host-boundary/tests/005.test.mjs","name":"WHAT[host-boundary-005] EXEC_only_idle_can_publish_a_nonterminal_current_assistant","fullName":"WHAT[host-boundary-005] EXEC_only_idle_can_publish_a_nonterminal_current_assistant"}
[verification-test-start] {"pid":24629,"parentPid":24619,"entryFile":"/Users/yuanxi/Workwork/vibe-fs/requirements/host-boundary/tests/005.test.mjs","name":"WHAT[host-boundary-005] mutation_canary_terminal_evidence_still_publishes","fullName":"WHAT[host-boundary-005] mutation_canary_terminal_evidence_still_publishes"}
[verification-test-start] {"pid":24629,"parentPid":24619,"entryFile":"/Users/yuanxi/Workwork/vibe-fs/requirements/host-boundary/tests/005.test.mjs","name":"WHAT[host-boundary-005] terminal provider failure publishes only with matching typed physical witness","fullName":"WHAT[host-boundary-005] terminal provider failure publishes only with matching typed physical witness"}
[verification-test-start] {"pid":24629,"parentPid":24619,"entryFile":"/Users/yuanxi/Workwork/vibe-fs/requirements/host-boundary/tests/005.test.mjs","name":"WHAT[host-boundary-005] exact failure witness dominates every same-run coarse wake ordering","fullName":"WHAT[host-boundary-005] exact failure witness dominates every same-run coarse wake ordering"}
[verification-test-start] {"pid":24629,"parentPid":24619,"entryFile":"/Users/yuanxi/Workwork/vibe-fs/requirements/host-boundary/tests/005.test.mjs","name":"WHAT[host-boundary-005] EXEC_reconcile_error_never_self_polls","fullName":"WHAT[host-boundary-005] EXEC_reconcile_error_never_self_polls"}
[verification-test-start] {"pid":24630,"parentPid":24619,"entryFile":"/Users/yuanxi/Workwork/vibe-fs/requirements/durable-events/tests/006.test.mjs","name":"WHAT[durable-events-006] actual_gate-directory_preserves_preparation_rejection_and_independent_cold_facts","fullName":"WHAT[durable-events-006] actual_gate-directory_preserves_preparation_rejection_and_independent_cold_facts"}
[verification-test-start] {"pid":24629,"parentPid":24619,"entryFile":"/Users/yuanxi/Workwork/vibe-fs/requirements/host-boundary/tests/005.test.mjs","name":"WHAT[host-boundary-005] EXEC_reconcile_idle_is_the_only_nonterminal_publish_authority","fullName":"WHAT[host-boundary-005] EXEC_reconcile_idle_is_the_only_nonterminal_publish_authority"}
[verification-test-start] {"pid":24629,"parentPid":24619,"entryFile":"/Users/yuanxi/Workwork/vibe-fs/requirements/host-boundary/tests/005.test.mjs","name":"WHAT[host-boundary-005] EXEC_reconcile_idle_provisional_publishes","fullName":"WHAT[host-boundary-005] EXEC_reconcile_idle_provisional_publishes"}
[verification-test-start] {"pid":24629,"parentPid":24619,"entryFile":"/Users/yuanxi/Workwork/vibe-fs/requirements/host-boundary/tests/005.test.mjs","name":"WHAT[host-boundary-005] EXEC_reconcile_unknown_under_idle_wake_publishes","fullName":"WHAT[host-boundary-005] EXEC_reconcile_unknown_under_idle_wake_publishes"}
[verification-test-start] {"pid":24629,"parentPid":24619,"entryFile":"/Users/yuanxi/Workwork/vibe-fs/requirements/host-boundary/tests/005.test.mjs","name":"WHAT[host-boundary-005] EXEC_reconcile_session_cleared_stops","fullName":"WHAT[host-boundary-005] EXEC_reconcile_session_cleared_stops"}
[verification-test-start] {"pid":24629,"parentPid":24619,"entryFile":"/Users/yuanxi/Workwork/vibe-fs/requirements/host-boundary/tests/005.test.mjs","name":"WHAT[host-boundary-005] mutation_canary_snapshot_error_must_stop_pass","fullName":"WHAT[host-boundary-005] mutation_canary_snapshot_error_must_stop_pass"}
[verification-worker-cost] {"version":1,"phase":"exit","sequence":1,"entryFile":"/Users/yuanxi/Workwork/vibe-fs/requirements/host-boundary/tests/005.test.mjs","pid":24629,"parentPid":24619,"monotonicMs":115.737459,"cpuUserMicros":141213,"cpuSystemMicros":14694,"exitCode":0}
[verification-test-start] {"pid":24627,"parentPid":24619,"entryFile":"/Users/yuanxi/Workwork/vibe-fs/requirements/time-capability/tests/008.test.mjs","name":"WHAT[time-capability-008] actual compilation rejects implementation access from pure consumers and runtime requires injected time capabilities","fullName":"WHAT[time-capability-008] actual compilation rejects implementation access from pure consumers and runtime requires injected time capabilities"}
runner: file lifecycle {"entryFile":"/Users/yuanxi/Workwork/vibe-fs/requirements/host-boundary/tests/005.test.mjs","type":"runner:file-drained","elapsedMs":171.15079199999997}
runner: worker cost {"version":1,"entryFile":"/Users/yuanxi/Workwork/vibe-fs/requirements/host-boundary/tests/005.test.mjs","enabled":true,"pid":24629,"status":"complete","reason":null,"preImport":{"version":1,"phase":"pre-import","sequence":0,"entryFile":"/Users/yuanxi/Workwork/vibe-fs/requirements/host-boundary/tests/005.test.mjs","pid":24629,"parentPid":24619,"monotonicMs":20.648709,"cpuUserMicros":24910,"cpuSystemMicros":4917},"exit":{"version":1,"phase":"exit","sequence":1,"entryFile":"/Users/yuanxi/Workwork/vibe-fs/requirements/host-boundary/tests/005.test.mjs","pid":24629,"parentPid":24619,"monotonicMs":115.737459,"cpuUserMicros":141213,"cpuSystemMicros":14694,"exitCode":0},"interval":{"clockPid":24629,"wallMs":95.08875,"cpuUserMicros":116303,"cpuSystemMicros":9777}}
[verification-worker-cost] {"version":1,"phase":"exit","sequence":1,"entryFile":"/Users/yuanxi/Workwork/vibe-fs/requirements/time-capability/tests/008.test.mjs","pid":24627,"parentPid":24619,"monotonicMs":125.530333,"cpuUserMicros":115895,"cpuSystemMicros":33708,"exitCode":0}
runner: file lifecycle {"entryFile":"/Users/yuanxi/Workwork/vibe-fs/requirements/time-capability/tests/008.test.mjs","type":"runner:file-drained","elapsedMs":176.64974999999998}
runner: worker cost {"version":1,"entryFile":"/Users/yuanxi/Workwork/vibe-fs/requirements/time-capability/tests/008.test.mjs","enabled":true,"pid":24627,"status":"complete","reason":null,"preImport":{"version":1,"phase":"pre-import","sequence":0,"entryFile":"/Users/yuanxi/Workwork/vibe-fs/requirements/time-capability/tests/008.test.mjs","pid":24627,"parentPid":24619,"monotonicMs":21.563,"cpuUserMicros":25737,"cpuSystemMicros":4815},"exit":{"version":1,"phase":"exit","sequence":1,"entryFile":"/Users/yuanxi/Workwork/vibe-fs/requirements/time-capability/tests/008.test.mjs","pid":24627,"parentPid":24619,"monotonicMs":125.530333,"cpuUserMicros":115895,"cpuSystemMicros":33708,"exitCode":0},"interval":{"clockPid":24627,"wallMs":103.967333,"cpuUserMicros":90158,"cpuSystemMicros":28893}}
[verification-test-start] {"pid":24623,"parentPid":24619,"entryFile":"/Users/yuanxi/Workwork/vibe-fs/requirements/time-capability/tests/004.test.mjs","name":"WHAT[time-capability-004] collector_reads_the_whole_production_tree_before_allowlisting_adapters","fullName":"WHAT[time-capability-004] collector_reads_the_whole_production_tree_before_allowlisting_adapters"}
[verification-test-start] {"pid":24623,"parentPid":24619,"entryFile":"/Users/yuanxi/Workwork/vibe-fs/requirements/time-capability/tests/004.test.mjs","name":"WHAT[time-capability-004] exact_mutation_is_detected_without_a_directory_allowlist_escape","fullName":"WHAT[time-capability-004] exact_mutation_is_detected_without_a_directory_allowlist_escape"}
[verification-test-start] {"pid":24623,"parentPid":24619,"entryFile":"/Users/yuanxi/Workwork/vibe-fs/requirements/time-capability/tests/004.test.mjs","name":"WHAT[time-capability-004] missing_production_root_fails_closed","fullName":"WHAT[time-capability-004] missing_production_root_fails_closed"}
[verification-test-start] {"pid":24623,"parentPid":24619,"entryFile":"/Users/yuanxi/Workwork/vibe-fs/requirements/time-capability/tests/004.test.mjs","name":"WHAT[time-capability-004] comment-only mentions do not access ambient time","fullName":"WHAT[time-capability-004] comment-only mentions do not access ambient time"}
[verification-test-start] {"pid":24623,"parentPid":24619,"entryFile":"/Users/yuanxi/Workwork/vibe-fs/requirements/time-capability/tests/004.test.mjs","name":"WHAT[time-capability-004] an adapter exception applies only to the exact file","fullName":"WHAT[time-capability-004] an adapter exception applies only to the exact file"}
[verification-worker-cost] {"version":1,"phase":"exit","sequence":1,"entryFile":"/Users/yuanxi/Workwork/vibe-fs/requirements/time-capability/tests/004.test.mjs","pid":24623,"parentPid":24619,"monotonicMs":189.977083,"cpuUserMicros":145846,"cpuSystemMicros":77952,"exitCode":0}
runner: file lifecycle {"entryFile":"/Users/yuanxi/Workwork/vibe-fs/requirements/time-capability/tests/004.test.mjs","type":"runner:file-drained","elapsedMs":242.30412500000006}
runner: worker cost {"version":1,"entryFile":"/Users/yuanxi/Workwork/vibe-fs/requirements/time-capability/tests/004.test.mjs","enabled":true,"pid":24623,"status":"complete","reason":null,"preImport":{"version":1,"phase":"pre-import","sequence":0,"entryFile":"/Users/yuanxi/Workwork/vibe-fs/requirements/time-capability/tests/004.test.mjs","pid":24623,"parentPid":24619,"monotonicMs":20.946583,"cpuUserMicros":28011,"cpuSystemMicros":4355},"exit":{"version":1,"phase":"exit","sequence":1,"entryFile":"/Users/yuanxi/Workwork/vibe-fs/requirements/time-capability/tests/004.test.mjs","pid":24623,"parentPid":24619,"monotonicMs":189.977083,"cpuUserMicros":145846,"cpuSystemMicros":77952,"exitCode":0},"interval":{"clockPid":24623,"wallMs":169.0305,"cpuUserMicros":117835,"cpuSystemMicros":73597}}
[verification-worker-cost] {"version":1,"phase":"exit","sequence":1,"entryFile":"/Users/yuanxi/Workwork/vibe-fs/requirements/structured-workflow/tests/005.test.mjs","pid":24628,"parentPid":24619,"monotonicMs":291.448708,"cpuUserMicros":340632,"cpuSystemMicros":51364,"exitCode":0}
runner: file lifecycle {"entryFile":"/Users/yuanxi/Workwork/vibe-fs/requirements/structured-workflow/tests/005.test.mjs","type":"runner:file-drained","elapsedMs":348.76495800000004}
runner: worker cost {"version":1,"entryFile":"/Users/yuanxi/Workwork/vibe-fs/requirements/structured-workflow/tests/005.test.mjs","enabled":true,"pid":24628,"status":"complete","reason":null,"preImport":{"version":1,"phase":"pre-import","sequence":0,"entryFile":"/Users/yuanxi/Workwork/vibe-fs/requirements/structured-workflow/tests/005.test.mjs","pid":24628,"parentPid":24619,"monotonicMs":28.181458,"cpuUserMicros":34283,"cpuSystemMicros":6059},"exit":{"version":1,"phase":"exit","sequence":1,"entryFile":"/Users/yuanxi/Workwork/vibe-fs/requirements/structured-workflow/tests/005.test.mjs","pid":24628,"parentPid":24619,"monotonicMs":291.448708,"cpuUserMicros":340632,"cpuSystemMicros":51364,"exitCode":0},"interval":{"clockPid":24628,"wallMs":263.26725,"cpuUserMicros":306349,"cpuSystemMicros":45305}}
[verification-test-start] {"pid":24630,"parentPid":24619,"entryFile":"/Users/yuanxi/Workwork/vibe-fs/requirements/durable-events/tests/006.test.mjs","name":"WHAT[durable-events-006] actual_before-directory_preserves_preparation_rejection_and_independent_cold_facts","fullName":"WHAT[durable-events-006] actual_before-directory_preserves_preparation_rejection_and_independent_cold_facts"}
[verification-test-start] {"pid":24630,"parentPid":24619,"entryFile":"/Users/yuanxi/Workwork/vibe-fs/requirements/durable-events/tests/006.test.mjs","name":"WHAT[durable-events-006] actual_mixed-release_preserves_preparation_rejection_and_independent_cold_facts","fullName":"WHAT[durable-events-006] actual_mixed-release_preserves_preparation_rejection_and_independent_cold_facts"}
[verification-test-start] {"pid":24630,"parentPid":24619,"entryFile":"/Users/yuanxi/Workwork/vibe-fs/requirements/durable-events/tests/006.test.mjs","name":"WHAT[durable-events-006] actual_cut-release_preserves_preparation_rejection_and_independent_cold_facts","fullName":"WHAT[durable-events-006] actual_cut-release_preserves_preparation_rejection_and_independent_cold_facts"}
[verification-test-start] {"pid":24630,"parentPid":24619,"entryFile":"/Users/yuanxi/Workwork/vibe-fs/requirements/durable-events/tests/006.test.mjs","name":"WHAT[durable-events-006] actual_validation-release_preserves_preparation_rejection_and_independent_cold_facts","fullName":"WHAT[durable-events-006] actual_validation-release_preserves_preparation_rejection_and_independent_cold_facts"}
[verification-test-start] {"pid":24630,"parentPid":24619,"entryFile":"/Users/yuanxi/Workwork/vibe-fs/requirements/durable-events/tests/006.test.mjs","name":"WHAT[durable-events-006] actual_preparation-random_preserves_preparation_rejection_and_independent_cold_facts","fullName":"WHAT[durable-events-006] actual_preparation-random_preserves_preparation_rejection_and_independent_cold_facts"}
[verification-test-start] {"pid":24630,"parentPid":24619,"entryFile":"/Users/yuanxi/Workwork/vibe-fs/requirements/durable-events/tests/006.test.mjs","name":"WHAT[durable-events-006] actual_journal_initialization-release_keeps_business_fate_poison_and_waiters_separate","fullName":"WHAT[durable-events-006] actual_journal_initialization-release_keeps_business_fate_poison_and_waiters_separate"}
[verification-test-start] {"pid":24630,"parentPid":24619,"entryFile":"/Users/yuanxi/Workwork/vibe-fs/requirements/durable-events/tests/006.test.mjs","name":"WHAT[durable-events-006] actual_journal_business-release_keeps_business_fate_poison_and_waiters_separate","fullName":"WHAT[durable-events-006] actual_journal_business-release_keeps_business_fate_poison_and_waiters_separate"}

✖ failing tests:

test at /Users/yuanxi/Workwork/vibe-fs/requirements/durable-events/tests/006.test.mjs:138:5
✖ WHAT[durable-events-006] actual_journal_initialization-release_keeps_business_fate_poison_and_waiters_separate (307.281ms)
  AssertionError [ERR_ASSERTION]: Expected values to be strictly deep-equal:
  + actual - expected
  
    [
  +   false
  -   true
    ]
  
      at TestContext.<anonymous> (file:///Users/yuanxi/Workwork/vibe-fs/requirements/durable-events/tests/006.test.mjs:168:16)
      at process.processTicksAndRejections (node:internal/process/task_queues:103:5)
      at async Test.run (node:internal/test_runner/test:1054:7)
      at async Test.processPendingSubtests (node:internal/test_runner/test:744:7)

[verification-test-start] {"pid":24630,"parentPid":24619,"entryFile":"/Users/yuanxi/Workwork/vibe-fs/requirements/durable-events/tests/006.test.mjs","name":"WHAT[durable-events-006] actual_journal_initialization-fsync_keeps_business_fate_poison_and_waiters_separate","fullName":"WHAT[durable-events-006] actual_journal_initialization-fsync_keeps_business_fate_poison_and_waiters_separate"}
[verification-test-start] {"pid":24630,"parentPid":24619,"entryFile":"/Users/yuanxi/Workwork/vibe-fs/requirements/durable-events/tests/006.test.mjs","name":"WHAT[durable-events-006] actual_journal_business-fsync_keeps_business_fate_poison_and_waiters_separate","fullName":"WHAT[durable-events-006] actual_journal_business-fsync_keeps_business_fate_poison_and_waiters_separate"}
test at /Users/yuanxi/Workwork/vibe-fs/requirements/durable-events/tests/006.test.mjs:138:5
✖ WHAT[durable-events-006] actual_journal_initialization-fsync_keeps_business_fate_poison_and_waiters_separate (305.931ms)
  AssertionError [ERR_ASSERTION]: Expected values to be strictly deep-equal:
  + actual - expected
  
    [
  +   false
  -   true
    ]
  
      at TestContext.<anonymous> (file:///Users/yuanxi/Workwork/vibe-fs/requirements/durable-events/tests/006.test.mjs:168:16)
      at process.processTicksAndRejections (node:internal/process/task_queues:103:5)
      at async Test.run (node:internal/test_runner/test:1054:7)
      at async Test.processPendingSubtests (node:internal/test_runner/test:744:7)

[verification-test-start] {"pid":24630,"parentPid":24619,"entryFile":"/Users/yuanxi/Workwork/vibe-fs/requirements/durable-events/tests/006.test.mjs","name":"WHAT[durable-events-006] duplicate_same_identity_is_idempotent_but_collision_is_rejected","fullName":"WHAT[durable-events-006] duplicate_same_identity_is_idempotent_but_collision_is_rejected"}
[verification-test-start] {"pid":24630,"parentPid":24619,"entryFile":"/Users/yuanxi/Workwork/vibe-fs/requirements/durable-events/tests/006.test.mjs","name":"WHAT[durable-events-006] append_adds_one_local_line_and_Current_is_already_integrated","fullName":"WHAT[durable-events-006] append_adds_one_local_line_and_Current_is_already_integrated"}
[verification-test-start] {"pid":24630,"parentPid":24619,"entryFile":"/Users/yuanxi/Workwork/vibe-fs/requirements/durable-events/tests/006.test.mjs","name":"WHAT[durable-events-006] actual_append_settlement_preserves_normal_physical_facts_and_cause","fullName":"WHAT[durable-events-006] actual_append_settlement_preserves_normal_physical_facts_and_cause"}
[verification-test-start] {"pid":24630,"parentPid":24619,"entryFile":"/Users/yuanxi/Workwork/vibe-fs/requirements/durable-events/tests/006.test.mjs","name":"WHAT[durable-events-006] actual_append_settlement_preserves_fresh-release_physical_facts_and_cause","fullName":"WHAT[durable-events-006] actual_append_settlement_preserves_fresh-release_physical_facts_and_cause"}
[verification-test-start] {"pid":24630,"parentPid":24619,"entryFile":"/Users/yuanxi/Workwork/vibe-fs/requirements/durable-events/tests/006.test.mjs","name":"WHAT[durable-events-006] actual_append_settlement_preserves_duplicate-release_physical_facts_and_cause","fullName":"WHAT[durable-events-006] actual_append_settlement_preserves_duplicate-release_physical_facts_and_cause"}
[verification-test-start] {"pid":24630,"parentPid":24619,"entryFile":"/Users/yuanxi/Workwork/vibe-fs/requirements/durable-events/tests/006.test.mjs","name":"WHAT[durable-events-006] actual_append_settlement_preserves_empty-release_physical_facts_and_cause","fullName":"WHAT[durable-events-006] actual_append_settlement_preserves_empty-release_physical_facts_and_cause"}
[verification-test-start] {"pid":24630,"parentPid":24619,"entryFile":"/Users/yuanxi/Workwork/vibe-fs/requirements/durable-events/tests/006.test.mjs","name":"WHAT[durable-events-006] actual_append_settlement_preserves_append_physical_facts_and_cause","fullName":"WHAT[durable-events-006] actual_append_settlement_preserves_append_physical_facts_and_cause"}
[verification-test-start] {"pid":24630,"parentPid":24619,"entryFile":"/Users/yuanxi/Workwork/vibe-fs/requirements/durable-events/tests/006.test.mjs","name":"WHAT[durable-events-006] actual_append_settlement_preserves_open_physical_facts_and_cause","fullName":"WHAT[durable-events-006] actual_append_settlement_preserves_open_physical_facts_and_cause"}
[verification-test-start] {"pid":24630,"parentPid":24619,"entryFile":"/Users/yuanxi/Workwork/vibe-fs/requirements/durable-events/tests/006.test.mjs","name":"WHAT[durable-events-006] actual_append_settlement_preserves_fsync_physical_facts_and_cause","fullName":"WHAT[durable-events-006] actual_append_settlement_preserves_fsync_physical_facts_and_cause"}
[verification-test-start] {"pid":24630,"parentPid":24619,"entryFile":"/Users/yuanxi/Workwork/vibe-fs/requirements/durable-events/tests/006.test.mjs","name":"WHAT[durable-events-006] actual_append_settlement_preserves_close_physical_facts_and_cause","fullName":"WHAT[durable-events-006] actual_append_settlement_preserves_close_physical_facts_and_cause"}
[verification-test-start] {"pid":24630,"parentPid":24619,"entryFile":"/Users/yuanxi/Workwork/vibe-fs/requirements/durable-events/tests/006.test.mjs","name":"WHAT[durable-events-006] actual_append_settlement_preserves_current-before_physical_facts_and_cause","fullName":"WHAT[durable-events-006] actual_append_settlement_preserves_current-before_physical_facts_and_cause"}
[verification-test-start] {"pid":24630,"parentPid":24619,"entryFile":"/Users/yuanxi/Workwork/vibe-fs/requirements/durable-events/tests/006.test.mjs","name":"WHAT[durable-events-006] actual_append_settlement_preserves_current-after_physical_facts_and_cause","fullName":"WHAT[durable-events-006] actual_append_settlement_preserves_current-after_physical_facts_and_cause"}
[verification-test-start] {"pid":24630,"parentPid":24619,"entryFile":"/Users/yuanxi/Workwork/vibe-fs/requirements/durable-events/tests/006.test.mjs","name":"WHAT[durable-events-006] actual_append_settlement_preserves_fsync-close-release_physical_facts_and_cause","fullName":"WHAT[durable-events-006] actual_append_settlement_preserves_fsync-close-release_physical_facts_and_cause"}
[verification-worker-cost] {"version":1,"phase":"exit","sequence":1,"entryFile":"/Users/yuanxi/Workwork/vibe-fs/requirements/durable-events/tests/006.test.mjs","pid":24630,"parentPid":24619,"monotonicMs":6339.336208,"cpuUserMicros":286571,"cpuSystemMicros":54356,"exitCode":1}
runner: file lifecycle {"entryFile":"/Users/yuanxi/Workwork/vibe-fs/requirements/durable-events/tests/006.test.mjs","type":"runner:file-drained","elapsedMs":6463.280375}
runner: worker cost {"version":1,"entryFile":"/Users/yuanxi/Workwork/vibe-fs/requirements/durable-events/tests/006.test.mjs","enabled":true,"pid":24630,"status":"complete","reason":null,"preImport":{"version":1,"phase":"pre-import","sequence":0,"entryFile":"/Users/yuanxi/Workwork/vibe-fs/requirements/durable-events/tests/006.test.mjs","pid":24630,"parentPid":24619,"monotonicMs":30.056083,"cpuUserMicros":28928,"cpuSystemMicros":5747},"exit":{"version":1,"phase":"exit","sequence":1,"entryFile":"/Users/yuanxi/Workwork/vibe-fs/requirements/durable-events/tests/006.test.mjs","pid":24630,"parentPid":24619,"monotonicMs":6339.336208,"cpuUserMicros":286571,"cpuSystemMicros":54356,"exitCode":1},"interval":{"clockPid":24630,"wallMs":6309.280124999999,"cpuUserMicros":257643,"cpuSystemMicros":48609}}

[test-summary] 11 file(s), 64 passed, 2 failed, 3 todo (6.43s wall, 6.92s test time)
  todo: /Users/yuanxi/Workwork/vibe-fs/requirements/time-capability/tests/007.test.mjs:WHAT[time-capability-007] first actual prompt samples and durably binds the injected clock before later prompts — reason not supplied
  todo: /Users/yuanxi/Workwork/vibe-fs/requirements/time-capability/tests/007.test.mjs:WHAT[time-capability-007] a restarted session reuses its origin and replays stored marker bytes without resampling — reason not supplied
  todo: /Users/yuanxi/Workwork/vibe-fs/requirements/time-capability/tests/008.test.mjs:WHAT[time-capability-008] actual compilation rejects implementation access from pure consumers and runtime requires injected time capabilities — reason not supplied
runner: post-exit group verification/reclamation: pid=24619; elapsedMs=16.437; accepted=true
runner: 69 test(s), 6.9s of test time; max 380ms, p90 295ms, median 6ms
runner:     380ms  WHAT[durable-events-006] actual_gate-directory_preserves_preparation_rejection_and_independent_cold_facts
runner:     316ms  WHAT[durable-events-006] actual_journal_business-fsync_keeps_business_fate_poison_and_waiters_separate
runner:     314ms  WHAT[durable-events-006] actual_journal_business-release_keeps_business_fate_poison_and_waiters_separate
runner:     307ms  WHAT[durable-events-006] actual_journal_initialization-release_keeps_business_fate_poison_and_waiters_separate
runner:     306ms  WHAT[durable-events-006] actual_journal_initialization-fsync_keeps_business_fate_poison_and_waiters_separate

runner: 64 passed, 2 failed; 11/11 planned file(s) completed
Error: runner: supervised suite failed (exit 1)
    at fail (file:///Users/yuanxi/Workwork/vibe-fs/requirements/verification-system/tests/e2e/support/supervise-node-test.mjs:258:25)
    at superviseOwnedNodeTest (file:///Users/yuanxi/Workwork/vibe-fs/requirements/verification-system/tests/e2e/support/supervise-node-test.mjs:486:19)
    at process.processTicksAndRejections (node:internal/process/task_queues:103:5)
    at async superviseNodeTest (file:///Users/yuanxi/Workwork/vibe-fs/requirements/verification-system/tests/e2e/support/supervise-node-test.mjs:235:14)
    at async file:///Users/yuanxi/Workwork/vibe-fs/requirements/verification-system/tests/run.mjs:94:1 {
  exitCode: 1,
  [cause]: undefined
}
