runner: scoped 使用 TESTS_MJS_FILES=2 files
runner: build is current (1803 sources, 885 artifacts)
runner: discovery OVERRIDDEN by TESTS_MJS_FILES (2 file(s))
runner: 2 test file(s), 5000ms verdict-silence window
runner: file lifecycle {"entryFile":"/Users/yuanxi/Workwork/vibe-fs/requirements/structured-workflow/tests/005.test.mjs","pid":23647,"parentPid":23625,"type":"runner:file-start","elapsedMs":33.039874999999995}
runner: file lifecycle {"entryFile":"/Users/yuanxi/Workwork/vibe-fs/requirements/time-capability/tests/004.test.mjs","pid":23647,"parentPid":23625,"type":"runner:file-start","elapsedMs":34.12454200000002}
[verification-worker-cost] {"version":1,"phase":"pre-import","sequence":0,"entryFile":"/Users/yuanxi/Workwork/vibe-fs/requirements/structured-workflow/tests/005.test.mjs","pid":23648,"parentPid":23647,"monotonicMs":15.396917,"cpuUserMicros":21230,"cpuSystemMicros":3830}
[verification-worker-cost] {"version":1,"phase":"pre-import","sequence":0,"entryFile":"/Users/yuanxi/Workwork/vibe-fs/requirements/time-capability/tests/004.test.mjs","pid":23649,"parentPid":23647,"monotonicMs":14.580542,"cpuUserMicros":20598,"cpuSystemMicros":2916}
[verification-test-start] {"pid":23648,"parentPid":23647,"entryFile":"/Users/yuanxi/Workwork/vibe-fs/requirements/structured-workflow/tests/005.test.mjs","name":"WHAT[structured-workflow-005] SW_005_mutable_storage_discipline_and_no_workflow_state","fullName":"WHAT[structured-workflow-005] SW_005_mutable_storage_discipline_and_no_workflow_state"}
[verification-test-start] {"pid":23649,"parentPid":23647,"entryFile":"/Users/yuanxi/Workwork/vibe-fs/requirements/time-capability/tests/004.test.mjs","name":"WHAT[time-capability-004] domain_application_session_contain_no_raw_time_tokens","fullName":"WHAT[time-capability-004] domain_application_session_contain_no_raw_time_tokens"}

✖ failing tests:

test at /Users/yuanxi/Workwork/vibe-fs/requirements/structured-workflow/tests/005.test.mjs:36:1
✖ WHAT[structured-workflow-005] SW_005_mutable_storage_discipline_and_no_workflow_state (48.848ms)
  AssertionError [ERR_ASSERTION]: Annotation at /Users/yuanxi/Workwork/vibe-fs/src/Wanxiangshu/Composition/Turn/ReconcileSurface.fs:537 uses invalid category "cross-callback-proof". Allowed: resource, algorithm-scratch, subscription, cancellation, single-flight, retirement admission fence
      at TestContext.<anonymous> (file:///Users/yuanxi/Workwork/vibe-fs/requirements/structured-workflow/tests/005.test.mjs:73:14)
      at Test.runInAsyncScope (node:async_hooks:214:14)
      at Test.run (node:internal/test_runner/test:1047:25)
      at async startSubtestAfterBootstrap (node:internal/test_runner/harness:296:3)

[verification-worker-cost] {"version":1,"phase":"exit","sequence":1,"entryFile":"/Users/yuanxi/Workwork/vibe-fs/requirements/structured-workflow/tests/005.test.mjs","pid":23648,"parentPid":23647,"monotonicMs":70.773042,"cpuUserMicros":98112,"cpuSystemMicros":23444,"exitCode":1}
runner: file lifecycle {"entryFile":"/Users/yuanxi/Workwork/vibe-fs/requirements/structured-workflow/tests/005.test.mjs","type":"runner:file-drained","elapsedMs":117.26383300000003}
runner: worker cost {"version":1,"entryFile":"/Users/yuanxi/Workwork/vibe-fs/requirements/structured-workflow/tests/005.test.mjs","enabled":true,"pid":23648,"status":"complete","reason":null,"preImport":{"version":1,"phase":"pre-import","sequence":0,"entryFile":"/Users/yuanxi/Workwork/vibe-fs/requirements/structured-workflow/tests/005.test.mjs","pid":23648,"parentPid":23647,"monotonicMs":15.396917,"cpuUserMicros":21230,"cpuSystemMicros":3830},"exit":{"version":1,"phase":"exit","sequence":1,"entryFile":"/Users/yuanxi/Workwork/vibe-fs/requirements/structured-workflow/tests/005.test.mjs","pid":23648,"parentPid":23647,"monotonicMs":70.773042,"cpuUserMicros":98112,"cpuSystemMicros":23444,"exitCode":1},"interval":{"clockPid":23648,"wallMs":55.376125,"cpuUserMicros":76882,"cpuSystemMicros":19614}}
[verification-test-start] {"pid":23649,"parentPid":23647,"entryFile":"/Users/yuanxi/Workwork/vibe-fs/requirements/time-capability/tests/004.test.mjs","name":"WHAT[time-capability-004] collector_reads_the_whole_production_tree_before_allowlisting_adapters","fullName":"WHAT[time-capability-004] collector_reads_the_whole_production_tree_before_allowlisting_adapters"}
test at /Users/yuanxi/Workwork/vibe-fs/requirements/time-capability/tests/004.test.mjs:16:1
✖ WHAT[time-capability-004] domain_application_session_contain_no_raw_time_tokens (85.440ms)
  AssertionError [ERR_ASSERTION]: no raw wall-clock / timer token may appear in Domain/Application/Session: Verification/JournalPortObservationSurface.fs:488 DateTimeOffset.UtcNow
  
  1 !== 0
  
      at TestContext.<anonymous> (file:///Users/yuanxi/Workwork/vibe-fs/requirements/time-capability/tests/004.test.mjs:18:10)
      at Test.runInAsyncScope (node:async_hooks:214:14)
      at Test.run (node:internal/test_runner/test:1047:25)
      at async startSubtestAfterBootstrap (node:internal/test_runner/harness:296:3)

[verification-test-start] {"pid":23649,"parentPid":23647,"entryFile":"/Users/yuanxi/Workwork/vibe-fs/requirements/time-capability/tests/004.test.mjs","name":"WHAT[time-capability-004] exact_mutation_is_detected_without_a_directory_allowlist_escape","fullName":"WHAT[time-capability-004] exact_mutation_is_detected_without_a_directory_allowlist_escape"}
[verification-test-start] {"pid":23649,"parentPid":23647,"entryFile":"/Users/yuanxi/Workwork/vibe-fs/requirements/time-capability/tests/004.test.mjs","name":"WHAT[time-capability-004] missing_production_root_fails_closed","fullName":"WHAT[time-capability-004] missing_production_root_fails_closed"}
[verification-test-start] {"pid":23649,"parentPid":23647,"entryFile":"/Users/yuanxi/Workwork/vibe-fs/requirements/time-capability/tests/004.test.mjs","name":"WHAT[time-capability-004] comment-only mentions do not access ambient time","fullName":"WHAT[time-capability-004] comment-only mentions do not access ambient time"}
[verification-test-start] {"pid":23649,"parentPid":23647,"entryFile":"/Users/yuanxi/Workwork/vibe-fs/requirements/time-capability/tests/004.test.mjs","name":"WHAT[time-capability-004] an adapter exception applies only to the exact file","fullName":"WHAT[time-capability-004] an adapter exception applies only to the exact file"}
[verification-worker-cost] {"version":1,"phase":"exit","sequence":1,"entryFile":"/Users/yuanxi/Workwork/vibe-fs/requirements/time-capability/tests/004.test.mjs","pid":23649,"parentPid":23647,"monotonicMs":140.741542,"cpuUserMicros":120590,"cpuSystemMicros":56276,"exitCode":1}
runner: file lifecycle {"entryFile":"/Users/yuanxi/Workwork/vibe-fs/requirements/time-capability/tests/004.test.mjs","type":"runner:file-drained","elapsedMs":188.5265}
runner: worker cost {"version":1,"entryFile":"/Users/yuanxi/Workwork/vibe-fs/requirements/time-capability/tests/004.test.mjs","enabled":true,"pid":23649,"status":"complete","reason":null,"preImport":{"version":1,"phase":"pre-import","sequence":0,"entryFile":"/Users/yuanxi/Workwork/vibe-fs/requirements/time-capability/tests/004.test.mjs","pid":23649,"parentPid":23647,"monotonicMs":14.580542,"cpuUserMicros":20598,"cpuSystemMicros":2916},"exit":{"version":1,"phase":"exit","sequence":1,"entryFile":"/Users/yuanxi/Workwork/vibe-fs/requirements/time-capability/tests/004.test.mjs","pid":23649,"parentPid":23647,"monotonicMs":140.741542,"cpuUserMicros":120590,"cpuSystemMicros":56276,"exitCode":1},"interval":{"clockPid":23649,"wallMs":126.16100000000002,"cpuUserMicros":99992,"cpuSystemMicros":53360}}

[test-summary] 2 file(s), 5 passed, 2 failed (0.16s wall, 0.17s test time)
runner: post-exit group verification/reclamation: pid=23647; elapsedMs=18.210; accepted=true
runner: 7 test(s), 0.2s of test time; max 85ms, p90 85ms, median 1ms

runner: 5 passed, 2 failed; 2/2 planned file(s) completed
Error: runner: supervised suite failed (exit 1)
    at fail (file:///Users/yuanxi/Workwork/vibe-fs/requirements/verification-system/tests/e2e/support/supervise-node-test.mjs:258:25)
    at superviseOwnedNodeTest (file:///Users/yuanxi/Workwork/vibe-fs/requirements/verification-system/tests/e2e/support/supervise-node-test.mjs:486:19)
    at process.processTicksAndRejections (node:internal/process/task_queues:103:5)
    at async superviseNodeTest (file:///Users/yuanxi/Workwork/vibe-fs/requirements/verification-system/tests/e2e/support/supervise-node-test.mjs:235:14)
    at async file:///Users/yuanxi/Workwork/vibe-fs/requirements/verification-system/tests/run.mjs:94:1 {
  exitCode: 1,
  [cause]: undefined
}
