runner: scoped 使用 TESTS_MJS_FILES=11 files
runner: build is current (1803 sources, 885 artifacts)
runner: discovery OVERRIDDEN by TESTS_MJS_FILES (11 file(s))
runner: 11 test file(s), 5000ms verdict-silence window
runner: file lifecycle {"entryFile":"/Users/yuanxi/Workwork/vibe-fs/requirements/time-capability/tests/001.test.mjs","pid":23930,"parentPid":23903,"type":"runner:file-start","elapsedMs":30.954334000000017}
runner: file lifecycle {"entryFile":"/Users/yuanxi/Workwork/vibe-fs/requirements/time-capability/tests/002.test.mjs","pid":23930,"parentPid":23903,"type":"runner:file-start","elapsedMs":31.849541999999985}
runner: file lifecycle {"entryFile":"/Users/yuanxi/Workwork/vibe-fs/requirements/time-capability/tests/003.test.mjs","pid":23930,"parentPid":23903,"type":"runner:file-start","elapsedMs":33.26412499999998}
runner: file lifecycle {"entryFile":"/Users/yuanxi/Workwork/vibe-fs/requirements/time-capability/tests/004.test.mjs","pid":23930,"parentPid":23903,"type":"runner:file-start","elapsedMs":33.796249999999986}
runner: file lifecycle {"entryFile":"/Users/yuanxi/Workwork/vibe-fs/requirements/time-capability/tests/005.test.mjs","pid":23930,"parentPid":23903,"type":"runner:file-start","elapsedMs":34.82595900000001}
runner: file lifecycle {"entryFile":"/Users/yuanxi/Workwork/vibe-fs/requirements/time-capability/tests/006.test.mjs","pid":23930,"parentPid":23903,"type":"runner:file-start","elapsedMs":35.45095900000001}
runner: file lifecycle {"entryFile":"/Users/yuanxi/Workwork/vibe-fs/requirements/time-capability/tests/007.test.mjs","pid":23930,"parentPid":23903,"type":"runner:file-start","elapsedMs":36.71479199999999}
runner: file lifecycle {"entryFile":"/Users/yuanxi/Workwork/vibe-fs/requirements/time-capability/tests/008.test.mjs","pid":23930,"parentPid":23903,"type":"runner:file-start","elapsedMs":37.89095900000001}
runner: file lifecycle {"entryFile":"/Users/yuanxi/Workwork/vibe-fs/requirements/structured-workflow/tests/005.test.mjs","pid":23930,"parentPid":23903,"type":"runner:file-start","elapsedMs":40.788666999999975}
runner: file lifecycle {"entryFile":"/Users/yuanxi/Workwork/vibe-fs/requirements/host-boundary/tests/005.test.mjs","pid":23930,"parentPid":23903,"type":"runner:file-start","elapsedMs":41.73320899999999}
[verification-worker-cost] {"version":1,"phase":"pre-import","sequence":0,"entryFile":"/Users/yuanxi/Workwork/vibe-fs/requirements/time-capability/tests/002.test.mjs","pid":23932,"parentPid":23930,"monotonicMs":16.908,"cpuUserMicros":22830,"cpuSystemMicros":3903}
[verification-worker-cost] {"version":1,"phase":"pre-import","sequence":0,"entryFile":"/Users/yuanxi/Workwork/vibe-fs/requirements/time-capability/tests/003.test.mjs","pid":23933,"parentPid":23930,"monotonicMs":18.472083,"cpuUserMicros":23556,"cpuSystemMicros":4127}
[verification-worker-cost] {"version":1,"phase":"pre-import","sequence":0,"entryFile":"/Users/yuanxi/Workwork/vibe-fs/requirements/time-capability/tests/001.test.mjs","pid":23931,"parentPid":23930,"monotonicMs":24.136791,"cpuUserMicros":28070,"cpuSystemMicros":4894}
[verification-worker-cost] {"version":1,"phase":"pre-import","sequence":0,"entryFile":"/Users/yuanxi/Workwork/vibe-fs/requirements/time-capability/tests/004.test.mjs","pid":23934,"parentPid":23930,"monotonicMs":19.069083,"cpuUserMicros":25024,"cpuSystemMicros":5044}
[verification-worker-cost] {"version":1,"phase":"pre-import","sequence":0,"entryFile":"/Users/yuanxi/Workwork/vibe-fs/requirements/time-capability/tests/006.test.mjs","pid":23936,"parentPid":23930,"monotonicMs":22.257625,"cpuUserMicros":26555,"cpuSystemMicros":4831}
[verification-worker-cost] {"version":1,"phase":"pre-import","sequence":0,"entryFile":"/Users/yuanxi/Workwork/vibe-fs/requirements/time-capability/tests/005.test.mjs","pid":23935,"parentPid":23930,"monotonicMs":24.254833,"cpuUserMicros":30822,"cpuSystemMicros":4712}
[verification-test-start] {"pid":23934,"parentPid":23930,"entryFile":"/Users/yuanxi/Workwork/vibe-fs/requirements/time-capability/tests/004.test.mjs","name":"WHAT[time-capability-004] domain_application_session_contain_no_raw_time_tokens","fullName":"WHAT[time-capability-004] domain_application_session_contain_no_raw_time_tokens"}
[verification-test-start] {"pid":23932,"parentPid":23930,"entryFile":"/Users/yuanxi/Workwork/vibe-fs/requirements/time-capability/tests/002.test.mjs","name":"WHAT[time-capability-002] an opaque deadline is decided by explicit instants including the exact boundary","fullName":"WHAT[time-capability-002] an opaque deadline is decided by explicit instants including the exact boundary"}
[verification-worker-cost] {"version":1,"phase":"pre-import","sequence":0,"entryFile":"/Users/yuanxi/Workwork/vibe-fs/requirements/time-capability/tests/007.test.mjs","pid":23937,"parentPid":23930,"monotonicMs":23.092542,"cpuUserMicros":31001,"cpuSystemMicros":5173}
[verification-worker-cost] {"version":1,"phase":"pre-import","sequence":0,"entryFile":"/Users/yuanxi/Workwork/vibe-fs/requirements/structured-workflow/tests/005.test.mjs","pid":23939,"parentPid":23930,"monotonicMs":22.913,"cpuUserMicros":29113,"cpuSystemMicros":5134}
[verification-test-start] {"pid":23932,"parentPid":23930,"entryFile":"/Users/yuanxi/Workwork/vibe-fs/requirements/time-capability/tests/002.test.mjs","name":"WHAT[time-capability-002] a huge budget remains finite and waits are segmented at the physical timer limit","fullName":"WHAT[time-capability-002] a huge budget remains finite and waits are segmented at the physical timer limit"}
[verification-worker-cost] {"version":1,"phase":"pre-import","sequence":0,"entryFile":"/Users/yuanxi/Workwork/vibe-fs/requirements/time-capability/tests/008.test.mjs","pid":23938,"parentPid":23930,"monotonicMs":27.699334,"cpuUserMicros":33150,"cpuSystemMicros":6208}
[verification-worker-cost] {"version":1,"phase":"pre-import","sequence":0,"entryFile":"/Users/yuanxi/Workwork/vibe-fs/requirements/host-boundary/tests/005.test.mjs","pid":23940,"parentPid":23930,"monotonicMs":22.558084,"cpuUserMicros":30270,"cpuSystemMicros":5109}
[verification-test-start] {"pid":23938,"parentPid":23930,"entryFile":"/Users/yuanxi/Workwork/vibe-fs/requirements/time-capability/tests/008.test.mjs","name":"WHAT[time-capability-008] declared temporal contracts have no transitive implementation dependency","fullName":"WHAT[time-capability-008] declared temporal contracts have no transitive implementation dependency"}
[verification-test-start] {"pid":23939,"parentPid":23930,"entryFile":"/Users/yuanxi/Workwork/vibe-fs/requirements/structured-workflow/tests/005.test.mjs","name":"WHAT[structured-workflow-005] SW_005_mutable_storage_discipline_and_no_workflow_state","fullName":"WHAT[structured-workflow-005] SW_005_mutable_storage_discipline_and_no_workflow_state"}
[verification-worker-cost] {"version":1,"phase":"exit","sequence":1,"entryFile":"/Users/yuanxi/Workwork/vibe-fs/requirements/time-capability/tests/002.test.mjs","pid":23932,"parentPid":23930,"monotonicMs":44.762708,"cpuUserMicros":47448,"cpuSystemMicros":7422,"exitCode":0}
runner: file lifecycle {"entryFile":"/Users/yuanxi/Workwork/vibe-fs/requirements/time-capability/tests/002.test.mjs","type":"runner:file-drained","elapsedMs":98.68283399999996}
runner: worker cost {"version":1,"entryFile":"/Users/yuanxi/Workwork/vibe-fs/requirements/time-capability/tests/002.test.mjs","enabled":true,"pid":23932,"status":"complete","reason":null,"preImport":{"version":1,"phase":"pre-import","sequence":0,"entryFile":"/Users/yuanxi/Workwork/vibe-fs/requirements/time-capability/tests/002.test.mjs","pid":23932,"parentPid":23930,"monotonicMs":16.908,"cpuUserMicros":22830,"cpuSystemMicros":3903},"exit":{"version":1,"phase":"exit","sequence":1,"entryFile":"/Users/yuanxi/Workwork/vibe-fs/requirements/time-capability/tests/002.test.mjs","pid":23932,"parentPid":23930,"monotonicMs":44.762708,"cpuUserMicros":47448,"cpuSystemMicros":7422,"exitCode":0},"interval":{"clockPid":23932,"wallMs":27.854708000000002,"cpuUserMicros":24618,"cpuSystemMicros":3519}}
runner: file lifecycle {"entryFile":"/Users/yuanxi/Workwork/vibe-fs/requirements/durable-events/tests/006.test.mjs","pid":23930,"parentPid":23903,"type":"runner:file-start","elapsedMs":99.75866699999995}
[verification-test-start] {"pid":23933,"parentPid":23930,"entryFile":"/Users/yuanxi/Workwork/vibe-fs/requirements/time-capability/tests/003.test.mjs","name":"WHAT[time-capability-003] TIME_003_virtual_clock_starts_at_fixed_epoch","fullName":"WHAT[time-capability-003] TIME_003_virtual_clock_starts_at_fixed_epoch"}
[verification-test-start] {"pid":23933,"parentPid":23930,"entryFile":"/Users/yuanxi/Workwork/vibe-fs/requirements/time-capability/tests/003.test.mjs","name":"WHAT[time-capability-003] TIME_003_virtual_clock_advance_and_set_are_deterministic","fullName":"WHAT[time-capability-003] TIME_003_virtual_clock_advance_and_set_are_deterministic"}
[verification-test-start] {"pid":23937,"parentPid":23930,"entryFile":"/Users/yuanxi/Workwork/vibe-fs/requirements/time-capability/tests/007.test.mjs","name":"WHAT[time-capability-007] the actual session-start projection retains its first bound instant","fullName":"WHAT[time-capability-007] the actual session-start projection retains its first bound instant"}
[verification-test-start] {"pid":23935,"parentPid":23930,"entryFile":"/Users/yuanxi/Workwork/vibe-fs/requirements/time-capability/tests/005.test.mjs","name":"WHAT[time-capability-005] the same deadline follows the supplied clock without changing another clock","fullName":"WHAT[time-capability-005] the same deadline follows the supplied clock without changing another clock"}
[verification-test-start] {"pid":23936,"parentPid":23930,"entryFile":"/Users/yuanxi/Workwork/vibe-fs/requirements/time-capability/tests/006.test.mjs","name":"WHAT[time-capability-006] THEOREM_untilSignalOrDeadline_deadline_without_material_is_WaitTimedOut","fullName":"WHAT[time-capability-006] THEOREM_untilSignalOrDeadline_deadline_without_material_is_WaitTimedOut"}
[verification-test-start] {"pid":23931,"parentPid":23930,"entryFile":"/Users/yuanxi/Workwork/vibe-fs/requirements/time-capability/tests/001.test.mjs","name":"WHAT[time-capability-001] TIME_001_virtual_clocks_are_independent_not_ambient","fullName":"WHAT[time-capability-001] TIME_001_virtual_clocks_are_independent_not_ambient"}
[verification-test-start] {"pid":23933,"parentPid":23930,"entryFile":"/Users/yuanxi/Workwork/vibe-fs/requirements/time-capability/tests/003.test.mjs","name":"WHAT[time-capability-003] VERIFY_004_virtual_timer_fires_exactly_when_advanced_past_deadline","fullName":"WHAT[time-capability-003] VERIFY_004_virtual_timer_fires_exactly_when_advanced_past_deadline"}
[verification-test-start] {"pid":23933,"parentPid":23930,"entryFile":"/Users/yuanxi/Workwork/vibe-fs/requirements/time-capability/tests/003.test.mjs","name":"WHAT[time-capability-003] VERIFY_004_virtual_timer_cancel_before_fire_yields_zero_callbacks","fullName":"WHAT[time-capability-003] VERIFY_004_virtual_timer_cancel_before_fire_yields_zero_callbacks"}
[verification-test-start] {"pid":23937,"parentPid":23930,"entryFile":"/Users/yuanxi/Workwork/vibe-fs/requirements/time-capability/tests/007.test.mjs","name":"WHAT[time-capability-007] elapsed rendering is human-readable in both languages and clamps negative values","fullName":"WHAT[time-capability-007] elapsed rendering is human-readable in both languages and clamps negative values"}
[verification-test-start] {"pid":23937,"parentPid":23930,"entryFile":"/Users/yuanxi/Workwork/vibe-fs/requirements/time-capability/tests/007.test.mjs","name":"WHAT[time-capability-007] first actual prompt samples and durably binds the injected clock before later prompts","fullName":"WHAT[time-capability-007] first actual prompt samples and durably binds the injected clock before later prompts"}
[verification-test-start] {"pid":23937,"parentPid":23930,"entryFile":"/Users/yuanxi/Workwork/vibe-fs/requirements/time-capability/tests/007.test.mjs","name":"WHAT[time-capability-007] a restarted session reuses its origin and replays stored marker bytes without resampling","fullName":"WHAT[time-capability-007] a restarted session reuses its origin and replays stored marker bytes without resampling"}
[verification-test-start] {"pid":23933,"parentPid":23930,"entryFile":"/Users/yuanxi/Workwork/vibe-fs/requirements/time-capability/tests/003.test.mjs","name":"WHAT[time-capability-003] VERIFY_004_virtual_timer_dispose_stops_all_pending_callbacks","fullName":"WHAT[time-capability-003] VERIFY_004_virtual_timer_dispose_stops_all_pending_callbacks"}
[verification-test-start] {"pid":23933,"parentPid":23930,"entryFile":"/Users/yuanxi/Workwork/vibe-fs/requirements/time-capability/tests/003.test.mjs","name":"WHAT[time-capability-003] VERIFY_004_virtual_timer_multiple_handles_fire_independently","fullName":"WHAT[time-capability-003] VERIFY_004_virtual_timer_multiple_handles_fire_independently"}
[verification-test-start] {"pid":23933,"parentPid":23930,"entryFile":"/Users/yuanxi/Workwork/vibe-fs/requirements/time-capability/tests/003.test.mjs","name":"WHAT[time-capability-003] deadlines follow due time despite reverse registration and cancellation leaves other handles live","fullName":"WHAT[time-capability-003] deadlines follow due time despite reverse registration and cancellation leaves other handles live"}
[verification-test-start] {"pid":23933,"parentPid":23930,"entryFile":"/Users/yuanxi/Workwork/vibe-fs/requirements/time-capability/tests/003.test.mjs","name":"WHAT[time-capability-003] a disposed timer cannot fire newly requested handles","fullName":"WHAT[time-capability-003] a disposed timer cannot fire newly requested handles"}
[verification-worker-cost] {"version":1,"phase":"exit","sequence":1,"entryFile":"/Users/yuanxi/Workwork/vibe-fs/requirements/time-capability/tests/007.test.mjs","pid":23937,"parentPid":23930,"monotonicMs":85.522167,"cpuUserMicros":92930,"cpuSystemMicros":12153,"exitCode":0}
[verification-worker-cost] {"version":1,"phase":"exit","sequence":1,"entryFile":"/Users/yuanxi/Workwork/vibe-fs/requirements/time-capability/tests/005.test.mjs","pid":23935,"parentPid":23930,"monotonicMs":80.752833,"cpuUserMicros":93782,"cpuSystemMicros":11831,"exitCode":0}
runner: file lifecycle {"entryFile":"/Users/yuanxi/Workwork/vibe-fs/requirements/time-capability/tests/005.test.mjs","type":"runner:file-drained","elapsedMs":139.092084}
runner: worker cost {"version":1,"entryFile":"/Users/yuanxi/Workwork/vibe-fs/requirements/time-capability/tests/005.test.mjs","enabled":true,"pid":23935,"status":"complete","reason":null,"preImport":{"version":1,"phase":"pre-import","sequence":0,"entryFile":"/Users/yuanxi/Workwork/vibe-fs/requirements/time-capability/tests/005.test.mjs","pid":23935,"parentPid":23930,"monotonicMs":24.254833,"cpuUserMicros":30822,"cpuSystemMicros":4712},"exit":{"version":1,"phase":"exit","sequence":1,"entryFile":"/Users/yuanxi/Workwork/vibe-fs/requirements/time-capability/tests/005.test.mjs","pid":23935,"parentPid":23930,"monotonicMs":80.752833,"cpuUserMicros":93782,"cpuSystemMicros":11831,"exitCode":0},"interval":{"clockPid":23935,"wallMs":56.49799999999999,"cpuUserMicros":62960,"cpuSystemMicros":7119}}
[verification-worker-cost] {"version":1,"phase":"exit","sequence":1,"entryFile":"/Users/yuanxi/Workwork/vibe-fs/requirements/time-capability/tests/006.test.mjs","pid":23936,"parentPid":23930,"monotonicMs":92.681625,"cpuUserMicros":104179,"cpuSystemMicros":13611,"exitCode":0}
[verification-test-start] {"pid":23933,"parentPid":23930,"entryFile":"/Users/yuanxi/Workwork/vibe-fs/requirements/time-capability/tests/003.test.mjs","name":"WHAT[time-capability-003] advancing one virtual timer or constructing physical ports does not advance another","fullName":"WHAT[time-capability-003] advancing one virtual timer or constructing physical ports does not advance another"}
[verification-worker-cost] {"version":1,"phase":"exit","sequence":1,"entryFile":"/Users/yuanxi/Workwork/vibe-fs/requirements/time-capability/tests/001.test.mjs","pid":23931,"parentPid":23930,"monotonicMs":86.370166,"cpuUserMicros":93605,"cpuSystemMicros":13004,"exitCode":0}
runner: file lifecycle {"entryFile":"/Users/yuanxi/Workwork/vibe-fs/requirements/time-capability/tests/001.test.mjs","type":"runner:file-drained","elapsedMs":142.43050000000005}
runner: worker cost {"version":1,"entryFile":"/Users/yuanxi/Workwork/vibe-fs/requirements/time-capability/tests/001.test.mjs","enabled":true,"pid":23931,"status":"complete","reason":null,"preImport":{"version":1,"phase":"pre-import","sequence":0,"entryFile":"/Users/yuanxi/Workwork/vibe-fs/requirements/time-capability/tests/001.test.mjs","pid":23931,"parentPid":23930,"monotonicMs":24.136791,"cpuUserMicros":28070,"cpuSystemMicros":4894},"exit":{"version":1,"phase":"exit","sequence":1,"entryFile":"/Users/yuanxi/Workwork/vibe-fs/requirements/time-capability/tests/001.test.mjs","pid":23931,"parentPid":23930,"monotonicMs":86.370166,"cpuUserMicros":93605,"cpuSystemMicros":13004,"exitCode":0},"interval":{"clockPid":23931,"wallMs":62.233374999999995,"cpuUserMicros":65535,"cpuSystemMicros":8110}}
[verification-test-start] {"pid":23938,"parentPid":23930,"entryFile":"/Users/yuanxi/Workwork/vibe-fs/requirements/time-capability/tests/008.test.mjs","name":"WHAT[time-capability-008] the same boundary check rejects a contract dependency on virtual runtime","fullName":"WHAT[time-capability-008] the same boundary check rejects a contract dependency on virtual runtime"}
runner: file lifecycle {"entryFile":"/Users/yuanxi/Workwork/vibe-fs/requirements/time-capability/tests/006.test.mjs","type":"runner:file-drained","elapsedMs":143.68829200000005}
runner: worker cost {"version":1,"entryFile":"/Users/yuanxi/Workwork/vibe-fs/requirements/time-capability/tests/006.test.mjs","enabled":true,"pid":23936,"status":"complete","reason":null,"preImport":{"version":1,"phase":"pre-import","sequence":0,"entryFile":"/Users/yuanxi/Workwork/vibe-fs/requirements/time-capability/tests/006.test.mjs","pid":23936,"parentPid":23930,"monotonicMs":22.257625,"cpuUserMicros":26555,"cpuSystemMicros":4831},"exit":{"version":1,"phase":"exit","sequence":1,"entryFile":"/Users/yuanxi/Workwork/vibe-fs/requirements/time-capability/tests/006.test.mjs","pid":23936,"parentPid":23930,"monotonicMs":92.681625,"cpuUserMicros":104179,"cpuSystemMicros":13611,"exitCode":0},"interval":{"clockPid":23936,"wallMs":70.42399999999999,"cpuUserMicros":77624,"cpuSystemMicros":8780}}
runner: file lifecycle {"entryFile":"/Users/yuanxi/Workwork/vibe-fs/requirements/time-capability/tests/007.test.mjs","type":"runner:file-drained","elapsedMs":144.174667}
runner: worker cost {"version":1,"entryFile":"/Users/yuanxi/Workwork/vibe-fs/requirements/time-capability/tests/007.test.mjs","enabled":true,"pid":23937,"status":"complete","reason":null,"preImport":{"version":1,"phase":"pre-import","sequence":0,"entryFile":"/Users/yuanxi/Workwork/vibe-fs/requirements/time-capability/tests/007.test.mjs","pid":23937,"parentPid":23930,"monotonicMs":23.092542,"cpuUserMicros":31001,"cpuSystemMicros":5173},"exit":{"version":1,"phase":"exit","sequence":1,"entryFile":"/Users/yuanxi/Workwork/vibe-fs/requirements/time-capability/tests/007.test.mjs","pid":23937,"parentPid":23930,"monotonicMs":85.522167,"cpuUserMicros":92930,"cpuSystemMicros":12153,"exitCode":0},"interval":{"clockPid":23937,"wallMs":62.429624999999994,"cpuUserMicros":61929,"cpuSystemMicros":6980}}
[verification-worker-cost] {"version":1,"phase":"exit","sequence":1,"entryFile":"/Users/yuanxi/Workwork/vibe-fs/requirements/time-capability/tests/003.test.mjs","pid":23933,"parentPid":23930,"monotonicMs":96.582666,"cpuUserMicros":94461,"cpuSystemMicros":11572,"exitCode":0}
runner: file lifecycle {"entryFile":"/Users/yuanxi/Workwork/vibe-fs/requirements/time-capability/tests/003.test.mjs","type":"runner:file-drained","elapsedMs":146.12362499999995}
runner: worker cost {"version":1,"entryFile":"/Users/yuanxi/Workwork/vibe-fs/requirements/time-capability/tests/003.test.mjs","enabled":true,"pid":23933,"status":"complete","reason":null,"preImport":{"version":1,"phase":"pre-import","sequence":0,"entryFile":"/Users/yuanxi/Workwork/vibe-fs/requirements/time-capability/tests/003.test.mjs","pid":23933,"parentPid":23930,"monotonicMs":18.472083,"cpuUserMicros":23556,"cpuSystemMicros":4127},"exit":{"version":1,"phase":"exit","sequence":1,"entryFile":"/Users/yuanxi/Workwork/vibe-fs/requirements/time-capability/tests/003.test.mjs","pid":23933,"parentPid":23930,"monotonicMs":96.582666,"cpuUserMicros":94461,"cpuSystemMicros":11572,"exitCode":0},"interval":{"clockPid":23933,"wallMs":78.110583,"cpuUserMicros":70905,"cpuSystemMicros":7445}}
[verification-worker-cost] {"version":1,"phase":"pre-import","sequence":0,"entryFile":"/Users/yuanxi/Workwork/vibe-fs/requirements/durable-events/tests/006.test.mjs","pid":23941,"parentPid":23930,"monotonicMs":34.106583,"cpuUserMicros":29873,"cpuSystemMicros":5942}
[verification-test-start] {"pid":23940,"parentPid":23930,"entryFile":"/Users/yuanxi/Workwork/vibe-fs/requirements/host-boundary/tests/005.test.mjs","name":"WHAT[host-boundary-005] exact failure wake survives same-physical idle admission","fullName":"WHAT[host-boundary-005] exact failure wake survives same-physical idle admission"}
[verification-test-start] {"pid":23941,"parentPid":23930,"entryFile":"/Users/yuanxi/Workwork/vibe-fs/requirements/durable-events/tests/006.test.mjs","name":"WHAT[durable-events-006] actual_gate-directory_preserves_preparation_rejection_and_independent_cold_facts","fullName":"WHAT[durable-events-006] actual_gate-directory_preserves_preparation_rejection_and_independent_cold_facts"}
[verification-test-start] {"pid":23940,"parentPid":23930,"entryFile":"/Users/yuanxi/Workwork/vibe-fs/requirements/host-boundary/tests/005.test.mjs","name":"WHAT[host-boundary-005] coarse failure without physical binding cannot publish a terminal turn","fullName":"WHAT[host-boundary-005] coarse failure without physical binding cannot publish a terminal turn"}
[verification-test-start] {"pid":23940,"parentPid":23930,"entryFile":"/Users/yuanxi/Workwork/vibe-fs/requirements/host-boundary/tests/005.test.mjs","name":"WHAT[host-boundary-005] EXEC_reconcile_projection_edge_drives_exactly_one_additional_idle_read","fullName":"WHAT[host-boundary-005] EXEC_reconcile_projection_edge_drives_exactly_one_additional_idle_read"}
[verification-test-start] {"pid":23940,"parentPid":23930,"entryFile":"/Users/yuanxi/Workwork/vibe-fs/requirements/host-boundary/tests/005.test.mjs","name":"WHAT[host-boundary-005] physical ingress fences a held old snapshot while the next wake publishes the human turn","fullName":"WHAT[host-boundary-005] physical ingress fences a held old snapshot while the next wake publishes the human turn"}
[verification-test-start] {"pid":23940,"parentPid":23930,"entryFile":"/Users/yuanxi/Workwork/vibe-fs/requirements/host-boundary/tests/005.test.mjs","name":"WHAT[host-boundary-005] EXEC_reconcile_without_projection_edge_reads_once_and_exposes_no_counter","fullName":"WHAT[host-boundary-005] EXEC_reconcile_without_projection_edge_reads_once_and_exposes_no_counter"}
[verification-test-start] {"pid":23940,"parentPid":23930,"entryFile":"/Users/yuanxi/Workwork/vibe-fs/requirements/host-boundary/tests/005.test.mjs","name":"WHAT[host-boundary-005] EXEC_reconcile_projection_edge_delivers_the_next_failed_provider_run_to_AABB","fullName":"WHAT[host-boundary-005] EXEC_reconcile_projection_edge_delivers_the_next_failed_provider_run_to_AABB"}
[verification-test-start] {"pid":23940,"parentPid":23930,"entryFile":"/Users/yuanxi/Workwork/vibe-fs/requirements/host-boundary/tests/005.test.mjs","name":"WHAT[host-boundary-005] EXEC_provider_failure_with_exact_current_assistant_does_not_wait_for_terminal_projection","fullName":"WHAT[host-boundary-005] EXEC_provider_failure_with_exact_current_assistant_does_not_wait_for_terminal_projection"}
[verification-test-start] {"pid":23940,"parentPid":23930,"entryFile":"/Users/yuanxi/Workwork/vibe-fs/requirements/host-boundary/tests/005.test.mjs","name":"WHAT[host-boundary-005] EXEC_reconcile_snapshot_error_and_no_turn_stop_current_pass","fullName":"WHAT[host-boundary-005] EXEC_reconcile_snapshot_error_and_no_turn_stop_current_pass"}
[verification-test-start] {"pid":23940,"parentPid":23930,"entryFile":"/Users/yuanxi/Workwork/vibe-fs/requirements/host-boundary/tests/005.test.mjs","name":"WHAT[host-boundary-005] EXEC_only_idle_can_publish_a_nonterminal_current_assistant","fullName":"WHAT[host-boundary-005] EXEC_only_idle_can_publish_a_nonterminal_current_assistant"}
[verification-test-start] {"pid":23938,"parentPid":23930,"entryFile":"/Users/yuanxi/Workwork/vibe-fs/requirements/time-capability/tests/008.test.mjs","name":"WHAT[time-capability-008] actual compilation rejects implementation access from pure consumers and runtime requires injected time capabilities","fullName":"WHAT[time-capability-008] actual compilation rejects implementation access from pure consumers and runtime requires injected time capabilities"}
[verification-test-start] {"pid":23940,"parentPid":23930,"entryFile":"/Users/yuanxi/Workwork/vibe-fs/requirements/host-boundary/tests/005.test.mjs","name":"WHAT[host-boundary-005] mutation_canary_terminal_evidence_still_publishes","fullName":"WHAT[host-boundary-005] mutation_canary_terminal_evidence_still_publishes"}
[verification-test-start] {"pid":23940,"parentPid":23930,"entryFile":"/Users/yuanxi/Workwork/vibe-fs/requirements/host-boundary/tests/005.test.mjs","name":"WHAT[host-boundary-005] terminal provider failure publishes only with matching typed physical witness","fullName":"WHAT[host-boundary-005] terminal provider failure publishes only with matching typed physical witness"}
[verification-test-start] {"pid":23940,"parentPid":23930,"entryFile":"/Users/yuanxi/Workwork/vibe-fs/requirements/host-boundary/tests/005.test.mjs","name":"WHAT[host-boundary-005] exact failure witness dominates every same-run coarse wake ordering","fullName":"WHAT[host-boundary-005] exact failure witness dominates every same-run coarse wake ordering"}
[verification-test-start] {"pid":23940,"parentPid":23930,"entryFile":"/Users/yuanxi/Workwork/vibe-fs/requirements/host-boundary/tests/005.test.mjs","name":"WHAT[host-boundary-005] EXEC_reconcile_error_never_self_polls","fullName":"WHAT[host-boundary-005] EXEC_reconcile_error_never_self_polls"}
[verification-test-start] {"pid":23940,"parentPid":23930,"entryFile":"/Users/yuanxi/Workwork/vibe-fs/requirements/host-boundary/tests/005.test.mjs","name":"WHAT[host-boundary-005] EXEC_reconcile_idle_is_the_only_nonterminal_publish_authority","fullName":"WHAT[host-boundary-005] EXEC_reconcile_idle_is_the_only_nonterminal_publish_authority"}
[verification-test-start] {"pid":23940,"parentPid":23930,"entryFile":"/Users/yuanxi/Workwork/vibe-fs/requirements/host-boundary/tests/005.test.mjs","name":"WHAT[host-boundary-005] EXEC_reconcile_idle_provisional_publishes","fullName":"WHAT[host-boundary-005] EXEC_reconcile_idle_provisional_publishes"}
[verification-test-start] {"pid":23940,"parentPid":23930,"entryFile":"/Users/yuanxi/Workwork/vibe-fs/requirements/host-boundary/tests/005.test.mjs","name":"WHAT[host-boundary-005] EXEC_reconcile_unknown_under_idle_wake_publishes","fullName":"WHAT[host-boundary-005] EXEC_reconcile_unknown_under_idle_wake_publishes"}
[verification-test-start] {"pid":23940,"parentPid":23930,"entryFile":"/Users/yuanxi/Workwork/vibe-fs/requirements/host-boundary/tests/005.test.mjs","name":"WHAT[host-boundary-005] EXEC_reconcile_session_cleared_stops","fullName":"WHAT[host-boundary-005] EXEC_reconcile_session_cleared_stops"}
[verification-worker-cost] {"version":1,"phase":"exit","sequence":1,"entryFile":"/Users/yuanxi/Workwork/vibe-fs/requirements/time-capability/tests/008.test.mjs","pid":23938,"parentPid":23930,"monotonicMs":125.349792,"cpuUserMicros":124060,"cpuSystemMicros":33569,"exitCode":0}
runner: file lifecycle {"entryFile":"/Users/yuanxi/Workwork/vibe-fs/requirements/time-capability/tests/008.test.mjs","type":"runner:file-drained","elapsedMs":180.97116700000004}
[verification-test-start] {"pid":23940,"parentPid":23930,"entryFile":"/Users/yuanxi/Workwork/vibe-fs/requirements/host-boundary/tests/005.test.mjs","name":"WHAT[host-boundary-005] mutation_canary_snapshot_error_must_stop_pass","fullName":"WHAT[host-boundary-005] mutation_canary_snapshot_error_must_stop_pass"}
runner: worker cost {"version":1,"entryFile":"/Users/yuanxi/Workwork/vibe-fs/requirements/time-capability/tests/008.test.mjs","enabled":true,"pid":23938,"status":"complete","reason":null,"preImport":{"version":1,"phase":"pre-import","sequence":0,"entryFile":"/Users/yuanxi/Workwork/vibe-fs/requirements/time-capability/tests/008.test.mjs","pid":23938,"parentPid":23930,"monotonicMs":27.699334,"cpuUserMicros":33150,"cpuSystemMicros":6208},"exit":{"version":1,"phase":"exit","sequence":1,"entryFile":"/Users/yuanxi/Workwork/vibe-fs/requirements/time-capability/tests/008.test.mjs","pid":23938,"parentPid":23930,"monotonicMs":125.349792,"cpuUserMicros":124060,"cpuSystemMicros":33569,"exitCode":0},"interval":{"clockPid":23938,"wallMs":97.65045799999999,"cpuUserMicros":90910,"cpuSystemMicros":27361}}
[verification-worker-cost] {"version":1,"phase":"exit","sequence":1,"entryFile":"/Users/yuanxi/Workwork/vibe-fs/requirements/host-boundary/tests/005.test.mjs","pid":23940,"parentPid":23930,"monotonicMs":130.219042,"cpuUserMicros":153006,"cpuSystemMicros":17196,"exitCode":0}
runner: file lifecycle {"entryFile":"/Users/yuanxi/Workwork/vibe-fs/requirements/host-boundary/tests/005.test.mjs","type":"runner:file-drained","elapsedMs":189.70408399999997}
runner: worker cost {"version":1,"entryFile":"/Users/yuanxi/Workwork/vibe-fs/requirements/host-boundary/tests/005.test.mjs","enabled":true,"pid":23940,"status":"complete","reason":null,"preImport":{"version":1,"phase":"pre-import","sequence":0,"entryFile":"/Users/yuanxi/Workwork/vibe-fs/requirements/host-boundary/tests/005.test.mjs","pid":23940,"parentPid":23930,"monotonicMs":22.558084,"cpuUserMicros":30270,"cpuSystemMicros":5109},"exit":{"version":1,"phase":"exit","sequence":1,"entryFile":"/Users/yuanxi/Workwork/vibe-fs/requirements/host-boundary/tests/005.test.mjs","pid":23940,"parentPid":23930,"monotonicMs":130.219042,"cpuUserMicros":153006,"cpuSystemMicros":17196,"exitCode":0},"interval":{"clockPid":23940,"wallMs":107.660958,"cpuUserMicros":122736,"cpuSystemMicros":12087}}
[verification-test-start] {"pid":23934,"parentPid":23930,"entryFile":"/Users/yuanxi/Workwork/vibe-fs/requirements/time-capability/tests/004.test.mjs","name":"WHAT[time-capability-004] collector_reads_the_whole_production_tree_before_allowlisting_adapters","fullName":"WHAT[time-capability-004] collector_reads_the_whole_production_tree_before_allowlisting_adapters"}
[verification-test-start] {"pid":23934,"parentPid":23930,"entryFile":"/Users/yuanxi/Workwork/vibe-fs/requirements/time-capability/tests/004.test.mjs","name":"WHAT[time-capability-004] exact_mutation_is_detected_without_a_directory_allowlist_escape","fullName":"WHAT[time-capability-004] exact_mutation_is_detected_without_a_directory_allowlist_escape"}
[verification-test-start] {"pid":23934,"parentPid":23930,"entryFile":"/Users/yuanxi/Workwork/vibe-fs/requirements/time-capability/tests/004.test.mjs","name":"WHAT[time-capability-004] missing_production_root_fails_closed","fullName":"WHAT[time-capability-004] missing_production_root_fails_closed"}
[verification-test-start] {"pid":23934,"parentPid":23930,"entryFile":"/Users/yuanxi/Workwork/vibe-fs/requirements/time-capability/tests/004.test.mjs","name":"WHAT[time-capability-004] comment-only mentions do not access ambient time","fullName":"WHAT[time-capability-004] comment-only mentions do not access ambient time"}
[verification-test-start] {"pid":23934,"parentPid":23930,"entryFile":"/Users/yuanxi/Workwork/vibe-fs/requirements/time-capability/tests/004.test.mjs","name":"WHAT[time-capability-004] an adapter exception applies only to the exact file","fullName":"WHAT[time-capability-004] an adapter exception applies only to the exact file"}
[verification-worker-cost] {"version":1,"phase":"exit","sequence":1,"entryFile":"/Users/yuanxi/Workwork/vibe-fs/requirements/time-capability/tests/004.test.mjs","pid":23934,"parentPid":23930,"monotonicMs":195.250416,"cpuUserMicros":150945,"cpuSystemMicros":69879,"exitCode":0}
runner: file lifecycle {"entryFile":"/Users/yuanxi/Workwork/vibe-fs/requirements/time-capability/tests/004.test.mjs","type":"runner:file-drained","elapsedMs":244.372834}
runner: worker cost {"version":1,"entryFile":"/Users/yuanxi/Workwork/vibe-fs/requirements/time-capability/tests/004.test.mjs","enabled":true,"pid":23934,"status":"complete","reason":null,"preImport":{"version":1,"phase":"pre-import","sequence":0,"entryFile":"/Users/yuanxi/Workwork/vibe-fs/requirements/time-capability/tests/004.test.mjs","pid":23934,"parentPid":23930,"monotonicMs":19.069083,"cpuUserMicros":25024,"cpuSystemMicros":5044},"exit":{"version":1,"phase":"exit","sequence":1,"entryFile":"/Users/yuanxi/Workwork/vibe-fs/requirements/time-capability/tests/004.test.mjs","pid":23934,"parentPid":23930,"monotonicMs":195.250416,"cpuUserMicros":150945,"cpuSystemMicros":69879,"exitCode":0},"interval":{"clockPid":23934,"wallMs":176.181333,"cpuUserMicros":125921,"cpuSystemMicros":64835}}
[verification-worker-cost] {"version":1,"phase":"exit","sequence":1,"entryFile":"/Users/yuanxi/Workwork/vibe-fs/requirements/structured-workflow/tests/005.test.mjs","pid":23939,"parentPid":23930,"monotonicMs":283.100291,"cpuUserMicros":330269,"cpuSystemMicros":48755,"exitCode":0}
runner: file lifecycle {"entryFile":"/Users/yuanxi/Workwork/vibe-fs/requirements/structured-workflow/tests/005.test.mjs","type":"runner:file-drained","elapsedMs":338.77175}
runner: worker cost {"version":1,"entryFile":"/Users/yuanxi/Workwork/vibe-fs/requirements/structured-workflow/tests/005.test.mjs","enabled":true,"pid":23939,"status":"complete","reason":null,"preImport":{"version":1,"phase":"pre-import","sequence":0,"entryFile":"/Users/yuanxi/Workwork/vibe-fs/requirements/structured-workflow/tests/005.test.mjs","pid":23939,"parentPid":23930,"monotonicMs":22.913,"cpuUserMicros":29113,"cpuSystemMicros":5134},"exit":{"version":1,"phase":"exit","sequence":1,"entryFile":"/Users/yuanxi/Workwork/vibe-fs/requirements/structured-workflow/tests/005.test.mjs","pid":23939,"parentPid":23930,"monotonicMs":283.100291,"cpuUserMicros":330269,"cpuSystemMicros":48755,"exitCode":0},"interval":{"clockPid":23939,"wallMs":260.187291,"cpuUserMicros":301156,"cpuSystemMicros":43621}}
[verification-test-start] {"pid":23941,"parentPid":23930,"entryFile":"/Users/yuanxi/Workwork/vibe-fs/requirements/durable-events/tests/006.test.mjs","name":"WHAT[durable-events-006] actual_before-directory_preserves_preparation_rejection_and_independent_cold_facts","fullName":"WHAT[durable-events-006] actual_before-directory_preserves_preparation_rejection_and_independent_cold_facts"}
[verification-test-start] {"pid":23941,"parentPid":23930,"entryFile":"/Users/yuanxi/Workwork/vibe-fs/requirements/durable-events/tests/006.test.mjs","name":"WHAT[durable-events-006] actual_mixed-release_preserves_preparation_rejection_and_independent_cold_facts","fullName":"WHAT[durable-events-006] actual_mixed-release_preserves_preparation_rejection_and_independent_cold_facts"}
[verification-test-start] {"pid":23941,"parentPid":23930,"entryFile":"/Users/yuanxi/Workwork/vibe-fs/requirements/durable-events/tests/006.test.mjs","name":"WHAT[durable-events-006] actual_cut-release_preserves_preparation_rejection_and_independent_cold_facts","fullName":"WHAT[durable-events-006] actual_cut-release_preserves_preparation_rejection_and_independent_cold_facts"}
[verification-test-start] {"pid":23941,"parentPid":23930,"entryFile":"/Users/yuanxi/Workwork/vibe-fs/requirements/durable-events/tests/006.test.mjs","name":"WHAT[durable-events-006] actual_validation-release_preserves_preparation_rejection_and_independent_cold_facts","fullName":"WHAT[durable-events-006] actual_validation-release_preserves_preparation_rejection_and_independent_cold_facts"}
[verification-test-start] {"pid":23941,"parentPid":23930,"entryFile":"/Users/yuanxi/Workwork/vibe-fs/requirements/durable-events/tests/006.test.mjs","name":"WHAT[durable-events-006] actual_preparation-random_preserves_preparation_rejection_and_independent_cold_facts","fullName":"WHAT[durable-events-006] actual_preparation-random_preserves_preparation_rejection_and_independent_cold_facts"}
[verification-test-start] {"pid":23941,"parentPid":23930,"entryFile":"/Users/yuanxi/Workwork/vibe-fs/requirements/durable-events/tests/006.test.mjs","name":"WHAT[durable-events-006] actual_journal_initialization-release_keeps_business_fate_poison_and_waiters_separate","fullName":"WHAT[durable-events-006] actual_journal_initialization-release_keeps_business_fate_poison_and_waiters_separate"}
[verification-test-start] {"pid":23941,"parentPid":23930,"entryFile":"/Users/yuanxi/Workwork/vibe-fs/requirements/durable-events/tests/006.test.mjs","name":"WHAT[durable-events-006] actual_journal_business-release_keeps_business_fate_poison_and_waiters_separate","fullName":"WHAT[durable-events-006] actual_journal_business-release_keeps_business_fate_poison_and_waiters_separate"}

✖ failing tests:

test at /Users/yuanxi/Workwork/vibe-fs/requirements/durable-events/tests/006.test.mjs:138:5
✖ WHAT[durable-events-006] actual_journal_initialization-release_keeps_business_fate_poison_and_waiters_separate (326.698ms)
  AssertionError [ERR_ASSERTION]: Expected values to be strictly deep-equal:
  + actual - expected
  
    [
  +   false
  -   true
    ]
  
      at TestContext.<anonymous> (file:///Users/yuanxi/Workwork/vibe-fs/requirements/durable-events/tests/006.test.mjs:168:16)
      at process.processTicksAndRejections (node:internal/process/task_queues:103:5)
      at async Test.run (node:internal/test_runner/test:1054:7)
      at async Test.processPendingSubtests (node:internal/test_runner/test:744:7)

[verification-test-start] {"pid":23941,"parentPid":23930,"entryFile":"/Users/yuanxi/Workwork/vibe-fs/requirements/durable-events/tests/006.test.mjs","name":"WHAT[durable-events-006] actual_journal_initialization-fsync_keeps_business_fate_poison_and_waiters_separate","fullName":"WHAT[durable-events-006] actual_journal_initialization-fsync_keeps_business_fate_poison_and_waiters_separate"}
[verification-test-start] {"pid":23941,"parentPid":23930,"entryFile":"/Users/yuanxi/Workwork/vibe-fs/requirements/durable-events/tests/006.test.mjs","name":"WHAT[durable-events-006] actual_journal_business-fsync_keeps_business_fate_poison_and_waiters_separate","fullName":"WHAT[durable-events-006] actual_journal_business-fsync_keeps_business_fate_poison_and_waiters_separate"}
test at /Users/yuanxi/Workwork/vibe-fs/requirements/durable-events/tests/006.test.mjs:138:5
✖ WHAT[durable-events-006] actual_journal_initialization-fsync_keeps_business_fate_poison_and_waiters_separate (309.498ms)
  AssertionError [ERR_ASSERTION]: Expected values to be strictly deep-equal:
  + actual - expected
  
    [
  +   false
  -   true
    ]
  
      at TestContext.<anonymous> (file:///Users/yuanxi/Workwork/vibe-fs/requirements/durable-events/tests/006.test.mjs:168:16)
      at process.processTicksAndRejections (node:internal/process/task_queues:103:5)
      at async Test.run (node:internal/test_runner/test:1054:7)
      at async Test.processPendingSubtests (node:internal/test_runner/test:744:7)

[verification-test-start] {"pid":23941,"parentPid":23930,"entryFile":"/Users/yuanxi/Workwork/vibe-fs/requirements/durable-events/tests/006.test.mjs","name":"WHAT[durable-events-006] duplicate_same_identity_is_idempotent_but_collision_is_rejected","fullName":"WHAT[durable-events-006] duplicate_same_identity_is_idempotent_but_collision_is_rejected"}
[verification-test-start] {"pid":23941,"parentPid":23930,"entryFile":"/Users/yuanxi/Workwork/vibe-fs/requirements/durable-events/tests/006.test.mjs","name":"WHAT[durable-events-006] append_adds_one_local_line_and_Current_is_already_integrated","fullName":"WHAT[durable-events-006] append_adds_one_local_line_and_Current_is_already_integrated"}
[verification-test-start] {"pid":23941,"parentPid":23930,"entryFile":"/Users/yuanxi/Workwork/vibe-fs/requirements/durable-events/tests/006.test.mjs","name":"WHAT[durable-events-006] actual_append_settlement_preserves_normal_physical_facts_and_cause","fullName":"WHAT[durable-events-006] actual_append_settlement_preserves_normal_physical_facts_and_cause"}
[verification-test-start] {"pid":23941,"parentPid":23930,"entryFile":"/Users/yuanxi/Workwork/vibe-fs/requirements/durable-events/tests/006.test.mjs","name":"WHAT[durable-events-006] actual_append_settlement_preserves_fresh-release_physical_facts_and_cause","fullName":"WHAT[durable-events-006] actual_append_settlement_preserves_fresh-release_physical_facts_and_cause"}
[verification-test-start] {"pid":23941,"parentPid":23930,"entryFile":"/Users/yuanxi/Workwork/vibe-fs/requirements/durable-events/tests/006.test.mjs","name":"WHAT[durable-events-006] actual_append_settlement_preserves_duplicate-release_physical_facts_and_cause","fullName":"WHAT[durable-events-006] actual_append_settlement_preserves_duplicate-release_physical_facts_and_cause"}
[verification-test-start] {"pid":23941,"parentPid":23930,"entryFile":"/Users/yuanxi/Workwork/vibe-fs/requirements/durable-events/tests/006.test.mjs","name":"WHAT[durable-events-006] actual_append_settlement_preserves_empty-release_physical_facts_and_cause","fullName":"WHAT[durable-events-006] actual_append_settlement_preserves_empty-release_physical_facts_and_cause"}
[verification-test-start] {"pid":23941,"parentPid":23930,"entryFile":"/Users/yuanxi/Workwork/vibe-fs/requirements/durable-events/tests/006.test.mjs","name":"WHAT[durable-events-006] actual_append_settlement_preserves_append_physical_facts_and_cause","fullName":"WHAT[durable-events-006] actual_append_settlement_preserves_append_physical_facts_and_cause"}
[verification-test-start] {"pid":23941,"parentPid":23930,"entryFile":"/Users/yuanxi/Workwork/vibe-fs/requirements/durable-events/tests/006.test.mjs","name":"WHAT[durable-events-006] actual_append_settlement_preserves_open_physical_facts_and_cause","fullName":"WHAT[durable-events-006] actual_append_settlement_preserves_open_physical_facts_and_cause"}
[verification-test-start] {"pid":23941,"parentPid":23930,"entryFile":"/Users/yuanxi/Workwork/vibe-fs/requirements/durable-events/tests/006.test.mjs","name":"WHAT[durable-events-006] actual_append_settlement_preserves_fsync_physical_facts_and_cause","fullName":"WHAT[durable-events-006] actual_append_settlement_preserves_fsync_physical_facts_and_cause"}
[verification-test-start] {"pid":23941,"parentPid":23930,"entryFile":"/Users/yuanxi/Workwork/vibe-fs/requirements/durable-events/tests/006.test.mjs","name":"WHAT[durable-events-006] actual_append_settlement_preserves_close_physical_facts_and_cause","fullName":"WHAT[durable-events-006] actual_append_settlement_preserves_close_physical_facts_and_cause"}
[verification-test-start] {"pid":23941,"parentPid":23930,"entryFile":"/Users/yuanxi/Workwork/vibe-fs/requirements/durable-events/tests/006.test.mjs","name":"WHAT[durable-events-006] actual_append_settlement_preserves_current-before_physical_facts_and_cause","fullName":"WHAT[durable-events-006] actual_append_settlement_preserves_current-before_physical_facts_and_cause"}
[verification-test-start] {"pid":23941,"parentPid":23930,"entryFile":"/Users/yuanxi/Workwork/vibe-fs/requirements/durable-events/tests/006.test.mjs","name":"WHAT[durable-events-006] actual_append_settlement_preserves_current-after_physical_facts_and_cause","fullName":"WHAT[durable-events-006] actual_append_settlement_preserves_current-after_physical_facts_and_cause"}
[verification-test-start] {"pid":23941,"parentPid":23930,"entryFile":"/Users/yuanxi/Workwork/vibe-fs/requirements/durable-events/tests/006.test.mjs","name":"WHAT[durable-events-006] actual_append_settlement_preserves_fsync-close-release_physical_facts_and_cause","fullName":"WHAT[durable-events-006] actual_append_settlement_preserves_fsync-close-release_physical_facts_and_cause"}
[verification-worker-cost] {"version":1,"phase":"exit","sequence":1,"entryFile":"/Users/yuanxi/Workwork/vibe-fs/requirements/durable-events/tests/006.test.mjs","pid":23941,"parentPid":23930,"monotonicMs":6301.905875,"cpuUserMicros":288492,"cpuSystemMicros":55107,"exitCode":1}
runner: file lifecycle {"entryFile":"/Users/yuanxi/Workwork/vibe-fs/requirements/durable-events/tests/006.test.mjs","type":"runner:file-drained","elapsedMs":6419.055}
runner: worker cost {"version":1,"entryFile":"/Users/yuanxi/Workwork/vibe-fs/requirements/durable-events/tests/006.test.mjs","enabled":true,"pid":23941,"status":"complete","reason":null,"preImport":{"version":1,"phase":"pre-import","sequence":0,"entryFile":"/Users/yuanxi/Workwork/vibe-fs/requirements/durable-events/tests/006.test.mjs","pid":23941,"parentPid":23930,"monotonicMs":34.106583,"cpuUserMicros":29873,"cpuSystemMicros":5942},"exit":{"version":1,"phase":"exit","sequence":1,"entryFile":"/Users/yuanxi/Workwork/vibe-fs/requirements/durable-events/tests/006.test.mjs","pid":23941,"parentPid":23930,"monotonicMs":6301.905875,"cpuUserMicros":288492,"cpuSystemMicros":55107,"exitCode":1},"interval":{"clockPid":23941,"wallMs":6267.799292000001,"cpuUserMicros":258619,"cpuSystemMicros":49165}}

[test-summary] 11 file(s), 64 passed, 2 failed, 3 todo (6.39s wall, 6.87s test time)
  todo: /Users/yuanxi/Workwork/vibe-fs/requirements/time-capability/tests/007.test.mjs:WHAT[time-capability-007] first actual prompt samples and durably binds the injected clock before later prompts — reason not supplied
  todo: /Users/yuanxi/Workwork/vibe-fs/requirements/time-capability/tests/007.test.mjs:WHAT[time-capability-007] a restarted session reuses its origin and replays stored marker bytes without resampling — reason not supplied
  todo: /Users/yuanxi/Workwork/vibe-fs/requirements/time-capability/tests/008.test.mjs:WHAT[time-capability-008] actual compilation rejects implementation access from pure consumers and runtime requires injected time capabilities — reason not supplied
runner: post-exit group verification/reclamation: pid=23930; elapsedMs=15.945; accepted=true
runner: 69 test(s), 6.9s of test time; max 381ms, p90 290ms, median 5ms
runner:     381ms  WHAT[durable-events-006] actual_gate-directory_preserves_preparation_rejection_and_independent_cold_facts
runner:     327ms  WHAT[durable-events-006] actual_journal_initialization-release_keeps_business_fate_poison_and_waiters_separate
runner:     325ms  WHAT[durable-events-006] actual_journal_business-release_keeps_business_fate_poison_and_waiters_separate
runner:     318ms  WHAT[durable-events-006] actual_journal_business-fsync_keeps_business_fate_poison_and_waiters_separate
runner:     309ms  WHAT[durable-events-006] actual_journal_initialization-fsync_keeps_business_fate_poison_and_waiters_separate

runner: 64 passed, 2 failed; 11/11 planned file(s) completed
Error: runner: supervised suite failed (exit 1)
    at fail (file:///Users/yuanxi/Workwork/vibe-fs/requirements/verification-system/tests/e2e/support/supervise-node-test.mjs:258:25)
    at superviseOwnedNodeTest (file:///Users/yuanxi/Workwork/vibe-fs/requirements/verification-system/tests/e2e/support/supervise-node-test.mjs:486:19)
    at process.processTicksAndRejections (node:internal/process/task_queues:103:5)
    at async superviseNodeTest (file:///Users/yuanxi/Workwork/vibe-fs/requirements/verification-system/tests/e2e/support/supervise-node-test.mjs:235:14)
    at async file:///Users/yuanxi/Workwork/vibe-fs/requirements/verification-system/tests/run.mjs:94:1 {
  exitCode: 1,
  [cause]: undefined
}
