TAP version 13
# Subtest: WHAT[durable-events-022] EventStore contracts exclude physical and Strength runtime closure
ok 1 - WHAT[durable-events-022] EventStore contracts exclude physical and Strength runtime closure
  ---
  duration_ms: 30.677916
  type: 'test'
  ...
# Subtest: WHAT[durable-events-022] declared EventStore compile plans stay within source-count budgets
ok 2 - WHAT[durable-events-022] declared EventStore compile plans stay within source-count budgets
  ---
  duration_ms: 57.577792
  type: 'test'
  ...
# Subtest: WHAT[durable-events-022] each actual bounded locality compiles as one flat project and a reversed dependency is rejected
ok 3 - WHAT[durable-events-022] each actual bounded locality compiles as one flat project and a reversed dependency is rejected
  ---
  duration_ms: 151831.065792
  type: 'test'
  ...
# Subtest: WHAT[durable-events-022] real Fable compiles the journal observation owner using its declared closure
ok 4 - WHAT[durable-events-022] real Fable compiles the journal observation owner using its declared closure
  ---
  duration_ms: 24419.386375
  type: 'test'
  ...
# Subtest: WHAT[durable-events-023] canonical codec surface keeps encode decode UTF-8 identity and merge in one fail-closed protocol
ok 5 - WHAT[durable-events-023] canonical codec surface keeps encode decode UTF-8 identity and merge in one fail-closed protocol
  ---
  duration_ms: 3.904
  type: 'test'
  ...
# Subtest: WHAT[durable-events-023] single-field family folds own their slice and declare no aggregate dependency
ok 6 - WHAT[durable-events-023] single-field family folds own their slice and declare no aggregate dependency
  ---
  duration_ms: 57.519
  type: 'test'
  ...
# Subtest: WHAT[durable-events-023] prompt provider companion and context folds decide on their own slices while composition owns the aggregate write
ok 7 - WHAT[durable-events-023] prompt provider companion and context folds decide on their own slices while composition owns the aggregate write
  ---
  duration_ms: 257.1425
  type: 'test'
  ...
# Subtest: WHAT[durable-events-023] EXEC_port_members_read_journal_at_call_time
ok 8 - WHAT[durable-events-023] EXEC_port_members_read_journal_at_call_time
  ---
  duration_ms: 88.730416
  type: 'test'
  ...
# Subtest: WHAT[durable-events-023] EXEC_one_commit_moves_every_related_view_together
ok 9 - WHAT[durable-events-023] EXEC_one_commit_moves_every_related_view_together
  ---
  duration_ms: 152.882667
  type: 'test'
  ...
# Subtest: WHAT[durable-events-023] EXEC_revision_waiter_wakes_on_next_commit
ok 10 - WHAT[durable-events-023] EXEC_revision_waiter_wakes_on_next_commit
  ---
  duration_ms: 85.519083
  type: 'test'
  ...
# Subtest: WHAT[durable-events-023] EXEC_cancelled_waiter_releases_without_stealing_a_commit
ok 11 - WHAT[durable-events-023] EXEC_cancelled_waiter_releases_without_stealing_a_commit
  ---
  duration_ms: 50.078583
  type: 'test'
  ...
# Subtest: WHAT[durable-events-023] EXEC_unknown_append_poisons_and_is_never_confirmed
ok 12 - WHAT[durable-events-023] EXEC_unknown_append_poisons_and_is_never_confirmed
  ---
  duration_ms: 56.236291
  type: 'test'
  ...
# Subtest: WHAT[durable-events-023] isolated compilation rejects physical-store authority in the codec closure
ok 13 - WHAT[durable-events-023] isolated compilation rejects physical-store authority in the codec closure
  ---
  duration_ms: 15689.838542
  type: 'test'
  ...
# Subtest: WHAT[durable-events-023] isolated compilation rejects aggregate authority in domain folds
ok 14 - WHAT[durable-events-023] isolated compilation rejects aggregate authority in domain folds
  ---
  duration_ms: 59439.589875
  type: 'test'
  ...
# Subtest: WHAT[effect-accounting-001] actual worktree projection distinguishes intent and confirmation
ok 15 - WHAT[effect-accounting-001] actual worktree projection distinguishes intent and confirmation
  ---
  duration_ms: 0.547417
  type: 'test'
  ...
# Subtest: WHAT[effect-accounting-001] intent and confirmation round-trip through distinct production fact cases
ok 16 - WHAT[effect-accounting-001] intent and confirmation round-trip through distinct production fact cases
  ---
  duration_ms: 2.224584
  type: 'test'
  ...
# Subtest: WHAT[effect-accounting-001] real negative compilation rejects confusing effect intent with physical confirmation
ok 17 - WHAT[effect-accounting-001] real negative compilation rejects confusing effect intent with physical confirmation
  ---
  duration_ms: 34989.951791
  type: 'test'
  ...
1..17
# tests 17
# suites 0
# pass 17
# fail 0
# cancelled 0
# skipped 0
# todo 0
# duration_ms 176470.012875
