TAP version 13
# Subtest: WHAT[verification-system-016] exact repository Git inputs install through a selected npm 11.12.1 bundle and real JavaScript consumers
    # Subtest: WHAT[verification-system-016] selected committed source tree and complete Node/npm archive have explicit identities before installation
    ok 1 - WHAT[verification-system-016] selected committed source tree and complete Node/npm archive have explicit identities before installation
      ---
      duration_ms: 8991.0355
      type: 'test'
      ...
    # Subtest: WHAT[verification-system-016] actual repository registry installation binds complete dependencies and retains no installer tools
    ok 2 - WHAT[verification-system-016] actual repository registry installation binds complete dependencies and retains no installer tools
      ---
      duration_ms: 113822.568625
      type: 'test'
      ...
    # Subtest: WHAT[verification-system-016] isolated installed Fable Acorn and Tar consumers complete before all candidate resources are released
    ok 3 - WHAT[verification-system-016] isolated installed Fable Acorn and Tar consumers complete before all candidate resources are released
      ---
      duration_ms: 11694.712875
      type: 'test'
      ...
    1..3
ok 1 - WHAT[verification-system-016] exact repository Git inputs install through a selected npm 11.12.1 bundle and real JavaScript consumers
  ---
  duration_ms: 134531.179208
  type: 'test'
  ...
# {"treeId":"66fcb921999e598a4cae5904ad5f6f945723c4fb","sourceDigest":"e85e25d5f316efd3f77d62acf5084ba7725261b0652785ddaac460bdb682b5ee","toolArchiveSha256":"f261addc603187a6863ed6602a0a7180228095bb207dc1a45f17b2e099ad0a34","toolDigest":"1e25872a06419845f43af035d9013f97eabcade91f1f1b0fb2db39b56c7d8369","node":{"path":"toolchain/node/bin/node","sha256":"68f4d07ca49e0500cc135c7e0a445093e228e42e126ac22306d045f0a8c2636b","version":"v22.23.3","platform":"darwin","arch":"arm64"},"npm":{"cliPath":"toolchain/npm/bin/npm-cli.js","cliSha256":"8e5f6f3429f8cdbe693cdc29904e9d5a7b127a494bd15c804bd54c7403bfcbe7","manifestSha256":"48a06e6aeede3499e391710db82fe948afa7e74ecbf3e819b66121f3cd54666b","version":"11.12.1"}}
# {"platform":"darwin","arch":"arm64"}\\n
# 11.12.1\\n
# npm warn deprecated glob@10.5.0: Old versions of glob are not supported, and contain widely publicized security vulnerabilities, which have been fixed in the current version. Please update. Support for old versions may be purchased (at exorbitant rates) by contacting i@izs.me\\n
# \\nadded 236 packages in 14s\\n
# {"dependencyDigest":"a5cdd32cfae4327b2fd28c62bf63e78a2f888c7dc2e640469d72ff72c52ea50e","inventoryEntries":11693,"presentOptional":["node_modules/@msgpackr-extract/msgpackr-extract-darwin-arm64","node_modules/@pkgjs/parseargs","node_modules/detect-libc","node_modules/fsevents","node_modules/msgpackr-extract","node_modules/node-gyp-build-optional-packages","node_modules/opencode-darwin-arm64"],"absentOptional":["node_modules/@msgpackr-extract/msgpackr-extract-darwin-x64","node_modules/@msgpackr-extract/msgpackr-extract-linux-arm","node_modules/@msgpackr-extract/msgpackr-extract-linux-arm64","node_modules/@msgpackr-extract/msgpackr-extract-linux-x64","node_modules/@msgpackr-extract/msgpackr-extract-win32-x64","node_modules/opencode-darwin-x64","node_modules/opencode-darwin-x64-baseline","node_modules/opencode-linux-arm64","node_modules/opencode-linux-arm64-musl","node_modules/opencode-linux-x64","node_modules/opencode-linux-x64-baseline","node_modules/opencode-linux-x64-baseline-musl","node_modules/opencode-linux-x64-musl","node_modules/opencode-windows-arm64","node_modules/opencode-windows-x64","node_modules/opencode-windows-x64-baseline"],"lifecycleScripts":"disabled","nativeHostProven":false}
# {"consumers":{"fable":true,"acorn":true,"tar":true,"nodeVersion":"v22.23.3"},"candidateRootsRemaining":0,"nativeHostProven":false}
1..1
# tests 4
# suites 0
# pass 4
# fail 0
# cancelled 0
# skipped 0
# todo 0
# duration_ms 134670.719417
