TAP version 13
# Subtest: WHAT[structured-workflow-012] focused Controller compilation includes the exact ChatExecution contract used by SessionHostPort
not ok 1 - WHAT[structured-workflow-012] focused Controller compilation includes the exact ChatExecution contract used by SessionHostPort
  ---
  duration_ms: 91.722791
  type: 'test'
  location: '/Users/yuanxi/Workwork/vibe-fs/requirements/structured-workflow/tests/012.test.mjs:1226:1'
  failureType: 'testCodeFailure'
  error: 'focused Controller compilation must include the production Facts.fsi contract consumed by SessionHostPort'
  code: 'ERR_ASSERTION'
  name: 'AssertionError'
  expected: true
  actual: false
  operator: '=='
  stack: |-
    TestContext.<anonymous> (file:///Users/yuanxi/Workwork/vibe-fs/requirements/structured-workflow/tests/012.test.mjs:1242:14)
    Test.runInAsyncScope (node:async_hooks:214:14)
    Test.run (node:internal/test_runner/test:1047:25)
    Test.start (node:internal/test_runner/test:944:17)
    startSubtestAfterBootstrap (node:internal/test_runner/harness:296:17)
    run (node:internal/test_runner/harness:307:12)
    test (node:internal/test_runner/harness:316:12)
    file:///Users/yuanxi/Workwork/vibe-fs/requirements/structured-workflow/tests/012.test.mjs:1226:1
  ...
1..1
# tests 1
# suites 0
# pass 0
# fail 1
# cancelled 0
# skipped 0
# todo 0
# duration_ms 318.356
