[36m[build][0m Compiling F# (focused)...
[37mFable 5.13.0: F# to JavaScript compiler
[39m[22m[37mMinimum @fable-org/fable-library-js version (when installed from npm): 2.5.1
[39m[22m[37m
Thanks to the contributor! @ncave
[39m[22m[37mStand with Ukraine! https://standwithukraine.com.ua/

[39m[22m[37mParsing src/Wanxiangshu/.fable-build/output-compile/ed4bf13747e786ee6079d8fb37ec959164ccf0260a4ad7a3da4cc7ab522491c4/Wanxiangshu.Impact.fsproj...
[39m[22m[37mProject and references (150 source files) parsed in 1341ms

[39m[22m[37mStarted Fable compilation...
[39m[22m[37m
Fable compilation finished in 5396ms

[39m[22m[31m./src/Wanxiangshu/OpenCode/Host/SessionHostPort.fsi(7,36): (7,49) error FSHARP: The namespace 'ChatExecution' is not defined. (code 39)
[39m[22m[31m./src/Wanxiangshu/OpenCode/Host/SessionHostPort.fsi(13,16): (13,32) error FSHARP: The type 'ChatExecutionKey' is not defined. (code 39)
[39m[22m[31m./src/Wanxiangshu/OpenCode/Host/SessionHostPort.fsi(13,48): (13,76) error FSHARP: The type 'ManagedChatAcceptanceWitness' is not defined. (code 39)
[39m[22m[31m./src/Wanxiangshu/OpenCode/Host/SessionHostPort.fs(7,36): (7,49) error FSHARP: The namespace 'ChatExecution' is not defined. (code 39)
[39m[22m[31m./src/Wanxiangshu/OpenCode/Host/SessionHostPort.fs(13,16): (13,32) error FSHARP: The type 'ChatExecutionKey' is not defined. (code 39)
[39m[22m[31m./src/Wanxiangshu/OpenCode/Host/SessionHostPort.fs(13,48): (13,76) error FSHARP: The type 'ManagedChatAcceptanceWitness' is not defined. (code 39)
[39m[22m[31mCompilation failed
[39m[22m[31m════════════════════════════════════════════════════════════════════════════════
  BUILD FAILED
════════════════════════════════════════════════════════════════════════════════[0m
Fable compilation failed with exit code 1
