TAP version 13
# Subtest: WHAT[verification-system-016] project graph rejects foreign output directory without publishing a restore receipt
ok 1 - WHAT[verification-system-016] project graph rejects foreign output directory without publishing a restore receipt
  ---
  duration_ms: 1548.283834
  type: 'test'
  ...
# Subtest: WHAT[verification-system-016] project graph rejects unselected dependency edge without publishing a restore receipt
ok 2 - WHAT[verification-system-016] project graph rejects unselected dependency edge without publishing a restore receipt
  ---
  duration_ms: 823.444292
  type: 'test'
  ...
# Subtest: WHAT[verification-system-016] project graph rejects target and lock dependency version disagreement without publishing a restore receipt
ok 3 - WHAT[verification-system-016] project graph rejects target and lock dependency version disagreement without publishing a restore receipt
  ---
  duration_ms: 829.661292
  type: 'test'
  ...
# Subtest: WHAT[verification-system-016] project graph rejects null library without publishing a restore receipt
ok 4 - WHAT[verification-system-016] project graph rejects null library without publishing a restore receipt
  ---
  duration_ms: 729.501167
  type: 'test'
  ...
# Subtest: WHAT[verification-system-016] project graph rejects null compile asset map without publishing a restore receipt
ok 5 - WHAT[verification-system-016] project graph rejects null compile asset map without publishing a restore receipt
  ---
  duration_ms: 772.557791
  type: 'test'
  ...
# Subtest: WHAT[verification-system-016] project graph rejects array runtime asset map without publishing a restore receipt
ok 6 - WHAT[verification-system-016] project graph rejects array runtime asset map without publishing a restore receipt
  ---
  duration_ms: 800.104125
  type: 'test'
  ...
# Subtest: WHAT[verification-system-016] project graph rejects null lock framework dependency map without publishing a restore receipt
ok 7 - WHAT[verification-system-016] project graph rejects null lock framework dependency map without publishing a restore receipt
  ---
  duration_ms: 805.349417
  type: 'test'
  ...
# Subtest: WHAT[verification-system-016] project graph rejects array lock framework dependency map without publishing a restore receipt
ok 8 - WHAT[verification-system-016] project graph rejects array lock framework dependency map without publishing a restore receipt
  ---
  duration_ms: 835.209625
  type: 'test'
  ...
# Subtest: WHAT[verification-system-016] project graph rejects malformed lock JSON without publishing a restore receipt
ok 9 - WHAT[verification-system-016] project graph rejects malformed lock JSON without publishing a restore receipt
  ---
  duration_ms: 800.192083
  type: 'test'
  ...
# Subtest: WHAT[verification-system-016] project graph rejects malformed assets JSON without publishing a restore receipt
ok 10 - WHAT[verification-system-016] project graph rejects malformed assets JSON without publishing a restore receipt
  ---
  duration_ms: 829.07525
  type: 'test'
  ...
# Subtest: WHAT[verification-system-016] project graph rejects lock contentHash disagreement without publishing a restore receipt
ok 11 - WHAT[verification-system-016] project graph rejects lock contentHash disagreement without publishing a restore receipt
  ---
  duration_ms: 796.530042
  type: 'test'
  ...
# Subtest: WHAT[verification-system-016] project graph rejects raw archive sidecar disagreement without publishing a restore receipt
ok 12 - WHAT[verification-system-016] project graph rejects raw archive sidecar disagreement without publishing a restore receipt
  ---
  duration_ms: 807.147
  type: 'test'
  ...
# Subtest: WHAT[verification-system-016] project graph rejects changed restored archive bytes without publishing a restore receipt
ok 13 - WHAT[verification-system-016] project graph rejects changed restored archive bytes without publishing a restore receipt
  ---
  duration_ms: 812.9445
  type: 'test'
  ...
# Subtest: WHAT[verification-system-016] project graph rejects missing runtime file without publishing a restore receipt
ok 14 - WHAT[verification-system-016] project graph rejects missing runtime file without publishing a restore receipt
  ---
  duration_ms: 782.952333
  type: 'test'
  ...
# Subtest: WHAT[verification-system-016] project graph rejects foreign package folder without publishing a restore receipt
ok 15 - WHAT[verification-system-016] project graph rejects foreign package folder without publishing a restore receipt
  ---
  duration_ms: 833.829083
  type: 'test'
  ...
# Subtest: WHAT[verification-system-016] project restore rejects an added feed archive changed by the first consumer before starting locked restore
ok 16 - WHAT[verification-system-016] project restore rejects an added feed archive changed by the first consumer before starting locked restore
  ---
  duration_ms: 838.0245
  type: 'test'
  ...
# Subtest: WHAT[verification-system-016] project restore rejects selected feed bytes changed by the first consumer before starting locked restore
ok 17 - WHAT[verification-system-016] project restore rejects selected feed bytes changed by the first consumer before starting locked restore
  ---
  duration_ms: 786.337
  type: 'test'
  ...
# Subtest: WHAT[verification-system-016] project restore rejects the selected NuGet config changed by the first consumer before starting locked restore
ok 18 - WHAT[verification-system-016] project restore rejects the selected NuGet config changed by the first consumer before starting locked restore
  ---
  duration_ms: 848.531
  type: 'test'
  ...
# Subtest: WHAT[verification-system-016] project restore rejects a Git journal file changed by the first consumer before starting locked restore
ok 19 - WHAT[verification-system-016] project restore rejects a Git journal file changed by the first consumer before starting locked restore
  ---
  duration_ms: 896.1575
  type: 'test'
  ...
# Subtest: WHAT[verification-system-016] fresh-cache locked project restore rejects graph change
ok 20 - WHAT[verification-system-016] fresh-cache locked project restore rejects graph change
  ---
  duration_ms: 809.138875
  type: 'test'
  ...
# Subtest: WHAT[verification-system-016] fresh-cache locked project restore rejects lock byte change
ok 21 - WHAT[verification-system-016] fresh-cache locked project restore rejects lock byte change
  ---
  duration_ms: 797.416417
  type: 'test'
  ...
# Subtest: WHAT[verification-system-016] fresh-cache locked project restore rejects physical locked restore failure
ok 22 - WHAT[verification-system-016] fresh-cache locked project restore rejects physical locked restore failure
  ---
  duration_ms: 836.526
  type: 'test'
  ...
# Subtest: WHAT[verification-system-016] a changed public project root cannot borrow the prepared identity or redirect disposal
ok 23 - WHAT[verification-system-016] a changed public project root cannot borrow the prepared identity or redirect disposal
  ---
  duration_ms: 818.687334
  type: 'test'
  ...
# Subtest: WHAT[verification-system-016] a changed public project digest cannot claim the original prepared identity
ok 24 - WHAT[verification-system-016] a changed public project digest cannot claim the original prepared identity
  ---
  duration_ms: 878.408375
  type: 'test'
  ...
# Subtest: WHAT[verification-system-016] a prepared project rejects bytes output identity before further consumption
ok 25 - WHAT[verification-system-016] a prepared project rejects bytes output identity before further consumption
  ---
  duration_ms: 880.765
  type: 'test'
  ...
# Subtest: WHAT[verification-system-016] a prepared project rejects mode output identity before further consumption
ok 26 - WHAT[verification-system-016] a prepared project rejects mode output identity before further consumption
  ---
  duration_ms: 787.345792
  type: 'test'
  ...
# Subtest: WHAT[verification-system-016] a prepared project rejects added output identity before further consumption
ok 27 - WHAT[verification-system-016] a prepared project rejects added output identity before further consumption
  ---
  duration_ms: 865.618417
  type: 'test'
  ...
# Subtest: WHAT[verification-system-016] a prepared project rejects missing output identity before further consumption
ok 28 - WHAT[verification-system-016] a prepared project rejects missing output identity before further consumption
  ---
  duration_ms: 906.559709
  type: 'test'
  ...
# Subtest: WHAT[verification-system-016] a changed project parent alias cannot redirect disposal into caller-owned data
ok 29 - WHAT[verification-system-016] a changed project parent alias cannot redirect disposal into caller-owned data
  ---
  duration_ms: 901.995959
  type: 'test'
  ...
# Subtest: WHAT[verification-system-016] project receipt binds a consistent two-package graph after both actual adapter processes start from empty private caches
ok 30 - WHAT[verification-system-016] project receipt binds a consistent two-package graph after both actual adapter processes start from empty private caches
  ---
  duration_ms: 1634.910875
  type: 'test'
  ...
# Subtest: WHAT[verification-system-016] the prepared Git input revalidates bytes identity of input.txt
ok 31 - WHAT[verification-system-016] the prepared Git input revalidates bytes identity of input.txt
  ---
  duration_ms: 152.449584
  type: 'test'
  ...
# Subtest: WHAT[verification-system-016] the prepared Git input revalidates mode identity of input.txt
ok 32 - WHAT[verification-system-016] the prepared Git input revalidates mode identity of input.txt
  ---
  duration_ms: 145.217541
  type: 'test'
  ...
# Subtest: WHAT[verification-system-016] the prepared Git input revalidates missing identity of input.txt
ok 33 - WHAT[verification-system-016] the prepared Git input revalidates missing identity of input.txt
  ---
  duration_ms: 146.565041
  type: 'test'
  ...
# Subtest: WHAT[verification-system-016] the prepared Git input revalidates bytes identity of .git/HEAD
ok 34 - WHAT[verification-system-016] the prepared Git input revalidates bytes identity of .git/HEAD
  ---
  duration_ms: 157.013125
  type: 'test'
  ...
# Subtest: WHAT[verification-system-016] the prepared Git input revalidates mode identity of .git/HEAD
ok 35 - WHAT[verification-system-016] the prepared Git input revalidates mode identity of .git/HEAD
  ---
  duration_ms: 146.831708
  type: 'test'
  ...
# Subtest: WHAT[verification-system-016] the prepared Git input revalidates missing identity of .git/HEAD
ok 36 - WHAT[verification-system-016] the prepared Git input revalidates missing identity of .git/HEAD
  ---
  duration_ms: 148.740791
  type: 'test'
  ...
# Subtest: WHAT[verification-system-016] the prepared Git input rejects an added ordinary member unselected.txt
ok 37 - WHAT[verification-system-016] the prepared Git input rejects an added ordinary member unselected.txt
  ---
  duration_ms: 149.727
  type: 'test'
  ...
# Subtest: WHAT[verification-system-016] the prepared Git input rejects an added ordinary member .git/unselected
ok 38 - WHAT[verification-system-016] the prepared Git input rejects an added ordinary member .git/unselected
  ---
  duration_ms: 145.6355
  type: 'test'
  ...
# Subtest: WHAT[verification-system-016] a changed public source root cannot borrow the captured Git identity or redirect disposal
ok 39 - WHAT[verification-system-016] a changed public source root cannot borrow the captured Git identity or redirect disposal
  ---
  duration_ms: 147.779
  type: 'test'
  ...
# Subtest: WHAT[verification-system-016] prepared Git input disposal reclaims its canonical owned root and preserves the foreign owner after parent link replacement
ok 40 - WHAT[verification-system-016] prepared Git input disposal reclaims its canonical owned root and preserves the foreign owner after parent link replacement
  ---
  duration_ms: 146.025458
  type: 'test'
  ...
# {"originalRootExists":false,"foreignMarkerExists":true}
# Subtest: WHAT[verification-system-016] project preparation rejects missing or nonordinary selected path missing.fsproj
ok 41 - WHAT[verification-system-016] project preparation rejects missing or nonordinary selected path missing.fsproj
  ---
  duration_ms: 153.681208
  type: 'test'
  ...
# Subtest: WHAT[verification-system-016] project preparation rejects missing or nonordinary selected path ../outside.fsproj
ok 42 - WHAT[verification-system-016] project preparation rejects missing or nonordinary selected path ../outside.fsproj
  ---
  duration_ms: 158.392125
  type: 'test'
  ...
# Subtest: WHAT[verification-system-016] project preparation rejects missing or nonordinary selected path /absolute.fsproj
ok 43 - WHAT[verification-system-016] project preparation rejects missing or nonordinary selected path /absolute.fsproj
  ---
  duration_ms: 169.585
  type: 'test'
  ...
# Subtest: WHAT[verification-system-016] project preparation rejects missing or nonordinary selected path src/../src/Fixture.fsproj
ok 44 - WHAT[verification-system-016] project preparation rejects missing or nonordinary selected path src/../src/Fixture.fsproj
  ---
  duration_ms: 153.184625
  type: 'test'
  ...
# Subtest: WHAT[verification-system-016] project preparation requires the captured Git source digest rather than a changed public claim
ok 45 - WHAT[verification-system-016] project preparation requires the captured Git source digest rather than a changed public claim
  ---
  duration_ms: 154.498416
  type: 'test'
  ...
# Subtest: WHAT[verification-system-016] project preparation rejects a source containing a symbolic selected project without following its foreign target
ok 46 - WHAT[verification-system-016] project preparation rejects a source containing a symbolic selected project without following its foreign target
  ---
  duration_ms: 159.554083
  type: 'test'
  ...
# Subtest: WHAT[verification-system-016] project preparation rejects selected archive byte identity mismatch before invoking MSBuild
ok 47 - WHAT[verification-system-016] project preparation rejects selected archive byte identity mismatch before invoking MSBuild
  ---
  duration_ms: 155.53675
  type: 'test'
  ...
# Subtest: WHAT[verification-system-016] project preparation rejects bytes corruption in the actual tracked source before evaluation
ok 48 - WHAT[verification-system-016] project preparation rejects bytes corruption in the actual tracked source before evaluation
  ---
  duration_ms: 156.69725
  type: 'test'
  ...
# Subtest: WHAT[verification-system-016] project preparation rejects mode corruption in the actual tracked source before evaluation
ok 49 - WHAT[verification-system-016] project preparation rejects mode corruption in the actual tracked source before evaluation
  ---
  duration_ms: 154.291291
  type: 'test'
  ...
# Subtest: WHAT[verification-system-016] project preparation rejects missing corruption in the actual tracked source before evaluation
ok 50 - WHAT[verification-system-016] project preparation rejects missing corruption in the actual tracked source before evaluation
  ---
  duration_ms: 154.315334
  type: 'test'
  ...
# Subtest: WHAT[verification-system-016] project preparation rejects evaluated project references instead of silently restoring a larger graph
ok 51 - WHAT[verification-system-016] project preparation rejects evaluated project references instead of silently restoring a larger graph
  ---
  duration_ms: 745.526041
  type: 'test'
  ...
# Subtest: WHAT[verification-system-016] project preparation rejects evaluated multiple target frameworks
ok 52 - WHAT[verification-system-016] project preparation rejects evaluated multiple target frameworks
  ---
  duration_ms: 792.150333
  type: 'test'
  ...
# Subtest: WHAT[verification-system-016] project preparation rejects an evaluated project path belonging to a different source entry
ok 53 - WHAT[verification-system-016] project preparation rejects an evaluated project path belonging to a different source entry
  ---
  duration_ms: 798.389875
  type: 'test'
  ...
# Subtest: WHAT[verification-system-016] actual selected project executor failure retains the physical cause and reclaims only owned output
ok 54 - WHAT[verification-system-016] actual selected project executor failure retains the physical cause and reclaims only owned output
  ---
  duration_ms: 836.4305
  type: 'test'
  ...
# Subtest: WHAT[verification-system-016] early project cancellation preserves Error before reading absent inputs
ok 55 - WHAT[verification-system-016] early project cancellation preserves Error before reading absent inputs
  ---
  duration_ms: 188.912209
  type: 'test'
  ...
# Subtest: WHAT[verification-system-016] early project cancellation preserves null before reading absent inputs
ok 56 - WHAT[verification-system-016] early project cancellation preserves null before reading absent inputs
  ---
  duration_ms: 164.019625
  type: 'test'
  ...
# Subtest: WHAT[verification-system-016] held project restore preserves Error cancellation and drains its actual process group
ok 57 - WHAT[verification-system-016] held project restore preserves Error cancellation and drains its actual process group
  ---
  duration_ms: 810.367333
  type: 'test'
  ...
# Subtest: WHAT[verification-system-016] held project restore preserves null cancellation and drains its actual process group
ok 58 - WHAT[verification-system-016] held project restore preserves null cancellation and drains its actual process group
  ---
  duration_ms: 823.694584
  type: 'test'
  ...
1..58
# tests 58
# suites 0
# pass 58
# fail 0
# cancelled 0
# skipped 0
# todo 0
# duration_ms 34517.078167
