TAP version 13
# Subtest: WHAT[verification-system-016] dependency preparation fully consumes compressed archives and refuses malformed or truncated input and linked lockfiles
not ok 1 - WHAT[verification-system-016] dependency preparation fully consumes compressed archives and refuses malformed or truncated input and linked lockfiles
  ---
  duration_ms: 43.96275
  type: 'test'
  location: '/Users/yuanxi/Workwork/vibe-fs/requirements/verification-system/tests/016.test.mjs:160:1'
  failureType: 'testCodeFailure'
  error: 'Missing expected rejection.'
  code: 'ERR_ASSERTION'
  name: 'AssertionError'
  operator: 'rejects'
  stack: |-
    async TestContext.<anonymous> (file:///Users/yuanxi/Workwork/vibe-fs/requirements/verification-system/tests/016.test.mjs:174:7)
    async Test.run (node:internal/test_runner/test:1054:7)
    async startSubtestAfterBootstrap (node:internal/test_runner/harness:296:3)
  ...
1..1
# tests 1
# suites 0
# pass 0
# fail 1
# cancelled 0
# skipped 0
# todo 0
# duration_ms 116.132917
