TAP version 13
# Subtest: WHAT[behavior-diagnosis-009] actual cycle decoder accepts one completed call and refuses zero or two
ok 1 - WHAT[behavior-diagnosis-009] actual cycle decoder accepts one completed call and refuses zero or two
  ---
  duration_ms: 78.539334
  type: 'test'
  ...
# Subtest: WHAT[behavior-diagnosis-009] raw cardinality precedes decode filtering on the decoder surface
ok 2 - WHAT[behavior-diagnosis-009] raw cardinality precedes decode filtering on the decoder surface
  ---
  duration_ms: 0.536291
  type: 'test'
  ...
# Subtest: WHAT[behavior-diagnosis-009] GAP-112 real raw two-call terminal with only one decodable call commits nothing and advances no coverage
ok 3 - WHAT[behavior-diagnosis-009] GAP-112 real raw two-call terminal with only one decodable call commits nothing and advances no coverage
  ---
  duration_ms: 97.2065
  type: 'test'
  ...
# Subtest: WHAT[behavior-diagnosis-009] a single fully decodable call still commits exactly one observation through the same real chain
ok 4 - WHAT[behavior-diagnosis-009] a single fully decodable call still commits exactly one observation through the same real chain
  ---
  duration_ms: 81.3725
  type: 'test'
  ...
# Subtest: WHAT[behavior-diagnosis-009] a missing unreadable or malformed writer log cannot count as zero committed observations
ok 5 - WHAT[behavior-diagnosis-009] a missing unreadable or malformed writer log cannot count as zero committed observations
  ---
  duration_ms: 1.006167
  type: 'test'
  ...
# Subtest: WHAT[behavior-diagnosis-009] cleanup cancels and drains a publicly claimed repair episode before retiring its owner resources
ok 6 - WHAT[behavior-diagnosis-009] cleanup cancels and drains a publicly claimed repair episode before retiring its owner resources
  ---
  duration_ms: 56.805125
  type: 'test'
  ...
# Subtest: WHAT[behavior-diagnosis-009] owner cleanup preserves the original Error action failure
ok 7 - WHAT[behavior-diagnosis-009] owner cleanup preserves the original Error action failure
  ---
  duration_ms: 52.236584
  type: 'test'
  ...
# Subtest: WHAT[behavior-diagnosis-009] a rejected pending task preserves the original Error as the cleanup cause
ok 8 - WHAT[behavior-diagnosis-009] a rejected pending task preserves the original Error as the cleanup cause
  ---
  duration_ms: 51.119167
  type: 'test'
  ...
# Subtest: WHAT[behavior-diagnosis-009] owner cleanup preserves the original null action failure
ok 9 - WHAT[behavior-diagnosis-009] owner cleanup preserves the original null action failure
  ---
  duration_ms: 50.875917
  type: 'test'
  ...
# Subtest: WHAT[behavior-diagnosis-009] a rejected pending task preserves the original null as the cleanup cause
ok 10 - WHAT[behavior-diagnosis-009] a rejected pending task preserves the original null as the cleanup cause
  ---
  duration_ms: 50.968875
  type: 'test'
  ...
1..10
# tests 10
# suites 0
# pass 10
# fail 0
# cancelled 0
# skipped 0
# todo 0
# duration_ms 760.256792
