TAP version 13
# Subtest: WHAT[verification-system-016] tool preparation rejects a missing manifest before admitting selected archives
ok 1 - WHAT[verification-system-016] tool preparation rejects a missing manifest before admitting selected archives
  ---
  duration_ms: 13.470416
  type: 'test'
  ...
# Subtest: WHAT[verification-system-016] tool preparation rejects a malformed JSON manifest before admitting selected archives
ok 2 - WHAT[verification-system-016] tool preparation rejects a malformed JSON manifest before admitting selected archives
  ---
  duration_ms: 2.508709
  type: 'test'
  ...
# Subtest: WHAT[verification-system-016] tool preparation rejects a floating tool version manifest before admitting selected archives
ok 3 - WHAT[verification-system-016] tool preparation rejects a floating tool version manifest before admitting selected archives
  ---
  duration_ms: 2.498292
  type: 'test'
  ...
# Subtest: WHAT[verification-system-016] tool preparation rejects a tool roll-forward manifest before admitting selected archives
ok 4 - WHAT[verification-system-016] tool preparation rejects a tool roll-forward manifest before admitting selected archives
  ---
  duration_ms: 1.703834
  type: 'test'
  ...
# Subtest: WHAT[verification-system-016] tool preparation rejects a duplicate command manifest before admitting selected archives
ok 5 - WHAT[verification-system-016] tool preparation rejects a duplicate command manifest before admitting selected archives
  ---
  duration_ms: 2.490084
  type: 'test'
  ...
# Subtest: WHAT[verification-system-016] tool archive SHA-512 and selected SDK global identity must match before restore
ok 6 - WHAT[verification-system-016] tool archive SHA-512 and selected SDK global identity must match before restore
  ---
  duration_ms: 2.479459
  type: 'test'
  ...
# Subtest: WHAT[verification-system-016] a direct tool missing from the selected archive set cannot borrow ambient packages
ok 7 - WHAT[verification-system-016] a direct tool missing from the selected archive set cannot borrow ambient packages
  ---
  duration_ms: 2.697625
  type: 'test'
  ...
# Subtest: WHAT[verification-system-016] actual selected executor failure retains its cause and reclaims the private restore roots
ok 8 - WHAT[verification-system-016] actual selected executor failure retains its cause and reclaims the private restore roots
  ---
  duration_ms: 1419.229958
  type: 'test'
  ...
# Subtest: WHAT[verification-system-016] early tool cancellation preserves Error without reading missing source or archives
ok 9 - WHAT[verification-system-016] early tool cancellation preserves Error without reading missing source or archives
  ---
  duration_ms: 2.372917
  type: 'test'
  ...
# Subtest: WHAT[verification-system-016] early tool cancellation preserves null without reading missing source or archives
ok 10 - WHAT[verification-system-016] early tool cancellation preserves null without reading missing source or archives
  ---
  duration_ms: 1.79125
  type: 'test'
  ...
# Subtest: WHAT[verification-system-016] tool receipt rejects malformed resolver JSON and reclaims all owned restore output
ok 11 - WHAT[verification-system-016] tool receipt rejects malformed resolver JSON and reclaims all owned restore output
  ---
  duration_ms: 1097.046708
  type: 'test'
  ...
# Subtest: WHAT[verification-system-016] tool receipt rejects wrong resolver version and reclaims all owned restore output
ok 12 - WHAT[verification-system-016] tool receipt rejects wrong resolver version and reclaims all owned restore output
  ---
  duration_ms: 503.07075
  type: 'test'
  ...
# Subtest: WHAT[verification-system-016] tool receipt rejects foreign executable and reclaims all owned restore output
ok 13 - WHAT[verification-system-016] tool receipt rejects foreign executable and reclaims all owned restore output
  ---
  duration_ms: 617.95075
  type: 'test'
  ...
# Subtest: WHAT[verification-system-016] tool receipt rejects unexpected command and reclaims all owned restore output
ok 14 - WHAT[verification-system-016] tool receipt rejects unexpected command and reclaims all owned restore output
  ---
  duration_ms: 592.701291
  type: 'test'
  ...
# Subtest: WHAT[verification-system-016] tool receipt rejects unselected package and reclaims all owned restore output
ok 15 - WHAT[verification-system-016] tool receipt rejects unselected package and reclaims all owned restore output
  ---
  duration_ms: 712.166083
  type: 'test'
  ...
# Subtest: WHAT[verification-system-016] tool receipt rejects missing selected package and reclaims all owned restore output
ok 16 - WHAT[verification-system-016] tool receipt rejects missing selected package and reclaims all owned restore output
  ---
  duration_ms: 457.672542
  type: 'test'
  ...
# Subtest: WHAT[verification-system-016] tool receipt rejects changed package archive and reclaims all owned restore output
ok 17 - WHAT[verification-system-016] tool receipt rejects changed package archive and reclaims all owned restore output
  ---
  duration_ms: 509.365333
  type: 'test'
  ...
# Subtest: WHAT[verification-system-016] tool receipt rejects missing runtime DLL and reclaims all owned restore output
not ok 18 - WHAT[verification-system-016] tool receipt rejects missing runtime DLL and reclaims all owned restore output
  ---
  duration_ms: 728.948167
  type: 'test'
  location: '/Users/yuanxi/Workwork/vibe-fs/requirements/verification-system/tests/support/dotnet-tool-restore-tests.mjs:207:5'
  failureType: 'testCodeFailure'
  error: |-
    Invalid or cancelled tool preparation cannot publish a candidate
    + actual - expected
    
    + 'fulfilled'
    - 'rejected'
    
  code: 'ERR_ASSERTION'
  name: 'AssertionError'
  expected: 'rejected'
  actual: 'fulfilled'
  operator: 'strictEqual'
  stack: |-
    rejectsPreparation (file:///Users/yuanxi/Workwork/vibe-fs/requirements/verification-system/tests/support/dotnet-tool-restore-tests.mjs:82:12)
    process.processTicksAndRejections (node:internal/process/task_queues:103:5)
    async file:///Users/yuanxi/Workwork/vibe-fs/requirements/verification-system/tests/support/dotnet-tool-restore-tests.mjs:210:9
    async withFixture (file:///Users/yuanxi/Workwork/vibe-fs/requirements/verification-system/tests/support/dotnet-tool-restore-tests.mjs:50:12)
    async TestContext.<anonymous> (file:///Users/yuanxi/Workwork/vibe-fs/requirements/verification-system/tests/support/dotnet-tool-restore-tests.mjs:208:7)
    async Test.run (node:internal/test_runner/test:1054:7)
    async Test.processPendingSubtests (node:internal/test_runner/test:744:7)
  ...
# Subtest: WHAT[verification-system-016] tool receipt rejects malformed runtime deps JSON and reclaims all owned restore output
not ok 19 - WHAT[verification-system-016] tool receipt rejects malformed runtime deps JSON and reclaims all owned restore output
  ---
  duration_ms: 573.656875
  type: 'test'
  location: '/Users/yuanxi/Workwork/vibe-fs/requirements/verification-system/tests/support/dotnet-tool-restore-tests.mjs:207:5'
  failureType: 'testCodeFailure'
  error: |-
    Invalid or cancelled tool preparation cannot publish a candidate
    + actual - expected
    
    + 'fulfilled'
    - 'rejected'
    
  code: 'ERR_ASSERTION'
  name: 'AssertionError'
  expected: 'rejected'
  actual: 'fulfilled'
  operator: 'strictEqual'
  stack: |-
    rejectsPreparation (file:///Users/yuanxi/Workwork/vibe-fs/requirements/verification-system/tests/support/dotnet-tool-restore-tests.mjs:82:12)
    async file:///Users/yuanxi/Workwork/vibe-fs/requirements/verification-system/tests/support/dotnet-tool-restore-tests.mjs:210:9
    async withFixture (file:///Users/yuanxi/Workwork/vibe-fs/requirements/verification-system/tests/support/dotnet-tool-restore-tests.mjs:50:12)
    async TestContext.<anonymous> (file:///Users/yuanxi/Workwork/vibe-fs/requirements/verification-system/tests/support/dotnet-tool-restore-tests.mjs:208:7)
    async Test.run (node:internal/test_runner/test:1054:7)
    async Test.processPendingSubtests (node:internal/test_runner/test:744:7)
  ...
# Subtest: WHAT[verification-system-016] tool receipt rejects escaping runtime asset and reclaims all owned restore output
not ok 20 - WHAT[verification-system-016] tool receipt rejects escaping runtime asset and reclaims all owned restore output
  ---
  duration_ms: 485.15225
  type: 'test'
  location: '/Users/yuanxi/Workwork/vibe-fs/requirements/verification-system/tests/support/dotnet-tool-restore-tests.mjs:207:5'
  failureType: 'testCodeFailure'
  error: |-
    Invalid or cancelled tool preparation cannot publish a candidate
    + actual - expected
    
    + 'fulfilled'
    - 'rejected'
    
  code: 'ERR_ASSERTION'
  name: 'AssertionError'
  expected: 'rejected'
  actual: 'fulfilled'
  operator: 'strictEqual'
  stack: |-
    rejectsPreparation (file:///Users/yuanxi/Workwork/vibe-fs/requirements/verification-system/tests/support/dotnet-tool-restore-tests.mjs:82:12)
    process.processTicksAndRejections (node:internal/process/task_queues:103:5)
    async file:///Users/yuanxi/Workwork/vibe-fs/requirements/verification-system/tests/support/dotnet-tool-restore-tests.mjs:210:9
    async withFixture (file:///Users/yuanxi/Workwork/vibe-fs/requirements/verification-system/tests/support/dotnet-tool-restore-tests.mjs:50:12)
    async TestContext.<anonymous> (file:///Users/yuanxi/Workwork/vibe-fs/requirements/verification-system/tests/support/dotnet-tool-restore-tests.mjs:208:7)
    async Test.run (node:internal/test_runner/test:1054:7)
    async Test.processPendingSubtests (node:internal/test_runner/test:744:7)
  ...
# Subtest: WHAT[verification-system-016] tool receipt rejects changed selected SDK during execution and reclaims all owned restore output
ok 21 - WHAT[verification-system-016] tool receipt rejects changed selected SDK during execution and reclaims all owned restore output
  ---
  duration_ms: 506.287958
  type: 'test'
  ...
# Subtest: WHAT[verification-system-016] selected tool receipt binds the complete ordinary output inventory and rejects byte, mode, added and deleted members
    # Subtest: WHAT[verification-system-016] captured tool output rejects byte mutation
    ok 1 - WHAT[verification-system-016] captured tool output rejects byte mutation
      ---
      duration_ms: 1.621917
      type: 'test'
      ...
    # Subtest: WHAT[verification-system-016] captured tool output rejects mode mutation
    ok 2 - WHAT[verification-system-016] captured tool output rejects mode mutation
      ---
      duration_ms: 1.550917
      type: 'test'
      ...
    # Subtest: WHAT[verification-system-016] captured tool output rejects added member
    ok 3 - WHAT[verification-system-016] captured tool output rejects added member
      ---
      duration_ms: 1.456208
      type: 'test'
      ...
    # Subtest: WHAT[verification-system-016] captured tool output rejects deleted member
    ok 4 - WHAT[verification-system-016] captured tool output rejects deleted member
      ---
      duration_ms: 1.711709
      type: 'test'
      ...
    1..4
ok 22 - WHAT[verification-system-016] selected tool receipt binds the complete ordinary output inventory and rejects byte, mode, added and deleted members
  ---
  duration_ms: 487.918291
  type: 'test'
  ...
1..22
# tests 26
# suites 0
# pass 23
# fail 3
# cancelled 0
# skipped 0
# todo 0
# duration_ms 8728.269708
