TAP version 13
# Subtest: WHAT[verification-system-006] physical backstop diagnostics retain active verdicts and queued files while completed leaves continue advancing
not ok 1 - WHAT[verification-system-006] physical backstop diagnostics retain active verdicts and queued files while completed leaves continue advancing
  ---
  duration_ms: 1820.0005
  type: 'test'
  location: '/Users/yuanxi/Workwork/vibe-fs/requirements/verification-system/tests/006.test.mjs:256:1'
  failureType: 'testCodeFailure'
  error: |-
    The input did not match the regular expression /file streams: 1 drained, 1 active, 1 queued/. Input:
    
    'runner: 3 test file(s), 5000ms verdict-silence window\n' +
      '✔ finishes immediately (10.766ms)\n' +
      '✔ bounded work 0 (112.242ms)\n' +
      '✔ bounded work 1 (102.193ms)\n' +
      '✔ bounded work 2 (101.922ms)\n' +
      '✔ bounded work 3 (102.249ms)\n' +
      '✔ bounded work 4 (105.039ms)\n' +
      '✔ bounded work 5 (102.390ms)\n' +
      '✔ bounded work 6 (101.559ms)\n' +
      '✔ bounded work 7 (102.984ms)\n' +
      '✔ bounded work 8 (103.970ms)\n' +
      'runner: suite exceeded the 1500ms physical backstop\n' +
      'runner: post-exit group verification/reclamation: pid=89094; elapsedMs=133.440; accepted=true\n' +
      '\n' +
      'runner: verdict counts unavailable; no authoritative summary; 1/3 planned file(s) completed\n'
    
  code: 'ERR_ASSERTION'
  name: 'AssertionError'
  expected:
  actual: |-
    runner: 3 test file(s), 5000ms verdict-silence window
    ✔ finishes immediately (10.766ms)
    ✔ bounded work 0 (112.242ms)
    ✔ bounded work 1 (102.193ms)
    ✔ bounded work 2 (101.922ms)
    ✔ bounded work 3 (102.249ms)
    ✔ bounded work 4 (105.039ms)
    ✔ bounded work 5 (102.390ms)
    ✔ bounded work 6 (101.559ms)
    ✔ bounded work 7 (102.984ms)
    ✔ bounded work 8 (103.970ms)
    runner: suite exceeded the 1500ms physical backstop
    runner: post-exit group verification/reclamation: pid=89094; elapsedMs=133.440; accepted=true
    
    runner: verdict counts unavailable; no authoritative summary; 1/3 planned file(s) completed
    
  operator: 'match'
  stack: |-
    TestContext.<anonymous> (file:///Users/yuanxi/Workwork/vibe-fs/requirements/verification-system/tests/006.test.mjs:301:12)
    async Test.run (node:internal/test_runner/test:1054:7)
    async startSubtestAfterBootstrap (node:internal/test_runner/harness:296:3)
  ...
1..1
# tests 1
# suites 0
# pass 0
# fail 1
# cancelled 0
# skipped 0
# todo 0
# duration_ms 3072.290166
