TAP version 13
# Subtest: WHAT[verification-system-016] tool preparation rejects a missing manifest before admitting selected archives
ok 1 - WHAT[verification-system-016] tool preparation rejects a missing manifest before admitting selected archives
  ---
  duration_ms: 11.673875
  type: 'test'
  ...
# Subtest: WHAT[verification-system-016] tool preparation rejects a malformed JSON manifest before admitting selected archives
ok 2 - WHAT[verification-system-016] tool preparation rejects a malformed JSON manifest before admitting selected archives
  ---
  duration_ms: 2.361375
  type: 'test'
  ...
# Subtest: WHAT[verification-system-016] tool preparation rejects a floating tool version manifest before admitting selected archives
ok 3 - WHAT[verification-system-016] tool preparation rejects a floating tool version manifest before admitting selected archives
  ---
  duration_ms: 2.254875
  type: 'test'
  ...
# Subtest: WHAT[verification-system-016] tool preparation rejects a tool roll-forward manifest before admitting selected archives
ok 4 - WHAT[verification-system-016] tool preparation rejects a tool roll-forward manifest before admitting selected archives
  ---
  duration_ms: 1.691334
  type: 'test'
  ...
# Subtest: WHAT[verification-system-016] tool preparation rejects a duplicate command manifest before admitting selected archives
ok 5 - WHAT[verification-system-016] tool preparation rejects a duplicate command manifest before admitting selected archives
  ---
  duration_ms: 2.531834
  type: 'test'
  ...
# Subtest: WHAT[verification-system-016] tool archive SHA-512 and selected SDK global identity must match before restore
ok 6 - WHAT[verification-system-016] tool archive SHA-512 and selected SDK global identity must match before restore
  ---
  duration_ms: 2.192333
  type: 'test'
  ...
# Subtest: WHAT[verification-system-016] a direct tool missing from the selected archive set cannot borrow ambient packages
ok 7 - WHAT[verification-system-016] a direct tool missing from the selected archive set cannot borrow ambient packages
  ---
  duration_ms: 1.955084
  type: 'test'
  ...
# Subtest: WHAT[verification-system-016] actual selected executor failure retains its cause and reclaims the private restore roots
ok 8 - WHAT[verification-system-016] actual selected executor failure retains its cause and reclaims the private restore roots
  ---
  duration_ms: 1251.367375
  type: 'test'
  ...
# Subtest: WHAT[verification-system-016] early tool cancellation preserves Error without reading missing source or archives
ok 9 - WHAT[verification-system-016] early tool cancellation preserves Error without reading missing source or archives
  ---
  duration_ms: 2.294709
  type: 'test'
  ...
# Subtest: WHAT[verification-system-016] early tool cancellation preserves null without reading missing source or archives
ok 10 - WHAT[verification-system-016] early tool cancellation preserves null without reading missing source or archives
  ---
  duration_ms: 1.8305
  type: 'test'
  ...
# Subtest: WHAT[verification-system-016] held tool restore preserves Error cancellation and drains its actual process group
ok 11 - WHAT[verification-system-016] held tool restore preserves Error cancellation and drains its actual process group
  ---
  duration_ms: 585.057375
  type: 'test'
  ...
# Subtest: WHAT[verification-system-016] held tool restore preserves null cancellation and drains its actual process group
ok 12 - WHAT[verification-system-016] held tool restore preserves null cancellation and drains its actual process group
  ---
  duration_ms: 641.204959
  type: 'test'
  ...
# Subtest: WHAT[verification-system-016] held tool restore reclaims its original canonical root after parent link replacement and preserves the foreign owner
ok 13 - WHAT[verification-system-016] held tool restore reclaims its original canonical root after parent link replacement and preserves the foreign owner
  ---
  duration_ms: 599.857709
  type: 'test'
  ...
# {"ownedRootExists":false,"foreignMarkerExists":true}
# Subtest: WHAT[verification-system-016] tool receipt rejects malformed resolver JSON and reclaims all owned restore output
ok 14 - WHAT[verification-system-016] tool receipt rejects malformed resolver JSON and reclaims all owned restore output
  ---
  duration_ms: 630.653042
  type: 'test'
  ...
# Subtest: WHAT[verification-system-016] tool receipt rejects wrong resolver version and reclaims all owned restore output
ok 15 - WHAT[verification-system-016] tool receipt rejects wrong resolver version and reclaims all owned restore output
  ---
  duration_ms: 614.443875
  type: 'test'
  ...
# Subtest: WHAT[verification-system-016] tool receipt rejects foreign executable and reclaims all owned restore output
ok 16 - WHAT[verification-system-016] tool receipt rejects foreign executable and reclaims all owned restore output
  ---
  duration_ms: 624.614667
  type: 'test'
  ...
# Subtest: WHAT[verification-system-016] tool receipt rejects unexpected command and reclaims all owned restore output
ok 17 - WHAT[verification-system-016] tool receipt rejects unexpected command and reclaims all owned restore output
  ---
  duration_ms: 906.217833
  type: 'test'
  ...
# Subtest: WHAT[verification-system-016] tool receipt rejects unselected package and reclaims all owned restore output
ok 18 - WHAT[verification-system-016] tool receipt rejects unselected package and reclaims all owned restore output
  ---
  duration_ms: 531.557
  type: 'test'
  ...
# Subtest: WHAT[verification-system-016] tool receipt rejects unselected feed member and reclaims all owned restore output
ok 19 - WHAT[verification-system-016] tool receipt rejects unselected feed member and reclaims all owned restore output
  ---
  duration_ms: 595.309083
  type: 'test'
  ...
# Subtest: WHAT[verification-system-016] tool receipt rejects missing selected package and reclaims all owned restore output
ok 20 - WHAT[verification-system-016] tool receipt rejects missing selected package and reclaims all owned restore output
  ---
  duration_ms: 608.562625
  type: 'test'
  ...
# Subtest: WHAT[verification-system-016] tool receipt rejects changed package archive and reclaims all owned restore output
ok 21 - WHAT[verification-system-016] tool receipt rejects changed package archive and reclaims all owned restore output
  ---
  duration_ms: 667.1625
  type: 'test'
  ...
# Subtest: WHAT[verification-system-016] tool receipt rejects missing runtime DLL and reclaims all owned restore output
ok 22 - WHAT[verification-system-016] tool receipt rejects missing runtime DLL and reclaims all owned restore output
  ---
  duration_ms: 592.578292
  type: 'test'
  ...
# Subtest: WHAT[verification-system-016] tool receipt rejects malformed runtime deps JSON and reclaims all owned restore output
ok 23 - WHAT[verification-system-016] tool receipt rejects malformed runtime deps JSON and reclaims all owned restore output
  ---
  duration_ms: 617.257
  type: 'test'
  ...
# Subtest: WHAT[verification-system-016] tool receipt rejects escaping runtime asset and reclaims all owned restore output
ok 24 - WHAT[verification-system-016] tool receipt rejects escaping runtime asset and reclaims all owned restore output
  ---
  duration_ms: 636.289458
  type: 'test'
  ...
# Subtest: WHAT[verification-system-016] tool receipt rejects changed selected SDK during execution and reclaims all owned restore output
ok 25 - WHAT[verification-system-016] tool receipt rejects changed selected SDK during execution and reclaims all owned restore output
  ---
  duration_ms: 637.912917
  type: 'test'
  ...
# Subtest: WHAT[verification-system-016] mutated selected SDK entry metadata cannot execute a foreign launcher under the original SDK digest
ok 26 - WHAT[verification-system-016] mutated selected SDK entry metadata cannot execute a foreign launcher under the original SDK digest
  ---
  duration_ms: 2.186583
  type: 'test'
  ...
# Subtest: WHAT[verification-system-016] tool receipt revalidation rejects a changed public toolRoot and disposal preserves the foreign owner
ok 27 - WHAT[verification-system-016] tool receipt revalidation rejects a changed public toolRoot and disposal preserves the foreign owner
  ---
  duration_ms: 599.5925
  type: 'test'
  ...
# Subtest: WHAT[verification-system-016] tool receipt revalidation rejects a changed public executable and disposal preserves the foreign owner
ok 28 - WHAT[verification-system-016] tool receipt revalidation rejects a changed public executable and disposal preserves the foreign owner
  ---
  duration_ms: 460.85125
  type: 'test'
  ...
# Subtest: WHAT[verification-system-016] selected tool receipt binds the complete ordinary output inventory and rejects byte, mode, added and deleted members
    # Subtest: WHAT[verification-system-016] captured tool output rejects byte mutation
    ok 1 - WHAT[verification-system-016] captured tool output rejects byte mutation
      ---
      duration_ms: 1.68125
      type: 'test'
      ...
    # Subtest: WHAT[verification-system-016] captured tool output rejects mode mutation
    ok 2 - WHAT[verification-system-016] captured tool output rejects mode mutation
      ---
      duration_ms: 1.35075
      type: 'test'
      ...
    # Subtest: WHAT[verification-system-016] captured tool output rejects added member
    ok 3 - WHAT[verification-system-016] captured tool output rejects added member
      ---
      duration_ms: 1.479291
      type: 'test'
      ...
    # Subtest: WHAT[verification-system-016] captured tool output rejects deleted member
    ok 4 - WHAT[verification-system-016] captured tool output rejects deleted member
      ---
      duration_ms: 1.461833
      type: 'test'
      ...
    1..4
ok 29 - WHAT[verification-system-016] selected tool receipt binds the complete ordinary output inventory and rejects byte, mode, added and deleted members
  ---
  duration_ms: 417.070542
  type: 'test'
  ...
1..29
# tests 33
# suites 0
# pass 33
# fail 0
# cancelled 0
# skipped 0
# todo 0
# duration_ms 12253.964416
