TAP version 13
# Subtest: WHAT[verification-system-016] explicit dependency archive identity preserves complete bytes modes and internal links independently of its origin
ok 1 - WHAT[verification-system-016] explicit dependency archive identity preserves complete bytes modes and internal links independently of its origin
  ---
  duration_ms: 89.179708
  type: 'test'
  ...
# Subtest: WHAT[verification-system-016] dependency preparation rejects an unselected archive and binds lockfile and executable bytes to identity
ok 2 - WHAT[verification-system-016] dependency preparation rejects an unselected archive and binds lockfile and executable bytes to identity
  ---
  duration_ms: 34.668666
  type: 'test'
  ...
# Subtest: WHAT[verification-system-016] dependency archives reject external dangling cyclic aliasing and special entries without publishing or escaping their owned root
ok 3 - WHAT[verification-system-016] dependency archives reject external dangling cyclic aliasing and special entries without publishing or escaping their owned root
  ---
  duration_ms: 29.16275
  type: 'test'
  ...
# Subtest: WHAT[verification-system-016] dependency preparation fully consumes compressed archives and refuses malformed or truncated input and linked lockfiles
not ok 4 - WHAT[verification-system-016] dependency preparation fully consumes compressed archives and refuses malformed or truncated input and linked lockfiles
  ---
  duration_ms: 33.266
  type: 'test'
  location: '/Users/yuanxi/Workwork/vibe-fs/requirements/verification-system/tests/016.test.mjs:159:1'
  failureType: 'testCodeFailure'
  error: 'Missing expected rejection.'
  code: 'ERR_ASSERTION'
  name: 'AssertionError'
  operator: 'rejects'
  stack: |-
    async TestContext.<anonymous> (file:///Users/yuanxi/Workwork/vibe-fs/requirements/verification-system/tests/016.test.mjs:173:7)
    async Test.run (node:internal/test_runner/test:1054:7)
    async Test.processPendingSubtests (node:internal/test_runner/test:744:7)
  ...
1..4
# tests 4
# suites 0
# pass 3
# fail 1
# cancelled 0
# skipped 0
# todo 0
# duration_ms 269.591417
