TAP version 13
# Subtest: WHAT[verification-system-016] Fable compilation requires four prepared input owners before publishing an output
ok 1 - WHAT[verification-system-016] Fable compilation requires four prepared input owners before publishing an output
  ---
  duration_ms: 3.146834
  type: 'test'
  ...
# Subtest: WHAT[verification-system-016] Fable compilation rejects a mismatched source tree before executing
ok 2 - WHAT[verification-system-016] Fable compilation rejects a mismatched source tree before executing
  ---
  duration_ms: 243.869792
  type: 'test'
  ...
# Subtest: WHAT[verification-system-016] Fable compilation rejects a mismatched source digest before executing
ok 3 - WHAT[verification-system-016] Fable compilation rejects a mismatched source digest before executing
  ---
  duration_ms: 207.1535
  type: 'test'
  ...
# Subtest: WHAT[verification-system-016] Fable compilation rejects a mismatched project SDK before executing
ok 4 - WHAT[verification-system-016] Fable compilation rejects a mismatched project SDK before executing
  ---
  duration_ms: 216.009916
  type: 'test'
  ...
# Subtest: WHAT[verification-system-016] Fable compilation rejects a mismatched tools SDK before executing
ok 5 - WHAT[verification-system-016] Fable compilation rejects a mismatched tools SDK before executing
  ---
  duration_ms: 201.502625
  type: 'test'
  ...
# Subtest: WHAT[verification-system-016] Fable compilation rejects a mismatched original global before executing
ok 6 - WHAT[verification-system-016] Fable compilation rejects a mismatched original global before executing
  ---
  duration_ms: 217.441291
  type: 'test'
  ...
# Subtest: WHAT[verification-system-016] Fable compilation rejects a mismatched original tool manifest before executing
ok 7 - WHAT[verification-system-016] Fable compilation rejects a mismatched original tool manifest before executing
  ---
  duration_ms: 210.6155
  type: 'test'
  ...
# Subtest: WHAT[verification-system-016] Fable compilation rejects a missing selected Fable role before executing
ok 8 - WHAT[verification-system-016] Fable compilation rejects a missing selected Fable role before executing
  ---
  duration_ms: 203.355875
  type: 'test'
  ...
# Subtest: WHAT[verification-system-016] Fable compilation rejects a duplicate selected Fable role before executing
ok 9 - WHAT[verification-system-016] Fable compilation rejects a duplicate selected Fable role before executing
  ---
  duration_ms: 202.739833
  type: 'test'
  ...
# Subtest: WHAT[verification-system-016] Fable compilation rejects a foreign selected Fable role before executing
ok 10 - WHAT[verification-system-016] Fable compilation rejects a foreign selected Fable role before executing
  ---
  duration_ms: 198.11475
  type: 'test'
  ...
# Subtest: WHAT[verification-system-016] selected Fable compilation preserves caller inputs and binds the seeded private output inventory
ok 11 - WHAT[verification-system-016] selected Fable compilation preserves caller inputs and binds the seeded private output inventory
  ---
  duration_ms: 1397.006417
  type: 'test'
  ...
# Subtest: WHAT[verification-system-016] Fable compilation rejects empty JavaScript output without publication
ok 12 - WHAT[verification-system-016] Fable compilation rejects empty JavaScript output without publication
  ---
  duration_ms: 734.6235
  type: 'test'
  ...
# Subtest: WHAT[verification-system-016] Fable compilation rejects linked JavaScript output without publication
ok 13 - WHAT[verification-system-016] Fable compilation rejects linked JavaScript output without publication
  ---
  duration_ms: 790.587208
  type: 'test'
  ...
# Subtest: WHAT[verification-system-016] Fable process failure retains its physical cause and reclaims only compile output
ok 14 - WHAT[verification-system-016] Fable process failure retains its physical cause and reclaims only compile output
  ---
  duration_ms: 707.021208
  type: 'test'
  ...
# Subtest: WHAT[verification-system-016] early Fable cancellation preserves Error without reading absent owners
ok 15 - WHAT[verification-system-016] early Fable cancellation preserves Error without reading absent owners
  ---
  duration_ms: 0.235208
  type: 'test'
  ...
# Subtest: WHAT[verification-system-016] early Fable cancellation preserves null without reading absent owners
ok 16 - WHAT[verification-system-016] early Fable cancellation preserves null without reading absent owners
  ---
  duration_ms: 0.115584
  type: 'test'
  ...
# Subtest: WHAT[verification-system-016] compilation rejects source input changed by the actual selected consumer without publication
ok 17 - WHAT[verification-system-016] compilation rejects source input changed by the actual selected consumer without publication
  ---
  duration_ms: 809.140333
  type: 'test'
  ...
# Subtest: WHAT[verification-system-016] compilation rejects sdk input changed by the actual selected consumer without publication
ok 18 - WHAT[verification-system-016] compilation rejects sdk input changed by the actual selected consumer without publication
  ---
  duration_ms: 918.836084
  type: 'test'
  ...
# Subtest: WHAT[verification-system-016] compilation rejects tools input changed by the actual selected consumer without publication
ok 19 - WHAT[verification-system-016] compilation rejects tools input changed by the actual selected consumer without publication
  ---
  duration_ms: 783.727792
  type: 'test'
  ...
# Subtest: WHAT[verification-system-016] compilation rejects project input changed by the actual selected consumer without publication
ok 20 - WHAT[verification-system-016] compilation rejects project input changed by the actual selected consumer without publication
  ---
  duration_ms: 1617.905083
  type: 'test'
  ...
# Subtest: WHAT[verification-system-016] held Fable compilation preserves Error cancellation and drains the actual process group
ok 21 - WHAT[verification-system-016] held Fable compilation preserves Error cancellation and drains the actual process group
  ---
  duration_ms: 826.549292
  type: 'test'
  ...
# Subtest: WHAT[verification-system-016] held Fable compilation preserves null cancellation and drains the actual process group
ok 22 - WHAT[verification-system-016] held Fable compilation preserves null cancellation and drains the actual process group
  ---
  duration_ms: 873.880667
  type: 'test'
  ...
# Subtest: WHAT[verification-system-016] changed public compileRoot cannot borrow the captured compile identity or redirect disposal
ok 23 - WHAT[verification-system-016] changed public compileRoot cannot borrow the captured compile identity or redirect disposal
  ---
  duration_ms: 798.005333
  type: 'test'
  ...
# Subtest: WHAT[verification-system-016] changed public compileDigest cannot borrow the captured compile identity or redirect disposal
ok 24 - WHAT[verification-system-016] changed public compileDigest cannot borrow the captured compile identity or redirect disposal
  ---
  duration_ms: 1220.257166
  type: 'test'
  ...
# Subtest: WHAT[verification-system-016] compiled JavaScript revalidation rejects bytes, mode, added and missing output members
    # Subtest: bytes
    ok 1 - bytes
      ---
      duration_ms: 3.032958
      type: 'test'
      ...
    # Subtest: mode
    ok 2 - mode
      ---
      duration_ms: 3.676083
      type: 'test'
      ...
    # Subtest: added
    ok 3 - added
      ---
      duration_ms: 4.84775
      type: 'test'
      ...
    # Subtest: missing
    ok 4 - missing
      ---
      duration_ms: 3.356584
      type: 'test'
      ...
    1..4
ok 25 - WHAT[verification-system-016] compiled JavaScript revalidation rejects bytes, mode, added and missing output members
  ---
  duration_ms: 811.191833
  type: 'test'
  ...
1..25
# tests 29
# suites 0
# pass 29
# fail 0
# cancelled 0
# skipped 0
# todo 0
# duration_ms 14198.75625
