fatal: .git/index: index file smaller than expected
fatal: .git/index: index file smaller than expected
fatal: .git/index: index file smaller than expected
✔ WHAT[verification-system-016] the actual verification run binds its evidence to the same immutable candidate snapshot (3.419ms) # TODO
✔ WHAT[verification-system-016] a selected Git tree preserves complete raw source bytes and its own corpus inventory despite later workspace and index edits (2122.677166ms)
✔ WHAT[verification-system-016] sha1 source candidate identity is independent of location and binds executable mode (4006.1525ms)
✔ WHAT[verification-system-016] sha256 source candidate identity is independent of location and binds executable mode (3872.225292ms)
✔ WHAT[verification-system-016] source preparation ignores replacement refs and inherited Git repository redirection (2162.650875ms)
✔ WHAT[verification-system-016] a tree topology that cannot be faithfully materialized fails and reclaims its partial source root (1117.963ms)
✔ WHAT[verification-system-016] source preparation rejects unsupported Git entry 120000 without publishing a candidate (1150.724375ms)
✔ WHAT[verification-system-016] source preparation rejects unsupported Git entry 160000 without publishing a candidate (1741.3375ms)
✔ WHAT[verification-system-016] missing selected blobs fail source preparation without falling back to working files (1162.074875ms)
✔ WHAT[verification-system-016] source preparation rejects repositories that may implicitly fetch promised objects (772.856125ms)
✔ WHAT[verification-system-016] verification rejects an unsealed symbolic input at src before running stages (188.037791ms)
✔ WHAT[verification-system-016] verification rejects an unsealed symbolic input at .github before running stages (180.1395ms)
✔ WHAT[verification-system-016] verification rejects an unsealed symbolic input at package.json before running stages (199.448166ms)
✔ WHAT[verification-system-016] verification rejects an unsealed symbolic input at resources/linked.txt before running stages (141.234333ms)
✔ WHAT[verification-system-016] verification rejects an unsealed symbolic input at requirements/p/linked before running stages (174.663667ms)
✔ WHAT[verification-system-016] verification rejects an unsealed symbolic input at resources/obj before running stages (174.038ms)
✔ WHAT[verification-system-016] output directory names do not exclude ordinary input files, while root output links stay outside the closure (224.916708ms)
✔ WHAT[verification-system-016] tracked corpus rejects a symbolic file outside ordinary input roots (826.103708ms)
✔ WHAT[verification-system-016] tracked corpus rejects a symbolic ancestor outside ordinary input roots (555.303833ms)
✔ WHAT[verification-system-016] tracked corpus rejects a dangling symbolic file outside ordinary input roots (681.898417ms)
✔ WHAT[verification-system-016] tracked corpus rejects a dangling symbolic ancestor outside ordinary input roots (578.536167ms)
✔ WHAT[verification-system-016] tracked corpus proposals contribute their actual content to verification inputs (885.696167ms)
✔ WHAT[verification-system-016] corpus tracking addition changes verification identity without changing file bytes (724.312584ms)
✔ WHAT[verification-system-016] corpus tracking removal changes verification identity without changing file bytes (798.563334ms)
✔ WHAT[verification-system-016] collectGeneratedInputs rejects failed Git corpus inventory (320.467208ms)
✔ WHAT[verification-system-016] collectVerificationInputs rejects failed Git corpus inventory (337.598959ms)
✔ WHAT[verification-system-016] failed Git corpus inventory stops verification before any stage starts (283.54475ms)
✔ WHAT[verification-system-016] collectVerificationInputs collects expected relative paths and diff detects mutations (1055.486125ms)
✔ WHAT[verification-system-016] verify detects mid-flight inputs change via runStep perturbation and halts with fail (1527.928583ms)
✔ WHAT[verification-system-016] verify with isolated logDirectory creates run dir and latest link without touching repo root (940.618833ms)
✔ WHAT[verification-system-016] a detected step-boundary mutation prevents later steps (704.6135ms)
⚠ WHAT[verification-system-016] a mutation restored within one step still invalidates the run (1021.0725ms) # D2: fixed isolated inputs selected; current runner still uses mutable inputs and step-boundary hashes miss this counterexample
ℹ tests 32
ℹ suites 0
ℹ pass 30
ℹ fail 0
ℹ cancelled 0
ℹ skipped 0
ℹ todo 2
ℹ duration_ms 31406.286458

✖ failing tests:

test at requirements/verification-system/tests/016.test.mjs:587:1
⚠ WHAT[verification-system-016] a mutation restored within one step still invalidates the run (1021.0725ms) # D2: fixed isolated inputs selected; current runner still uses mutable inputs and step-boundary hashes miss this counterexample
  AssertionError [ERR_ASSERTION]: changing and restoring an input is not a stable verification run
  
  0 !== 1
  
      at TestContext.<anonymous> (file:///Users/yuanxi/Workwork/vibe-fs/requirements/verification-system/tests/016.test.mjs:605:12)
      at async Test.run (node:internal/test_runner/test:1404:7)
      at async Test.processPendingSubtests (node:internal/test_runner/test:969:7) {
    generatedMessage: false,
    code: 'ERR_ASSERTION',
    actual: 0,
    expected: 1,
    operator: 'strictEqual',
    diff: 'simple'
  }
