TAP version 13
# Subtest: WHAT[structured-workflow-012] production focused closure carries upstream type-definition shards (CompanionHost regression)
ok 1 - WHAT[structured-workflow-012] production focused closure carries upstream type-definition shards (CompanionHost regression)
  ---
  duration_ms: 43.59
  type: 'test'
  ...
# Subtest: WHAT[structured-workflow-012] focused Controller compilation includes the exact ChatExecution contract used by SessionHostPort
ok 2 - WHAT[structured-workflow-012] focused Controller compilation includes the exact ChatExecution contract used by SessionHostPort
  ---
  duration_ms: 29.574209
  type: 'test'
  ...
1..2
# tests 2
# suites 0
# pass 2
# fail 0
# cancelled 0
# skipped 0
# todo 0
# duration_ms 298.220584
