TAP version 13
# Subtest: WHAT[verification-system-016] explicit dependency archive identity preserves complete bytes modes and internal links independently of its origin
ok 1 - WHAT[verification-system-016] explicit dependency archive identity preserves complete bytes modes and internal links independently of its origin
  ---
  duration_ms: 100.651208
  type: 'test'
  ...
# Subtest: WHAT[verification-system-016] dependency preparation rejects an unselected archive and binds lockfile and executable bytes to identity
ok 2 - WHAT[verification-system-016] dependency preparation rejects an unselected archive and binds lockfile and executable bytes to identity
  ---
  duration_ms: 40.175416
  type: 'test'
  ...
# Subtest: WHAT[verification-system-016] dependency archives reject external dangling cyclic aliasing and special entries without publishing or escaping their owned root
ok 3 - WHAT[verification-system-016] dependency archives reject external dangling cyclic aliasing and special entries without publishing or escaping their owned root
  ---
  duration_ms: 47.026708
  type: 'test'
  ...
# Subtest: WHAT[verification-system-016] dependency preparation fully consumes compressed archives and refuses malformed or truncated input and linked lockfiles
ok 4 - WHAT[verification-system-016] dependency preparation fully consumes compressed archives and refuses malformed or truncated input and linked lockfiles
  ---
  duration_ms: 33.1635
  type: 'test'
  ...
1..4
# tests 4
# suites 0
# pass 4
# fail 0
# cancelled 0
# skipped 0
# todo 0
# duration_ms 306.333334
