TAP version 13
# Subtest: WHAT[delegation-028] Delegation contract excludes workflow Host PTY and recovery sources
ok 1 - WHAT[delegation-028] Delegation contract excludes workflow Host PTY and recovery sources
  ---
  duration_ms: 5.100667
  type: 'test'
  ...
# Subtest: WHAT[delegation-028] current compile plans meet declared budgets and source-placement audit
not ok 2 - WHAT[delegation-028] current compile plans meet declared budgets and source-placement audit
  ---
  duration_ms: 45.1825
  type: 'test'
  location: '/Users/yuanxi/Workwork/vibe-fs/requirements/delegation/tests/028.test.mjs:138:1'
  failureType: 'testCodeFailure'
  error: 'delegation-recovery-runtime grew beyond its recorded ratchet 56 — revise WHAT[delegation-028] or shrink the closure'
  code: 'ERR_ASSERTION'
  name: 'AssertionError'
  expected: true
  actual: false
  operator: '=='
  stack: |-
    TestContext.<anonymous> (file:///Users/yuanxi/Workwork/vibe-fs/requirements/delegation/tests/028.test.mjs:157:12)
    Test.runInAsyncScope (node:async_hooks:214:14)
    Test.run (node:internal/test_runner/test:1047:25)
    Test.processPendingSubtests (node:internal/test_runner/test:744:18)
    Test.postRun (node:internal/test_runner/test:1173:19)
    Test.run (node:internal/test_runner/test:1101:12)
    async startSubtestAfterBootstrap (node:internal/test_runner/harness:296:3)
  ...
# Subtest: WHAT[delegation-028] each bounded locality actually compiles independently with only its declared transitive inputs (GAP-153)
ok 3 - WHAT[delegation-028] each bounded locality actually compiles independently with only its declared transitive inputs (GAP-153) # TODO
  ---
  duration_ms: 0.062708
  type: 'test'
  ...
# Subtest: WHAT[delegation-028] delegation-029 boundary ignores locality kind labels entirely
ok 4 - WHAT[delegation-028] delegation-029 boundary ignores locality kind labels entirely
  ---
  duration_ms: 1.049125
  type: 'test'
  ...
1..4
# tests 4
# suites 0
# pass 2
# fail 1
# cancelled 0
# skipped 0
# todo 1
# duration_ms 142.337792
