runner: scoped 使用 TESTS_MJS_FILES=21 files
runner: build is current (1796 sources, 885 artifacts)
runner: discovery OVERRIDDEN by TESTS_MJS_FILES (21 file(s))
runner: 21 test file(s), 5000ms verdict-silence window
coverage: running tests with NODE_V8_COVERAGE in /private/var/folders/g_/3ydzn7kx5lg9ylq8fd9p_13r0000gn/T/cov-root-alias-2bhmH8/actual/.fable-build/coverage/1791089803527-31189/raw...
js-boundary-gate: 2 violation(s) across 1 file(s)
  ../../../../var/folders/g_/3ydzn7kx5lg9ylq8fd9p_13r0000gn/T/boundary-gate-red-rgC34W/requirements/sample-pkg/tests/debt.test.mjs:1 [deep-dist-import] import * as mod from '../../../dist/Internal/UnregisteredModule.js'
  ../../../../var/folders/g_/3ydzn7kx5lg9ylq8fd9p_13r0000gn/T/boundary-gate-red-rgC34W/requirements/sample-pkg/tests/debt.test.mjs:2 [export-discovery] const names = Object.keys(mod)
js-boundary-gate: OK — 0 debt line(s) across 0 file(s)
js-boundary-gate: OK — 0 debt line(s) across 0 file(s)
js-boundary-gate: 1 violation(s) across 1 file(s)
  ../../../../var/folders/g_/3ydzn7kx5lg9ylq8fd9p_13r0000gn/T/boundary-environment-q09fpE/requirements/sample/tests/001.test.mjs:3 [mangled-lookup] const name = 'Example__run'; name.startsWith('Example__')
js-boundary-gate: 1 violation(s) across 1 file(s)
  ../../../../var/folders/g_/3ydzn7kx5lg9ylq8fd9p_13r0000gn/T/boundary-environment-q09fpE/requirements/sample/tests/001.test.mjs:3 [mangled-lookup] const name = '_Method'; name.endsWith('_Method')
js-boundary-gate: 1 violation(s) across 1 file(s)
  ../../../../var/folders/g_/3ydzn7kx5lg9ylq8fd9p_13r0000gn/T/boundary-environment-q09fpE/requirements/sample/tests/001.test.mjs:3 [mangled-lookup] Object.keys(process.env).filter((env) => { const name = 'Example__run'; return name.startsWith('Example__') })

coverage: OK (2 production modules covered, report in /private/var/folders/g_/3ydzn7kx5lg9ylq8fd9p_13r0000gn/T/cov-root-alias-2bhmH8/actual/.fable-build/coverage/1791089803527-31189/report)
coverage: running tests with NODE_V8_COVERAGE in /private/var/folders/g_/3ydzn7kx5lg9ylq8fd9p_13r0000gn/T/cov-test-1-BouYWV/.fable-build/coverage/1791089803843-31189/raw...

coverage: OK (2 production modules covered, report in /private/var/folders/g_/3ydzn7kx5lg9ylq8fd9p_13r0000gn/T/cov-test-1-BouYWV/.fable-build/coverage/1791089803843-31189/report)
coverage: running tests with NODE_V8_COVERAGE in /private/var/folders/g_/3ydzn7kx5lg9ylq8fd9p_13r0000gn/T/cov-test-2-qB5oio/.fable-build/coverage/1791089804096-31189/raw...

coverage: OK (2 production modules covered, report in /private/var/folders/g_/3ydzn7kx5lg9ylq8fd9p_13r0000gn/T/cov-test-2-qB5oio/.fable-build/coverage/1791089804096-31189/report)
coverage: running tests with NODE_V8_COVERAGE in /private/var/folders/g_/3ydzn7kx5lg9ylq8fd9p_13r0000gn/T/cov-test-3-t6Vk57/.fable-build/coverage/1791089804324-31189/raw...

coverage: OK (3 production modules covered, report in /private/var/folders/g_/3ydzn7kx5lg9ylq8fd9p_13r0000gn/T/cov-test-3-t6Vk57/.fable-build/coverage/1791089804324-31189/report)
runner: 1 test file(s), 10000ms verdict-silence window
coverage: running tests with NODE_V8_COVERAGE in /private/var/folders/g_/3ydzn7kx5lg9ylq8fd9p_13r0000gn/T/cov-test-4-VCtxnv/.fable-build/coverage/1791089804613-31189/raw...
runner: post-exit group verification/reclamation: pid=31334; elapsedMs=58.032; accepted=true

runner: 1 passed, 0 failed; 0/1 planned file(s) completed
runner: incomplete run; no completion for /Users/yuanxi/Workwork/vibe-fs/requirements/verification-system/tests/support/fixtures/two-leaf.fixture.mjs
runner: 1 test file(s), 1000ms verdict-silence window
runner: post-exit group verification/reclamation: pid=31366; elapsedMs=56.314; accepted=true

runner: 1 passed, 0 failed; 1/1 planned file(s) completed
runner: incomplete run; not every planned file stream drained
runner: 1 test file(s), 10000ms verdict-silence window
TAP version 13
# Subtest: leaf one
ok 1 - leaf one
  ---
  duration_ms: 0.389083
  type: 'test'
  ...
# Subtest: leaf two
ok 2 - leaf two
  ---
  duration_ms: 0.05875
  type: 'test'
  ...
1..2
# tests 2
# suites 0
# pass 2
# fail 0
# cancelled 0
# skipped 0
# todo 0
# duration_ms 6.1765
runner: post-exit group verification/reclamation: pid=31378; elapsedMs=42.481; accepted=true
runner: inner runner failed to provide authoritative summary

runner: verdict counts unavailable; no authoritative summary; 0/1 planned file(s) completed

coverage: OK (2 production modules covered, report in /private/var/folders/g_/3ydzn7kx5lg9ylq8fd9p_13r0000gn/T/cov-test-4-VCtxnv/.fable-build/coverage/1791089804613-31189/report)
coverage: running tests with NODE_V8_COVERAGE in /private/var/folders/g_/3ydzn7kx5lg9ylq8fd9p_13r0000gn/T/cov-test-5-jXG7Ib/.fable-build/coverage/1791089805004-31189/raw...
runner: 1 test file(s), 10000ms verdict-silence window
runner: post-exit group verification/reclamation: pid=31395; elapsedMs=30.340; accepted=true

runner: 1 passed, 0 failed; 1/1 planned file(s) completed
runner: partial evidence; 0 skipped, 1 TODO; excluded cases are not passes
runner: pending proof prevents complete acceptance
runner: 1 test file(s), 10000ms verdict-silence window
coverage: unit tests failed (status 1)
coverage: running tests with NODE_V8_COVERAGE in /private/var/folders/g_/3ydzn7kx5lg9ylq8fd9p_13r0000gn/T/cov-test-6-l2QkK6/.fable-build/coverage/1791089805190-31189/raw...
runner: post-exit group verification/reclamation: pid=31406; elapsedMs=22.774; accepted=true

runner: 1 passed, 0 failed; 1/1 planned file(s) completed
runner: partial evidence; 0 skipped, 1 TODO; excluded cases are not passes
runner: pending proof prevents complete acceptance
runner: 2 test file(s), 10000ms verdict-silence window
node:internal/test_runner/harness:99
      throw err;
      ^

Error [ERR_MODULE_NOT_FOUND]: Cannot find module '/var/folders/g_/3ydzn7kx5lg9ylq8fd9p_13r0000gn/T/failed-test-file-9s2lPt/missing.fixture.mjs' imported from /Users/yuanxi/Workwork/vibe-fs/
    at finalizeResolution (node:internal/modules/esm/resolve:275:11)
    at moduleResolve (node:internal/modules/esm/resolve:865:10)
    at defaultResolve (node:internal/modules/esm/resolve:989:11)
    at #cachedDefaultResolve (node:internal/modules/esm/loader:747:20)
    at ModuleLoader.resolve (node:internal/modules/esm/loader:724:38)
    at ModuleLoader.getModuleJobForImport (node:internal/modules/esm/loader:320:38)
    at onImport.tracePromise.__proto__ (node:internal/modules/esm/loader:680:36)
    at TracingChannel.tracePromise (node:diagnostics_channel:350:14)
    at ModuleLoader.import (node:internal/modules/esm/loader:679:21)
    at node:internal/modules/run_main:179:35 {
  code: 'ERR_MODULE_NOT_FOUND',
  url: 'file:///var/folders/g_/3ydzn7kx5lg9ylq8fd9p_13r0000gn/T/failed-test-file-9s2lPt/missing.fixture.mjs'
}

Node.js v22.23.3

✖ failing tests:

test at /var/folders/g_/3ydzn7kx5lg9ylq8fd9p_13r0000gn/T/failed-test-file-9s2lPt/missing.fixture.mjs:1:1
✖ /var/folders/g_/3ydzn7kx5lg9ylq8fd9p_13r0000gn/T/failed-test-file-9s2lPt/missing.fixture.mjs (59.989ms)
  'test failed'


[test-summary] 2 file(s), 2 passed, 0 failed, 1 failed containers (0.06s wall, 0.00s test time)
runner: post-exit group verification/reclamation: pid=31419; elapsedMs=27.291; accepted=true
runner: 2 test(s), 0.0s of test time; max 4ms, p90 4ms, median 1ms

runner: 2 passed, 0 failed; 2/2 planned file(s) completed
runner: cancelled tests or failed containers prevent complete acceptance
runner: 2 test file(s), 10000ms verdict-silence window
coverage: unit tests failed (status 1)
coverage: running tests with NODE_V8_COVERAGE in /var/folders/g_/3ydzn7kx5lg9ylq8fd9p_13r0000gn/T/cov-test-7-PbRLFw/.fable-build/coverage/corrupt-run-id/raw...
node:internal/test_runner/harness:99
      throw err;
      ^

Error: fixture failed before registering any test
    at file:///private/var/folders/g_/3ydzn7kx5lg9ylq8fd9p_13r0000gn/T/failed-test-file-9s2lPt/broken.fixture.mjs:1:7
    at ModuleJob.run (node:internal/modules/esm/module_job:343:25)
    at async onImport.tracePromise.__proto__ (node:internal/modules/esm/loader:681:26)
    at async asyncRunEntryPointWithESMLoader (node:internal/modules/run_main:117:5)

Node.js v22.23.3
coverage: raw coverage file is corrupted: coverage-corrupt.json (Unexpected token 'C', "CORRUPTED "... is not valid JSON)

✖ failing tests:

test at /var/folders/g_/3ydzn7kx5lg9ylq8fd9p_13r0000gn/T/failed-test-file-9s2lPt/broken.fixture.mjs:1:1
✖ /var/folders/g_/3ydzn7kx5lg9ylq8fd9p_13r0000gn/T/failed-test-file-9s2lPt/broken.fixture.mjs (47.188ms)
  'test failed'


[test-summary] 2 file(s), 2 passed, 0 failed, 1 failed containers (0.06s wall, 0.00s test time)
coverage: running tests with NODE_V8_COVERAGE in /private/var/folders/g_/3ydzn7kx5lg9ylq8fd9p_13r0000gn/T/cov-test-8-763Syv/.fable-build/coverage/1791089805429-31189/raw...
runner: post-exit group verification/reclamation: pid=31437; elapsedMs=29.023; accepted=true
runner: 2 test(s), 0.0s of test time; max 2ms, p90 2ms, median 1ms

runner: 2 passed, 0 failed; 2/2 planned file(s) completed
runner: cancelled tests or failed containers prevent complete acceptance
coverage: reported files do not match build receipt outputs
coverage: running tests with NODE_V8_COVERAGE in /private/var/folders/g_/3ydzn7kx5lg9ylq8fd9p_13r0000gn/T/cov-test-9-G5zhlb/.fable-build/coverage/1791089805634-31189/raw...
coverage: input files changed during coverage run (INPUT_CHANGED):
  compiler: 206599f4fc9611101f2f8ff0b1a7e170b34d5c933b8c7d5897fc115f0b8adbee -> 6bb13746da7bf5f562411501acec96ebcdff2c375d0c17e4e8b10749190d4b72
  generated: 206599f4fc9611101f2f8ff0b1a7e170b34d5c933b8c7d5897fc115f0b8adbee -> 6bb13746da7bf5f562411501acec96ebcdff2c375d0c17e4e8b10749190d4b72
  artifact: 206599f4fc9611101f2f8ff0b1a7e170b34d5c933b8c7d5897fc115f0b8adbee -> 6bb13746da7bf5f562411501acec96ebcdff2c375d0c17e4e8b10749190d4b72
[36m[build][0m build up-to-date (no-op)
check.mjs: FAILED with 1 issue(s) across 1 gate(s)

Gate: /var/folders/g_/3ydzn7kx5lg9ylq8fd9p_13r0000gn/T/gate-failure-szXXGo/gate.mjs (1 issue(s))
  - [fail] controlled violation

check.mjs: fatal error: Cannot find module '/var/folders/g_/3ydzn7kx5lg9ylq8fd9p_13r0000gn/T/gate-failure-szXXGo/missing.mjs' imported from /Users/yuanxi/Workwork/vibe-fs/scripts/check.mjs
check.mjs: fatal error: controlled failure
fatal: .git/index: index file smaller than expected
fatal: .git/index: index file smaller than expected
fatal: .git/index: index file smaller than expected

[test-summary] 21 file(s), 310 passed, 0 failed, 11 skipped, 4 todo (56.26s wall, 136.28s test time)
  skip: /Users/yuanxi/Workwork/vibe-fs/requirements/verification-system/tests/014.test.mjs:WHAT[verification-system-014] Long Stroke 真实物理验收环境 — release tier not enabled
  skip: /Users/yuanxi/Workwork/vibe-fs/requirements/structured-workflow/tests/012.test.mjs:WHAT[structured-workflow-012] Mac nested mounted output resets under immutable input and cleanup preserves the original callback failure — integration tier not enabled
  skip: /Users/yuanxi/Workwork/vibe-fs/requirements/degeneration-guard/tests/004.test.mjs:WHAT[degeneration-guard-004] current runtime envelope matches a fresh repository derivation and the self-consistent prior — integration tier not enabled
  todo: /Users/yuanxi/Workwork/vibe-fs/requirements/degeneration-guard/tests/004.test.mjs:WHAT[degeneration-guard-004] actual build binds generator selector selected bytes and runtime traversal to one staged input (GAP-145) — reason not supplied
  skip: /Users/yuanxi/Workwork/vibe-fs/requirements/structured-workflow/tests/012.test.mjs:WHAT[structured-workflow-012] compile-impact CLI compiles a focused production implementation change — integration tier not enabled
  skip: /Users/yuanxi/Workwork/vibe-fs/requirements/structured-workflow/tests/012.test.mjs:WHAT[structured-workflow-012] switching focused closures in one output directory emits the newly selected module — integration tier not enabled
  skip: /Users/yuanxi/Workwork/vibe-fs/requirements/structured-workflow/tests/012.test.mjs:WHAT[structured-workflow-012] compile-impact CLI emits fresh output into a scratch output dir and never writes a success manifest — integration tier not enabled
  skip: /Users/yuanxi/Workwork/vibe-fs/requirements/structured-workflow/tests/012.test.mjs:WHAT[structured-workflow-012] compile-impact CLI re-emits reverse consumers for inline body changes — integration tier not enabled
  skip: /Users/yuanxi/Workwork/vibe-fs/requirements/structured-workflow/tests/012.test.mjs:WHAT[structured-workflow-012] deleting a source purges its stale JS from dist — integration tier not enabled
  skip: /Users/yuanxi/Workwork/vibe-fs/requirements/structured-workflow/tests/012.test.mjs:WHAT[structured-workflow-012] independent Fable checks enforce compile-shard input boundaries — integration tier not enabled
  todo: /Users/yuanxi/Workwork/vibe-fs/requirements/distribution/tests/005.test.mjs:WHAT[distribution-005] GAP-210: clean and incremental production outputs have identical bytes for identical inputs — reason not supplied
  skip: /Users/yuanxi/Workwork/vibe-fs/requirements/structured-workflow/tests/012.test.mjs:WHAT[structured-workflow-012] build failure preserves prior valid manifest and does not delete it (integration: compiler failure) — integration tier not enabled
  skip: /Users/yuanxi/Workwork/vibe-fs/requirements/structured-workflow/tests/012.test.mjs:WHAT[structured-workflow-012] flat closure compilation compiles transitive closure green and keeps unreferenced sources red — integration tier not enabled
  todo: /Users/yuanxi/Workwork/vibe-fs/requirements/verification-system/tests/016.test.mjs:WHAT[verification-system-016] the actual verification run binds its evidence to the same immutable candidate snapshot — reason not supplied
  todo: /Users/yuanxi/Workwork/vibe-fs/requirements/verification-system/tests/016.test.mjs:WHAT[verification-system-016] a mutation restored within one step still invalidates the run — D2: fixed isolated inputs selected; current runner still uses mutable inputs and step-boundary hashes miss this counterexample
runner: post-exit group verification/reclamation: pid=31179; elapsedMs=19.028; accepted=true
runner: 325 test(s), 136.3s of test time; max 23960ms, p90 1211ms, median 6ms
runner:   23960ms  WHAT[verification-system-016] npm tool archive installation owns selected complete tools and locked dependencies through publication
runner:   18322ms  WHAT[verification-system-016] selected Node and complete npm bundle preparation binds actual probes without borrowing ambient configuration
runner:    4155ms  WHAT[verification-system-016] two actual locked registry packages use the selected bundle layout and bind its complete identity after tools cleanup
runner:    3664ms  WHAT[verification-system-016] npm tool archive held install cancellation preserves Error and reclaims tools installation and dependencies
runner:    3473ms  WHAT[verification-system-016] npm tool archive rejects new tool member changed during a real held install and reclaims unpublished dependencies

runner: 310 passed, 0 failed; 21/21 planned file(s) completed
runner: partial evidence; 11 skipped, 4 TODO; excluded cases are not passes
runner: pending proof prevents complete acceptance
