TAP version 13
# Subtest: WHAT[verification-system-016] explicit dependency archive identity preserves complete bytes modes and internal links independently of its origin
not ok 1 - WHAT[verification-system-016] explicit dependency archive identity preserves complete bytes modes and internal links independently of its origin
  ---
  duration_ms: 46.512625
  type: 'test'
  location: '/Users/yuanxi/Workwork/vibe-fs/requirements/verification-system/tests/016.test.mjs:70:1'
  failureType: 'testCodeFailure'
  error: 'Materialized dependency link differs: node_modules/.bin/demo'
  code: 'dependency-candidate-entry-invalid'
  stack: |-
    invalidEntry (file:///Users/yuanxi/Workwork/vibe-fs/scripts/lib/verification-dependency-candidate.mjs:8:47)
    file:///Users/yuanxi/Workwork/vibe-fs/scripts/lib/verification-dependency-candidate.mjs:106:178
    Array.map (<anonymous>)
    Module.prepareVerificationDependencies (file:///Users/yuanxi/Workwork/vibe-fs/scripts/lib/verification-dependency-candidate.mjs:102:29)
    async TestContext.<anonymous> (file:///Users/yuanxi/Workwork/vibe-fs/requirements/verification-system/tests/016.test.mjs:76:49)
    async Test.run (node:internal/test_runner/test:1054:7)
    async startSubtestAfterBootstrap (node:internal/test_runner/harness:296:3)
  ...
# Subtest: WHAT[verification-system-016] dependency preparation rejects an unselected archive and binds lockfile and executable bytes to identity
not ok 2 - WHAT[verification-system-016] dependency preparation rejects an unselected archive and binds lockfile and executable bytes to identity
  ---
  duration_ms: 31.203625
  type: 'test'
  location: '/Users/yuanxi/Workwork/vibe-fs/requirements/verification-system/tests/016.test.mjs:101:1'
  failureType: 'testCodeFailure'
  error: 'Materialized dependency link differs: node_modules/.bin/demo'
  code: 'dependency-candidate-entry-invalid'
  stack: |-
    invalidEntry (file:///Users/yuanxi/Workwork/vibe-fs/scripts/lib/verification-dependency-candidate.mjs:8:47)
    file:///Users/yuanxi/Workwork/vibe-fs/scripts/lib/verification-dependency-candidate.mjs:106:178
    Array.map (<anonymous>)
    Module.prepareVerificationDependencies (file:///Users/yuanxi/Workwork/vibe-fs/scripts/lib/verification-dependency-candidate.mjs:102:29)
    async TestContext.<anonymous> (file:///Users/yuanxi/Workwork/vibe-fs/requirements/verification-system/tests/016.test.mjs:109:21)
    async Test.run (node:internal/test_runner/test:1054:7)
    async Test.processPendingSubtests (node:internal/test_runner/test:744:7)
  ...
# Subtest: WHAT[verification-system-016] dependency archives reject external dangling cyclic aliasing and special entries without publishing or escaping their owned root
ok 3 - WHAT[verification-system-016] dependency archives reject external dangling cyclic aliasing and special entries without publishing or escaping their owned root
  ---
  duration_ms: 28.260917
  type: 'test'
  ...
1..3
# tests 3
# suites 0
# pass 1
# fail 2
# cancelled 0
# skipped 0
# todo 0
# duration_ms 186.515917
