TAP version 13
# Subtest: WHAT[verification-system-016] project graph rejects null lock framework dependency map without publishing a restore receipt
not ok 1 - WHAT[verification-system-016] project graph rejects null lock framework dependency map without publishing a restore receipt
  ---
  duration_ms: 1508.748
  type: 'test'
  location: '/Users/yuanxi/Workwork/vibe-fs/requirements/verification-system/tests/support/nuget-project-tests.mjs:292:5'
  failureType: 'testCodeFailure'
  error: 'Unexpected project failure: TypeError: Cannot convert undefined or null to object'
  code: 'ERR_ASSERTION'
  name: 'AssertionError'
  expected: true
  actual: false
  operator: '=='
  stack: |-
    rejectsProject (file:///Users/yuanxi/Workwork/vibe-fs/requirements/verification-system/tests/support/nuget-project-tests.mjs:207:12)
    process.processTicksAndRejections (node:internal/process/task_queues:103:5)
    async withProjectFixture.includeDependency (file:///Users/yuanxi/Workwork/vibe-fs/requirements/verification-system/tests/support/nuget-project-tests.mjs:294:9)
    async withProjectFixture (file:///Users/yuanxi/Workwork/vibe-fs/requirements/verification-system/tests/support/nuget-project-tests.mjs:173:20)
    async TestContext.<anonymous> (file:///Users/yuanxi/Workwork/vibe-fs/requirements/verification-system/tests/support/nuget-project-tests.mjs:293:7)
    async Test.run (node:internal/test_runner/test:1054:7)
    async startSubtestAfterBootstrap (node:internal/test_runner/harness:296:3)
  ...
# Subtest: WHAT[verification-system-016] project graph rejects array lock framework dependency map without publishing a restore receipt
ok 2 - WHAT[verification-system-016] project graph rejects array lock framework dependency map without publishing a restore receipt
  ---
  duration_ms: 769.123334
  type: 'test'
  ...
1..2
# tests 2
# suites 0
# pass 1
# fail 1
# cancelled 0
# skipped 0
# todo 0
# duration_ms 2285.857291
