TAP version 13
# Subtest: WHAT[verification-system-016] selected complete Fable tool compiles the original repository project and generated Identity consumers
    # Subtest: WHAT[verification-system-016] real Fable preparation selects a complete immutable Git tree and SDK archive without rewriting the original project
    ok 1 - WHAT[verification-system-016] real Fable preparation selects a complete immutable Git tree and SDK archive without rewriting the original project
      ---
      duration_ms: 19262.228041
      type: 'test'
      ...
    # Subtest: WHAT[verification-system-016] real selected Fable tools and original project restore produce independent prepared input owners
    ok 2 - WHAT[verification-system-016] real selected Fable tools and original project restore produce independent prepared input owners
      ---
      duration_ms: 11079.819625
      type: 'test'
      ...
    # Subtest: WHAT[verification-system-016] actual Fable compiles the original project into an owned seed and binds the complete output receipt
    ok 3 - WHAT[verification-system-016] actual Fable compiles the original project into an owned seed and binds the complete output receipt
      ---
      duration_ms: 17720.585375
      type: 'test'
      ...
    # Subtest: WHAT[verification-system-016] actual generated JavaScript preserves public Identity behavior and all prepared owner lifetimes
    ok 4 - WHAT[verification-system-016] actual generated JavaScript preserves public Identity behavior and all prepared owner lifetimes
      ---
      duration_ms: 11067.758041
      type: 'test'
      ...
    1..4
ok 1 - WHAT[verification-system-016] selected complete Fable tool compiles the original repository project and generated Identity consumers
  ---
  duration_ms: 59135.476917
  type: 'test'
  ...
# {"treeId":"176a8f3fa2d8bc61eb1b2833b0791d65dc5bd035","sourceDigest":"fb9ab36119d96e8fa5fabc9704997b430a8a068d95e6f6a6a97715b7ad47c962","sdkDigest":"e05f113650fea2e9a5555367038c52dabf9dc1f58d104eb36dc3be65f940f248","projectPath":"src/Wanxiangshu/Wanxiangshu.Owner.dispatch-protocol.foundation-identity.fsproj","provenance":"explicit selected archive bytes; this fixture does not authenticate their publisher"}
# {"compileDigest":"2b5564a9ec2ca1ef74bd34fff43d71296131626a1426bc10e4975183568970ee","entries":195,"fable":{"id":"fable","version":"5.13.0","command":"fable","executable":"packages/fable/5.13.0/tools/net10.0/any/fable.dll"},"actualJavaScriptConsumer":{"session":"selected-session","revision":"8","quiescenceLoaded":true,"nodeVersion":"v22.23.3"},"readOnlyMounted":false,"actualVerifyBound":false}
1..1
# tests 5
# suites 0
# pass 5
# fail 0
# cancelled 0
# skipped 0
# todo 0
# duration_ms 59139.489042
