TAP version 13
# Subtest: WHAT[verification-system-016] actual selected original project after phase admission repair
    # Subtest: WHAT[verification-system-016] project restore captures an explicit complete Git tree, selected SDK, and four package archive identities
    not ok 1 - WHAT[verification-system-016] project restore captures an explicit complete Git tree, selected SDK, and four package archive identities
      ---
      duration_ms: 0.764333
      type: 'test'
      location: '/Users/yuanxi/Workwork/vibe-fs/requirements/verification-system/tests/support/repository-nuget-project-tests.mjs:94:13'
      failureType: 'testCodeFailure'
      error: 'An explicit immutable source tree must be selected independently of the current dirty workspace'
      code: 'ERR_ASSERTION'
      name: 'AssertionError'
      expected:
      actual: ''
      operator: 'match'
      stack: |-
        TestContext.<anonymous> (file:///Users/yuanxi/Workwork/vibe-fs/requirements/verification-system/tests/support/repository-nuget-project-tests.mjs:96:14)
        Test.runInAsyncScope (node:async_hooks:214:14)
        Test.run (node:internal/test_runner/test:1047:25)
        Test.start (node:internal/test_runner/test:944:17)
        TestContext.test (node:internal/test_runner/test:373:20)
        TestContext.repositoryNugetProjectTest (file:///Users/yuanxi/Workwork/vibe-fs/requirements/verification-system/tests/support/repository-nuget-project-tests.mjs:94:13)
        Test.runInAsyncScope (node:async_hooks:214:14)
        Test.run (node:internal/test_runner/test:1047:25)
        Test.start (node:internal/test_runner/test:944:17)
        startSubtestAfterBootstrap (node:internal/test_runner/harness:296:17)
      ...
    1..1
not ok 1 - WHAT[verification-system-016] actual selected original project after phase admission repair
  ---
  duration_ms: 2.427041
  type: 'test'
  location: '/Users/yuanxi/Workwork/vibe-fs/[eval1]:1:157'
  failureType: 'subtestsFailed'
  error: '1 subtest failed'
  code: 'ERR_TEST_FAILURE'
  ...
1..1
# tests 2
# suites 0
# pass 0
# fail 2
# cancelled 0
# skipped 0
# todo 0
# duration_ms 6.250958
