runner: scoped 使用 TESTS_MJS_FILES=19 files
runner: build is current (1796 sources, 885 artifacts)
runner: discovery OVERRIDDEN by TESTS_MJS_FILES (19 file(s))
runner: 19 test file(s), 5000ms verdict-silence window
js-boundary-gate: 2 violation(s) across 1 file(s)
  ../../../../var/folders/g_/3ydzn7kx5lg9ylq8fd9p_13r0000gn/T/boundary-gate-red-uUDzDw/requirements/sample-pkg/tests/debt.test.mjs:1 [deep-dist-import] import * as mod from '../../../dist/Internal/UnregisteredModule.js'
  ../../../../var/folders/g_/3ydzn7kx5lg9ylq8fd9p_13r0000gn/T/boundary-gate-red-uUDzDw/requirements/sample-pkg/tests/debt.test.mjs:2 [export-discovery] const names = Object.keys(mod)
js-boundary-gate: OK — 0 debt line(s) across 0 file(s)
coverage: running tests with NODE_V8_COVERAGE in /private/var/folders/g_/3ydzn7kx5lg9ylq8fd9p_13r0000gn/T/cov-root-alias-a5YDI8/actual/.fable-build/coverage/1791088082215-20381/raw...
js-boundary-gate: OK — 0 debt line(s) across 0 file(s)
js-boundary-gate: 1 violation(s) across 1 file(s)
  ../../../../var/folders/g_/3ydzn7kx5lg9ylq8fd9p_13r0000gn/T/boundary-environment-BDbfkr/requirements/sample/tests/001.test.mjs:3 [mangled-lookup] const name = 'Example__run'; name.startsWith('Example__')
js-boundary-gate: 1 violation(s) across 1 file(s)
  ../../../../var/folders/g_/3ydzn7kx5lg9ylq8fd9p_13r0000gn/T/boundary-environment-BDbfkr/requirements/sample/tests/001.test.mjs:3 [mangled-lookup] const name = '_Method'; name.endsWith('_Method')
js-boundary-gate: 1 violation(s) across 1 file(s)
  ../../../../var/folders/g_/3ydzn7kx5lg9ylq8fd9p_13r0000gn/T/boundary-environment-BDbfkr/requirements/sample/tests/001.test.mjs:3 [mangled-lookup] Object.keys(process.env).filter((env) => { const name = 'Example__run'; return name.startsWith('Example__') })

coverage: OK (2 production modules covered, report in /private/var/folders/g_/3ydzn7kx5lg9ylq8fd9p_13r0000gn/T/cov-root-alias-a5YDI8/actual/.fable-build/coverage/1791088082215-20381/report)
coverage: running tests with NODE_V8_COVERAGE in /private/var/folders/g_/3ydzn7kx5lg9ylq8fd9p_13r0000gn/T/cov-test-1-uaRYyx/.fable-build/coverage/1791088082495-20381/raw...

coverage: OK (2 production modules covered, report in /private/var/folders/g_/3ydzn7kx5lg9ylq8fd9p_13r0000gn/T/cov-test-1-uaRYyx/.fable-build/coverage/1791088082495-20381/report)
coverage: running tests with NODE_V8_COVERAGE in /private/var/folders/g_/3ydzn7kx5lg9ylq8fd9p_13r0000gn/T/cov-test-2-GPXb9p/.fable-build/coverage/1791088082753-20381/raw...

coverage: OK (2 production modules covered, report in /private/var/folders/g_/3ydzn7kx5lg9ylq8fd9p_13r0000gn/T/cov-test-2-GPXb9p/.fable-build/coverage/1791088082753-20381/report)
coverage: running tests with NODE_V8_COVERAGE in /private/var/folders/g_/3ydzn7kx5lg9ylq8fd9p_13r0000gn/T/cov-test-3-BO0nXL/.fable-build/coverage/1791088082971-20381/raw...
runner: 1 test file(s), 10000ms verdict-silence window

coverage: OK (3 production modules covered, report in /private/var/folders/g_/3ydzn7kx5lg9ylq8fd9p_13r0000gn/T/cov-test-3-BO0nXL/.fable-build/coverage/1791088082971-20381/report)
coverage: running tests with NODE_V8_COVERAGE in /private/var/folders/g_/3ydzn7kx5lg9ylq8fd9p_13r0000gn/T/cov-test-4-idZpPd/.fable-build/coverage/1791088083190-20381/raw...
runner: post-exit group verification/reclamation: pid=20518; elapsedMs=54.005; accepted=true

runner: 1 passed, 0 failed; 0/1 planned file(s) completed
runner: incomplete run; no completion for /Users/yuanxi/Workwork/vibe-fs/requirements/verification-system/tests/support/fixtures/two-leaf.fixture.mjs
runner: 1 test file(s), 1000ms verdict-silence window
runner: post-exit group verification/reclamation: pid=20530; elapsedMs=52.264; accepted=true

runner: 1 passed, 0 failed; 1/1 planned file(s) completed
runner: incomplete run; not every planned file stream drained
runner: 1 test file(s), 10000ms verdict-silence window
TAP version 13
# Subtest: leaf one
ok 1 - leaf one
  ---
  duration_ms: 0.362584
  type: 'test'
  ...
# Subtest: leaf two
ok 2 - leaf two
  ---
  duration_ms: 0.05625
  type: 'test'
  ...
1..2
# tests 2
# suites 0
# pass 2
# fail 0
# cancelled 0
# skipped 0
# todo 0
# duration_ms 6.332042
runner: post-exit group verification/reclamation: pid=20542; elapsedMs=25.486; accepted=true
runner: inner runner failed to provide authoritative summary

runner: verdict counts unavailable; no authoritative summary; 0/1 planned file(s) completed

coverage: OK (2 production modules covered, report in /private/var/folders/g_/3ydzn7kx5lg9ylq8fd9p_13r0000gn/T/cov-test-4-idZpPd/.fable-build/coverage/1791088083190-20381/report)
coverage: running tests with NODE_V8_COVERAGE in /private/var/folders/g_/3ydzn7kx5lg9ylq8fd9p_13r0000gn/T/cov-test-5-V7r6e3/.fable-build/coverage/1791088083494-20381/raw...
runner: 1 test file(s), 10000ms verdict-silence window
runner: post-exit group verification/reclamation: pid=20586; elapsedMs=25.414; accepted=true

runner: 1 passed, 0 failed; 1/1 planned file(s) completed
runner: partial evidence; 0 skipped, 1 TODO; excluded cases are not passes
runner: pending proof prevents complete acceptance
runner: 1 test file(s), 10000ms verdict-silence window
runner: post-exit group verification/reclamation: pid=20625; elapsedMs=23.178; accepted=true

runner: 1 passed, 0 failed; 1/1 planned file(s) completed
runner: partial evidence; 0 skipped, 1 TODO; excluded cases are not passes
runner: pending proof prevents complete acceptance
runner: 2 test file(s), 10000ms verdict-silence window
coverage: unit tests failed (status 1)
coverage: running tests with NODE_V8_COVERAGE in /private/var/folders/g_/3ydzn7kx5lg9ylq8fd9p_13r0000gn/T/cov-test-6-MDr3Oi/.fable-build/coverage/1791088083657-20381/raw...
node:internal/test_runner/harness:99
      throw err;
      ^

Error [ERR_MODULE_NOT_FOUND]: Cannot find module '/var/folders/g_/3ydzn7kx5lg9ylq8fd9p_13r0000gn/T/failed-test-file-oYqNNW/missing.fixture.mjs' imported from /Users/yuanxi/Workwork/vibe-fs/
    at finalizeResolution (node:internal/modules/esm/resolve:275:11)
    at moduleResolve (node:internal/modules/esm/resolve:865:10)
    at defaultResolve (node:internal/modules/esm/resolve:989:11)
    at #cachedDefaultResolve (node:internal/modules/esm/loader:747:20)
    at ModuleLoader.resolve (node:internal/modules/esm/loader:724:38)
    at ModuleLoader.getModuleJobForImport (node:internal/modules/esm/loader:320:38)
    at onImport.tracePromise.__proto__ (node:internal/modules/esm/loader:680:36)
    at TracingChannel.tracePromise (node:diagnostics_channel:350:14)
    at ModuleLoader.import (node:internal/modules/esm/loader:679:21)
    at node:internal/modules/run_main:179:35 {
  code: 'ERR_MODULE_NOT_FOUND',
  url: 'file:///var/folders/g_/3ydzn7kx5lg9ylq8fd9p_13r0000gn/T/failed-test-file-oYqNNW/missing.fixture.mjs'
}

Node.js v22.23.3

✖ failing tests:

test at /var/folders/g_/3ydzn7kx5lg9ylq8fd9p_13r0000gn/T/failed-test-file-oYqNNW/missing.fixture.mjs:1:1
✖ /var/folders/g_/3ydzn7kx5lg9ylq8fd9p_13r0000gn/T/failed-test-file-oYqNNW/missing.fixture.mjs (48.983ms)
  'test failed'


[test-summary] 2 file(s), 2 passed, 0 failed, 1 failed containers (0.06s wall, 0.00s test time)
runner: post-exit group verification/reclamation: pid=20654; elapsedMs=30.532; accepted=true
runner: 2 test(s), 0.0s of test time; max 4ms, p90 4ms, median 1ms

runner: 2 passed, 0 failed; 2/2 planned file(s) completed
runner: cancelled tests or failed containers prevent complete acceptance
runner: 2 test file(s), 10000ms verdict-silence window
coverage: unit tests failed (status 1)
coverage: running tests with NODE_V8_COVERAGE in /var/folders/g_/3ydzn7kx5lg9ylq8fd9p_13r0000gn/T/cov-test-7-aml0Te/.fable-build/coverage/corrupt-run-id/raw...
node:internal/test_runner/harness:99
      throw err;
      ^

Error: fixture failed before registering any test
    at file:///private/var/folders/g_/3ydzn7kx5lg9ylq8fd9p_13r0000gn/T/failed-test-file-oYqNNW/broken.fixture.mjs:1:7
    at ModuleJob.run (node:internal/modules/esm/module_job:343:25)
    at async onImport.tracePromise.__proto__ (node:internal/modules/esm/loader:681:26)
    at async asyncRunEntryPointWithESMLoader (node:internal/modules/run_main:117:5)

Node.js v22.23.3

✖ failing tests:

test at /var/folders/g_/3ydzn7kx5lg9ylq8fd9p_13r0000gn/T/failed-test-file-oYqNNW/broken.fixture.mjs:1:1
✖ /var/folders/g_/3ydzn7kx5lg9ylq8fd9p_13r0000gn/T/failed-test-file-oYqNNW/broken.fixture.mjs (43.166ms)
  'test failed'


[test-summary] 2 file(s), 2 passed, 0 failed, 1 failed containers (0.05s wall, 0.00s test time)
coverage: raw coverage file is corrupted: coverage-corrupt.json (Unexpected token 'C', "CORRUPTED "... is not valid JSON)
coverage: running tests with NODE_V8_COVERAGE in /private/var/folders/g_/3ydzn7kx5lg9ylq8fd9p_13r0000gn/T/cov-test-8-Urmq5f/.fable-build/coverage/1791088083863-20381/raw...
runner: post-exit group verification/reclamation: pid=20705; elapsedMs=23.908; accepted=true
runner: 2 test(s), 0.0s of test time; max 2ms, p90 2ms, median 1ms

runner: 2 passed, 0 failed; 2/2 planned file(s) completed
runner: cancelled tests or failed containers prevent complete acceptance
coverage: reported files do not match build receipt outputs
coverage: running tests with NODE_V8_COVERAGE in /private/var/folders/g_/3ydzn7kx5lg9ylq8fd9p_13r0000gn/T/cov-test-9-pr3ZxW/.fable-build/coverage/1791088084025-20381/raw...
coverage: input files changed during coverage run (INPUT_CHANGED):
  compiler: 2740f55a65a9fc39c020bd2c2f2fb5c27c80358f049e5e471f7ded0baec99373 -> 7d7475741f01fd04fcd68ebe6f9ddcb1167c401ac49b3b5f795bcbbc0bcb0e0b
  generated: 2740f55a65a9fc39c020bd2c2f2fb5c27c80358f049e5e471f7ded0baec99373 -> 7d7475741f01fd04fcd68ebe6f9ddcb1167c401ac49b3b5f795bcbbc0bcb0e0b
  artifact: 2740f55a65a9fc39c020bd2c2f2fb5c27c80358f049e5e471f7ded0baec99373 -> 7d7475741f01fd04fcd68ebe6f9ddcb1167c401ac49b3b5f795bcbbc0bcb0e0b
check.mjs: FAILED with 1 issue(s) across 1 gate(s)

Gate: /var/folders/g_/3ydzn7kx5lg9ylq8fd9p_13r0000gn/T/gate-failure-LckN1t/gate.mjs (1 issue(s))
  - [fail] controlled violation

check.mjs: fatal error: Cannot find module '/var/folders/g_/3ydzn7kx5lg9ylq8fd9p_13r0000gn/T/gate-failure-LckN1t/missing.mjs' imported from /Users/yuanxi/Workwork/vibe-fs/scripts/check.mjs
check.mjs: fatal error: controlled failure
fatal: .git/index: index file smaller than expected
fatal: .git/index: index file smaller than expected
fatal: .git/index: index file smaller than expected

[test-summary] 19 file(s), 259 passed, 0 failed, 2 skipped, 3 todo (30.71s wall, 75.25s test time)
  skip: /Users/yuanxi/Workwork/vibe-fs/requirements/verification-system/tests/014.test.mjs:WHAT[verification-system-014] Long Stroke 真实物理验收环境 — release tier not enabled
  skip: /Users/yuanxi/Workwork/vibe-fs/requirements/degeneration-guard/tests/004.test.mjs:WHAT[degeneration-guard-004] current runtime envelope matches a fresh repository derivation and the self-consistent prior — integration tier not enabled
  todo: /Users/yuanxi/Workwork/vibe-fs/requirements/degeneration-guard/tests/004.test.mjs:WHAT[degeneration-guard-004] actual build binds generator selector selected bytes and runtime traversal to one staged input (GAP-145) — reason not supplied
  todo: /Users/yuanxi/Workwork/vibe-fs/requirements/verification-system/tests/016.test.mjs:WHAT[verification-system-016] the actual verification run binds its evidence to the same immutable candidate snapshot — reason not supplied
  todo: /Users/yuanxi/Workwork/vibe-fs/requirements/verification-system/tests/016.test.mjs:WHAT[verification-system-016] a mutation restored within one step still invalidates the run — D2: fixed isolated inputs selected; current runner still uses mutable inputs and step-boundary hashes miss this counterexample
runner: post-exit group verification/reclamation: pid=20371; elapsedMs=18.632; accepted=true
runner: 264 test(s), 75.3s of test time; max 16970ms, p90 814ms, median 6ms
runner:   16970ms  WHAT[verification-system-016] selected Node and complete npm bundle preparation binds actual probes without borrowing ambient configuration
runner:    3174ms  WHAT[verification-system-006] transport scheduling cannot renew unfinished work or background noise
runner:    2239ms  WHAT[verification-system-009] the real integration entry covers every discovered integration test
runner:    2204ms  WHAT[verification-system-006] synchronous work and microtasks deliver completed verdicts before the file ends
runner:    2190ms  WHAT[verification-system-006] transport scheduling preserves after-hook failure verdicts

runner: 259 passed, 0 failed; 19/19 planned file(s) completed
runner: partial evidence; 2 skipped, 3 TODO; excluded cases are not passes
runner: pending proof prevents complete acceptance
