TAP version 13
# {"nativeTodoReplacementCanary":{"versions":{"opencode":"1.18.29","plugin":"1.18.29"},"providerRequests":10}}
# Subtest: WHAT[obligation-ledger-002] empty and duplicate native todo lists pass through unchanged
ok 1 - WHAT[obligation-ledger-002] empty and duplicate native todo lists pass through unchanged
  ---
  duration_ms: 981.13475
  type: 'test'
  ...
# Subtest: WHAT[obligation-ledger-002] installed OpenCode native executor replaces only the current session TodoTable; an empty todowrite is a Host no-op
ok 2 - WHAT[obligation-ledger-002] installed OpenCode native executor replaces only the current session TodoTable; an empty todowrite is a Host no-op
  ---
  duration_ms: 8067.53
  type: 'test'
  ...
1..2
# tests 2
# suites 0
# pass 2
# fail 0
# cancelled 0
# skipped 0
# todo 0
# duration_ms 9244.080375
