TAP version 13
# Subtest: WHAT[verification-system-016] npm installation null reason cancellation preserves the exact reason after a real tarball request starts
not ok 1 - WHAT[verification-system-016] npm installation null reason cancellation preserves the exact reason after a real tarball request starts
  ---
  duration_ms: 3057.566417
  type: 'test'
  location: '/Users/yuanxi/Workwork/vibe-fs/requirements/verification-system/tests/016.test.mjs:221:1'
  failureType: 'testCodeFailure'
  error: |-
    Expected values to be strictly equal:
    + actual - expected
    
    + Error: Npm dependency preparation failed
    +     at ChildProcess.<anonymous> (file:///Users/yuanxi/Workwork/vibe-fs/scripts/lib/verification-npm-candidate.mjs:99:53)
    +     at Object.onceWrapper (node:events:634:26)
    +     at ChildProcess.emit (node:events:519:28)
    +     at maybeClose (node:internal/child_process:1101:16)
    +     at Socket.<anonymous> (node:internal/child_process:456:11)
    +     at Socket.emit (node:events:519:28)
    +     at Pipe.<anonymous> (node:net:347:12) {
    +   code: 'verification-npm-install-failed',
    +   exitCode: null,
    +   signal: 'SIGKILL',
    +   stderr: '',
    +   stdout: ''
    + }
    - null
    
  code: 'ERR_ASSERTION'
  name: 'AssertionError'
  expected: ~
  actual:
  error: 'Npm dependency preparation failed'
  stack: |-
    ChildProcess.<anonymous> (file:///Users/yuanxi/Workwork/vibe-fs/scripts/lib/verification-npm-candidate.mjs:99:53)
    Object.onceWrapper (node:events:634:26)
    ChildProcess.emit (node:events:519:28)
    maybeClose (node:internal/child_process:1101:16)
    Socket.<anonymous> (node:internal/child_process:456:11)
    Socket.emit (node:events:519:28)
    Pipe.<anonymous> (node:net:347:12)
  operator: 'strictEqual'
  stack: |-
    TestContext.<anonymous> (file:///Users/yuanxi/Workwork/vibe-fs/requirements/verification-system/tests/016.test.mjs:238:12)
    async Test.run (node:internal/test_runner/test:1054:7)
    async startSubtestAfterBootstrap (node:internal/test_runner/harness:296:3)
  ...
# Subtest: WHAT[verification-system-016] npm installation refuses source overrides with foreign dependency authority before launching npm
not ok 2 - WHAT[verification-system-016] npm installation refuses source overrides with foreign dependency authority before launching npm
  ---
  duration_ms: 1838.4385
  type: 'test'
  location: '/Users/yuanxi/Workwork/vibe-fs/requirements/verification-system/tests/016.test.mjs:248:1'
  failureType: 'testCodeFailure'
  error: |-
    Expected values to be strictly deep-equal:
    + actual - expected
    
      Comparison {
    +   code: 'verification-npm-install-failed'
    -   code: 'verification-npm-lock-invalid'
      }
    
  code: 'ERR_ASSERTION'
  name: 'AssertionError'
  expected:
    code: 'verification-npm-lock-invalid'
  actual:
  error: 'Npm dependency preparation failed'
  stack: |-
    ChildProcess.<anonymous> (file:///Users/yuanxi/Workwork/vibe-fs/scripts/lib/verification-npm-candidate.mjs:99:53)
    Object.onceWrapper (node:events:634:26)
    ChildProcess.emit (node:events:519:28)
    maybeClose (node:internal/child_process:1101:16)
    ChildProcess._handle.onexit (node:internal/child_process:304:5)
  operator: 'rejects'
  stack: |-
    process.processTicksAndRejections (node:internal/process/task_queues:103:5)
    async TestContext.<anonymous> (file:///Users/yuanxi/Workwork/vibe-fs/requirements/verification-system/tests/016.test.mjs:255:5)
    async Test.run (node:internal/test_runner/test:1054:7)
    async Test.processPendingSubtests (node:internal/test_runner/test:744:7)
  ...
1..2
# tests 2
# suites 0
# pass 0
# fail 2
# cancelled 0
# skipped 0
# todo 0
# duration_ms 4987.008667
