TAP version 13
# Subtest: WHAT[verification-system-016] selected Node and complete npm bundle preparation binds actual probes without borrowing ambient configuration
    # Subtest: WHAT[verification-system-016] the formal fixture captures an explicit complete npm package and actual selected Node binary
    ok 1 - WHAT[verification-system-016] the formal fixture captures an explicit complete npm package and actual selected Node binary
      ---
      duration_ms: 836.300083
      type: 'test'
      ...
    # Subtest: WHAT[verification-system-016] wrong selected tool archive digest publishes no candidate
    ok 2 - WHAT[verification-system-016] wrong selected tool archive digest publishes no candidate
      ---
      duration_ms: 64.193917
      type: 'test'
      ...
    # Subtest: WHAT[verification-system-016] tool role paths reject aliases and npm entrypoints outside the selected npm package
    ok 3 - WHAT[verification-system-016] tool role paths reject aliases and npm entrypoints outside the selected npm package
      ---
      duration_ms: 1899.108042
      type: 'test'
      ...
    # Subtest: WHAT[verification-system-016] actual bundled Node and npm probes ignore hostile ambient HOME launchers and npm configuration
    ok 4 - WHAT[verification-system-016] actual bundled Node and npm probes ignore hostile ambient HOME launchers and npm configuration
      ---
      duration_ms: 2663.852875
      type: 'test'
      ...
    # Subtest: WHAT[verification-system-016] a missing declared npm library cannot be borrowed from the candidate parent directory by the actual npm CLI
    ok 5 - WHAT[verification-system-016] a missing declared npm library cannot be borrowed from the candidate parent directory by the actual npm CLI
      ---
      duration_ms: 794.323958
      type: 'test'
      ...
    # Subtest: WHAT[verification-system-016] complete root npm dependencies cannot conceal a missing declared transitive production library
    ok 6 - WHAT[verification-system-016] complete root npm dependencies cannot conceal a missing declared transitive production library
      ---
      duration_ms: 769.252416
      type: 'test'
      ...
    # Subtest: WHAT[verification-system-016] a valid selected archive missing an npm required module fails the actual npm probe and reclaims its private resources
    ok 7 - WHAT[verification-system-016] a valid selected archive missing an npm required module fails the actual npm probe and reclaims its private resources
      ---
      duration_ms: 1856.175167
      type: 'test'
      ...
    # Subtest: WHAT[verification-system-016] an internal symbolic Node entrypoint cannot stand in for the selected executable file
    ok 8 - WHAT[verification-system-016] an internal symbolic Node entrypoint cannot stand in for the selected executable file
      ---
      duration_ms: 738.013583
      type: 'test'
      ...
    # Subtest: WHAT[verification-system-016] a non-executable selected Node file cannot authorize a tool probe
    ok 9 - WHAT[verification-system-016] a non-executable selected Node file cannot authorize a tool probe
      ---
      duration_ms: 714.1935
      type: 'test'
      ...
    # Subtest: WHAT[verification-system-016] an actual npm CLI that adds an unselected file before reporting its real version cannot publish the original bundle identity
    ok 10 - WHAT[verification-system-016] an actual npm CLI that adds an unselected file before reporting its real version cannot publish the original bundle identity
      ---
      duration_ms: 1985.687583
      type: 'test'
      ...
    # Subtest: WHAT[verification-system-016] a held actual npm probe preserves Error cancellation and drains its process group
    ok 11 - WHAT[verification-system-016] a held actual npm probe preserves Error cancellation and drains its process group
      ---
      duration_ms: 2868.727209
      type: 'test'
      ...
    # Subtest: WHAT[verification-system-016] a held actual npm probe preserves null cancellation and drains its process group
    ok 12 - WHAT[verification-system-016] a held actual npm probe preserves null cancellation and drains its process group
      ---
      duration_ms: 1922.998708
      type: 'test'
      ...
    # Subtest: WHAT[verification-system-016] already aborted tool preparation preserves Error before reading a missing archive
    ok 13 - WHAT[verification-system-016] already aborted tool preparation preserves Error before reading a missing archive
      ---
      duration_ms: 0.280709
      type: 'test'
      ...
    # Subtest: WHAT[verification-system-016] already aborted tool preparation preserves null before reading a missing archive
    ok 14 - WHAT[verification-system-016] already aborted tool preparation preserves null before reading a missing archive
      ---
      duration_ms: 0.080208
      type: 'test'
      ...
    1..14
ok 1 - WHAT[verification-system-016] selected Node and complete npm bundle preparation binds actual probes without borrowing ambient configuration
  ---
  duration_ms: 17246.409791
  type: 'test'
  ...
# Subtest: WHAT[verification-system-016] npm tool archive installation owns selected complete tools and locked dependencies through publication
    # Subtest: WHAT[verification-system-016] two actual locked registry packages use the selected bundle layout and bind its complete identity after tools cleanup
    ok 1 - WHAT[verification-system-016] two actual locked registry packages use the selected bundle layout and bind its complete identity after tools cleanup
      ---
      duration_ms: 3625.9915
      type: 'test'
      ...
    # Subtest: WHAT[verification-system-016] npm tool archive rejects non-CLI library bytes changed during a real held install and reclaims unpublished dependencies
    ok 2 - WHAT[verification-system-016] npm tool archive rejects non-CLI library bytes changed during a real held install and reclaims unpublished dependencies
      ---
      duration_ms: 3385.412417
      type: 'test'
      ...
    # Subtest: WHAT[verification-system-016] npm tool archive rejects new tool member changed during a real held install and reclaims unpublished dependencies
    ok 3 - WHAT[verification-system-016] npm tool archive rejects new tool member changed during a real held install and reclaims unpublished dependencies
      ---
      duration_ms: 3363.259042
      type: 'test'
      ...
    # Subtest: WHAT[verification-system-016] npm tool archive held install cancellation preserves Error and reclaims tools installation and dependencies
    ok 4 - WHAT[verification-system-016] npm tool archive held install cancellation preserves Error and reclaims tools installation and dependencies
      ---
      duration_ms: 3201.790084
      type: 'test'
      ...
    # Subtest: WHAT[verification-system-016] npm tool archive held install cancellation preserves null and reclaims tools installation and dependencies
    ok 5 - WHAT[verification-system-016] npm tool archive held install cancellation preserves null and reclaims tools installation and dependencies
      ---
      duration_ms: 3173.413
      type: 'test'
      ...
    # Subtest: WHAT[verification-system-016] npm tool archive rejects a mismatched actual Node version before registry execution
    ok 6 - WHAT[verification-system-016] npm tool archive rejects a mismatched actual Node version before registry execution
      ---
      duration_ms: 2770.96525
      type: 'test'
      ...
    # Subtest: WHAT[verification-system-016] npm tool archive rejects a mismatched actual npm version before registry execution
    ok 7 - WHAT[verification-system-016] npm tool archive rejects a mismatched actual npm version before registry execution
      ---
      duration_ms: 2795.127
      type: 'test'
      ...
    # Subtest: WHAT[verification-system-016] npm tool archive already aborted preserves Error before reading missing source or archive
    ok 8 - WHAT[verification-system-016] npm tool archive already aborted preserves Error before reading missing source or archive
      ---
      duration_ms: 115.635209
      type: 'test'
      ...
    # Subtest: WHAT[verification-system-016] npm tool archive already aborted preserves null before reading missing source or archive
    ok 9 - WHAT[verification-system-016] npm tool archive already aborted preserves null before reading missing source or archive
      ---
      duration_ms: 114.663333
      type: 'test'
      ...
    1..9
ok 2 - WHAT[verification-system-016] npm tool archive installation owns selected complete tools and locked dependencies through publication
  ---
  duration_ms: 22547.906542
  type: 'test'
  ...
# Subtest: WHAT[verification-system-016] npm installation uses the selected real CLI and two locked registry packages without lifecycle scripts or ambient launcher configuration
ok 3 - WHAT[verification-system-016] npm installation uses the selected real CLI and two locked registry packages without lifecycle scripts or ambient launcher configuration
  ---
  duration_ms: 1651.308459
  type: 'test'
  ...
# Subtest: WHAT[verification-system-016] npm installation rejects real registry bytes that violate the selected lock integrity and reclaims all installation resources
ok 4 - WHAT[verification-system-016] npm installation rejects real registry bytes that violate the selected lock integrity and reclaims all installation resources
  ---
  duration_ms: 1700.089208
  type: 'test'
  ...
# Subtest: WHAT[verification-system-016] npm installation fails through real npm ci when a required transitive package is missing from the lock inventory
ok 5 - WHAT[verification-system-016] npm installation fails through real npm ci when a required transitive package is missing from the lock inventory
  ---
  duration_ms: 1969.623959
  type: 'test'
  ...
# Subtest: WHAT[verification-system-016] npm installation refuses file git link and workspace dependency authorities before making registry requests
    # Subtest: WHAT[verification-system-016] npm installation refuses file:../foreign
    ok 1 - WHAT[verification-system-016] npm installation refuses file:../foreign
      ---
      duration_ms: 0.770833
      type: 'test'
      ...
    # Subtest: WHAT[verification-system-016] npm installation refuses git+https://example.invalid/foreign.git
    ok 2 - WHAT[verification-system-016] npm installation refuses git+https://example.invalid/foreign.git
      ---
      duration_ms: 0.932709
      type: 'test'
      ...
    # Subtest: WHAT[verification-system-016] npm installation refuses link:../foreign
    ok 3 - WHAT[verification-system-016] npm installation refuses link:../foreign
      ---
      duration_ms: 0.440291
      type: 'test'
      ...
    # Subtest: WHAT[verification-system-016] npm installation refuses workspace:*
    ok 4 - WHAT[verification-system-016] npm installation refuses workspace:*
      ---
      duration_ms: 0.344708
      type: 'test'
      ...
    # Subtest: WHAT[verification-system-016] npm installation refuses .
    ok 5 - WHAT[verification-system-016] npm installation refuses .
      ---
      duration_ms: 0.43825
      type: 'test'
      ...
    # Subtest: WHAT[verification-system-016] npm installation refuses ..
    ok 6 - WHAT[verification-system-016] npm installation refuses ..
      ---
      duration_ms: 0.33825
      type: 'test'
      ...
    # Subtest: WHAT[verification-system-016] npm installation refuses foreign.tgz
    ok 7 - WHAT[verification-system-016] npm installation refuses foreign.tgz
      ---
      duration_ms: 0.355541
      type: 'test'
      ...
    # Subtest: WHAT[verification-system-016] npm installation refuses foreign.tar.gz
    ok 8 - WHAT[verification-system-016] npm installation refuses foreign.tar.gz
      ---
      duration_ms: 0.286916
      type: 'test'
      ...
    # Subtest: WHAT[verification-system-016] npm installation refuses foreign.tar
    ok 9 - WHAT[verification-system-016] npm installation refuses foreign.tar
      ---
      duration_ms: 0.373875
      type: 'test'
      ...
    1..9
ok 6 - WHAT[verification-system-016] npm installation refuses file git link and workspace dependency authorities before making registry requests
  ---
  duration_ms: 134.102709
  type: 'test'
  ...
# Subtest: WHAT[verification-system-016] npm installation cancellation closes the actual held tarball request preserves its original reason and reclaims partial installation
ok 7 - WHAT[verification-system-016] npm installation cancellation closes the actual held tarball request preserves its original reason and reclaims partial installation
  ---
  duration_ms: 1792.2575
  type: 'test'
  ...
# Subtest: WHAT[verification-system-016] npm installation null reason cancellation preserves the exact reason after a real tarball request starts
ok 8 - WHAT[verification-system-016] npm installation null reason cancellation preserves the exact reason after a real tarball request starts
  ---
  duration_ms: 1700.477083
  type: 'test'
  ...
# Subtest: WHAT[verification-system-016] npm installation refuses source overrides with foreign dependency authority before launching npm
ok 9 - WHAT[verification-system-016] npm installation refuses source overrides with foreign dependency authority before launching npm
  ---
  duration_ms: 123.681166
  type: 'test'
  ...
# Subtest: WHAT[verification-system-016] npm installation rejects registry escapes linked lock entries and source workspace authority before network or allocation
    # Subtest: WHAT[verification-system-016] npm installation refuses different registry origin
    ok 1 - WHAT[verification-system-016] npm installation refuses different registry origin
      ---
      duration_ms: 0.913375
      type: 'test'
      ...
    # Subtest: WHAT[verification-system-016] npm installation refuses registry path prefix sibling
    ok 2 - WHAT[verification-system-016] npm installation refuses registry path prefix sibling
      ---
      duration_ms: 0.818042
      type: 'test'
      ...
    # Subtest: WHAT[verification-system-016] npm installation refuses registry credentials
    ok 3 - WHAT[verification-system-016] npm installation refuses registry credentials
      ---
      duration_ms: 0.229375
      type: 'test'
      ...
    # Subtest: WHAT[verification-system-016] npm installation refuses registry query
    ok 4 - WHAT[verification-system-016] npm installation refuses registry query
      ---
      duration_ms: 0.204042
      type: 'test'
      ...
    # Subtest: WHAT[verification-system-016] npm installation refuses registry fragment
    ok 5 - WHAT[verification-system-016] npm installation refuses registry fragment
      ---
      duration_ms: 0.18025
      type: 'test'
      ...
    # Subtest: WHAT[verification-system-016] npm installation refuses nonlocal plaintext registry
    ok 6 - WHAT[verification-system-016] npm installation refuses nonlocal plaintext registry
      ---
      duration_ms: 0.17225
      type: 'test'
      ...
    # Subtest: WHAT[verification-system-016] npm installation refuses locked tarball credentials
    ok 7 - WHAT[verification-system-016] npm installation refuses locked tarball credentials
      ---
      duration_ms: 0.294333
      type: 'test'
      ...
    # Subtest: WHAT[verification-system-016] npm installation refuses locked tarball query
    ok 8 - WHAT[verification-system-016] npm installation refuses locked tarball query
      ---
      duration_ms: 0.260958
      type: 'test'
      ...
    # Subtest: WHAT[verification-system-016] npm installation refuses locked tarball fragment
    ok 9 - WHAT[verification-system-016] npm installation refuses locked tarball fragment
      ---
      duration_ms: 0.251583
      type: 'test'
      ...
    # Subtest: WHAT[verification-system-016] npm installation refuses linked lock member
    ok 10 - WHAT[verification-system-016] npm installation refuses linked lock member
      ---
      duration_ms: 0.258875
      type: 'test'
      ...
    # Subtest: WHAT[verification-system-016] npm installation refuses source workspaces
    ok 11 - WHAT[verification-system-016] npm installation refuses source workspaces
      ---
      duration_ms: 0.234542
      type: 'test'
      ...
    # Subtest: WHAT[verification-system-016] npm installation refuses locked root workspaces
    ok 12 - WHAT[verification-system-016] npm installation refuses locked root workspaces
      ---
      duration_ms: 0.235458
      type: 'test'
      ...
    # Subtest: WHAT[verification-system-016] npm installation refuses nested git override
    ok 13 - WHAT[verification-system-016] npm installation refuses nested git override
      ---
      duration_ms: 0.236167
      type: 'test'
      ...
    # Subtest: WHAT[verification-system-016] npm installation refuses link override
    ok 14 - WHAT[verification-system-016] npm installation refuses link override
      ---
      duration_ms: 0.220458
      type: 'test'
      ...
    # Subtest: WHAT[verification-system-016] npm installation refuses workspace override
    ok 15 - WHAT[verification-system-016] npm installation refuses workspace override
      ---
      duration_ms: 0.215667
      type: 'test'
      ...
    # Subtest: WHAT[verification-system-016] npm installation refuses local archive or directory override .
    ok 16 - WHAT[verification-system-016] npm installation refuses local archive or directory override .
      ---
      duration_ms: 0.215625
      type: 'test'
      ...
    # Subtest: WHAT[verification-system-016] npm installation refuses local archive or directory override ..
    ok 17 - WHAT[verification-system-016] npm installation refuses local archive or directory override ..
      ---
      duration_ms: 0.214292
      type: 'test'
      ...
    # Subtest: WHAT[verification-system-016] npm installation refuses local archive or directory override foreign.tgz
    ok 18 - WHAT[verification-system-016] npm installation refuses local archive or directory override foreign.tgz
      ---
      duration_ms: 0.221542
      type: 'test'
      ...
    # Subtest: WHAT[verification-system-016] npm installation refuses local archive or directory override foreign.tar.gz
    ok 19 - WHAT[verification-system-016] npm installation refuses local archive or directory override foreign.tar.gz
      ---
      duration_ms: 0.209875
      type: 'test'
      ...
    # Subtest: WHAT[verification-system-016] npm installation refuses local archive or directory override foreign.tar
    ok 20 - WHAT[verification-system-016] npm installation refuses local archive or directory override foreign.tar
      ---
      duration_ms: 0.22525
      type: 'test'
      ...
    1..20
ok 10 - WHAT[verification-system-016] npm installation rejects registry escapes linked lock entries and source workspace authority before network or allocation
  ---
  duration_ms: 132.722458
  type: 'test'
  ...
# Subtest: WHAT[verification-system-016] npm installation admits only the selected Node CLI hashes version and declared package manager
    # Subtest: WHAT[verification-system-016] npm installation refuses Node byte identity mismatch
    ok 1 - WHAT[verification-system-016] npm installation refuses Node byte identity mismatch
      ---
      duration_ms: 56.5405
      type: 'test'
      ...
    # Subtest: WHAT[verification-system-016] npm installation refuses npm CLI byte identity mismatch
    ok 2 - WHAT[verification-system-016] npm installation refuses npm CLI byte identity mismatch
      ---
      duration_ms: 55.938625
      type: 'test'
      ...
    # Subtest: WHAT[verification-system-016] npm installation refuses actual npm version mismatch
    ok 3 - WHAT[verification-system-016] npm installation refuses actual npm version mismatch
      ---
      duration_ms: 1344.951375
      type: 'test'
      ...
    # Subtest: WHAT[verification-system-016] npm installation refuses declared package manager mismatch
    ok 4 - WHAT[verification-system-016] npm installation refuses declared package manager mismatch
      ---
      duration_ms: 0.558834
      type: 'test'
      ...
    1..4
ok 11 - WHAT[verification-system-016] npm installation admits only the selected Node CLI hashes version and declared package manager
  ---
  duration_ms: 1591.133792
  type: 'test'
  ...
# Subtest: WHAT[verification-system-016] npm installation already aborted admission preserves Error and null reasons before reading missing source files
    # Subtest: WHAT[verification-system-016] npm installation already aborted with Error
    ok 1 - WHAT[verification-system-016] npm installation already aborted with Error
      ---
      duration_ms: 0.320208
      type: 'test'
      ...
    # Subtest: WHAT[verification-system-016] npm installation already aborted with null
    ok 2 - WHAT[verification-system-016] npm installation already aborted with null
      ---
      duration_ms: 0.946875
      type: 'test'
      ...
    1..2
ok 12 - WHAT[verification-system-016] npm installation already aborted admission preserves Error and null reasons before reading missing source files
  ---
  duration_ms: 129.229167
  type: 'test'
  ...
1..12
# tests 70
# suites 0
# pass 70
# fail 0
# cancelled 0
# skipped 0
# todo 0
# duration_ms 50801.039209
