▶ WHAT[verification-system-016] selected Node and complete npm bundle preparation binds actual probes without borrowing ambient configuration
  ✔ WHAT[verification-system-016] the formal fixture captures an explicit complete npm package and actual selected Node binary (599.391417ms)
  ✔ WHAT[verification-system-016] wrong selected tool archive digest publishes no candidate (8.898ms)
  ✔ WHAT[verification-system-016] tool role paths reject aliases and npm entrypoints outside the selected npm package (1192.940209ms)
  ✖ WHAT[verification-system-016] actual bundled Node and npm probes ignore hostile ambient HOME launchers and npm configuration (1435.570417ms)
  ✖ WHAT[verification-system-016] a valid selected archive missing an npm required module fails the actual npm probe and reclaims its private resources (888.491125ms)
  ✔ WHAT[verification-system-016] an internal symbolic Node entrypoint cannot stand in for the selected executable file (465.440166ms)
  ✔ WHAT[verification-system-016] a non-executable selected Node file cannot authorize a tool probe (464.375ms)
  ✖ WHAT[verification-system-016] an actual npm CLI that adds an unselected file before reporting its real version cannot publish the original bundle identity (810.502791ms)
  ✖ WHAT[verification-system-016] a held actual npm probe preserves Error cancellation and drains its process group (825.649083ms)
  ✖ WHAT[verification-system-016] a held actual npm probe preserves null cancellation and drains its process group (866.092125ms)
  ✔ WHAT[verification-system-016] already aborted tool preparation preserves Error before reading a missing archive (0.641459ms)
  ✔ WHAT[verification-system-016] already aborted tool preparation preserves null before reading a missing archive (0.0845ms)
✖ WHAT[verification-system-016] selected Node and complete npm bundle preparation binds actual probes without borrowing ambient configuration (7671.879041ms)
✖ WHAT[verification-system-016] npm installation uses the selected real CLI and two locked registry packages without lifecycle scripts or ambient launcher configuration (819.656833ms)
✖ WHAT[verification-system-016] npm installation rejects real registry bytes that violate the selected lock integrity and reclaims all installation resources (439.706041ms)
✖ WHAT[verification-system-016] npm installation fails through real npm ci when a required transitive package is missing from the lock inventory (404.748833ms)
▶ WHAT[verification-system-016] npm installation refuses file git link and workspace dependency authorities before making registry requests
  ✔ WHAT[verification-system-016] npm installation refuses file:../foreign (0.593166ms)
  ✔ WHAT[verification-system-016] npm installation refuses git+https://example.invalid/foreign.git (0.321208ms)
  ✔ WHAT[verification-system-016] npm installation refuses link:../foreign (0.292584ms)
  ✔ WHAT[verification-system-016] npm installation refuses workspace:* (0.300667ms)
  ✔ WHAT[verification-system-016] npm installation refuses . (0.293833ms)
  ✔ WHAT[verification-system-016] npm installation refuses .. (0.308542ms)
  ✔ WHAT[verification-system-016] npm installation refuses foreign.tgz (0.275125ms)
  ✔ WHAT[verification-system-016] npm installation refuses foreign.tar.gz (0.282416ms)
  ✔ WHAT[verification-system-016] npm installation refuses foreign.tar (0.271667ms)
✔ WHAT[verification-system-016] npm installation refuses file git link and workspace dependency authorities before making registry requests (106.709208ms)
✖ WHAT[verification-system-016] npm installation cancellation closes the actual held tarball request preserves its original reason and reclaims partial installation (351.178625ms)
✖ WHAT[verification-system-016] npm installation null reason cancellation preserves the exact reason after a real tarball request starts (390.756416ms)
✔ WHAT[verification-system-016] npm installation refuses source overrides with foreign dependency authority before launching npm (92.190833ms)
▶ WHAT[verification-system-016] npm installation rejects registry escapes linked lock entries and source workspace authority before network or allocation
  ✔ WHAT[verification-system-016] npm installation refuses different registry origin (0.547125ms)
  ✔ WHAT[verification-system-016] npm installation refuses registry path prefix sibling (0.30625ms)
  ✔ WHAT[verification-system-016] npm installation refuses registry credentials (0.195833ms)
  ✔ WHAT[verification-system-016] npm installation refuses registry query (0.188334ms)
  ✔ WHAT[verification-system-016] npm installation refuses registry fragment (0.177917ms)
  ✔ WHAT[verification-system-016] npm installation refuses nonlocal plaintext registry (0.172584ms)
  ✔ WHAT[verification-system-016] npm installation refuses locked tarball credentials (0.3005ms)
  ✔ WHAT[verification-system-016] npm installation refuses locked tarball query (0.2555ms)
  ✔ WHAT[verification-system-016] npm installation refuses locked tarball fragment (0.256291ms)
  ✔ WHAT[verification-system-016] npm installation refuses linked lock member (0.265708ms)
  ✔ WHAT[verification-system-016] npm installation refuses source workspaces (0.228416ms)
  ✔ WHAT[verification-system-016] npm installation refuses locked root workspaces (0.237042ms)
  ✔ WHAT[verification-system-016] npm installation refuses nested git override (0.2265ms)
  ✔ WHAT[verification-system-016] npm installation refuses link override (0.224042ms)
  ✔ WHAT[verification-system-016] npm installation refuses workspace override (0.202875ms)
  ✔ WHAT[verification-system-016] npm installation refuses local archive or directory override . (0.217667ms)
  ✔ WHAT[verification-system-016] npm installation refuses local archive or directory override .. (0.219459ms)
  ✔ WHAT[verification-system-016] npm installation refuses local archive or directory override foreign.tgz (0.208167ms)
  ✔ WHAT[verification-system-016] npm installation refuses local archive or directory override foreign.tar.gz (0.198416ms)
  ✔ WHAT[verification-system-016] npm installation refuses local archive or directory override foreign.tar (0.186417ms)
✔ WHAT[verification-system-016] npm installation rejects registry escapes linked lock entries and source workspace authority before network or allocation (70.719042ms)
▶ WHAT[verification-system-016] npm installation admits only the selected Node CLI hashes version and declared package manager
  ✔ WHAT[verification-system-016] npm installation refuses Node byte identity mismatch (0.53425ms)
  ✔ WHAT[verification-system-016] npm installation refuses npm CLI byte identity mismatch (0.291666ms)
  ✖ WHAT[verification-system-016] npm installation refuses actual npm version mismatch (324.484291ms)
  ✔ WHAT[verification-system-016] npm installation refuses declared package manager mismatch (1.749667ms)
✖ WHAT[verification-system-016] npm installation admits only the selected Node CLI hashes version and declared package manager (393.548792ms)
▶ WHAT[verification-system-016] npm installation already aborted admission preserves Error and null reasons before reading missing source files
  ✔ WHAT[verification-system-016] npm installation already aborted with Error (0.28475ms)
  ✔ WHAT[verification-system-016] npm installation already aborted with null (0.08725ms)
✔ WHAT[verification-system-016] npm installation already aborted admission preserves Error and null reasons before reading missing source files (84.258083ms)
ℹ tests 58
ℹ suites 0
ℹ pass 45
ℹ fail 13
ℹ cancelled 0
ℹ skipped 0
ℹ todo 0
ℹ duration_ms 10921.523791

✖ failing tests:

test at requirements/verification-system/tests/support/node-tool-candidate-tests.mjs:75:15
✖ WHAT[verification-system-016] actual bundled Node and npm probes ignore hostile ambient HOME launchers and npm configuration (1435.570417ms)
  Error: Selected tool identity probe failed
      at ChildProcess.<anonymous> (file:///Users/yuanxi/Workwork/vibe-fs/scripts/lib/verification-node-tools.mjs:60:64)
      at ChildProcess.wrapper (node:events:639:12)
      at ChildProcess.emit (node:events:514:20)
      at maybeClose (node:internal/child_process:1125:16)
      at Socket.<anonymous> (node:internal/child_process:497:11)
      at Socket.emit (node:events:514:20)
      at Pipe.<anonymous> (node:net:363:12) {
    code: 'verification-tool-probe-failed',
    exitCode: null,
    signal: 'SIGABRT',
    stdout: '',
    stderr: "dyld[17155]: Library not loaded: @rpath/libnode.147.dylib\n  Referenced from: <069B80C6-5823-3406-91F4-8C762A169E6B> /private/var/folders/g_/3ydzn7kx5lg9ylq8fd9p_13r0000gn/T/verification-node-tools-fixture-X3oxi1/candidates/verification-archive-vrUqfS/toolchain/node/bin/node\n  Reason: tried: '/private/var/folders/g_/3ydzn7kx5lg9ylq8fd9p_13r0000gn/T/verification-node-tools-fixture-X3oxi1/candidates/verification-archive-vrUqfS/toolchain/node/bin/libnode.147.dylib' (no such file), '/private/var/folders/g_/3ydzn7kx5lg9ylq8fd9p_13r0000gn/T/verification-node-tools-fixture-X3oxi1/candidates/verification-archive-vrUqfS/toolchain/node/bin/../lib/libnode.147.dylib' (no such file), '/private/var/folders/g_/3ydzn7kx5lg9ylq8fd9p_13r0000gn/T/verification-node-tools-fixture-X3oxi1/candidates/verification-archive-vrUqfS/toolchain/node/bin/libnode.147.dylib' (no such file), '/private/var/folders/g_/3ydzn7kx5lg9ylq8fd9p_13r0000gn/T/verification-node-tools-fixture-X3oxi1/candidates/verification-archive-vrUqfS/toolchain/node/bin/../lib/libnode.147.dylib' (no such file)\n",
    [cause]: undefined
  }

test at requirements/verification-system/tests/support/node-tool-candidate-tests.mjs:110:15
✖ WHAT[verification-system-016] a valid selected archive missing an npm required module fails the actual npm probe and reclaims its private resources (888.491125ms)
  AssertionError [ERR_ASSERTION]: The validation function is expected to return "true". Received false
  
  Caught error:
  
  Error: Selected tool identity probe failed
      at process.processTicksAndRejections (node:internal/process/task_queues:104:5)
      at async TestContext.<anonymous> (file:///Users/yuanxi/Workwork/vibe-fs/requirements/verification-system/tests/support/node-tool-candidate-tests.mjs:113:9)
      at async Test.run (node:internal/test_runner/test:1404:7)
      at async TestContext.<anonymous> (file:///Users/yuanxi/Workwork/vibe-fs/requirements/verification-system/tests/support/node-tool-candidate-tests.mjs:110:7)
      at async Test.run (node:internal/test_runner/test:1404:7)
      at async startSubtestAfterBootstrap (node:internal/test_runner/harness:387:3) {
    generatedMessage: true,
    code: 'ERR_ASSERTION',
    actual: Error: Selected tool identity probe failed
        at ChildProcess.<anonymous> (file:///Users/yuanxi/Workwork/vibe-fs/scripts/lib/verification-node-tools.mjs:60:64)
        at ChildProcess.wrapper (node:events:639:12)
        at ChildProcess.emit (node:events:514:20)
        at maybeClose (node:internal/child_process:1125:16)
        at ChildProcess._handle.onexit (node:internal/child_process:305:5) {
      [cause]: undefined
    },
    operator: 'rejects',
    diff: 'simple'
  }

test at requirements/verification-system/tests/support/node-tool-candidate-tests.mjs:128:15
✖ WHAT[verification-system-016] an actual npm CLI that adds an unselected file before reporting its real version cannot publish the original bundle identity (810.502791ms)
  AssertionError [ERR_ASSERTION]: The validation function is expected to return "true". Received false
  
  Caught error:
  
  Error: Selected tool identity probe failed
      at process.processTicksAndRejections (node:internal/process/task_queues:104:5)
      at async TestContext.<anonymous> (file:///Users/yuanxi/Workwork/vibe-fs/requirements/verification-system/tests/support/node-tool-candidate-tests.mjs:137:9)
      at async Test.run (node:internal/test_runner/test:1404:7)
      at async TestContext.<anonymous> (file:///Users/yuanxi/Workwork/vibe-fs/requirements/verification-system/tests/support/node-tool-candidate-tests.mjs:128:7)
      at async Test.run (node:internal/test_runner/test:1404:7)
      at async startSubtestAfterBootstrap (node:internal/test_runner/harness:387:3) {
    generatedMessage: true,
    code: 'ERR_ASSERTION',
    actual: Error: Selected tool identity probe failed
        at ChildProcess.<anonymous> (file:///Users/yuanxi/Workwork/vibe-fs/scripts/lib/verification-node-tools.mjs:60:64)
        at ChildProcess.wrapper (node:events:639:12)
        at ChildProcess.emit (node:events:514:20)
        at maybeClose (node:internal/child_process:1125:16)
        at ChildProcess._handle.onexit (node:internal/child_process:305:5) {
      [cause]: undefined
    },
    operator: 'rejects',
    diff: 'simple'
  }

test at requirements/verification-system/tests/support/node-tool-candidate-tests.mjs:141:17
✖ WHAT[verification-system-016] a held actual npm probe preserves Error cancellation and drains its process group (825.649083ms)
  Error: Selected tool identity probe failed
      at ChildProcess.<anonymous> (file:///Users/yuanxi/Workwork/vibe-fs/scripts/lib/verification-node-tools.mjs:60:64)
      at ChildProcess.wrapper (node:events:639:12)
      at ChildProcess.emit (node:events:514:20)
      at maybeClose (node:internal/child_process:1125:16)
      at Socket.<anonymous> (node:internal/child_process:497:11)
      at Socket.emit (node:events:514:20)
      at Pipe.<anonymous> (node:net:363:12) {
    code: 'verification-tool-probe-failed',
    exitCode: null,
    signal: 'SIGABRT',
    stdout: '',
    stderr: "dyld[17182]: Library not loaded: @rpath/libnode.147.dylib\n  Referenced from: <069B80C6-5823-3406-91F4-8C762A169E6B> /private/var/folders/g_/3ydzn7kx5lg9ylq8fd9p_13r0000gn/T/verification-node-tools-fixture-X3oxi1/candidates/verification-archive-Jc2tE5/toolchain/node/bin/node\n  Reason: tried: '/private/var/folders/g_/3ydzn7kx5lg9ylq8fd9p_13r0000gn/T/verification-node-tools-fixture-X3oxi1/candidates/verification-archive-Jc2tE5/toolchain/node/bin/libnode.147.dylib' (no such file), '/private/var/folders/g_/3ydzn7kx5lg9ylq8fd9p_13r0000gn/T/verification-node-tools-fixture-X3oxi1/candidates/verification-archive-Jc2tE5/toolchain/node/bin/../lib/libnode.147.dylib' (no such file), '/private/var/folders/g_/3ydzn7kx5lg9ylq8fd9p_13r0000gn/T/verification-node-tools-fixture-X3oxi1/candidates/verification-archive-Jc2tE5/toolchain/node/bin/libnode.147.dylib' (no such file), '/private/var/folders/g_/3ydzn7kx5lg9ylq8fd9p_13r0000gn/T/verification-node-tools-fixture-X3oxi1/candidates/verification-archive-Jc2tE5/toolchain/node/bin/../lib/libnode.147.dylib' (no such file)\n",
    [cause]: undefined
  }

test at requirements/verification-system/tests/support/node-tool-candidate-tests.mjs:141:17
✖ WHAT[verification-system-016] a held actual npm probe preserves null cancellation and drains its process group (866.092125ms)
  Error: Selected tool identity probe failed
      at ChildProcess.<anonymous> (file:///Users/yuanxi/Workwork/vibe-fs/scripts/lib/verification-node-tools.mjs:60:64)
      at ChildProcess.wrapper (node:events:639:12)
      at ChildProcess.emit (node:events:514:20)
      at maybeClose (node:internal/child_process:1125:16)
      at ChildProcess._handle.onexit (node:internal/child_process:305:5) {
    code: 'verification-tool-probe-failed',
    exitCode: null,
    signal: 'SIGABRT',
    stdout: '',
    stderr: "dyld[17183]: Library not loaded: @rpath/libnode.147.dylib\n  Referenced from: <069B80C6-5823-3406-91F4-8C762A169E6B> /private/var/folders/g_/3ydzn7kx5lg9ylq8fd9p_13r0000gn/T/verification-node-tools-fixture-X3oxi1/candidates/verification-archive-TCyfQy/toolchain/node/bin/node\n  Reason: tried: '/private/var/folders/g_/3ydzn7kx5lg9ylq8fd9p_13r0000gn/T/verification-node-tools-fixture-X3oxi1/candidates/verification-archive-TCyfQy/toolchain/node/bin/libnode.147.dylib' (no such file), '/private/var/folders/g_/3ydzn7kx5lg9ylq8fd9p_13r0000gn/T/verification-node-tools-fixture-X3oxi1/candidates/verification-archive-TCyfQy/toolchain/node/bin/../lib/libnode.147.dylib' (no such file), '/private/var/folders/g_/3ydzn7kx5lg9ylq8fd9p_13r0000gn/T/verification-node-tools-fixture-X3oxi1/candidates/verification-archive-TCyfQy/toolchain/node/bin/libnode.147.dylib' (no such file), '/private/var/folders/g_/3ydzn7kx5lg9ylq8fd9p_13r0000gn/T/verification-node-tools-fixture-X3oxi1/candidates/verification-archive-TCyfQy/toolchain/node/bin/../lib/libnode.147.dylib' (no such file)\n",
    [cause]: undefined
  }

test at requirements/verification-system/tests/016.test.mjs:67:1
✖ WHAT[verification-system-016] npm installation uses the selected real CLI and two locked registry packages without lifecycle scripts or ambient launcher configuration (819.656833ms)
  Error: Npm dependency preparation failed
      at ChildProcess.<anonymous> (file:///Users/yuanxi/Workwork/vibe-fs/scripts/lib/verification-npm-candidate.mjs:143:53)
      at ChildProcess.wrapper (node:events:639:12)
      at ChildProcess.emit (node:events:514:20)
      at maybeClose (node:internal/child_process:1125:16)
      at Socket.<anonymous> (node:internal/child_process:497:11)
      at Socket.emit (node:events:514:20)
      at Pipe.<anonymous> (node:net:363:12) {
    code: 'verification-npm-install-failed',
    exitCode: null,
    signal: 'SIGABRT',
    stdout: '',
    stderr: "dyld[17185]: Library not loaded: @rpath/libnode.147.dylib\n  Referenced from: <069B80C6-5823-3406-91F4-8C762A169E6B> /private/var/folders/g_/3ydzn7kx5lg9ylq8fd9p_13r0000gn/T/verification-npm-fixture-qkjGSo/candidates/verification-npm-install-8sA8JV/tools/node\n  Reason: tried: '/private/var/folders/g_/3ydzn7kx5lg9ylq8fd9p_13r0000gn/T/verification-npm-fixture-qkjGSo/candidates/verification-npm-install-8sA8JV/tools/libnode.147.dylib' (no such file), '/private/var/folders/g_/3ydzn7kx5lg9ylq8fd9p_13r0000gn/T/verification-npm-fixture-qkjGSo/candidates/verification-npm-install-8sA8JV/tools/../lib/libnode.147.dylib' (no such file), '/private/var/folders/g_/3ydzn7kx5lg9ylq8fd9p_13r0000gn/T/verification-npm-fixture-qkjGSo/candidates/verification-npm-install-8sA8JV/tools/libnode.147.dylib' (no such file), '/private/var/folders/g_/3ydzn7kx5lg9ylq8fd9p_13r0000gn/T/verification-npm-fixture-qkjGSo/candidates/verification-npm-install-8sA8JV/tools/../lib/libnode.147.dylib' (no such file)\n"
  }

test at requirements/verification-system/tests/016.test.mjs:141:1
✖ WHAT[verification-system-016] npm installation rejects real registry bytes that violate the selected lock integrity and reclaims all installation resources (439.706041ms)
  AssertionError [ERR_ASSERTION]: Expected values to be strictly equal:
  
  'object' !== 'number'
  
      at Object.<anonymous> (file:///Users/yuanxi/Workwork/vibe-fs/requirements/verification-system/tests/016.test.mjs:146:14)
      at expectedException (node:assert:547:17)
      at expectsError (node:assert:672:21)
      at strict.rejects (node:assert:738:3)
      at async TestContext.<anonymous> (file:///Users/yuanxi/Workwork/vibe-fs/requirements/verification-system/tests/016.test.mjs:145:5)
      at async Test.run (node:internal/test_runner/test:1404:7)
      at async Test.processPendingSubtests (node:internal/test_runner/test:969:7) {
    generatedMessage: true,
    code: 'ERR_ASSERTION',
    actual: 'object',
    expected: 'number',
    operator: 'strictEqual',
    diff: 'simple'
  }

test at requirements/verification-system/tests/016.test.mjs:158:1
✖ WHAT[verification-system-016] npm installation fails through real npm ci when a required transitive package is missing from the lock inventory (404.748833ms)
  AssertionError [ERR_ASSERTION]: Expected values to be strictly equal:
  
  'object' !== 'number'
  
      at Object.<anonymous> (file:///Users/yuanxi/Workwork/vibe-fs/requirements/verification-system/tests/016.test.mjs:163:14)
      at expectedException (node:assert:547:17)
      at expectsError (node:assert:672:21)
      at strict.rejects (node:assert:738:3)
      at async TestContext.<anonymous> (file:///Users/yuanxi/Workwork/vibe-fs/requirements/verification-system/tests/016.test.mjs:162:5)
      at async Test.run (node:internal/test_runner/test:1404:7)
      at async Test.processPendingSubtests (node:internal/test_runner/test:969:7) {
    generatedMessage: true,
    code: 'ERR_ASSERTION',
    actual: 'object',
    expected: 'number',
    operator: 'strictEqual',
    diff: 'simple'
  }

test at requirements/verification-system/tests/016.test.mjs:201:1
✖ WHAT[verification-system-016] npm installation cancellation closes the actual held tarball request preserves its original reason and reclaims partial installation (351.178625ms)
  Error: Npm dependency preparation failed
      at ChildProcess.<anonymous> (file:///Users/yuanxi/Workwork/vibe-fs/scripts/lib/verification-npm-candidate.mjs:143:53)
      at ChildProcess.wrapper (node:events:639:12)
      at ChildProcess.emit (node:events:514:20)
      at maybeClose (node:internal/child_process:1125:16)
      at ChildProcess._handle.onexit (node:internal/child_process:305:5) {
    code: 'verification-npm-install-failed',
    exitCode: null,
    signal: 'SIGABRT',
    stdout: '',
    stderr: "dyld[17199]: Library not loaded: @rpath/libnode.147.dylib\n  Referenced from: <069B80C6-5823-3406-91F4-8C762A169E6B> /private/var/folders/g_/3ydzn7kx5lg9ylq8fd9p_13r0000gn/T/verification-npm-fixture-W9QlFD/candidates/verification-npm-install-e9sO6J/tools/node\n  Reason: tried: '/private/var/folders/g_/3ydzn7kx5lg9ylq8fd9p_13r0000gn/T/verification-npm-fixture-W9QlFD/candidates/verification-npm-install-e9sO6J/tools/libnode.147.dylib' (no such file), '/private/var/folders/g_/3ydzn7kx5lg9ylq8fd9p_13r0000gn/T/verification-npm-fixture-W9QlFD/candidates/verification-npm-install-e9sO6J/tools/../lib/libnode.147.dylib' (no such file), '/private/var/folders/g_/3ydzn7kx5lg9ylq8fd9p_13r0000gn/T/verification-npm-fixture-W9QlFD/candidates/verification-npm-install-e9sO6J/tools/libnode.147.dylib' (no such file), '/private/var/folders/g_/3ydzn7kx5lg9ylq8fd9p_13r0000gn/T/verification-npm-fixture-W9QlFD/candidates/verification-npm-install-e9sO6J/tools/../lib/libnode.147.dylib' (no such file)\n"
  }

test at requirements/verification-system/tests/016.test.mjs:226:1
✖ WHAT[verification-system-016] npm installation null reason cancellation preserves the exact reason after a real tarball request starts (390.756416ms)
  Error: Npm dependency preparation failed
      at ChildProcess.<anonymous> (file:///Users/yuanxi/Workwork/vibe-fs/scripts/lib/verification-npm-candidate.mjs:143:53)
      at ChildProcess.wrapper (node:events:639:12)
      at ChildProcess.emit (node:events:514:20)
      at maybeClose (node:internal/child_process:1125:16)
      at ChildProcess._handle.onexit (node:internal/child_process:305:5) {
    code: 'verification-npm-install-failed',
    exitCode: null,
    signal: 'SIGABRT',
    stdout: '',
    stderr: "dyld[17209]: Library not loaded: @rpath/libnode.147.dylib\n  Referenced from: <069B80C6-5823-3406-91F4-8C762A169E6B> /private/var/folders/g_/3ydzn7kx5lg9ylq8fd9p_13r0000gn/T/verification-npm-fixture-PKBdGN/candidates/verification-npm-install-t4VmHV/tools/node\n  Reason: tried: '/private/var/folders/g_/3ydzn7kx5lg9ylq8fd9p_13r0000gn/T/verification-npm-fixture-PKBdGN/candidates/verification-npm-install-t4VmHV/tools/libnode.147.dylib' (no such file), '/private/var/folders/g_/3ydzn7kx5lg9ylq8fd9p_13r0000gn/T/verification-npm-fixture-PKBdGN/candidates/verification-npm-install-t4VmHV/tools/../lib/libnode.147.dylib' (no such file), '/private/var/folders/g_/3ydzn7kx5lg9ylq8fd9p_13r0000gn/T/verification-npm-fixture-PKBdGN/candidates/verification-npm-install-t4VmHV/tools/libnode.147.dylib' (no such file), '/private/var/folders/g_/3ydzn7kx5lg9ylq8fd9p_13r0000gn/T/verification-npm-fixture-PKBdGN/candidates/verification-npm-install-t4VmHV/tools/../lib/libnode.147.dylib' (no such file)\n"
  }

test at requirements/verification-system/tests/016.test.mjs:330:15
✖ WHAT[verification-system-016] npm installation refuses actual npm version mismatch (324.484291ms)
  AssertionError [ERR_ASSERTION]: Expected values to be strictly deep-equal:
  + actual - expected
  
    Comparison {
  +   code: 'verification-npm-install-failed'
  -   code: 'verification-npm-tool-invalid'
    }
  
      at process.processTicksAndRejections (node:internal/process/task_queues:104:5)
      at async TestContext.<anonymous> (file:///Users/yuanxi/Workwork/vibe-fs/requirements/verification-system/tests/016.test.mjs:337:9)
      at async Test.run (node:internal/test_runner/test:1404:7)
      at async TestContext.<anonymous> (file:///Users/yuanxi/Workwork/vibe-fs/requirements/verification-system/tests/016.test.mjs:330:7)
      at async Test.run (node:internal/test_runner/test:1404:7)
      at async Test.processPendingSubtests (node:internal/test_runner/test:969:7) {
    generatedMessage: true,
    code: 'ERR_ASSERTION',
    actual: Error: Npm dependency preparation failed
        at ChildProcess.<anonymous> (file:///Users/yuanxi/Workwork/vibe-fs/scripts/lib/verification-npm-candidate.mjs:143:53)
        at ChildProcess.wrapper (node:events:639:12)
        at ChildProcess.emit (node:events:514:20)
        at maybeClose (node:internal/child_process:1125:16)
        at ChildProcess._handle.onexit (node:internal/child_process:305:5),
    expected: { code: 'verification-npm-tool-invalid' },
    operator: 'rejects',
    diff: 'simple'
  }
