TAP version 13
# Subtest: WHAT[verification-system-016] project graph rejects foreign output directory without publishing a restore receipt
ok 1 - WHAT[verification-system-016] project graph rejects foreign output directory without publishing a restore receipt
  ---
  duration_ms: 1895.498416
  type: 'test'
  ...
# Subtest: WHAT[verification-system-016] project graph rejects unselected dependency edge without publishing a restore receipt
ok 2 - WHAT[verification-system-016] project graph rejects unselected dependency edge without publishing a restore receipt
  ---
  duration_ms: 724.217583
  type: 'test'
  ...
# Subtest: WHAT[verification-system-016] project graph rejects target and lock dependency version disagreement without publishing a restore receipt
ok 3 - WHAT[verification-system-016] project graph rejects target and lock dependency version disagreement without publishing a restore receipt
  ---
  duration_ms: 822.075416
  type: 'test'
  ...
# Subtest: WHAT[verification-system-016] project graph rejects null library without publishing a restore receipt
ok 4 - WHAT[verification-system-016] project graph rejects null library without publishing a restore receipt
  ---
  duration_ms: 848.575
  type: 'test'
  ...
# Subtest: WHAT[verification-system-016] project graph rejects null compile asset map without publishing a restore receipt
ok 5 - WHAT[verification-system-016] project graph rejects null compile asset map without publishing a restore receipt
  ---
  duration_ms: 840.574625
  type: 'test'
  ...
# Subtest: WHAT[verification-system-016] project graph rejects array runtime asset map without publishing a restore receipt
ok 6 - WHAT[verification-system-016] project graph rejects array runtime asset map without publishing a restore receipt
  ---
  duration_ms: 777.924375
  type: 'test'
  ...
# Subtest: WHAT[verification-system-016] project graph rejects malformed lock JSON without publishing a restore receipt
ok 7 - WHAT[verification-system-016] project graph rejects malformed lock JSON without publishing a restore receipt
  ---
  duration_ms: 823.814541
  type: 'test'
  ...
# Subtest: WHAT[verification-system-016] project graph rejects malformed assets JSON without publishing a restore receipt
ok 8 - WHAT[verification-system-016] project graph rejects malformed assets JSON without publishing a restore receipt
  ---
  duration_ms: 786.600708
  type: 'test'
  ...
# Subtest: WHAT[verification-system-016] project graph rejects lock contentHash disagreement without publishing a restore receipt
ok 9 - WHAT[verification-system-016] project graph rejects lock contentHash disagreement without publishing a restore receipt
  ---
  duration_ms: 836.874709
  type: 'test'
  ...
# Subtest: WHAT[verification-system-016] project graph rejects raw archive sidecar disagreement without publishing a restore receipt
ok 10 - WHAT[verification-system-016] project graph rejects raw archive sidecar disagreement without publishing a restore receipt
  ---
  duration_ms: 832.084958
  type: 'test'
  ...
# Subtest: WHAT[verification-system-016] project graph rejects changed restored archive bytes without publishing a restore receipt
ok 11 - WHAT[verification-system-016] project graph rejects changed restored archive bytes without publishing a restore receipt
  ---
  duration_ms: 832.348916
  type: 'test'
  ...
# Subtest: WHAT[verification-system-016] project graph rejects missing runtime file without publishing a restore receipt
ok 12 - WHAT[verification-system-016] project graph rejects missing runtime file without publishing a restore receipt
  ---
  duration_ms: 983.396959
  type: 'test'
  ...
# Subtest: WHAT[verification-system-016] project graph rejects foreign package folder without publishing a restore receipt
ok 13 - WHAT[verification-system-016] project graph rejects foreign package folder without publishing a restore receipt
  ---
  duration_ms: 833.933042
  type: 'test'
  ...
# Subtest: WHAT[verification-system-016] project restore rejects an added feed archive changed by the first consumer before starting locked restore
ok 14 - WHAT[verification-system-016] project restore rejects an added feed archive changed by the first consumer before starting locked restore
  ---
  duration_ms: 1073.469167
  type: 'test'
  ...
# Subtest: WHAT[verification-system-016] project restore rejects selected feed bytes changed by the first consumer before starting locked restore
ok 15 - WHAT[verification-system-016] project restore rejects selected feed bytes changed by the first consumer before starting locked restore
  ---
  duration_ms: 808.319375
  type: 'test'
  ...
# Subtest: WHAT[verification-system-016] project restore rejects the selected NuGet config changed by the first consumer before starting locked restore
ok 16 - WHAT[verification-system-016] project restore rejects the selected NuGet config changed by the first consumer before starting locked restore
  ---
  duration_ms: 825.076417
  type: 'test'
  ...
# Subtest: WHAT[verification-system-016] project restore rejects a Git journal file changed by the first consumer before starting locked restore
ok 17 - WHAT[verification-system-016] project restore rejects a Git journal file changed by the first consumer before starting locked restore
  ---
  duration_ms: 794.255209
  type: 'test'
  ...
# Subtest: WHAT[verification-system-016] fresh-cache locked project restore rejects graph change
ok 18 - WHAT[verification-system-016] fresh-cache locked project restore rejects graph change
  ---
  duration_ms: 817.823375
  type: 'test'
  ...
# Subtest: WHAT[verification-system-016] fresh-cache locked project restore rejects lock byte change
ok 19 - WHAT[verification-system-016] fresh-cache locked project restore rejects lock byte change
  ---
  duration_ms: 779.742083
  type: 'test'
  ...
# Subtest: WHAT[verification-system-016] fresh-cache locked project restore rejects physical locked restore failure
ok 20 - WHAT[verification-system-016] fresh-cache locked project restore rejects physical locked restore failure
  ---
  duration_ms: 819.27725
  type: 'test'
  ...
# Subtest: WHAT[verification-system-016] a changed public project root cannot borrow the prepared identity or redirect disposal
ok 21 - WHAT[verification-system-016] a changed public project root cannot borrow the prepared identity or redirect disposal
  ---
  duration_ms: 861.720291
  type: 'test'
  ...
# Subtest: WHAT[verification-system-016] a changed public project digest cannot claim the original prepared identity
ok 22 - WHAT[verification-system-016] a changed public project digest cannot claim the original prepared identity
  ---
  duration_ms: 850.432334
  type: 'test'
  ...
# Subtest: WHAT[verification-system-016] a prepared project rejects bytes output identity before further consumption
ok 23 - WHAT[verification-system-016] a prepared project rejects bytes output identity before further consumption
  ---
  duration_ms: 823.6665
  type: 'test'
  ...
# Subtest: WHAT[verification-system-016] a prepared project rejects mode output identity before further consumption
ok 24 - WHAT[verification-system-016] a prepared project rejects mode output identity before further consumption
  ---
  duration_ms: 837.36675
  type: 'test'
  ...
# Subtest: WHAT[verification-system-016] a prepared project rejects added output identity before further consumption
ok 25 - WHAT[verification-system-016] a prepared project rejects added output identity before further consumption
  ---
  duration_ms: 845.959791
  type: 'test'
  ...
# Subtest: WHAT[verification-system-016] a prepared project rejects missing output identity before further consumption
ok 26 - WHAT[verification-system-016] a prepared project rejects missing output identity before further consumption
  ---
  duration_ms: 1450.301583
  type: 'test'
  ...
# Subtest: WHAT[verification-system-016] a changed project parent alias cannot redirect disposal into caller-owned data
ok 27 - WHAT[verification-system-016] a changed project parent alias cannot redirect disposal into caller-owned data
  ---
  duration_ms: 849.670875
  type: 'test'
  ...
# Subtest: WHAT[verification-system-016] project receipt binds a consistent two-package graph after both actual adapter processes start from empty private caches
ok 28 - WHAT[verification-system-016] project receipt binds a consistent two-package graph after both actual adapter processes start from empty private caches
  ---
  duration_ms: 867.595959
  type: 'test'
  ...
1..28
# tests 28
# suites 0
# pass 28
# fail 0
# cancelled 0
# skipped 0
# todo 0
# duration_ms 25149.883458
