runner: scoped 使用 TESTS_MJS_FILES=201 files
runner: build is current (1796 sources, 885 artifacts)
runner: discovery OVERRIDDEN by TESTS_MJS_FILES (201 file(s))
runner: 201 test file(s), 5000ms verdict-silence window
[36m[build][0m build up-to-date (no-op)
fatal: not a git repository (or any of the parent directories): .git
fatal: not a git repository (or any of the parent directories): .git
{"operation":"plugin-hook-chat-message-failed","result":"Managed chat admission failed: TransactionFailed (LeaseHandoffFailed (external input supersession failed to drain the old Host attempt: Host rejected session abort: { message = \"controlled SDK abort rejection\" }, TerminalCommitted (Settled Applied)))"}
fatal: not a git repository (or any of the parent directories): .git
fatal: not a git repository (or any of the parent directories): .git
fatal: not a git repository (or any of the parent directories): .git
fatal: not a git repository (or any of the parent directories): .git
fatal: not a git repository (or any of the parent directories): .git
fatal: not a git repository (or any of the parent directories): .git
fatal: not a git repository (or any of the parent directories): .git
fatal: not a git repository (or any of the parent directories): .git
fatal: not a git repository (or any of the parent directories): .git
fatal: not a git repository (or any of the parent directories): .git
fatal: not a git repository (or any of the parent directories): .git
fatal: not a git repository (or any of the parent directories): .git
fatal: not a git repository (or any of the parent directories): .git
fatal: not a git repository (or any of the parent directories): .git
fatal: not a git repository (or any of the parent directories): .git
fatal: not a git repository (or any of the parent directories): .git
fatal: not a git repository (or any of the parent directories): .git
fatal: not a git repository (or any of the parent directories): .git
fatal: not a git repository (or any of the parent directories): .git
fatal: not a git repository (or any of the parent directories): .git
fatal: not a git repository (or any of the parent directories): .git
fatal: not a git repository (or any of the parent directories): .git
fatal: not a git repository (or any of the parent directories): .git
fatal: not a git repository (or any of the parent directories): .git
fatal: not a git repository (or any of the parent directories): .git
fatal: not a git repository (or any of the parent directories): .git
fatal: not a git repository (or any of the parent directories): .git
fatal: not a git repository (or any of the parent directories): .git
fatal: not a git repository (or any of the parent directories): .git
fatal: not a git repository (or any of the parent directories): .git
js-boundary-gate: 2 violation(s) across 1 file(s)
  ../../../../var/folders/g_/3ydzn7kx5lg9ylq8fd9p_13r0000gn/T/boundary-gate-red-sEihlF/requirements/sample-pkg/tests/debt.test.mjs:1 [deep-dist-import] import * as mod from '../../../dist/Internal/UnregisteredModule.js'
  ../../../../var/folders/g_/3ydzn7kx5lg9ylq8fd9p_13r0000gn/T/boundary-gate-red-sEihlF/requirements/sample-pkg/tests/debt.test.mjs:2 [export-discovery] const names = Object.keys(mod)
js-boundary-gate: OK — 0 debt line(s) across 0 file(s)
js-boundary-gate: 1 violation(s) across 1 file(s)
  ../../../../var/folders/g_/3ydzn7kx5lg9ylq8fd9p_13r0000gn/T/boundary-environment-Zfhj8g/requirements/sample/tests/001.test.mjs:3 [mangled-lookup] const name = 'Example__run'; name.startsWith('Example__')
js-boundary-gate: 1 violation(s) across 1 file(s)
  ../../../../var/folders/g_/3ydzn7kx5lg9ylq8fd9p_13r0000gn/T/boundary-environment-Zfhj8g/requirements/sample/tests/001.test.mjs:3 [mangled-lookup] const name = '_Method'; name.endsWith('_Method')
js-boundary-gate: 1 violation(s) across 1 file(s)
  ../../../../var/folders/g_/3ydzn7kx5lg9ylq8fd9p_13r0000gn/T/boundary-environment-Zfhj8g/requirements/sample/tests/001.test.mjs:3 [mangled-lookup] Object.keys(process.env).filter((env) => { const name = 'Example__run'; return name.startsWith('Example__') })
js-boundary-gate: OK — 0 debt line(s) across 0 file(s)
coverage: running tests with NODE_V8_COVERAGE in /private/var/folders/g_/3ydzn7kx5lg9ylq8fd9p_13r0000gn/T/cov-root-alias-lsJKQh/actual/.fable-build/coverage/1791097925294-91033/raw...

coverage: OK (2 production modules covered, report in /private/var/folders/g_/3ydzn7kx5lg9ylq8fd9p_13r0000gn/T/cov-root-alias-lsJKQh/actual/.fable-build/coverage/1791097925294-91033/report)
coverage: running tests with NODE_V8_COVERAGE in /private/var/folders/g_/3ydzn7kx5lg9ylq8fd9p_13r0000gn/T/cov-test-1-sB0fuF/.fable-build/coverage/1791097925568-91033/raw...

coverage: OK (2 production modules covered, report in /private/var/folders/g_/3ydzn7kx5lg9ylq8fd9p_13r0000gn/T/cov-test-1-sB0fuF/.fable-build/coverage/1791097925568-91033/report)
coverage: running tests with NODE_V8_COVERAGE in /private/var/folders/g_/3ydzn7kx5lg9ylq8fd9p_13r0000gn/T/cov-test-2-nwcZeI/.fable-build/coverage/1791097925891-91033/raw...

coverage: OK (2 production modules covered, report in /private/var/folders/g_/3ydzn7kx5lg9ylq8fd9p_13r0000gn/T/cov-test-2-nwcZeI/.fable-build/coverage/1791097925891-91033/report)
coverage: running tests with NODE_V8_COVERAGE in /private/var/folders/g_/3ydzn7kx5lg9ylq8fd9p_13r0000gn/T/cov-test-3-vhBdZM/.fable-build/coverage/1791097926104-91033/raw...

coverage: OK (3 production modules covered, report in /private/var/folders/g_/3ydzn7kx5lg9ylq8fd9p_13r0000gn/T/cov-test-3-vhBdZM/.fable-build/coverage/1791097926104-91033/report)
coverage: running tests with NODE_V8_COVERAGE in /private/var/folders/g_/3ydzn7kx5lg9ylq8fd9p_13r0000gn/T/cov-test-4-sX3f7b/.fable-build/coverage/1791097926328-91033/raw...

coverage: OK (2 production modules covered, report in /private/var/folders/g_/3ydzn7kx5lg9ylq8fd9p_13r0000gn/T/cov-test-4-sX3f7b/.fable-build/coverage/1791097926328-91033/report)
coverage: running tests with NODE_V8_COVERAGE in /private/var/folders/g_/3ydzn7kx5lg9ylq8fd9p_13r0000gn/T/cov-test-5-8GbESz/.fable-build/coverage/1791097926640-91033/raw...
coverage: unit tests failed (status 1)
coverage: running tests with NODE_V8_COVERAGE in /private/var/folders/g_/3ydzn7kx5lg9ylq8fd9p_13r0000gn/T/cov-test-6-foIuFS/.fable-build/coverage/1791097926880-91033/raw...
runner: 1 test file(s), 10000ms verdict-silence window
coverage: unit tests failed (status 1)
coverage: running tests with NODE_V8_COVERAGE in /var/folders/g_/3ydzn7kx5lg9ylq8fd9p_13r0000gn/T/cov-test-7-m7nWWt/.fable-build/coverage/corrupt-run-id/raw...
runner: post-exit group verification/reclamation: pid=91629; elapsedMs=28.666; accepted=true

runner: 1 passed, 0 failed; 0/1 planned file(s) completed
runner: incomplete run; no completion for /Users/yuanxi/Workwork/vibe-fs/requirements/verification-system/tests/support/fixtures/two-leaf.fixture.mjs
runner: 1 test file(s), 1000ms verdict-silence window
coverage: raw coverage file is corrupted: coverage-corrupt.json (Unexpected token 'C', "CORRUPTED "... is not valid JSON)
coverage: running tests with NODE_V8_COVERAGE in /private/var/folders/g_/3ydzn7kx5lg9ylq8fd9p_13r0000gn/T/cov-test-8-vcIPb0/.fable-build/coverage/1791097927080-91033/raw...
runner: post-exit group verification/reclamation: pid=91696; elapsedMs=28.489; accepted=true

runner: 1 passed, 0 failed; 1/1 planned file(s) completed
runner: incomplete run; not every planned file stream drained
runner: 1 test file(s), 10000ms verdict-silence window
TAP version 13
# Subtest: leaf one
ok 1 - leaf one
  ---
  duration_ms: 0.925625
  type: 'test'
  ...
# Subtest: leaf two
ok 2 - leaf two
  ---
  duration_ms: 0.267167
  type: 'test'
  ...
1..2
# tests 2
# suites 0
# pass 2
# fail 0
# cancelled 0
# skipped 0
# todo 0
# duration_ms 9.465291
runner: post-exit group verification/reclamation: pid=91781; elapsedMs=30.250; accepted=true
runner: inner runner failed to provide authoritative summary

runner: verdict counts unavailable; no authoritative summary; 0/1 planned file(s) completed
coverage: reported files do not match build receipt outputs
coverage: running tests with NODE_V8_COVERAGE in /private/var/folders/g_/3ydzn7kx5lg9ylq8fd9p_13r0000gn/T/cov-test-9-tXC5Ea/.fable-build/coverage/1791097927278-91033/raw...
runner: 1 test file(s), 10000ms verdict-silence window
runner: post-exit group verification/reclamation: pid=91957; elapsedMs=29.819; accepted=true

runner: 1 passed, 0 failed; 1/1 planned file(s) completed
runner: partial evidence; 0 skipped, 1 TODO; excluded cases are not passes
runner: pending proof prevents complete acceptance
runner: 1 test file(s), 10000ms verdict-silence window
coverage: input files changed during coverage run (INPUT_CHANGED):
  compiler: c34e2495fb6ac9f727678de89ea59cf036362683ff38f6f8b5af945f63f61d28 -> e09ce7d0574eee0fbf6c0cfb4be952e42c674708f041478ea375ea3db3463336
  generated: c34e2495fb6ac9f727678de89ea59cf036362683ff38f6f8b5af945f63f61d28 -> e09ce7d0574eee0fbf6c0cfb4be952e42c674708f041478ea375ea3db3463336
  artifact: c34e2495fb6ac9f727678de89ea59cf036362683ff38f6f8b5af945f63f61d28 -> e09ce7d0574eee0fbf6c0cfb4be952e42c674708f041478ea375ea3db3463336
runner: post-exit group verification/reclamation: pid=92031; elapsedMs=47.072; accepted=true

runner: 1 passed, 0 failed; 1/1 planned file(s) completed
runner: partial evidence; 0 skipped, 1 TODO; excluded cases are not passes
runner: pending proof prevents complete acceptance
runner: 2 test file(s), 10000ms verdict-silence window
node:internal/test_runner/harness:99
      throw err;
      ^

Error [ERR_MODULE_NOT_FOUND]: Cannot find module '/var/folders/g_/3ydzn7kx5lg9ylq8fd9p_13r0000gn/T/failed-test-file-1R7S9b/missing.fixture.mjs' imported from /Users/yuanxi/Workwork/vibe-fs/
    at finalizeResolution (node:internal/modules/esm/resolve:275:11)
    at moduleResolve (node:internal/modules/esm/resolve:865:10)
    at defaultResolve (node:internal/modules/esm/resolve:989:11)
    at #cachedDefaultResolve (node:internal/modules/esm/loader:747:20)
    at ModuleLoader.resolve (node:internal/modules/esm/loader:724:38)
    at ModuleLoader.getModuleJobForImport (node:internal/modules/esm/loader:320:38)
    at onImport.tracePromise.__proto__ (node:internal/modules/esm/loader:680:36)
    at TracingChannel.tracePromise (node:diagnostics_channel:350:14)
    at ModuleLoader.import (node:internal/modules/esm/loader:679:21)
    at node:internal/modules/run_main:179:35 {
  code: 'ERR_MODULE_NOT_FOUND',
  url: 'file:///var/folders/g_/3ydzn7kx5lg9ylq8fd9p_13r0000gn/T/failed-test-file-1R7S9b/missing.fixture.mjs'
}

Node.js v22.23.3

✖ failing tests:

test at /var/folders/g_/3ydzn7kx5lg9ylq8fd9p_13r0000gn/T/failed-test-file-1R7S9b/missing.fixture.mjs:1:1
✖ /var/folders/g_/3ydzn7kx5lg9ylq8fd9p_13r0000gn/T/failed-test-file-1R7S9b/missing.fixture.mjs (44.735ms)
  'test failed'


[test-summary] 2 file(s), 2 passed, 0 failed, 1 failed containers (0.06s wall, 0.00s test time)
runner: post-exit group verification/reclamation: pid=92096; elapsedMs=25.239; accepted=true
runner: 2 test(s), 0.0s of test time; max 2ms, p90 2ms, median 1ms

runner: 2 passed, 0 failed; 2/2 planned file(s) completed
runner: cancelled tests or failed containers prevent complete acceptance
runner: 2 test file(s), 10000ms verdict-silence window
node:internal/test_runner/harness:99
      throw err;
      ^

Error: fixture failed before registering any test
    at file:///private/var/folders/g_/3ydzn7kx5lg9ylq8fd9p_13r0000gn/T/failed-test-file-1R7S9b/broken.fixture.mjs:1:7
    at ModuleJob.run (node:internal/modules/esm/module_job:343:25)
    at async onImport.tracePromise.__proto__ (node:internal/modules/esm/loader:681:26)
    at async asyncRunEntryPointWithESMLoader (node:internal/modules/run_main:117:5)

Node.js v22.23.3

✖ failing tests:

test at /var/folders/g_/3ydzn7kx5lg9ylq8fd9p_13r0000gn/T/failed-test-file-1R7S9b/broken.fixture.mjs:1:1
✖ /var/folders/g_/3ydzn7kx5lg9ylq8fd9p_13r0000gn/T/failed-test-file-1R7S9b/broken.fixture.mjs (53.001ms)
  'test failed'


[test-summary] 2 file(s), 2 passed, 0 failed, 1 failed containers (0.06s wall, 0.00s test time)
runner: post-exit group verification/reclamation: pid=92172; elapsedMs=24.920; accepted=true
runner: 2 test(s), 0.0s of test time; max 3ms, p90 3ms, median 1ms

runner: 2 passed, 0 failed; 2/2 planned file(s) completed
runner: cancelled tests or failed containers prevent complete acceptance
check.mjs: FAILED with 1 issue(s) across 1 gate(s)

Gate: /var/folders/g_/3ydzn7kx5lg9ylq8fd9p_13r0000gn/T/gate-failure-uifSrK/gate.mjs (1 issue(s))
  - [fail] controlled violation

check.mjs: fatal error: Cannot find module '/var/folders/g_/3ydzn7kx5lg9ylq8fd9p_13r0000gn/T/gate-failure-uifSrK/missing.mjs' imported from /Users/yuanxi/Workwork/vibe-fs/scripts/check.mjs
check.mjs: fatal error: controlled failure
fatal: .git/index: index file smaller than expected
fatal: .git/index: index file smaller than expected
fatal: .git/index: index file smaller than expected

[test-summary] 201 file(s), 1055 passed, 0 failed, 50 skipped, 110 todo (81.00s wall, 295.91s test time)
  skip: /Users/yuanxi/Workwork/vibe-fs/requirements/behavior-diagnosis/tests/002.test.mjs:WHAT[behavior-diagnosis-002] real resource loader refuses empty missing blank and invalid packaged rules — integration tier not enabled
  todo: /Users/yuanxi/Workwork/vibe-fs/requirements/behavior-diagnosis/tests/002.test.mjs:WHAT[behavior-diagnosis-002] GAP-112 actual plugin startup converts resource failure to process fail-fast; institutional preflight revision race commits nothing — reason not supplied
  todo: /Users/yuanxi/Workwork/vibe-fs/requirements/attention-regulation/tests/006.test.mjs:WHAT[attention-regulation-006] GAP-118 actual dependency and capability isolation exclude a hidden scheduler or cognitive workflow engine — reason not supplied
  todo: /Users/yuanxi/Workwork/vibe-fs/requirements/behavior-diagnosis/tests/001.test.mjs:WHAT[behavior-diagnosis-001] GAP-112 actual live union shares one provider enum and Main index and rejects collisions — reason not supplied
  todo: /Users/yuanxi/Workwork/vibe-fs/requirements/attention-regulation/tests/001.test.mjs:WHAT[attention-regulation-001] GAP-118 review prompt meaning and actual participant behavior at materially new evidence; no word scan proves cognitive stopping — reason not supplied
  skip: /Users/yuanxi/Workwork/vibe-fs/requirements/behavior-diagnosis/tests/005.test.mjs:WHAT[behavior-diagnosis-005] both locale views preserve authored leaf bodies and share identities — integration tier not enabled
  skip: /Users/yuanxi/Workwork/vibe-fs/requirements/behavior-diagnosis/tests/005.test.mjs:WHAT[behavior-diagnosis-005] missing or blank Chinese leaves never fall back to valid English — integration tier not enabled
  todo: /Users/yuanxi/Workwork/vibe-fs/requirements/behavior-diagnosis/tests/005.test.mjs:WHAT[behavior-diagnosis-005] GAP-112 institutional BIRTH rejects either missing locale before durable append — reason not supplied
  todo: /Users/yuanxi/Workwork/vibe-fs/requirements/behavior-diagnosis/tests/004.test.mjs:WHAT[behavior-diagnosis-004] GAP-112 actual institutional live Rulebook projection remains memory-only — reason not supplied
  todo: /Users/yuanxi/Workwork/vibe-fs/requirements/behavior-diagnosis/tests/010.test.mjs:WHAT[behavior-diagnosis-010] GAP-113 settle conflict between fatal missing identity and attempt-only termination before claiming full compliance — reason not supplied
  todo: /Users/yuanxi/Workwork/vibe-fs/requirements/behavior-diagnosis/tests/013.test.mjs:WHAT[behavior-diagnosis-013] GAP-112 stale staged cursor cutoff or epoch is refused before actual append with zero durable commit — reason not supplied
  todo: /Users/yuanxi/Workwork/vibe-fs/requirements/behavior-diagnosis/tests/012.test.mjs:WHAT[behavior-diagnosis-012] GAP-112 actual commit fault and disk reopen prove frame coverage tip and identities are published atomically — reason not supplied
  todo: /Users/yuanxi/Workwork/vibe-fs/requirements/behavior-diagnosis/tests/019.test.mjs:WHAT[behavior-diagnosis-019] GAP-112 actual enforcer fatal requires mandatory injected capability and durable settlement and occurs once — reason not supplied
  todo: /Users/yuanxi/Workwork/vibe-fs/requirements/cognitive-environment/tests/001.test.mjs:WHAT[cognitive-environment-001] every delivered material has one semantic authority owner; catalog size does not prove ownership (GAP-076) — reason not supplied
  todo: /Users/yuanxi/Workwork/vibe-fs/requirements/cognitive-environment/tests/002.test.mjs:WHAT[cognitive-environment-002] conflicting materials follow domain ownership without impersonation; requires semantic cases and actual delivery evidence (GAP-076) — reason not supplied
  todo: /Users/yuanxi/Workwork/vibe-fs/requirements/cognitive-environment/tests/004.test.mjs:WHAT[cognitive-environment-004] system prompt is not a full tool inventory and tool availability grants no additional authority; absence of keywords is insufficient (GAP-076) — reason not supplied
  todo: /Users/yuanxi/Workwork/vibe-fs/requirements/cognitive-environment/tests/003.test.mjs:WHAT[cognitive-environment-003] actual request keeps tools, lifecycle and mission in their designated channels (GAP-076) — reason not supplied
  todo: /Users/yuanxi/Workwork/vibe-fs/requirements/cognitive-environment/tests/006.test.mjs:WHAT[cognitive-environment-006] library advice yields to mission needs and cannot define axioms or powers; requires semantic counterexamples (GAP-076) — reason not supplied
  todo: /Users/yuanxi/Workwork/vibe-fs/requirements/cognitive-environment/tests/005.test.mjs:WHAT[cognitive-environment-005] real model-binding changes preserve the complete Role Law and self-model; retired tier input checks only cover planner compatibility (GAP-076) — reason not supplied
  todo: /Users/yuanxi/Workwork/vibe-fs/requirements/cognitive-environment/tests/007.test.mjs:WHAT[cognitive-environment-007] receiving another office technical knowledge leaves actual action authority unchanged (GAP-076) — reason not supplied
  todo: /Users/yuanxi/Workwork/vibe-fs/requirements/cognitive-environment/tests/008.test.mjs:WHAT[cognitive-environment-008] library material has Class, Delivery and Audience with role/request rather than reasoning-depth selection; classification evidence is missing (GAP-076) — reason not supplied
  todo: /Users/yuanxi/Workwork/vibe-fs/requirements/cognitive-environment/tests/009.test.mjs:WHAT[cognitive-environment-009] library selection avoids omnipotent manuals, tier variants and hidden review orchestration; wording scans cannot prove these boundaries (GAP-076) — reason not supplied
  todo: /Users/yuanxi/Workwork/vibe-fs/requirements/cognitive-environment/tests/010.test.mjs:WHAT[cognitive-environment-010] actual lifecycle delivery orients without repeated education or replacing the system prompt (GAP-076) — reason not supplied
  todo: /Users/yuanxi/Workwork/vibe-fs/requirements/cognitive-environment/tests/011.test.mjs:WHAT[cognitive-environment-011] real runtime and mission changes use message channels without fake activation or Role Law replacement (GAP-076) — reason not supplied
  todo: /Users/yuanxi/Workwork/vibe-fs/requirements/cognitive-environment/tests/012.test.mjs:WHAT[cognitive-environment-012] assessment actually judges current evidence independently and honestly without hidden-process influence; resource inclusion does not prove behavior (GAP-076) — reason not supplied
  todo: /Users/yuanxi/Workwork/vibe-fs/requirements/concern-routing/tests/001.test.mjs:WHAT[concern-routing-001] subscription remains isolated between real workspaces and conflicts do not overwrite durable owners (GAP-155) — reason not supplied
  todo: /Users/yuanxi/Workwork/vibe-fs/requirements/concern-routing/tests/007.test.mjs:WHAT[concern-routing-007] audit actual routing entry points and dependency ownership for the minimal mailbox responsibility; absence of workflow vocabulary does not prove absence of such behavior (GAP-155) — reason not supplied
  todo: /Users/yuanxi/Workwork/vibe-fs/requirements/concern-routing/tests/003.test.mjs:WHAT[concern-routing-003] real concurrent retirement between resolution and append rejects the stale generation without redirecting or losing accepted evidence (GAP-155) — reason not supplied
  skip: /Users/yuanxi/Workwork/vibe-fs/requirements/crash-reconciliation/tests/020.test.mjs:WHAT[crash-reconciliation-020] actual child settlement persists voids across journal reopen without a completion — integration tier not enabled
  skip: /Users/yuanxi/Workwork/vibe-fs/requirements/crash-reconciliation/tests/020.test.mjs:WHAT[crash-reconciliation-020] actual child settlement propagates unknown and unattempted append failures — integration tier not enabled
  todo: /Users/yuanxi/Workwork/vibe-fs/requirements/crash-reconciliation/tests/020.test.mjs:WHAT[crash-reconciliation-020] actual plugin activation durably settles orphan child and Blogger work before ordinary execution, preserves exact live flights, and refuses append failure (GAP-149) — reason not supplied
  todo: /Users/yuanxi/Workwork/vibe-fs/requirements/crash-reconciliation/tests/020.test.mjs:WHAT[crash-reconciliation-020] a real interrupted run and PTY input are not replayed after restart while unique DevOps authority and durable model Persona binding are retained (GAP-149; GAP-129; GAP-132) — reason not supplied
  todo: /Users/yuanxi/Workwork/vibe-fs/requirements/delegation/tests/001.test.mjs:WHAT[delegation-001] every actual delegation entry specifies charge entitled office logical owner and bounded consequence rather than deriving them from persona labels (GAP-153) — reason not supplied
  todo: /Users/yuanxi/Workwork/vibe-fs/requirements/cognitive-environment/tests/015.test.mjs:WHAT[cognitive-environment-015] R1_registered_transform_injects_one_marker_and_writes_no_durable_history — registered-transform blogger branch requires the durable BloggerRequest chain (BloggerRequestMaterialized + PromptKey bind + flight claim); combining that chain with the plugin-fixture full transform hook is a fixture-architecture gap — the 018 precedent covers only manager sessions and 009/017 build the blogger request on an isolated journal with surface direct-calls. DevOps proved the first layers (Accepted execution, participant alignment) and stopped at BloggerRequestMissing; fixture extension or strategy change needs Manager adjudication
  todo: /Users/yuanxi/Workwork/vibe-fs/requirements/behavior-diagnosis/tests/018.test.mjs:WHAT[behavior-diagnosis-018] GAP-112 a real BIRTH during an active life changes none of its four frozen views and appears in the next fresh life — reason not supplied
  todo: /Users/yuanxi/Workwork/vibe-fs/requirements/delegation/tests/004.test.mjs:WHAT[delegation-004] the actual tool registry assigns distinct names to commission fork and resume and no name has conflicting contracts (GAP-153) — reason not supplied
  skip: /Users/yuanxi/Workwork/vibe-fs/requirements/degeneration-guard/tests/004.test.mjs:WHAT[degeneration-guard-004] current runtime envelope matches a fresh repository derivation and the self-consistent prior — integration tier not enabled
  todo: /Users/yuanxi/Workwork/vibe-fs/requirements/degeneration-guard/tests/004.test.mjs:WHAT[degeneration-guard-004] actual build binds generator selector selected bytes and runtime traversal to one staged input (GAP-145) — reason not supplied
  todo: /Users/yuanxi/Workwork/vibe-fs/requirements/cognitive-environment/tests/015.test.mjs:WHAT[cognitive-environment-015] R2_registered_transform_non_companion_session_injects_nothing — blocked by the same registered-transform BloggerRequest fixture gap as R1 (see R1 todo)
  todo: /Users/yuanxi/Workwork/vibe-fs/requirements/delegation/tests/005.test.mjs:WHAT[delegation-005] all public schemas and success/failure returns exclude physical topology, including missing display-name paths (GAP-153) — reason not supplied
  todo: /Users/yuanxi/Workwork/vibe-fs/requirements/concern-routing/tests/005.test.mjs:WHAT[concern-routing-005] real message delivery preserves complete obligation and office projections, and recipients independently verify claimed facts (GAP-155) — reason not supplied
  todo: /Users/yuanxi/Workwork/vibe-fs/requirements/concern-routing/tests/004.test.mjs:WHAT[concern-routing-004] failed or abandoned real placement leaves both coverages pending across journal reopen and crash (GAP-155) — reason not supplied
  todo: /Users/yuanxi/Workwork/vibe-fs/requirements/cognitive-environment/tests/015.test.mjs:WHAT[cognitive-environment-015] R3_registered_transform_replays_same_occurrence_without_duplicate_markers — blocked by the same registered-transform BloggerRequest fixture gap as R1 (see R1 todo)
  todo: /Users/yuanxi/Workwork/vibe-fs/requirements/delegation/tests/008.test.mjs:WHAT[delegation-008] the real Host tool-call collection fixes complete batch membership before invocation without using arrival timing (GAP-153) — reason not supplied
  todo: /Users/yuanxi/Workwork/vibe-fs/requirements/crash-reconciliation/tests/018.test.mjs:WHAT[crash-reconciliation-018] a restarted plugin normalizes durable child runs before reuse without replaying tools or hiding their interrupted history (GAP-149) — reason not supplied
  todo: /Users/yuanxi/Workwork/vibe-fs/requirements/delegation/tests/007.test.mjs:WHAT[delegation-007] the Sphinx program invokes standard Engineer through an acyclic managed path with family-root placement and exact terminal identity, without extra DevOps authority (GAP-153) — reason not supplied
  todo: /Users/yuanxi/Workwork/vibe-fs/requirements/delegation/tests/006.test.mjs:WHAT[delegation-006] actual resume preserves the complete execution and model binding through replacement and recovery (GAP-153; GAP-129) — reason not supplied
  todo: /Users/yuanxi/Workwork/vibe-fs/requirements/cognitive-environment/tests/015.test.mjs:WHAT[cognitive-environment-015] R4_registered_transform_followup_request_history_boundary — blocked by the same registered-transform BloggerRequest fixture gap as R1 (see R1 todo)
  todo: /Users/yuanxi/Workwork/vibe-fs/requirements/delegation/tests/013.test.mjs:WHAT[delegation-013] real agent completion join enforces current ownership and durable CAS consumption across concurrent calls and restart (GAP-153) — reason not supplied
  todo: /Users/yuanxi/Workwork/vibe-fs/requirements/delegation/tests/014.test.mjs:WHAT[delegation-014] actual commission entry wires job completion into the proven FIFO mailbox and durable result consumption (GAP-153) — reason not supplied
  todo: /Users/yuanxi/Workwork/vibe-fs/requirements/delegation/tests/017.test.mjs:WHAT[delegation-017] consuming a real returned WorkRecord changes no caller authority obligation or global request direction (GAP-153) — reason not supplied
  todo: /Users/yuanxi/Workwork/vibe-fs/requirements/delegation/tests/020.test.mjs:WHAT[delegation-020] legal adapter naming changes preserve actual delegation authority ownership and lifecycle observations (GAP-153) — reason not supplied
  todo: /Users/yuanxi/Workwork/vibe-fs/requirements/delegation/tests/010.test.mjs:WHAT[delegation-010] actual routing uses effective system configuration and retained binding without accepting caller-selected model targets (GAP-153) — reason not supplied
  todo: /Users/yuanxi/Workwork/vibe-fs/requirements/delegation/tests/019.test.mjs:WHAT[delegation-019] actual fork first-prompt producers obtain the current durable parent record and preserve the typed instruction and data boundary end to end (GAP-153) — reason not supplied
  todo: /Users/yuanxi/Workwork/vibe-fs/requirements/cognitive-environment/tests/015.test.mjs:WHAT[cognitive-environment-015] R5_registered_transform_without_committed_lease_injects_nothing — blocked by the same registered-transform BloggerRequest fixture gap as R1 (see R1 todo)
  todo: /Users/yuanxi/Workwork/vibe-fs/requirements/cognitive-environment/tests/015.test.mjs:WHAT[cognitive-environment-015] R6_registered_transform_non_whitelisted_model_injects_nothing — blocked by the same registered-transform BloggerRequest fixture gap as R1 (see R1 todo)
  todo: /Users/yuanxi/Workwork/vibe-fs/requirements/delegation/tests/015.test.mjs:WHAT[delegation-015] real Host input and cancellation reach join without cancelling the agent or revoking its authority (GAP-153) — reason not supplied
  todo: /Users/yuanxi/Workwork/vibe-fs/requirements/delegation/tests/022.test.mjs:WHAT[delegation-022] real tool execution remains allowed after estimate exhaustion and replacement resets the same durable estimate through reopen (GAP-153) — reason not supplied
  todo: /Users/yuanxi/Workwork/vibe-fs/requirements/delegation/tests/021.test.mjs:WHAT[delegation-021] actual fork attaches only the designated peer history without cloning authority or transferring unfinished obligations (GAP-153) — reason not supplied
  todo: /Users/yuanxi/Workwork/vibe-fs/requirements/concern-routing/tests/006.test.mjs:WHAT[concern-routing-006] completing the actual owner life retires its mailbox before later publish — GAP-157: the production Suicide post-commit retirement append failure has no proved recovery
  todo: /Users/yuanxi/Workwork/vibe-fs/requirements/delegation/tests/029.test.mjs:WHAT[delegation-029] independently compiled workflow boundaries and real injected effects establish confinement beyond current source spellings (GAP-153) — reason not supplied
  todo: /Users/yuanxi/Workwork/vibe-fs/requirements/delegation/tests/030.test.mjs:WHAT[delegation-030] actual injected delegation invariant incidents preserve settlement before exactly one report and kill with no physical fallback (GAP-153) — reason not supplied
  todo: /Users/yuanxi/Workwork/vibe-fs/requirements/delegation/tests/028.test.mjs:WHAT[delegation-028] each bounded locality actually compiles independently with only its declared transitive inputs (GAP-153) — reason not supplied
  todo: /Users/yuanxi/Workwork/vibe-fs/requirements/delegation/tests/025.test.mjs:WHAT[delegation-025] actual fork execution rejects late run-scoped success failure and abort while preserving legitimate session-wide failures (GAP-153) — reason not supplied
  todo: /Users/yuanxi/Workwork/vibe-fs/requirements/delegation/tests/023.test.mjs:WHAT[delegation-023] actual shared recovery engine exhausts all applicable paths before the parent receives final failure (GAP-153) — reason not supplied
  todo: /Users/yuanxi/Workwork/vibe-fs/requirements/dispatch-protocol/tests/008.test.mjs:WHAT[dispatch-protocol-008] repeated post-flight exact occasions send again only after durable Abandoned, never after Pending, Submitted or PhysicalAccepted (GAP-136) — reason not supplied
  todo: /Users/yuanxi/Workwork/vibe-fs/requirements/delegation/tests/026.test.mjs:WHAT[delegation-026] actual admission and checkpoint fault cuts preserve exact durable claim and effect truth without replay or durable program counters (GAP-153) — reason not supplied
  todo: /Users/yuanxi/Workwork/vibe-fs/requirements/delegation/tests/031.test.mjs:WHAT[delegation-031] actual sync and fork completion still deliver after NotCommitted or Unknown checkpoint, absorb duplicate terminals, re-read durable evidence without reexecution, and fuse only PhaseConflict (GAP-153) — reason not supplied
  todo: /Users/yuanxi/Workwork/vibe-fs/requirements/dispatch-protocol/tests/012.test.mjs:WHAT[dispatch-protocol-012] real PhysicalAccepted handoff retains the whole atomic profile and only managed execution acquires exact capacity and creates execution facts (GAP-136) — reason not supplied
  skip: /Users/yuanxi/Workwork/vibe-fs/requirements/durable-events/tests/003.test.mjs:WHAT[durable-events-003] canonical_event_bytes_are_stable_under_object_and_set_order — integration tier not enabled
  skip: /Users/yuanxi/Workwork/vibe-fs/requirements/durable-events/tests/003.test.mjs:WHAT[durable-events-003] same_event_id_different_canonical_bytes_is_identity_collision — integration tier not enabled
  skip: /Users/yuanxi/Workwork/vibe-fs/requirements/durable-events/tests/003.test.mjs:WHAT[durable-events-003] canonical_event_bytes_decode_to_the_same_plain_event — integration tier not enabled
  skip: /Users/yuanxi/Workwork/vibe-fs/requirements/durable-events/tests/003.test.mjs:WHAT[durable-events-003] decode_rejects_noncanonical_key_and_set_order_without_reencoding_the_event — integration tier not enabled
  skip: /Users/yuanxi/Workwork/vibe-fs/requirements/durable-events/tests/003.test.mjs:WHAT[durable-events-003] merge_by_identity_dedupes_equal_bytes_and_rejects_collisions — integration tier not enabled
  skip: /Users/yuanxi/Workwork/vibe-fs/requirements/dispatch-protocol/tests/010.test.mjs:WHAT[dispatch-protocol-010] compiler rejects adding physical model authority to the opaque root — integration tier not enabled
  todo: /Users/yuanxi/Workwork/vibe-fs/requirements/distribution/tests/005.test.mjs:WHAT[distribution-005] GAP-210: clean and incremental production outputs have identical bytes for identical inputs — reason not supplied
  todo: /Users/yuanxi/Workwork/vibe-fs/requirements/durable-events/tests/021.test.mjs:WHAT[durable-events-021] the actual producing process exits after semantic cut and a distinct next process resumes from the reset Current — reason not supplied
  todo: /Users/yuanxi/Workwork/vibe-fs/requirements/durable-events/tests/020.test.mjs:WHAT[durable-events-020] actual plugin load checks readability without replay repair or writes; first durable consumer activates once — reason not supplied
  skip: /Users/yuanxi/Workwork/vibe-fs/requirements/durable-events/tests/022.test.mjs:WHAT[durable-events-022] each actual bounded locality compiles as one flat project and a reversed dependency is rejected — integration tier not enabled
  skip: /Users/yuanxi/Workwork/vibe-fs/requirements/durable-events/tests/022.test.mjs:WHAT[durable-events-022] real Fable compiles the journal observation owner using its declared closure — integration tier not enabled
  todo: /Users/yuanxi/Workwork/vibe-fs/requirements/durable-events/tests/024.test.mjs:WHAT[durable-events-024] actual semantic-cut caller requires injected fatal capability and refuses fatal before committed or unknown settlement — reason not supplied
  todo: /Users/yuanxi/Workwork/vibe-fs/requirements/durable-events/tests/024.test.mjs:WHAT[durable-events-024] actual physical child persists bad fact and cut then reports and exits once; duplicate incident cannot execute again — reason not supplied
  skip: /Users/yuanxi/Workwork/vibe-fs/requirements/effect-accounting/tests/001.test.mjs:WHAT[effect-accounting-001] real negative compilation rejects confusing effect intent with physical confirmation — integration tier not enabled
  todo: /Users/yuanxi/Workwork/vibe-fs/requirements/durable-events/tests/025.test.mjs:WHAT[durable-events-025] actual Prepared semantic cut prevents transaction file effects; Committed unknown is recovered without assuming not-written — reason not supplied
  todo: /Users/yuanxi/Workwork/vibe-fs/requirements/durable-events/tests/025.test.mjs:WHAT[durable-events-025] durable typed rejection reaches its unique composition fatal owner through a required capability — reason not supplied
  skip: /Users/yuanxi/Workwork/vibe-fs/requirements/durable-events/tests/023.test.mjs:WHAT[durable-events-023] isolated compilation rejects physical-store authority in the codec closure — integration tier not enabled
  skip: /Users/yuanxi/Workwork/vibe-fs/requirements/durable-events/tests/023.test.mjs:WHAT[durable-events-023] isolated compilation rejects aggregate authority in domain folds — integration tier not enabled
  todo: /Users/yuanxi/Workwork/vibe-fs/requirements/guidance-delivery/tests/002.test.mjs:WHAT[guidance-delivery-002] GAP-116 actual rejected or unknown delivery append cannot report successful Full or advance Frontier — reason not supplied
  skip: /Users/yuanxi/Workwork/vibe-fs/requirements/effect-accounting/tests/008.test.mjs:WHAT[effect-accounting-008] todowrite commits its compression checkpoint only after native execution succeeds — integration tier not enabled
  skip: /Users/yuanxi/Workwork/vibe-fs/requirements/effect-accounting/tests/008.test.mjs:WHAT[effect-accounting-008] todowrite executor failure restores args but does not commit a compression checkpoint — integration tier not enabled
  todo: /Users/yuanxi/Workwork/vibe-fs/requirements/guidance-delivery/tests/005.test.mjs:WHAT[guidance-delivery-005] GAP-115 actual restoration preserves occurrence frontier without adding a first-delivery fact — reason not supplied
  skip: /Users/yuanxi/Workwork/vibe-fs/requirements/durable-events/tests/009.test.mjs:WHAT[durable-events-009] local_EventStore_never_reads_or_rewrites_any_legacy_layout — integration tier not enabled
  skip: /Users/yuanxi/Workwork/vibe-fs/requirements/durable-events/tests/009.test.mjs:WHAT[durable-events-009] shock_cut_source_has_no_legacy_shape_detection_migration_or_reset — integration tier not enabled
  todo: /Users/yuanxi/Workwork/vibe-fs/requirements/guidance-delivery/tests/012.test.mjs:WHAT[guidance-delivery-012] GAP-116 actual new occurrence reads each dynamic owner once and freezes concern consumption atomically; replay reads none — reason not supplied
  todo: /Users/yuanxi/Workwork/vibe-fs/requirements/guidance-delivery/tests/009.test.mjs:WHAT[guidance-delivery-009] GAP-116 actual durable delivery leaves authority roots and execution permissions unchanged — reason not supplied
  skip: /Users/yuanxi/Workwork/vibe-fs/requirements/guidance-delivery/tests/008.test.mjs:WHAT[guidance-delivery-008] Blogger composer takes detection source regardless of section vocabulary — integration tier not enabled
  todo: /Users/yuanxi/Workwork/vibe-fs/requirements/institutional-learning/tests/005.test.mjs:WHAT[institutional-learning-005] GAP-181: review and exercise meaningful BIRTH candidates against trigger, distinction, novelty and attention-cost boundaries — reason not supplied
  todo: /Users/yuanxi/Workwork/vibe-fs/requirements/guidance-delivery/tests/008.test.mjs:WHAT[guidance-delivery-008] complete Main Host projection never promotes Blogger history into interaction authority (GAP-116: full Host projection path pending — the resolver isolation test above covers the guidance text only) — reason not supplied
  todo: /Users/yuanxi/Workwork/vibe-fs/requirements/interaction-authority/tests/017.test.mjs:WHAT[interaction-authority-017] dispatcher rejects a continuation whose target run is durably closed while its archived profile is still readable — reason not supplied
  todo: /Users/yuanxi/Workwork/vibe-fs/requirements/institutional-learning/tests/007.test.mjs:WHAT[institutional-learning-007] GAP-180: pause a real BIRTH admission before completion and prove deferred work cannot surface early — reason not supplied
  todo: /Users/yuanxi/Workwork/vibe-fs/requirements/institutional-learning/tests/008.test.mjs:WHAT[institutional-learning-008] GAP-180: injected staging, durable commit and rulebook revision failures commit no partial learning/rule/deferred result — reason not supplied
  todo: /Users/yuanxi/Workwork/vibe-fs/requirements/institutional-learning/tests/008.test.mjs:WHAT[institutional-learning-008] GAP-182: required DeferredWorkResurfaced fact versus current single LearningDispositionCommitted fact needs a contract decision — reason not supplied
  todo: /Users/yuanxi/Workwork/vibe-fs/requirements/managed-session-lifecycle/tests/013.test.mjs:WHAT[managed-session-lifecycle-013] actual restart re-enlists durable visible handles and a failed recovery commit blocks readiness (GAP-133) — reason not supplied
  skip: /Users/yuanxi/Workwork/vibe-fs/requirements/obligation-ledger/tests/001.test.mjs:WHAT[obligation-ledger-001] plugin leaves native todo rows untouched — integration tier not enabled
  skip: /Users/yuanxi/Workwork/vibe-fs/requirements/obligation-ledger/tests/001.test.mjs:WHAT[obligation-ledger-001] provider definition stays host-shaped with no retired planning fields — integration tier not enabled
  todo: /Users/yuanxi/Workwork/vibe-fs/requirements/obligation-ledger/tests/003.test.mjs:WHAT[obligation-ledger-003] plugin keeps no second desired/applied todo projection beside the Host-native TodoTable — reason not supplied
  skip: /Users/yuanxi/Workwork/vibe-fs/requirements/host-boundary/tests/033.test.mjs:WHAT[host-boundary-033] installed Host drains a superseded Guard and answers the exact fresh human input — integration tier not enabled
  skip: /Users/yuanxi/Workwork/vibe-fs/requirements/host-boundary/tests/033.test.mjs:WHAT[host-boundary-033] installed Host drains a held Guard before waiting for its only capacity slot — integration tier not enabled
  skip: /Users/yuanxi/Workwork/vibe-fs/requirements/obligation-ledger/tests/002.test.mjs:WHAT[obligation-ledger-002] empty and duplicate native todo lists pass through unchanged — integration tier not enabled
  skip: /Users/yuanxi/Workwork/vibe-fs/requirements/obligation-ledger/tests/002.test.mjs:WHAT[obligation-ledger-002] installed OpenCode native executor replaces only the current session TodoTable; an empty todowrite is a Host no-op — integration tier not enabled
  todo: /Users/yuanxi/Workwork/vibe-fs/requirements/obligation-ledger/tests/006.test.mjs:WHAT[obligation-ledger-006] empty or completed todos never grant mutation capability quality acceptance or retirement — reason not supplied
  todo: /Users/yuanxi/Workwork/vibe-fs/requirements/obligation-ledger/tests/007.test.mjs:WHAT[obligation-ledger-007] controlled legacy audit reading retains old accepted facts without activating gates prefix switching or Host writes — reason not supplied
  skip: /Users/yuanxi/Workwork/vibe-fs/requirements/obligation-ledger/tests/005.test.mjs:WHAT[obligation-ledger-005] no checkpoint before the exact completed terminal evidence — integration tier not enabled
  skip: /Users/yuanxi/Workwork/vibe-fs/requirements/obligation-ledger/tests/005.test.mjs:WHAT[obligation-ledger-005] the exact completed terminal commits exactly one durable checkpoint — integration tier not enabled
  skip: /Users/yuanxi/Workwork/vibe-fs/requirements/obligation-ledger/tests/005.test.mjs:WHAT[obligation-ledger-005] an error terminal closes the candidate without a checkpoint and without blocking another call — integration tier not enabled
  skip: /Users/yuanxi/Workwork/vibe-fs/requirements/obligation-ledger/tests/005.test.mjs:WHAT[obligation-ledger-005] distinct sessions and calls never confuse checkpoint identities — integration tier not enabled
  skip: /Users/yuanxi/Workwork/vibe-fs/requirements/obligation-ledger/tests/005.test.mjs:WHAT[obligation-ledger-005] concurrent duplicate terminals share one append outcome instead of an early success — integration tier not enabled
  skip: /Users/yuanxi/Workwork/vibe-fs/requirements/obligation-ledger/tests/005.test.mjs:WHAT[obligation-ledger-005] concurrent duplicates of a successful terminal share the one append and commit exactly one fact — integration tier not enabled
  skip: /Users/yuanxi/Workwork/vibe-fs/requirements/obligation-ledger/tests/005.test.mjs:WHAT[obligation-ledger-005] a WriteUnknown append outcome is never retried for the same call — integration tier not enabled
  skip: /Users/yuanxi/Workwork/vibe-fs/requirements/obligation-ledger/tests/005.test.mjs:WHAT[obligation-ledger-005] a WriterUnavailable outcome releases the call so a retry reaches a fresh writer admission — integration tier not enabled
  skip: /Users/yuanxi/Workwork/vibe-fs/requirements/obligation-ledger/tests/004.test.mjs:WHAT[obligation-ledger-004] the completed-terminal checkpoint leaves every non-checkpoint projection slice untouched — integration tier not enabled
  todo: /Users/yuanxi/Workwork/vibe-fs/requirements/relay-assessment/tests/003.test.mjs:WHAT[relay-assessment-003] actual assessment evidence digest includes only public text before the exact call — GAP-193: relay Surface supplies constant binding digests; actual narrative extraction and every identity axis require independent observations
  todo: /Users/yuanxi/Workwork/vibe-fs/requirements/relay-assessment/tests/005.test.mjs:WHAT[relay-assessment-005] actual certificate binds every evidence field and immediately blocks workspace mutation — GAP-193: four exposed certificate fields do not prove full binding or actual mutation denial
  todo: /Users/yuanxi/Workwork/vibe-fs/requirements/relay-assessment/tests/009.test.mjs:WHAT[relay-assessment-009] Manager independently investigates through its review-only tools or a read-only Engineer and treats implementer reports only as leads — reason not supplied
  todo: /Users/yuanxi/Workwork/vibe-fs/requirements/relay-assessment/tests/010.test.mjs:WHAT[relay-assessment-010] actual DevOps workspace mutation invalidates previous verification and assessment evidence — GAP-193: manual invalidation does not start DevOps or observe a real workspace change
  todo: /Users/yuanxi/Workwork/vibe-fs/requirements/provider-attempt-recovery/tests/021.test.mjs:WHAT[provider-attempt-recovery-021] actual ordinary and sync-delegate recovery combine exact durable LWR evidence and target settlement after licensing and before send (GAP-139) — reason not supplied
  todo: /Users/yuanxi/Workwork/vibe-fs/requirements/relay-context-projection/tests/003.test.mjs:WHAT[relay-context-projection-003] complete provider serialization carries no private control identifiers secrets or synthetic workspace narrative — reason not supplied
  todo: /Users/yuanxi/Workwork/vibe-fs/requirements/relay-context-projection/tests/004.test.mjs:WHAT[relay-context-projection-004] first and successor Managers independently investigate the actual inherited work and never fabricate predecessor evidence — reason not supplied
  todo: /Users/yuanxi/Workwork/vibe-fs/requirements/managed-session-lifecycle/tests/018.test.mjs:WHAT[managed-session-lifecycle-018] plugin shutdown waits for already admitted provider transforms and terminal callbacks without logical cancellation (GAP-133) — reason not supplied
  todo: /Users/yuanxi/Workwork/vibe-fs/requirements/relay-context-projection/tests/007.test.mjs:WHAT[relay-context-projection-007] crash recovery and Accepted-certificate invalidation keep the committed retired request identity without filtering physical history — reason not supplied
  todo: /Users/yuanxi/Workwork/vibe-fs/requirements/relay-context-projection/tests/009.test.mjs:WHAT[relay-context-projection-009] fixed DevOps execution facts and predecessor interactions reach the successor through their real owners without synthesized conclusions — reason not supplied
  todo: /Users/yuanxi/Workwork/vibe-fs/requirements/relay-retirement/tests/001.test.mjs:WHAT[relay-retirement-001] ordinary assistant stop does not retire Manager and exceptional terminals are not forged suicide — GAP-197: requires actual Manager terminal workflow; removed test merely returned Retire for an empty array
  todo: /Users/yuanxi/Workwork/vibe-fs/requirements/relay-context-projection/tests/001.test.mjs:WHAT[relay-context-projection-001] Host physical transcript and durable audit survive actual process restart without loss — reason not supplied
  todo: /Users/yuanxi/Workwork/vibe-fs/requirements/relay-retirement/tests/007.test.mjs:WHAT[relay-retirement-007] real durable retirement is atomic across crash points and cleanup retry — GAP-197: pure fold transition does not persist a transaction or clear actual resource blockers
  todo: /Users/yuanxi/Workwork/vibe-fs/requirements/relay-retirement/tests/007.test.mjs:WHAT[relay-retirement-007] retirement ends incumbent obligations without rewriting independent context-compression history — reason not supplied
  todo: /Users/yuanxi/Workwork/vibe-fs/requirements/repository-programming/tests/006.test.mjs:WHAT[repository-programming-006] pending async work and post-await computation terminate within the execution budget — reason not supplied
  todo: /Users/yuanxi/Workwork/vibe-fs/requirements/repository-programming/tests/006.test.mjs:WHAT[repository-programming-006] memory exhaustion is contained without exhausting the Host process — reason not supplied
  todo: /Users/yuanxi/Workwork/vibe-fs/requirements/relay-assessment/tests/008.test.mjs:WHAT[relay-assessment-008] every pre-assessment role ledger and tool surface conceals later assignments and loop mechanics — GAP-193: actual accepted result selection is tested; all earlier surfaces require projection and semantic audit
  todo: /Users/yuanxi/Workwork/vibe-fs/requirements/relay-retirement/tests/009.test.mjs:WHAT[relay-retirement-009] actual Continue transfers fixed DevOps work and processes while Accepted or exceptional termination physically closes them — reason not supplied
  skip: /Users/yuanxi/Workwork/vibe-fs/requirements/structured-workflow/tests/012.test.mjs:WHAT[structured-workflow-012] Mac nested mounted output resets under immutable input and cleanup preserves the original callback failure — integration tier not enabled
  todo: /Users/yuanxi/Workwork/vibe-fs/requirements/relay-context-projection/tests/008.test.mjs:WHAT[relay-context-projection-008] every accepted physical authority revision is retained across restart and successor projection — reason not supplied
  todo: /Users/yuanxi/Workwork/vibe-fs/requirements/relay-retirement/tests/004.test.mjs:WHAT[relay-retirement-004] exact-incumbency freeze precedes recursive observation and never leaks into next incarnation of the same session — GAP-197: a sequential child blocker does not prove an admission race or same-session successor fence
  todo: /Users/yuanxi/Workwork/vibe-fs/requirements/relay-retirement/tests/003.test.mjs:WHAT[relay-retirement-003] recursive descendants PTYs leases active tools and unobserved cancellation all block by current incumbent ownership — GAP-197: one actual Engineer child does not establish every ownership kind or recursive cancellation boundary
  todo: /Users/yuanxi/Workwork/vibe-fs/requirements/relay-retirement/tests/002.test.mjs:WHAT[relay-retirement-002] unmerged changes failed tests and open obligations do not independently block actual retirement — GAP-197: actual assessed dirty-workspace path is covered; remaining conditions require actual owned fixtures
  skip: /Users/yuanxi/Workwork/vibe-fs/requirements/verification-system/tests/014.test.mjs:WHAT[verification-system-014] Long Stroke 真实物理验收环境 — release tier not enabled
  todo: /Users/yuanxi/Workwork/vibe-fs/requirements/relay-assessment/tests/002.test.mjs:WHAT[relay-assessment-002] cross-incumbency replay of a retired review call is rejected — requires a real retirement-chain fixture to open the next incumbency before replaying the retired call; the fold-level AssessmentReplayToolCall gate is in place
  skip: /Users/yuanxi/Workwork/vibe-fs/requirements/structured-workflow/tests/012.test.mjs:WHAT[structured-workflow-012] real Fable compiles a focused Controller change with its declared SessionHostPort contracts — integration tier not enabled
  skip: /Users/yuanxi/Workwork/vibe-fs/requirements/structured-workflow/tests/012.test.mjs:WHAT[structured-workflow-012] compile-impact CLI compiles a focused production implementation change — integration tier not enabled
  skip: /Users/yuanxi/Workwork/vibe-fs/requirements/structured-workflow/tests/012.test.mjs:WHAT[structured-workflow-012] switching focused closures in one output directory emits the newly selected module — integration tier not enabled
  skip: /Users/yuanxi/Workwork/vibe-fs/requirements/structured-workflow/tests/012.test.mjs:WHAT[structured-workflow-012] compile-impact CLI emits fresh output into a scratch output dir and never writes a success manifest — integration tier not enabled
  skip: /Users/yuanxi/Workwork/vibe-fs/requirements/structured-workflow/tests/012.test.mjs:WHAT[structured-workflow-012] compile-impact CLI re-emits reverse consumers for inline body changes — integration tier not enabled
  skip: /Users/yuanxi/Workwork/vibe-fs/requirements/structured-workflow/tests/012.test.mjs:WHAT[structured-workflow-012] deleting a source purges its stale JS from dist — integration tier not enabled
  skip: /Users/yuanxi/Workwork/vibe-fs/requirements/structured-workflow/tests/012.test.mjs:WHAT[structured-workflow-012] independent Fable checks enforce compile-shard input boundaries — integration tier not enabled
  skip: /Users/yuanxi/Workwork/vibe-fs/requirements/structured-workflow/tests/012.test.mjs:WHAT[structured-workflow-012] build failure preserves prior valid manifest and does not delete it (integration: compiler failure) — integration tier not enabled
  skip: /Users/yuanxi/Workwork/vibe-fs/requirements/structured-workflow/tests/012.test.mjs:WHAT[structured-workflow-012] flat closure compilation compiles transitive closure green and keeps unreferenced sources red — integration tier not enabled
  todo: /Users/yuanxi/Workwork/vibe-fs/requirements/relay-retirement/tests/008.test.mjs:WHAT[relay-retirement-008] a controlled in-flight Host interrupt prevents successor dispatch until exact provider-step release and physical interruption complete — reason not supplied
  skip: /Users/yuanxi/Workwork/vibe-fs/requirements/verification-system/tests/016.test.mjs:WHAT[verification-system-016] exact repository Git inputs install through a selected npm 11.12.1 bundle and real JavaScript consumers — integration tier not enabled
  skip: /Users/yuanxi/Workwork/vibe-fs/requirements/verification-system/tests/016.test.mjs:WHAT[verification-system-016] a complete selected SDK archive resolves the captured repository global.json and reclaims its owned roots — integration tier not enabled
  todo: /Users/yuanxi/Workwork/vibe-fs/requirements/verification-system/tests/016.test.mjs:WHAT[verification-system-016] the actual verification run binds its evidence to the same immutable candidate snapshot — reason not supplied
  todo: /Users/yuanxi/Workwork/vibe-fs/requirements/verification-system/tests/016.test.mjs:WHAT[verification-system-016] a mutation restored within one step still invalidates the run — D2: fixed isolated inputs selected; current runner still uses mutable inputs and step-boundary hashes miss this counterexample
runner: post-exit group verification/reclamation: pid=87131; elapsedMs=19.193; accepted=true
runner: 1215 test(s), 295.9s of test time; max 24748ms, p90 497ms, median 6ms
runner:   24748ms  WHAT[verification-system-016] npm tool archive installation owns selected complete tools and locked dependencies through publication
runner:   17676ms  WHAT[verification-system-016] selected Node and complete npm bundle preparation binds actual probes without borrowing ambient configuration
runner:    9101ms  WHAT[behavior-diagnosis-017] generated duplicate and interleaved repair observations preserve bounded effects
runner:    3984ms  WHAT[verification-system-016] two actual locked registry packages preserve modes use the selected bundle layout and bind its complete identity after tools cleanup
runner:    3705ms  WHAT[verification-system-016] npm tool archive rejects non-CLI library bytes changed during a real held install and reclaims unpublished dependencies

runner: 1055 passed, 0 failed; 201/201 planned file(s) completed
runner: partial evidence; 50 skipped, 110 TODO; excluded cases are not passes
runner: pending proof prevents complete acceptance
