TAP version 13
# Subtest: WHAT[cognitive-environment-015] durable marker oracle observes Git-private event bytes
not ok 1 - WHAT[cognitive-environment-015] durable marker oracle observes Git-private event bytes
  ---
  duration_ms: 1.86575
  type: 'test'
  location: '/Users/yuanxi/Workwork/vibe-fs/requirements/cognitive-environment/tests/015.test.mjs:361:1'
  failureType: 'testCodeFailure'
  error: |-
    Expected values to be strictly equal:
    
    false !== true
    
  code: 'ERR_ASSERTION'
  name: 'AssertionError'
  expected: true
  actual: false
  operator: 'strictEqual'
  stack: |-
    TestContext.<anonymous> (file:///Users/yuanxi/Workwork/vibe-fs/requirements/cognitive-environment/tests/015.test.mjs:370:12)
    Test.runInAsyncScope (node:async_hooks:214:14)
    Test.run (node:internal/test_runner/test:1047:25)
    Test.start (node:internal/test_runner/test:944:17)
    startSubtestAfterBootstrap (node:internal/test_runner/harness:296:17)
    run (node:internal/test_runner/harness:307:12)
    test (node:internal/test_runner/harness:316:12)
    file:///Users/yuanxi/Workwork/vibe-fs/requirements/cognitive-environment/tests/015.test.mjs:361:1
  ...
1..1
# tests 1
# suites 0
# pass 0
# fail 1
# cancelled 0
# skipped 0
# todo 0
# duration_ms 265.565209
