TAP version 13
# Subtest: WHAT[verification-system-016] selected complete SDK restores original repository local tools from explicitly identified NuGet archives
    # Subtest: WHAT[verification-system-016] the repository tool manifest and complete SDK use explicit selected archive identities
    ok 1 - WHAT[verification-system-016] the repository tool manifest and complete SDK use explicit selected archive identities
      ---
      duration_ms: 10967.859083
      type: 'test'
      ...
    # Subtest: WHAT[verification-system-016] the selected SDK rejects a public root redirected to an existing foreign directory
    not ok 2 - WHAT[verification-system-016] the selected SDK rejects a public root redirected to an existing foreign directory
      ---
      duration_ms: 585.683167
      type: 'test'
      location: '/Users/yuanxi/Workwork/vibe-fs/requirements/verification-system/tests/support/repository-dotnet-tools-tests.mjs:136:13'
      failureType: 'testCodeFailure'
      error: 'Missing expected exception.'
      code: 'ERR_ASSERTION'
      name: 'AssertionError'
      expected:
        code: 'verification-dotnet-sdk-entry-invalid'
      operator: 'throws'
      stack: |-
        TestContext.<anonymous> (file:///Users/yuanxi/Workwork/vibe-fs/requirements/verification-system/tests/support/repository-dotnet-tools-tests.mjs:144:16)
        Test.runInAsyncScope (node:async_hooks:214:14)
        Test.run (node:internal/test_runner/test:1047:25)
        Test.start (node:internal/test_runner/test:944:17)
        TestContext.test (node:internal/test_runner/test:373:20)
        TestContext.repositoryDotnetToolsTest (file:///Users/yuanxi/Workwork/vibe-fs/requirements/verification-system/tests/support/repository-dotnet-tools-tests.mjs:136:13)
        process.processTicksAndRejections (node:internal/process/task_queues:103:5)
        async Test.run (node:internal/test_runner/test:1054:7)
        async startSubtestAfterBootstrap (node:internal/test_runner/harness:296:3)
      ...
    # Subtest: WHAT[verification-system-016] actual private NuGet tool restore binds the complete package inventory and owned resolver paths
    ok 3 - WHAT[verification-system-016] actual private NuGet tool restore binds the complete package inventory and owned resolver paths
      ---
      duration_ms: 2912.818
      type: 'test'
      ...
    # Subtest: WHAT[verification-system-016] real restored Fable and Fantomas execute after external archives are removed and release only their owned roots
    ok 4 - WHAT[verification-system-016] real restored Fable and Fantomas execute after external archives are removed and release only their owned roots
      ---
      duration_ms: 2965.015041
      type: 'test'
      ...
    1..4
not ok 1 - WHAT[verification-system-016] selected complete SDK restores original repository local tools from explicitly identified NuGet archives
  ---
  duration_ms: 17434.714292
  type: 'test'
  location: '/Users/yuanxi/Workwork/vibe-fs/requirements/verification-system/tests/support/tier-gate.mjs:26:12'
  failureType: 'subtestsFailed'
  error: '1 subtest failed'
  code: 'ERR_TEST_FAILURE'
  ...
# {"sdkDigest":"e05f113650fea2e9a5555367038c52dabf9dc1f58d104eb36dc3be65f940f248","sdkArchiveSha256":"bb2a21b70337ec025bba77bb3a64160043268804dba244d4ce5cff4fd183d5d0","toolManifestSha256":"87d70c4ba7b3031d6cc2c870a6ef6d0e04da67945e06061d6128a97e4569dd02","packages":[{"id":"fable","version":"5.13.0","sha512":"XbPbm+0ZLocSdlXAu3812SoXpZQocxpY6fL2tqSvk4Ln7D1Iv8kAfM4f3PfDrJ8J4U7KL3p0saFAZ94TciCgbQ=="},{"id":"fantomas","version":"6.3.0","sha512":"pwg1buPBNciNdZ+SqsddJy+ecG8f0VHdTa2w1rgIsWljatxAh1oOhYqPurnlAGpHWzus1nEufSAN7aF/ZFLQxg=="}],"provenance":"explicit caller-selected archive bytes; this test does not authenticate the publisher"}
# {"toolsDigest":"6a78ac9c12b9f4950186eb1ddb713e3f9b145d172c231a8de51c112571579b71","entries":475,"tools":[{"id":"fable","version":"5.13.0","command":"fable","executable":"packages/fable/5.13.0/tools/net10.0/any/fable.dll"},{"id":"fantomas","version":"6.3.0","command":"fantomas","executable":"packages/fantomas/6.3.0/tools/net6.0/any/fantomas.dll"}],"projectRestore":false,"fableCompilation":false,"readOnlyMounted":false,"actualVerifyBound":false}
# {"command":"fable","actualVersionOutput":"5.13.0","selectedExecutable":"packages/fable/5.13.0/tools/net10.0/any/fable.dll"}
# {"command":"fantomas","actualVersionOutput":"Fantomas v6.3.0+e2d6de066b56c67aeef0c6cf92b28ff4a30f46d2","selectedExecutable":"packages/fantomas/6.3.0/tools/net6.0/any/fantomas.dll"}
1..1
# tests 5
# suites 0
# pass 3
# fail 2
# cancelled 0
# skipped 0
# todo 0
# duration_ms 17562.793959
