TAP version 13
# Subtest: WHAT[verification-system-016] npm installation refuses file git link and workspace dependency authorities before making registry requests
    # Subtest: WHAT[verification-system-016] npm installation refuses file:../foreign
    ok 1 - WHAT[verification-system-016] npm installation refuses file:../foreign
      ---
      duration_ms: 8.801292
      type: 'test'
      ...
    # Subtest: WHAT[verification-system-016] npm installation refuses git+https://example.invalid/foreign.git
    ok 2 - WHAT[verification-system-016] npm installation refuses git+https://example.invalid/foreign.git
      ---
      duration_ms: 0.441334
      type: 'test'
      ...
    # Subtest: WHAT[verification-system-016] npm installation refuses link:../foreign
    ok 3 - WHAT[verification-system-016] npm installation refuses link:../foreign
      ---
      duration_ms: 0.480125
      type: 'test'
      ...
    # Subtest: WHAT[verification-system-016] npm installation refuses workspace:*
    ok 4 - WHAT[verification-system-016] npm installation refuses workspace:*
      ---
      duration_ms: 0.401459
      type: 'test'
      ...
    # Subtest: WHAT[verification-system-016] npm installation refuses .
    not ok 5 - WHAT[verification-system-016] npm installation refuses .
      ---
      duration_ms: 2233.749541
      type: 'test'
      location: '/Users/yuanxi/Workwork/vibe-fs/requirements/verification-system/tests/016.test.mjs:182:15'
      failureType: 'testCodeFailure'
      error: |-
        Expected values to be strictly deep-equal:
        + actual - expected
        
          Comparison {
        +   code: 'dependency-candidate-entry-invalid'
        -   code: 'verification-npm-lock-invalid'
          }
        
      code: 'ERR_ASSERTION'
      name: 'AssertionError'
      expected:
        code: 'verification-npm-lock-invalid'
      actual:
      error: 'Archive link escapes node_modules: node_modules/wxs-fixture-parent'
      stack: |-
        invalidEntry (file:///Users/yuanxi/Workwork/vibe-fs/scripts/lib/verification-archive.mjs:10:49)
        readMembers (file:///Users/yuanxi/Workwork/vibe-fs/scripts/lib/verification-archive.mjs:66:44)
        async materializeVerificationArchive (file:///Users/yuanxi/Workwork/vibe-fs/scripts/lib/verification-archive.mjs:103:19)
        async prepareVerificationDependencies (file:///Users/yuanxi/Workwork/vibe-fs/scripts/lib/verification-dependency-candidate.mjs:14:20)
        async Module.installVerificationDependencies (file:///Users/yuanxi/Workwork/vibe-fs/scripts/lib/verification-npm-candidate.mjs:212:17)
        async waitForActual (node:assert:644:5)
        async Function.rejects (node:assert:767:25)
        async TestContext.<anonymous> (file:///Users/yuanxi/Workwork/vibe-fs/requirements/verification-system/tests/016.test.mjs:190:9)
        async Test.run (node:internal/test_runner/test:1054:7)
        async TestContext.<anonymous> (file:///Users/yuanxi/Workwork/vibe-fs/requirements/verification-system/tests/016.test.mjs:182:7)
      operator: 'rejects'
      stack: |-
        async TestContext.<anonymous> (file:///Users/yuanxi/Workwork/vibe-fs/requirements/verification-system/tests/016.test.mjs:190:9)
        async Test.run (node:internal/test_runner/test:1054:7)
        async TestContext.<anonymous> (file:///Users/yuanxi/Workwork/vibe-fs/requirements/verification-system/tests/016.test.mjs:182:7)
        async Test.run (node:internal/test_runner/test:1054:7)
        async startSubtestAfterBootstrap (node:internal/test_runner/harness:296:3)
      ...
    # Subtest: WHAT[verification-system-016] npm installation refuses ..
    not ok 6 - WHAT[verification-system-016] npm installation refuses ..
      ---
      duration_ms: 1578.667625
      type: 'test'
      location: '/Users/yuanxi/Workwork/vibe-fs/requirements/verification-system/tests/016.test.mjs:182:15'
      failureType: 'testCodeFailure'
      error: |-
        Expected values to be strictly deep-equal:
        + actual - expected
        
          Comparison {
        +   code: 'verification-npm-install-failed'
        -   code: 'verification-npm-lock-invalid'
          }
        
      code: 'ERR_ASSERTION'
      name: 'AssertionError'
      expected:
        code: 'verification-npm-lock-invalid'
      actual:
      error: 'Npm dependency preparation failed'
      stack: |-
        ChildProcess.<anonymous> (file:///Users/yuanxi/Workwork/vibe-fs/scripts/lib/verification-npm-candidate.mjs:137:53)
        Object.onceWrapper (node:events:634:26)
        ChildProcess.emit (node:events:519:28)
        maybeClose (node:internal/child_process:1101:16)
        ChildProcess._handle.onexit (node:internal/child_process:304:5)
      operator: 'rejects'
      stack: |-
        process.processTicksAndRejections (node:internal/process/task_queues:103:5)
        async TestContext.<anonymous> (file:///Users/yuanxi/Workwork/vibe-fs/requirements/verification-system/tests/016.test.mjs:190:9)
        async Test.run (node:internal/test_runner/test:1054:7)
        async TestContext.<anonymous> (file:///Users/yuanxi/Workwork/vibe-fs/requirements/verification-system/tests/016.test.mjs:182:7)
        async Test.run (node:internal/test_runner/test:1054:7)
        async startSubtestAfterBootstrap (node:internal/test_runner/harness:296:3)
      ...
    # Subtest: WHAT[verification-system-016] npm installation refuses foreign.tgz
    not ok 7 - WHAT[verification-system-016] npm installation refuses foreign.tgz
      ---
      duration_ms: 1527.212917
      type: 'test'
      location: '/Users/yuanxi/Workwork/vibe-fs/requirements/verification-system/tests/016.test.mjs:182:15'
      failureType: 'testCodeFailure'
      error: |-
        Expected values to be strictly deep-equal:
        + actual - expected
        
          Comparison {
        +   code: 'verification-npm-install-failed'
        -   code: 'verification-npm-lock-invalid'
          }
        
      code: 'ERR_ASSERTION'
      name: 'AssertionError'
      expected:
        code: 'verification-npm-lock-invalid'
      actual:
      error: 'Npm dependency preparation failed'
      stack: |-
        ChildProcess.<anonymous> (file:///Users/yuanxi/Workwork/vibe-fs/scripts/lib/verification-npm-candidate.mjs:137:53)
        Object.onceWrapper (node:events:634:26)
        ChildProcess.emit (node:events:519:28)
        maybeClose (node:internal/child_process:1101:16)
        ChildProcess._handle.onexit (node:internal/child_process:304:5)
      operator: 'rejects'
      stack: |-
        process.processTicksAndRejections (node:internal/process/task_queues:103:5)
        async TestContext.<anonymous> (file:///Users/yuanxi/Workwork/vibe-fs/requirements/verification-system/tests/016.test.mjs:190:9)
        async Test.run (node:internal/test_runner/test:1054:7)
        async TestContext.<anonymous> (file:///Users/yuanxi/Workwork/vibe-fs/requirements/verification-system/tests/016.test.mjs:182:7)
        async Test.run (node:internal/test_runner/test:1054:7)
        async startSubtestAfterBootstrap (node:internal/test_runner/harness:296:3)
      ...
    # Subtest: WHAT[verification-system-016] npm installation refuses foreign.tar.gz
    not ok 8 - WHAT[verification-system-016] npm installation refuses foreign.tar.gz
      ---
      duration_ms: 1507.582292
      type: 'test'
      location: '/Users/yuanxi/Workwork/vibe-fs/requirements/verification-system/tests/016.test.mjs:182:15'
      failureType: 'testCodeFailure'
      error: |-
        Expected values to be strictly deep-equal:
        + actual - expected
        
          Comparison {
        +   code: 'verification-npm-install-failed'
        -   code: 'verification-npm-lock-invalid'
          }
        
      code: 'ERR_ASSERTION'
      name: 'AssertionError'
      expected:
        code: 'verification-npm-lock-invalid'
      actual:
      error: 'Npm dependency preparation failed'
      stack: |-
        ChildProcess.<anonymous> (file:///Users/yuanxi/Workwork/vibe-fs/scripts/lib/verification-npm-candidate.mjs:137:53)
        Object.onceWrapper (node:events:634:26)
        ChildProcess.emit (node:events:519:28)
        maybeClose (node:internal/child_process:1101:16)
        ChildProcess._handle.onexit (node:internal/child_process:304:5)
      operator: 'rejects'
      stack: |-
        process.processTicksAndRejections (node:internal/process/task_queues:103:5)
        async TestContext.<anonymous> (file:///Users/yuanxi/Workwork/vibe-fs/requirements/verification-system/tests/016.test.mjs:190:9)
        async Test.run (node:internal/test_runner/test:1054:7)
        async TestContext.<anonymous> (file:///Users/yuanxi/Workwork/vibe-fs/requirements/verification-system/tests/016.test.mjs:182:7)
        async Test.run (node:internal/test_runner/test:1054:7)
        async startSubtestAfterBootstrap (node:internal/test_runner/harness:296:3)
      ...
    # Subtest: WHAT[verification-system-016] npm installation refuses foreign.tar
    not ok 9 - WHAT[verification-system-016] npm installation refuses foreign.tar
      ---
      duration_ms: 1557.020542
      type: 'test'
      location: '/Users/yuanxi/Workwork/vibe-fs/requirements/verification-system/tests/016.test.mjs:182:15'
      failureType: 'testCodeFailure'
      error: |-
        Expected values to be strictly deep-equal:
        + actual - expected
        
          Comparison {
        +   code: 'verification-npm-install-failed'
        -   code: 'verification-npm-lock-invalid'
          }
        
      code: 'ERR_ASSERTION'
      name: 'AssertionError'
      expected:
        code: 'verification-npm-lock-invalid'
      actual:
      error: 'Npm dependency preparation failed'
      stack: |-
        ChildProcess.<anonymous> (file:///Users/yuanxi/Workwork/vibe-fs/scripts/lib/verification-npm-candidate.mjs:137:53)
        Object.onceWrapper (node:events:634:26)
        ChildProcess.emit (node:events:519:28)
        maybeClose (node:internal/child_process:1101:16)
        ChildProcess._handle.onexit (node:internal/child_process:304:5)
      operator: 'rejects'
      stack: |-
        process.processTicksAndRejections (node:internal/process/task_queues:103:5)
        async TestContext.<anonymous> (file:///Users/yuanxi/Workwork/vibe-fs/requirements/verification-system/tests/016.test.mjs:190:9)
        async Test.run (node:internal/test_runner/test:1054:7)
        async TestContext.<anonymous> (file:///Users/yuanxi/Workwork/vibe-fs/requirements/verification-system/tests/016.test.mjs:182:7)
        async Test.run (node:internal/test_runner/test:1054:7)
        async startSubtestAfterBootstrap (node:internal/test_runner/harness:296:3)
      ...
    1..9
not ok 1 - WHAT[verification-system-016] npm installation refuses file git link and workspace dependency authorities before making registry requests
  ---
  duration_ms: 8645.742791
  type: 'test'
  location: '/Users/yuanxi/Workwork/vibe-fs/requirements/verification-system/tests/016.test.mjs:174:1'
  failureType: 'subtestsFailed'
  error: '5 subtests failed'
  code: 'ERR_TEST_FAILURE'
  ...
# Subtest: WHAT[verification-system-016] npm installation rejects registry escapes linked lock entries and source workspace authority before network or allocation
    # Subtest: WHAT[verification-system-016] npm installation refuses different registry origin
    ok 1 - WHAT[verification-system-016] npm installation refuses different registry origin
      ---
      duration_ms: 1.840709
      type: 'test'
      ...
    # Subtest: WHAT[verification-system-016] npm installation refuses registry path prefix sibling
    ok 2 - WHAT[verification-system-016] npm installation refuses registry path prefix sibling
      ---
      duration_ms: 0.317458
      type: 'test'
      ...
    # Subtest: WHAT[verification-system-016] npm installation refuses registry credentials
    ok 3 - WHAT[verification-system-016] npm installation refuses registry credentials
      ---
      duration_ms: 0.200209
      type: 'test'
      ...
    # Subtest: WHAT[verification-system-016] npm installation refuses registry query
    ok 4 - WHAT[verification-system-016] npm installation refuses registry query
      ---
      duration_ms: 0.187291
      type: 'test'
      ...
    # Subtest: WHAT[verification-system-016] npm installation refuses registry fragment
    ok 5 - WHAT[verification-system-016] npm installation refuses registry fragment
      ---
      duration_ms: 0.283791
      type: 'test'
      ...
    # Subtest: WHAT[verification-system-016] npm installation refuses nonlocal plaintext registry
    ok 6 - WHAT[verification-system-016] npm installation refuses nonlocal plaintext registry
      ---
      duration_ms: 0.19175
      type: 'test'
      ...
    # Subtest: WHAT[verification-system-016] npm installation refuses locked tarball credentials
    ok 7 - WHAT[verification-system-016] npm installation refuses locked tarball credentials
      ---
      duration_ms: 0.267166
      type: 'test'
      ...
    # Subtest: WHAT[verification-system-016] npm installation refuses locked tarball query
    ok 8 - WHAT[verification-system-016] npm installation refuses locked tarball query
      ---
      duration_ms: 0.274625
      type: 'test'
      ...
    # Subtest: WHAT[verification-system-016] npm installation refuses locked tarball fragment
    ok 9 - WHAT[verification-system-016] npm installation refuses locked tarball fragment
      ---
      duration_ms: 0.336458
      type: 'test'
      ...
    # Subtest: WHAT[verification-system-016] npm installation refuses linked lock member
    ok 10 - WHAT[verification-system-016] npm installation refuses linked lock member
      ---
      duration_ms: 0.268834
      type: 'test'
      ...
    # Subtest: WHAT[verification-system-016] npm installation refuses source workspaces
    ok 11 - WHAT[verification-system-016] npm installation refuses source workspaces
      ---
      duration_ms: 0.239958
      type: 'test'
      ...
    # Subtest: WHAT[verification-system-016] npm installation refuses locked root workspaces
    ok 12 - WHAT[verification-system-016] npm installation refuses locked root workspaces
      ---
      duration_ms: 0.239458
      type: 'test'
      ...
    # Subtest: WHAT[verification-system-016] npm installation refuses nested git override
    ok 13 - WHAT[verification-system-016] npm installation refuses nested git override
      ---
      duration_ms: 0.264167
      type: 'test'
      ...
    # Subtest: WHAT[verification-system-016] npm installation refuses link override
    ok 14 - WHAT[verification-system-016] npm installation refuses link override
      ---
      duration_ms: 0.24925
      type: 'test'
      ...
    # Subtest: WHAT[verification-system-016] npm installation refuses workspace override
    ok 15 - WHAT[verification-system-016] npm installation refuses workspace override
      ---
      duration_ms: 0.236958
      type: 'test'
      ...
    # Subtest: WHAT[verification-system-016] npm installation refuses local archive or directory override .
    not ok 16 - WHAT[verification-system-016] npm installation refuses local archive or directory override .
      ---
      duration_ms: 1951.833208
      type: 'test'
      location: '/Users/yuanxi/Workwork/vibe-fs/requirements/verification-system/tests/016.test.mjs:297:15'
      failureType: 'testCodeFailure'
      error: |-
        Expected values to be strictly deep-equal:
        + actual - expected
        
          Comparison {
        +   code: 'verification-npm-install-failed'
        -   code: 'verification-npm-lock-invalid'
          }
        
      code: 'ERR_ASSERTION'
      name: 'AssertionError'
      expected:
        code: 'verification-npm-lock-invalid'
      actual:
      error: 'Npm dependency preparation failed'
      stack: |-
        ChildProcess.<anonymous> (file:///Users/yuanxi/Workwork/vibe-fs/scripts/lib/verification-npm-candidate.mjs:137:53)
        Object.onceWrapper (node:events:634:26)
        ChildProcess.emit (node:events:519:28)
        maybeClose (node:internal/child_process:1101:16)
        ChildProcess._handle.onexit (node:internal/child_process:304:5)
      operator: 'rejects'
      stack: |-
        process.processTicksAndRejections (node:internal/process/task_queues:103:5)
        async TestContext.<anonymous> (file:///Users/yuanxi/Workwork/vibe-fs/requirements/verification-system/tests/016.test.mjs:307:9)
        async Test.run (node:internal/test_runner/test:1054:7)
        async TestContext.<anonymous> (file:///Users/yuanxi/Workwork/vibe-fs/requirements/verification-system/tests/016.test.mjs:297:7)
        async Test.run (node:internal/test_runner/test:1054:7)
        async Test.processPendingSubtests (node:internal/test_runner/test:744:7)
      ...
    # Subtest: WHAT[verification-system-016] npm installation refuses local archive or directory override ..
    not ok 17 - WHAT[verification-system-016] npm installation refuses local archive or directory override ..
      ---
      duration_ms: 1701.839083
      type: 'test'
      location: '/Users/yuanxi/Workwork/vibe-fs/requirements/verification-system/tests/016.test.mjs:297:15'
      failureType: 'testCodeFailure'
      error: |-
        Expected values to be strictly deep-equal:
        + actual - expected
        
          Comparison {
        +   code: 'verification-npm-install-failed'
        -   code: 'verification-npm-lock-invalid'
          }
        
      code: 'ERR_ASSERTION'
      name: 'AssertionError'
      expected:
        code: 'verification-npm-lock-invalid'
      actual:
      error: 'Npm dependency preparation failed'
      stack: |-
        ChildProcess.<anonymous> (file:///Users/yuanxi/Workwork/vibe-fs/scripts/lib/verification-npm-candidate.mjs:137:53)
        Object.onceWrapper (node:events:634:26)
        ChildProcess.emit (node:events:519:28)
        maybeClose (node:internal/child_process:1101:16)
        ChildProcess._handle.onexit (node:internal/child_process:304:5)
      operator: 'rejects'
      stack: |-
        process.processTicksAndRejections (node:internal/process/task_queues:103:5)
        async TestContext.<anonymous> (file:///Users/yuanxi/Workwork/vibe-fs/requirements/verification-system/tests/016.test.mjs:307:9)
        async Test.run (node:internal/test_runner/test:1054:7)
        async TestContext.<anonymous> (file:///Users/yuanxi/Workwork/vibe-fs/requirements/verification-system/tests/016.test.mjs:297:7)
        async Test.run (node:internal/test_runner/test:1054:7)
        async Test.processPendingSubtests (node:internal/test_runner/test:744:7)
      ...
    # Subtest: WHAT[verification-system-016] npm installation refuses local archive or directory override foreign.tgz
    not ok 18 - WHAT[verification-system-016] npm installation refuses local archive or directory override foreign.tgz
      ---
      duration_ms: 1579.771667
      type: 'test'
      location: '/Users/yuanxi/Workwork/vibe-fs/requirements/verification-system/tests/016.test.mjs:297:15'
      failureType: 'testCodeFailure'
      error: |-
        Expected values to be strictly deep-equal:
        + actual - expected
        
          Comparison {
        +   code: 'verification-npm-install-failed'
        -   code: 'verification-npm-lock-invalid'
          }
        
      code: 'ERR_ASSERTION'
      name: 'AssertionError'
      expected:
        code: 'verification-npm-lock-invalid'
      actual:
      error: 'Npm dependency preparation failed'
      stack: |-
        ChildProcess.<anonymous> (file:///Users/yuanxi/Workwork/vibe-fs/scripts/lib/verification-npm-candidate.mjs:137:53)
        Object.onceWrapper (node:events:634:26)
        ChildProcess.emit (node:events:519:28)
        maybeClose (node:internal/child_process:1101:16)
        ChildProcess._handle.onexit (node:internal/child_process:304:5)
      operator: 'rejects'
      stack: |-
        process.processTicksAndRejections (node:internal/process/task_queues:103:5)
        async TestContext.<anonymous> (file:///Users/yuanxi/Workwork/vibe-fs/requirements/verification-system/tests/016.test.mjs:307:9)
        async Test.run (node:internal/test_runner/test:1054:7)
        async TestContext.<anonymous> (file:///Users/yuanxi/Workwork/vibe-fs/requirements/verification-system/tests/016.test.mjs:297:7)
        async Test.run (node:internal/test_runner/test:1054:7)
        async Test.processPendingSubtests (node:internal/test_runner/test:744:7)
      ...
    # Subtest: WHAT[verification-system-016] npm installation refuses local archive or directory override foreign.tar.gz
    not ok 19 - WHAT[verification-system-016] npm installation refuses local archive or directory override foreign.tar.gz
      ---
      duration_ms: 1723.677333
      type: 'test'
      location: '/Users/yuanxi/Workwork/vibe-fs/requirements/verification-system/tests/016.test.mjs:297:15'
      failureType: 'testCodeFailure'
      error: |-
        Expected values to be strictly deep-equal:
        + actual - expected
        
          Comparison {
        +   code: 'verification-npm-install-failed'
        -   code: 'verification-npm-lock-invalid'
          }
        
      code: 'ERR_ASSERTION'
      name: 'AssertionError'
      expected:
        code: 'verification-npm-lock-invalid'
      actual:
      error: 'Npm dependency preparation failed'
      stack: |-
        ChildProcess.<anonymous> (file:///Users/yuanxi/Workwork/vibe-fs/scripts/lib/verification-npm-candidate.mjs:137:53)
        Object.onceWrapper (node:events:634:26)
        ChildProcess.emit (node:events:519:28)
        maybeClose (node:internal/child_process:1101:16)
        ChildProcess._handle.onexit (node:internal/child_process:304:5)
      operator: 'rejects'
      stack: |-
        process.processTicksAndRejections (node:internal/process/task_queues:103:5)
        async TestContext.<anonymous> (file:///Users/yuanxi/Workwork/vibe-fs/requirements/verification-system/tests/016.test.mjs:307:9)
        async Test.run (node:internal/test_runner/test:1054:7)
        async TestContext.<anonymous> (file:///Users/yuanxi/Workwork/vibe-fs/requirements/verification-system/tests/016.test.mjs:297:7)
        async Test.run (node:internal/test_runner/test:1054:7)
        async Test.processPendingSubtests (node:internal/test_runner/test:744:7)
      ...
    # Subtest: WHAT[verification-system-016] npm installation refuses local archive or directory override foreign.tar
    not ok 20 - WHAT[verification-system-016] npm installation refuses local archive or directory override foreign.tar
      ---
      duration_ms: 1578.453125
      type: 'test'
      location: '/Users/yuanxi/Workwork/vibe-fs/requirements/verification-system/tests/016.test.mjs:297:15'
      failureType: 'testCodeFailure'
      error: |-
        Expected values to be strictly deep-equal:
        + actual - expected
        
          Comparison {
        +   code: 'verification-npm-install-failed'
        -   code: 'verification-npm-lock-invalid'
          }
        
      code: 'ERR_ASSERTION'
      name: 'AssertionError'
      expected:
        code: 'verification-npm-lock-invalid'
      actual:
      error: 'Npm dependency preparation failed'
      stack: |-
        ChildProcess.<anonymous> (file:///Users/yuanxi/Workwork/vibe-fs/scripts/lib/verification-npm-candidate.mjs:137:53)
        Object.onceWrapper (node:events:634:26)
        ChildProcess.emit (node:events:519:28)
        maybeClose (node:internal/child_process:1101:16)
        ChildProcess._handle.onexit (node:internal/child_process:304:5)
      operator: 'rejects'
      stack: |-
        process.processTicksAndRejections (node:internal/process/task_queues:103:5)
        async TestContext.<anonymous> (file:///Users/yuanxi/Workwork/vibe-fs/requirements/verification-system/tests/016.test.mjs:307:9)
        async Test.run (node:internal/test_runner/test:1054:7)
        async TestContext.<anonymous> (file:///Users/yuanxi/Workwork/vibe-fs/requirements/verification-system/tests/016.test.mjs:297:7)
        async Test.run (node:internal/test_runner/test:1054:7)
        async Test.processPendingSubtests (node:internal/test_runner/test:744:7)
      ...
    1..20
not ok 2 - WHAT[verification-system-016] npm installation rejects registry escapes linked lock entries and source workspace authority before network or allocation
  ---
  duration_ms: 8662.60175
  type: 'test'
  location: '/Users/yuanxi/Workwork/vibe-fs/requirements/verification-system/tests/016.test.mjs:268:1'
  failureType: 'subtestsFailed'
  error: '5 subtests failed'
  code: 'ERR_TEST_FAILURE'
  ...
1..2
# tests 31
# suites 0
# pass 19
# fail 12
# cancelled 0
# skipped 0
# todo 0
# duration_ms 17393.146625
