runner: scoped 使用 TESTS_MJS_FILES=18 files
runner: build is current (1796 sources, 885 artifacts)
runner: discovery OVERRIDDEN by TESTS_MJS_FILES (18 file(s))
runner: 18 test file(s), 5000ms verdict-silence window
coverage: running tests with NODE_V8_COVERAGE in /private/var/folders/g_/3ydzn7kx5lg9ylq8fd9p_13r0000gn/T/cov-root-alias-KyNCIg/actual/.fable-build/coverage/1791106376245-89952/raw...
js-boundary-gate: 2 violation(s) across 1 file(s)
  ../../../../var/folders/g_/3ydzn7kx5lg9ylq8fd9p_13r0000gn/T/boundary-gate-red-8XKhMc/requirements/sample-pkg/tests/debt.test.mjs:1 [deep-dist-import] import * as mod from '../../../dist/Internal/UnregisteredModule.js'
  ../../../../var/folders/g_/3ydzn7kx5lg9ylq8fd9p_13r0000gn/T/boundary-gate-red-8XKhMc/requirements/sample-pkg/tests/debt.test.mjs:2 [export-discovery] const names = Object.keys(mod)
js-boundary-gate: OK — 0 debt line(s) across 0 file(s)
js-boundary-gate: OK — 0 debt line(s) across 0 file(s)
js-boundary-gate: 1 violation(s) across 1 file(s)
  ../../../../var/folders/g_/3ydzn7kx5lg9ylq8fd9p_13r0000gn/T/boundary-environment-GPSyuu/requirements/sample/tests/001.test.mjs:3 [mangled-lookup] const name = 'Example__run'; name.startsWith('Example__')
js-boundary-gate: 1 violation(s) across 1 file(s)
  ../../../../var/folders/g_/3ydzn7kx5lg9ylq8fd9p_13r0000gn/T/boundary-environment-GPSyuu/requirements/sample/tests/001.test.mjs:3 [mangled-lookup] const name = '_Method'; name.endsWith('_Method')
js-boundary-gate: 1 violation(s) across 1 file(s)
  ../../../../var/folders/g_/3ydzn7kx5lg9ylq8fd9p_13r0000gn/T/boundary-environment-GPSyuu/requirements/sample/tests/001.test.mjs:3 [mangled-lookup] Object.keys(process.env).filter((env) => { const name = 'Example__run'; return name.startsWith('Example__') })

coverage: OK (2 production modules covered, report in /private/var/folders/g_/3ydzn7kx5lg9ylq8fd9p_13r0000gn/T/cov-root-alias-KyNCIg/actual/.fable-build/coverage/1791106376245-89952/report)
coverage: running tests with NODE_V8_COVERAGE in /private/var/folders/g_/3ydzn7kx5lg9ylq8fd9p_13r0000gn/T/cov-test-1-f91AHR/.fable-build/coverage/1791106390556-89952/raw...

coverage: OK (2 production modules covered, report in /private/var/folders/g_/3ydzn7kx5lg9ylq8fd9p_13r0000gn/T/cov-test-1-f91AHR/.fable-build/coverage/1791106390556-89952/report)
coverage: running tests with NODE_V8_COVERAGE in /private/var/folders/g_/3ydzn7kx5lg9ylq8fd9p_13r0000gn/T/cov-test-2-vGz0SS/.fable-build/coverage/1791106397892-89952/raw...

coverage: OK (2 production modules covered, report in /private/var/folders/g_/3ydzn7kx5lg9ylq8fd9p_13r0000gn/T/cov-test-2-vGz0SS/.fable-build/coverage/1791106397892-89952/report)
coverage: running tests with NODE_V8_COVERAGE in /private/var/folders/g_/3ydzn7kx5lg9ylq8fd9p_13r0000gn/T/cov-test-3-dP2lVF/.fable-build/coverage/1791106406957-89952/raw...
runner: 1 test file(s), 10000ms verdict-silence window

coverage: OK (3 production modules covered, report in /private/var/folders/g_/3ydzn7kx5lg9ylq8fd9p_13r0000gn/T/cov-test-3-dP2lVF/.fable-build/coverage/1791106406957-89952/report)
coverage: running tests with NODE_V8_COVERAGE in /private/var/folders/g_/3ydzn7kx5lg9ylq8fd9p_13r0000gn/T/cov-test-4-1wHNPW/.fable-build/coverage/1791106413159-89952/raw...
runner: post-exit group verification/reclamation: pid=90174; elapsedMs=479.737; accepted=true

runner: 1 passed, 0 failed; 0/1 planned file(s) completed
runner: incomplete run; no completion for /Users/yuanxi/Workwork/vibe-fs/requirements/verification-system/tests/support/fixtures/two-leaf.fixture.mjs
runner: 1 test file(s), 1000ms verdict-silence window
WATCHDOG: 'missing-file-drain' silent for 1011ms (limit 1000ms); 0 blocking progress update(s), last progress: start lane=startup expectation=none
runner: 1 file(s) had not reported completion
runner: file streams: 0 drained, 0 active, 1 queued
runner: 1 queued file(s) have not started
runner: verdict counts unavailable; no authoritative summary before the silence

coverage: OK (2 production modules covered, report in /private/var/folders/g_/3ydzn7kx5lg9ylq8fd9p_13r0000gn/T/cov-test-4-1wHNPW/.fable-build/coverage/1791106413159-89952/report)
coverage: running tests with NODE_V8_COVERAGE in /private/var/folders/g_/3ydzn7kx5lg9ylq8fd9p_13r0000gn/T/cov-test-5-Rzf8uS/.fable-build/coverage/1791106417887-89952/raw...
coverage: unit tests failed (status 1)
coverage: running tests with NODE_V8_COVERAGE in /private/var/folders/g_/3ydzn7kx5lg9ylq8fd9p_13r0000gn/T/cov-test-6-3KiIT6/.fable-build/coverage/1791106422557-89952/raw...
coverage: unit tests failed (status 1)
coverage: running tests with NODE_V8_COVERAGE in /var/folders/g_/3ydzn7kx5lg9ylq8fd9p_13r0000gn/T/cov-test-7-PDt9uA/.fable-build/coverage/corrupt-run-id/raw...
coverage: raw coverage file is corrupted: coverage-corrupt.json (Unexpected token 'C', "CORRUPTED "... is not valid JSON)
coverage: running tests with NODE_V8_COVERAGE in /private/var/folders/g_/3ydzn7kx5lg9ylq8fd9p_13r0000gn/T/cov-test-8-s2wc5Y/.fable-build/coverage/1791106433339-89952/raw...
WATCHDOG: 'tests/unit' silent for 5010ms (limit 5000ms); 259 blocking progress update(s), last progress: test:pass:WHAT[verification-system-011] 6. 内层 runner 在测试启动前崩溃: 明确 infrastructure error，不接受全零报告当成功 lane=/Users/yuanxi/Workwork/vibe-fs/requirements/verification-system/tests/011.test.mjs expectation=none
WATCHDOG: background progress 5007ms ago: test:stdout lane=/Users/yuanxi/Workwork/vibe-fs/requirements/verification-system/tests/011.test.mjs (135 background update(s), none of them renewals)
runner: 6 file(s) had not reported completion
runner: file streams: 12 drained, 6 active, 0 queued
runner: active file requirements/verification-system/tests/005.test.mjs; waiting for stream drain; last verdict: test:pass:WHAT[verification-system-005] unused plugin fixtures defer production entry failures until activation
runner: active file requirements/verification-system/tests/008.test.mjs; waiting for stream drain; last verdict: test:pass:WHAT[verification-system-008] untracked new production source fails compile-shard inventory
runner: active file requirements/verification-system/tests/009.test.mjs; waiting for stream drain; last verdict: test:pass:WHAT[verification-system-009] integration discovery selects real declarations and propagates malformed source
runner: active file requirements/verification-system/tests/011.test.mjs; waiting for stream drain; last verdict: test:pass:WHAT[verification-system-011] 6. 内层 runner 在测试启动前崩溃: 明确 infrastructure error，不接受全零报告当成功
runner: active file requirements/verification-system/tests/016.test.mjs; waiting for stream drain; last verdict: test:pass:WHAT[verification-system-016] the formal fixture captures an explicit complete npm package and actual selected Node binary
runner: active file requirements/verification-system/tests/017.test.mjs; waiting for stream drain; last verdict: test:pass:WHAT[verification-system-017] repository and package entries own distinct real integration suites
runner: verdict counts unavailable; no authoritative summary before the silence
