TAP version 13
# Subtest: WHAT[verification-system-016] the prepared Git input revalidates bytes identity of input.txt
ok 1 - WHAT[verification-system-016] the prepared Git input revalidates bytes identity of input.txt
  ---
  duration_ms: 182.528334
  type: 'test'
  ...
# Subtest: WHAT[verification-system-016] the prepared Git input revalidates mode identity of input.txt
ok 2 - WHAT[verification-system-016] the prepared Git input revalidates mode identity of input.txt
  ---
  duration_ms: 149.634209
  type: 'test'
  ...
# Subtest: WHAT[verification-system-016] the prepared Git input revalidates missing identity of input.txt
ok 3 - WHAT[verification-system-016] the prepared Git input revalidates missing identity of input.txt
  ---
  duration_ms: 162.065292
  type: 'test'
  ...
# Subtest: WHAT[verification-system-016] the prepared Git input revalidates bytes identity of .git/HEAD
ok 4 - WHAT[verification-system-016] the prepared Git input revalidates bytes identity of .git/HEAD
  ---
  duration_ms: 139.755541
  type: 'test'
  ...
# Subtest: WHAT[verification-system-016] the prepared Git input revalidates mode identity of .git/HEAD
ok 5 - WHAT[verification-system-016] the prepared Git input revalidates mode identity of .git/HEAD
  ---
  duration_ms: 148.1435
  type: 'test'
  ...
# Subtest: WHAT[verification-system-016] the prepared Git input revalidates missing identity of .git/HEAD
ok 6 - WHAT[verification-system-016] the prepared Git input revalidates missing identity of .git/HEAD
  ---
  duration_ms: 142.149292
  type: 'test'
  ...
# Subtest: WHAT[verification-system-016] the prepared Git input rejects an added ordinary member unselected.txt
ok 7 - WHAT[verification-system-016] the prepared Git input rejects an added ordinary member unselected.txt
  ---
  duration_ms: 182.9535
  type: 'test'
  ...
# Subtest: WHAT[verification-system-016] the prepared Git input rejects an added ordinary member .git/unselected
ok 8 - WHAT[verification-system-016] the prepared Git input rejects an added ordinary member .git/unselected
  ---
  duration_ms: 144.66725
  type: 'test'
  ...
# Subtest: WHAT[verification-system-016] a changed public source root cannot borrow the captured Git identity or redirect disposal
ok 9 - WHAT[verification-system-016] a changed public source root cannot borrow the captured Git identity or redirect disposal
  ---
  duration_ms: 146.271833
  type: 'test'
  ...
# Subtest: WHAT[verification-system-016] prepared Git input disposal reclaims its canonical owned root and preserves the foreign owner after parent link replacement
ok 10 - WHAT[verification-system-016] prepared Git input disposal reclaims its canonical owned root and preserves the foreign owner after parent link replacement
  ---
  duration_ms: 148.962166
  type: 'test'
  ...
# {"originalRootExists":false,"foreignMarkerExists":true}
# Subtest: WHAT[verification-system-016] project preparation rejects missing or nonordinary selected path missing.fsproj
ok 11 - WHAT[verification-system-016] project preparation rejects missing or nonordinary selected path missing.fsproj
  ---
  duration_ms: 170.655125
  type: 'test'
  ...
# Subtest: WHAT[verification-system-016] project preparation rejects missing or nonordinary selected path ../outside.fsproj
ok 12 - WHAT[verification-system-016] project preparation rejects missing or nonordinary selected path ../outside.fsproj
  ---
  duration_ms: 152.771084
  type: 'test'
  ...
# Subtest: WHAT[verification-system-016] project preparation rejects missing or nonordinary selected path /absolute.fsproj
ok 13 - WHAT[verification-system-016] project preparation rejects missing or nonordinary selected path /absolute.fsproj
  ---
  duration_ms: 151.74125
  type: 'test'
  ...
# Subtest: WHAT[verification-system-016] project preparation rejects missing or nonordinary selected path src/../src/Fixture.fsproj
ok 14 - WHAT[verification-system-016] project preparation rejects missing or nonordinary selected path src/../src/Fixture.fsproj
  ---
  duration_ms: 148.546667
  type: 'test'
  ...
# Subtest: WHAT[verification-system-016] project preparation requires the captured Git source digest rather than a changed public claim
ok 15 - WHAT[verification-system-016] project preparation requires the captured Git source digest rather than a changed public claim
  ---
  duration_ms: 151.674083
  type: 'test'
  ...
# Subtest: WHAT[verification-system-016] project preparation rejects a source containing a symbolic selected project without following its foreign target
ok 16 - WHAT[verification-system-016] project preparation rejects a source containing a symbolic selected project without following its foreign target
  ---
  duration_ms: 149.0005
  type: 'test'
  ...
# Subtest: WHAT[verification-system-016] project preparation rejects selected archive byte identity mismatch before invoking MSBuild
ok 17 - WHAT[verification-system-016] project preparation rejects selected archive byte identity mismatch before invoking MSBuild
  ---
  duration_ms: 161.208792
  type: 'test'
  ...
# Subtest: WHAT[verification-system-016] project preparation rejects bytes corruption in the actual tracked source before evaluation
ok 18 - WHAT[verification-system-016] project preparation rejects bytes corruption in the actual tracked source before evaluation
  ---
  duration_ms: 153.592167
  type: 'test'
  ...
# Subtest: WHAT[verification-system-016] project preparation rejects mode corruption in the actual tracked source before evaluation
ok 19 - WHAT[verification-system-016] project preparation rejects mode corruption in the actual tracked source before evaluation
  ---
  duration_ms: 170.37175
  type: 'test'
  ...
# Subtest: WHAT[verification-system-016] project preparation rejects missing corruption in the actual tracked source before evaluation
ok 20 - WHAT[verification-system-016] project preparation rejects missing corruption in the actual tracked source before evaluation
  ---
  duration_ms: 165.931667
  type: 'test'
  ...
# Subtest: WHAT[verification-system-016] project preparation rejects evaluated project references instead of silently restoring a larger graph
ok 21 - WHAT[verification-system-016] project preparation rejects evaluated project references instead of silently restoring a larger graph
  ---
  duration_ms: 1517.92
  type: 'test'
  ...
# Subtest: WHAT[verification-system-016] project preparation rejects evaluated multiple target frameworks
ok 22 - WHAT[verification-system-016] project preparation rejects evaluated multiple target frameworks
  ---
  duration_ms: 753.701666
  type: 'test'
  ...
# Subtest: WHAT[verification-system-016] project preparation rejects an evaluated project path belonging to a different source entry
ok 23 - WHAT[verification-system-016] project preparation rejects an evaluated project path belonging to a different source entry
  ---
  duration_ms: 793.350917
  type: 'test'
  ...
# Subtest: WHAT[verification-system-016] actual selected project executor failure retains the physical cause and reclaims only owned output
ok 24 - WHAT[verification-system-016] actual selected project executor failure retains the physical cause and reclaims only owned output
  ---
  duration_ms: 812.736208
  type: 'test'
  ...
# Subtest: WHAT[verification-system-016] early project cancellation preserves Error before reading absent inputs
ok 25 - WHAT[verification-system-016] early project cancellation preserves Error before reading absent inputs
  ---
  duration_ms: 186.599792
  type: 'test'
  ...
# Subtest: WHAT[verification-system-016] early project cancellation preserves null before reading absent inputs
ok 26 - WHAT[verification-system-016] early project cancellation preserves null before reading absent inputs
  ---
  duration_ms: 161.501792
  type: 'test'
  ...
# Subtest: WHAT[verification-system-016] held project restore preserves Error cancellation and drains its actual process group
ok 27 - WHAT[verification-system-016] held project restore preserves Error cancellation and drains its actual process group
  ---
  duration_ms: 836.23925
  type: 'test'
  ...
# Subtest: WHAT[verification-system-016] held project restore preserves null cancellation and drains its actual process group
ok 28 - WHAT[verification-system-016] held project restore preserves null cancellation and drains its actual process group
  ---
  duration_ms: 867.690334
  type: 'test'
  ...
1..28
# tests 28
# suites 0
# pass 28
# fail 0
# cancelled 0
# skipped 0
# todo 0
# duration_ms 9059.188625
