TAP version 13
# Subtest: WHAT[verification-system-016] actual selected original project after phase admission repair
    # Subtest: WHAT[verification-system-016] project restore captures an explicit complete Git tree, selected SDK, and four package archive identities
    ok 1 - WHAT[verification-system-016] project restore captures an explicit complete Git tree, selected SDK, and four package archive identities
      ---
      duration_ms: 13491.4795
      type: 'test'
      ...
    # Subtest: WHAT[verification-system-016] actual original project restore binds the four-package assets and derived lock in separate owned outputs
    ok 2 - WHAT[verification-system-016] actual original project restore binds the four-package assets and derived lock in separate owned outputs
      ---
      duration_ms: 6552.296333
      type: 'test'
      ...
    # Subtest: WHAT[verification-system-016] project receipt survives removal of fixture archives and disposes outputs without owning source or SDK
    ok 3 - WHAT[verification-system-016] project receipt survives removal of fixture archives and disposes outputs without owning source or SDK
      ---
      duration_ms: 4172.703541
      type: 'test'
      ...
    1..3
ok 1 - WHAT[verification-system-016] actual selected original project after phase admission repair
  ---
  duration_ms: 24219.427
  type: 'test'
  ...
# {"treeId":"a887b097285f617b722f1d92c84b5b9197e321f6","sourceDigest":"9fd081a556d10540f49a33583835eb15beecfcb7965d9db63f4f5c3d84ae952a","sdkDigest":"e05f113650fea2e9a5555367038c52dabf9dc1f58d104eb36dc3be65f940f248","sdkArchiveSha256":"bb2a21b70337ec025bba77bb3a64160043268804dba244d4ce5cff4fd183d5d0","projectPath":"src/Wanxiangshu/Wanxiangshu.Owner.dispatch-protocol.foundation-identity.fsproj","packages":[{"id":"fsharp.core","version":"10.1.203","sha512":"97FbaR75afYTJW/eu1dyLUdns4FPW7WJ1XJ71N6ETTWcRmNQr6WAcBdd6RsRRuax6tvy6hF1JdFiBvWV6/zifQ=="},{"id":"fable.core","version":"5.0.0","sha512":"65IxKwus/l/ceVMKsB3z41Szb4+1Zj63muviXFEK/u0ixYQjQ/emnFQdwVba6TL4oXhX/8NuHdoEVO+6dBX1gA=="},{"id":"fstoolkit.errorhandling","version":"5.2.0","sha512":"PJ26PxiwVm4WIWs8hQCXgamI8beCdrxRK/UkO8wexwrtPLewUOXEhPmGjFJsL7PGztpvPRwbSIPCoZmTVxHNUw=="},{"id":"thoth.json","version":"10.5.1","sha512":"w4HNNEe8FhlH/+6F6AKTWReqmrg9Eba/eyTnz0nRE1VWRccBwyZYUad90uxua8MgvJS+wVLE4xtgMlL11S0rQQ=="}],"provenance":"explicit caller-selected archive bytes; this fixture does not authenticate the publisher"}
# {"projectDigest":"93b1396e9da24bb184533cc3ad170e948cdeadfc844af073364bff262e9f0248","graphDigest":"4238dd18f9ee739fb2985863ea6a40e00a01bf0e08eba56a8e4f41831018b543","entries":228,"packages":[{"id":"fable.core","version":"5.0.0","rawSha512":"65IxKwus/l/ceVMKsB3z41Szb4+1Zj63muviXFEK/u0ixYQjQ/emnFQdwVba6TL4oXhX/8NuHdoEVO+6dBX1gA=="},{"id":"fsharp.core","version":"10.1.203","rawSha512":"97FbaR75afYTJW/eu1dyLUdns4FPW7WJ1XJ71N6ETTWcRmNQr6WAcBdd6RsRRuax6tvy6hF1JdFiBvWV6/zifQ=="},{"id":"fstoolkit.errorhandling","version":"5.2.0","rawSha512":"PJ26PxiwVm4WIWs8hQCXgamI8beCdrxRK/UkO8wexwrtPLewUOXEhPmGjFJsL7PGztpvPRwbSIPCoZmTVxHNUw=="},{"id":"thoth.json","version":"10.5.1","rawSha512":"w4HNNEe8FhlH/+6F6AKTWReqmrg9Eba/eyTnz0nRE1VWRccBwyZYUad90uxua8MgvJS+wVLE4xtgMlL11S0rQQ=="}],"contentHashes":[{"id":"fable.core","version":"5.0.0","contentHash":"pJOXJjfhjvNa1cgtF+klgR3DxQI7x9D/fFzZbjUBZLBJyYIioPsTFsKUnIOqNdCq1Oby9lINUSwnL4TqspMQOA=="},{"id":"fsharp.core","version":"10.1.203","contentHash":"I2MFk72yHqfgI594gKFigq8PVIso0Mh1ZUgG9R4n8gyYQ4IwpBxmvecfjnKA7iMLdVHYULB70PsLwYW/K76gew=="},{"id":"fstoolkit.errorhandling","version":"5.2.0","contentHash":"Y7NfN1gDJ5eOANmi8/aEjGHTWrJOYyqwmgtdA3BIZggd0Ph0IIsbewtgNaLkDYFGgkKw6mGlk0iw4RZ2ZRKZhA=="},{"id":"thoth.json","version":"10.5.1","contentHash":"HMh+zRyOhz7ASGNLgcSQFsrZWv4mcMZfqIsya0aQ2ixFWZpav9RRvYR5C9tL33qmRDX4n+73Bpo6brSfUQ4nQA=="}],"derivedLock":true,"sourceLockProvided":false,"fableCompilation":false,"readOnlyMounted":false,"actualVerifyBound":false}
1..1
# tests 4
# suites 0
# pass 4
# fail 0
# cancelled 0
# skipped 0
# todo 0
# duration_ms 24222.907917
