TAP version 13
# Subtest: WHAT[verification-system-016] selected SDK restores the original repository tool manifest from explicit package archives
    # Subtest: WHAT[verification-system-016] the repository tool manifest and complete SDK use explicit selected archive identities
    ok 1 - WHAT[verification-system-016] the repository tool manifest and complete SDK use explicit selected archive identities
      ---
      duration_ms: 10632.770416
      type: 'test'
      ...
    # Subtest: WHAT[verification-system-016] the selected SDK rejects a public root redirected to an existing foreign directory
    ok 2 - WHAT[verification-system-016] the selected SDK rejects a public root redirected to an existing foreign directory
      ---
      duration_ms: 894.582667
      type: 'test'
      ...
    # Subtest: WHAT[verification-system-016] actual private NuGet tool restore binds the complete package inventory and owned resolver paths
    ok 3 - WHAT[verification-system-016] actual private NuGet tool restore binds the complete package inventory and owned resolver paths
      ---
      duration_ms: 3092.9085
      type: 'test'
      ...
    # Subtest: WHAT[verification-system-016] real restored Fable and Fantomas execute after external archives are removed and release only their owned roots
    ok 4 - WHAT[verification-system-016] real restored Fable and Fantomas execute after external archives are removed and release only their owned roots
      ---
      duration_ms: 2853.58025
      type: 'test'
      ...
    1..4
ok 1 - WHAT[verification-system-016] selected SDK restores the original repository tool manifest from explicit package archives
  ---
  duration_ms: 17479.008792
  type: 'test'
  ...
# {"sdkDigest":"e05f113650fea2e9a5555367038c52dabf9dc1f58d104eb36dc3be65f940f248","sdkArchiveSha256":"bb2a21b70337ec025bba77bb3a64160043268804dba244d4ce5cff4fd183d5d0","toolManifestSha256":"87d70c4ba7b3031d6cc2c870a6ef6d0e04da67945e06061d6128a97e4569dd02","packages":[{"id":"fable","version":"5.13.0","sha512":"XbPbm+0ZLocSdlXAu3812SoXpZQocxpY6fL2tqSvk4Ln7D1Iv8kAfM4f3PfDrJ8J4U7KL3p0saFAZ94TciCgbQ=="},{"id":"fantomas","version":"6.3.0","sha512":"pwg1buPBNciNdZ+SqsddJy+ecG8f0VHdTa2w1rgIsWljatxAh1oOhYqPurnlAGpHWzus1nEufSAN7aF/ZFLQxg=="}],"provenance":"explicit caller-selected archive bytes; this test does not authenticate the publisher"}
# {"toolsDigest":"9f564905186e2dc9be6566f021fc2c994a873cbaa269d67d075155168792eb7b","entries":476,"tools":[{"id":"fable","version":"5.13.0","command":"fable","executable":"packages/fable/5.13.0/tools/net10.0/any/fable.dll"},{"id":"fantomas","version":"6.3.0","command":"fantomas","executable":"packages/fantomas/6.3.0/tools/net6.0/any/fantomas.dll"}],"projectRestore":false,"fableCompilation":false,"readOnlyMounted":false,"actualVerifyBound":false}
# {"command":"fable","actualVersionOutput":"5.13.0","selectedExecutable":"packages/fable/5.13.0/tools/net10.0/any/fable.dll"}
# {"command":"fantomas","actualVersionOutput":"Fantomas v6.3.0+e2d6de066b56c67aeef0c6cf92b28ff4a30f46d2","selectedExecutable":"packages/fantomas/6.3.0/tools/net6.0/any/fantomas.dll"}
1..1
# tests 5
# suites 0
# pass 5
# fail 0
# cancelled 0
# skipped 0
# todo 0
# duration_ms 17482.510334
