TAP version 13
# Subtest: WHAT[verification-system-016] selected Node and complete npm bundle preparation binds actual probes without borrowing ambient configuration
    # Subtest: WHAT[verification-system-016] the formal fixture captures an explicit complete npm package and actual selected Node binary
    ok 1 - WHAT[verification-system-016] the formal fixture captures an explicit complete npm package and actual selected Node binary
      ---
      duration_ms: 813.790625
      type: 'test'
      ...
    # Subtest: WHAT[verification-system-016] wrong selected tool archive digest publishes no candidate
    ok 2 - WHAT[verification-system-016] wrong selected tool archive digest publishes no candidate
      ---
      duration_ms: 59.891083
      type: 'test'
      ...
    # Subtest: WHAT[verification-system-016] tool role paths reject aliases and npm entrypoints outside the selected npm package
    ok 3 - WHAT[verification-system-016] tool role paths reject aliases and npm entrypoints outside the selected npm package
      ---
      duration_ms: 1891.733291
      type: 'test'
      ...
    # Subtest: WHAT[verification-system-016] actual bundled Node and npm probes ignore hostile ambient HOME launchers and npm configuration
    ok 4 - WHAT[verification-system-016] actual bundled Node and npm probes ignore hostile ambient HOME launchers and npm configuration
      ---
      duration_ms: 2708.747166
      type: 'test'
      ...
    # Subtest: WHAT[verification-system-016] a valid selected archive missing an npm required module fails the actual npm probe and reclaims its private resources
    ok 5 - WHAT[verification-system-016] a valid selected archive missing an npm required module fails the actual npm probe and reclaims its private resources
      ---
      duration_ms: 1843.200583
      type: 'test'
      ...
    # Subtest: WHAT[verification-system-016] an internal symbolic Node entrypoint cannot stand in for the selected executable file
    ok 6 - WHAT[verification-system-016] an internal symbolic Node entrypoint cannot stand in for the selected executable file
      ---
      duration_ms: 746.993291
      type: 'test'
      ...
    # Subtest: WHAT[verification-system-016] a non-executable selected Node file cannot authorize a tool probe
    ok 7 - WHAT[verification-system-016] a non-executable selected Node file cannot authorize a tool probe
      ---
      duration_ms: 717.552083
      type: 'test'
      ...
    # Subtest: WHAT[verification-system-016] an actual npm CLI that adds an unselected file before reporting its real version cannot publish the original bundle identity
    ok 8 - WHAT[verification-system-016] an actual npm CLI that adds an unselected file before reporting its real version cannot publish the original bundle identity
      ---
      duration_ms: 1953.080584
      type: 'test'
      ...
    # Subtest: WHAT[verification-system-016] a held actual npm probe preserves Error cancellation and drains its process group
    ok 9 - WHAT[verification-system-016] a held actual npm probe preserves Error cancellation and drains its process group
      ---
      duration_ms: 1929.979666
      type: 'test'
      ...
    # Subtest: WHAT[verification-system-016] a held actual npm probe preserves null cancellation and drains its process group
    ok 10 - WHAT[verification-system-016] a held actual npm probe preserves null cancellation and drains its process group
      ---
      duration_ms: 1902.691709
      type: 'test'
      ...
    # Subtest: WHAT[verification-system-016] already aborted tool preparation preserves Error before reading a missing archive
    ok 11 - WHAT[verification-system-016] already aborted tool preparation preserves Error before reading a missing archive
      ---
      duration_ms: 0.307334
      type: 'test'
      ...
    # Subtest: WHAT[verification-system-016] already aborted tool preparation preserves null before reading a missing archive
    ok 12 - WHAT[verification-system-016] already aborted tool preparation preserves null before reading a missing archive
      ---
      duration_ms: 0.084791
      type: 'test'
      ...
    1..12
ok 1 - WHAT[verification-system-016] selected Node and complete npm bundle preparation binds actual probes without borrowing ambient configuration
  ---
  duration_ms: 14707.835125
  type: 'test'
  ...
1..1
# tests 13
# suites 0
# pass 13
# fail 0
# cancelled 0
# skipped 0
# todo 0
# duration_ms 14800.908042
