TAP version 13
# Subtest: WHAT[verification-system-016] actual upstream selected-tree audit reuses the formal parent-replacement obligation
    # Subtest: the original scalar write-and-restore rejection remains intact
    ok 1 - the original scalar write-and-restore rejection remains intact
      ---
      duration_ms: 74.965834
      type: 'test'
      ...
    # Subtest: actual restored parent replacement must reject instead of reporting PASS
    not ok 2 - actual restored parent replacement must reject instead of reporting PASS
      ---
      duration_ms: 106.328959
      type: 'test'
      location: '/private/tmp/vibe-fs-s03-upstream-parent-replacement-audit.test.mjs:65:13'
      failureType: 'testCodeFailure'
      error: |-
        preventing or detecting parent replacement must invalidate verification
        
        0 !== 1
        
      code: 'ERR_ASSERTION'
      name: 'AssertionError'
      expected: 1
      actual: 0
      operator: 'strictEqual'
      stack: |-
        assertParentReplacementInvalidatesVerification (file:///Users/yuanxi/Workwork/vibe-fs/requirements/verification-system/tests/support/parent-replacement.mjs:75:10)
        async TestContext.<anonymous> (file:///private/tmp/vibe-fs-s03-upstream-parent-replacement-audit.test.mjs:68:9)
        async Test.run (node:internal/test_runner/test:1054:7)
        async TestContext.<anonymous> (file:///private/tmp/vibe-fs-s03-upstream-parent-replacement-audit.test.mjs:65:5)
        async Test.run (node:internal/test_runner/test:1054:7)
        async startSubtestAfterBootstrap (node:internal/test_runner/harness:296:3)
      ...
    1..2
not ok 1 - WHAT[verification-system-016] actual upstream selected-tree audit reuses the formal parent-replacement obligation
  ---
  duration_ms: 4796.563291
  type: 'test'
  location: '/private/tmp/vibe-fs-s03-upstream-parent-replacement-audit.test.mjs:29:1'
  failureType: 'subtestsFailed'
  error: '1 subtest failed'
  code: 'ERR_TEST_FAILURE'
  ...
# {"upstreamCommit":"590a3f69e","upstreamTree":"973e211ea29f9d50459bf41759dc3e84554abcf4","sourceDigest":"ea2a3986ae65355e9a5f7c8732d7a64cd98c7fc7b37b635192ab4d01ef83e8eb"}
# \\n=== verify: daily  inputs=6db0242038863311 snapshot=6db0242038863311 ===\\n
#   format:check   OK  0.0s\\n
#   check          FAIL(1)  0.0s\\n
# FAIL  verify daily  0.1s\\n
# \\n=== verify: daily  inputs=6db0242038863311 snapshot=6db0242038863311 ===\\n
#   format:check   OK  0.0s\\n
# {"label":"check","observedReplacement":true,"fileInode":150614939,"fileCtimeUnchanged":true,"parentCtimeBefore":1791089539591.8174,"parentCtimeAfter":1791089539604.2869}
#   check          OK  0.0s\\n
#   build          OK  0.0s\\n
#   unit           OK  0.0s\\n
#   integration    OK  0.0s\\n
# PASS  verify daily  0.1s\\n
# {"outcome":"pass","exitCode":0,"steps":[{"label":"format:check","stage":"format:check","status":"ok","exitCode":0,"signal":null,"durationMs":1,"wallMs":1},{"label":"check","stage":"check","status":"ok","exitCode":0,"signal":null,"durationMs":1,"wallMs":1},{"label":"build","stage":"build","status":"ok","exitCode":0,"signal":null,"durationMs":1,"wallMs":1},{"label":"unit","stage":"unit","status":"ok","exitCode":0,"signal":null,"durationMs":1,"wallMs":1},{"label":"integration","stage":"integration","status":"ok","exitCode":0,"signal":null,"durationMs":1,"wallMs":1}]}
1..1
# tests 3
# suites 0
# pass 1
# fail 2
# cancelled 0
# skipped 0
# todo 0
# duration_ms 4855.766125
