TAP version 13
# Subtest: WHAT[delegation-028] Delegation contract excludes workflow Host PTY and recovery sources
ok 1 - WHAT[delegation-028] Delegation contract excludes workflow Host PTY and recovery sources
  ---
  duration_ms: 7.337875
  type: 'test'
  ...
# Subtest: WHAT[delegation-028] current compile plans meet declared budgets and source-placement audit
ok 2 - WHAT[delegation-028] current compile plans meet declared budgets and source-placement audit
  ---
  duration_ms: 97.394958
  type: 'test'
  ...
# Subtest: WHAT[delegation-028] each bounded locality actually compiles independently with only its declared transitive inputs (GAP-153)
ok 3 - WHAT[delegation-028] each bounded locality actually compiles independently with only its declared transitive inputs (GAP-153) # TODO
  ---
  duration_ms: 0.067583
  type: 'test'
  ...
# Subtest: WHAT[delegation-028] delegation-029 boundary ignores locality kind labels entirely
ok 4 - WHAT[delegation-028] delegation-029 boundary ignores locality kind labels entirely
  ---
  duration_ms: 1.021209
  type: 'test'
  ...
1..4
# tests 4
# suites 0
# pass 3
# fail 0
# cancelled 0
# skipped 0
# todo 1
# duration_ms 272.323083
