TAP version 13
# Subtest: WHAT[verification-system-016] explicit dependency archive identity preserves complete bytes modes and internal links independently of its origin
not ok 1 - WHAT[verification-system-016] explicit dependency archive identity preserves complete bytes modes and internal links independently of its origin
  ---
  duration_ms: 41.462458
  type: 'test'
  location: '/Users/yuanxi/Workwork/vibe-fs/requirements/verification-system/tests/016.test.mjs:70:1'
  failureType: 'testCodeFailure'
  error: "Cannot find module '/Users/yuanxi/Workwork/vibe-fs/scripts/lib/verification-dependency-candidate.mjs' imported from /Users/yuanxi/Workwork/vibe-fs/requirements/verification-system/tests/016.test.mjs"
  code: 'ERR_MODULE_NOT_FOUND'
  stack: |-
    finalizeResolution (node:internal/modules/esm/resolve:275:11)
    moduleResolve (node:internal/modules/esm/resolve:865:10)
    defaultResolve (node:internal/modules/esm/resolve:989:11)
    #cachedDefaultResolve (node:internal/modules/esm/loader:747:20)
    ModuleLoader.resolve (node:internal/modules/esm/loader:724:38)
    ModuleLoader.getModuleJobForImport (node:internal/modules/esm/loader:320:38)
    onImport.tracePromise.__proto__ (node:internal/modules/esm/loader:680:36)
    TracingChannel.tracePromise (node:diagnostics_channel:350:14)
    ModuleLoader.import (node:internal/modules/esm/loader:679:21)
    defaultImportModuleDynamicallyForModule (node:internal/modules/esm/utils:222:31)
  ...
# Subtest: WHAT[verification-system-016] dependency preparation rejects an unselected archive and binds lockfile and executable bytes to identity
not ok 2 - WHAT[verification-system-016] dependency preparation rejects an unselected archive and binds lockfile and executable bytes to identity
  ---
  duration_ms: 23.400292
  type: 'test'
  location: '/Users/yuanxi/Workwork/vibe-fs/requirements/verification-system/tests/016.test.mjs:101:1'
  failureType: 'testCodeFailure'
  error: |-
    Expected values to be strictly deep-equal:
    + actual - expected
    
      Comparison {
    +   code: 'ERR_MODULE_NOT_FOUND'
    -   code: 'dependency-candidate-integrity-invalid'
      }
    
  code: 'ERR_ASSERTION'
  name: 'AssertionError'
  expected:
    code: 'dependency-candidate-integrity-invalid'
  actual:
  error: "Cannot find module '/Users/yuanxi/Workwork/vibe-fs/scripts/lib/verification-dependency-candidate.mjs' imported from /Users/yuanxi/Workwork/vibe-fs/requirements/verification-system/tests/016.test.mjs"
  stack: |-
    finalizeResolution (node:internal/modules/esm/resolve:275:11)
    moduleResolve (node:internal/modules/esm/resolve:865:10)
    defaultResolve (node:internal/modules/esm/resolve:989:11)
    #cachedDefaultResolve (node:internal/modules/esm/loader:747:20)
    ModuleLoader.resolve (node:internal/modules/esm/loader:724:38)
    ModuleLoader.getModuleJobForImport (node:internal/modules/esm/loader:320:38)
    onImport.tracePromise.__proto__ (node:internal/modules/esm/loader:680:36)
    TracingChannel.tracePromise (node:diagnostics_channel:350:14)
    ModuleLoader.import (node:internal/modules/esm/loader:679:21)
    defaultImportModuleDynamicallyForModule (node:internal/modules/esm/utils:222:31)
  operator: 'rejects'
  stack: |-
    async TestContext.<anonymous> (file:///Users/yuanxi/Workwork/vibe-fs/requirements/verification-system/tests/016.test.mjs:107:5)
    async Test.run (node:internal/test_runner/test:1054:7)
    async Test.processPendingSubtests (node:internal/test_runner/test:744:7)
  ...
# Subtest: WHAT[verification-system-016] dependency archives reject external dangling cyclic aliasing and special entries without publishing or escaping their owned root
not ok 3 - WHAT[verification-system-016] dependency archives reject external dangling cyclic aliasing and special entries without publishing or escaping their owned root
  ---
  duration_ms: 23.27275
  type: 'test'
  location: '/Users/yuanxi/Workwork/vibe-fs/requirements/verification-system/tests/016.test.mjs:124:1'
  failureType: 'testCodeFailure'
  error: '{"path":"node_modules/escape","type":"SymbolicLink","target":"../../outside"}'
  code: 'ERR_ASSERTION'
  name: 'AssertionError'
  expected:
    code: 'dependency-candidate-entry-invalid'
  actual:
  error: "Cannot find module '/Users/yuanxi/Workwork/vibe-fs/scripts/lib/verification-dependency-candidate.mjs' imported from /Users/yuanxi/Workwork/vibe-fs/requirements/verification-system/tests/016.test.mjs"
  stack: |-
    finalizeResolution (node:internal/modules/esm/resolve:275:11)
    moduleResolve (node:internal/modules/esm/resolve:865:10)
    defaultResolve (node:internal/modules/esm/resolve:989:11)
    #cachedDefaultResolve (node:internal/modules/esm/loader:747:20)
    ModuleLoader.resolve (node:internal/modules/esm/loader:724:38)
    ModuleLoader.getModuleJobForImport (node:internal/modules/esm/loader:320:38)
    onImport.tracePromise.__proto__ (node:internal/modules/esm/loader:680:36)
    TracingChannel.tracePromise (node:diagnostics_channel:350:14)
    ModuleLoader.import (node:internal/modules/esm/loader:679:21)
    defaultImportModuleDynamicallyForModule (node:internal/modules/esm/utils:222:31)
  operator: 'rejects'
  stack: |-
    async TestContext.<anonymous> (file:///Users/yuanxi/Workwork/vibe-fs/requirements/verification-system/tests/016.test.mjs:140:7)
    async Test.run (node:internal/test_runner/test:1054:7)
    async Test.processPendingSubtests (node:internal/test_runner/test:744:7)
  ...
1..3
# tests 3
# suites 0
# pass 0
# fail 3
# cancelled 0
# skipped 0
# todo 0
# duration_ms 171.480333
