TAP version 13
# Subtest: WHAT[verification-system-016] actual selected repository project restores four explicitly identified packages in owned outputs
    # Subtest: WHAT[verification-system-016] project restore captures an explicit complete Git tree, selected SDK, and four package archive identities
    ok 1 - WHAT[verification-system-016] project restore captures an explicit complete Git tree, selected SDK, and four package archive identities
      ---
      duration_ms: 14305.896958
      type: 'test'
      ...
    # Subtest: WHAT[verification-system-016] actual original project restore binds the four-package assets and derived lock in separate owned outputs
    not ok 2 - WHAT[verification-system-016] actual original project restore binds the four-package assets and derived lock in separate owned outputs
      ---
      duration_ms: 4841.598959
      type: 'test'
      location: '/Users/yuanxi/Workwork/vibe-fs/requirements/verification-system/tests/support/repository-nuget-project-tests.mjs:121:13'
      failureType: 'testCodeFailure'
      error: |-
        Expected values to be strictly deep-equal:
        + actual - expected
        
          [
        +   'FSharp.Core/10.1.203',
            'Fable.Core/5.0.0',
        -   'FSharp.Core/10.1.203',
            'FsToolkit.ErrorHandling/5.2.0',
            'Thoth.Json/10.5.1'
          ]
        
      code: 'ERR_ASSERTION'
      name: 'AssertionError'
      expected:
        0: 'Fable.Core/5.0.0'
        1: 'FSharp.Core/10.1.203'
        2: 'FsToolkit.ErrorHandling/5.2.0'
        3: 'Thoth.Json/10.5.1'
      actual:
        0: 'FSharp.Core/10.1.203'
        1: 'Fable.Core/5.0.0'
        2: 'FsToolkit.ErrorHandling/5.2.0'
        3: 'Thoth.Json/10.5.1'
      operator: 'deepStrictEqual'
      stack: |-
        TestContext.<anonymous> (file:///Users/yuanxi/Workwork/vibe-fs/requirements/verification-system/tests/support/repository-nuget-project-tests.mjs:139:14)
        process.processTicksAndRejections (node:internal/process/task_queues:103:5)
        async Test.run (node:internal/test_runner/test:1054:7)
        async TestContext.repositoryNugetProjectTest (file:///Users/yuanxi/Workwork/vibe-fs/requirements/verification-system/tests/support/repository-nuget-project-tests.mjs:121:5)
        async Test.run (node:internal/test_runner/test:1054:7)
        async startSubtestAfterBootstrap (node:internal/test_runner/harness:296:3)
      ...
    1..2
not ok 1 - WHAT[verification-system-016] actual selected repository project restores four explicitly identified packages in owned outputs
  ---
  duration_ms: 20144.799125
  type: 'test'
  location: '/Users/yuanxi/Workwork/vibe-fs/[eval1]:1:161'
  failureType: 'subtestsFailed'
  error: '1 subtest failed'
  code: 'ERR_TEST_FAILURE'
  ...
# {"treeId":"a887b097285f617b722f1d92c84b5b9197e321f6","sourceDigest":"9fd081a556d10540f49a33583835eb15beecfcb7965d9db63f4f5c3d84ae952a","sdkDigest":"e05f113650fea2e9a5555367038c52dabf9dc1f58d104eb36dc3be65f940f248","sdkArchiveSha256":"bb2a21b70337ec025bba77bb3a64160043268804dba244d4ce5cff4fd183d5d0","projectPath":"src/Wanxiangshu/Wanxiangshu.Owner.dispatch-protocol.foundation-identity.fsproj","packages":[{"id":"fsharp.core","version":"10.1.203","sha512":"97FbaR75afYTJW/eu1dyLUdns4FPW7WJ1XJ71N6ETTWcRmNQr6WAcBdd6RsRRuax6tvy6hF1JdFiBvWV6/zifQ=="},{"id":"fable.core","version":"5.0.0","sha512":"65IxKwus/l/ceVMKsB3z41Szb4+1Zj63muviXFEK/u0ixYQjQ/emnFQdwVba6TL4oXhX/8NuHdoEVO+6dBX1gA=="},{"id":"fstoolkit.errorhandling","version":"5.2.0","sha512":"PJ26PxiwVm4WIWs8hQCXgamI8beCdrxRK/UkO8wexwrtPLewUOXEhPmGjFJsL7PGztpvPRwbSIPCoZmTVxHNUw=="},{"id":"thoth.json","version":"10.5.1","sha512":"w4HNNEe8FhlH/+6F6AKTWReqmrg9Eba/eyTnz0nRE1VWRccBwyZYUad90uxua8MgvJS+wVLE4xtgMlL11S0rQQ=="}],"provenance":"explicit caller-selected archive bytes; this fixture does not authenticate the publisher"}
1..1
# tests 3
# suites 0
# pass 1
# fail 2
# cancelled 0
# skipped 0
# todo 0
# duration_ms 20154.385292
