TAP version 13
# Subtest: WHAT[verification-system-016] npm installation uses the selected real CLI and two locked registry packages without lifecycle scripts or ambient launcher configuration
ok 1 - WHAT[verification-system-016] npm installation uses the selected real CLI and two locked registry packages without lifecycle scripts or ambient launcher configuration
  ---
  duration_ms: 2589.927375
  type: 'test'
  ...
# Subtest: WHAT[verification-system-016] npm installation rejects real registry bytes that violate the selected lock integrity and reclaims all installation resources
ok 2 - WHAT[verification-system-016] npm installation rejects real registry bytes that violate the selected lock integrity and reclaims all installation resources
  ---
  duration_ms: 1702.878084
  type: 'test'
  ...
# Subtest: WHAT[verification-system-016] npm installation fails through real npm ci when a required transitive package is missing from the lock inventory
ok 3 - WHAT[verification-system-016] npm installation fails through real npm ci when a required transitive package is missing from the lock inventory
  ---
  duration_ms: 1754.769875
  type: 'test'
  ...
# Subtest: WHAT[verification-system-016] npm installation refuses file git link and workspace dependency authorities before making registry requests
    # Subtest: WHAT[verification-system-016] npm installation refuses file:../foreign
    ok 1 - WHAT[verification-system-016] npm installation refuses file:../foreign
      ---
      duration_ms: 0.724625
      type: 'test'
      ...
    # Subtest: WHAT[verification-system-016] npm installation refuses git+https://example.invalid/foreign.git
    ok 2 - WHAT[verification-system-016] npm installation refuses git+https://example.invalid/foreign.git
      ---
      duration_ms: 0.334666
      type: 'test'
      ...
    # Subtest: WHAT[verification-system-016] npm installation refuses link:../foreign
    ok 3 - WHAT[verification-system-016] npm installation refuses link:../foreign
      ---
      duration_ms: 0.300667
      type: 'test'
      ...
    # Subtest: WHAT[verification-system-016] npm installation refuses workspace:*
    ok 4 - WHAT[verification-system-016] npm installation refuses workspace:*
      ---
      duration_ms: 0.456167
      type: 'test'
      ...
    # Subtest: WHAT[verification-system-016] npm installation refuses .
    ok 5 - WHAT[verification-system-016] npm installation refuses .
      ---
      duration_ms: 0.413833
      type: 'test'
      ...
    # Subtest: WHAT[verification-system-016] npm installation refuses ..
    ok 6 - WHAT[verification-system-016] npm installation refuses ..
      ---
      duration_ms: 0.418709
      type: 'test'
      ...
    # Subtest: WHAT[verification-system-016] npm installation refuses foreign.tgz
    ok 7 - WHAT[verification-system-016] npm installation refuses foreign.tgz
      ---
      duration_ms: 0.382
      type: 'test'
      ...
    # Subtest: WHAT[verification-system-016] npm installation refuses foreign.tar.gz
    ok 8 - WHAT[verification-system-016] npm installation refuses foreign.tar.gz
      ---
      duration_ms: 0.330042
      type: 'test'
      ...
    # Subtest: WHAT[verification-system-016] npm installation refuses foreign.tar
    ok 9 - WHAT[verification-system-016] npm installation refuses foreign.tar
      ---
      duration_ms: 0.30375
      type: 'test'
      ...
    1..9
ok 4 - WHAT[verification-system-016] npm installation refuses file git link and workspace dependency authorities before making registry requests
  ---
  duration_ms: 118.794292
  type: 'test'
  ...
# Subtest: WHAT[verification-system-016] npm installation cancellation closes the actual held tarball request preserves its original reason and reclaims partial installation
ok 5 - WHAT[verification-system-016] npm installation cancellation closes the actual held tarball request preserves its original reason and reclaims partial installation
  ---
  duration_ms: 1584.538084
  type: 'test'
  ...
# Subtest: WHAT[verification-system-016] npm installation null reason cancellation preserves the exact reason after a real tarball request starts
ok 6 - WHAT[verification-system-016] npm installation null reason cancellation preserves the exact reason after a real tarball request starts
  ---
  duration_ms: 1513.187208
  type: 'test'
  ...
# Subtest: WHAT[verification-system-016] npm installation refuses source overrides with foreign dependency authority before launching npm
ok 7 - WHAT[verification-system-016] npm installation refuses source overrides with foreign dependency authority before launching npm
  ---
  duration_ms: 113.192667
  type: 'test'
  ...
# Subtest: WHAT[verification-system-016] npm installation rejects registry escapes linked lock entries and source workspace authority before network or allocation
    # Subtest: WHAT[verification-system-016] npm installation refuses different registry origin
    ok 1 - WHAT[verification-system-016] npm installation refuses different registry origin
      ---
      duration_ms: 0.589916
      type: 'test'
      ...
    # Subtest: WHAT[verification-system-016] npm installation refuses registry path prefix sibling
    ok 2 - WHAT[verification-system-016] npm installation refuses registry path prefix sibling
      ---
      duration_ms: 0.939792
      type: 'test'
      ...
    # Subtest: WHAT[verification-system-016] npm installation refuses registry credentials
    ok 3 - WHAT[verification-system-016] npm installation refuses registry credentials
      ---
      duration_ms: 0.219375
      type: 'test'
      ...
    # Subtest: WHAT[verification-system-016] npm installation refuses registry query
    ok 4 - WHAT[verification-system-016] npm installation refuses registry query
      ---
      duration_ms: 0.292416
      type: 'test'
      ...
    # Subtest: WHAT[verification-system-016] npm installation refuses registry fragment
    ok 5 - WHAT[verification-system-016] npm installation refuses registry fragment
      ---
      duration_ms: 0.184708
      type: 'test'
      ...
    # Subtest: WHAT[verification-system-016] npm installation refuses nonlocal plaintext registry
    ok 6 - WHAT[verification-system-016] npm installation refuses nonlocal plaintext registry
      ---
      duration_ms: 0.184708
      type: 'test'
      ...
    # Subtest: WHAT[verification-system-016] npm installation refuses locked tarball credentials
    ok 7 - WHAT[verification-system-016] npm installation refuses locked tarball credentials
      ---
      duration_ms: 0.647125
      type: 'test'
      ...
    # Subtest: WHAT[verification-system-016] npm installation refuses locked tarball query
    ok 8 - WHAT[verification-system-016] npm installation refuses locked tarball query
      ---
      duration_ms: 0.438
      type: 'test'
      ...
    # Subtest: WHAT[verification-system-016] npm installation refuses locked tarball fragment
    ok 9 - WHAT[verification-system-016] npm installation refuses locked tarball fragment
      ---
      duration_ms: 0.278875
      type: 'test'
      ...
    # Subtest: WHAT[verification-system-016] npm installation refuses linked lock member
    ok 10 - WHAT[verification-system-016] npm installation refuses linked lock member
      ---
      duration_ms: 0.257208
      type: 'test'
      ...
    # Subtest: WHAT[verification-system-016] npm installation refuses source workspaces
    ok 11 - WHAT[verification-system-016] npm installation refuses source workspaces
      ---
      duration_ms: 0.228291
      type: 'test'
      ...
    # Subtest: WHAT[verification-system-016] npm installation refuses locked root workspaces
    ok 12 - WHAT[verification-system-016] npm installation refuses locked root workspaces
      ---
      duration_ms: 0.225791
      type: 'test'
      ...
    # Subtest: WHAT[verification-system-016] npm installation refuses nested git override
    ok 13 - WHAT[verification-system-016] npm installation refuses nested git override
      ---
      duration_ms: 0.217
      type: 'test'
      ...
    # Subtest: WHAT[verification-system-016] npm installation refuses link override
    ok 14 - WHAT[verification-system-016] npm installation refuses link override
      ---
      duration_ms: 0.214458
      type: 'test'
      ...
    # Subtest: WHAT[verification-system-016] npm installation refuses workspace override
    ok 15 - WHAT[verification-system-016] npm installation refuses workspace override
      ---
      duration_ms: 0.202375
      type: 'test'
      ...
    # Subtest: WHAT[verification-system-016] npm installation refuses local archive or directory override .
    ok 16 - WHAT[verification-system-016] npm installation refuses local archive or directory override .
      ---
      duration_ms: 0.200334
      type: 'test'
      ...
    # Subtest: WHAT[verification-system-016] npm installation refuses local archive or directory override ..
    ok 17 - WHAT[verification-system-016] npm installation refuses local archive or directory override ..
      ---
      duration_ms: 0.194834
      type: 'test'
      ...
    # Subtest: WHAT[verification-system-016] npm installation refuses local archive or directory override foreign.tgz
    ok 18 - WHAT[verification-system-016] npm installation refuses local archive or directory override foreign.tgz
      ---
      duration_ms: 0.224
      type: 'test'
      ...
    # Subtest: WHAT[verification-system-016] npm installation refuses local archive or directory override foreign.tar.gz
    ok 19 - WHAT[verification-system-016] npm installation refuses local archive or directory override foreign.tar.gz
      ---
      duration_ms: 0.238
      type: 'test'
      ...
    # Subtest: WHAT[verification-system-016] npm installation refuses local archive or directory override foreign.tar
    ok 20 - WHAT[verification-system-016] npm installation refuses local archive or directory override foreign.tar
      ---
      duration_ms: 0.213583
      type: 'test'
      ...
    1..20
ok 8 - WHAT[verification-system-016] npm installation rejects registry escapes linked lock entries and source workspace authority before network or allocation
  ---
  duration_ms: 123.2095
  type: 'test'
  ...
# Subtest: WHAT[verification-system-016] npm installation admits only the selected Node CLI hashes version and declared package manager
    # Subtest: WHAT[verification-system-016] npm installation refuses Node byte identity mismatch
    ok 1 - WHAT[verification-system-016] npm installation refuses Node byte identity mismatch
      ---
      duration_ms: 52.10875
      type: 'test'
      ...
    # Subtest: WHAT[verification-system-016] npm installation refuses npm CLI byte identity mismatch
    ok 2 - WHAT[verification-system-016] npm installation refuses npm CLI byte identity mismatch
      ---
      duration_ms: 51.096708
      type: 'test'
      ...
    # Subtest: WHAT[verification-system-016] npm installation refuses actual npm version mismatch
    ok 3 - WHAT[verification-system-016] npm installation refuses actual npm version mismatch
      ---
      duration_ms: 1318.577875
      type: 'test'
      ...
    # Subtest: WHAT[verification-system-016] npm installation refuses declared package manager mismatch
    ok 4 - WHAT[verification-system-016] npm installation refuses declared package manager mismatch
      ---
      duration_ms: 0.474209
      type: 'test'
      ...
    1..4
ok 9 - WHAT[verification-system-016] npm installation admits only the selected Node CLI hashes version and declared package manager
  ---
  duration_ms: 1536.095083
  type: 'test'
  ...
# Subtest: WHAT[verification-system-016] npm installation already aborted admission preserves Error and null reasons before reading missing source files
    # Subtest: WHAT[verification-system-016] npm installation already aborted with Error
    ok 1 - WHAT[verification-system-016] npm installation already aborted with Error
      ---
      duration_ms: 0.335416
      type: 'test'
      ...
    # Subtest: WHAT[verification-system-016] npm installation already aborted with null
    ok 2 - WHAT[verification-system-016] npm installation already aborted with null
      ---
      duration_ms: 0.856084
      type: 'test'
      ...
    1..2
ok 10 - WHAT[verification-system-016] npm installation already aborted admission preserves Error and null reasons before reading missing source files
  ---
  duration_ms: 116.985375
  type: 'test'
  ...
1..10
# tests 45
# suites 0
# pass 45
# fail 0
# cancelled 0
# skipped 0
# todo 0
# duration_ms 11231.595416
