TAP version 13
# Subtest: WHAT[verification-system-016] tool preparation rejects a missing manifest before admitting selected archives
ok 1 - WHAT[verification-system-016] tool preparation rejects a missing manifest before admitting selected archives
  ---
  duration_ms: 12.154084
  type: 'test'
  ...
# Subtest: WHAT[verification-system-016] tool preparation rejects a malformed JSON manifest before admitting selected archives
ok 2 - WHAT[verification-system-016] tool preparation rejects a malformed JSON manifest before admitting selected archives
  ---
  duration_ms: 2.145875
  type: 'test'
  ...
# Subtest: WHAT[verification-system-016] tool preparation rejects a floating tool version manifest before admitting selected archives
ok 3 - WHAT[verification-system-016] tool preparation rejects a floating tool version manifest before admitting selected archives
  ---
  duration_ms: 2.687292
  type: 'test'
  ...
# Subtest: WHAT[verification-system-016] tool preparation rejects a tool roll-forward manifest before admitting selected archives
ok 4 - WHAT[verification-system-016] tool preparation rejects a tool roll-forward manifest before admitting selected archives
  ---
  duration_ms: 1.905542
  type: 'test'
  ...
# Subtest: WHAT[verification-system-016] tool preparation rejects a duplicate command manifest before admitting selected archives
ok 5 - WHAT[verification-system-016] tool preparation rejects a duplicate command manifest before admitting selected archives
  ---
  duration_ms: 2.755583
  type: 'test'
  ...
# Subtest: WHAT[verification-system-016] tool archive SHA-512 and selected SDK global identity must match before restore
ok 6 - WHAT[verification-system-016] tool archive SHA-512 and selected SDK global identity must match before restore
  ---
  duration_ms: 1.913791
  type: 'test'
  ...
# Subtest: WHAT[verification-system-016] a direct tool missing from the selected archive set cannot borrow ambient packages
ok 7 - WHAT[verification-system-016] a direct tool missing from the selected archive set cannot borrow ambient packages
  ---
  duration_ms: 1.612333
  type: 'test'
  ...
# Subtest: WHAT[verification-system-016] actual selected executor failure retains its cause and reclaims the private restore roots
ok 8 - WHAT[verification-system-016] actual selected executor failure retains its cause and reclaims the private restore roots
  ---
  duration_ms: 994.171583
  type: 'test'
  ...
# Subtest: WHAT[verification-system-016] early tool cancellation preserves Error without reading missing source or archives
ok 9 - WHAT[verification-system-016] early tool cancellation preserves Error without reading missing source or archives
  ---
  duration_ms: 2.119709
  type: 'test'
  ...
# Subtest: WHAT[verification-system-016] early tool cancellation preserves null without reading missing source or archives
ok 10 - WHAT[verification-system-016] early tool cancellation preserves null without reading missing source or archives
  ---
  duration_ms: 1.706292
  type: 'test'
  ...
# Subtest: WHAT[verification-system-016] held tool restore preserves Error cancellation and drains its actual process group
ok 11 - WHAT[verification-system-016] held tool restore preserves Error cancellation and drains its actual process group
  ---
  duration_ms: 531.421917
  type: 'test'
  ...
# Subtest: WHAT[verification-system-016] held tool restore preserves null cancellation and drains its actual process group
ok 12 - WHAT[verification-system-016] held tool restore preserves null cancellation and drains its actual process group
  ---
  duration_ms: 545.953167
  type: 'test'
  ...
# Subtest: WHAT[verification-system-016] held tool restore reclaims its original canonical root after parent link replacement and preserves the foreign owner
ok 13 - WHAT[verification-system-016] held tool restore reclaims its original canonical root after parent link replacement and preserves the foreign owner
  ---
  duration_ms: 465.889541
  type: 'test'
  ...
# {"ownedRootExists":false,"foreignMarkerExists":true}
# Subtest: WHAT[verification-system-016] tool receipt rejects malformed resolver JSON and reclaims all owned restore output
ok 14 - WHAT[verification-system-016] tool receipt rejects malformed resolver JSON and reclaims all owned restore output
  ---
  duration_ms: 405.648042
  type: 'test'
  ...
# Subtest: WHAT[verification-system-016] tool receipt rejects wrong resolver version and reclaims all owned restore output
ok 15 - WHAT[verification-system-016] tool receipt rejects wrong resolver version and reclaims all owned restore output
  ---
  duration_ms: 351.687583
  type: 'test'
  ...
# Subtest: WHAT[verification-system-016] tool receipt rejects foreign executable and reclaims all owned restore output
ok 16 - WHAT[verification-system-016] tool receipt rejects foreign executable and reclaims all owned restore output
  ---
  duration_ms: 371.077458
  type: 'test'
  ...
# Subtest: WHAT[verification-system-016] tool receipt rejects unexpected command and reclaims all owned restore output
ok 17 - WHAT[verification-system-016] tool receipt rejects unexpected command and reclaims all owned restore output
  ---
  duration_ms: 293.661916
  type: 'test'
  ...
# Subtest: WHAT[verification-system-016] tool receipt rejects unselected package and reclaims all owned restore output
ok 18 - WHAT[verification-system-016] tool receipt rejects unselected package and reclaims all owned restore output
  ---
  duration_ms: 344.605708
  type: 'test'
  ...
# Subtest: WHAT[verification-system-016] tool receipt rejects unselected feed member and reclaims all owned restore output
ok 19 - WHAT[verification-system-016] tool receipt rejects unselected feed member and reclaims all owned restore output
  ---
  duration_ms: 365.812
  type: 'test'
  ...
# Subtest: WHAT[verification-system-016] tool receipt rejects missing selected package and reclaims all owned restore output
ok 20 - WHAT[verification-system-016] tool receipt rejects missing selected package and reclaims all owned restore output
  ---
  duration_ms: 392.987416
  type: 'test'
  ...
# Subtest: WHAT[verification-system-016] tool receipt rejects changed package archive and reclaims all owned restore output
ok 21 - WHAT[verification-system-016] tool receipt rejects changed package archive and reclaims all owned restore output
  ---
  duration_ms: 393.088083
  type: 'test'
  ...
# Subtest: WHAT[verification-system-016] tool receipt rejects missing runtime DLL and reclaims all owned restore output
ok 22 - WHAT[verification-system-016] tool receipt rejects missing runtime DLL and reclaims all owned restore output
  ---
  duration_ms: 326.220167
  type: 'test'
  ...
# Subtest: WHAT[verification-system-016] tool receipt rejects malformed runtime deps JSON and reclaims all owned restore output
ok 23 - WHAT[verification-system-016] tool receipt rejects malformed runtime deps JSON and reclaims all owned restore output
  ---
  duration_ms: 409.43175
  type: 'test'
  ...
# Subtest: WHAT[verification-system-016] tool receipt rejects escaping runtime asset and reclaims all owned restore output
ok 24 - WHAT[verification-system-016] tool receipt rejects escaping runtime asset and reclaims all owned restore output
  ---
  duration_ms: 392.484583
  type: 'test'
  ...
# Subtest: WHAT[verification-system-016] tool receipt rejects changed selected SDK during execution and reclaims all owned restore output
ok 25 - WHAT[verification-system-016] tool receipt rejects changed selected SDK during execution and reclaims all owned restore output
  ---
  duration_ms: 303.175708
  type: 'test'
  ...
# Subtest: WHAT[verification-system-016] mutated selected SDK entry metadata cannot execute a foreign launcher under the original SDK digest
ok 26 - WHAT[verification-system-016] mutated selected SDK entry metadata cannot execute a foreign launcher under the original SDK digest
  ---
  duration_ms: 1.804709
  type: 'test'
  ...
# Subtest: WHAT[verification-system-016] tool receipt revalidation rejects a changed public toolRoot and disposal preserves the foreign owner
ok 27 - WHAT[verification-system-016] tool receipt revalidation rejects a changed public toolRoot and disposal preserves the foreign owner
  ---
  duration_ms: 335.331292
  type: 'test'
  ...
# Subtest: WHAT[verification-system-016] tool receipt revalidation rejects a changed public executable and disposal preserves the foreign owner
ok 28 - WHAT[verification-system-016] tool receipt revalidation rejects a changed public executable and disposal preserves the foreign owner
  ---
  duration_ms: 382.008459
  type: 'test'
  ...
# Subtest: WHAT[verification-system-016] selected tool receipt binds the complete ordinary output inventory and rejects byte, mode, added and deleted members
    # Subtest: WHAT[verification-system-016] captured tool output rejects byte mutation
    ok 1 - WHAT[verification-system-016] captured tool output rejects byte mutation
      ---
      duration_ms: 2.080375
      type: 'test'
      ...
    # Subtest: WHAT[verification-system-016] captured tool output rejects mode mutation
    ok 2 - WHAT[verification-system-016] captured tool output rejects mode mutation
      ---
      duration_ms: 1.486459
      type: 'test'
      ...
    # Subtest: WHAT[verification-system-016] captured tool output rejects added member
    ok 3 - WHAT[verification-system-016] captured tool output rejects added member
      ---
      duration_ms: 1.93875
      type: 'test'
      ...
    # Subtest: WHAT[verification-system-016] captured tool output rejects deleted member
    ok 4 - WHAT[verification-system-016] captured tool output rejects deleted member
      ---
      duration_ms: 1.636791
      type: 'test'
      ...
    1..4
ok 29 - WHAT[verification-system-016] selected tool receipt binds the complete ordinary output inventory and rejects byte, mode, added and deleted members
  ---
  duration_ms: 399.106583
  type: 'test'
  ...
1..29
# tests 33
# suites 0
# pass 33
# fail 0
# cancelled 0
# skipped 0
# todo 0
# duration_ms 8039.265542
