{"boundary":"real selected Fable diagnostic on original project; no working tree restore/build, not a formal test or read-only proof","treeId":"a887b097285f617b722f1d92c84b5b9197e321f6","sourceDigest":"9fd081a556d10540f49a33583835eb15beecfcb7965d9db63f4f5c3d84ae952a","sdkDigest":"e05f113650fea2e9a5555367038c52dabf9dc1f58d104eb36dc3be65f940f248","toolsDigest":"d7b04312dd6ee134fa857155d9a6607c96f41ba591ef53e8c2813d04749122d3","projectDigest":"8983a8d2f18246ea9199d6375ee0d039c79287362b23a06db3857d330e23d7fd","sourceRoot":"/private/var/folders/g_/3ydzn7kx5lg9ylq8fd9p_13r0000gn/T/vibe-fs-fable-help-YigU8O/candidates/verification-source-rPg9w6","sdkRoot":"/private/var/folders/g_/3ydzn7kx5lg9ylq8fd9p_13r0000gn/T/vibe-fs-fable-help-YigU8O/candidates/verification-archive-UpjEvP","toolsRoot":"/private/var/folders/g_/3ydzn7kx5lg9ylq8fd9p_13r0000gn/T/vibe-fs-fable-help-YigU8O/candidates/verification-dotnet-tools-oxdEpp","projectRoot":"/private/var/folders/g_/3ydzn7kx5lg9ylq8fd9p_13r0000gn/T/vibe-fs-fable-help-YigU8O/candidates/verification-nuget-project-iihPvl","compileRoot":"/private/var/folders/g_/3ydzn7kx5lg9ylq8fd9p_13r0000gn/T/vibe-fs-fable-help-YigU8O/compile","executable":"/private/var/folders/g_/3ydzn7kx5lg9ylq8fd9p_13r0000gn/T/vibe-fs-fable-help-YigU8O/candidates/verification-archive-UpjEvP/dotnet-sdk/dotnet","argv":["/private/var/folders/g_/3ydzn7kx5lg9ylq8fd9p_13r0000gn/T/vibe-fs-fable-help-YigU8O/candidates/verification-dotnet-tools-oxdEpp/packages/fable/5.13.0/tools/net10.0/any/fable.dll","/private/var/folders/g_/3ydzn7kx5lg9ylq8fd9p_13r0000gn/T/vibe-fs-fable-help-YigU8O/candidates/verification-source-rPg9w6/src/Wanxiangshu/Wanxiangshu.Owner.dispatch-protocol.foundation-identity.fsproj","--noRestore","--noCache","--noGitignore","--outDir","/private/var/folders/g_/3ydzn7kx5lg9ylq8fd9p_13r0000gn/T/vibe-fs-fable-help-YigU8O/compile/js","--verbose"],"env":{"CI":"true","HOME":"/private/var/folders/g_/3ydzn7kx5lg9ylq8fd9p_13r0000gn/T/vibe-fs-fable-help-YigU8O/compile/home","DOTNET_CLI_HOME":"/private/var/folders/g_/3ydzn7kx5lg9ylq8fd9p_13r0000gn/T/vibe-fs-fable-help-YigU8O/compile/cli","DOTNET_ROOT":"/private/var/folders/g_/3ydzn7kx5lg9ylq8fd9p_13r0000gn/T/vibe-fs-fable-help-YigU8O/candidates/verification-archive-UpjEvP/dotnet-sdk","DOTNET_HOST_PATH":"/private/var/folders/g_/3ydzn7kx5lg9ylq8fd9p_13r0000gn/T/vibe-fs-fable-help-YigU8O/candidates/verification-archive-UpjEvP/dotnet-sdk/dotnet","DOTNET_CLI_UI_LANGUAGE":"en-US","DOTNET_CLI_TELEMETRY_OPTOUT":"1","DOTNET_NOLOGO":"1","DOTNET_CLI_WORKLOAD_UPDATE_NOTIFY_DISABLE":"true","XDG_CONFIG_HOME":"/private/var/folders/g_/3ydzn7kx5lg9ylq8fd9p_13r0000gn/T/vibe-fs-fable-help-YigU8O/compile/config","XDG_CACHE_HOME":"/private/var/folders/g_/3ydzn7kx5lg9ylq8fd9p_13r0000gn/T/vibe-fs-fable-help-YigU8O/compile/cache","XDG_DATA_HOME":"/private/var/folders/g_/3ydzn7kx5lg9ylq8fd9p_13r0000gn/T/vibe-fs-fable-help-YigU8O/compile/data","XDG_STATE_HOME":"/private/var/folders/g_/3ydzn7kx5lg9ylq8fd9p_13r0000gn/T/vibe-fs-fable-help-YigU8O/compile/state","TMPDIR":"/private/var/folders/g_/3ydzn7kx5lg9ylq8fd9p_13r0000gn/T/vibe-fs-fable-help-YigU8O/compile/tmp","TMP":"/private/var/folders/g_/3ydzn7kx5lg9ylq8fd9p_13r0000gn/T/vibe-fs-fable-help-YigU8O/compile/tmp","TEMP":"/private/var/folders/g_/3ydzn7kx5lg9ylq8fd9p_13r0000gn/T/vibe-fs-fable-help-YigU8O/compile/tmp","NUGET_PACKAGES":"/private/var/folders/g_/3ydzn7kx5lg9ylq8fd9p_13r0000gn/T/vibe-fs-fable-help-YigU8O/candidates/verification-nuget-project-iihPvl/packages","NUGET_HTTP_CACHE_PATH":"/private/var/folders/g_/3ydzn7kx5lg9ylq8fd9p_13r0000gn/T/vibe-fs-fable-help-YigU8O/compile/cache","NUGET_SCRATCH":"/private/var/folders/g_/3ydzn7kx5lg9ylq8fd9p_13r0000gn/T/vibe-fs-fable-help-YigU8O/compile/nuget-scratch","NUGET_PLUGINS_CACHE_PATH":"/private/var/folders/g_/3ydzn7kx5lg9ylq8fd9p_13r0000gn/T/vibe-fs-fable-help-YigU8O/compile/nuget-plugins","PATH":"/private/var/folders/g_/3ydzn7kx5lg9ylq8fd9p_13r0000gn/T/vibe-fs-fable-help-YigU8O/candidates/verification-archive-UpjEvP/dotnet-sdk","LANG":"C","LC_ALL":"C","ArtifactsDir":"/private/var/folders/g_/3ydzn7kx5lg9ylq8fd9p_13r0000gn/T/vibe-fs-fable-help-YigU8O/candidates/verification-nuget-project-iihPvl/artifacts/"}}
[37mFable 5.13.0: F# to JavaScript compiler
[39m[22m[37mMinimum @fable-org/fable-library-js version (when installed from npm): 2.5.1
[39m[22m[37m
Thanks to the contributor! @fdcastel
[39m[22m[37mStand with Ukraine! https://standwithukraine.com.ua/

[39m[22m[37mParsing src/Wanxiangshu/Wanxiangshu.Owner.dispatch-protocol.foundation-identity.fsproj...
[39m[22m[37mProject and references (42 source files) parsed in 839ms

[39m[22m[37mF# PROJECT: src/Wanxiangshu/Wanxiangshu.Owner.dispatch-protocol.foundation-identity.fsproj
FABLE LIBRARY: /private/var/folders/g_/3ydzn7kx5lg9ylq8fd9p_13r0000gn/T/vibe-fs-fable-help-YigU8O/compile/js/fable_modules/fable-library-js.5.13.0
TARGET FRAMEWORK: Some(net10.0)
OUTPUT TYPE: Library

    --define:FABLE_COMPILER
    --define:FABLE_COMPILER_5
    --define:FABLE_COMPILER_JAVASCRIPT
    --define:TRACE
    --define:RELEASE
    --define:NET
    --define:NET10_0
    --define:NETCOREAPP
    --define:NET5_0_OR_GREATER
    --define:NET6_0_OR_GREATER
    --define:NET7_0_OR_GREATER
    --define:NET8_0_OR_GREATER
    --define:NET9_0_OR_GREATER
    --define:NET10_0_OR_GREATER
    --define:NETCOREAPP1_0_OR_GREATER
    --define:NETCOREAPP1_1_OR_GREATER
    --define:NETCOREAPP2_0_OR_GREATER
    --define:NETCOREAPP2_1_OR_GREATER
    --define:NETCOREAPP2_2_OR_GREATER
    --define:NETCOREAPP3_0_OR_GREATER
    --define:NETCOREAPP3_1_OR_GREATER
    --nowarn:NU1510
    --nowarn:1182
    --nowarn:1108
    --nowarn:3520
    --nowarn:3511
    --noframework
    --nologo
    --simpleresolution
    --nocopyfsharpcore
    --nowin32manifest
    --warn:3
    --fullpaths
    --flaterrors
    --optimize-
    -r:/private/var/folders/g_/3ydzn7kx5lg9ylq8fd9p_13r0000gn/T/vibe-fs-fable-help-YigU8O/candidates/verification-archive-UpjEvP/dotnet-sdk/packs/Microsoft.NETCore.App.Ref/10.0.10/ref/net10.0/System.ValueTuple.dll
    -r:/private/var/folders/g_/3ydzn7kx5lg9ylq8fd9p_13r0000gn/T/vibe-fs-fable-help-YigU8O/candidates/verification-archive-UpjEvP/dotnet-sdk/packs/Microsoft.NETCore.App.Ref/10.0.10/ref/net10.0/System.Threading.Thread.dll
    -r:/private/var/folders/g_/3ydzn7kx5lg9ylq8fd9p_13r0000gn/T/vibe-fs-fable-help-YigU8O/candidates/verification-archive-UpjEvP/dotnet-sdk/packs/Microsoft.NETCore.App.Ref/10.0.10/ref/net10.0/System.Threading.Tasks.dll
    -r:/private/var/folders/g_/3ydzn7kx5lg9ylq8fd9p_13r0000gn/T/vibe-fs-fable-help-YigU8O/candidates/verification-archive-UpjEvP/dotnet-sdk/packs/Microsoft.NETCore.App.Ref/10.0.10/ref/net10.0/System.Threading.dll
    -r:/private/var/folders/g_/3ydzn7kx5lg9ylq8fd9p_13r0000gn/T/vibe-fs-fable-help-YigU8O/candidates/verification-archive-UpjEvP/dotnet-sdk/packs/Microsoft.NETCore.App.Ref/10.0.10/ref/net10.0/System.Text.RegularExpressions.dll
    -r:/private/var/folders/g_/3ydzn7kx5lg9ylq8fd9p_13r0000gn/T/vibe-fs-fable-help-YigU8O/candidates/verification-archive-UpjEvP/dotnet-sdk/packs/Microsoft.NETCore.App.Ref/10.0.10/ref/net10.0/System.Text.Encoding.Extensions.dll
    -r:/private/var/folders/g_/3ydzn7kx5lg9ylq8fd9p_13r0000gn/T/vibe-fs-fable-help-YigU8O/candidates/verification-archive-UpjEvP/dotnet-sdk/packs/Microsoft.NETCore.App.Ref/10.0.10/ref/net10.0/System.Text.Encoding.dll
    -r:/private/var/folders/g_/3ydzn7kx5lg9ylq8fd9p_13r0000gn/T/vibe-fs-fable-help-YigU8O/candidates/verification-archive-UpjEvP/dotnet-sdk/packs/Microsoft.NETCore.App.Ref/10.0.10/ref/net10.0/System.Runtime.Numerics.dll
    -r:/private/var/folders/g_/3ydzn7kx5lg9ylq8fd9p_13r0000gn/T/vibe-fs-fable-help-YigU8O/candidates/verification-archive-UpjEvP/dotnet-sdk/packs/Microsoft.NETCore.App.Ref/10.0.10/ref/net10.0/System.Runtime.InteropServices.dll
    -r:/private/var/folders/g_/3ydzn7kx5lg9ylq8fd9p_13r0000gn/T/vibe-fs-fable-help-YigU8O/candidates/verification-archive-UpjEvP/dotnet-sdk/packs/Microsoft.NETCore.App.Ref/10.0.10/ref/net10.0/System.Runtime.Extensions.dll
    -r:/private/var/folders/g_/3ydzn7kx5lg9ylq8fd9p_13r0000gn/T/vibe-fs-fable-help-YigU8O/candidates/verification-archive-UpjEvP/dotnet-sdk/packs/Microsoft.NETCore.App.Ref/10.0.10/ref/net10.0/System.Runtime.dll
    -r:/private/var/folders/g_/3ydzn7kx5lg9ylq8fd9p_13r0000gn/T/vibe-fs-fable-help-YigU8O/candidates/verification-archive-UpjEvP/dotnet-sdk/packs/Microsoft.NETCore.App.Ref/10.0.10/ref/net10.0/System.Reflection.TypeExtensions.dll
    -r:/private/var/folders/g_/3ydzn7kx5lg9ylq8fd9p_13r0000gn/T/vibe-fs-fable-help-YigU8O/candidates/verification-archive-UpjEvP/dotnet-sdk/packs/Microsoft.NETCore.App.Ref/10.0.10/ref/net10.0/System.Reflection.Primitives.dll
    -r:/private/var/folders/g_/3ydzn7kx5lg9ylq8fd9p_13r0000gn/T/vibe-fs-fable-help-YigU8O/candidates/verification-archive-UpjEvP/dotnet-sdk/packs/Microsoft.NETCore.App.Ref/10.0.10/ref/net10.0/System.Reflection.Metadata.dll
    -r:/private/var/folders/g_/3ydzn7kx5lg9ylq8fd9p_13r0000gn/T/vibe-fs-fable-help-YigU8O/candidates/verification-archive-UpjEvP/dotnet-sdk/packs/Microsoft.NETCore.App.Ref/10.0.10/ref/net10.0/System.Reflection.Extensions.dll
    -r:/private/var/folders/g_/3ydzn7kx5lg9ylq8fd9p_13r0000gn/T/vibe-fs-fable-help-YigU8O/candidates/verification-archive-UpjEvP/dotnet-sdk/packs/Microsoft.NETCore.App.Ref/10.0.10/ref/net10.0/System.Reflection.dll
    -r:/private/var/folders/g_/3ydzn7kx5lg9ylq8fd9p_13r0000gn/T/vibe-fs-fable-help-YigU8O/candidates/verification-archive-UpjEvP/dotnet-sdk/packs/Microsoft.NETCore.App.Ref/10.0.10/ref/net10.0/System.Numerics.dll
    -r:/private/var/folders/g_/3ydzn7kx5lg9ylq8fd9p_13r0000gn/T/vibe-fs-fable-help-YigU8O/candidates/verification-archive-UpjEvP/dotnet-sdk/packs/Microsoft.NETCore.App.Ref/10.0.10/ref/net10.0/System.Net.WebClient.dll
    -r:/private/var/folders/g_/3ydzn7kx5lg9ylq8fd9p_13r0000gn/T/vibe-fs-fable-help-YigU8O/candidates/verification-archive-UpjEvP/dotnet-sdk/packs/Microsoft.NETCore.App.Ref/10.0.10/ref/net10.0/System.Net.Requests.dll
    -r:/private/var/folders/g_/3ydzn7kx5lg9ylq8fd9p_13r0000gn/T/vibe-fs-fable-help-YigU8O/candidates/verification-archive-UpjEvP/dotnet-sdk/packs/Microsoft.NETCore.App.Ref/10.0.10/ref/net10.0/System.IO.dll
    -r:/private/var/folders/g_/3ydzn7kx5lg9ylq8fd9p_13r0000gn/T/vibe-fs-fable-help-YigU8O/candidates/verification-archive-UpjEvP/dotnet-sdk/packs/Microsoft.NETCore.App.Ref/10.0.10/ref/net10.0/System.Globalization.dll
    -r:/private/var/folders/g_/3ydzn7kx5lg9ylq8fd9p_13r0000gn/T/vibe-fs-fable-help-YigU8O/candidates/verification-archive-UpjEvP/dotnet-sdk/packs/Microsoft.NETCore.App.Ref/10.0.10/ref/net10.0/System.dll
    -r:/private/var/folders/g_/3ydzn7kx5lg9ylq8fd9p_13r0000gn/T/vibe-fs-fable-help-YigU8O/candidates/verification-archive-UpjEvP/dotnet-sdk/packs/Microsoft.NETCore.App.Ref/10.0.10/ref/net10.0/System.Diagnostics.Tracing.dll
    -r:/private/var/folders/g_/3ydzn7kx5lg9ylq8fd9p_13r0000gn/T/vibe-fs-fable-help-YigU8O/candidates/verification-archive-UpjEvP/dotnet-sdk/packs/Microsoft.NETCore.App.Ref/10.0.10/ref/net10.0/System.Diagnostics.Tools.dll
    -r:/private/var/folders/g_/3ydzn7kx5lg9ylq8fd9p_13r0000gn/T/vibe-fs-fable-help-YigU8O/candidates/verification-archive-UpjEvP/dotnet-sdk/packs/Microsoft.NETCore.App.Ref/10.0.10/ref/net10.0/System.Diagnostics.Debug.dll
    -r:/private/var/folders/g_/3ydzn7kx5lg9ylq8fd9p_13r0000gn/T/vibe-fs-fable-help-YigU8O/candidates/verification-archive-UpjEvP/dotnet-sdk/packs/Microsoft.NETCore.App.Ref/10.0.10/ref/net10.0/System.Core.dll
    -r:/private/var/folders/g_/3ydzn7kx5lg9ylq8fd9p_13r0000gn/T/vibe-fs-fable-help-YigU8O/candidates/verification-archive-UpjEvP/dotnet-sdk/packs/Microsoft.NETCore.App.Ref/10.0.10/ref/net10.0/System.Console.dll
    -r:/private/var/folders/g_/3ydzn7kx5lg9ylq8fd9p_13r0000gn/T/vibe-fs-fable-help-YigU8O/candidates/verification-archive-UpjEvP/dotnet-sdk/packs/Microsoft.NETCore.App.Ref/10.0.10/ref/net10.0/System.ComponentModel.TypeConverter.dll
    -r:/private/var/folders/g_/3ydzn7kx5lg9ylq8fd9p_13r0000gn/T/vibe-fs-fable-help-YigU8O/candidates/verification-archive-UpjEvP/dotnet-sdk/packs/Microsoft.NETCore.App.Ref/10.0.10/ref/net10.0/System.ComponentModel.Primitives.dll
    -r:/private/var/folders/g_/3ydzn7kx5lg9ylq8fd9p_13r0000gn/T/vibe-fs-fable-help-YigU8O/candidates/verification-archive-UpjEvP/dotnet-sdk/packs/Microsoft.NETCore.App.Ref/10.0.10/ref/net10.0/System.ComponentModel.dll
    -r:/private/var/folders/g_/3ydzn7kx5lg9ylq8fd9p_13r0000gn/T/vibe-fs-fable-help-YigU8O/candidates/verification-archive-UpjEvP/dotnet-sdk/packs/Microsoft.NETCore.App.Ref/10.0.10/ref/net10.0/System.Collections.dll
    -r:/private/var/folders/g_/3ydzn7kx5lg9ylq8fd9p_13r0000gn/T/vibe-fs-fable-help-YigU8O/candidates/verification-archive-UpjEvP/dotnet-sdk/packs/Microsoft.NETCore.App.Ref/10.0.10/ref/net10.0/System.Collections.Concurrent.dll
    -r:/private/var/folders/g_/3ydzn7kx5lg9ylq8fd9p_13r0000gn/T/vibe-fs-fable-help-YigU8O/candidates/verification-archive-UpjEvP/dotnet-sdk/packs/Microsoft.NETCore.App.Ref/10.0.10/ref/net10.0/netstandard.dll
    -r:/private/var/folders/g_/3ydzn7kx5lg9ylq8fd9p_13r0000gn/T/vibe-fs-fable-help-YigU8O/candidates/verification-archive-UpjEvP/dotnet-sdk/packs/Microsoft.NETCore.App.Ref/10.0.10/ref/net10.0/mscorlib.dll
    -r:/private/var/folders/g_/3ydzn7kx5lg9ylq8fd9p_13r0000gn/T/vibe-fs-fable-help-YigU8O/candidates/verification-archive-UpjEvP/dotnet-sdk/packs/Microsoft.NETCore.App.Ref/10.0.10/ref/net10.0/Microsoft.Win32.Registry.dll
    -r:/private/var/folders/g_/3ydzn7kx5lg9ylq8fd9p_13r0000gn/T/vibe-fs-fable-help-YigU8O/candidates/verification-nuget-project-iihPvl/packages/fable.core/5.0.0/lib/netstandard2.0/Fable.Core.dll
    -r:/private/var/folders/g_/3ydzn7kx5lg9ylq8fd9p_13r0000gn/T/vibe-fs-fable-help-YigU8O/candidates/verification-dotnet-tools-oxdEpp/packages/fable/5.13.0/tools/net10.0/any/FSharp.Core.dll
    --define:FABLE_COMPILER
    --define:FABLE_COMPILER_5
    --define:FABLE_COMPILER_JAVASCRIPT
    --optimize-
    /private/var/folders/g_/3ydzn7kx5lg9ylq8fd9p_13r0000gn/T/vibe-fs-fable-help-YigU8O/compile/js/fable_modules/FsToolkit.ErrorHandling.5.2.0/Nullness.fs
    /private/var/folders/g_/3ydzn7kx5lg9ylq8fd9p_13r0000gn/T/vibe-fs-fable-help-YigU8O/compile/js/fable_modules/FsToolkit.ErrorHandling.5.2.0/Result.fs
    /private/var/folders/g_/3ydzn7kx5lg9ylq8fd9p_13r0000gn/T/vibe-fs-fable-help-YigU8O/compile/js/fable_modules/FsToolkit.ErrorHandling.5.2.0/ResultCE.fs
    /private/var/folders/g_/3ydzn7kx5lg9ylq8fd9p_13r0000gn/T/vibe-fs-fable-help-YigU8O/compile/js/fable_modules/FsToolkit.ErrorHandling.5.2.0/ResultOp.fs
    /private/var/folders/g_/3ydzn7kx5lg9ylq8fd9p_13r0000gn/T/vibe-fs-fable-help-YigU8O/compile/js/fable_modules/FsToolkit.ErrorHandling.5.2.0/Option.fs
    /private/var/folders/g_/3ydzn7kx5lg9ylq8fd9p_13r0000gn/T/vibe-fs-fable-help-YigU8O/compile/js/fable_modules/FsToolkit.ErrorHandling.5.2.0/ValueOption.fs
    /private/var/folders/g_/3ydzn7kx5lg9ylq8fd9p_13r0000gn/T/vibe-fs-fable-help-YigU8O/compile/js/fable_modules/FsToolkit.ErrorHandling.5.2.0/OptionCE.fs
    /private/var/folders/g_/3ydzn7kx5lg9ylq8fd9p_13r0000gn/T/vibe-fs-fable-help-YigU8O/compile/js/fable_modules/FsToolkit.ErrorHandling.5.2.0/OptionOp.fs
    /private/var/folders/g_/3ydzn7kx5lg9ylq8fd9p_13r0000gn/T/vibe-fs-fable-help-YigU8O/compile/js/fable_modules/FsToolkit.ErrorHandling.5.2.0/ResultOption.fs
    /private/var/folders/g_/3ydzn7kx5lg9ylq8fd9p_13r0000gn/T/vibe-fs-fable-help-YigU8O/compile/js/fable_modules/FsToolkit.ErrorHandling.5.2.0/ResultOptionCE.fs
    /private/var/folders/g_/3ydzn7kx5lg9ylq8fd9p_13r0000gn/T/vibe-fs-fable-help-YigU8O/compile/js/fable_modules/FsToolkit.ErrorHandling.5.2.0/ResultOptionOp.fs
    /private/var/folders/g_/3ydzn7kx5lg9ylq8fd9p_13r0000gn/T/vibe-fs-fable-help-YigU8O/compile/js/fable_modules/FsToolkit.ErrorHandling.5.2.0/Async.fs
    /private/var/folders/g_/3ydzn7kx5lg9ylq8fd9p_13r0000gn/T/vibe-fs-fable-help-YigU8O/compile/js/fable_modules/FsToolkit.ErrorHandling.5.2.0/AsyncResult.fs
    /private/var/folders/g_/3ydzn7kx5lg9ylq8fd9p_13r0000gn/T/vibe-fs-fable-help-YigU8O/compile/js/fable_modules/FsToolkit.ErrorHandling.5.2.0/AsyncResultCE.fs
    /private/var/folders/g_/3ydzn7kx5lg9ylq8fd9p_13r0000gn/T/vibe-fs-fable-help-YigU8O/compile/js/fable_modules/FsToolkit.ErrorHandling.5.2.0/AsyncResultOp.fs
    /private/var/folders/g_/3ydzn7kx5lg9ylq8fd9p_13r0000gn/T/vibe-fs-fable-help-YigU8O/compile/js/fable_modules/FsToolkit.ErrorHandling.5.2.0/Validation.fs
    /private/var/folders/g_/3ydzn7kx5lg9ylq8fd9p_13r0000gn/T/vibe-fs-fable-help-YigU8O/compile/js/fable_modules/FsToolkit.ErrorHandling.5.2.0/ValidationOp.fs
    /private/var/folders/g_/3ydzn7kx5lg9ylq8fd9p_13r0000gn/T/vibe-fs-fable-help-YigU8O/compile/js/fable_modules/FsToolkit.ErrorHandling.5.2.0/ValidationCE.fs
    /private/var/folders/g_/3ydzn7kx5lg9ylq8fd9p_13r0000gn/T/vibe-fs-fable-help-YigU8O/compile/js/fable_modules/FsToolkit.ErrorHandling.5.2.0/AsyncValidation.fs
    /private/var/folders/g_/3ydzn7kx5lg9ylq8fd9p_13r0000gn/T/vibe-fs-fable-help-YigU8O/compile/js/fable_modules/FsToolkit.ErrorHandling.5.2.0/AsyncValidationOp.fs
    /private/var/folders/g_/3ydzn7kx5lg9ylq8fd9p_13r0000gn/T/vibe-fs-fable-help-YigU8O/compile/js/fable_modules/FsToolkit.ErrorHandling.5.2.0/AsyncValidationCE.fs
    /private/var/folders/g_/3ydzn7kx5lg9ylq8fd9p_13r0000gn/T/vibe-fs-fable-help-YigU8O/compile/js/fable_modules/FsToolkit.ErrorHandling.5.2.0/AsyncOption.fs
    /private/var/folders/g_/3ydzn7kx5lg9ylq8fd9p_13r0000gn/T/vibe-fs-fable-help-YigU8O/compile/js/fable_modules/FsToolkit.ErrorHandling.5.2.0/AsyncOptionCE.fs
    /private/var/folders/g_/3ydzn7kx5lg9ylq8fd9p_13r0000gn/T/vibe-fs-fable-help-YigU8O/compile/js/fable_modules/FsToolkit.ErrorHandling.5.2.0/AsyncOptionOp.fs
    /private/var/folders/g_/3ydzn7kx5lg9ylq8fd9p_13r0000gn/T/vibe-fs-fable-help-YigU8O/compile/js/fable_modules/FsToolkit.ErrorHandling.5.2.0/AsyncResultOption.fs
    /private/var/folders/g_/3ydzn7kx5lg9ylq8fd9p_13r0000gn/T/vibe-fs-fable-help-YigU8O/compile/js/fable_modules/FsToolkit.ErrorHandling.5.2.0/AsyncResultOptionCE.fs
    /private/var/folders/g_/3ydzn7kx5lg9ylq8fd9p_13r0000gn/T/vibe-fs-fable-help-YigU8O/compile/js/fable_modules/FsToolkit.ErrorHandling.5.2.0/AsyncResultOptionOp.fs
    /private/var/folders/g_/3ydzn7kx5lg9ylq8fd9p_13r0000gn/T/vibe-fs-fable-help-YigU8O/compile/js/fable_modules/FsToolkit.ErrorHandling.5.2.0/ParallelAsyncResult.fs
    /private/var/folders/g_/3ydzn7kx5lg9ylq8fd9p_13r0000gn/T/vibe-fs-fable-help-YigU8O/compile/js/fable_modules/FsToolkit.ErrorHandling.5.2.0/ParallelAsyncResultCE.fs
    /private/var/folders/g_/3ydzn7kx5lg9ylq8fd9p_13r0000gn/T/vibe-fs-fable-help-YigU8O/compile/js/fable_modules/FsToolkit.ErrorHandling.5.2.0/ParallelAsyncValidation.fs
    /private/var/folders/g_/3ydzn7kx5lg9ylq8fd9p_13r0000gn/T/vibe-fs-fable-help-YigU8O/compile/js/fable_modules/FsToolkit.ErrorHandling.5.2.0/ParallelAsyncValidationCE.fs
    /private/var/folders/g_/3ydzn7kx5lg9ylq8fd9p_13r0000gn/T/vibe-fs-fable-help-YigU8O/compile/js/fable_modules/FsToolkit.ErrorHandling.5.2.0/List.fs
    /private/var/folders/g_/3ydzn7kx5lg9ylq8fd9p_13r0000gn/T/vibe-fs-fable-help-YigU8O/compile/js/fable_modules/FsToolkit.ErrorHandling.5.2.0/Array.fs
    /private/var/folders/g_/3ydzn7kx5lg9ylq8fd9p_13r0000gn/T/vibe-fs-fable-help-YigU8O/compile/js/fable_modules/FsToolkit.ErrorHandling.5.2.0/Seq.fs
    /private/var/folders/g_/3ydzn7kx5lg9ylq8fd9p_13r0000gn/T/vibe-fs-fable-help-YigU8O/compile/js/fable_modules/Thoth.Json.10.5.1/Types.fs
    /private/var/folders/g_/3ydzn7kx5lg9ylq8fd9p_13r0000gn/T/vibe-fs-fable-help-YigU8O/compile/js/fable_modules/Thoth.Json.10.5.1/Decode.fs
    /private/var/folders/g_/3ydzn7kx5lg9ylq8fd9p_13r0000gn/T/vibe-fs-fable-help-YigU8O/compile/js/fable_modules/Thoth.Json.10.5.1/Encode.fs
    /private/var/folders/g_/3ydzn7kx5lg9ylq8fd9p_13r0000gn/T/vibe-fs-fable-help-YigU8O/compile/js/fable_modules/Thoth.Json.10.5.1/Extra.fs
    /private/var/folders/g_/3ydzn7kx5lg9ylq8fd9p_13r0000gn/T/vibe-fs-fable-help-YigU8O/candidates/verification-source-rPg9w6/src/Wanxiangshu/Foundation/Identity.fsi
    /private/var/folders/g_/3ydzn7kx5lg9ylq8fd9p_13r0000gn/T/vibe-fs-fable-help-YigU8O/candidates/verification-source-rPg9w6/src/Wanxiangshu/Foundation/Identity.fs
    /private/var/folders/g_/3ydzn7kx5lg9ylq8fd9p_13r0000gn/T/vibe-fs-fable-help-YigU8O/candidates/verification-source-rPg9w6/src/Wanxiangshu/Foundation/Quiescence.fsi
    /private/var/folders/g_/3ydzn7kx5lg9ylq8fd9p_13r0000gn/T/vibe-fs-fable-help-YigU8O/candidates/verification-source-rPg9w6/src/Wanxiangshu/Foundation/Quiescence.fs

[39m[22m[37mStarted Fable compilation...
[39m[22m[37mType checked: ../../compile/js/fable_modules/FsToolkit.ErrorHandling.5.2.0/Nullness.fs
[39m[22m[37mCompiled 1/40: ../../compile/js/fable_modules/FsToolkit.ErrorHandling.5.2.0/Nullness.fs
[39m[22m[37mType checked: ../../compile/js/fable_modules/FsToolkit.ErrorHandling.5.2.0/Result.fs
[39m[22m[37mType checked: ../../compile/js/fable_modules/FsToolkit.ErrorHandling.5.2.0/ResultCE.fs
[39m[22m[37mType checked: ../../compile/js/fable_modules/FsToolkit.ErrorHandling.5.2.0/ResultOp.fs
[39m[22m[37mCompiled 2/40: ../../compile/js/fable_modules/FsToolkit.ErrorHandling.5.2.0/ResultOp.fs
[39m[22m[37mType checked: ../../compile/js/fable_modules/FsToolkit.ErrorHandling.5.2.0/Option.fs
[39m[22m[37mCompiled 3/40: ../../compile/js/fable_modules/FsToolkit.ErrorHandling.5.2.0/Option.fs
[39m[22m[37mType checked: ../../compile/js/fable_modules/FsToolkit.ErrorHandling.5.2.0/ValueOption.fs
[39m[22m[37mCompiled 4/40: ../../compile/js/fable_modules/FsToolkit.ErrorHandling.5.2.0/ValueOption.fs
[39m[22m[37mType checked: ../../compile/js/fable_modules/FsToolkit.ErrorHandling.5.2.0/OptionCE.fs
[39m[22m[37mType checked: ../../compile/js/fable_modules/FsToolkit.ErrorHandling.5.2.0/OptionOp.fs
[39m[22m[37mCompiled 5/40: ../../compile/js/fable_modules/FsToolkit.ErrorHandling.5.2.0/OptionOp.fs
[39m[22m[37mCompiled 6/40: ../../compile/js/fable_modules/FsToolkit.ErrorHandling.5.2.0/Result.fs
[39m[22m[37mType checked: ../../compile/js/fable_modules/FsToolkit.ErrorHandling.5.2.0/ResultOption.fs
[39m[22m[37mCompiled 7/40: ../../compile/js/fable_modules/FsToolkit.ErrorHandling.5.2.0/ResultCE.fs
[39m[22m[37mCompiled 8/40: ../../compile/js/fable_modules/FsToolkit.ErrorHandling.5.2.0/OptionCE.fs
[39m[22m[37mCompiled 9/40: ../../compile/js/fable_modules/FsToolkit.ErrorHandling.5.2.0/ResultOption.fs
[39m[22m[37mType checked: ../../compile/js/fable_modules/FsToolkit.ErrorHandling.5.2.0/ResultOptionCE.fs
[39m[22m[37mType checked: ../../compile/js/fable_modules/FsToolkit.ErrorHandling.5.2.0/ResultOptionOp.fs
[39m[22m[37mCompiled 10/40: ../../compile/js/fable_modules/FsToolkit.ErrorHandling.5.2.0/ResultOptionOp.fs
[39m[22m[37mCompiled 11/40: ../../compile/js/fable_modules/FsToolkit.ErrorHandling.5.2.0/ResultOptionCE.fs
[39m[22m[37mType checked: ../../compile/js/fable_modules/FsToolkit.ErrorHandling.5.2.0/Async.fs
[39m[22m[37mType checked: ../../compile/js/fable_modules/FsToolkit.ErrorHandling.5.2.0/AsyncResult.fs
[39m[22m[37mCompiled 12/40: ../../compile/js/fable_modules/FsToolkit.ErrorHandling.5.2.0/AsyncResult.fs
[39m[22m[37mType checked: ../../compile/js/fable_modules/FsToolkit.ErrorHandling.5.2.0/AsyncResultCE.fs
[39m[22m[37mType checked: ../../compile/js/fable_modules/FsToolkit.ErrorHandling.5.2.0/AsyncResultOp.fs
[39m[22m[37mCompiled 13/40: ../../compile/js/fable_modules/FsToolkit.ErrorHandling.5.2.0/AsyncResultOp.fs
[39m[22m[37mCompiled 14/40: ../../compile/js/fable_modules/FsToolkit.ErrorHandling.5.2.0/AsyncResultCE.fs
[39m[22m[37mCompiled 15/40: ../../compile/js/fable_modules/FsToolkit.ErrorHandling.5.2.0/Async.fs
[39m[22m[37mType checked: ../../compile/js/fable_modules/FsToolkit.ErrorHandling.5.2.0/Validation.fs
[39m[22m[37mCompiled 16/40: ../../compile/js/fable_modules/FsToolkit.ErrorHandling.5.2.0/Validation.fs
[39m[22m[37mType checked: ../../compile/js/fable_modules/FsToolkit.ErrorHandling.5.2.0/ValidationOp.fs
[39m[22m[37mCompiled 17/40: ../../compile/js/fable_modules/FsToolkit.ErrorHandling.5.2.0/ValidationOp.fs
[39m[22m[37mType checked: ../../compile/js/fable_modules/FsToolkit.ErrorHandling.5.2.0/ValidationCE.fs
[39m[22m[37mCompiled 18/40: ../../compile/js/fable_modules/FsToolkit.ErrorHandling.5.2.0/ValidationCE.fs
[39m[22m[37mType checked: ../../compile/js/fable_modules/FsToolkit.ErrorHandling.5.2.0/AsyncValidation.fs
[39m[22m[37mCompiled 19/40: ../../compile/js/fable_modules/FsToolkit.ErrorHandling.5.2.0/AsyncValidation.fs
[39m[22m[37mType checked: ../../compile/js/fable_modules/FsToolkit.ErrorHandling.5.2.0/AsyncValidationOp.fs
[39m[22m[37mCompiled 20/40: ../../compile/js/fable_modules/FsToolkit.ErrorHandling.5.2.0/AsyncValidationOp.fs
[39m[22m[37mType checked: ../../compile/js/fable_modules/FsToolkit.ErrorHandling.5.2.0/AsyncValidationCE.fs
[39m[22m[37mCompiled 21/40: ../../compile/js/fable_modules/FsToolkit.ErrorHandling.5.2.0/AsyncValidationCE.fs
[39m[22m[37mType checked: ../../compile/js/fable_modules/FsToolkit.ErrorHandling.5.2.0/AsyncOption.fs
[39m[22m[37mCompiled 22/40: ../../compile/js/fable_modules/FsToolkit.ErrorHandling.5.2.0/AsyncOption.fs
[39m[22m[37mType checked: ../../compile/js/fable_modules/FsToolkit.ErrorHandling.5.2.0/AsyncOptionCE.fs
[39m[22m[37mType checked: ../../compile/js/fable_modules/FsToolkit.ErrorHandling.5.2.0/AsyncOptionOp.fs
[39m[22m[37mCompiled 23/40: ../../compile/js/fable_modules/FsToolkit.ErrorHandling.5.2.0/AsyncOptionOp.fs
[39m[22m[37mType checked: ../../compile/js/fable_modules/FsToolkit.ErrorHandling.5.2.0/AsyncResultOption.fs
[39m[22m[37mCompiled 24/40: ../../compile/js/fable_modules/FsToolkit.ErrorHandling.5.2.0/AsyncOptionCE.fs
[39m[22m[37mCompiled 25/40: ../../compile/js/fable_modules/FsToolkit.ErrorHandling.5.2.0/AsyncResultOption.fs
[39m[22m[37mType checked: ../../compile/js/fable_modules/FsToolkit.ErrorHandling.5.2.0/AsyncResultOptionCE.fs
[39m[22m[37mType checked: ../../compile/js/fable_modules/FsToolkit.ErrorHandling.5.2.0/AsyncResultOptionOp.fs
[39m[22m[37mCompiled 26/40: ../../compile/js/fable_modules/FsToolkit.ErrorHandling.5.2.0/AsyncResultOptionOp.fs
[39m[22m[37mCompiled 27/40: ../../compile/js/fable_modules/FsToolkit.ErrorHandling.5.2.0/AsyncResultOptionCE.fs
[39m[22m[37mType checked: ../../compile/js/fable_modules/FsToolkit.ErrorHandling.5.2.0/ParallelAsyncResult.fs
[39m[22m[37mCompiled 28/40: ../../compile/js/fable_modules/FsToolkit.ErrorHandling.5.2.0/ParallelAsyncResult.fs
[39m[22m[37mType checked: ../../compile/js/fable_modules/FsToolkit.ErrorHandling.5.2.0/ParallelAsyncResultCE.fs
[39m[22m[37mType checked: ../../compile/js/fable_modules/FsToolkit.ErrorHandling.5.2.0/ParallelAsyncValidation.fs
[39m[22m[37mCompiled 29/40: ../../compile/js/fable_modules/FsToolkit.ErrorHandling.5.2.0/ParallelAsyncValidation.fs
[39m[22m[37mCompiled 30/40: ../../compile/js/fable_modules/FsToolkit.ErrorHandling.5.2.0/ParallelAsyncResultCE.fs
[39m[22m[37mType checked: ../../compile/js/fable_modules/FsToolkit.ErrorHandling.5.2.0/ParallelAsyncValidationCE.fs
[39m[22m[37mCompiled 31/40: ../../compile/js/fable_modules/FsToolkit.ErrorHandling.5.2.0/ParallelAsyncValidationCE.fs
[39m[22m[37mType checked: ../../compile/js/fable_modules/FsToolkit.ErrorHandling.5.2.0/List.fs
[39m[22m[37mType checked: ../../compile/js/fable_modules/FsToolkit.ErrorHandling.5.2.0/Array.fs
[39m[22m[37mCompiled 32/40: ../../compile/js/fable_modules/FsToolkit.ErrorHandling.5.2.0/List.fs
[39m[22m[37mType checked: ../../compile/js/fable_modules/FsToolkit.ErrorHandling.5.2.0/Seq.fs
[39m[22m[37mCompiled 33/40: ../../compile/js/fable_modules/FsToolkit.ErrorHandling.5.2.0/Array.fs
[39m[22m[37mType checked: ../../compile/js/fable_modules/Thoth.Json.10.5.1/Types.fs
[39m[22m[37mCompiled 34/40: ../../compile/js/fable_modules/FsToolkit.ErrorHandling.5.2.0/Seq.fs
[39m[22m[37mCompiled 35/40: ../../compile/js/fable_modules/Thoth.Json.10.5.1/Types.fs
[39m[22m[37mType checked: ../../compile/js/fable_modules/Thoth.Json.10.5.1/Decode.fs
[39m[22m[37mType checked: ../../compile/js/fable_modules/Thoth.Json.10.5.1/Encode.fs
[39m[22m[37mType checked: ../../compile/js/fable_modules/Thoth.Json.10.5.1/Extra.fs
[39m[22m[37mCompiled 36/40: ../../compile/js/fable_modules/Thoth.Json.10.5.1/Extra.fs
[39m[22m[37mCompiled 37/40: ../../compile/js/fable_modules/Thoth.Json.10.5.1/Encode.fs
[39m[22m[37mType checked: src/Wanxiangshu/Foundation/Identity.fsi
[39m[22m[37mType checked: src/Wanxiangshu/Foundation/Quiescence.fsi
[39m[22m[37mCompiled 38/40: src/Wanxiangshu/Foundation/Quiescence.fs
[39m[22m[37mType check finished
[39m[22m[37mCompiled 39/40: src/Wanxiangshu/Foundation/Identity.fs
[39m[22m[37mCompiled 40/40: ../../compile/js/fable_modules/Thoth.Json.10.5.1/Decode.fs
[39m[22m[37m
Fable compilation finished in 2612ms

[39m[22m
{"compilationExitCode":0}
{
  "projectNewOrChanged": [
    {
      "path": "artifacts/bin",
      "type": "Directory",
      "mode": 493
    },
    {
      "path": "artifacts/bin/Wanxiangshu.Owner.dispatch-protocol.foundation-identity",
      "type": "Directory",
      "mode": 493
    },
    {
      "path": "artifacts/bin/Wanxiangshu.Owner.dispatch-protocol.foundation-identity/Release",
      "type": "Directory",
      "mode": 493
    },
    {
      "path": "artifacts/bin/Wanxiangshu.Owner.dispatch-protocol.foundation-identity/Release/net10.0",
      "type": "Directory",
      "mode": 493
    },
    {
      "path": "artifacts/obj/Wanxiangshu.Owner.dispatch-protocol.foundation-identity/Release",
      "type": "Directory",
      "mode": 493
    },
    {
      "path": "artifacts/obj/Wanxiangshu.Owner.dispatch-protocol.foundation-identity/Release/net10.0",
      "type": "Directory",
      "mode": 493
    },
    {
      "path": "artifacts/obj/Wanxiangshu.Owner.dispatch-protocol.foundation-identity/Release/net10.0/.NETCoreApp,Version=v10.0.AssemblyAttributes.fs",
      "type": "File",
      "mode": 420,
      "size": 190,
      "sha256": "75b88026597c3353d0646ad4902d210cea46fe9ec0d0d97b9e09f6df5ba7c4ef"
    },
    {
      "path": "artifacts/obj/Wanxiangshu.Owner.dispatch-protocol.foundation-identity/Release/net10.0/ILLink.Substitutions.xml",
      "type": "File",
      "mode": 420,
      "size": 1461,
      "sha256": "c0730573defaf5b49561879545d64bcd83a609422ecbed65c9c7162ac0d6f7ed"
    },
    {
      "path": "artifacts/obj/Wanxiangshu.Owner.dispatch-protocol.foundation-identity/Release/net10.0/Wanxiangshu.Owner.dispatch-protocol.foundation-identity.AssemblyInfo.fs",
      "type": "File",
      "mode": 420,
      "size": 796,
      "sha256": "bfee046f8e9b408d8a2e899fbaf39bfc893b50a7b0f4c64009355316fca5d05f"
    },
    {
      "path": "artifacts/obj/Wanxiangshu.Owner.dispatch-protocol.foundation-identity/Release/net10.0/Wanxiangshu.Owner.dispatch-protocol.foundation-identity.AssemblyInfoInputs.cache",
      "type": "File",
      "mode": 420,
      "size": 65,
      "sha256": "956877be22ea9997758add761f12c66d8d55923f3cbc4fa680092bbef1324db1"
    },
    {
      "path": "artifacts/obj/Wanxiangshu.Owner.dispatch-protocol.foundation-identity/Release/net10.0/Wanxiangshu.Owner.dispatch-protocol.foundation-identity.assets.cache",
      "type": "File",
      "mode": 420,
      "size": 9434,
      "sha256": "fe55ed4328d8d6b3abe903c372f501f08ae1a611c671fcbd8d62790ef52d3380"
    },
    {
      "path": "artifacts/obj/Wanxiangshu.Owner.dispatch-protocol.foundation-identity/Release/net10.0/Wanxiangshu.Owner.dispatch-protocol.foundation-identity.fsproj.AssemblyReference.cache",
      "type": "File",
      "mode": 420,
      "size": 1592,
      "sha256": "1ec6cc99815714e8cc35f07600e00fe5ba7e6ae7bc5f5f57a460318f82eef90f"
    },
    {
      "path": "artifacts/obj/Wanxiangshu.Owner.dispatch-protocol.foundation-identity/Release/net10.0/ref",
      "type": "Directory",
      "mode": 493
    },
    {
      "path": "artifacts/obj/Wanxiangshu.Owner.dispatch-protocol.foundation-identity/Release/net10.0/refint",
      "type": "Directory",
      "mode": 493
    }
  ],
  "projectDeleted": []
}
{"revalidate":"source","accepted":true}
{"revalidate":"sdk","accepted":true}
{"revalidate":"tools","accepted":true}
{"revalidate":"project","accepted":false,"code":"verification-nuget-project-entry-invalid","message":"Prepared project receipt differs from its owned inputs and outputs"}
{
  "compileInventory": [
    {
      "path": ".",
      "type": "Directory",
      "mode": 493
    },
    {
      "path": "cache",
      "type": "Directory",
      "mode": 493
    },
    {
      "path": "cli",
      "type": "Directory",
      "mode": 493
    },
    {
      "path": "cli/.dotnet",
      "type": "Directory",
      "mode": 493
    },
    {
      "path": "cli/.dotnet/10.0.302.aspNetCertificateSentinel",
      "type": "File",
      "mode": 420,
      "size": 0,
      "sha256": "e3b0c44298fc1c149afbf4c8996fb92427ae41e4649b934ca495991b7852b855"
    },
    {
      "path": "cli/.dotnet/10.0.302.dotnetFirstUseSentinel",
      "type": "File",
      "mode": 420,
      "size": 0,
      "sha256": "e3b0c44298fc1c149afbf4c8996fb92427ae41e4649b934ca495991b7852b855"
    },
    {
      "path": "cli/.dotnet/10.0.302.toolpath.sentinel",
      "type": "File",
      "mode": 420,
      "size": 0,
      "sha256": "e3b0c44298fc1c149afbf4c8996fb92427ae41e4649b934ca495991b7852b855"
    },
    {
      "path": "config",
      "type": "Directory",
      "mode": 493
    },
    {
      "path": "data",
      "type": "Directory",
      "mode": 493
    },
    {
      "path": "data/NuGet",
      "type": "Directory",
      "mode": 493
    },
    {
      "path": "data/NuGet/Migrations",
      "type": "Directory",
      "mode": 493
    },
    {
      "path": "home",
      "type": "Directory",
      "mode": 493
    },
    {
      "path": "js",
      "type": "Directory",
      "mode": 493
    },
    {
      "path": "js/Foundation",
      "type": "Directory",
      "mode": 493
    },
    {
      "path": "js/Foundation/Identity.js",
      "type": "File",
      "mode": 420,
      "size": 27573,
      "sha256": "fef16fbb4effdbaf0d767ccdf081869b4891124fc9088cdd1a9d27fdaedac913"
    },
    {
      "path": "js/Foundation/Quiescence.js",
      "type": "File",
      "mode": 420,
      "size": 1002,
      "sha256": "1e275c5a5ec8769951b1d7d4f238d840cf7db390e779197429541d3ee2d34f0d"
    },
    {
      "path": "js/fable_modules",
      "type": "Directory",
      "mode": 493
    },
    {
      "path": "js/fable_modules/FsToolkit.ErrorHandling.5.2.0",
      "type": "Directory",
      "mode": 493
    },
    {
      "path": "js/fable_modules/FsToolkit.ErrorHandling.5.2.0/Array.fs",
      "type": "File",
      "mode": 484,
      "size": 8421,
      "sha256": "f2cff15106e2c92eeb1ca9cac90e27434d65d97a5bc89143f472e765396314a4"
    },
    {
      "path": "js/fable_modules/FsToolkit.ErrorHandling.5.2.0/Array.fs.js",
      "type": "File",
      "mode": 420,
      "size": 14549,
      "sha256": "735e8bbd7538fa73e318b817db39e8c2f5a715122a3fba477956e6d68c3df662"
    },
    {
      "path": "js/fable_modules/FsToolkit.ErrorHandling.5.2.0/AssemblyInfo.fs",
      "type": "File",
      "mode": 484,
      "size": 1096,
      "sha256": "f306a72de5dbb2ac77eb0909623511b443e5c022d4fe080bddca8bed8982092f"
    },
    {
      "path": "js/fable_modules/FsToolkit.ErrorHandling.5.2.0/Async.fs",
      "type": "File",
      "mode": 484,
      "size": 11053,
      "sha256": "321a41517de3c70cd1b75c868f01cf226f512071769f3eb792cd0d59cfc7fdd3"
    },
    {
      "path": "js/fable_modules/FsToolkit.ErrorHandling.5.2.0/Async.fs.js",
      "type": "File",
      "mode": 420,
      "size": 4931,
      "sha256": "92145eee3f0b7223b051b4c649a02fefb15f028f349bcf400a505d1b4f6a6186"
    },
    {
      "path": "js/fable_modules/FsToolkit.ErrorHandling.5.2.0/AsyncOption.fs",
      "type": "File",
      "mode": 484,
      "size": 5678,
      "sha256": "c7c11f49b9a113674f1e52443bbcd958cabe330a9f0642dd23f82f215a77ac67"
    },
    {
      "path": "js/fable_modules/FsToolkit.ErrorHandling.5.2.0/AsyncOptionCE.fs",
      "type": "File",
      "mode": 484,
      "size": 6121,
      "sha256": "00eb1495b3d9a6616a99b809da4fc942cca52b4ebaf19cd0d8110b87fd72fb24"
    },
    {
      "path": "js/fable_modules/FsToolkit.ErrorHandling.5.2.0/AsyncOptionCE.fs.js",
      "type": "File",
      "mode": 420,
      "size": 1204,
      "sha256": "2c684bd111311143919e0600b35ff7c22a49a0fcdef78b45be4f057771eafd7e"
    },
    {
      "path": "js/fable_modules/FsToolkit.ErrorHandling.5.2.0/AsyncOptionOp.fs",
      "type": "File",
      "mode": 484,
      "size": 696,
      "sha256": "c2476227415a2953a8afa17cd1b8dd489dbcd3720d60927ef6f8b0620b126248"
    },
    {
      "path": "js/fable_modules/FsToolkit.ErrorHandling.5.2.0/AsyncResult.fs",
      "type": "File",
      "mode": 484,
      "size": 18091,
      "sha256": "dec96520054c1adb95086cd454138cbae7a5468a618c9358785d736252c856e7"
    },
    {
      "path": "js/fable_modules/FsToolkit.ErrorHandling.5.2.0/AsyncResultCE.fs",
      "type": "File",
      "mode": 484,
      "size": 6934,
      "sha256": "995d5977612cc4372b455b160109b8b80218ec6e695a81207c083ecf583cd959"
    },
    {
      "path": "js/fable_modules/FsToolkit.ErrorHandling.5.2.0/AsyncResultCE.fs.js",
      "type": "File",
      "mode": 420,
      "size": 543,
      "sha256": "1f7a8faa85f0c79b55486f008ad0471894b4ed1b507f6e10fb04e56d9e323bc6"
    },
    {
      "path": "js/fable_modules/FsToolkit.ErrorHandling.5.2.0/AsyncResultOp.fs",
      "type": "File",
      "mode": 484,
      "size": 786,
      "sha256": "3b095e793c6561b0a63a63ca04ec2314cf58602fa2ac30e367203d1b76a21d93"
    },
    {
      "path": "js/fable_modules/FsToolkit.ErrorHandling.5.2.0/AsyncResultOption.fs",
      "type": "File",
      "mode": 484,
      "size": 2775,
      "sha256": "a3a8147ee89db56f21474aa24e5214798251e2d5b5c2e1a85372d26e2101bbf7"
    },
    {
      "path": "js/fable_modules/FsToolkit.ErrorHandling.5.2.0/AsyncResultOption.fs.js",
      "type": "File",
      "mode": 420,
      "size": 1477,
      "sha256": "3d783843d61cf4eac4d8fd760483ce0a1b559c96dad9c65eb8e44ec4775f1268"
    },
    {
      "path": "js/fable_modules/FsToolkit.ErrorHandling.5.2.0/AsyncResultOptionCE.fs",
      "type": "File",
      "mode": 484,
      "size": 8540,
      "sha256": "2ba3e7773a38f8cabd67a2117bdbb5fab51432542f52f89fe0198090963a1334"
    },
    {
      "path": "js/fable_modules/FsToolkit.ErrorHandling.5.2.0/AsyncResultOptionCE.fs.js",
      "type": "File",
      "mode": 420,
      "size": 639,
      "sha256": "e70b65fe5047ceb87c90ccf970294316259e86c82c7cda11ccff0dcec583a5ab"
    },
    {
      "path": "js/fable_modules/FsToolkit.ErrorHandling.5.2.0/AsyncResultOptionOp.fs",
      "type": "File",
      "mode": 484,
      "size": 876,
      "sha256": "f918176a74d988cb0acd974b311482cf17fe8f63df34e55b1ff8ec720b653a14"
    },
    {
      "path": "js/fable_modules/FsToolkit.ErrorHandling.5.2.0/AsyncValidation.fs",
      "type": "File",
      "mode": 484,
      "size": 6151,
      "sha256": "4cca33869f3c2893c675425b29735049a53ba5c6056b09632400a1891d459fb4"
    },
    {
      "path": "js/fable_modules/FsToolkit.ErrorHandling.5.2.0/AsyncValidationCE.fs",
      "type": "File",
      "mode": 484,
      "size": 6928,
      "sha256": "72aefdf214b54301d5e0197c4cfe0f0a46811c4c769f79283d8ca6df1d3f5fd4"
    },
    {
      "path": "js/fable_modules/FsToolkit.ErrorHandling.5.2.0/AsyncValidationCE.fs.js",
      "type": "File",
      "mode": 420,
      "size": 481,
      "sha256": "19c204de20d36696b3690215c58381b958d4dd7dc2e459334cbf5c8408d45a8e"
    },
    {
      "path": "js/fable_modules/FsToolkit.ErrorHandling.5.2.0/AsyncValidationOp.fs",
      "type": "File",
      "mode": 484,
      "size": 1318,
      "sha256": "b3c2bdd6b6000ca67750e47315449d66e63a395ea81dd84602fe9e1a9fc9e4a6"
    },
    {
      "path": "js/fable_modules/FsToolkit.ErrorHandling.5.2.0/FsToolkit.ErrorHandling.fableproj",
      "type": "File",
      "mode": 484,
      "size": 3823,
      "sha256": "e3e1f9243d75a718a1c9ede9d33f66f60e8ca55c61809690c5caa8adc6ed1a31"
    },
    {
      "path": "js/fable_modules/FsToolkit.ErrorHandling.5.2.0/List.fs",
      "type": "File",
      "mode": 484,
      "size": 9274,
      "sha256": "5f4cd233128c8891bc78edeb310f48ea4097bde51854391de003702e9af3c72f"
    },
    {
      "path": "js/fable_modules/FsToolkit.ErrorHandling.5.2.0/List.fs.js",
      "type": "File",
      "mode": 420,
      "size": 13542,
      "sha256": "38ca771b151914fa03046d629ff98c57bb3029d1c774adaf42b18d72822ba295"
    },
    {
      "path": "js/fable_modules/FsToolkit.ErrorHandling.5.2.0/Nullness.fs",
      "type": "File",
      "mode": 484,
      "size": 2418,
      "sha256": "b95996056a1a5308047d727ac18407b5e24946e3ac35ebc26106bfcb5a62a087"
    },
    {
      "path": "js/fable_modules/FsToolkit.ErrorHandling.5.2.0/Option.fs",
      "type": "File",
      "mode": 484,
      "size": 20947,
      "sha256": "70b78cd021d36d53443924e9ffd923c7a50b548274c38c3995d34761f98a21d9"
    },
    {
      "path": "js/fable_modules/FsToolkit.ErrorHandling.5.2.0/OptionCE.fs",
      "type": "File",
      "mode": 484,
      "size": 4256,
      "sha256": "25148672ad05a05691f4c42cea69e98e4cb7c6e4098b5bc740229f5073a6cdd9"
    },
    {
      "path": "js/fable_modules/FsToolkit.ErrorHandling.5.2.0/OptionCE.fs.js",
      "type": "File",
      "mode": 420,
      "size": 1258,
      "sha256": "a15574fa245ccadd34f4134e21393536890bb39ed30d292f688599869ea997a8"
    },
    {
      "path": "js/fable_modules/FsToolkit.ErrorHandling.5.2.0/OptionOp.fs",
      "type": "File",
      "mode": 484,
      "size": 700,
      "sha256": "ea90f541f853b6f2b4099c3553bf20fd8afc202075b2ceabd6625757211404f8"
    },
    {
      "path": "js/fable_modules/FsToolkit.ErrorHandling.5.2.0/ParallelAsyncResult.fs",
      "type": "File",
      "mode": 484,
      "size": 3565,
      "sha256": "f0376d74a8b9fd17a9a2075e4ae39e5a44248f6ef8a6528b943fa865e5d56784"
    },
    {
      "path": "js/fable_modules/FsToolkit.ErrorHandling.5.2.0/ParallelAsyncResult.fs.js",
      "type": "File",
      "mode": 420,
      "size": 1209,
      "sha256": "710780f93d14500d554eb704f9259e61f2bfb0a2b2562fda2a4f94ba0186ba47"
    },
    {
      "path": "js/fable_modules/FsToolkit.ErrorHandling.5.2.0/ParallelAsyncResultCE.fs",
      "type": "File",
      "mode": 484,
      "size": 7321,
      "sha256": "990e4f40ca8b9e3fe229a5779bb5112846c94d115144e302c2812b0246197291"
    },
    {
      "path": "js/fable_modules/FsToolkit.ErrorHandling.5.2.0/ParallelAsyncResultCE.fs.js",
      "type": "File",
      "mode": 420,
      "size": 517,
      "sha256": "5b9d63e5f2a34516b75b684d81cc862273a6ef27daf18c2a1f5b514b9fa6a11c"
    },
    {
      "path": "js/fable_modules/FsToolkit.ErrorHandling.5.2.0/ParallelAsyncValidation.fs",
      "type": "File",
      "mode": 484,
      "size": 1351,
      "sha256": "077d9eddeb7afa9c4e46d889009a2674530cd32c5136cccc4a967fc67af6239c"
    },
    {
      "path": "js/fable_modules/FsToolkit.ErrorHandling.5.2.0/ParallelAsyncValidationCE.fs",
      "type": "File",
      "mode": 484,
      "size": 8942,
      "sha256": "7335454fa22ee4504a87000e5d214e6f3c0d7609efbed7815183c6a1ba40e728"
    },
    {
      "path": "js/fable_modules/FsToolkit.ErrorHandling.5.2.0/ParallelAsyncValidationCE.fs.js",
      "type": "File",
      "mode": 420,
      "size": 553,
      "sha256": "09bf7a5c18f38e1b8de223449f8f83e2b387464fcda3b39bf4a1b8d48b3e9989"
    },
    {
      "path": "js/fable_modules/FsToolkit.ErrorHandling.5.2.0/Result.fs",
      "type": "File",
      "mode": 484,
      "size": 38423,
      "sha256": "1754a14b3ba7597bc59ddeabfb2563b40b4236ad9b6ad1ac50fbfe7d37663d28"
    },
    {
      "path": "js/fable_modules/FsToolkit.ErrorHandling.5.2.0/Result.fs.js",
      "type": "File",
      "mode": 420,
      "size": 1490,
      "sha256": "827aed5d8267f6faff638325e8489cbb1cc686f8e073d0efa528f5082cb19bb0"
    },
    {
      "path": "js/fable_modules/FsToolkit.ErrorHandling.5.2.0/ResultCE.fs",
      "type": "File",
      "mode": 484,
      "size": 4763,
      "sha256": "02f459e834ac4590cf177be60afe235b76cb1a35dd0d9be43966a6d4f6193120"
    },
    {
      "path": "js/fable_modules/FsToolkit.ErrorHandling.5.2.0/ResultCE.fs.js",
      "type": "File",
      "mode": 420,
      "size": 647,
      "sha256": "702f3f53e9326877f67ccddd38d5bda9ec59541d6efc190443f87c3ba786b101"
    },
    {
      "path": "js/fable_modules/FsToolkit.ErrorHandling.5.2.0/ResultOp.fs",
      "type": "File",
      "mode": 484,
      "size": 1869,
      "sha256": "f08d2af6209d82a520fa35b75ccbb7539e983dbe63d8d399f64b25bbf60beb00"
    },
    {
      "path": "js/fable_modules/FsToolkit.ErrorHandling.5.2.0/ResultOption.fs",
      "type": "File",
      "mode": 484,
      "size": 10386,
      "sha256": "df335cfbd14e92829538ad84cac1256cf90f5aae77eebcbf0d2e104793d1a496"
    },
    {
      "path": "js/fable_modules/FsToolkit.ErrorHandling.5.2.0/ResultOption.fs.js",
      "type": "File",
      "mode": 420,
      "size": 2311,
      "sha256": "2e741bcf57b1557ad9cd38770002211224d15ee64a94640352571ada0b689df4"
    },
    {
      "path": "js/fable_modules/FsToolkit.ErrorHandling.5.2.0/ResultOptionCE.fs",
      "type": "File",
      "mode": 484,
      "size": 4604,
      "sha256": "e8569770392aa777f6139bf60f25b5df0d554cf0407c1a7199ec98464543212f"
    },
    {
      "path": "js/fable_modules/FsToolkit.ErrorHandling.5.2.0/ResultOptionCE.fs.js",
      "type": "File",
      "mode": 420,
      "size": 559,
      "sha256": "f897de79311fabff86122b0ed5734bd7781fe6b708f151e5392b99a71a1213b2"
    },
    {
      "path": "js/fable_modules/FsToolkit.ErrorHandling.5.2.0/ResultOptionOp.fs",
      "type": "File",
      "mode": 484,
      "size": 2711,
      "sha256": "ab64ed7eca5203618ec59eb21210d1ab26064c889267a0d781e04e3b2ce1dd67"
    },
    {
      "path": "js/fable_modules/FsToolkit.ErrorHandling.5.2.0/Seq.fs",
      "type": "File",
      "mode": 484,
      "size": 21211,
      "sha256": "ad487e055668ee79cce481f77659c2f711f509916530ec5a6d7446d6860805dd"
    },
    {
      "path": "js/fable_modules/FsToolkit.ErrorHandling.5.2.0/Seq.fs.js",
      "type": "File",
      "mode": 420,
      "size": 10540,
      "sha256": "c8169c98ec2862d3ff28ceeed66d8785a145cd9198295b48f7e59fc9627919a5"
    },
    {
      "path": "js/fable_modules/FsToolkit.ErrorHandling.5.2.0/Validation.fs",
      "type": "File",
      "mode": 484,
      "size": 6478,
      "sha256": "cd1fc625988aca699b67723ee50de07272a37175f919d4767650c6774992b631"
    },
    {
      "path": "js/fable_modules/FsToolkit.ErrorHandling.5.2.0/ValidationCE.fs",
      "type": "File",
      "mode": 484,
      "size": 5249,
      "sha256": "47e6cca463b9d0930e3eb900864f0a597e369d5e294b8faec3c7b347ba0a738e"
    },
    {
      "path": "js/fable_modules/FsToolkit.ErrorHandling.5.2.0/ValidationCE.fs.js",
      "type": "File",
      "mode": 420,
      "size": 527,
      "sha256": "a0423180ccbe5b2d5e744b7c591b14214fe45f32575a2ad7f021c581a3faae85"
    },
    {
      "path": "js/fable_modules/FsToolkit.ErrorHandling.5.2.0/ValidationOp.fs",
      "type": "File",
      "mode": 484,
      "size": 1209,
      "sha256": "da079834e48fc5786e59d5eeb4d71aad735eb6148b46baac1d0b6e3df18bd4c9"
    },
    {
      "path": "js/fable_modules/FsToolkit.ErrorHandling.5.2.0/ValueOption.fs",
      "type": "File",
      "mode": 484,
      "size": 5767,
      "sha256": "068d3bb5442edacaeaed372790f00e0f39e538550f08d978eb159fe244333dec"
    },
    {
      "path": "js/fable_modules/FsToolkit.ErrorHandling.5.2.0/ValueTaskValueOption.fs",
      "type": "File",
      "mode": 484,
      "size": 3810,
      "sha256": "36f8c638fe8cbab2d6e7168b26c4339e63defe92badd6ba1f9d923d4e51e1097"
    },
    {
      "path": "js/fable_modules/FsToolkit.ErrorHandling.5.2.0/ValueTaskValueOptionCE.fs",
      "type": "File",
      "mode": 484,
      "size": 23499,
      "sha256": "54232518ccddbe66bb1199a2b26f20918126c0845d75f996225fbdf909f7bea7"
    },
    {
      "path": "js/fable_modules/FsToolkit.ErrorHandling.5.2.0/ValueTaskValueOptionOp.fs",
      "type": "File",
      "mode": 484,
      "size": 352,
      "sha256": "f5fb8e6ff4a7e92f1d5b8f277f514c9e2bfda7ec766f5e87f176cc1590e4d585"
    },
    {
      "path": "js/fable_modules/FsToolkit.ErrorHandling.5.2.0/obj",
      "type": "Directory",
      "mode": 493
    },
    {
      "path": "js/fable_modules/FsToolkit.ErrorHandling.5.2.0/obj/Debug",
      "type": "Directory",
      "mode": 493
    },
    {
      "path": "js/fable_modules/FsToolkit.ErrorHandling.5.2.0/obj/Debug/netstandard2.1",
      "type": "Directory",
      "mode": 493
    },
    {
      "path": "js/fable_modules/FsToolkit.ErrorHandling.5.2.0/obj/Debug/netstandard2.1/.NETStandard,Version=v2.1.AssemblyAttributes.fs",
      "type": "File",
      "mode": 484,
      "size": 201,
      "sha256": "80a6758ea6385546168b52f88879344781eb512437ae7ad13e58e8ff53d784b1"
    },
    {
      "path": "js/fable_modules/FsToolkit.ErrorHandling.5.2.0/obj/Debug/netstandard2.1/FsToolkit.ErrorHandling.AssemblyInfo.fs",
      "type": "File",
      "mode": 484,
      "size": 1176,
      "sha256": "bbaae4a05676cbd2c23b7afea9db9c97fa9fa88e1ed8a4bd5d31fe0e838fea6e"
    },
    {
      "path": "js/fable_modules/FsToolkit.ErrorHandling.5.2.0/obj/Release",
      "type": "Directory",
      "mode": 493
    },
    {
      "path": "js/fable_modules/FsToolkit.ErrorHandling.5.2.0/obj/Release/net9.0",
      "type": "Directory",
      "mode": 493
    },
    {
      "path": "js/fable_modules/FsToolkit.ErrorHandling.5.2.0/obj/Release/net9.0/.NETCoreApp,Version=v9.0.AssemblyAttributes.fs",
      "type": "File",
      "mode": 484,
      "size": 191,
      "sha256": "421fd34e0c637007cd36e24dad8c8417e7ea6cdec26214ade1fd69d2cf97c3a1"
    },
    {
      "path": "js/fable_modules/FsToolkit.ErrorHandling.5.2.0/obj/Release/net9.0/FsToolkit.ErrorHandling.AssemblyInfo.fs",
      "type": "File",
      "mode": 484,
      "size": 1178,
      "sha256": "0cb7262b22fc85673c3a4a7d758f72bb999f7e5414361c9e8de14c5074cb25cd"
    },
    {
      "path": "js/fable_modules/FsToolkit.ErrorHandling.5.2.0/obj/Release/netstandard2.0",
      "type": "Directory",
      "mode": 493
    },
    {
      "path": "js/fable_modules/FsToolkit.ErrorHandling.5.2.0/obj/Release/netstandard2.0/.NETStandard,Version=v2.0.AssemblyAttributes.fs",
      "type": "File",
      "mode": 484,
      "size": 201,
      "sha256": "a6210cd5e6a4620b34cbb2d9194fde6789d29376565de2e5eee130ffde00a78d"
    },
    {
      "path": "js/fable_modules/FsToolkit.ErrorHandling.5.2.0/obj/Release/netstandard2.0/FsToolkit.ErrorHandling.AssemblyInfo.fs",
      "type": "File",
      "mode": 484,
      "size": 1178,
      "sha256": "0cb7262b22fc85673c3a4a7d758f72bb999f7e5414361c9e8de14c5074cb25cd"
    },
    {
      "path": "js/fable_modules/FsToolkit.ErrorHandling.5.2.0/obj/Release/netstandard2.1",
      "type": "Directory",
      "mode": 493
    },
    {
      "path": "js/fable_modules/FsToolkit.ErrorHandling.5.2.0/obj/Release/netstandard2.1/.NETStandard,Version=v2.1.AssemblyAttributes.fs",
      "type": "File",
      "mode": 484,
      "size": 201,
      "sha256": "80a6758ea6385546168b52f88879344781eb512437ae7ad13e58e8ff53d784b1"
    },
    {
      "path": "js/fable_modules/FsToolkit.ErrorHandling.5.2.0/obj/Release/netstandard2.1/FsToolkit.ErrorHandling.AssemblyInfo.fs",
      "type": "File",
      "mode": 484,
      "size": 1178,
      "sha256": "0cb7262b22fc85673c3a4a7d758f72bb999f7e5414361c9e8de14c5074cb25cd"
    },
    {
      "path": "js/fable_modules/Thoth.Json.10.5.1",
      "type": "Directory",
      "mode": 493
    },
    {
      "path": "js/fable_modules/Thoth.Json.10.5.1/Decode.fs",
      "type": "File",
      "mode": 484,
      "size": 62032,
      "sha256": "299c48534dd788e259898704d879d593598a516db7ee4251c2cbae2bf08418a5"
    },
    {
      "path": "js/fable_modules/Thoth.Json.10.5.1/Decode.fs.js",
      "type": "File",
      "mode": 420,
      "size": 84303,
      "sha256": "6f13e77a18436a3b4d476110cfd579a4309c6887699974244a69269630925a81"
    },
    {
      "path": "js/fable_modules/Thoth.Json.10.5.1/Encode.fs",
      "type": "File",
      "mode": 484,
      "size": 25525,
      "sha256": "a609a97524ec91750fffb57e92d7664a904b554c957fec4e0907b9e58534996c"
    },
    {
      "path": "js/fable_modules/Thoth.Json.10.5.1/Encode.fs.js",
      "type": "File",
      "mode": 420,
      "size": 16520,
      "sha256": "bbcf6a470da5872131b86ce857f0d76bc4452e1fc79882dbc30c3cd9b3bf2adc"
    },
    {
      "path": "js/fable_modules/Thoth.Json.10.5.1/Extra.fs",
      "type": "File",
      "mode": 484,
      "size": 1211,
      "sha256": "f8de6a06dd009f607caf1ca0f7f6bc3a0ba2985ce22cb5cd03f70468ce2b3524"
    },
    {
      "path": "js/fable_modules/Thoth.Json.10.5.1/Extra.fs.js",
      "type": "File",
      "mode": 420,
      "size": 300,
      "sha256": "d64453adf5b96888c1731d6844a2f5e01ec205056c69086e66529c9cb7603211"
    },
    {
      "path": "js/fable_modules/Thoth.Json.10.5.1/Thoth.Json.fableproj",
      "type": "File",
      "mode": 484,
      "size": 1399,
      "sha256": "54bc119991ca015028b5e362af60b38d680875768973255578a96467660e8f18"
    },
    {
      "path": "js/fable_modules/Thoth.Json.10.5.1/Types.fs",
      "type": "File",
      "mode": 484,
      "size": 1818,
      "sha256": "54b9371e064a8e1d04d5af63fd94a6e01641287f4f23f2d7207857faf121adf2"
    },
    {
      "path": "js/fable_modules/Thoth.Json.10.5.1/Types.fs.js",
      "type": "File",
      "mode": 420,
      "size": 3835,
      "sha256": "75435fd6e2685604ff999306be06d5f0f71f1597579b48d2e27cd3a115921966"
    },
    {
      "path": "js/fable_modules/fable-library-js.5.13.0",
      "type": "Directory",
      "mode": 493
    },
    {
      "path": "js/fable_modules/fable-library-js.5.13.0/Array.js",
      "type": "File",
      "mode": 484,
      "size": 43085,
      "sha256": "021a7880fac8a4a44483c1a5ff6857826f18bfea98cf358ef1703c6ac63aa190"
    },
    {
      "path": "js/fable_modules/fable-library-js.5.13.0/Async.js",
      "type": "File",
      "mode": 484,
      "size": 7070,
      "sha256": "ded92e2f8732220c941cb45606f05cfdb48545add183dd66e224d9d2bddfb7af"
    },
    {
      "path": "js/fable_modules/fable-library-js.5.13.0/AsyncBuilder.js",
      "type": "File",
      "mode": 484,
      "size": 6474,
      "sha256": "69142b9fe2f6a5c0f6874344a1f2f10cc3195c167c5366f403ba9cf8c421b37e"
    },
    {
      "path": "js/fable_modules/fable-library-js.5.13.0/BigInt.js",
      "type": "File",
      "mode": 484,
      "size": 11623,
      "sha256": "fa902d136a73652de017d9e39a2359123af307a17c0f2a6bcf56182e95448b16"
    },
    {
      "path": "js/fable_modules/fable-library-js.5.13.0/BitConverter.js",
      "type": "File",
      "mode": 484,
      "size": 5799,
      "sha256": "4a9b7c669a049543a6949d1f2b1c8117f69d949358af264300b2b01cefafa7f8"
    },
    {
      "path": "js/fable_modules/fable-library-js.5.13.0/Boolean.js",
      "type": "File",
      "mode": 484,
      "size": 629,
      "sha256": "b5ab325cc43624f626d21e13e8d716ff3c590c25a421fdb98117a863d11cee38"
    },
    {
      "path": "js/fable_modules/fable-library-js.5.13.0/CHANGELOG.md",
      "type": "File",
      "mode": 484,
      "size": 14006,
      "sha256": "b7371c9810e94eae61f47be33ff0b37f983095fddb4662672e7d16354a47d96d"
    },
    {
      "path": "js/fable_modules/fable-library-js.5.13.0/Char.js",
      "type": "File",
      "mode": 484,
      "size": 6980,
      "sha256": "0a515a0100087198afacd489b12579300361c539429a4e76dab87ca3a12f3520"
    },
    {
      "path": "js/fable_modules/fable-library-js.5.13.0/Choice.js",
      "type": "File",
      "mode": 484,
      "size": 6266,
      "sha256": "f179d6fea4489b0a1a73b8afb1999f4b87b3fb9eaa99768fb7fa45e2cba380ae"
    },
    {
      "path": "js/fable_modules/fable-library-js.5.13.0/CollectionUtil.js",
      "type": "File",
      "mode": 484,
      "size": 6099,
      "sha256": "6bd42cf80142f2af4d093e76caf369ce7463b52d5c6067f81afa5583619cdcd8"
    },
    {
      "path": "js/fable_modules/fable-library-js.5.13.0/ConditionalWeakTable.js",
      "type": "File",
      "mode": 484,
      "size": 453,
      "sha256": "0903afe3c016e420f368dfdfbc79d0faa11c0c920d54fe531249457ff188f98a"
    },
    {
      "path": "js/fable_modules/fable-library-js.5.13.0/Date.js",
      "type": "File",
      "mode": 484,
      "size": 32371,
      "sha256": "7d04e88ad2899615e09e46f240768d5c5eb32826838c571930f4cee985f50f51"
    },
    {
      "path": "js/fable_modules/fable-library-js.5.13.0/DateOffset.js",
      "type": "File",
      "mode": 484,
      "size": 8583,
      "sha256": "24195f30b3978c122ceebc8e008404f2dc7156d98f2e35c1393dc07d0fecd4fc"
    },
    {
      "path": "js/fable_modules/fable-library-js.5.13.0/DateOnly.js",
      "type": "File",
      "mode": 484,
      "size": 3899,
      "sha256": "f8a35d603eca839ec14df5205c2b3528f2928e00b32462b3720473c3f5e0136e"
    },
    {
      "path": "js/fable_modules/fable-library-js.5.13.0/Decimal.js",
      "type": "File",
      "mode": 484,
      "size": 8166,
      "sha256": "7cb1d4747d4cceb05915b41e321bfbbebd88692ebe4da570405efc39efafc0ba"
    },
    {
      "path": "js/fable_modules/fable-library-js.5.13.0/Directory.js",
      "type": "File",
      "mode": 484,
      "size": 471,
      "sha256": "3a3a44a851c14b7b01869d34307d613f3b23bb19d10416103ed585e61f4efe49"
    },
    {
      "path": "js/fable_modules/fable-library-js.5.13.0/Double.js",
      "type": "File",
      "mode": 484,
      "size": 1472,
      "sha256": "46e29dd1a8c7be9748a432c330391dae12663eddb2c54ab228606ac1f2fc9de5"
    },
    {
      "path": "js/fable_modules/fable-library-js.5.13.0/Encoding.js",
      "type": "File",
      "mode": 484,
      "size": 6871,
      "sha256": "eada95b30d6be0fe025e8b6c482e4d80777bbe733701339ff4c2efcefe3491f3"
    },
    {
      "path": "js/fable_modules/fable-library-js.5.13.0/Environment.js",
      "type": "File",
      "mode": 484,
      "size": 79,
      "sha256": "57832a1d815f8859c0647928816f320c13f39cee40aa7b9592dd7937182370ec"
    },
    {
      "path": "js/fable_modules/fable-library-js.5.13.0/Event.js",
      "type": "File",
      "mode": 484,
      "size": 3027,
      "sha256": "5fe02c285e8a7730147f45510606415df7ddf8d02164348890fb3e1f6a1921a1"
    },
    {
      "path": "js/fable_modules/fable-library-js.5.13.0/FSharp.Collections.js",
      "type": "File",
      "mode": 484,
      "size": 1158,
      "sha256": "c1f2a8e854a7812ad681f0636a51c225078284b45ec3a5fa38dd39bfcdbffc58"
    },
    {
      "path": "js/fable_modules/fable-library-js.5.13.0/FSharp.Core.CompilerServices.js",
      "type": "File",
      "mode": 484,
      "size": 910,
      "sha256": "20f5935e7dec9ed9df17cb150253f1d882bd831d19830d8b9c139d63ce5ef222"
    },
    {
      "path": "js/fable_modules/fable-library-js.5.13.0/FSharp.Core.js",
      "type": "File",
      "mode": 484,
      "size": 4337,
      "sha256": "c8801dfa13651817573c6ad1a64ad2f5f298903d4b9e564e8d3f4b36c9d46688"
    },
    {
      "path": "js/fable_modules/fable-library-js.5.13.0/File.js",
      "type": "File",
      "mode": 484,
      "size": 1075,
      "sha256": "77653639348960b0647eeec09272439a15a20c8dbbf6b8bc4f2591fd66480405"
    },
    {
      "path": "js/fable_modules/fable-library-js.5.13.0/Global.js",
      "type": "File",
      "mode": 484,
      "size": 2509,
      "sha256": "2fee530bce779f1b84e866d0ff812c95786fb27548dd4bb1528f06c6cb2c566e"
    },
    {
      "path": "js/fable_modules/fable-library-js.5.13.0/Guid.js",
      "type": "File",
      "mode": 484,
      "size": 5991,
      "sha256": "23a42e4470f1dfad70671d4bb53873efb88d76364efadfae76b63782d97e6295"
    },
    {
      "path": "js/fable_modules/fable-library-js.5.13.0/Int32.js",
      "type": "File",
      "mode": 484,
      "size": 4508,
      "sha256": "d147692d3f046810ef7ba909eba071722b168586bae3655232ce6854d4137cfc"
    },
    {
      "path": "js/fable_modules/fable-library-js.5.13.0/List.js",
      "type": "File",
      "mode": 484,
      "size": 42902,
      "sha256": "206ce2e44d6306b390b356e8131387eab7d24c65f9ad3afc26983e69e2089c42"
    },
    {
      "path": "js/fable_modules/fable-library-js.5.13.0/Long.js",
      "type": "File",
      "mode": 484,
      "size": 1253,
      "sha256": "dc8b9fd2bf0278e8be5ec6fad5c63652dff941ac44502f287cac59061cbc74de"
    },
    {
      "path": "js/fable_modules/fable-library-js.5.13.0/MailboxProcessor.js",
      "type": "File",
      "mode": 484,
      "size": 3052,
      "sha256": "c339531b71d821669aa307dfe0a6ad8c220fbb8fe25c22e77a9400c480332cf5"
    },
    {
      "path": "js/fable_modules/fable-library-js.5.13.0/Map.js",
      "type": "File",
      "mode": 484,
      "size": 50093,
      "sha256": "7b7fa952f80f4bd46b85ddf9118656e4c58744b46dca7a17497ca05fa52a3cad"
    },
    {
      "path": "js/fable_modules/fable-library-js.5.13.0/MapUtil.js",
      "type": "File",
      "mode": 484,
      "size": 3671,
      "sha256": "f027e82c2d0df98ea0d616a9a099cd413ee4c51a3d93e5b61d30b0aa9212d9fa"
    },
    {
      "path": "js/fable_modules/fable-library-js.5.13.0/MutableMap.js",
      "type": "File",
      "mode": 484,
      "size": 10542,
      "sha256": "f7b89cee35613c25d0510cb8a3339cac976bead14069c55c42de189d6b4c52d4"
    },
    {
      "path": "js/fable_modules/fable-library-js.5.13.0/MutableSet.js",
      "type": "File",
      "mode": 484,
      "size": 6620,
      "sha256": "3fbffe14e018d97a188dcf637d01e2fc04d54c1e08c79c9185986893f04300f3"
    },
    {
      "path": "js/fable_modules/fable-library-js.5.13.0/Native.js",
      "type": "File",
      "mode": 484,
      "size": 320,
      "sha256": "c5a4239ab2f2b8f177c481a273f721af6026b8615262b0431fb4ac6a2b19f4c6"
    },
    {
      "path": "js/fable_modules/fable-library-js.5.13.0/Numeric.js",
      "type": "File",
      "mode": 484,
      "size": 1852,
      "sha256": "76e342f4edc067986ecf9260314aa42a4d030562250fd3ece5039f5f4627060f"
    },
    {
      "path": "js/fable_modules/fable-library-js.5.13.0/Observable.js",
      "type": "File",
      "mode": 484,
      "size": 3717,
      "sha256": "ae5c9cb6f437329ac0abee3b69b13f877bc107fd49bf54e4497de82b904c0c0b"
    },
    {
      "path": "js/fable_modules/fable-library-js.5.13.0/Option.js",
      "type": "File",
      "mode": 484,
      "size": 2306,
      "sha256": "cad97e930468cf1e12665373a56d99975fccbb7009e1068f55e151af07811177"
    },
    {
      "path": "js/fable_modules/fable-library-js.5.13.0/Path.js",
      "type": "File",
      "mode": 484,
      "size": 1231,
      "sha256": "b324d7935a38fa6ec015612a651075c63c5ca16e6ee1edeafb77d4ce8eaef01f"
    },
    {
      "path": "js/fable_modules/fable-library-js.5.13.0/README.md",
      "type": "File",
      "mode": 484,
      "size": 90,
      "sha256": "53f38c305142b992d30cb753dba8859d4bce750f95831eb6ef086affb549d6c0"
    },
    {
      "path": "js/fable_modules/fable-library-js.5.13.0/Random.js",
      "type": "File",
      "mode": 484,
      "size": 5901,
      "sha256": "78ab9bb0b7401e2960f479828684c2d4aad9efa685f7fd354bc63f03a2dfb1b2"
    },
    {
      "path": "js/fable_modules/fable-library-js.5.13.0/Range.js",
      "type": "File",
      "mode": 484,
      "size": 1977,
      "sha256": "d9c52a8ce590ce0c7b3d137a2fe18545b3c5a981b2682e072c3c854425e25129"
    },
    {
      "path": "js/fable_modules/fable-library-js.5.13.0/Reflection.js",
      "type": "File",
      "mode": 484,
      "size": 15806,
      "sha256": "ccac613d280c782d91d0b16c96f3b338495158deb42f1768b0b5a697e3c0bf49"
    },
    {
      "path": "js/fable_modules/fable-library-js.5.13.0/RegExp.js",
      "type": "File",
      "mode": 484,
      "size": 6773,
      "sha256": "4d4ab2bfa9c8b9ead840811179e1bfd46bbf5e2c597cf6069c6a35138fd369c9"
    },
    {
      "path": "js/fable_modules/fable-library-js.5.13.0/Result.js",
      "type": "File",
      "mode": 484,
      "size": 3980,
      "sha256": "f86013cfe7b0792dfdb24c2af0fe3e68fd426cd0583d41088e903983beb6c147"
    },
    {
      "path": "js/fable_modules/fable-library-js.5.13.0/Seq.js",
      "type": "File",
      "mode": 484,
      "size": 47978,
      "sha256": "a95955ecade754849668d8c91a5717a0be9748163dc48680c7c79c2de7d46137"
    },
    {
      "path": "js/fable_modules/fable-library-js.5.13.0/Seq2.js",
      "type": "File",
      "mode": 484,
      "size": 4298,
      "sha256": "c62a9393ce48433e2133cc7bd5587222408b27e1e41bd1aaa0638aa577513a73"
    },
    {
      "path": "js/fable_modules/fable-library-js.5.13.0/Set.js",
      "type": "File",
      "mode": 484,
      "size": 75290,
      "sha256": "6e0e8f0bd97a5a836c96559670769778d0753bb747aceb34d3e53972d59500ba"
    },
    {
      "path": "js/fable_modules/fable-library-js.5.13.0/String.js",
      "type": "File",
      "mode": 484,
      "size": 27231,
      "sha256": "e2b8a8a250c080b150b1776faa209c2e3dbf477c2d351ada4d5556266660563e"
    },
    {
      "path": "js/fable_modules/fable-library-js.5.13.0/System.Collections.Generic.js",
      "type": "File",
      "mode": 484,
      "size": 10920,
      "sha256": "391bf6978fa9b33c42b2fc211faa05a794490273d683390b08d63cf7960e3937"
    },
    {
      "path": "js/fable_modules/fable-library-js.5.13.0/System.Text.js",
      "type": "File",
      "mode": 484,
      "size": 6410,
      "sha256": "8cf221c55442d22923bda93b395079630e94cc634049d2676b6974c123dbf548"
    },
    {
      "path": "js/fable_modules/fable-library-js.5.13.0/System.js",
      "type": "File",
      "mode": 484,
      "size": 11901,
      "sha256": "5d0041e6b600c63adf3ee94d0bdecfca4cdb1389b3f82057252097052615a287"
    },
    {
      "path": "js/fable_modules/fable-library-js.5.13.0/Task.js",
      "type": "File",
      "mode": 484,
      "size": 858,
      "sha256": "0bcf1db04cb5f6cfde1bf1a67dcaebfc352466cb736106161677f522f509c516"
    },
    {
      "path": "js/fable_modules/fable-library-js.5.13.0/TaskBuilder.js",
      "type": "File",
      "mode": 484,
      "size": 1808,
      "sha256": "0c27901317f1b8d008ec6117740c2935dae598dc5558f02c18e49b2d64698a0e"
    },
    {
      "path": "js/fable_modules/fable-library-js.5.13.0/TimeOnly.js",
      "type": "File",
      "mode": 484,
      "size": 4030,
      "sha256": "96e211c27a8d14005e30de2c20fc2f32e0c830b77c88a22e88b8ebf28dcd0074"
    },
    {
      "path": "js/fable_modules/fable-library-js.5.13.0/TimeSpan.js",
      "type": "File",
      "mode": 484,
      "size": 5874,
      "sha256": "24efbb373f1573903717777f2f304d060c481d2d2451ec9c7da1f1d548a8ec93"
    },
    {
      "path": "js/fable_modules/fable-library-js.5.13.0/Timer.js",
      "type": "File",
      "mode": 484,
      "size": 1967,
      "sha256": "473438af77823bb18937cd45fd63ee1142d968eb4ee66651a4ffdc3d47f9960e"
    },
    {
      "path": "js/fable_modules/fable-library-js.5.13.0/Types.js",
      "type": "File",
      "mode": 484,
      "size": 5984,
      "sha256": "67310adfc7751c8f129dca6bb036dd240ceca5e8c6c77fcfc2f9ca23294d6703"
    },
    {
      "path": "js/fable_modules/fable-library-js.5.13.0/Unicode.13.0.0.js",
      "type": "File",
      "mode": 484,
      "size": 8089,
      "sha256": "8d60cb3a1a71f44911dbcd2608dd6bc535a953dc042f385eb5a12e7ab8aaf72b"
    },
    {
      "path": "js/fable_modules/fable-library-js.5.13.0/Uri.js",
      "type": "File",
      "mode": 484,
      "size": 5315,
      "sha256": "d9687f7015c20efb2b0fc0d985ef17547fc745490b4d16fd46e0c481fca93b89"
    },
    {
      "path": "js/fable_modules/fable-library-js.5.13.0/Util.js",
      "type": "File",
      "mode": 484,
      "size": 24468,
      "sha256": "9ecb09e66209ff1fd501bc6cf8b4991fa200fc4d31e3f350c4d1f63626a39a9b"
    },
    {
      "path": "js/fable_modules/fable-library-js.5.13.0/big.d.ts",
      "type": "File",
      "mode": 484,
      "size": 13955,
      "sha256": "8a04a265385fe8591fbcc25697fd5bfc475ad5b72c5322f10648b1925fb8469b"
    },
    {
      "path": "js/fable_modules/fable-library-js.5.13.0/lib",
      "type": "Directory",
      "mode": 493
    },
    {
      "path": "js/fable_modules/fable-library-js.5.13.0/lib/big.js",
      "type": "File",
      "mode": 484,
      "size": 25821,
      "sha256": "3a379f16d1845ebcc65c448dd9848b79234242795890ad80e5af02062e283d68"
    },
    {
      "path": "js/fable_modules/fable-library-js.5.13.0/package.json",
      "type": "File",
      "mode": 484,
      "size": 611,
      "sha256": "492820f544d3e2e9339f11f78affcf13ad41b7278cee71a035671b5f93dfd22b"
    },
    {
      "path": "js/fable_modules/fable-library-js.5.13.0/quotation.js",
      "type": "File",
      "mode": 484,
      "size": 23047,
      "sha256": "4e6b50c09d60d5bab3df6fb7746b94c1be30d5cd00a006400bfa47b0c777d215"
    },
    {
      "path": "nuget-plugins",
      "type": "Directory",
      "mode": 493
    },
    {
      "path": "nuget-scratch",
      "type": "Directory",
      "mode": 493
    },
    {
      "path": "packages",
      "type": "Directory",
      "mode": 493
    },
    {
      "path": "state",
      "type": "Directory",
      "mode": 493
    },
    {
      "path": "tmp",
      "type": "Directory",
      "mode": 493
    }
  ]
}
{"ownedRootExists":false}
