{"root":"/private/var/folders/g_/3ydzn7kx5lg9ylq8fd9p_13r0000gn/T/vibe-fs-project-restore-diagnostic-KFuMEi","sdkSource":"/opt/homebrew/Cellar/dotnet/10.0.302/libexec","boundary":"diagnostic only; selected package bytes originate in current live cache, not publisher-authenticated; no build/FCS scan/verify","packages":[{"id":"fsharp.core","version":"10.1.203","sha512":"97FbaR75afYTJW/eu1dyLUdns4FPW7WJ1XJ71N6ETTWcRmNQr6WAcBdd6RsRRuax6tvy6hF1JdFiBvWV6/zifQ=="},{"id":"fable.core","version":"5.0.0","sha512":"65IxKwus/l/ceVMKsB3z41Szb4+1Zj63muviXFEK/u0ixYQjQ/emnFQdwVba6TL4oXhX/8NuHdoEVO+6dBX1gA=="},{"id":"fstoolkit.errorhandling","version":"5.2.0","sha512":"PJ26PxiwVm4WIWs8hQCXgamI8beCdrxRK/UkO8wexwrtPLewUOXEhPmGjFJsL7PGztpvPRwbSIPCoZmTVxHNUw=="},{"id":"thoth.json","version":"10.5.1","sha512":"w4HNNEe8FhlH/+6F6AKTWReqmrg9Eba/eyTnz0nRE1VWRccBwyZYUad90uxua8MgvJS+wVLE4xtgMlL11S0rQQ=="}]}
{"name":"A-config-only","command":["/private/var/folders/g_/3ydzn7kx5lg9ylq8fd9p_13r0000gn/T/vibe-fs-project-restore-diagnostic-KFuMEi/dotnet-sdk/dotnet","restore","/private/var/folders/g_/3ydzn7kx5lg9ylq8fd9p_13r0000gn/T/vibe-fs-project-restore-diagnostic-KFuMEi/A-config-only/src/Wanxiangshu/Wanxiangshu.Owner.dispatch-protocol.foundation-identity.fsproj","--configfile","/private/var/folders/g_/3ydzn7kx5lg9ylq8fd9p_13r0000gn/T/vibe-fs-project-restore-diagnostic-KFuMEi/A-config-only/NuGet.Config","--disable-parallel","--verbosity","minimal","--use-lock-file","-p:NuGetAudit=false"],"cwd":"/private/var/folders/g_/3ydzn7kx5lg9ylq8fd9p_13r0000gn/T/vibe-fs-project-restore-diagnostic-KFuMEi/A-config-only"}
Determining projects to restore...
  Restored /private/var/folders/g_/3ydzn7kx5lg9ylq8fd9p_13r0000gn/T/vibe-fs-project-restore-diagnostic-KFuMEi/A-config-only/src/Wanxiangshu/Wanxiangshu.Owner.dispatch-protocol.foundation-identity.fsproj (in 157 ms).
{
  "name": "A-config-only",
  "assetsVersion": 4,
  "packageFolders": {
    "/private/var/folders/g_/3ydzn7kx5lg9ylq8fd9p_13r0000gn/T/vibe-fs-project-restore-diagnostic-KFuMEi/A-config-only/packages": {}
  },
  "configFilePaths": [
    "/private/var/folders/g_/3ydzn7kx5lg9ylq8fd9p_13r0000gn/T/vibe-fs-project-restore-diagnostic-KFuMEi/A-config-only/NuGet.Config"
  ],
  "sources": [
    "/private/var/folders/g_/3ydzn7kx5lg9ylq8fd9p_13r0000gn/T/vibe-fs-project-restore-diagnostic-KFuMEi/A-config-only/feed",
    "/private/var/folders/g_/3ydzn7kx5lg9ylq8fd9p_13r0000gn/T/vibe-fs-project-restore-diagnostic-KFuMEi/dotnet-sdk/library-packs",
    "/private/var/folders/g_/3ydzn7kx5lg9ylq8fd9p_13r0000gn/T/vibe-fs-project-restore-diagnostic-KFuMEi/dotnet-sdk/sdk/10.0.302/FSharp/library-packs"
  ],
  "restoreFallbackFolders": [],
  "requestedDependencies": {
    "FSharp.Core": {
      "target": "Package",
      "version": "[10.1.203, )",
      "generatePathProperty": true
    },
    "Fable.Core": {
      "target": "Package",
      "version": "[5.0.0, )",
      "generatePathProperty": true
    },
    "FsToolkit.ErrorHandling": {
      "target": "Package",
      "version": "[5.2.0, )",
      "generatePathProperty": true
    },
    "Thoth.Json": {
      "target": "Package",
      "version": "[10.5.1, )",
      "generatePathProperty": true
    }
  },
  "libraries": {
    "Fable.Core/5.0.0": {
      "sha512": "pJOXJjfhjvNa1cgtF+klgR3DxQI7x9D/fFzZbjUBZLBJyYIioPsTFsKUnIOqNdCq1Oby9lINUSwnL4TqspMQOA==",
      "type": "package",
      "path": "fable.core/5.0.0"
    },
    "FSharp.Core/10.1.203": {
      "sha512": "I2MFk72yHqfgI594gKFigq8PVIso0Mh1ZUgG9R4n8gyYQ4IwpBxmvecfjnKA7iMLdVHYULB70PsLwYW/K76gew==",
      "type": "package",
      "path": "fsharp.core/10.1.203"
    },
    "FsToolkit.ErrorHandling/5.2.0": {
      "sha512": "Y7NfN1gDJ5eOANmi8/aEjGHTWrJOYyqwmgtdA3BIZggd0Ph0IIsbewtgNaLkDYFGgkKw6mGlk0iw4RZ2ZRKZhA==",
      "type": "package",
      "path": "fstoolkit.errorhandling/5.2.0"
    },
    "Thoth.Json/10.5.1": {
      "sha512": "HMh+zRyOhz7ASGNLgcSQFsrZWv4mcMZfqIsya0aQ2ixFWZpav9RRvYR5C9tL33qmRDX4n+73Bpo6brSfUQ4nQA==",
      "type": "package",
      "path": "thoth.json/10.5.1"
    }
  },
  "graph": {
    "net10.0": {
      "Fable.Core/5.0.0": {
        "type": "package",
        "dependencies": {
          "FSharp.Core": "4.7.2"
        },
        "compile": [
          "lib/netstandard2.0/Fable.Core.dll"
        ],
        "runtime": [
          "lib/netstandard2.0/Fable.Core.dll"
        ],
        "frameworkReferences": []
      },
      "FSharp.Core/10.1.203": {
        "type": "package",
        "dependencies": {},
        "compile": [
          "lib/netstandard2.1/FSharp.Core.dll"
        ],
        "runtime": [
          "lib/netstandard2.1/FSharp.Core.dll"
        ],
        "frameworkReferences": []
      },
      "FsToolkit.ErrorHandling/5.2.0": {
        "type": "package",
        "dependencies": {
          "FSharp.Core": "9.0.300"
        },
        "compile": [
          "lib/net9.0/FsToolkit.ErrorHandling.dll"
        ],
        "runtime": [
          "lib/net9.0/FsToolkit.ErrorHandling.dll"
        ],
        "frameworkReferences": []
      },
      "Thoth.Json/10.5.1": {
        "type": "package",
        "dependencies": {
          "FSharp.Core": "10.1.203",
          "Fable.Core": "5.0.0"
        },
        "compile": [
          "lib/netstandard2.0/Thoth.Json.dll"
        ],
        "runtime": [
          "lib/netstandard2.0/Thoth.Json.dll"
        ],
        "frameworkReferences": []
      }
    }
  },
  "lock": {
    "version": 1,
    "dependencies": {
      "net10.0": {
        "Fable.Core": {
          "type": "Direct",
          "requested": "[5.0.0, )",
          "resolved": "5.0.0",
          "contentHash": "pJOXJjfhjvNa1cgtF+klgR3DxQI7x9D/fFzZbjUBZLBJyYIioPsTFsKUnIOqNdCq1Oby9lINUSwnL4TqspMQOA==",
          "dependencies": {
            "FSharp.Core": "4.7.2"
          }
        },
        "FSharp.Core": {
          "type": "Direct",
          "requested": "[10.1.203, )",
          "resolved": "10.1.203",
          "contentHash": "I2MFk72yHqfgI594gKFigq8PVIso0Mh1ZUgG9R4n8gyYQ4IwpBxmvecfjnKA7iMLdVHYULB70PsLwYW/K76gew=="
        },
        "FsToolkit.ErrorHandling": {
          "type": "Direct",
          "requested": "[5.2.0, )",
          "resolved": "5.2.0",
          "contentHash": "Y7NfN1gDJ5eOANmi8/aEjGHTWrJOYyqwmgtdA3BIZggd0Ph0IIsbewtgNaLkDYFGgkKw6mGlk0iw4RZ2ZRKZhA==",
          "dependencies": {
            "FSharp.Core": "9.0.300"
          }
        },
        "Thoth.Json": {
          "type": "Direct",
          "requested": "[10.5.1, )",
          "resolved": "10.5.1",
          "contentHash": "HMh+zRyOhz7ASGNLgcSQFsrZWv4mcMZfqIsya0aQ2ixFWZpav9RRvYR5C9tL33qmRDX4n+73Bpo6brSfUQ4nQA==",
          "dependencies": {
            "FSharp.Core": "10.1.203",
            "Fable.Core": "5.0.0"
          }
        }
      }
    }
  }
}
{"name":"A-config-only","lockedMode":"success","stdout":"Determining projects to restore...\n  Restored /private/var/folders/g_/3ydzn7kx5lg9ylq8fd9p_13r0000gn/T/vibe-fs-project-restore-diagnostic-KFuMEi/A-config-only/src/Wanxiangshu/Wanxiangshu.Owner.dispatch-protocol.foundation-identity.fsproj (in 75 ms)."}
{"name":"B-explicit-source-and-empty-additions","command":["/private/var/folders/g_/3ydzn7kx5lg9ylq8fd9p_13r0000gn/T/vibe-fs-project-restore-diagnostic-KFuMEi/dotnet-sdk/dotnet","restore","/private/var/folders/g_/3ydzn7kx5lg9ylq8fd9p_13r0000gn/T/vibe-fs-project-restore-diagnostic-KFuMEi/B-explicit-source-and-empty-additions/src/Wanxiangshu/Wanxiangshu.Owner.dispatch-protocol.foundation-identity.fsproj","--configfile","/private/var/folders/g_/3ydzn7kx5lg9ylq8fd9p_13r0000gn/T/vibe-fs-project-restore-diagnostic-KFuMEi/B-explicit-source-and-empty-additions/NuGet.Config","--disable-parallel","--verbosity","minimal","--use-lock-file","-p:NuGetAudit=false","-p:RestoreSources=/private/var/folders/g_/3ydzn7kx5lg9ylq8fd9p_13r0000gn/T/vibe-fs-project-restore-diagnostic-KFuMEi/B-explicit-source-and-empty-additions/feed","-p:RestoreAdditionalProjectSources=","-p:RestoreFallbackFolders=","-p:RestoreAdditionalProjectFallbackFolders="],"cwd":"/private/var/folders/g_/3ydzn7kx5lg9ylq8fd9p_13r0000gn/T/vibe-fs-project-restore-diagnostic-KFuMEi/B-explicit-source-and-empty-additions"}
Determining projects to restore...
  Restored /private/var/folders/g_/3ydzn7kx5lg9ylq8fd9p_13r0000gn/T/vibe-fs-project-restore-diagnostic-KFuMEi/B-explicit-source-and-empty-additions/src/Wanxiangshu/Wanxiangshu.Owner.dispatch-protocol.foundation-identity.fsproj (in 154 ms).
{
  "name": "B-explicit-source-and-empty-additions",
  "assetsVersion": 4,
  "packageFolders": {
    "/private/var/folders/g_/3ydzn7kx5lg9ylq8fd9p_13r0000gn/T/vibe-fs-project-restore-diagnostic-KFuMEi/B-explicit-source-and-empty-additions/packages": {}
  },
  "configFilePaths": [
    "/private/var/folders/g_/3ydzn7kx5lg9ylq8fd9p_13r0000gn/T/vibe-fs-project-restore-diagnostic-KFuMEi/B-explicit-source-and-empty-additions/NuGet.Config"
  ],
  "sources": [
    "/private/var/folders/g_/3ydzn7kx5lg9ylq8fd9p_13r0000gn/T/vibe-fs-project-restore-diagnostic-KFuMEi/B-explicit-source-and-empty-additions/feed",
    "/private/var/folders/g_/3ydzn7kx5lg9ylq8fd9p_13r0000gn/T/vibe-fs-project-restore-diagnostic-KFuMEi/dotnet-sdk/library-packs",
    "/private/var/folders/g_/3ydzn7kx5lg9ylq8fd9p_13r0000gn/T/vibe-fs-project-restore-diagnostic-KFuMEi/dotnet-sdk/sdk/10.0.302/FSharp/library-packs"
  ],
  "restoreFallbackFolders": [],
  "requestedDependencies": {
    "FSharp.Core": {
      "target": "Package",
      "version": "[10.1.203, )",
      "generatePathProperty": true
    },
    "Fable.Core": {
      "target": "Package",
      "version": "[5.0.0, )",
      "generatePathProperty": true
    },
    "FsToolkit.ErrorHandling": {
      "target": "Package",
      "version": "[5.2.0, )",
      "generatePathProperty": true
    },
    "Thoth.Json": {
      "target": "Package",
      "version": "[10.5.1, )",
      "generatePathProperty": true
    }
  },
  "libraries": {
    "Fable.Core/5.0.0": {
      "sha512": "pJOXJjfhjvNa1cgtF+klgR3DxQI7x9D/fFzZbjUBZLBJyYIioPsTFsKUnIOqNdCq1Oby9lINUSwnL4TqspMQOA==",
      "type": "package",
      "path": "fable.core/5.0.0"
    },
    "FSharp.Core/10.1.203": {
      "sha512": "I2MFk72yHqfgI594gKFigq8PVIso0Mh1ZUgG9R4n8gyYQ4IwpBxmvecfjnKA7iMLdVHYULB70PsLwYW/K76gew==",
      "type": "package",
      "path": "fsharp.core/10.1.203"
    },
    "FsToolkit.ErrorHandling/5.2.0": {
      "sha512": "Y7NfN1gDJ5eOANmi8/aEjGHTWrJOYyqwmgtdA3BIZggd0Ph0IIsbewtgNaLkDYFGgkKw6mGlk0iw4RZ2ZRKZhA==",
      "type": "package",
      "path": "fstoolkit.errorhandling/5.2.0"
    },
    "Thoth.Json/10.5.1": {
      "sha512": "HMh+zRyOhz7ASGNLgcSQFsrZWv4mcMZfqIsya0aQ2ixFWZpav9RRvYR5C9tL33qmRDX4n+73Bpo6brSfUQ4nQA==",
      "type": "package",
      "path": "thoth.json/10.5.1"
    }
  },
  "graph": {
    "net10.0": {
      "Fable.Core/5.0.0": {
        "type": "package",
        "dependencies": {
          "FSharp.Core": "4.7.2"
        },
        "compile": [
          "lib/netstandard2.0/Fable.Core.dll"
        ],
        "runtime": [
          "lib/netstandard2.0/Fable.Core.dll"
        ],
        "frameworkReferences": []
      },
      "FSharp.Core/10.1.203": {
        "type": "package",
        "dependencies": {},
        "compile": [
          "lib/netstandard2.1/FSharp.Core.dll"
        ],
        "runtime": [
          "lib/netstandard2.1/FSharp.Core.dll"
        ],
        "frameworkReferences": []
      },
      "FsToolkit.ErrorHandling/5.2.0": {
        "type": "package",
        "dependencies": {
          "FSharp.Core": "9.0.300"
        },
        "compile": [
          "lib/net9.0/FsToolkit.ErrorHandling.dll"
        ],
        "runtime": [
          "lib/net9.0/FsToolkit.ErrorHandling.dll"
        ],
        "frameworkReferences": []
      },
      "Thoth.Json/10.5.1": {
        "type": "package",
        "dependencies": {
          "FSharp.Core": "10.1.203",
          "Fable.Core": "5.0.0"
        },
        "compile": [
          "lib/netstandard2.0/Thoth.Json.dll"
        ],
        "runtime": [
          "lib/netstandard2.0/Thoth.Json.dll"
        ],
        "frameworkReferences": []
      }
    }
  },
  "lock": {
    "version": 1,
    "dependencies": {
      "net10.0": {
        "Fable.Core": {
          "type": "Direct",
          "requested": "[5.0.0, )",
          "resolved": "5.0.0",
          "contentHash": "pJOXJjfhjvNa1cgtF+klgR3DxQI7x9D/fFzZbjUBZLBJyYIioPsTFsKUnIOqNdCq1Oby9lINUSwnL4TqspMQOA==",
          "dependencies": {
            "FSharp.Core": "4.7.2"
          }
        },
        "FSharp.Core": {
          "type": "Direct",
          "requested": "[10.1.203, )",
          "resolved": "10.1.203",
          "contentHash": "I2MFk72yHqfgI594gKFigq8PVIso0Mh1ZUgG9R4n8gyYQ4IwpBxmvecfjnKA7iMLdVHYULB70PsLwYW/K76gew=="
        },
        "FsToolkit.ErrorHandling": {
          "type": "Direct",
          "requested": "[5.2.0, )",
          "resolved": "5.2.0",
          "contentHash": "Y7NfN1gDJ5eOANmi8/aEjGHTWrJOYyqwmgtdA3BIZggd0Ph0IIsbewtgNaLkDYFGgkKw6mGlk0iw4RZ2ZRKZhA==",
          "dependencies": {
            "FSharp.Core": "9.0.300"
          }
        },
        "Thoth.Json": {
          "type": "Direct",
          "requested": "[10.5.1, )",
          "resolved": "10.5.1",
          "contentHash": "HMh+zRyOhz7ASGNLgcSQFsrZWv4mcMZfqIsya0aQ2ixFWZpav9RRvYR5C9tL33qmRDX4n+73Bpo6brSfUQ4nQA==",
          "dependencies": {
            "FSharp.Core": "10.1.203",
            "Fable.Core": "5.0.0"
          }
        }
      }
    }
  }
}
{"name":"B-explicit-source-and-empty-additions","lockedMode":"success","stdout":"Determining projects to restore...\n  Restored /private/var/folders/g_/3ydzn7kx5lg9ylq8fd9p_13r0000gn/T/vibe-fs-project-restore-diagnostic-KFuMEi/B-explicit-source-and-empty-additions/src/Wanxiangshu/Wanxiangshu.Owner.dispatch-protocol.foundation-identity.fsproj (in 75 ms)."}
{"name":"C-disabled-implicit-library-packs","command":["/private/var/folders/g_/3ydzn7kx5lg9ylq8fd9p_13r0000gn/T/vibe-fs-project-restore-diagnostic-KFuMEi/dotnet-sdk/dotnet","restore","/private/var/folders/g_/3ydzn7kx5lg9ylq8fd9p_13r0000gn/T/vibe-fs-project-restore-diagnostic-KFuMEi/C-disabled-implicit-library-packs/src/Wanxiangshu/Wanxiangshu.Owner.dispatch-protocol.foundation-identity.fsproj","--configfile","/private/var/folders/g_/3ydzn7kx5lg9ylq8fd9p_13r0000gn/T/vibe-fs-project-restore-diagnostic-KFuMEi/C-disabled-implicit-library-packs/NuGet.Config","--disable-parallel","--verbosity","minimal","--use-lock-file","-p:NuGetAudit=false","-p:RestoreSources=/private/var/folders/g_/3ydzn7kx5lg9ylq8fd9p_13r0000gn/T/vibe-fs-project-restore-diagnostic-KFuMEi/C-disabled-implicit-library-packs/feed","-p:RestoreAdditionalProjectSources=","-p:RestoreFallbackFolders=","-p:RestoreAdditionalProjectFallbackFolders=","-p:DisableImplicitLibraryPacksFolder=true","-p:DisableImplicitNuGetFallbackFolder=true"],"cwd":"/private/var/folders/g_/3ydzn7kx5lg9ylq8fd9p_13r0000gn/T/vibe-fs-project-restore-diagnostic-KFuMEi/C-disabled-implicit-library-packs"}
Determining projects to restore...
  Restored /private/var/folders/g_/3ydzn7kx5lg9ylq8fd9p_13r0000gn/T/vibe-fs-project-restore-diagnostic-KFuMEi/C-disabled-implicit-library-packs/src/Wanxiangshu/Wanxiangshu.Owner.dispatch-protocol.foundation-identity.fsproj (in 153 ms).
{
  "name": "C-disabled-implicit-library-packs",
  "assetsVersion": 4,
  "packageFolders": {
    "/private/var/folders/g_/3ydzn7kx5lg9ylq8fd9p_13r0000gn/T/vibe-fs-project-restore-diagnostic-KFuMEi/C-disabled-implicit-library-packs/packages": {}
  },
  "configFilePaths": [
    "/private/var/folders/g_/3ydzn7kx5lg9ylq8fd9p_13r0000gn/T/vibe-fs-project-restore-diagnostic-KFuMEi/C-disabled-implicit-library-packs/NuGet.Config"
  ],
  "sources": [
    "/private/var/folders/g_/3ydzn7kx5lg9ylq8fd9p_13r0000gn/T/vibe-fs-project-restore-diagnostic-KFuMEi/C-disabled-implicit-library-packs/feed"
  ],
  "restoreFallbackFolders": [],
  "requestedDependencies": {
    "FSharp.Core": {
      "target": "Package",
      "version": "[10.1.203, )",
      "generatePathProperty": true
    },
    "Fable.Core": {
      "target": "Package",
      "version": "[5.0.0, )",
      "generatePathProperty": true
    },
    "FsToolkit.ErrorHandling": {
      "target": "Package",
      "version": "[5.2.0, )",
      "generatePathProperty": true
    },
    "Thoth.Json": {
      "target": "Package",
      "version": "[10.5.1, )",
      "generatePathProperty": true
    }
  },
  "libraries": {
    "Fable.Core/5.0.0": {
      "sha512": "pJOXJjfhjvNa1cgtF+klgR3DxQI7x9D/fFzZbjUBZLBJyYIioPsTFsKUnIOqNdCq1Oby9lINUSwnL4TqspMQOA==",
      "type": "package",
      "path": "fable.core/5.0.0"
    },
    "FSharp.Core/10.1.203": {
      "sha512": "I2MFk72yHqfgI594gKFigq8PVIso0Mh1ZUgG9R4n8gyYQ4IwpBxmvecfjnKA7iMLdVHYULB70PsLwYW/K76gew==",
      "type": "package",
      "path": "fsharp.core/10.1.203"
    },
    "FsToolkit.ErrorHandling/5.2.0": {
      "sha512": "Y7NfN1gDJ5eOANmi8/aEjGHTWrJOYyqwmgtdA3BIZggd0Ph0IIsbewtgNaLkDYFGgkKw6mGlk0iw4RZ2ZRKZhA==",
      "type": "package",
      "path": "fstoolkit.errorhandling/5.2.0"
    },
    "Thoth.Json/10.5.1": {
      "sha512": "HMh+zRyOhz7ASGNLgcSQFsrZWv4mcMZfqIsya0aQ2ixFWZpav9RRvYR5C9tL33qmRDX4n+73Bpo6brSfUQ4nQA==",
      "type": "package",
      "path": "thoth.json/10.5.1"
    }
  },
  "graph": {
    "net10.0": {
      "Fable.Core/5.0.0": {
        "type": "package",
        "dependencies": {
          "FSharp.Core": "4.7.2"
        },
        "compile": [
          "lib/netstandard2.0/Fable.Core.dll"
        ],
        "runtime": [
          "lib/netstandard2.0/Fable.Core.dll"
        ],
        "frameworkReferences": []
      },
      "FSharp.Core/10.1.203": {
        "type": "package",
        "dependencies": {},
        "compile": [
          "lib/netstandard2.1/FSharp.Core.dll"
        ],
        "runtime": [
          "lib/netstandard2.1/FSharp.Core.dll"
        ],
        "frameworkReferences": []
      },
      "FsToolkit.ErrorHandling/5.2.0": {
        "type": "package",
        "dependencies": {
          "FSharp.Core": "9.0.300"
        },
        "compile": [
          "lib/net9.0/FsToolkit.ErrorHandling.dll"
        ],
        "runtime": [
          "lib/net9.0/FsToolkit.ErrorHandling.dll"
        ],
        "frameworkReferences": []
      },
      "Thoth.Json/10.5.1": {
        "type": "package",
        "dependencies": {
          "FSharp.Core": "10.1.203",
          "Fable.Core": "5.0.0"
        },
        "compile": [
          "lib/netstandard2.0/Thoth.Json.dll"
        ],
        "runtime": [
          "lib/netstandard2.0/Thoth.Json.dll"
        ],
        "frameworkReferences": []
      }
    }
  },
  "lock": {
    "version": 1,
    "dependencies": {
      "net10.0": {
        "Fable.Core": {
          "type": "Direct",
          "requested": "[5.0.0, )",
          "resolved": "5.0.0",
          "contentHash": "pJOXJjfhjvNa1cgtF+klgR3DxQI7x9D/fFzZbjUBZLBJyYIioPsTFsKUnIOqNdCq1Oby9lINUSwnL4TqspMQOA==",
          "dependencies": {
            "FSharp.Core": "4.7.2"
          }
        },
        "FSharp.Core": {
          "type": "Direct",
          "requested": "[10.1.203, )",
          "resolved": "10.1.203",
          "contentHash": "I2MFk72yHqfgI594gKFigq8PVIso0Mh1ZUgG9R4n8gyYQ4IwpBxmvecfjnKA7iMLdVHYULB70PsLwYW/K76gew=="
        },
        "FsToolkit.ErrorHandling": {
          "type": "Direct",
          "requested": "[5.2.0, )",
          "resolved": "5.2.0",
          "contentHash": "Y7NfN1gDJ5eOANmi8/aEjGHTWrJOYyqwmgtdA3BIZggd0Ph0IIsbewtgNaLkDYFGgkKw6mGlk0iw4RZ2ZRKZhA==",
          "dependencies": {
            "FSharp.Core": "9.0.300"
          }
        },
        "Thoth.Json": {
          "type": "Direct",
          "requested": "[10.5.1, )",
          "resolved": "10.5.1",
          "contentHash": "HMh+zRyOhz7ASGNLgcSQFsrZWv4mcMZfqIsya0aQ2ixFWZpav9RRvYR5C9tL33qmRDX4n+73Bpo6brSfUQ4nQA==",
          "dependencies": {
            "FSharp.Core": "10.1.203",
            "Fable.Core": "5.0.0"
          }
        }
      }
    }
  }
}
{"name":"C-disabled-implicit-library-packs","lockedMode":"success","stdout":"Determining projects to restore...\n  Restored /private/var/folders/g_/3ydzn7kx5lg9ylq8fd9p_13r0000gn/T/vibe-fs-project-restore-diagnostic-KFuMEi/C-disabled-implicit-library-packs/src/Wanxiangshu/Wanxiangshu.Owner.dispatch-protocol.foundation-identity.fsproj (in 90 ms)."}
{"ownedRootExists":false}
