TAP version 13
# Subtest: WHAT[verification-system-016] Fable compilation requires four prepared input owners before publishing an output
not ok 1 - WHAT[verification-system-016] Fable compilation requires four prepared input owners before publishing an output
  ---
  duration_ms: 1.740958
  type: 'test'
  location: '/Users/yuanxi/Workwork/vibe-fs/requirements/verification-system/tests/support/fable-project-tests.mjs:7:3'
  failureType: 'testCodeFailure'
  error: |-
    The validation function is expected to return "true". Received false
    
    Caught error:
    
    Error [ERR_MODULE_NOT_FOUND]: Cannot find module '/Users/yuanxi/Workwork/vibe-fs/scripts/lib/verification-fable-project.mjs' imported from /Users/yuanxi/Workwork/vibe-fs/requirements/verification-system/tests/support/fable-project-tests.mjs
  code: 'ERR_ASSERTION'
  name: 'AssertionError'
  expected: [Function (anonymous)]
  actual:
    url: 'file:///Users/yuanxi/Workwork/vibe-fs/scripts/lib/verification-fable-project.mjs'
  error: "Cannot find module '/Users/yuanxi/Workwork/vibe-fs/scripts/lib/verification-fable-project.mjs' imported from /Users/yuanxi/Workwork/vibe-fs/requirements/verification-system/tests/support/fable-project-tests.mjs"
  code: 'ERR_MODULE_NOT_FOUND'
  stack: |-
    finalizeResolution (node:internal/modules/esm/resolve:275:11)
    moduleResolve (node:internal/modules/esm/resolve:865:10)
    defaultResolve (node:internal/modules/esm/resolve:989:11)
    #cachedDefaultResolve (node:internal/modules/esm/loader:747:20)
    ModuleLoader.resolve (node:internal/modules/esm/loader:724:38)
    ModuleLoader.getModuleJobForImport (node:internal/modules/esm/loader:320:38)
    onImport.tracePromise.__proto__ (node:internal/modules/esm/loader:680:36)
    TracingChannel.tracePromise (node:diagnostics_channel:350:14)
    ModuleLoader.import (node:internal/modules/esm/loader:679:21)
    defaultImportModuleDynamicallyForModule (node:internal/modules/esm/utils:222:31)
  operator: 'rejects'
  stack: |-
    async TestContext.<anonymous> (file:///Users/yuanxi/Workwork/vibe-fs/requirements/verification-system/tests/support/fable-project-tests.mjs:8:5)
    async Test.run (node:internal/test_runner/test:1054:7)
    async startSubtestAfterBootstrap (node:internal/test_runner/harness:296:3)
  ...
1..1
# tests 1
# suites 0
# pass 0
# fail 1
# cancelled 0
# skipped 0
# todo 0
# duration_ms 7.876833
