TAP version 13
# fatal: .git/index: index file smaller than expected
# fatal: .git/index: index file smaller than expected
# fatal: .git/index: index file smaller than expected
# Subtest: WHAT[verification-system-016] the actual verification run binds its evidence to the same immutable candidate snapshot
ok 1 - WHAT[verification-system-016] the actual verification run binds its evidence to the same immutable candidate snapshot # TODO
  ---
  duration_ms: 4.56
  type: 'test'
  ...
# Subtest: WHAT[verification-system-016] a selected Git tree preserves complete raw source bytes and its own corpus inventory despite later workspace and index edits
not ok 2 - WHAT[verification-system-016] a selected Git tree preserves complete raw source bytes and its own corpus inventory despite later workspace and index edits
  ---
  duration_ms: 828.204125
  type: 'test'
  location: '/Users/yuanxi/Workwork/vibe-fs/requirements/verification-system/tests/016.test.mjs:39:1'
  failureType: 'testCodeFailure'
  error: "Cannot find module '/Users/yuanxi/Workwork/vibe-fs/scripts/lib/verification-source-candidate.mjs' imported from /Users/yuanxi/Workwork/vibe-fs/requirements/verification-system/tests/016.test.mjs"
  code: 'ERR_MODULE_NOT_FOUND'
  stack: |-
    finalizeResolution (node:internal/modules/esm/resolve:275:11)
    moduleResolve (node:internal/modules/esm/resolve:865:10)
    defaultResolve (node:internal/modules/esm/resolve:989:11)
    #cachedDefaultResolve (node:internal/modules/esm/loader:747:20)
    ModuleLoader.resolve (node:internal/modules/esm/loader:724:38)
    ModuleLoader.getModuleJobForImport (node:internal/modules/esm/loader:320:38)
    onImport.tracePromise.__proto__ (node:internal/modules/esm/loader:680:36)
    TracingChannel.tracePromise (node:diagnostics_channel:350:14)
    ModuleLoader.import (node:internal/modules/esm/loader:679:21)
    defaultImportModuleDynamicallyForModule (node:internal/modules/esm/utils:222:31)
  ...
# Subtest: WHAT[verification-system-016] source candidate identity is independent of location and binds executable mode
not ok 3 - WHAT[verification-system-016] source candidate identity is independent of location and binds executable mode
  ---
  duration_ms: 372.6675
  type: 'test'
  location: '/Users/yuanxi/Workwork/vibe-fs/requirements/verification-system/tests/016.test.mjs:79:1'
  failureType: 'testCodeFailure'
  error: "Cannot find module '/Users/yuanxi/Workwork/vibe-fs/scripts/lib/verification-source-candidate.mjs' imported from /Users/yuanxi/Workwork/vibe-fs/requirements/verification-system/tests/016.test.mjs"
  code: 'ERR_MODULE_NOT_FOUND'
  stack: |-
    finalizeResolution (node:internal/modules/esm/resolve:275:11)
    moduleResolve (node:internal/modules/esm/resolve:865:10)
    defaultResolve (node:internal/modules/esm/resolve:989:11)
    #cachedDefaultResolve (node:internal/modules/esm/loader:747:20)
    ModuleLoader.resolve (node:internal/modules/esm/loader:724:38)
    ModuleLoader.getModuleJobForImport (node:internal/modules/esm/loader:320:38)
    onImport.tracePromise.__proto__ (node:internal/modules/esm/loader:680:36)
    TracingChannel.tracePromise (node:diagnostics_channel:350:14)
    ModuleLoader.import (node:internal/modules/esm/loader:679:21)
    defaultImportModuleDynamicallyForModule (node:internal/modules/esm/utils:222:31)
  ...
# Subtest: WHAT[verification-system-016] source preparation rejects unsupported Git entry 120000 without publishing a candidate
not ok 4 - WHAT[verification-system-016] source preparation rejects unsupported Git entry 120000 without publishing a candidate
  ---
  duration_ms: 582.341542
  type: 'test'
  location: '/Users/yuanxi/Workwork/vibe-fs/requirements/verification-system/tests/016.test.mjs:103:3'
  failureType: 'testCodeFailure'
  error: |-
    The validation function is expected to return "true". Received false
    
    Caught error:
    
    Error [ERR_MODULE_NOT_FOUND]: Cannot find module '/Users/yuanxi/Workwork/vibe-fs/scripts/lib/verification-source-candidate.mjs' imported from /Users/yuanxi/Workwork/vibe-fs/requirements/verification-system/tests/016.test.mjs
  code: 'ERR_ASSERTION'
  name: 'AssertionError'
  stack: |-
    async TestContext.<anonymous> (file:///Users/yuanxi/Workwork/vibe-fs/requirements/verification-system/tests/016.test.mjs:112:7)
    async Test.run (node:internal/test_runner/test:1054:7)
    async Test.processPendingSubtests (node:internal/test_runner/test:744:7)
  ...
# Subtest: WHAT[verification-system-016] source preparation rejects unsupported Git entry 160000 without publishing a candidate
not ok 5 - WHAT[verification-system-016] source preparation rejects unsupported Git entry 160000 without publishing a candidate
  ---
  duration_ms: 652.764167
  type: 'test'
  location: '/Users/yuanxi/Workwork/vibe-fs/requirements/verification-system/tests/016.test.mjs:103:3'
  failureType: 'testCodeFailure'
  error: |-
    The validation function is expected to return "true". Received false
    
    Caught error:
    
    Error [ERR_MODULE_NOT_FOUND]: Cannot find module '/Users/yuanxi/Workwork/vibe-fs/scripts/lib/verification-source-candidate.mjs' imported from /Users/yuanxi/Workwork/vibe-fs/requirements/verification-system/tests/016.test.mjs
  code: 'ERR_ASSERTION'
  name: 'AssertionError'
  stack: |-
    async TestContext.<anonymous> (file:///Users/yuanxi/Workwork/vibe-fs/requirements/verification-system/tests/016.test.mjs:112:7)
    async Test.run (node:internal/test_runner/test:1054:7)
    async Test.processPendingSubtests (node:internal/test_runner/test:744:7)
  ...
# Subtest: WHAT[verification-system-016] missing selected blobs fail source preparation without falling back to working files
not ok 6 - WHAT[verification-system-016] missing selected blobs fail source preparation without falling back to working files
  ---
  duration_ms: 453.417167
  type: 'test'
  location: '/Users/yuanxi/Workwork/vibe-fs/requirements/verification-system/tests/016.test.mjs:122:1'
  failureType: 'testCodeFailure'
  error: |-
    The validation function is expected to return "true". Received false
    
    Caught error:
    
    Error [ERR_MODULE_NOT_FOUND]: Cannot find module '/Users/yuanxi/Workwork/vibe-fs/scripts/lib/verification-source-candidate.mjs' imported from /Users/yuanxi/Workwork/vibe-fs/requirements/verification-system/tests/016.test.mjs
  code: 'ERR_ASSERTION'
  name: 'AssertionError'
  stack: |-
    async TestContext.<anonymous> (file:///Users/yuanxi/Workwork/vibe-fs/requirements/verification-system/tests/016.test.mjs:130:5)
    async Test.run (node:internal/test_runner/test:1054:7)
    async Test.processPendingSubtests (node:internal/test_runner/test:744:7)
  ...
# Subtest: WHAT[verification-system-016] verification rejects an unsealed symbolic input at src before running stages
ok 7 - WHAT[verification-system-016] verification rejects an unsealed symbolic input at src before running stages
  ---
  duration_ms: 188.907125
  type: 'test'
  ...
# Subtest: WHAT[verification-system-016] verification rejects an unsealed symbolic input at .github before running stages
ok 8 - WHAT[verification-system-016] verification rejects an unsealed symbolic input at .github before running stages
  ---
  duration_ms: 147.411125
  type: 'test'
  ...
# Subtest: WHAT[verification-system-016] verification rejects an unsealed symbolic input at package.json before running stages
ok 9 - WHAT[verification-system-016] verification rejects an unsealed symbolic input at package.json before running stages
  ---
  duration_ms: 140.796958
  type: 'test'
  ...
# Subtest: WHAT[verification-system-016] verification rejects an unsealed symbolic input at resources/linked.txt before running stages
ok 10 - WHAT[verification-system-016] verification rejects an unsealed symbolic input at resources/linked.txt before running stages
  ---
  duration_ms: 187.404917
  type: 'test'
  ...
# Subtest: WHAT[verification-system-016] verification rejects an unsealed symbolic input at requirements/p/linked before running stages
ok 11 - WHAT[verification-system-016] verification rejects an unsealed symbolic input at requirements/p/linked before running stages
  ---
  duration_ms: 151.234583
  type: 'test'
  ...
# Subtest: WHAT[verification-system-016] verification rejects an unsealed symbolic input at resources/obj before running stages
ok 12 - WHAT[verification-system-016] verification rejects an unsealed symbolic input at resources/obj before running stages
  ---
  duration_ms: 141.124333
  type: 'test'
  ...
# Subtest: WHAT[verification-system-016] output directory names do not exclude ordinary input files, while root output links stay outside the closure
ok 13 - WHAT[verification-system-016] output directory names do not exclude ordinary input files, while root output links stay outside the closure
  ---
  duration_ms: 322.628583
  type: 'test'
  ...
# Subtest: WHAT[verification-system-016] tracked corpus rejects a symbolic file outside ordinary input roots
ok 14 - WHAT[verification-system-016] tracked corpus rejects a symbolic file outside ordinary input roots
  ---
  duration_ms: 463.481375
  type: 'test'
  ...
# Subtest: WHAT[verification-system-016] tracked corpus rejects a symbolic ancestor outside ordinary input roots
ok 15 - WHAT[verification-system-016] tracked corpus rejects a symbolic ancestor outside ordinary input roots
  ---
  duration_ms: 456.151542
  type: 'test'
  ...
# Subtest: WHAT[verification-system-016] tracked corpus rejects a dangling symbolic file outside ordinary input roots
ok 16 - WHAT[verification-system-016] tracked corpus rejects a dangling symbolic file outside ordinary input roots
  ---
  duration_ms: 424.23425
  type: 'test'
  ...
# Subtest: WHAT[verification-system-016] tracked corpus rejects a dangling symbolic ancestor outside ordinary input roots
ok 17 - WHAT[verification-system-016] tracked corpus rejects a dangling symbolic ancestor outside ordinary input roots
  ---
  duration_ms: 434.574333
  type: 'test'
  ...
# Subtest: WHAT[verification-system-016] tracked corpus proposals contribute their actual content to verification inputs
ok 18 - WHAT[verification-system-016] tracked corpus proposals contribute their actual content to verification inputs
  ---
  duration_ms: 513.634083
  type: 'test'
  ...
# Subtest: WHAT[verification-system-016] corpus tracking addition changes verification identity without changing file bytes
ok 19 - WHAT[verification-system-016] corpus tracking addition changes verification identity without changing file bytes
  ---
  duration_ms: 626.117958
  type: 'test'
  ...
# Subtest: WHAT[verification-system-016] corpus tracking removal changes verification identity without changing file bytes
ok 20 - WHAT[verification-system-016] corpus tracking removal changes verification identity without changing file bytes
  ---
  duration_ms: 770.771416
  type: 'test'
  ...
# Subtest: WHAT[verification-system-016] collectGeneratedInputs rejects failed Git corpus inventory
ok 21 - WHAT[verification-system-016] collectGeneratedInputs rejects failed Git corpus inventory
  ---
  duration_ms: 191.28475
  type: 'test'
  ...
# Subtest: WHAT[verification-system-016] collectVerificationInputs rejects failed Git corpus inventory
ok 22 - WHAT[verification-system-016] collectVerificationInputs rejects failed Git corpus inventory
  ---
  duration_ms: 252.041417
  type: 'test'
  ...
# Subtest: WHAT[verification-system-016] failed Git corpus inventory stops verification before any stage starts
ok 23 - WHAT[verification-system-016] failed Git corpus inventory stops verification before any stage starts
  ---
  duration_ms: 242.599375
  type: 'test'
  ...
# Subtest: WHAT[verification-system-016] collectVerificationInputs collects expected relative paths and diff detects mutations
ok 24 - WHAT[verification-system-016] collectVerificationInputs collects expected relative paths and diff detects mutations
  ---
  duration_ms: 690.371459
  type: 'test'
  ...
# Subtest: WHAT[verification-system-016] verify detects mid-flight inputs change via runStep perturbation and halts with fail
ok 25 - WHAT[verification-system-016] verify detects mid-flight inputs change via runStep perturbation and halts with fail
  ---
  duration_ms: 1361.481792
  type: 'test'
  ...
# Subtest: WHAT[verification-system-016] verify with isolated logDirectory creates run dir and latest link without touching repo root
ok 26 - WHAT[verification-system-016] verify with isolated logDirectory creates run dir and latest link without touching repo root
  ---
  duration_ms: 826.949708
  type: 'test'
  ...
# Subtest: WHAT[verification-system-016] a detected step-boundary mutation prevents later steps
ok 27 - WHAT[verification-system-016] a detected step-boundary mutation prevents later steps
  ---
  duration_ms: 357.813041
  type: 'test'
  ...
# Subtest: WHAT[verification-system-016] a mutation restored within one step still invalidates the run
not ok 28 - WHAT[verification-system-016] a mutation restored within one step still invalidates the run # TODO D2: fixed isolated inputs selected; current runner still uses mutable inputs and step-boundary hashes miss this counterexample
  ---
  duration_ms: 761.178209
  type: 'test'
  location: '/Users/yuanxi/Workwork/vibe-fs/requirements/verification-system/tests/016.test.mjs:516:1'
  failureType: 'testCodeFailure'
  error: |-
    changing and restoring an input is not a stable verification run
    
    0 !== 1
    
  code: 'ERR_ASSERTION'
  name: 'AssertionError'
  expected: 1
  actual: 0
  operator: 'strictEqual'
  stack: |-
    TestContext.<anonymous> (file:///Users/yuanxi/Workwork/vibe-fs/requirements/verification-system/tests/016.test.mjs:534:12)
    async Test.run (node:internal/test_runner/test:1054:7)
    async Test.processPendingSubtests (node:internal/test_runner/test:744:7)
  ...
1..28
# tests 28
# suites 0
# pass 21
# fail 5
# cancelled 0
# skipped 0
# todo 2
# duration_ms 13009.89225
