TAP version 13
# Subtest: WHAT[verification-system-016] selected Node and complete npm bundle preparation binds actual probes without borrowing ambient configuration
    # Subtest: WHAT[verification-system-016] the formal fixture captures an explicit complete npm package and actual selected Node binary
    ok 1 - WHAT[verification-system-016] the formal fixture captures an explicit complete npm package and actual selected Node binary
      ---
      duration_ms: 846.33725
      type: 'test'
      ...
    # Subtest: WHAT[verification-system-016] wrong selected tool archive digest publishes no candidate
    ok 2 - WHAT[verification-system-016] wrong selected tool archive digest publishes no candidate
      ---
      duration_ms: 60.312167
      type: 'test'
      ...
    # Subtest: WHAT[verification-system-016] tool role paths reject aliases and npm entrypoints outside the selected npm package
    ok 3 - WHAT[verification-system-016] tool role paths reject aliases and npm entrypoints outside the selected npm package
      ---
      duration_ms: 1914.81725
      type: 'test'
      ...
    # Subtest: WHAT[verification-system-016] actual bundled Node and npm probes ignore hostile ambient HOME launchers and npm configuration
    ok 4 - WHAT[verification-system-016] actual bundled Node and npm probes ignore hostile ambient HOME launchers and npm configuration
      ---
      duration_ms: 2683.577083
      type: 'test'
      ...
    # Subtest: WHAT[verification-system-016] a valid selected archive missing an npm required module fails the actual npm probe and reclaims its private resources
    ok 5 - WHAT[verification-system-016] a valid selected archive missing an npm required module fails the actual npm probe and reclaims its private resources
      ---
      duration_ms: 1854.57175
      type: 'test'
      ...
    # Subtest: WHAT[verification-system-016] an internal symbolic Node entrypoint cannot stand in for the selected executable file
    ok 6 - WHAT[verification-system-016] an internal symbolic Node entrypoint cannot stand in for the selected executable file
      ---
      duration_ms: 794.931042
      type: 'test'
      ...
    # Subtest: WHAT[verification-system-016] a non-executable selected Node file cannot authorize a tool probe
    ok 7 - WHAT[verification-system-016] a non-executable selected Node file cannot authorize a tool probe
      ---
      duration_ms: 768.434
      type: 'test'
      ...
    # Subtest: WHAT[verification-system-016] an actual npm CLI that adds an unselected file before reporting its real version cannot publish the original bundle identity
    ok 8 - WHAT[verification-system-016] an actual npm CLI that adds an unselected file before reporting its real version cannot publish the original bundle identity
      ---
      duration_ms: 2897.8235
      type: 'test'
      ...
    # Subtest: WHAT[verification-system-016] a held actual npm probe preserves Error cancellation and drains its process group
    not ok 9 - WHAT[verification-system-016] a held actual npm probe preserves Error cancellation and drains its process group
      ---
      duration_ms: 1920.379583
      type: 'test'
      location: '/Users/yuanxi/Workwork/vibe-fs/requirements/verification-system/tests/support/node-tool-candidate-tests.mjs:141:17'
      failureType: 'testCodeFailure'
      error: |-
        Expected "actual" to be reference-equal to "expected":
        + actual - expected
        
        + [Error: Selected tool identity probe failed] {
        +   [cause]: undefined,
        +   code: 'verification-tool-probe-failed',
        +   exitCode: 89,
        +   signal: null,
        +   stderr: '',
        +   stdout: ''
        + }
        - [Error: controlled selected tool cancellation]
        
      code: 'ERR_ASSERTION'
      name: 'AssertionError'
      expected:
      actual:
        code: 'verification-tool-probe-failed'
        exitCode: 89
        signal: ~
        stdout: ''
        stderr: ''
      operator: 'strictEqual'
      stack: |-
        TestContext.<anonymous> (file:///Users/yuanxi/Workwork/vibe-fs/requirements/verification-system/tests/support/node-tool-candidate-tests.mjs:180:20)
        process.processTicksAndRejections (node:internal/process/task_queues:103:5)
        async Test.run (node:internal/test_runner/test:1054:7)
        async TestContext.<anonymous> (file:///Users/yuanxi/Workwork/vibe-fs/requirements/verification-system/tests/support/node-tool-candidate-tests.mjs:141:9)
        async Test.run (node:internal/test_runner/test:1054:7)
        async startSubtestAfterBootstrap (node:internal/test_runner/harness:296:3)
      ...
    # Subtest: WHAT[verification-system-016] a held actual npm probe preserves null cancellation and drains its process group
    not ok 10 - WHAT[verification-system-016] a held actual npm probe preserves null cancellation and drains its process group
      ---
      duration_ms: 1927.908625
      type: 'test'
      location: '/Users/yuanxi/Workwork/vibe-fs/requirements/verification-system/tests/support/node-tool-candidate-tests.mjs:141:17'
      failureType: 'testCodeFailure'
      error: |-
        Expected values to be strictly equal:
        + actual - expected
        
        + Error: Selected tool identity probe failed
        +     at ChildProcess.<anonymous> (file:///Users/yuanxi/Workwork/vibe-fs/scripts/lib/verification-node-tools.mjs:50:59)
        +     at Object.onceWrapper (node:events:634:26)
        +     at ChildProcess.emit (node:events:519:28)
        +     at maybeClose (node:internal/child_process:1101:16)
        +     at ChildProcess._handle.onexit (node:internal/child_process:304:5) {
        +   [cause]: undefined,
        +   code: 'verification-tool-probe-failed',
        +   exitCode: 89,
        +   signal: null,
        +   stderr: '',
        +   stdout: ''
        + }
        - null
        
      code: 'ERR_ASSERTION'
      name: 'AssertionError'
      expected: ~
      actual:
      error: 'Selected tool identity probe failed'
      stack: |-
        ChildProcess.<anonymous> (file:///Users/yuanxi/Workwork/vibe-fs/scripts/lib/verification-node-tools.mjs:50:59)
        Object.onceWrapper (node:events:634:26)
        ChildProcess.emit (node:events:519:28)
        maybeClose (node:internal/child_process:1101:16)
        ChildProcess._handle.onexit (node:internal/child_process:304:5)
      operator: 'strictEqual'
      stack: |-
        TestContext.<anonymous> (file:///Users/yuanxi/Workwork/vibe-fs/requirements/verification-system/tests/support/node-tool-candidate-tests.mjs:180:20)
        process.processTicksAndRejections (node:internal/process/task_queues:103:5)
        async Test.run (node:internal/test_runner/test:1054:7)
        async TestContext.<anonymous> (file:///Users/yuanxi/Workwork/vibe-fs/requirements/verification-system/tests/support/node-tool-candidate-tests.mjs:141:9)
        async Test.run (node:internal/test_runner/test:1054:7)
        async startSubtestAfterBootstrap (node:internal/test_runner/harness:296:3)
      ...
    # Subtest: WHAT[verification-system-016] already aborted tool preparation preserves Error before reading a missing archive
    not ok 11 - WHAT[verification-system-016] already aborted tool preparation preserves Error before reading a missing archive
      ---
      duration_ms: 0.771791
      type: 'test'
      location: '/Users/yuanxi/Workwork/vibe-fs/requirements/verification-system/tests/support/node-tool-candidate-tests.mjs:197:17'
      failureType: 'testCodeFailure'
      error: |-
        Expected "actual" to be reference-equal to "expected":
        + actual - expected
        
        + [Error: ENOENT: no such file or directory, open '/var/folders/g_/3ydzn7kx5lg9ylq8fd9p_13r0000gn/T/verification-node-tools-fixture-EwNrvO/missing-tools.tar'] {
        +   code: 'ENOENT',
        +   errno: -2,
        +   path: '/var/folders/g_/3ydzn7kx5lg9ylq8fd9p_13r0000gn/T/verification-node-tools-fixture-EwNrvO/missing-tools.tar',
        +   syscall: 'open'
        + }
        - [Error: cancelled before selected tool admission]
        
      code: 'ERR_ASSERTION'
      name: 'AssertionError'
      expected:
      actual:
        errno: -2
        code: 'ENOENT'
        syscall: 'open'
        path: '/var/folders/g_/3ydzn7kx5lg9ylq8fd9p_13r0000gn/T/verification-node-tools-fixture-EwNrvO/missing-tools.tar'
      operator: 'strictEqual'
      stack: |-
        TestContext.<anonymous> (file:///Users/yuanxi/Workwork/vibe-fs/requirements/verification-system/tests/support/node-tool-candidate-tests.mjs:202:18)
        process.processTicksAndRejections (node:internal/process/task_queues:103:5)
        async Test.run (node:internal/test_runner/test:1054:7)
        async TestContext.<anonymous> (file:///Users/yuanxi/Workwork/vibe-fs/requirements/verification-system/tests/support/node-tool-candidate-tests.mjs:197:9)
        async Test.run (node:internal/test_runner/test:1054:7)
        async startSubtestAfterBootstrap (node:internal/test_runner/harness:296:3)
      ...
    # Subtest: WHAT[verification-system-016] already aborted tool preparation preserves null before reading a missing archive
    not ok 12 - WHAT[verification-system-016] already aborted tool preparation preserves null before reading a missing archive
      ---
      duration_ms: 0.290792
      type: 'test'
      location: '/Users/yuanxi/Workwork/vibe-fs/requirements/verification-system/tests/support/node-tool-candidate-tests.mjs:197:17'
      failureType: 'testCodeFailure'
      error: |-
        Expected values to be strictly equal:
        + actual - expected
        
        + Error: ENOENT: no such file or directory, open '/var/folders/g_/3ydzn7kx5lg9ylq8fd9p_13r0000gn/T/verification-node-tools-fixture-EwNrvO/missing-tools.tar'
        +     at Object.openSync (node:fs:560:18)
        +     at Object.readFileSync (node:fs:444:35)
        +     at Module.prepareVerificationNodeTools (file:///Users/yuanxi/Workwork/vibe-fs/scripts/lib/verification-node-tools.mjs:83:27)
        +     at prepareTools (file:///Users/yuanxi/Workwork/vibe-fs/requirements/verification-system/tests/support/node-tool-candidate-tests.mjs:11:109)
        +     at process.processTicksAndRejections (node:internal/process/task_queues:103:5)
        +     at async Promise.allSettled (index 0)
        +     at async TestContext.<anonymous> (file:///Users/yuanxi/Workwork/vibe-fs/requirements/verification-system/tests/support/node-tool-candidate-tests.mjs:200:29)
        +     at async Test.run (node:internal/test_runner/test:1054:7)
        +     at async TestContext.<anonymous> (file:///Users/yuanxi/Workwork/vibe-fs/requirements/verification-system/tests/support/node-tool-candidate-tests.mjs:197:9)
        +     at async Test.run (node:internal/test_runner/test:1054:7) {
        +   code: 'ENOENT',
        +   errno: -2,
        +   path: '/var/folders/g_/3ydzn7kx5lg9ylq8fd9p_13r0000gn/T/verification-node-tools-fixture-EwNrvO/missing-tools.tar',
        +   syscall: 'open'
        + }
        - null
        
      code: 'ERR_ASSERTION'
      name: 'AssertionError'
      expected: ~
      actual:
      error: "ENOENT: no such file or directory, open '/var/folders/g_/3ydzn7kx5lg9ylq8fd9p_13r0000gn/T/verification-node-tools-fixture-EwNrvO/missing-tools.tar'"
      stack: |-
        Object.openSync (node:fs:560:18)
        Object.readFileSync (node:fs:444:35)
        Module.prepareVerificationNodeTools (file:///Users/yuanxi/Workwork/vibe-fs/scripts/lib/verification-node-tools.mjs:83:27)
        prepareTools (file:///Users/yuanxi/Workwork/vibe-fs/requirements/verification-system/tests/support/node-tool-candidate-tests.mjs:11:109)
        process.processTicksAndRejections (node:internal/process/task_queues:103:5)
        async Promise.allSettled (index 0)
        async TestContext.<anonymous> (file:///Users/yuanxi/Workwork/vibe-fs/requirements/verification-system/tests/support/node-tool-candidate-tests.mjs:200:29)
        async Test.run (node:internal/test_runner/test:1054:7)
        async TestContext.<anonymous> (file:///Users/yuanxi/Workwork/vibe-fs/requirements/verification-system/tests/support/node-tool-candidate-tests.mjs:197:9)
        async Test.run (node:internal/test_runner/test:1054:7)
      operator: 'strictEqual'
      stack: |-
        TestContext.<anonymous> (file:///Users/yuanxi/Workwork/vibe-fs/requirements/verification-system/tests/support/node-tool-candidate-tests.mjs:202:18)
        process.processTicksAndRejections (node:internal/process/task_queues:103:5)
        async Test.run (node:internal/test_runner/test:1054:7)
        async TestContext.<anonymous> (file:///Users/yuanxi/Workwork/vibe-fs/requirements/verification-system/tests/support/node-tool-candidate-tests.mjs:197:9)
        async Test.run (node:internal/test_runner/test:1054:7)
        async startSubtestAfterBootstrap (node:internal/test_runner/harness:296:3)
      ...
    1..12
not ok 1 - WHAT[verification-system-016] selected Node and complete npm bundle preparation binds actual probes without borrowing ambient configuration
  ---
  duration_ms: 15800.570667
  type: 'test'
  location: '/Users/yuanxi/Workwork/vibe-fs/requirements/verification-system/tests/support/node-tool-candidate-tests.mjs:45:3'
  failureType: 'subtestsFailed'
  error: '4 subtests failed'
  code: 'ERR_TEST_FAILURE'
  ...
1..1
# tests 13
# suites 0
# pass 8
# fail 5
# cancelled 0
# skipped 0
# todo 0
# duration_ms 15898.674166
