TAP version 13
# Subtest: WHAT[verification-system-016] project preparation rejects missing or nonordinary selected path missing.fsproj
not ok 1 - WHAT[verification-system-016] project preparation rejects missing or nonordinary selected path missing.fsproj
  ---
  duration_ms: 178.570417
  type: 'test'
  location: '/Users/yuanxi/Workwork/vibe-fs/requirements/verification-system/tests/support/nuget-project-tests.mjs:145:5'
  failureType: 'testCodeFailure'
  error: "Unexpected project failure: Error [ERR_MODULE_NOT_FOUND]: Cannot find module '/Users/yuanxi/Workwork/vibe-fs/scripts/lib/verification-nuget-project.mjs' imported from /Users/yuanxi/Workwork/vibe-fs/requirements/verification-system/tests/support/nuget-project-tests.mjs"
  code: 'ERR_ASSERTION'
  name: 'AssertionError'
  expected: true
  actual: false
  operator: '=='
  stack: |-
    rejectsProject (file:///Users/yuanxi/Workwork/vibe-fs/requirements/verification-system/tests/support/nuget-project-tests.mjs:137:12)
    async file:///Users/yuanxi/Workwork/vibe-fs/requirements/verification-system/tests/support/nuget-project-tests.mjs:147:9
    async withProjectFixture (file:///Users/yuanxi/Workwork/vibe-fs/requirements/verification-system/tests/support/nuget-project-tests.mjs:104:20)
    async TestContext.<anonymous> (file:///Users/yuanxi/Workwork/vibe-fs/requirements/verification-system/tests/support/nuget-project-tests.mjs:146:7)
    async Test.run (node:internal/test_runner/test:1054:7)
    async startSubtestAfterBootstrap (node:internal/test_runner/harness:296:3)
  ...
# Subtest: WHAT[verification-system-016] project preparation rejects missing or nonordinary selected path ../outside.fsproj
not ok 2 - WHAT[verification-system-016] project preparation rejects missing or nonordinary selected path ../outside.fsproj
  ---
  duration_ms: 152.947459
  type: 'test'
  location: '/Users/yuanxi/Workwork/vibe-fs/requirements/verification-system/tests/support/nuget-project-tests.mjs:145:5'
  failureType: 'testCodeFailure'
  error: "Unexpected project failure: Error [ERR_MODULE_NOT_FOUND]: Cannot find module '/Users/yuanxi/Workwork/vibe-fs/scripts/lib/verification-nuget-project.mjs' imported from /Users/yuanxi/Workwork/vibe-fs/requirements/verification-system/tests/support/nuget-project-tests.mjs"
  code: 'ERR_ASSERTION'
  name: 'AssertionError'
  expected: true
  actual: false
  operator: '=='
  stack: |-
    rejectsProject (file:///Users/yuanxi/Workwork/vibe-fs/requirements/verification-system/tests/support/nuget-project-tests.mjs:137:12)
    async file:///Users/yuanxi/Workwork/vibe-fs/requirements/verification-system/tests/support/nuget-project-tests.mjs:147:9
    async withProjectFixture (file:///Users/yuanxi/Workwork/vibe-fs/requirements/verification-system/tests/support/nuget-project-tests.mjs:104:20)
    async TestContext.<anonymous> (file:///Users/yuanxi/Workwork/vibe-fs/requirements/verification-system/tests/support/nuget-project-tests.mjs:146:7)
    async Test.run (node:internal/test_runner/test:1054:7)
    async Test.processPendingSubtests (node:internal/test_runner/test:744:7)
  ...
# Subtest: WHAT[verification-system-016] project preparation rejects missing or nonordinary selected path /absolute.fsproj
not ok 3 - WHAT[verification-system-016] project preparation rejects missing or nonordinary selected path /absolute.fsproj
  ---
  duration_ms: 170.2305
  type: 'test'
  location: '/Users/yuanxi/Workwork/vibe-fs/requirements/verification-system/tests/support/nuget-project-tests.mjs:145:5'
  failureType: 'testCodeFailure'
  error: "Unexpected project failure: Error [ERR_MODULE_NOT_FOUND]: Cannot find module '/Users/yuanxi/Workwork/vibe-fs/scripts/lib/verification-nuget-project.mjs' imported from /Users/yuanxi/Workwork/vibe-fs/requirements/verification-system/tests/support/nuget-project-tests.mjs"
  code: 'ERR_ASSERTION'
  name: 'AssertionError'
  expected: true
  actual: false
  operator: '=='
  stack: |-
    rejectsProject (file:///Users/yuanxi/Workwork/vibe-fs/requirements/verification-system/tests/support/nuget-project-tests.mjs:137:12)
    async file:///Users/yuanxi/Workwork/vibe-fs/requirements/verification-system/tests/support/nuget-project-tests.mjs:147:9
    async withProjectFixture (file:///Users/yuanxi/Workwork/vibe-fs/requirements/verification-system/tests/support/nuget-project-tests.mjs:104:20)
    async TestContext.<anonymous> (file:///Users/yuanxi/Workwork/vibe-fs/requirements/verification-system/tests/support/nuget-project-tests.mjs:146:7)
    async Test.run (node:internal/test_runner/test:1054:7)
    async Test.processPendingSubtests (node:internal/test_runner/test:744:7)
  ...
# Subtest: WHAT[verification-system-016] project preparation rejects missing or nonordinary selected path src/../src/Fixture.fsproj
not ok 4 - WHAT[verification-system-016] project preparation rejects missing or nonordinary selected path src/../src/Fixture.fsproj
  ---
  duration_ms: 173.531667
  type: 'test'
  location: '/Users/yuanxi/Workwork/vibe-fs/requirements/verification-system/tests/support/nuget-project-tests.mjs:145:5'
  failureType: 'testCodeFailure'
  error: "Unexpected project failure: Error [ERR_MODULE_NOT_FOUND]: Cannot find module '/Users/yuanxi/Workwork/vibe-fs/scripts/lib/verification-nuget-project.mjs' imported from /Users/yuanxi/Workwork/vibe-fs/requirements/verification-system/tests/support/nuget-project-tests.mjs"
  code: 'ERR_ASSERTION'
  name: 'AssertionError'
  expected: true
  actual: false
  operator: '=='
  stack: |-
    rejectsProject (file:///Users/yuanxi/Workwork/vibe-fs/requirements/verification-system/tests/support/nuget-project-tests.mjs:137:12)
    async file:///Users/yuanxi/Workwork/vibe-fs/requirements/verification-system/tests/support/nuget-project-tests.mjs:147:9
    async withProjectFixture (file:///Users/yuanxi/Workwork/vibe-fs/requirements/verification-system/tests/support/nuget-project-tests.mjs:104:20)
    async TestContext.<anonymous> (file:///Users/yuanxi/Workwork/vibe-fs/requirements/verification-system/tests/support/nuget-project-tests.mjs:146:7)
    async Test.run (node:internal/test_runner/test:1054:7)
    async Test.processPendingSubtests (node:internal/test_runner/test:744:7)
  ...
# Subtest: WHAT[verification-system-016] project preparation requires the captured Git source digest rather than a changed public claim
not ok 5 - WHAT[verification-system-016] project preparation requires the captured Git source digest rather than a changed public claim
  ---
  duration_ms: 161.028083
  type: 'test'
  location: '/Users/yuanxi/Workwork/vibe-fs/requirements/verification-system/tests/support/nuget-project-tests.mjs:152:3'
  failureType: 'testCodeFailure'
  error: "Unexpected project failure: Error [ERR_MODULE_NOT_FOUND]: Cannot find module '/Users/yuanxi/Workwork/vibe-fs/scripts/lib/verification-nuget-project.mjs' imported from /Users/yuanxi/Workwork/vibe-fs/requirements/verification-system/tests/support/nuget-project-tests.mjs"
  code: 'ERR_ASSERTION'
  name: 'AssertionError'
  expected: true
  actual: false
  operator: '=='
  stack: |-
    rejectsProject (file:///Users/yuanxi/Workwork/vibe-fs/requirements/verification-system/tests/support/nuget-project-tests.mjs:137:12)
    async file:///Users/yuanxi/Workwork/vibe-fs/requirements/verification-system/tests/support/nuget-project-tests.mjs:154:7
    async withProjectFixture (file:///Users/yuanxi/Workwork/vibe-fs/requirements/verification-system/tests/support/nuget-project-tests.mjs:104:20)
    async TestContext.<anonymous> (file:///Users/yuanxi/Workwork/vibe-fs/requirements/verification-system/tests/support/nuget-project-tests.mjs:153:5)
    async Test.run (node:internal/test_runner/test:1054:7)
    async Test.processPendingSubtests (node:internal/test_runner/test:744:7)
  ...
# Subtest: WHAT[verification-system-016] project preparation rejects bytes corruption in the actual tracked source before evaluation
not ok 6 - WHAT[verification-system-016] project preparation rejects bytes corruption in the actual tracked source before evaluation
  ---
  duration_ms: 150.309541
  type: 'test'
  location: '/Users/yuanxi/Workwork/vibe-fs/requirements/verification-system/tests/support/nuget-project-tests.mjs:159:5'
  failureType: 'testCodeFailure'
  error: "Unexpected project failure: Error [ERR_MODULE_NOT_FOUND]: Cannot find module '/Users/yuanxi/Workwork/vibe-fs/scripts/lib/verification-nuget-project.mjs' imported from /Users/yuanxi/Workwork/vibe-fs/requirements/verification-system/tests/support/nuget-project-tests.mjs"
  code: 'ERR_ASSERTION'
  name: 'AssertionError'
  expected: true
  actual: false
  operator: '=='
  stack: |-
    rejectsProject (file:///Users/yuanxi/Workwork/vibe-fs/requirements/verification-system/tests/support/nuget-project-tests.mjs:137:12)
    async file:///Users/yuanxi/Workwork/vibe-fs/requirements/verification-system/tests/support/nuget-project-tests.mjs:168:11
    async withProjectFixture (file:///Users/yuanxi/Workwork/vibe-fs/requirements/verification-system/tests/support/nuget-project-tests.mjs:104:20)
    async TestContext.<anonymous> (file:///Users/yuanxi/Workwork/vibe-fs/requirements/verification-system/tests/support/nuget-project-tests.mjs:160:7)
    async Test.run (node:internal/test_runner/test:1054:7)
    async Test.processPendingSubtests (node:internal/test_runner/test:744:7)
  ...
# Subtest: WHAT[verification-system-016] project preparation rejects mode corruption in the actual tracked source before evaluation
not ok 7 - WHAT[verification-system-016] project preparation rejects mode corruption in the actual tracked source before evaluation
  ---
  duration_ms: 152.931083
  type: 'test'
  location: '/Users/yuanxi/Workwork/vibe-fs/requirements/verification-system/tests/support/nuget-project-tests.mjs:159:5'
  failureType: 'testCodeFailure'
  error: "Unexpected project failure: Error [ERR_MODULE_NOT_FOUND]: Cannot find module '/Users/yuanxi/Workwork/vibe-fs/scripts/lib/verification-nuget-project.mjs' imported from /Users/yuanxi/Workwork/vibe-fs/requirements/verification-system/tests/support/nuget-project-tests.mjs"
  code: 'ERR_ASSERTION'
  name: 'AssertionError'
  expected: true
  actual: false
  operator: '=='
  stack: |-
    rejectsProject (file:///Users/yuanxi/Workwork/vibe-fs/requirements/verification-system/tests/support/nuget-project-tests.mjs:137:12)
    async file:///Users/yuanxi/Workwork/vibe-fs/requirements/verification-system/tests/support/nuget-project-tests.mjs:168:11
    async withProjectFixture (file:///Users/yuanxi/Workwork/vibe-fs/requirements/verification-system/tests/support/nuget-project-tests.mjs:104:20)
    async TestContext.<anonymous> (file:///Users/yuanxi/Workwork/vibe-fs/requirements/verification-system/tests/support/nuget-project-tests.mjs:160:7)
    async Test.run (node:internal/test_runner/test:1054:7)
    async Test.processPendingSubtests (node:internal/test_runner/test:744:7)
  ...
# Subtest: WHAT[verification-system-016] project preparation rejects missing corruption in the actual tracked source before evaluation
not ok 8 - WHAT[verification-system-016] project preparation rejects missing corruption in the actual tracked source before evaluation
  ---
  duration_ms: 151.013709
  type: 'test'
  location: '/Users/yuanxi/Workwork/vibe-fs/requirements/verification-system/tests/support/nuget-project-tests.mjs:159:5'
  failureType: 'testCodeFailure'
  error: "Unexpected project failure: Error [ERR_MODULE_NOT_FOUND]: Cannot find module '/Users/yuanxi/Workwork/vibe-fs/scripts/lib/verification-nuget-project.mjs' imported from /Users/yuanxi/Workwork/vibe-fs/requirements/verification-system/tests/support/nuget-project-tests.mjs"
  code: 'ERR_ASSERTION'
  name: 'AssertionError'
  expected: true
  actual: false
  operator: '=='
  stack: |-
    rejectsProject (file:///Users/yuanxi/Workwork/vibe-fs/requirements/verification-system/tests/support/nuget-project-tests.mjs:137:12)
    async file:///Users/yuanxi/Workwork/vibe-fs/requirements/verification-system/tests/support/nuget-project-tests.mjs:168:11
    async withProjectFixture (file:///Users/yuanxi/Workwork/vibe-fs/requirements/verification-system/tests/support/nuget-project-tests.mjs:104:20)
    async TestContext.<anonymous> (file:///Users/yuanxi/Workwork/vibe-fs/requirements/verification-system/tests/support/nuget-project-tests.mjs:160:7)
    async Test.run (node:internal/test_runner/test:1054:7)
    async Test.processPendingSubtests (node:internal/test_runner/test:744:7)
  ...
# Subtest: WHAT[verification-system-016] project preparation rejects evaluated project references instead of silently restoring a larger graph
not ok 9 - WHAT[verification-system-016] project preparation rejects evaluated project references instead of silently restoring a larger graph
  ---
  duration_ms: 163.572917
  type: 'test'
  location: '/Users/yuanxi/Workwork/vibe-fs/requirements/verification-system/tests/support/nuget-project-tests.mjs:177:3'
  failureType: 'testCodeFailure'
  error: "Unexpected project failure: Error [ERR_MODULE_NOT_FOUND]: Cannot find module '/Users/yuanxi/Workwork/vibe-fs/scripts/lib/verification-nuget-project.mjs' imported from /Users/yuanxi/Workwork/vibe-fs/requirements/verification-system/tests/support/nuget-project-tests.mjs"
  code: 'ERR_ASSERTION'
  name: 'AssertionError'
  expected: true
  actual: false
  operator: '=='
  stack: |-
    rejectsProject (file:///Users/yuanxi/Workwork/vibe-fs/requirements/verification-system/tests/support/nuget-project-tests.mjs:137:12)
    async withProjectFixture.projectReferences (file:///Users/yuanxi/Workwork/vibe-fs/requirements/verification-system/tests/support/nuget-project-tests.mjs:179:7)
    async withProjectFixture (file:///Users/yuanxi/Workwork/vibe-fs/requirements/verification-system/tests/support/nuget-project-tests.mjs:104:20)
    async TestContext.<anonymous> (file:///Users/yuanxi/Workwork/vibe-fs/requirements/verification-system/tests/support/nuget-project-tests.mjs:178:5)
    async Test.run (node:internal/test_runner/test:1054:7)
    async Test.processPendingSubtests (node:internal/test_runner/test:744:7)
  ...
# Subtest: WHAT[verification-system-016] project preparation rejects evaluated multiple target frameworks
not ok 10 - WHAT[verification-system-016] project preparation rejects evaluated multiple target frameworks
  ---
  duration_ms: 149.137667
  type: 'test'
  location: '/Users/yuanxi/Workwork/vibe-fs/requirements/verification-system/tests/support/nuget-project-tests.mjs:182:3'
  failureType: 'testCodeFailure'
  error: "Unexpected project failure: Error [ERR_MODULE_NOT_FOUND]: Cannot find module '/Users/yuanxi/Workwork/vibe-fs/scripts/lib/verification-nuget-project.mjs' imported from /Users/yuanxi/Workwork/vibe-fs/requirements/verification-system/tests/support/nuget-project-tests.mjs"
  code: 'ERR_ASSERTION'
  name: 'AssertionError'
  expected: true
  actual: false
  operator: '=='
  stack: |-
    rejectsProject (file:///Users/yuanxi/Workwork/vibe-fs/requirements/verification-system/tests/support/nuget-project-tests.mjs:137:12)
    async withProjectFixture.evaluation.properties.TargetFramework (file:///Users/yuanxi/Workwork/vibe-fs/requirements/verification-system/tests/support/nuget-project-tests.mjs:184:7)
    async withProjectFixture (file:///Users/yuanxi/Workwork/vibe-fs/requirements/verification-system/tests/support/nuget-project-tests.mjs:104:20)
    async TestContext.<anonymous> (file:///Users/yuanxi/Workwork/vibe-fs/requirements/verification-system/tests/support/nuget-project-tests.mjs:183:5)
    async Test.run (node:internal/test_runner/test:1054:7)
    async Test.processPendingSubtests (node:internal/test_runner/test:744:7)
  ...
# Subtest: WHAT[verification-system-016] actual selected project executor failure retains the physical cause and reclaims only owned output
not ok 11 - WHAT[verification-system-016] actual selected project executor failure retains the physical cause and reclaims only owned output
  ---
  duration_ms: 147.642416
  type: 'test'
  location: '/Users/yuanxi/Workwork/vibe-fs/requirements/verification-system/tests/support/nuget-project-tests.mjs:187:3'
  failureType: 'testCodeFailure'
  error: "Unexpected project failure: Error [ERR_MODULE_NOT_FOUND]: Cannot find module '/Users/yuanxi/Workwork/vibe-fs/scripts/lib/verification-nuget-project.mjs' imported from /Users/yuanxi/Workwork/vibe-fs/requirements/verification-system/tests/support/nuget-project-tests.mjs"
  code: 'ERR_ASSERTION'
  name: 'AssertionError'
  expected: true
  actual: false
  operator: '=='
  stack: |-
    rejectsProject (file:///Users/yuanxi/Workwork/vibe-fs/requirements/verification-system/tests/support/nuget-project-tests.mjs:137:12)
    async file:///Users/yuanxi/Workwork/vibe-fs/requirements/verification-system/tests/support/nuget-project-tests.mjs:189:7
    async withProjectFixture (file:///Users/yuanxi/Workwork/vibe-fs/requirements/verification-system/tests/support/nuget-project-tests.mjs:104:20)
    async TestContext.<anonymous> (file:///Users/yuanxi/Workwork/vibe-fs/requirements/verification-system/tests/support/nuget-project-tests.mjs:188:5)
    async Test.run (node:internal/test_runner/test:1054:7)
    async Test.processPendingSubtests (node:internal/test_runner/test:744:7)
  ...
# Subtest: WHAT[verification-system-016] early project cancellation preserves Error before reading absent inputs
not ok 12 - WHAT[verification-system-016] early project cancellation preserves Error before reading absent inputs
  ---
  duration_ms: 150.9875
  type: 'test'
  location: '/Users/yuanxi/Workwork/vibe-fs/requirements/verification-system/tests/support/nuget-project-tests.mjs:193:5'
  failureType: 'testCodeFailure'
  error: "Unexpected project failure: Error [ERR_MODULE_NOT_FOUND]: Cannot find module '/Users/yuanxi/Workwork/vibe-fs/scripts/lib/verification-nuget-project.mjs' imported from /Users/yuanxi/Workwork/vibe-fs/requirements/verification-system/tests/support/nuget-project-tests.mjs"
  code: 'ERR_ASSERTION'
  name: 'AssertionError'
  expected: true
  actual: false
  operator: '=='
  stack: |-
    rejectsProject (file:///Users/yuanxi/Workwork/vibe-fs/requirements/verification-system/tests/support/nuget-project-tests.mjs:137:12)
    async file:///Users/yuanxi/Workwork/vibe-fs/requirements/verification-system/tests/support/nuget-project-tests.mjs:197:9
    async withProjectFixture (file:///Users/yuanxi/Workwork/vibe-fs/requirements/verification-system/tests/support/nuget-project-tests.mjs:104:20)
    async TestContext.<anonymous> (file:///Users/yuanxi/Workwork/vibe-fs/requirements/verification-system/tests/support/nuget-project-tests.mjs:194:7)
    async Test.run (node:internal/test_runner/test:1054:7)
    async Test.processPendingSubtests (node:internal/test_runner/test:744:7)
  ...
# Subtest: WHAT[verification-system-016] early project cancellation preserves null before reading absent inputs
not ok 13 - WHAT[verification-system-016] early project cancellation preserves null before reading absent inputs
  ---
  duration_ms: 147.249666
  type: 'test'
  location: '/Users/yuanxi/Workwork/vibe-fs/requirements/verification-system/tests/support/nuget-project-tests.mjs:193:5'
  failureType: 'testCodeFailure'
  error: "Unexpected project failure: Error [ERR_MODULE_NOT_FOUND]: Cannot find module '/Users/yuanxi/Workwork/vibe-fs/scripts/lib/verification-nuget-project.mjs' imported from /Users/yuanxi/Workwork/vibe-fs/requirements/verification-system/tests/support/nuget-project-tests.mjs"
  code: 'ERR_ASSERTION'
  name: 'AssertionError'
  expected: true
  actual: false
  operator: '=='
  stack: |-
    rejectsProject (file:///Users/yuanxi/Workwork/vibe-fs/requirements/verification-system/tests/support/nuget-project-tests.mjs:137:12)
    async file:///Users/yuanxi/Workwork/vibe-fs/requirements/verification-system/tests/support/nuget-project-tests.mjs:197:9
    async withProjectFixture (file:///Users/yuanxi/Workwork/vibe-fs/requirements/verification-system/tests/support/nuget-project-tests.mjs:104:20)
    async TestContext.<anonymous> (file:///Users/yuanxi/Workwork/vibe-fs/requirements/verification-system/tests/support/nuget-project-tests.mjs:194:7)
    async Test.run (node:internal/test_runner/test:1054:7)
    async Test.processPendingSubtests (node:internal/test_runner/test:744:7)
  ...
1..13
# tests 13
# suites 0
# pass 0
# fail 13
# cancelled 0
# skipped 0
# todo 0
# duration_ms 2056.117208
