TAP version 13
# Subtest: WHAT[verification-system-016] project graph rejects foreign output directory without publishing a restore receipt
not ok 1 - WHAT[verification-system-016] project graph rejects foreign output directory without publishing a restore receipt
  ---
  duration_ms: 1584.323791
  type: 'test'
  location: '/Users/yuanxi/Workwork/vibe-fs/requirements/verification-system/tests/support/nuget-project-tests.mjs:268:5'
  failureType: 'testCodeFailure'
  error: |-
    Invalid project preparation cannot publish a receipt
    + actual - expected
    
    + 'fulfilled'
    - 'rejected'
    
  code: 'ERR_ASSERTION'
  name: 'AssertionError'
  expected: 'rejected'
  actual: 'fulfilled'
  operator: 'strictEqual'
  stack: |-
    rejectsProject (file:///Users/yuanxi/Workwork/vibe-fs/requirements/verification-system/tests/support/nuget-project-tests.mjs:206:12)
    async withProjectFixture.includeDependency (file:///Users/yuanxi/Workwork/vibe-fs/requirements/verification-system/tests/support/nuget-project-tests.mjs:270:9)
    async withProjectFixture (file:///Users/yuanxi/Workwork/vibe-fs/requirements/verification-system/tests/support/nuget-project-tests.mjs:173:20)
    async TestContext.<anonymous> (file:///Users/yuanxi/Workwork/vibe-fs/requirements/verification-system/tests/support/nuget-project-tests.mjs:269:7)
    async Test.run (node:internal/test_runner/test:1054:7)
    async startSubtestAfterBootstrap (node:internal/test_runner/harness:296:3)
  ...
# Subtest: WHAT[verification-system-016] project graph rejects unselected dependency edge without publishing a restore receipt
ok 2 - WHAT[verification-system-016] project graph rejects unselected dependency edge without publishing a restore receipt
  ---
  duration_ms: 764.23025
  type: 'test'
  ...
# Subtest: WHAT[verification-system-016] project graph rejects target and lock dependency version disagreement without publishing a restore receipt
ok 3 - WHAT[verification-system-016] project graph rejects target and lock dependency version disagreement without publishing a restore receipt
  ---
  duration_ms: 861.783709
  type: 'test'
  ...
# Subtest: WHAT[verification-system-016] project graph rejects null library without publishing a restore receipt
not ok 4 - WHAT[verification-system-016] project graph rejects null library without publishing a restore receipt
  ---
  duration_ms: 762.270958
  type: 'test'
  location: '/Users/yuanxi/Workwork/vibe-fs/requirements/verification-system/tests/support/nuget-project-tests.mjs:268:5'
  failureType: 'testCodeFailure'
  error: "Unexpected project failure: TypeError: Cannot read properties of null (reading 'type')"
  code: 'ERR_ASSERTION'
  name: 'AssertionError'
  expected: true
  actual: false
  operator: '=='
  stack: |-
    rejectsProject (file:///Users/yuanxi/Workwork/vibe-fs/requirements/verification-system/tests/support/nuget-project-tests.mjs:207:12)
    async withProjectFixture.includeDependency (file:///Users/yuanxi/Workwork/vibe-fs/requirements/verification-system/tests/support/nuget-project-tests.mjs:270:9)
    async withProjectFixture (file:///Users/yuanxi/Workwork/vibe-fs/requirements/verification-system/tests/support/nuget-project-tests.mjs:173:20)
    async TestContext.<anonymous> (file:///Users/yuanxi/Workwork/vibe-fs/requirements/verification-system/tests/support/nuget-project-tests.mjs:269:7)
    async Test.run (node:internal/test_runner/test:1054:7)
    async Test.processPendingSubtests (node:internal/test_runner/test:744:7)
  ...
# Subtest: WHAT[verification-system-016] project graph rejects null compile asset map without publishing a restore receipt
ok 5 - WHAT[verification-system-016] project graph rejects null compile asset map without publishing a restore receipt
  ---
  duration_ms: 883.148417
  type: 'test'
  ...
# Subtest: WHAT[verification-system-016] project graph rejects array runtime asset map without publishing a restore receipt
ok 6 - WHAT[verification-system-016] project graph rejects array runtime asset map without publishing a restore receipt
  ---
  duration_ms: 882.225875
  type: 'test'
  ...
# Subtest: WHAT[verification-system-016] project graph rejects malformed lock JSON without publishing a restore receipt
ok 7 - WHAT[verification-system-016] project graph rejects malformed lock JSON without publishing a restore receipt
  ---
  duration_ms: 805.279416
  type: 'test'
  ...
# Subtest: WHAT[verification-system-016] project graph rejects malformed assets JSON without publishing a restore receipt
ok 8 - WHAT[verification-system-016] project graph rejects malformed assets JSON without publishing a restore receipt
  ---
  duration_ms: 877.53125
  type: 'test'
  ...
# Subtest: WHAT[verification-system-016] project graph rejects lock contentHash disagreement without publishing a restore receipt
ok 9 - WHAT[verification-system-016] project graph rejects lock contentHash disagreement without publishing a restore receipt
  ---
  duration_ms: 750.2755
  type: 'test'
  ...
# Subtest: WHAT[verification-system-016] project graph rejects raw archive sidecar disagreement without publishing a restore receipt
ok 10 - WHAT[verification-system-016] project graph rejects raw archive sidecar disagreement without publishing a restore receipt
  ---
  duration_ms: 821.430375
  type: 'test'
  ...
# Subtest: WHAT[verification-system-016] project graph rejects changed restored archive bytes without publishing a restore receipt
ok 11 - WHAT[verification-system-016] project graph rejects changed restored archive bytes without publishing a restore receipt
  ---
  duration_ms: 811.473167
  type: 'test'
  ...
# Subtest: WHAT[verification-system-016] project graph rejects missing runtime file without publishing a restore receipt
ok 12 - WHAT[verification-system-016] project graph rejects missing runtime file without publishing a restore receipt
  ---
  duration_ms: 771.140833
  type: 'test'
  ...
# Subtest: WHAT[verification-system-016] project graph rejects foreign package folder without publishing a restore receipt
ok 13 - WHAT[verification-system-016] project graph rejects foreign package folder without publishing a restore receipt
  ---
  duration_ms: 779.345
  type: 'test'
  ...
# Subtest: WHAT[verification-system-016] project restore rejects an added feed archive changed by the first consumer before starting locked restore
not ok 14 - WHAT[verification-system-016] project restore rejects an added feed archive changed by the first consumer before starting locked restore
  ---
  duration_ms: 1557.238875
  type: 'test'
  location: '/Users/yuanxi/Workwork/vibe-fs/requirements/verification-system/tests/support/nuget-project-tests.mjs:280:5'
  failureType: 'testCodeFailure'
  error: |-
    A corrupt captured input cannot be consumed by a subsequent restore stage
    + actual - expected
    
      [
        'first',
    +   'locked'
      ]
    
  code: 'ERR_ASSERTION'
  name: 'AssertionError'
  expected:
    0: 'first'
  actual:
    0: 'first'
    1: 'locked'
  operator: 'deepStrictEqual'
  stack: |-
    withProjectFixture.includeDependency (file:///Users/yuanxi/Workwork/vibe-fs/requirements/verification-system/tests/support/nuget-project-tests.mjs:283:16)
    process.processTicksAndRejections (node:internal/process/task_queues:103:5)
    async withProjectFixture (file:///Users/yuanxi/Workwork/vibe-fs/requirements/verification-system/tests/support/nuget-project-tests.mjs:173:20)
    async TestContext.<anonymous> (file:///Users/yuanxi/Workwork/vibe-fs/requirements/verification-system/tests/support/nuget-project-tests.mjs:281:7)
    async Test.run (node:internal/test_runner/test:1054:7)
    async Test.processPendingSubtests (node:internal/test_runner/test:744:7)
  ...
# Subtest: WHAT[verification-system-016] project restore rejects selected feed bytes changed by the first consumer before starting locked restore
not ok 15 - WHAT[verification-system-016] project restore rejects selected feed bytes changed by the first consumer before starting locked restore
  ---
  duration_ms: 790.367417
  type: 'test'
  location: '/Users/yuanxi/Workwork/vibe-fs/requirements/verification-system/tests/support/nuget-project-tests.mjs:280:5'
  failureType: 'testCodeFailure'
  error: |-
    A corrupt captured input cannot be consumed by a subsequent restore stage
    + actual - expected
    
      [
        'first',
    +   'locked'
      ]
    
  code: 'ERR_ASSERTION'
  name: 'AssertionError'
  expected:
    0: 'first'
  actual:
    0: 'first'
    1: 'locked'
  operator: 'deepStrictEqual'
  stack: |-
    withProjectFixture.includeDependency (file:///Users/yuanxi/Workwork/vibe-fs/requirements/verification-system/tests/support/nuget-project-tests.mjs:283:16)
    async withProjectFixture (file:///Users/yuanxi/Workwork/vibe-fs/requirements/verification-system/tests/support/nuget-project-tests.mjs:173:20)
    async TestContext.<anonymous> (file:///Users/yuanxi/Workwork/vibe-fs/requirements/verification-system/tests/support/nuget-project-tests.mjs:281:7)
    async Test.run (node:internal/test_runner/test:1054:7)
    async Test.processPendingSubtests (node:internal/test_runner/test:744:7)
  ...
# Subtest: WHAT[verification-system-016] project restore rejects the selected NuGet config changed by the first consumer before starting locked restore
not ok 16 - WHAT[verification-system-016] project restore rejects the selected NuGet config changed by the first consumer before starting locked restore
  ---
  duration_ms: 788.92725
  type: 'test'
  location: '/Users/yuanxi/Workwork/vibe-fs/requirements/verification-system/tests/support/nuget-project-tests.mjs:280:5'
  failureType: 'testCodeFailure'
  error: |-
    A corrupt captured input cannot be consumed by a subsequent restore stage
    + actual - expected
    
      [
        'first',
    +   'locked'
      ]
    
  code: 'ERR_ASSERTION'
  name: 'AssertionError'
  expected:
    0: 'first'
  actual:
    0: 'first'
    1: 'locked'
  operator: 'deepStrictEqual'
  stack: |-
    withProjectFixture.includeDependency (file:///Users/yuanxi/Workwork/vibe-fs/requirements/verification-system/tests/support/nuget-project-tests.mjs:283:16)
    process.processTicksAndRejections (node:internal/process/task_queues:103:5)
    async withProjectFixture (file:///Users/yuanxi/Workwork/vibe-fs/requirements/verification-system/tests/support/nuget-project-tests.mjs:173:20)
    async TestContext.<anonymous> (file:///Users/yuanxi/Workwork/vibe-fs/requirements/verification-system/tests/support/nuget-project-tests.mjs:281:7)
    async Test.run (node:internal/test_runner/test:1054:7)
    async Test.processPendingSubtests (node:internal/test_runner/test:744:7)
  ...
# Subtest: WHAT[verification-system-016] project restore rejects a Git journal file changed by the first consumer before starting locked restore
ok 17 - WHAT[verification-system-016] project restore rejects a Git journal file changed by the first consumer before starting locked restore
  ---
  duration_ms: 754.191375
  type: 'test'
  ...
# Subtest: WHAT[verification-system-016] fresh-cache locked project restore rejects graph change
ok 18 - WHAT[verification-system-016] fresh-cache locked project restore rejects graph change
  ---
  duration_ms: 848.668916
  type: 'test'
  ...
# Subtest: WHAT[verification-system-016] fresh-cache locked project restore rejects lock byte change
ok 19 - WHAT[verification-system-016] fresh-cache locked project restore rejects lock byte change
  ---
  duration_ms: 775.094459
  type: 'test'
  ...
# Subtest: WHAT[verification-system-016] fresh-cache locked project restore rejects physical locked restore failure
ok 20 - WHAT[verification-system-016] fresh-cache locked project restore rejects physical locked restore failure
  ---
  duration_ms: 813.385042
  type: 'test'
  ...
# Subtest: WHAT[verification-system-016] project receipt binds a consistent two-package graph after both actual adapter processes start from empty private caches
ok 21 - WHAT[verification-system-016] project receipt binds a consistent two-package graph after both actual adapter processes start from empty private caches
  ---
  duration_ms: 817.026333
  type: 'test'
  ...
1..21
# tests 21
# suites 0
# pass 16
# fail 5
# cancelled 0
# skipped 0
# todo 0
# duration_ms 18509.642625
