TAP version 13
# Subtest: WHAT[verification-system-016] held tool restore reclaims its original canonical root after parent link replacement and preserves the foreign owner
not ok 1 - WHAT[verification-system-016] held tool restore reclaims its original canonical root after parent link replacement and preserves the foreign owner
  ---
  duration_ms: 1475.699042
  type: 'test'
  location: '/Users/yuanxi/Workwork/vibe-fs/requirements/verification-system/tests/support/dotnet-tool-restore-tests.mjs:209:5'
  failureType: 'testCodeFailure'
  error: 'Tool restore fixture cleanup failed'
  code: 'ERR_TEST_FAILURE'
  name: 'AggregateError'
  stack: |-
    withFixture (file:///Users/yuanxi/Workwork/vibe-fs/requirements/verification-system/tests/support/dotnet-tool-restore-tests.mjs:81:13)
    process.processTicksAndRejections (node:internal/process/task_queues:103:5)
    async TestContext.<anonymous> (file:///Users/yuanxi/Workwork/vibe-fs/requirements/verification-system/tests/support/dotnet-tool-restore-tests.mjs:210:7)
    async Test.run (node:internal/test_runner/test:1054:7)
    async startSubtestAfterBootstrap (node:internal/test_runner/harness:296:3)
  ...
# {"ownedRootExists":true,"foreignMarkerExists":false}
# Subtest: WHAT[verification-system-016] tool receipt rejects unselected feed member and reclaims all owned restore output
not ok 2 - WHAT[verification-system-016] tool receipt rejects unselected feed member and reclaims all owned restore output
  ---
  duration_ms: 412.537542
  type: 'test'
  location: '/Users/yuanxi/Workwork/vibe-fs/requirements/verification-system/tests/support/dotnet-tool-restore-tests.mjs:331:5'
  failureType: 'testCodeFailure'
  error: |-
    Invalid or cancelled tool preparation cannot publish a candidate
    + actual - expected
    
    + 'fulfilled'
    - 'rejected'
    
  code: 'ERR_ASSERTION'
  name: 'AssertionError'
  expected: 'rejected'
  actual: 'fulfilled'
  operator: 'strictEqual'
  stack: |-
    rejectsPreparation (file:///Users/yuanxi/Workwork/vibe-fs/requirements/verification-system/tests/support/dotnet-tool-restore-tests.mjs:91:12)
    async file:///Users/yuanxi/Workwork/vibe-fs/requirements/verification-system/tests/support/dotnet-tool-restore-tests.mjs:334:9
    async withFixture (file:///Users/yuanxi/Workwork/vibe-fs/requirements/verification-system/tests/support/dotnet-tool-restore-tests.mjs:59:12)
    async TestContext.<anonymous> (file:///Users/yuanxi/Workwork/vibe-fs/requirements/verification-system/tests/support/dotnet-tool-restore-tests.mjs:332:7)
    async Test.run (node:internal/test_runner/test:1054:7)
    async Test.processPendingSubtests (node:internal/test_runner/test:744:7)
  ...
# Subtest: WHAT[verification-system-016] mutated selected SDK entry metadata cannot execute a foreign launcher under the original SDK digest
not ok 3 - WHAT[verification-system-016] mutated selected SDK entry metadata cannot execute a foreign launcher under the original SDK digest
  ---
  duration_ms: 606.681208
  type: 'test'
  location: '/Users/yuanxi/Workwork/vibe-fs/requirements/verification-system/tests/support/dotnet-tool-restore-tests.mjs:338:3'
  failureType: 'testCodeFailure'
  error: |-
    Invalid selected SDK metadata must be rejected before executing the foreign launcher
    + actual - expected
    
      {
    +   foreignExecuted: true,
    +   status: 'fulfilled'
    -   foreignExecuted: false,
    -   status: 'rejected'
      }
    
  code: 'ERR_ASSERTION'
  name: 'AssertionError'
  expected:
    status: 'rejected'
    foreignExecuted: false
  actual:
    status: 'fulfilled'
    foreignExecuted: true
  operator: 'deepStrictEqual'
  stack: |-
    file:///Users/yuanxi/Workwork/vibe-fs/requirements/verification-system/tests/support/dotnet-tool-restore-tests.mjs:347:16
    process.processTicksAndRejections (node:internal/process/task_queues:103:5)
    async withFixture (file:///Users/yuanxi/Workwork/vibe-fs/requirements/verification-system/tests/support/dotnet-tool-restore-tests.mjs:59:12)
    async TestContext.<anonymous> (file:///Users/yuanxi/Workwork/vibe-fs/requirements/verification-system/tests/support/dotnet-tool-restore-tests.mjs:339:5)
    async Test.run (node:internal/test_runner/test:1054:7)
    async Test.processPendingSubtests (node:internal/test_runner/test:744:7)
  ...
1..3
# tests 3
# suites 0
# pass 0
# fail 3
# cancelled 0
# skipped 0
# todo 0
# duration_ms 2500.121125
