TAP version 13
# Subtest: WHAT[verification-system-016] tool receipt revalidation rejects a changed public toolRoot and disposal preserves the foreign owner
not ok 1 - WHAT[verification-system-016] tool receipt revalidation rejects a changed public toolRoot and disposal preserves the foreign owner
  ---
  duration_ms: 1080.084167
  type: 'test'
  location: '/Users/yuanxi/Workwork/vibe-fs/requirements/verification-system/tests/support/dotnet-tool-restore-tests.mjs:356:5'
  failureType: 'testCodeFailure'
  error: 'Missing expected exception: Changed public selection metadata cannot reuse the original inventory identity'
  code: 'ERR_ASSERTION'
  name: 'AssertionError'
  expected: [Function (anonymous)]
  operator: 'throws'
  stack: |-
    file:///Users/yuanxi/Workwork/vibe-fs/requirements/verification-system/tests/support/dotnet-tool-restore-tests.mjs:370:20
    withReceipt (file:///Users/yuanxi/Workwork/vibe-fs/requirements/verification-system/tests/support/dotnet-tool-restore-tests.mjs:147:18)
    process.processTicksAndRejections (node:internal/process/task_queues:103:5)
    async file:///Users/yuanxi/Workwork/vibe-fs/requirements/verification-system/tests/support/dotnet-tool-restore-tests.mjs:363:9
    async withFixture (file:///Users/yuanxi/Workwork/vibe-fs/requirements/verification-system/tests/support/dotnet-tool-restore-tests.mjs:59:12)
    async TestContext.<anonymous> (file:///Users/yuanxi/Workwork/vibe-fs/requirements/verification-system/tests/support/dotnet-tool-restore-tests.mjs:357:7)
    async Test.run (node:internal/test_runner/test:1054:7)
    async startSubtestAfterBootstrap (node:internal/test_runner/harness:296:3)
  ...
# Subtest: WHAT[verification-system-016] tool receipt revalidation rejects a changed public executable and disposal preserves the foreign owner
not ok 2 - WHAT[verification-system-016] tool receipt revalidation rejects a changed public executable and disposal preserves the foreign owner
  ---
  duration_ms: 781.499125
  type: 'test'
  location: '/Users/yuanxi/Workwork/vibe-fs/requirements/verification-system/tests/support/dotnet-tool-restore-tests.mjs:356:5'
  failureType: 'testCodeFailure'
  error: 'Missing expected exception: Changed public selection metadata cannot reuse the original inventory identity'
  code: 'ERR_ASSERTION'
  name: 'AssertionError'
  expected: [Function (anonymous)]
  operator: 'throws'
  stack: |-
    file:///Users/yuanxi/Workwork/vibe-fs/requirements/verification-system/tests/support/dotnet-tool-restore-tests.mjs:370:20
    withReceipt (file:///Users/yuanxi/Workwork/vibe-fs/requirements/verification-system/tests/support/dotnet-tool-restore-tests.mjs:147:18)
    process.processTicksAndRejections (node:internal/process/task_queues:103:5)
    async file:///Users/yuanxi/Workwork/vibe-fs/requirements/verification-system/tests/support/dotnet-tool-restore-tests.mjs:363:9
    async withFixture (file:///Users/yuanxi/Workwork/vibe-fs/requirements/verification-system/tests/support/dotnet-tool-restore-tests.mjs:59:12)
    async TestContext.<anonymous> (file:///Users/yuanxi/Workwork/vibe-fs/requirements/verification-system/tests/support/dotnet-tool-restore-tests.mjs:357:7)
    async Test.run (node:internal/test_runner/test:1054:7)
    async Test.processPendingSubtests (node:internal/test_runner/test:744:7)
  ...
1..2
# tests 2
# suites 0
# pass 0
# fail 2
# cancelled 0
# skipped 0
# todo 0
# duration_ms 1866.175583
