TAP version 13
# Subtest: WHAT[speculative-investigation-009] registered Replica hook closes the provider projection without admitting a synthetic physical input
not ok 1 - WHAT[speculative-investigation-009] registered Replica hook closes the provider projection without admitting a synthetic physical input
  ---
  duration_ms: 8370.663292
  type: 'test'
  location: '/Users/yuanxi/Workwork/vibe-fs/requirements/speculative-investigation/tests/009.test.mjs:327:1'
  failureType: 'testCodeFailure'
  error: |-
    Expected values to be strictly equal:
    + actual - expected
    
    + 'assistant'
    - 'user'
    
  code: 'ERR_ASSERTION'
  name: 'AssertionError'
  expected: 'user'
  actual: 'assistant'
  operator: 'strictEqual'
  stack: |-
    file:///Users/yuanxi/Workwork/vibe-fs/requirements/speculative-investigation/tests/009.test.mjs:372:18
    async withExecutablePlugin (file:///Users/yuanxi/Workwork/vibe-fs/requirements/verification-system/tests/support/plugin-fixture.mjs:274:7)
    async file:///Users/yuanxi/Workwork/vibe-fs/requirements/speculative-investigation/tests/009.test.mjs:333:7
    async withPreference (file:///Users/yuanxi/Workwork/vibe-fs/requirements/provider-language/tests/support/language-fixtures.mjs:6:12)
    async TestContext.<anonymous> (file:///Users/yuanxi/Workwork/vibe-fs/requirements/speculative-investigation/tests/009.test.mjs:331:5)
    async Test.run (node:internal/test_runner/test:1054:7)
    async startSubtestAfterBootstrap (node:internal/test_runner/harness:296:3)
  ...
1..1
# tests 1
# suites 0
# pass 0
# fail 1
# cancelled 0
# skipped 0
# todo 0
# duration_ms 9847.271041
