TAP version 13
# Subtest: WHAT[structured-workflow-012] output reset clears children and preserves foreign linked input
ok 1 - WHAT[structured-workflow-012] output reset clears children and preserves foreign linked input
  ---
  duration_ms: 5.82675
  type: 'test'
  ...
# Subtest: WHAT[structured-workflow-012] output reset rejects a linked root without replacing it or clearing foreign input
not ok 2 - WHAT[structured-workflow-012] output reset rejects a linked root without replacing it or clearing foreign input
  ---
  duration_ms: 0.8985
  type: 'test'
  location: '/Users/yuanxi/Workwork/vibe-fs/requirements/structured-workflow/tests/012.test.mjs:35:1'
  failureType: 'testCodeFailure'
  error: 'Missing expected exception.'
  code: 'ERR_ASSERTION'
  name: 'AssertionError'
  expected:
    code: 'OUTPUT_ROOT_NOT_DIRECTORY'
  operator: 'throws'
  stack: |-
    TestContext.<anonymous> (file:///Users/yuanxi/Workwork/vibe-fs/requirements/structured-workflow/tests/012.test.mjs:43:12)
    Test.runInAsyncScope (node:async_hooks:214:14)
    Test.run (node:internal/test_runner/test:1047:25)
    Test.processPendingSubtests (node:internal/test_runner/test:744:18)
    Test.postRun (node:internal/test_runner/test:1173:19)
    Test.run (node:internal/test_runner/test:1101:12)
    async startSubtestAfterBootstrap (node:internal/test_runner/harness:296:3)
  ...
# Subtest: WHAT[structured-workflow-012] Mac nested mounted output resets and remains writable under immutable input
ok 3 - WHAT[structured-workflow-012] Mac nested mounted output resets and remains writable under immutable input # SKIP integration tier not enabled
  ---
  duration_ms: 0.098958
  type: 'test'
  ...
1..3
# tests 3
# suites 0
# pass 1
# fail 1
# cancelled 0
# skipped 1
# todo 0
# duration_ms 237.864708
