TAP version 13
# Subtest: WHAT[verification-system-016] selected complete Fable tool compiles the original repository project and generated Identity consumers
    # Subtest: WHAT[verification-system-016] real Fable preparation selects a complete immutable Git tree and SDK archive without rewriting the original project
    not ok 1 - WHAT[verification-system-016] real Fable preparation selects a complete immutable Git tree and SDK archive without rewriting the original project
      ---
      duration_ms: 14082.158459
      type: 'test'
      location: '/Users/yuanxi/Workwork/vibe-fs/requirements/verification-system/tests/support/repository-fable-project-tests.mjs:96:13'
      failureType: 'testCodeFailure'
      error: 'The compile inventory must contain ordinary members: dotnet-sdk/packs/Microsoft.AspNetCore.App.Runtime.osx-arm64/10.0.10/runtimes/osx-arm64/lib/net10.0/Microsoft.AspNetCore.Antiforgery.dll'
      code: 'ERR_ASSERTION'
      name: 'AssertionError'
      expected: true
      actual: false
      operator: '=='
      stack: |-
        visit (file:///Users/yuanxi/Workwork/vibe-fs/requirements/verification-system/tests/support/repository-fable-project-tests.mjs:41:14)
        visit (file:///Users/yuanxi/Workwork/vibe-fs/requirements/verification-system/tests/support/repository-fable-project-tests.mjs:39:59)
        visit (file:///Users/yuanxi/Workwork/vibe-fs/requirements/verification-system/tests/support/repository-fable-project-tests.mjs:39:59)
        visit (file:///Users/yuanxi/Workwork/vibe-fs/requirements/verification-system/tests/support/repository-fable-project-tests.mjs:39:59)
        visit (file:///Users/yuanxi/Workwork/vibe-fs/requirements/verification-system/tests/support/repository-fable-project-tests.mjs:39:59)
        visit (file:///Users/yuanxi/Workwork/vibe-fs/requirements/verification-system/tests/support/repository-fable-project-tests.mjs:39:59)
        visit (file:///Users/yuanxi/Workwork/vibe-fs/requirements/verification-system/tests/support/repository-fable-project-tests.mjs:39:59)
        visit (file:///Users/yuanxi/Workwork/vibe-fs/requirements/verification-system/tests/support/repository-fable-project-tests.mjs:39:59)
        visit (file:///Users/yuanxi/Workwork/vibe-fs/requirements/verification-system/tests/support/repository-fable-project-tests.mjs:39:59)
        visit (file:///Users/yuanxi/Workwork/vibe-fs/requirements/verification-system/tests/support/repository-fable-project-tests.mjs:39:59)
      ...
    1..1
not ok 1 - WHAT[verification-system-016] selected complete Fable tool compiles the original repository project and generated Identity consumers
  ---
  duration_ms: 15100.437083
  type: 'test'
  location: '/Users/yuanxi/Workwork/vibe-fs/[eval1]:1:161'
  failureType: 'subtestsFailed'
  error: '1 subtest failed'
  code: 'ERR_TEST_FAILURE'
  ...
1..1
# tests 2
# suites 0
# pass 0
# fail 2
# cancelled 0
# skipped 0
# todo 0
# duration_ms 15107.244875
