TAP version 13
# Subtest: WHAT[verification-system-016] npm tool archive installation owns selected complete tools and locked dependencies through publication
    # Subtest: WHAT[verification-system-016] two actual locked registry packages use the selected bundle layout and bind its complete identity after tools cleanup
    not ok 1 - WHAT[verification-system-016] two actual locked registry packages use the selected bundle layout and bind its complete identity after tools cleanup
      ---
      duration_ms: 1354.077834
      type: 'test'
      location: '/Users/yuanxi/Workwork/vibe-fs/requirements/verification-system/tests/support/npm-tool-archive-tests.mjs:93:13'
      failureType: 'testCodeFailure'
      error: '(intermediate value).installVerificationDependenciesFromToolArchive is not a function'
      code: 'ERR_TEST_FAILURE'
      name: 'TypeError'
      stack: |-
        installFromArchive (file:///Users/yuanxi/Workwork/vibe-fs/requirements/verification-system/tests/support/npm-tool-archive-tests.mjs:11:118)
        async TestContext.<anonymous> (file:///Users/yuanxi/Workwork/vibe-fs/requirements/verification-system/tests/support/npm-tool-archive-tests.mjs:99:21)
        async Test.run (node:internal/test_runner/test:1054:7)
        async TestContext.<anonymous> (file:///Users/yuanxi/Workwork/vibe-fs/requirements/verification-system/tests/support/npm-tool-archive-tests.mjs:93:5)
        async Test.run (node:internal/test_runner/test:1054:7)
        async startSubtestAfterBootstrap (node:internal/test_runner/harness:296:3)
      ...
    # Subtest: WHAT[verification-system-016] npm tool archive rejects non-CLI library bytes changed during a real held install and reclaims unpublished dependencies
    not ok 2 - WHAT[verification-system-016] npm tool archive rejects non-CLI library bytes changed during a real held install and reclaims unpublished dependencies
      ---
      duration_ms: 965.879792
      type: 'test'
      location: '/Users/yuanxi/Workwork/vibe-fs/requirements/verification-system/tests/support/npm-tool-archive-tests.mjs:127:15'
      failureType: 'testCodeFailure'
      error: '(intermediate value).installVerificationDependenciesFromToolArchive is not a function'
      code: 'ERR_TEST_FAILURE'
      name: 'TypeError'
      stack: |-
        installFromArchive (file:///Users/yuanxi/Workwork/vibe-fs/requirements/verification-system/tests/support/npm-tool-archive-tests.mjs:11:118)
      ...
    # Subtest: WHAT[verification-system-016] npm tool archive rejects new tool member changed during a real held install and reclaims unpublished dependencies
    not ok 3 - WHAT[verification-system-016] npm tool archive rejects new tool member changed during a real held install and reclaims unpublished dependencies
      ---
      duration_ms: 951.32625
      type: 'test'
      location: '/Users/yuanxi/Workwork/vibe-fs/requirements/verification-system/tests/support/npm-tool-archive-tests.mjs:127:15'
      failureType: 'testCodeFailure'
      error: '(intermediate value).installVerificationDependenciesFromToolArchive is not a function'
      code: 'ERR_TEST_FAILURE'
      name: 'TypeError'
      stack: |-
        installFromArchive (file:///Users/yuanxi/Workwork/vibe-fs/requirements/verification-system/tests/support/npm-tool-archive-tests.mjs:11:118)
      ...
    # Subtest: WHAT[verification-system-016] npm tool archive held install cancellation preserves Error and reclaims tools installation and dependencies
    not ok 4 - WHAT[verification-system-016] npm tool archive held install cancellation preserves Error and reclaims tools installation and dependencies
      ---
      duration_ms: 1039.013625
      type: 'test'
      location: '/Users/yuanxi/Workwork/vibe-fs/requirements/verification-system/tests/support/npm-tool-archive-tests.mjs:150:15'
      failureType: 'testCodeFailure'
      error: '(intermediate value).installVerificationDependenciesFromToolArchive is not a function'
      code: 'ERR_TEST_FAILURE'
      name: 'TypeError'
      stack: |-
        installFromArchive (file:///Users/yuanxi/Workwork/vibe-fs/requirements/verification-system/tests/support/npm-tool-archive-tests.mjs:11:118)
      ...
    # Subtest: WHAT[verification-system-016] npm tool archive held install cancellation preserves null and reclaims tools installation and dependencies
    not ok 5 - WHAT[verification-system-016] npm tool archive held install cancellation preserves null and reclaims tools installation and dependencies
      ---
      duration_ms: 969.568167
      type: 'test'
      location: '/Users/yuanxi/Workwork/vibe-fs/requirements/verification-system/tests/support/npm-tool-archive-tests.mjs:150:15'
      failureType: 'testCodeFailure'
      error: '(intermediate value).installVerificationDependenciesFromToolArchive is not a function'
      code: 'ERR_TEST_FAILURE'
      name: 'TypeError'
      stack: |-
        installFromArchive (file:///Users/yuanxi/Workwork/vibe-fs/requirements/verification-system/tests/support/npm-tool-archive-tests.mjs:11:118)
      ...
    # Subtest: WHAT[verification-system-016] npm tool archive rejects a mismatched actual Node version before registry execution
    not ok 6 - WHAT[verification-system-016] npm tool archive rejects a mismatched actual Node version before registry execution
      ---
      duration_ms: 909.505458
      type: 'test'
      location: '/Users/yuanxi/Workwork/vibe-fs/requirements/verification-system/tests/support/npm-tool-archive-tests.mjs:173:15'
      failureType: 'testCodeFailure'
      error: |-
        Expected values to be strictly deep-equal:
        + actual - expected
        
        + Comparison {}
        - Comparison {
        -   code: 'verification-npm-tool-invalid'
        - }
        
      code: 'ERR_ASSERTION'
      name: 'AssertionError'
      expected:
        code: 'verification-npm-tool-invalid'
      actual:
      error: '(intermediate value).installVerificationDependenciesFromToolArchive is not a function'
      name: 'TypeError'
      stack: |-
        installFromArchive (file:///Users/yuanxi/Workwork/vibe-fs/requirements/verification-system/tests/support/npm-tool-archive-tests.mjs:11:118)
        async waitForActual (node:assert:644:5)
        async Function.rejects (node:assert:767:25)
        async TestContext.<anonymous> (file:///Users/yuanxi/Workwork/vibe-fs/requirements/verification-system/tests/support/npm-tool-archive-tests.mjs:185:11)
        async Test.run (node:internal/test_runner/test:1054:7)
        async TestContext.<anonymous> (file:///Users/yuanxi/Workwork/vibe-fs/requirements/verification-system/tests/support/npm-tool-archive-tests.mjs:173:7)
        async Test.run (node:internal/test_runner/test:1054:7)
        async startSubtestAfterBootstrap (node:internal/test_runner/harness:296:3)
      operator: 'rejects'
      stack: |-
        async TestContext.<anonymous> (file:///Users/yuanxi/Workwork/vibe-fs/requirements/verification-system/tests/support/npm-tool-archive-tests.mjs:185:11)
        async Test.run (node:internal/test_runner/test:1054:7)
        async TestContext.<anonymous> (file:///Users/yuanxi/Workwork/vibe-fs/requirements/verification-system/tests/support/npm-tool-archive-tests.mjs:173:7)
        async Test.run (node:internal/test_runner/test:1054:7)
        async startSubtestAfterBootstrap (node:internal/test_runner/harness:296:3)
      ...
    # Subtest: WHAT[verification-system-016] npm tool archive rejects a mismatched actual npm version before registry execution
    not ok 7 - WHAT[verification-system-016] npm tool archive rejects a mismatched actual npm version before registry execution
      ---
      duration_ms: 887.146375
      type: 'test'
      location: '/Users/yuanxi/Workwork/vibe-fs/requirements/verification-system/tests/support/npm-tool-archive-tests.mjs:173:15'
      failureType: 'testCodeFailure'
      error: |-
        Expected values to be strictly deep-equal:
        + actual - expected
        
        + Comparison {}
        - Comparison {
        -   code: 'verification-npm-tool-invalid'
        - }
        
      code: 'ERR_ASSERTION'
      name: 'AssertionError'
      expected:
        code: 'verification-npm-tool-invalid'
      actual:
      error: '(intermediate value).installVerificationDependenciesFromToolArchive is not a function'
      name: 'TypeError'
      stack: |-
        installFromArchive (file:///Users/yuanxi/Workwork/vibe-fs/requirements/verification-system/tests/support/npm-tool-archive-tests.mjs:11:118)
        async waitForActual (node:assert:644:5)
        async Function.rejects (node:assert:767:25)
        async TestContext.<anonymous> (file:///Users/yuanxi/Workwork/vibe-fs/requirements/verification-system/tests/support/npm-tool-archive-tests.mjs:185:11)
        async Test.run (node:internal/test_runner/test:1054:7)
        async TestContext.<anonymous> (file:///Users/yuanxi/Workwork/vibe-fs/requirements/verification-system/tests/support/npm-tool-archive-tests.mjs:173:7)
        async Test.run (node:internal/test_runner/test:1054:7)
        async startSubtestAfterBootstrap (node:internal/test_runner/harness:296:3)
      operator: 'rejects'
      stack: |-
        async TestContext.<anonymous> (file:///Users/yuanxi/Workwork/vibe-fs/requirements/verification-system/tests/support/npm-tool-archive-tests.mjs:185:11)
        async Test.run (node:internal/test_runner/test:1054:7)
        async TestContext.<anonymous> (file:///Users/yuanxi/Workwork/vibe-fs/requirements/verification-system/tests/support/npm-tool-archive-tests.mjs:173:7)
        async Test.run (node:internal/test_runner/test:1054:7)
        async startSubtestAfterBootstrap (node:internal/test_runner/harness:296:3)
      ...
    # Subtest: WHAT[verification-system-016] npm tool archive already aborted preserves Error before reading missing source or archive
    not ok 8 - WHAT[verification-system-016] npm tool archive already aborted preserves Error before reading missing source or archive
      ---
      duration_ms: 116.140542
      type: 'test'
      location: '/Users/yuanxi/Workwork/vibe-fs/requirements/verification-system/tests/support/npm-tool-archive-tests.mjs:195:15'
      failureType: 'testCodeFailure'
      error: |-
        Expected "actual" to be reference-equal to "expected":
        + actual - expected
        
        + [TypeError: (intermediate value).installVerificationDependenciesFromToolArchive is not a function]
        - [Error: cancelled before tool archive installation]
        
      code: 'ERR_ASSERTION'
      name: 'AssertionError'
      expected:
      actual:
      operator: 'strictEqual'
      stack: |-
        TestContext.<anonymous> (file:///Users/yuanxi/Workwork/vibe-fs/requirements/verification-system/tests/support/npm-tool-archive-tests.mjs:202:18)
        process.processTicksAndRejections (node:internal/process/task_queues:103:5)
        async Test.run (node:internal/test_runner/test:1054:7)
        async TestContext.<anonymous> (file:///Users/yuanxi/Workwork/vibe-fs/requirements/verification-system/tests/support/npm-tool-archive-tests.mjs:195:7)
        async Test.run (node:internal/test_runner/test:1054:7)
        async startSubtestAfterBootstrap (node:internal/test_runner/harness:296:3)
      ...
    # Subtest: WHAT[verification-system-016] npm tool archive already aborted preserves null before reading missing source or archive
    not ok 9 - WHAT[verification-system-016] npm tool archive already aborted preserves null before reading missing source or archive
      ---
      duration_ms: 114.038917
      type: 'test'
      location: '/Users/yuanxi/Workwork/vibe-fs/requirements/verification-system/tests/support/npm-tool-archive-tests.mjs:195:15'
      failureType: 'testCodeFailure'
      error: |-
        Expected values to be strictly equal:
        + actual - expected
        
        + TypeError: (intermediate value).installVerificationDependenciesFromToolArchive is not a function
        +     at installFromArchive (file:///Users/yuanxi/Workwork/vibe-fs/requirements/verification-system/tests/support/npm-tool-archive-tests.mjs:11:118)
        +     at process.processTicksAndRejections (node:internal/process/task_queues:103:5)
        +     at async Promise.allSettled (index 0)
        +     at async TestContext.<anonymous> (file:///Users/yuanxi/Workwork/vibe-fs/requirements/verification-system/tests/support/npm-tool-archive-tests.mjs:200:29)
        +     at async Test.run (node:internal/test_runner/test:1054:7)
        +     at async TestContext.<anonymous> (file:///Users/yuanxi/Workwork/vibe-fs/requirements/verification-system/tests/support/npm-tool-archive-tests.mjs:195:7)
        +     at async Test.run (node:internal/test_runner/test:1054:7)
        +     at async startSubtestAfterBootstrap (node:internal/test_runner/harness:296:3)
        - null
        
      code: 'ERR_ASSERTION'
      name: 'AssertionError'
      expected: ~
      actual:
      error: '(intermediate value).installVerificationDependenciesFromToolArchive is not a function'
      name: 'TypeError'
      stack: |-
        installFromArchive (file:///Users/yuanxi/Workwork/vibe-fs/requirements/verification-system/tests/support/npm-tool-archive-tests.mjs:11:118)
        process.processTicksAndRejections (node:internal/process/task_queues:103:5)
        async Promise.allSettled (index 0)
        async TestContext.<anonymous> (file:///Users/yuanxi/Workwork/vibe-fs/requirements/verification-system/tests/support/npm-tool-archive-tests.mjs:200:29)
        async Test.run (node:internal/test_runner/test:1054:7)
        async TestContext.<anonymous> (file:///Users/yuanxi/Workwork/vibe-fs/requirements/verification-system/tests/support/npm-tool-archive-tests.mjs:195:7)
        async Test.run (node:internal/test_runner/test:1054:7)
        async startSubtestAfterBootstrap (node:internal/test_runner/harness:296:3)
      operator: 'strictEqual'
      stack: |-
        TestContext.<anonymous> (file:///Users/yuanxi/Workwork/vibe-fs/requirements/verification-system/tests/support/npm-tool-archive-tests.mjs:202:18)
        process.processTicksAndRejections (node:internal/process/task_queues:103:5)
        async Test.run (node:internal/test_runner/test:1054:7)
        async TestContext.<anonymous> (file:///Users/yuanxi/Workwork/vibe-fs/requirements/verification-system/tests/support/npm-tool-archive-tests.mjs:195:7)
        async Test.run (node:internal/test_runner/test:1054:7)
        async startSubtestAfterBootstrap (node:internal/test_runner/harness:296:3)
      ...
    1..9
not ok 1 - WHAT[verification-system-016] npm tool archive installation owns selected complete tools and locked dependencies through publication
  ---
  duration_ms: 7308.952125
  type: 'test'
  location: '/Users/yuanxi/Workwork/vibe-fs/requirements/verification-system/tests/support/npm-tool-archive-tests.mjs:92:3'
  failureType: 'subtestsFailed'
  error: '9 subtests failed'
  code: 'ERR_TEST_FAILURE'
  ...
1..1
# tests 10
# suites 0
# pass 0
# fail 10
# cancelled 0
# skipped 0
# todo 0
# duration_ms 7393.33075
