TAP version 13
# Subtest: WHAT[verification-system-016] Fable compilation requires four prepared input owners before publishing an output
ok 1 - WHAT[verification-system-016] Fable compilation requires four prepared input owners before publishing an output
  ---
  duration_ms: 2.874667
  type: 'test'
  ...
# Subtest: WHAT[verification-system-016] Fable compilation rejects a mismatched source tree before executing
ok 2 - WHAT[verification-system-016] Fable compilation rejects a mismatched source tree before executing
  ---
  duration_ms: 205.817
  type: 'test'
  ...
# Subtest: WHAT[verification-system-016] Fable compilation rejects a mismatched source digest before executing
ok 3 - WHAT[verification-system-016] Fable compilation rejects a mismatched source digest before executing
  ---
  duration_ms: 201.404125
  type: 'test'
  ...
# Subtest: WHAT[verification-system-016] Fable compilation rejects a mismatched project SDK before executing
ok 4 - WHAT[verification-system-016] Fable compilation rejects a mismatched project SDK before executing
  ---
  duration_ms: 200.511542
  type: 'test'
  ...
# Subtest: WHAT[verification-system-016] Fable compilation rejects a mismatched tools SDK before executing
ok 5 - WHAT[verification-system-016] Fable compilation rejects a mismatched tools SDK before executing
  ---
  duration_ms: 204.076375
  type: 'test'
  ...
# Subtest: WHAT[verification-system-016] Fable compilation rejects a mismatched original global before executing
ok 6 - WHAT[verification-system-016] Fable compilation rejects a mismatched original global before executing
  ---
  duration_ms: 197.952542
  type: 'test'
  ...
# Subtest: WHAT[verification-system-016] Fable compilation rejects a mismatched original tool manifest before executing
ok 7 - WHAT[verification-system-016] Fable compilation rejects a mismatched original tool manifest before executing
  ---
  duration_ms: 214.796958
  type: 'test'
  ...
# Subtest: WHAT[verification-system-016] Fable compilation rejects a missing selected Fable role before executing
ok 8 - WHAT[verification-system-016] Fable compilation rejects a missing selected Fable role before executing
  ---
  duration_ms: 226.479875
  type: 'test'
  ...
# Subtest: WHAT[verification-system-016] Fable compilation rejects a duplicate selected Fable role before executing
ok 9 - WHAT[verification-system-016] Fable compilation rejects a duplicate selected Fable role before executing
  ---
  duration_ms: 222.249459
  type: 'test'
  ...
# Subtest: WHAT[verification-system-016] Fable compilation rejects a foreign selected Fable role before executing
ok 10 - WHAT[verification-system-016] Fable compilation rejects a foreign selected Fable role before executing
  ---
  duration_ms: 231.026209
  type: 'test'
  ...
# Subtest: WHAT[verification-system-016] selected Fable compilation preserves caller inputs and binds the seeded private output inventory
not ok 11 - WHAT[verification-system-016] selected Fable compilation preserves caller inputs and binds the seeded private output inventory
  ---
  duration_ms: 237.05925
  type: 'test'
  location: '/Users/yuanxi/Workwork/vibe-fs/requirements/verification-system/tests/support/fable-project-tests.mjs:226:3'
  failureType: 'testCodeFailure'
  error: 'Compilation artifacts seed differs from its selected restore outputs'
  code: 'verification-fable-project-entry-invalid'
  stack: |-
    invalidEntry (file:///Users/yuanxi/Workwork/vibe-fs/scripts/lib/verification-fable-project.mjs:10:47)
    Module.compileVerificationFableProject (file:///Users/yuanxi/Workwork/vibe-fs/scripts/lib/verification-fable-project.mjs:50:107)
    compileProject (file:///Users/yuanxi/Workwork/vibe-fs/requirements/verification-system/tests/support/fable-project-tests.mjs:10:114)
    async file:///Users/yuanxi/Workwork/vibe-fs/requirements/verification-system/tests/support/fable-project-tests.mjs:176:23
    async withCompileFixture (file:///Users/yuanxi/Workwork/vibe-fs/requirements/verification-system/tests/support/fable-project-tests.mjs:142:5)
    async withCompiledFixture (file:///Users/yuanxi/Workwork/vibe-fs/requirements/verification-system/tests/support/fable-project-tests.mjs:175:3)
    async TestContext.<anonymous> (file:///Users/yuanxi/Workwork/vibe-fs/requirements/verification-system/tests/support/fable-project-tests.mjs:227:5)
    async Test.run (node:internal/test_runner/test:1054:7)
    async Test.processPendingSubtests (node:internal/test_runner/test:744:7)
  ...
# Subtest: WHAT[verification-system-016] Fable compilation rejects empty JavaScript output without publication
ok 12 - WHAT[verification-system-016] Fable compilation rejects empty JavaScript output without publication
  ---
  duration_ms: 173.120917
  type: 'test'
  ...
# Subtest: WHAT[verification-system-016] Fable compilation rejects linked JavaScript output without publication
ok 13 - WHAT[verification-system-016] Fable compilation rejects linked JavaScript output without publication
  ---
  duration_ms: 254.143542
  type: 'test'
  ...
# Subtest: WHAT[verification-system-016] Fable process failure retains its physical cause and reclaims only compile output
not ok 14 - WHAT[verification-system-016] Fable process failure retains its physical cause and reclaims only compile output
  ---
  duration_ms: 186.76275
  type: 'test'
  location: '/Users/yuanxi/Workwork/vibe-fs/requirements/verification-system/tests/support/fable-project-tests.mjs:264:3'
  failureType: 'testCodeFailure'
  error: 'Unexpected compile failure: Error: Compilation artifacts seed differs from its selected restore outputs'
  code: 'ERR_ASSERTION'
  name: 'AssertionError'
  expected: true
  actual: false
  operator: '=='
  stack: |-
    rejectsCompile (file:///Users/yuanxi/Workwork/vibe-fs/requirements/verification-system/tests/support/fable-project-tests.mjs:168:12)
    async withCompileFixture.failure (file:///Users/yuanxi/Workwork/vibe-fs/requirements/verification-system/tests/support/fable-project-tests.mjs:266:7)
    async withCompileFixture (file:///Users/yuanxi/Workwork/vibe-fs/requirements/verification-system/tests/support/fable-project-tests.mjs:142:5)
    async TestContext.<anonymous> (file:///Users/yuanxi/Workwork/vibe-fs/requirements/verification-system/tests/support/fable-project-tests.mjs:265:5)
    async Test.run (node:internal/test_runner/test:1054:7)
    async Test.processPendingSubtests (node:internal/test_runner/test:744:7)
  ...
# Subtest: WHAT[verification-system-016] early Fable cancellation preserves Error without reading absent owners
ok 15 - WHAT[verification-system-016] early Fable cancellation preserves Error without reading absent owners
  ---
  duration_ms: 0.389583
  type: 'test'
  ...
# Subtest: WHAT[verification-system-016] early Fable cancellation preserves null without reading absent owners
ok 16 - WHAT[verification-system-016] early Fable cancellation preserves null without reading absent owners
  ---
  duration_ms: 0.06775
  type: 'test'
  ...
# Subtest: WHAT[verification-system-016] changed public compileRoot cannot borrow the captured compile identity or redirect disposal
not ok 17 - WHAT[verification-system-016] changed public compileRoot cannot borrow the captured compile identity or redirect disposal
  ---
  duration_ms: 224.301125
  type: 'test'
  location: '/Users/yuanxi/Workwork/vibe-fs/requirements/verification-system/tests/support/fable-project-tests.mjs:277:5'
  failureType: 'testCodeFailure'
  error: 'Compilation artifacts seed differs from its selected restore outputs'
  code: 'verification-fable-project-entry-invalid'
  stack: |-
    invalidEntry (file:///Users/yuanxi/Workwork/vibe-fs/scripts/lib/verification-fable-project.mjs:10:47)
    Module.compileVerificationFableProject (file:///Users/yuanxi/Workwork/vibe-fs/scripts/lib/verification-fable-project.mjs:50:107)
    compileProject (file:///Users/yuanxi/Workwork/vibe-fs/requirements/verification-system/tests/support/fable-project-tests.mjs:10:114)
    async file:///Users/yuanxi/Workwork/vibe-fs/requirements/verification-system/tests/support/fable-project-tests.mjs:176:23
    async withCompileFixture (file:///Users/yuanxi/Workwork/vibe-fs/requirements/verification-system/tests/support/fable-project-tests.mjs:142:5)
    async withCompiledFixture (file:///Users/yuanxi/Workwork/vibe-fs/requirements/verification-system/tests/support/fable-project-tests.mjs:175:3)
    async TestContext.<anonymous> (file:///Users/yuanxi/Workwork/vibe-fs/requirements/verification-system/tests/support/fable-project-tests.mjs:278:7)
    async Test.run (node:internal/test_runner/test:1054:7)
    async Test.processPendingSubtests (node:internal/test_runner/test:744:7)
  ...
# Subtest: WHAT[verification-system-016] changed public compileDigest cannot borrow the captured compile identity or redirect disposal
not ok 18 - WHAT[verification-system-016] changed public compileDigest cannot borrow the captured compile identity or redirect disposal
  ---
  duration_ms: 308.15675
  type: 'test'
  location: '/Users/yuanxi/Workwork/vibe-fs/requirements/verification-system/tests/support/fable-project-tests.mjs:277:5'
  failureType: 'testCodeFailure'
  error: 'Compilation artifacts seed differs from its selected restore outputs'
  code: 'verification-fable-project-entry-invalid'
  stack: |-
    invalidEntry (file:///Users/yuanxi/Workwork/vibe-fs/scripts/lib/verification-fable-project.mjs:10:47)
    Module.compileVerificationFableProject (file:///Users/yuanxi/Workwork/vibe-fs/scripts/lib/verification-fable-project.mjs:50:107)
    compileProject (file:///Users/yuanxi/Workwork/vibe-fs/requirements/verification-system/tests/support/fable-project-tests.mjs:10:114)
    async file:///Users/yuanxi/Workwork/vibe-fs/requirements/verification-system/tests/support/fable-project-tests.mjs:176:23
    async withCompileFixture (file:///Users/yuanxi/Workwork/vibe-fs/requirements/verification-system/tests/support/fable-project-tests.mjs:142:5)
    async withCompiledFixture (file:///Users/yuanxi/Workwork/vibe-fs/requirements/verification-system/tests/support/fable-project-tests.mjs:175:3)
    async TestContext.<anonymous> (file:///Users/yuanxi/Workwork/vibe-fs/requirements/verification-system/tests/support/fable-project-tests.mjs:278:7)
    async Test.run (node:internal/test_runner/test:1054:7)
    async Test.processPendingSubtests (node:internal/test_runner/test:744:7)
  ...
# Subtest: WHAT[verification-system-016] compiled JavaScript revalidation rejects bytes, mode, added and missing output members
not ok 19 - WHAT[verification-system-016] compiled JavaScript revalidation rejects bytes, mode, added and missing output members
  ---
  duration_ms: 214.817
  type: 'test'
  location: '/Users/yuanxi/Workwork/vibe-fs/requirements/verification-system/tests/support/fable-project-tests.mjs:291:3'
  failureType: 'testCodeFailure'
  error: 'Compilation artifacts seed differs from its selected restore outputs'
  code: 'verification-fable-project-entry-invalid'
  stack: |-
    invalidEntry (file:///Users/yuanxi/Workwork/vibe-fs/scripts/lib/verification-fable-project.mjs:10:47)
    Module.compileVerificationFableProject (file:///Users/yuanxi/Workwork/vibe-fs/scripts/lib/verification-fable-project.mjs:50:107)
    compileProject (file:///Users/yuanxi/Workwork/vibe-fs/requirements/verification-system/tests/support/fable-project-tests.mjs:10:114)
    async file:///Users/yuanxi/Workwork/vibe-fs/requirements/verification-system/tests/support/fable-project-tests.mjs:176:23
    async withCompileFixture (file:///Users/yuanxi/Workwork/vibe-fs/requirements/verification-system/tests/support/fable-project-tests.mjs:142:5)
    async withCompiledFixture (file:///Users/yuanxi/Workwork/vibe-fs/requirements/verification-system/tests/support/fable-project-tests.mjs:175:3)
    async TestContext.<anonymous> (file:///Users/yuanxi/Workwork/vibe-fs/requirements/verification-system/tests/support/fable-project-tests.mjs:292:5)
    async Test.run (node:internal/test_runner/test:1054:7)
    async Test.processPendingSubtests (node:internal/test_runner/test:744:7)
  ...
1..19
# tests 19
# suites 0
# pass 14
# fail 5
# cancelled 0
# skipped 0
# todo 0
# duration_ms 3515.653875
