▶ WHAT[verification-system-016] selected Node and complete npm bundle preparation binds actual probes without borrowing ambient configuration
  ✔ WHAT[verification-system-016] the formal fixture captures an explicit complete npm package and actual selected Node binary (885.1535ms)
  ✔ WHAT[verification-system-016] wrong selected tool archive digest publishes no candidate (85.567625ms)
  ✔ WHAT[verification-system-016] tool role paths reject aliases and npm entrypoints outside the selected npm package (1866.135333ms)
  ✔ WHAT[verification-system-016] actual bundled Node and npm probes ignore hostile ambient HOME launchers and npm configuration (3198.817792ms)
  ✔ WHAT[verification-system-016] a missing declared npm library cannot be borrowed from the candidate parent directory by the actual npm CLI (842.486292ms)
  ✔ WHAT[verification-system-016] complete root npm dependencies cannot conceal a missing declared transitive production library (830.16375ms)
  ✔ WHAT[verification-system-016] a valid selected archive missing an npm required module fails the actual npm probe and reclaims its private resources (2276.30875ms)
  ✔ WHAT[verification-system-016] an internal symbolic Node entrypoint cannot stand in for the selected executable file (872.526083ms)
  ✔ WHAT[verification-system-016] a non-executable selected Node file cannot authorize a tool probe (930.200959ms)
  ✔ WHAT[verification-system-016] an actual npm CLI that adds an unselected file before reporting its real version cannot publish the original bundle identity (2396.269291ms)
  ✔ WHAT[verification-system-016] a held actual npm probe preserves Error cancellation and drains its process group (2253.365333ms)
  ✔ WHAT[verification-system-016] a held actual npm probe preserves null cancellation and drains its process group (2206.146375ms)
  ✔ WHAT[verification-system-016] already aborted tool preparation preserves Error before reading a missing archive (0.398333ms)
  ✔ WHAT[verification-system-016] already aborted tool preparation preserves null before reading a missing archive (0.083333ms)
✔ WHAT[verification-system-016] selected Node and complete npm bundle preparation binds actual probes without borrowing ambient configuration (18802.472375ms)
✔ WHAT[verification-system-016] npm installation uses the selected real CLI and two locked registry packages without lifecycle scripts or ambient launcher configuration (2083.956458ms)
✔ WHAT[verification-system-016] npm installation rejects real registry bytes that violate the selected lock integrity and reclaims all installation resources (2107.565417ms)
✔ WHAT[verification-system-016] npm installation fails through real npm ci when a required transitive package is missing from the lock inventory (1924.435584ms)
▶ WHAT[verification-system-016] npm installation refuses file git link and workspace dependency authorities before making registry requests
  ✔ WHAT[verification-system-016] npm installation refuses file:../foreign (0.764375ms)
  ✔ WHAT[verification-system-016] npm installation refuses git+https://example.invalid/foreign.git (0.402917ms)
  ✔ WHAT[verification-system-016] npm installation refuses link:../foreign (0.307875ms)
  ✔ WHAT[verification-system-016] npm installation refuses workspace:* (0.367875ms)
  ✔ WHAT[verification-system-016] npm installation refuses . (0.29675ms)
  ✔ WHAT[verification-system-016] npm installation refuses .. (0.279167ms)
  ✔ WHAT[verification-system-016] npm installation refuses foreign.tgz (0.295375ms)
  ✔ WHAT[verification-system-016] npm installation refuses foreign.tar.gz (0.27925ms)
  ✔ WHAT[verification-system-016] npm installation refuses foreign.tar (0.271375ms)
✔ WHAT[verification-system-016] npm installation refuses file git link and workspace dependency authorities before making registry requests (128.175083ms)
✔ WHAT[verification-system-016] npm installation cancellation closes the actual held tarball request preserves its original reason and reclaims partial installation (1975.812875ms)
✔ WHAT[verification-system-016] npm installation null reason cancellation preserves the exact reason after a real tarball request starts (1936.855541ms)
✔ WHAT[verification-system-016] npm installation refuses source overrides with foreign dependency authority before launching npm (137.647291ms)
▶ WHAT[verification-system-016] npm installation rejects registry escapes linked lock entries and source workspace authority before network or allocation
  ✔ WHAT[verification-system-016] npm installation refuses different registry origin (1.595ms)
  ✔ WHAT[verification-system-016] npm installation refuses registry path prefix sibling (0.4585ms)
  ✔ WHAT[verification-system-016] npm installation refuses registry credentials (0.203958ms)
  ✔ WHAT[verification-system-016] npm installation refuses registry query (0.177875ms)
  ✔ WHAT[verification-system-016] npm installation refuses registry fragment (0.161833ms)
  ✔ WHAT[verification-system-016] npm installation refuses nonlocal plaintext registry (0.154625ms)
  ✔ WHAT[verification-system-016] npm installation refuses locked tarball credentials (0.26075ms)
  ✔ WHAT[verification-system-016] npm installation refuses locked tarball query (0.261208ms)
  ✔ WHAT[verification-system-016] npm installation refuses locked tarball fragment (0.257667ms)
  ✔ WHAT[verification-system-016] npm installation refuses linked lock member (0.259875ms)
  ✔ WHAT[verification-system-016] npm installation refuses source workspaces (0.233333ms)
  ✔ WHAT[verification-system-016] npm installation refuses locked root workspaces (0.214458ms)
  ✔ WHAT[verification-system-016] npm installation refuses nested git override (0.209042ms)
  ✔ WHAT[verification-system-016] npm installation refuses link override (0.202834ms)
  ✔ WHAT[verification-system-016] npm installation refuses workspace override (0.197667ms)
  ✔ WHAT[verification-system-016] npm installation refuses local archive or directory override . (0.191791ms)
  ✔ WHAT[verification-system-016] npm installation refuses local archive or directory override .. (0.188208ms)
  ✔ WHAT[verification-system-016] npm installation refuses local archive or directory override foreign.tgz (0.181125ms)
  ✔ WHAT[verification-system-016] npm installation refuses local archive or directory override foreign.tar.gz (0.177333ms)
  ✔ WHAT[verification-system-016] npm installation refuses local archive or directory override foreign.tar (0.183625ms)
✔ WHAT[verification-system-016] npm installation rejects registry escapes linked lock entries and source workspace authority before network or allocation (134.290125ms)
▶ WHAT[verification-system-016] npm installation admits only the selected Node CLI hashes version and declared package manager
  ✔ WHAT[verification-system-016] npm installation refuses Node byte identity mismatch (69.05875ms)
  ✔ WHAT[verification-system-016] npm installation refuses npm CLI byte identity mismatch (65.317292ms)
  ✔ WHAT[verification-system-016] npm installation refuses actual npm version mismatch (1531.029ms)
  ✔ WHAT[verification-system-016] npm installation refuses declared package manager mismatch (0.638417ms)
✔ WHAT[verification-system-016] npm installation admits only the selected Node CLI hashes version and declared package manager (1793.591708ms)
▶ WHAT[verification-system-016] npm installation already aborted admission preserves Error and null reasons before reading missing source files
  ✔ WHAT[verification-system-016] npm installation already aborted with Error (0.346375ms)
  ✔ WHAT[verification-system-016] npm installation already aborted with null (0.934375ms)
✔ WHAT[verification-system-016] npm installation already aborted admission preserves Error and null reasons before reading missing source files (131.253791ms)
ℹ tests 60
ℹ suites 0
ℹ pass 60
ℹ fail 0
ℹ cancelled 0
ℹ skipped 0
ℹ todo 0
ℹ duration_ms 31246.814292
