runner: scoped 使用 TESTS_MJS_FILES=80 files
runner: build is current (1796 sources, 885 artifacts)
runner: discovery OVERRIDDEN by TESTS_MJS_FILES (80 file(s))
runner: 80 test file(s), 5000ms verdict-silence window
js-boundary-gate: 2 violation(s) across 1 file(s)
  ../../../../var/folders/g_/3ydzn7kx5lg9ylq8fd9p_13r0000gn/T/boundary-gate-red-JFdOup/requirements/sample-pkg/tests/debt.test.mjs:1 [deep-dist-import] import * as mod from '../../../dist/Internal/UnregisteredModule.js'
  ../../../../var/folders/g_/3ydzn7kx5lg9ylq8fd9p_13r0000gn/T/boundary-gate-red-JFdOup/requirements/sample-pkg/tests/debt.test.mjs:2 [export-discovery] const names = Object.keys(mod)
js-boundary-gate: OK — 0 debt line(s) across 0 file(s)
js-boundary-gate: OK — 0 debt line(s) across 0 file(s)
js-boundary-gate: 1 violation(s) across 1 file(s)
  ../../../../var/folders/g_/3ydzn7kx5lg9ylq8fd9p_13r0000gn/T/boundary-environment-HMGOHH/requirements/sample/tests/001.test.mjs:3 [mangled-lookup] const name = 'Example__run'; name.startsWith('Example__')
js-boundary-gate: 1 violation(s) across 1 file(s)
  ../../../../var/folders/g_/3ydzn7kx5lg9ylq8fd9p_13r0000gn/T/boundary-environment-HMGOHH/requirements/sample/tests/001.test.mjs:3 [mangled-lookup] const name = '_Method'; name.endsWith('_Method')
js-boundary-gate: 1 violation(s) across 1 file(s)
  ../../../../var/folders/g_/3ydzn7kx5lg9ylq8fd9p_13r0000gn/T/boundary-environment-HMGOHH/requirements/sample/tests/001.test.mjs:3 [mangled-lookup] Object.keys(process.env).filter((env) => { const name = 'Example__run'; return name.startsWith('Example__') })
WATCHDOG: 'tests/unit' silent for 5042ms (limit 5000ms); 730 blocking progress update(s), last progress: test:complete:/Users/yuanxi/Workwork/vibe-fs/requirements/verification-system/tests/003.test.mjs lane=/Users/yuanxi/Workwork/vibe-fs/requirements/verification-system/tests/003.test.mjs expectation=none
WATCHDOG: background progress 5055ms ago: test:diagnostic lane=/Users/yuanxi/Workwork/vibe-fs/requirements/verification-system/tests/003.test.mjs (476 background update(s), none of them renewals)
runner: 22 file(s) had not reported completion
runner: file streams: 58 drained, 10 active, 12 queued
runner: active file requirements/cognitive-environment/tests/015.test.mjs; waiting for stream drain; last verdict: test:pass:WHAT[cognitive-environment-015] durable marker oracle observes Git-private event bytes
runner: active file requirements/execution-model-routing/tests/003.test.mjs; waiting for stream drain; last verdict: none received
runner: active file requirements/execution-model-routing/tests/014.test.mjs; waiting for stream drain; last verdict: test:pass:WHAT[execution-model-routing-014] a full pending queue does not reject a fresh execution that can acquire immediately
runner: active file requirements/provider-projection/tests/011.test.mjs; waiting for stream drain; last verdict: test:pass:WHAT[provider-projection-011] the Host crypto adapter agrees with the reference hash and transport fields stay out of the semantic projection
runner: active file requirements/requirement-grounding/tests/007.test.mjs; waiting for stream drain; last verdict: test:fail:WHAT[requirement-grounding-007] original Markdown bytes survive the actual result suffix unchanged
runner: active file requirements/requirement-grounding/tests/008.test.mjs; waiting for stream drain; last verdict: test:pass:WHAT[requirement-grounding-008] mutation grounding is weak observation and never becomes tool admission
runner: active file requirements/verification-system/tests/005.test.mjs; waiting for stream drain; last verdict: none received
runner: active file requirements/verification-system/tests/006.test.mjs; waiting for stream drain; last verdict: none received
runner: active file requirements/verification-system/tests/007.test.mjs; waiting for stream drain; last verdict: none received
runner: active file requirements/verification-system/tests/008.test.mjs; waiting for stream drain; last verdict: none received
runner: 12 queued file(s) have not started
runner: verdict counts unavailable; no authoritative summary before the silence
runner: residual process group 4290 after inner exit; surviving pids: 4311, 4319, 4405, 4464, 4466
runner: process group 4290 reclaimed; the run still fails
runner: post-exit group verification/reclamation: pid=4290; elapsedMs=264.789; accepted=false

runner: verdict counts unavailable; no authoritative summary; 58/80 planned file(s) completed
Error: runner: supervised suite failed (exit 1)
    at fail (file:///Users/yuanxi/Workwork/vibe-fs/requirements/verification-system/tests/e2e/support/supervise-node-test.mjs:217:25)
    at superviseOwnedNodeTest (file:///Users/yuanxi/Workwork/vibe-fs/requirements/verification-system/tests/e2e/support/supervise-node-test.mjs:393:39)
    at process.processTicksAndRejections (node:internal/process/task_queues:103:5)
    at async superviseNodeTest (file:///Users/yuanxi/Workwork/vibe-fs/requirements/verification-system/tests/e2e/support/supervise-node-test.mjs:195:14)
    at async file:///Users/yuanxi/Workwork/vibe-fs/requirements/verification-system/tests/run.mjs:94:1 {
  exitCode: 1
}
