runner: 1 test file(s), 1000ms verdict-silence window
TAP version 13
TAP version 13

[test-summary] 1 file(s), 8 passed, 0 failed (2.92s wall, 2.73s test time)
1..0
# tests 0
# suites 0
# pass 0
# fail 0
# cancelled 0
# skipped 0
# todo 0
# duration_ms 2961.594958
runner: post-exit group verification/reclamation: pid=42597; elapsedMs=111.947; accepted=true
runner: 8 test(s), 2.7s of test time; max 355ms, p90 355ms, median 339ms
runner:     355ms  synchronous work 7
runner:     353ms  synchronous work 1
runner:     348ms  synchronous work 4
runner:     341ms  synchronous work 0
runner:     339ms  synchronous work 6

runner: 8 passed, 0 failed; 1/1 planned file(s) completed
1..0
# tests 0
# suites 0
# pass 0
# fail 0
# cancelled 0
# skipped 0
# todo 0
# duration_ms 3278.609875
