TAP version 13
# Subtest: WHAT[verification-system-016] selected SDK archive failures reclaim private roots and preserve exact global.json bytes
    # Subtest: WHAT[verification-system-016] a missing selected SDK executable is not borrowed from ambient dotnet
    ok 1 - WHAT[verification-system-016] a missing selected SDK executable is not borrowed from ambient dotnet
      ---
      duration_ms: 9.471625
      type: 'test'
      ...
    # Subtest: WHAT[verification-system-016] a changed SDK archive digest publishes no candidate
    ok 2 - WHAT[verification-system-016] a changed SDK archive digest publishes no candidate
      ---
      duration_ms: 0.434541
      type: 'test'
      ...
    # Subtest: WHAT[verification-system-016] early SDK cancellation preserves Error before reading missing inputs
    ok 3 - WHAT[verification-system-016] early SDK cancellation preserves Error before reading missing inputs
      ---
      duration_ms: 0.220791
      type: 'test'
      ...
    # Subtest: WHAT[verification-system-016] early SDK cancellation preserves null before reading missing inputs
    ok 4 - WHAT[verification-system-016] early SDK cancellation preserves null before reading missing inputs
      ---
      duration_ms: 0.136416
      type: 'test'
      ...
    # Subtest: WHAT[verification-system-016] a failing actual executable probe does not publish its archive identity
    ok 5 - WHAT[verification-system-016] a failing actual executable probe does not publish its archive identity
      ---
      duration_ms: 1275.582833
      type: 'test'
      ...
    # Subtest: WHAT[verification-system-016] dotnet roles cannot use traversal or a symbolic executable alias
    ok 6 - WHAT[verification-system-016] dotnet roles cannot use traversal or a symbolic executable alias
      ---
      duration_ms: 6.141458
      type: 'test'
      ...
    # Subtest: WHAT[verification-system-016] a non-executable selected dotnet role cannot launch a probe
    ok 7 - WHAT[verification-system-016] a non-executable selected dotnet role cannot launch a probe
      ---
      duration_ms: 2.931208
      type: 'test'
      ...
    # Subtest: WHAT[verification-system-016] an escaping SDK archive link cannot capture a foreign runtime
    ok 8 - WHAT[verification-system-016] an escaping SDK archive link cannot capture a foreign runtime
      ---
      duration_ms: 2.143125
      type: 'test'
      ...
    1..8
ok 1 - WHAT[verification-system-016] selected SDK archive failures reclaim private roots and preserve exact global.json bytes
  ---
  duration_ms: 1307.56125
  type: 'test'
  ...
# Subtest: WHAT[verification-system-016] SDK version and provenance come from the selected executable rather than its role name
    # Subtest: WHAT[verification-system-016] actual selected version must match the explicitly expected SDK
    ok 1 - WHAT[verification-system-016] actual selected version must match the explicitly expected SDK
      ---
      duration_ms: 562.179917
      type: 'test'
      ...
    # Subtest: WHAT[verification-system-016] a selected wrapper cannot borrow SDK Base Path or runtimes from a live installation
    ok 2 - WHAT[verification-system-016] a selected wrapper cannot borrow SDK Base Path or runtimes from a live installation
      ---
      duration_ms: 1045.712042
      type: 'test'
      ...
    1..2
ok 2 - WHAT[verification-system-016] SDK version and provenance come from the selected executable rather than its role name
  ---
  duration_ms: 1609.921417
  type: 'test'
  ...
# Subtest: WHAT[verification-system-016] held SDK probe preserves Error cancellation and drains its actual process group
not ok 3 - WHAT[verification-system-016] held SDK probe preserves Error cancellation and drains its actual process group
  ---
  duration_ms: 4.764125
  type: 'test'
  location: '/Users/yuanxi/Workwork/vibe-fs/requirements/verification-system/tests/support/dotnet-sdk-tests.mjs:145:5'
  failureType: 'uncaughtException'
  error: 'EMFILE: too many open files, watch'
  code: 'EMFILE'
  stack: |-
    FSWatcher._handle.onchange (node:internal/fs/watchers:214:21)
  ...
# Subtest: WHAT[verification-system-016] held SDK probe preserves null cancellation and drains its actual process group
not ok 4 - WHAT[verification-system-016] held SDK probe preserves null cancellation and drains its actual process group
  ---
  duration_ms: 3.290958
  type: 'test'
  location: '/Users/yuanxi/Workwork/vibe-fs/requirements/verification-system/tests/support/dotnet-sdk-tests.mjs:145:5'
  failureType: 'uncaughtException'
  error: 'EMFILE: too many open files, watch'
  code: 'EMFILE'
  stack: |-
    FSWatcher._handle.onchange (node:internal/fs/watchers:214:21)
  ...
1..4
# tests 14
# suites 0
# pass 12
# fail 2
# cancelled 0
# skipped 0
# todo 0
# duration_ms 4049.555375
