TAP version 13
# Subtest: WHAT[verification-system-016] successful Node probe replacing its archive root cannot start another selected executable
not ok 1 - WHAT[verification-system-016] successful Node probe replacing its archive root cannot start another selected executable
  ---
  duration_ms: 1649.050708
  type: 'test'
  location: '/Users/yuanxi/Workwork/vibe-fs/requirements/verification-system/tests/support/node-tool-candidate-tests.mjs:47:5'
  failureType: 'testCodeFailure'
  error: |-
    changed runtime ownership stops before the next physical npm probe
    
    2 !== 1
    
  code: 'ERR_ASSERTION'
  name: 'AssertionError'
  expected: 1
  actual: 2
  operator: 'strictEqual'
  stack: |-
    TestContext.<anonymous> (file:///Users/yuanxi/Workwork/vibe-fs/requirements/verification-system/tests/support/node-tool-candidate-tests.mjs:72:16)
    async Test.run (node:internal/test_runner/test:1054:7)
    async startSubtestAfterBootstrap (node:internal/test_runner/harness:296:3)
  ...
# Subtest: WHAT[verification-system-016] successful Node probe replacing its probe root cannot start another selected executable
not ok 2 - WHAT[verification-system-016] successful Node probe replacing its probe root cannot start another selected executable
  ---
  duration_ms: 614.863792
  type: 'test'
  location: '/Users/yuanxi/Workwork/vibe-fs/requirements/verification-system/tests/support/node-tool-candidate-tests.mjs:47:5'
  failureType: 'testCodeFailure'
  error: |-
    changed runtime ownership stops before the next physical npm probe
    
    2 !== 1
    
  code: 'ERR_ASSERTION'
  name: 'AssertionError'
  expected: 1
  actual: 2
  operator: 'strictEqual'
  stack: |-
    TestContext.<anonymous> (file:///Users/yuanxi/Workwork/vibe-fs/requirements/verification-system/tests/support/node-tool-candidate-tests.mjs:72:16)
    process.processTicksAndRejections (node:internal/process/task_queues:103:5)
    async Test.run (node:internal/test_runner/test:1054:7)
    async Test.processPendingSubtests (node:internal/test_runner/test:744:7)
  ...
# Subtest: WHAT[verification-system-016] actual runtime identity alone supplies Node version platform and architecture before npm admission
not ok 3 - WHAT[verification-system-016] actual runtime identity alone supplies Node version platform and architecture before npm admission
  ---
  duration_ms: 565.870417
  type: 'test'
  location: '/Users/yuanxi/Workwork/vibe-fs/requirements/verification-system/tests/support/node-tool-candidate-tests.mjs:85:5'
  failureType: 'testCodeFailure'
  error: |-
    Expected values to be strictly deep-equal:
    + actual - expected
    
      [
    +   '--version'
    -   '--input-type=module',
    -   '-e'
      ]
    
  code: 'ERR_ASSERTION'
  name: 'AssertionError'
  expected:
    0: '--input-type=module'
    1: '-e'
  actual:
    0: '--version'
  operator: 'deepStrictEqual'
  stack: |-
    TestContext.<anonymous> (file:///Users/yuanxi/Workwork/vibe-fs/requirements/verification-system/tests/support/node-tool-candidate-tests.mjs:106:16)
    process.processTicksAndRejections (node:internal/process/task_queues:103:5)
    async Test.run (node:internal/test_runner/test:1054:7)
    async Test.processPendingSubtests (node:internal/test_runner/test:744:7)
  ...
# Subtest: WHAT[verification-system-016] actual runtime identity rejects an invalid Node version before npm admission
not ok 4 - WHAT[verification-system-016] actual runtime identity rejects an invalid Node version before npm admission
  ---
  duration_ms: 659.942917
  type: 'test'
  location: '/Users/yuanxi/Workwork/vibe-fs/requirements/verification-system/tests/support/node-tool-candidate-tests.mjs:85:5'
  failureType: 'testCodeFailure'
  error: |-
    Expected values to be strictly deep-equal:
    + actual - expected
    
      [
    +   '--version'
    -   '--input-type=module',
    -   '-e'
      ]
    
  code: 'ERR_ASSERTION'
  name: 'AssertionError'
  expected:
    0: '--input-type=module'
    1: '-e'
  actual:
    0: '--version'
  operator: 'deepStrictEqual'
  stack: |-
    TestContext.<anonymous> (file:///Users/yuanxi/Workwork/vibe-fs/requirements/verification-system/tests/support/node-tool-candidate-tests.mjs:106:16)
    process.processTicksAndRejections (node:internal/process/task_queues:103:5)
    async Test.run (node:internal/test_runner/test:1054:7)
    async Test.processPendingSubtests (node:internal/test_runner/test:744:7)
  ...
1..4
# tests 4
# suites 0
# pass 0
# fail 4
# cancelled 0
# skipped 0
# todo 0
# duration_ms 3596.138667
