TAP version 13
# Subtest: WHAT[verification-system-016] selected SDK archive failures reclaim private roots and preserve exact global.json bytes
    # Subtest: WHAT[verification-system-016] a missing selected SDK executable is not borrowed from ambient dotnet
    ok 1 - WHAT[verification-system-016] a missing selected SDK executable is not borrowed from ambient dotnet
      ---
      duration_ms: 11.585208
      type: 'test'
      ...
    # Subtest: WHAT[verification-system-016] a changed SDK archive digest publishes no candidate
    ok 2 - WHAT[verification-system-016] a changed SDK archive digest publishes no candidate
      ---
      duration_ms: 0.451458
      type: 'test'
      ...
    # Subtest: WHAT[verification-system-016] early SDK cancellation preserves Error before reading missing inputs
    ok 3 - WHAT[verification-system-016] early SDK cancellation preserves Error before reading missing inputs
      ---
      duration_ms: 0.225458
      type: 'test'
      ...
    # Subtest: WHAT[verification-system-016] early SDK cancellation preserves null before reading missing inputs
    ok 4 - WHAT[verification-system-016] early SDK cancellation preserves null before reading missing inputs
      ---
      duration_ms: 0.139458
      type: 'test'
      ...
    # Subtest: WHAT[verification-system-016] a failing actual executable probe does not publish its archive identity
    ok 5 - WHAT[verification-system-016] a failing actual executable probe does not publish its archive identity
      ---
      duration_ms: 1196.313833
      type: 'test'
      ...
    # Subtest: WHAT[verification-system-016] dotnet roles cannot use traversal or a symbolic executable alias
    ok 6 - WHAT[verification-system-016] dotnet roles cannot use traversal or a symbolic executable alias
      ---
      duration_ms: 6.125083
      type: 'test'
      ...
    # Subtest: WHAT[verification-system-016] a non-executable selected dotnet role cannot launch a probe
    ok 7 - WHAT[verification-system-016] a non-executable selected dotnet role cannot launch a probe
      ---
      duration_ms: 2.667833
      type: 'test'
      ...
    # Subtest: WHAT[verification-system-016] an escaping SDK archive link cannot capture a foreign runtime
    ok 8 - WHAT[verification-system-016] an escaping SDK archive link cannot capture a foreign runtime
      ---
      duration_ms: 2.1605
      type: 'test'
      ...
    1..8
ok 1 - WHAT[verification-system-016] selected SDK archive failures reclaim private roots and preserve exact global.json bytes
  ---
  duration_ms: 1229.705416
  type: 'test'
  ...
# Subtest: WHAT[verification-system-016] SDK version and provenance come from the selected executable rather than its role name
    # Subtest: WHAT[verification-system-016] actual selected version must match the explicitly expected SDK
    ok 1 - WHAT[verification-system-016] actual selected version must match the explicitly expected SDK
      ---
      duration_ms: 477.817959
      type: 'test'
      ...
    # Subtest: WHAT[verification-system-016] a selected wrapper cannot borrow SDK Base Path or runtimes from a live installation
    ok 2 - WHAT[verification-system-016] a selected wrapper cannot borrow SDK Base Path or runtimes from a live installation
      ---
      duration_ms: 527.112375
      type: 'test'
      ...
    1..2
ok 2 - WHAT[verification-system-016] SDK version and provenance come from the selected executable rather than its role name
  ---
  duration_ms: 1007.036458
  type: 'test'
  ...
# Subtest: WHAT[verification-system-016] held SDK probe preserves Error cancellation and drains its actual process group
ok 3 - WHAT[verification-system-016] held SDK probe preserves Error cancellation and drains its actual process group
  ---
  duration_ms: 619.409292
  type: 'test'
  ...
# Subtest: WHAT[verification-system-016] held SDK probe preserves null cancellation and drains its actual process group
ok 4 - WHAT[verification-system-016] held SDK probe preserves null cancellation and drains its actual process group
  ---
  duration_ms: 626.907
  type: 'test'
  ...
1..4
# tests 14
# suites 0
# pass 14
# fail 0
# cancelled 0
# skipped 0
# todo 0
# duration_ms 3486.41425
