TAP version 13
# Subtest: WHAT[verification-system-016] corrupt graph cases preserve one shared actual Git candidate and own independent restore resources
    # Subtest: WHAT[verification-system-016] project graph rejects foreign output directory without publishing a restore receipt
    ok 1 - WHAT[verification-system-016] project graph rejects foreign output directory without publishing a restore receipt
      ---
      duration_ms: 1601.812542
      type: 'test'
      ...
    # Subtest: WHAT[verification-system-016] project graph rejects unselected dependency edge without publishing a restore receipt
    ok 2 - WHAT[verification-system-016] project graph rejects unselected dependency edge without publishing a restore receipt
      ---
      duration_ms: 1122.766208
      type: 'test'
      ...
    # Subtest: WHAT[verification-system-016] project graph rejects target and lock dependency version disagreement without publishing a restore receipt
    ok 3 - WHAT[verification-system-016] project graph rejects target and lock dependency version disagreement without publishing a restore receipt
      ---
      duration_ms: 1031.761875
      type: 'test'
      ...
    # Subtest: WHAT[verification-system-016] project graph rejects null library without publishing a restore receipt
    ok 4 - WHAT[verification-system-016] project graph rejects null library without publishing a restore receipt
      ---
      duration_ms: 671.253792
      type: 'test'
      ...
    # Subtest: WHAT[verification-system-016] project graph rejects null compile asset map without publishing a restore receipt
    ok 5 - WHAT[verification-system-016] project graph rejects null compile asset map without publishing a restore receipt
      ---
      duration_ms: 677.432792
      type: 'test'
      ...
    # Subtest: WHAT[verification-system-016] project graph rejects array runtime asset map without publishing a restore receipt
    ok 6 - WHAT[verification-system-016] project graph rejects array runtime asset map without publishing a restore receipt
      ---
      duration_ms: 1114.36675
      type: 'test'
      ...
    # Subtest: WHAT[verification-system-016] project graph rejects null lock framework dependency map without publishing a restore receipt
    ok 7 - WHAT[verification-system-016] project graph rejects null lock framework dependency map without publishing a restore receipt
      ---
      duration_ms: 730.661083
      type: 'test'
      ...
    # Subtest: WHAT[verification-system-016] project graph rejects array lock framework dependency map without publishing a restore receipt
    ok 8 - WHAT[verification-system-016] project graph rejects array lock framework dependency map without publishing a restore receipt
      ---
      duration_ms: 766.14575
      type: 'test'
      ...
    # Subtest: WHAT[verification-system-016] project graph rejects malformed lock JSON without publishing a restore receipt
    ok 9 - WHAT[verification-system-016] project graph rejects malformed lock JSON without publishing a restore receipt
      ---
      duration_ms: 714.719792
      type: 'test'
      ...
    # Subtest: WHAT[verification-system-016] project graph rejects malformed assets JSON without publishing a restore receipt
    ok 10 - WHAT[verification-system-016] project graph rejects malformed assets JSON without publishing a restore receipt
      ---
      duration_ms: 777.662709
      type: 'test'
      ...
    # Subtest: WHAT[verification-system-016] project graph rejects lock contentHash disagreement without publishing a restore receipt
    ok 11 - WHAT[verification-system-016] project graph rejects lock contentHash disagreement without publishing a restore receipt
      ---
      duration_ms: 701.727291
      type: 'test'
      ...
    # Subtest: WHAT[verification-system-016] project graph rejects raw archive sidecar disagreement without publishing a restore receipt
    ok 12 - WHAT[verification-system-016] project graph rejects raw archive sidecar disagreement without publishing a restore receipt
      ---
      duration_ms: 628.218667
      type: 'test'
      ...
    # Subtest: WHAT[verification-system-016] project graph rejects changed restored archive bytes without publishing a restore receipt
    ok 13 - WHAT[verification-system-016] project graph rejects changed restored archive bytes without publishing a restore receipt
      ---
      duration_ms: 1005.204083
      type: 'test'
      ...
    # Subtest: WHAT[verification-system-016] project graph rejects missing runtime file without publishing a restore receipt
    ok 14 - WHAT[verification-system-016] project graph rejects missing runtime file without publishing a restore receipt
      ---
      duration_ms: 628.015334
      type: 'test'
      ...
    # Subtest: WHAT[verification-system-016] project graph rejects foreign package folder without publishing a restore receipt
    ok 15 - WHAT[verification-system-016] project graph rejects foreign package folder without publishing a restore receipt
      ---
      duration_ms: 637.252041
      type: 'test'
      ...
    1..15
ok 1 - WHAT[verification-system-016] corrupt graph cases preserve one shared actual Git candidate and own independent restore resources
  ---
  duration_ms: 13047.589708
  type: 'suite'
  ...
1..1
# tests 15
# suites 1
# pass 15
# fail 0
# cancelled 0
# skipped 0
# todo 0
# duration_ms 13164.554041
