TAP version 13
# Subtest: WHAT[verification-system-021] compact and verbose reports preserve outcomes and visible exclusions
ok 1 - WHAT[verification-system-021] compact and verbose reports preserve outcomes and visible exclusions
  ---
  duration_ms: 2.44
  type: 'test'
  ...
# Subtest: WHAT[verification-system-021] an actual failure retains its detailed cause when later work prevents the file from draining
not ok 2 - WHAT[verification-system-021] an actual failure retains its detailed cause when later work prevents the file from draining
  ---
  duration_ms: 1165.055208
  type: 'test'
  location: '/Users/yuanxi/Workwork/vibe-fs/requirements/verification-system/tests/021.test.mjs:50:1'
  failureType: 'testCodeFailure'
  error: |-
    runner: 1 test file(s), 1000ms verdict-silence window
    
    ✖ failing tests:
    
    test entry /var/folders/g_/3ydzn7kx5lg9ylq8fd9p_13r0000gn/T/failed-before-hang-0GIrSO/fail-then-hang.fixture.mjs
    test at /private/var/folders/g_/3ydzn7kx5lg9ylq8fd9p_13r0000gn/T/failed-before-hang-0GIrSO/fail-then-hang.fixture.mjs:3:1
    ✖ early failed assertion (2.243ms)
      AssertionError [ERR_ASSERTION]: EARLY_FAILURE_CAUSE_MUST_REMAIN_VISIBLE
      + actual - expected
      
      + 'actual material'
      - 'selected material'
      
          at TestContext.<anonymous> (file:///private/var/folders/g_/3ydzn7kx5lg9ylq8fd9p_13r0000gn/T/failed-before-hang-0GIrSO/fail-then-hang.fixture.mjs:4:10)
          at Test.runInAsyncScope (node:async_hooks:214:14)
          at Test.run (node:internal/test_runner/test:1047:25)
          at async startSubtestAfterBootstrap (node:internal/test_runner/harness:296:3)
    
    WATCHDOG: 'fail-then-hang' silent for 1003ms (limit 1000ms); 2 blocking progress update(s), last progress: test:fail:early failed assertion lane=/var/folders/g_/3ydzn7kx5lg9ylq8fd9p_13r0000gn/T/failed-before-hang-0GIrSO/fail-then-hang.fixture.mjs expectation=none
    runner: 1 file(s) had not reported completion
    runner: file streams: 0 drained, 1 active, 0 queued
    runner: active file ../../../../var/folders/g_/3ydzn7kx5lg9ylq8fd9p_13r0000gn/T/failed-before-hang-0GIrSO/fail-then-hang.fixture.mjs; waiting for stream drain; last verdict: test:fail:early failed assertion
    runner: verdict counts unavailable; no authoritative summary before the silence
    runner: post-exit group verification/reclamation: pid=47906; elapsedMs=21.048; accepted=true
    
    runner: verdict counts unavailable; no authoritative summary; 0/1 planned file(s) completed
    Error: runner: supervised suite failed (exit 1)
        at fail (file:///Users/yuanxi/Workwork/vibe-fs/requirements/verification-system/tests/e2e/support/supervise-node-test.mjs:217:25)
        at superviseOwnedNodeTest (file:///Users/yuanxi/Workwork/vibe-fs/requirements/verification-system/tests/e2e/support/supervise-node-test.mjs:393:39)
        at process.processTicksAndRejections (node:internal/process/task_queues:103:5)
        at async superviseNodeTest (file:///Users/yuanxi/Workwork/vibe-fs/requirements/verification-system/tests/e2e/support/supervise-node-test.mjs:195:14)
        at async file:///private/var/folders/g_/3ydzn7kx5lg9ylq8fd9p_13r0000gn/T/failed-before-hang-0GIrSO/supervise.mjs:2:1 {
      exitCode: 1
    }
    
  code: 'ERR_ASSERTION'
  name: 'AssertionError'
  expected: true
  actual: false
  operator: '=='
  stack: |-
    fail (file:///Users/yuanxi/Workwork/vibe-fs/requirements/verification-system/tests/e2e/support/supervise-node-test.mjs:217:25)
    superviseOwnedNodeTest (file:///Users/yuanxi/Workwork/vibe-fs/requirements/verification-system/tests/e2e/support/supervise-node-test.mjs:393:39)
    process.processTicksAndRejections (node:internal/process/task_queues:103:5)
    async superviseNodeTest (file:///Users/yuanxi/Workwork/vibe-fs/requirements/verification-system/tests/e2e/support/supervise-node-test.mjs:195:14)
    async file:///private/var/folders/g_/3ydzn7kx5lg9ylq8fd9p_13r0000gn/T/failed-before-hang-0GIrSO/supervise.mjs:2:1 {
    TestContext.<anonymous> (file:///Users/yuanxi/Workwork/vibe-fs/requirements/verification-system/tests/021.test.mjs:90:12)
    process.processTicksAndRejections (node:internal/process/task_queues:103:5)
    async Test.run (node:internal/test_runner/test:1054:7)
    async Test.processPendingSubtests (node:internal/test_runner/test:744:7)
  ...
# Subtest: WHAT[verification-system-021] immediate failure details print each verdict once without collapsing distinct verdicts that share an Error
ok 3 - WHAT[verification-system-021] immediate failure details print each verdict once without collapsing distinct verdicts that share an Error
  ---
  duration_ms: 1.32225
  type: 'test'
  ...
# Subtest: WHAT[verification-system-021] cancelled and TODO failures are not ordinary assertion verdicts
ok 4 - WHAT[verification-system-021] cancelled and TODO failures are not ordinary assertion verdicts
  ---
  duration_ms: 0.088834
  type: 'test'
  ...
# Subtest: WHAT[verification-system-021] conflicting final results cannot erase a previous failure
ok 5 - WHAT[verification-system-021] conflicting final results cannot erase a previous failure
  ---
  duration_ms: 0.24375
  type: 'test'
  ...
# Subtest: WHAT[verification-system-021] equal names in different files or distinct subtests do not collapse
ok 6 - WHAT[verification-system-021] equal names in different files or distinct subtests do not collapse
  ---
  duration_ms: 0.137459
  type: 'test'
  ...
# Subtest: WHAT[verification-system-021] a failing suite preserves its container failure without double counting leaves
ok 7 - WHAT[verification-system-021] a failing suite preserves its container failure without double counting leaves
  ---
  duration_ms: 0.077708
  type: 'test'
  ...
# Subtest: WHAT[verification-system-021] shared registration sources retain each entry ownership and repeated container verdicts count once
ok 8 - WHAT[verification-system-021] shared registration sources retain each entry ownership and repeated container verdicts count once
  ---
  duration_ms: 0.080667
  type: 'test'
  ...
# Subtest: WHAT[verification-system-021] the real concurrent runner keeps shared helper tests under their own entry files
ok 9 - WHAT[verification-system-021] the real concurrent runner keeps shared helper tests under their own entry files
  ---
  duration_ms: 103.9965
  type: 'test'
  ...
# Subtest: WHAT[verification-system-021] a leaf completion cannot stand for completion of its file
ok 10 - WHAT[verification-system-021] a leaf completion cannot stand for completion of its file
  ---
  duration_ms: 0.394292
  type: 'test'
  ...
# Subtest: WHAT[verification-system-021] stream error and clean end have distinct completion evidence
ok 11 - WHAT[verification-system-021] stream error and clean end have distinct completion evidence
  ---
  duration_ms: 0.590542
  type: 'test'
  ...
# runner: 1 test file(s), 10000ms verdict-silence window
# Subtest: WHAT[verification-system-021] a real inner runner completes all leaves before file completion and summary
ok 12 - WHAT[verification-system-021] a real inner runner completes all leaves before file completion and summary
  ---
  duration_ms: 75.018583
  type: 'test'
  ...
# runner: post-exit group verification/reclamation: pid=47942; elapsedMs=21.111; accepted=true
# runner: 1 passed, 0 failed; 0/1 planned file(s) completed
# runner: incomplete run; no completion for /Users/yuanxi/Workwork/vibe-fs/requirements/verification-system/tests/support/fixtures/two-leaf.fixture.mjs
# runner: 1 test file(s), 1000ms verdict-silence window
# Subtest: WHAT[verification-system-021] summary and clean exit cannot disguise missing file completion
ok 13 - WHAT[verification-system-021] summary and clean exit cannot disguise missing file completion
  ---
  duration_ms: 50.360334
  type: 'test'
  ...
# runner: post-exit group verification/reclamation: pid=47953; elapsedMs=20.813; accepted=true
# runner: 1 passed, 0 failed; 1/1 planned file(s) completed
# runner: incomplete run; not every planned file stream drained
# runner: 1 test file(s), 10000ms verdict-silence window
# Subtest: WHAT[verification-system-021] aggregate drain cannot replace a planned file stream drain
ok 14 - WHAT[verification-system-021] aggregate drain cannot replace a planned file stream drain
  ---
  duration_ms: 48.656208
  type: 'test'
  ...
# TAP version 13
# \# Subtest: leaf one
# ok 1 - leaf one
#   ---
#   duration_ms: 0.355958
#   type: 'test'
#   ...
# \# Subtest: leaf two
# ok 2 - leaf two
#   ---
#   duration_ms: 0.0565
#   type: 'test'
#   ...
# 1..2
# \# tests 2
# \# suites 0
# \# pass 2
# \# fail 0
# \# cancelled 0
# \# skipped 0
# \# todo 0
# \# duration_ms 4.097667
# runner: post-exit group verification/reclamation: pid=47964; elapsedMs=20.522; accepted=true
# runner: inner runner failed to provide authoritative summary
# runner: verdict counts unavailable; no authoritative summary; 0/1 planned file(s) completed
# Subtest: WHAT[verification-system-021] a clean child exit without authoritative summary is inconclusive
ok 15 - WHAT[verification-system-021] a clean child exit without authoritative summary is inconclusive
  ---
  duration_ms: 55.891958
  type: 'test'
  ...
# runner: 1 test file(s), 10000ms verdict-silence window
# Subtest: WHAT[verification-system-021] a tier exclusion identifies the missing execution tier
ok 16 - WHAT[verification-system-021] a tier exclusion identifies the missing execution tier
  ---
  duration_ms: 72.676125
  type: 'test'
  ...
# runner: post-exit group verification/reclamation: pid=47977; elapsedMs=25.190; accepted=true
# runner: 1 passed, 0 failed; 1/1 planned file(s) completed
# runner: partial evidence; 0 skipped, 1 TODO; excluded cases are not passes
# runner: pending proof prevents complete acceptance
# runner: 1 test file(s), 10000ms verdict-silence window
# runner: post-exit group verification/reclamation: pid=47988; elapsedMs=20.153; accepted=true
# runner: 1 passed, 0 failed; 1/1 planned file(s) completed
# runner: partial evidence; 0 skipped, 1 TODO; excluded cases are not passes
# runner: pending proof prevents complete acceptance
# runner: 2 test file(s), 10000ms verdict-silence window
# Subtest: WHAT[verification-system-021] a known TODO cannot authorize complete acceptance
ok 17 - WHAT[verification-system-021] a known TODO cannot authorize complete acceptance
  ---
  duration_ms: 102.49125
  type: 'test'
  ...
# node:internal/test_runner/harness:99
#       throw err;
#       ^
# Error [ERR_MODULE_NOT_FOUND]: Cannot find module '/var/folders/g_/3ydzn7kx5lg9ylq8fd9p_13r0000gn/T/failed-test-file-jAcgo2/missing.fixture.mjs' imported from /Users/yuanxi/Workwork/vibe-fs/
#     at finalizeResolution (node:internal/modules/esm/resolve:275:11)
#     at moduleResolve (node:internal/modules/esm/resolve:865:10)
#     at defaultResolve (node:internal/modules/esm/resolve:989:11)
#     at \#cachedDefaultResolve (node:internal/modules/esm/loader:747:20)
#     at ModuleLoader.resolve (node:internal/modules/esm/loader:724:38)
#     at ModuleLoader.getModuleJobForImport (node:internal/modules/esm/loader:320:38)
#     at onImport.tracePromise.__proto__ (node:internal/modules/esm/loader:680:36)
#     at TracingChannel.tracePromise (node:diagnostics_channel:350:14)
#     at ModuleLoader.import (node:internal/modules/esm/loader:679:21)
#     at node:internal/modules/run_main:179:35 {
#   code: 'ERR_MODULE_NOT_FOUND',
#   url: 'file:///var/folders/g_/3ydzn7kx5lg9ylq8fd9p_13r0000gn/T/failed-test-file-jAcgo2/missing.fixture.mjs'
# }
# Node.js v22.23.3
# ✖ failing tests:
# test at /var/folders/g_/3ydzn7kx5lg9ylq8fd9p_13r0000gn/T/failed-test-file-jAcgo2/missing.fixture.mjs:1:1
# ✖ /var/folders/g_/3ydzn7kx5lg9ylq8fd9p_13r0000gn/T/failed-test-file-jAcgo2/missing.fixture.mjs (34.207ms)
#   'test failed'
# [test-summary] 2 file(s), 2 passed, 0 failed, 1 failed containers (0.04s wall, 0.00s test time)
# runner: post-exit group verification/reclamation: pid=47999; elapsedMs=19.972; accepted=true
# runner: 2 test(s), 0.0s of test time; max 2ms, p90 2ms, median 1ms
# runner: 2 passed, 0 failed; 2/2 planned file(s) completed
# runner: cancelled tests or failed containers prevent complete acceptance
# runner: 2 test file(s), 10000ms verdict-silence window
# node:internal/test_runner/harness:99
#       throw err;
#       ^
# Error: fixture failed before registering any test
#     at file:///private/var/folders/g_/3ydzn7kx5lg9ylq8fd9p_13r0000gn/T/failed-test-file-jAcgo2/broken.fixture.mjs:1:7
#     at ModuleJob.run (node:internal/modules/esm/module_job:343:25)
#     at async onImport.tracePromise.__proto__ (node:internal/modules/esm/loader:681:26)
#     at async asyncRunEntryPointWithESMLoader (node:internal/modules/run_main:117:5)
# Node.js v22.23.3
# ✖ failing tests:
# test at /var/folders/g_/3ydzn7kx5lg9ylq8fd9p_13r0000gn/T/failed-test-file-jAcgo2/broken.fixture.mjs:1:1
# ✖ /var/folders/g_/3ydzn7kx5lg9ylq8fd9p_13r0000gn/T/failed-test-file-jAcgo2/broken.fixture.mjs (31.976ms)
#   'test failed'
# [test-summary] 2 file(s), 2 passed, 0 failed, 1 failed containers (0.04s wall, 0.00s test time)
# runner: post-exit group verification/reclamation: pid=48012; elapsedMs=20.554; accepted=true
# runner: 2 test(s), 0.0s of test time; max 2ms, p90 2ms, median 1ms
# runner: 2 passed, 0 failed; 2/2 planned file(s) completed
# runner: cancelled tests or failed containers prevent complete acceptance
# Subtest: WHAT[verification-system-021] missing or unloadable planned files fail the real supervisor despite completed file wrappers
ok 18 - WHAT[verification-system-021] missing or unloadable planned files fail the real supervisor despite completed file wrappers
  ---
  duration_ms: 188.445125
  type: 'test'
  ...
1..18
# tests 18
# suites 0
# pass 17
# fail 1
# cancelled 0
# skipped 0
# todo 0
# duration_ms 1933.608125
