TAP version 13
# Subtest: WHAT[verification-system-021] compact and verbose reports preserve outcomes and visible exclusions
ok 1 - WHAT[verification-system-021] compact and verbose reports preserve outcomes and visible exclusions
  ---
  duration_ms: 2.936
  type: 'test'
  ...
# Subtest: WHAT[verification-system-021] an actual failure retains its detailed cause when later work prevents the file from draining
ok 2 - WHAT[verification-system-021] an actual failure retains its detailed cause when later work prevents the file from draining
  ---
  duration_ms: 1187.825792
  type: 'test'
  ...
# Subtest: WHAT[verification-system-021] immediate failure details print each verdict once without collapsing distinct verdicts that share an Error
ok 3 - WHAT[verification-system-021] immediate failure details print each verdict once without collapsing distinct verdicts that share an Error
  ---
  duration_ms: 0.973958
  type: 'test'
  ...
# Subtest: WHAT[verification-system-021] cancelled and TODO failures are not ordinary assertion verdicts
ok 4 - WHAT[verification-system-021] cancelled and TODO failures are not ordinary assertion verdicts
  ---
  duration_ms: 0.079291
  type: 'test'
  ...
# Subtest: WHAT[verification-system-021] conflicting final results cannot erase a previous failure
ok 5 - WHAT[verification-system-021] conflicting final results cannot erase a previous failure
  ---
  duration_ms: 0.133791
  type: 'test'
  ...
# Subtest: WHAT[verification-system-021] equal names in different files or distinct subtests do not collapse
ok 6 - WHAT[verification-system-021] equal names in different files or distinct subtests do not collapse
  ---
  duration_ms: 0.138917
  type: 'test'
  ...
# Subtest: WHAT[verification-system-021] a failing suite preserves its container failure without double counting leaves
ok 7 - WHAT[verification-system-021] a failing suite preserves its container failure without double counting leaves
  ---
  duration_ms: 0.078416
  type: 'test'
  ...
# Subtest: WHAT[verification-system-021] shared registration sources retain each entry ownership and repeated container verdicts count once
ok 8 - WHAT[verification-system-021] shared registration sources retain each entry ownership and repeated container verdicts count once
  ---
  duration_ms: 0.085167
  type: 'test'
  ...
# Subtest: WHAT[verification-system-021] the real concurrent runner keeps shared helper tests under their own entry files
ok 9 - WHAT[verification-system-021] the real concurrent runner keeps shared helper tests under their own entry files
  ---
  duration_ms: 92.855958
  type: 'test'
  ...
# Subtest: WHAT[verification-system-021] a leaf completion cannot stand for completion of its file
ok 10 - WHAT[verification-system-021] a leaf completion cannot stand for completion of its file
  ---
  duration_ms: 0.406
  type: 'test'
  ...
# Subtest: WHAT[verification-system-021] stream error and clean end have distinct completion evidence
ok 11 - WHAT[verification-system-021] stream error and clean end have distinct completion evidence
  ---
  duration_ms: 0.607417
  type: 'test'
  ...
# runner: 1 test file(s), 10000ms verdict-silence window
# Subtest: WHAT[verification-system-021] a real inner runner completes all leaves before file completion and summary
ok 12 - WHAT[verification-system-021] a real inner runner completes all leaves before file completion and summary
  ---
  duration_ms: 78.635541
  type: 'test'
  ...
# runner: post-exit group verification/reclamation: pid=48204; elapsedMs=25.975; accepted=true
# runner: 1 passed, 0 failed; 0/1 planned file(s) completed
# runner: incomplete run; no completion for /Users/yuanxi/Workwork/vibe-fs/requirements/verification-system/tests/support/fixtures/two-leaf.fixture.mjs
# runner: 1 test file(s), 1000ms verdict-silence window
# Subtest: WHAT[verification-system-021] summary and clean exit cannot disguise missing file completion
ok 13 - WHAT[verification-system-021] summary and clean exit cannot disguise missing file completion
  ---
  duration_ms: 63.838084
  type: 'test'
  ...
# runner: post-exit group verification/reclamation: pid=48215; elapsedMs=23.124; accepted=true
# runner: 1 passed, 0 failed; 1/1 planned file(s) completed
# runner: incomplete run; not every planned file stream drained
# runner: 1 test file(s), 10000ms verdict-silence window
# Subtest: WHAT[verification-system-021] aggregate drain cannot replace a planned file stream drain
ok 14 - WHAT[verification-system-021] aggregate drain cannot replace a planned file stream drain
  ---
  duration_ms: 56.583209
  type: 'test'
  ...
# TAP version 13
# \# Subtest: leaf one
# ok 1 - leaf one
#   ---
#   duration_ms: 0.385458
#   type: 'test'
#   ...
# \# Subtest: leaf two
# ok 2 - leaf two
#   ---
#   duration_ms: 0.057084
#   type: 'test'
#   ...
# 1..2
# \# tests 2
# \# suites 0
# \# pass 2
# \# fail 0
# \# cancelled 0
# \# skipped 0
# \# todo 0
# \# duration_ms 4.544542
# runner: post-exit group verification/reclamation: pid=48227; elapsedMs=21.334; accepted=true
# runner: inner runner failed to provide authoritative summary
# runner: verdict counts unavailable; no authoritative summary; 0/1 planned file(s) completed
# Subtest: WHAT[verification-system-021] a clean child exit without authoritative summary is inconclusive
ok 15 - WHAT[verification-system-021] a clean child exit without authoritative summary is inconclusive
  ---
  duration_ms: 65.791833
  type: 'test'
  ...
# runner: 1 test file(s), 10000ms verdict-silence window
# Subtest: WHAT[verification-system-021] a tier exclusion identifies the missing execution tier
ok 16 - WHAT[verification-system-021] a tier exclusion identifies the missing execution tier
  ---
  duration_ms: 76.564583
  type: 'test'
  ...
# runner: post-exit group verification/reclamation: pid=48248; elapsedMs=20.739; accepted=true
# runner: 1 passed, 0 failed; 1/1 planned file(s) completed
# runner: partial evidence; 0 skipped, 1 TODO; excluded cases are not passes
# runner: pending proof prevents complete acceptance
# runner: 1 test file(s), 10000ms verdict-silence window
# runner: post-exit group verification/reclamation: pid=48259; elapsedMs=24.196; accepted=true
# runner: 1 passed, 0 failed; 1/1 planned file(s) completed
# runner: partial evidence; 0 skipped, 1 TODO; excluded cases are not passes
# runner: pending proof prevents complete acceptance
# runner: 2 test file(s), 10000ms verdict-silence window
# Subtest: WHAT[verification-system-021] a known TODO cannot authorize complete acceptance
ok 17 - WHAT[verification-system-021] a known TODO cannot authorize complete acceptance
  ---
  duration_ms: 100.864625
  type: 'test'
  ...
# node:internal/test_runner/harness:99
#       throw err;
#       ^
# Error [ERR_MODULE_NOT_FOUND]: Cannot find module '/var/folders/g_/3ydzn7kx5lg9ylq8fd9p_13r0000gn/T/failed-test-file-odXpQD/missing.fixture.mjs' imported from /Users/yuanxi/Workwork/vibe-fs/
#     at finalizeResolution (node:internal/modules/esm/resolve:275:11)
#     at moduleResolve (node:internal/modules/esm/resolve:865:10)
#     at defaultResolve (node:internal/modules/esm/resolve:989:11)
#     at \#cachedDefaultResolve (node:internal/modules/esm/loader:747:20)
#     at ModuleLoader.resolve (node:internal/modules/esm/loader:724:38)
#     at ModuleLoader.getModuleJobForImport (node:internal/modules/esm/loader:320:38)
#     at onImport.tracePromise.__proto__ (node:internal/modules/esm/loader:680:36)
#     at TracingChannel.tracePromise (node:diagnostics_channel:350:14)
#     at ModuleLoader.import (node:internal/modules/esm/loader:679:21)
#     at node:internal/modules/run_main:179:35 {
#   code: 'ERR_MODULE_NOT_FOUND',
#   url: 'file:///var/folders/g_/3ydzn7kx5lg9ylq8fd9p_13r0000gn/T/failed-test-file-odXpQD/missing.fixture.mjs'
# }
# Node.js v22.23.3
# ✖ failing tests:
# test at /var/folders/g_/3ydzn7kx5lg9ylq8fd9p_13r0000gn/T/failed-test-file-odXpQD/missing.fixture.mjs:1:1
# ✖ /var/folders/g_/3ydzn7kx5lg9ylq8fd9p_13r0000gn/T/failed-test-file-odXpQD/missing.fixture.mjs (41.499ms)
#   'test failed'
# [test-summary] 2 file(s), 2 passed, 0 failed, 1 failed containers (0.05s wall, 0.00s test time)
# runner: post-exit group verification/reclamation: pid=48270; elapsedMs=25.725; accepted=true
# runner: 2 test(s), 0.0s of test time; max 2ms, p90 2ms, median 1ms
# runner: 2 passed, 0 failed; 2/2 planned file(s) completed
# runner: cancelled tests or failed containers prevent complete acceptance
# runner: 2 test file(s), 10000ms verdict-silence window
# node:internal/test_runner/harness:99
#       throw err;
#       ^
# Error: fixture failed before registering any test
#     at file:///private/var/folders/g_/3ydzn7kx5lg9ylq8fd9p_13r0000gn/T/failed-test-file-odXpQD/broken.fixture.mjs:1:7
#     at ModuleJob.run (node:internal/modules/esm/module_job:343:25)
#     at async onImport.tracePromise.__proto__ (node:internal/modules/esm/loader:681:26)
#     at async asyncRunEntryPointWithESMLoader (node:internal/modules/run_main:117:5)
# Node.js v22.23.3
# ✖ failing tests:
# test at /var/folders/g_/3ydzn7kx5lg9ylq8fd9p_13r0000gn/T/failed-test-file-odXpQD/broken.fixture.mjs:1:1
# ✖ /var/folders/g_/3ydzn7kx5lg9ylq8fd9p_13r0000gn/T/failed-test-file-odXpQD/broken.fixture.mjs (42.994ms)
#   'test failed'
# [test-summary] 2 file(s), 2 passed, 0 failed, 1 failed containers (0.05s wall, 0.00s test time)
# runner: post-exit group verification/reclamation: pid=48283; elapsedMs=20.926; accepted=true
# runner: 2 test(s), 0.0s of test time; max 3ms, p90 3ms, median 1ms
# runner: 2 passed, 0 failed; 2/2 planned file(s) completed
# runner: cancelled tests or failed containers prevent complete acceptance
# Subtest: WHAT[verification-system-021] missing or unloadable planned files fail the real supervisor despite completed file wrappers
ok 18 - WHAT[verification-system-021] missing or unloadable planned files fail the real supervisor despite completed file wrappers
  ---
  duration_ms: 217.624708
  type: 'test'
  ...
1..18
# tests 18
# suites 0
# pass 18
# fail 0
# cancelled 0
# skipped 0
# todo 0
# duration_ms 2007.606208
