TAP version 13
# Subtest: WHAT[verification-system-016] the prepared Git input revalidates bytes identity of input.txt
ok 1 - WHAT[verification-system-016] the prepared Git input revalidates bytes identity of input.txt
  ---
  duration_ms: 249.073833
  type: 'test'
  ...
# Subtest: WHAT[verification-system-016] the prepared Git input revalidates mode identity of input.txt
ok 2 - WHAT[verification-system-016] the prepared Git input revalidates mode identity of input.txt
  ---
  duration_ms: 198.50975
  type: 'test'
  ...
# Subtest: WHAT[verification-system-016] the prepared Git input revalidates missing identity of input.txt
ok 3 - WHAT[verification-system-016] the prepared Git input revalidates missing identity of input.txt
  ---
  duration_ms: 222.587792
  type: 'test'
  ...
# Subtest: WHAT[verification-system-016] the prepared Git input revalidates bytes identity of .git/HEAD
ok 4 - WHAT[verification-system-016] the prepared Git input revalidates bytes identity of .git/HEAD
  ---
  duration_ms: 246.352708
  type: 'test'
  ...
# Subtest: WHAT[verification-system-016] the prepared Git input revalidates mode identity of .git/HEAD
ok 5 - WHAT[verification-system-016] the prepared Git input revalidates mode identity of .git/HEAD
  ---
  duration_ms: 191.682
  type: 'test'
  ...
# Subtest: WHAT[verification-system-016] the prepared Git input revalidates missing identity of .git/HEAD
ok 6 - WHAT[verification-system-016] the prepared Git input revalidates missing identity of .git/HEAD
  ---
  duration_ms: 198.873625
  type: 'test'
  ...
# Subtest: WHAT[verification-system-016] the prepared Git input rejects an added ordinary member unselected.txt
ok 7 - WHAT[verification-system-016] the prepared Git input rejects an added ordinary member unselected.txt
  ---
  duration_ms: 201.20325
  type: 'test'
  ...
# Subtest: WHAT[verification-system-016] the prepared Git input rejects an added ordinary member .git/unselected
ok 8 - WHAT[verification-system-016] the prepared Git input rejects an added ordinary member .git/unselected
  ---
  duration_ms: 203.821583
  type: 'test'
  ...
# Subtest: WHAT[verification-system-016] a changed public source root cannot borrow the captured Git identity or redirect disposal
ok 9 - WHAT[verification-system-016] a changed public source root cannot borrow the captured Git identity or redirect disposal
  ---
  duration_ms: 199.049
  type: 'test'
  ...
# Subtest: WHAT[verification-system-016] prepared Git input disposal reclaims its canonical owned root and preserves the foreign owner after parent link replacement
ok 10 - WHAT[verification-system-016] prepared Git input disposal reclaims its canonical owned root and preserves the foreign owner after parent link replacement
  ---
  duration_ms: 273.802958
  type: 'test'
  ...
# {"originalRootExists":false,"foreignMarkerExists":true}
# Subtest: WHAT[verification-system-016] prepared Git input refuses validation and disposal through a replaced canonical parent link
ok 11 - WHAT[verification-system-016] prepared Git input refuses validation and disposal through a replaced canonical parent link
  ---
  duration_ms: 200.104375
  type: 'test'
  ...
# Subtest: WHAT[verification-system-016] prepared Git input refuses validation and disposal through a replaced ordinary root
ok 12 - WHAT[verification-system-016] prepared Git input refuses validation and disposal through a replaced ordinary root
  ---
  duration_ms: 190.457125
  type: 'test'
  ...
# Subtest: WHAT[verification-system-016] prepared Git input refuses missing-root disposal when its canonical parent was replaced
ok 13 - WHAT[verification-system-016] prepared Git input refuses missing-root disposal when its canonical parent was replaced
  ---
  duration_ms: 200.554666
  type: 'test'
  ...
1..13
# tests 13
# suites 0
# pass 13
# fail 0
# cancelled 0
# skipped 0
# todo 0
# duration_ms 2941.878042
