TAP version 13
# Subtest: WHAT[verification-system-016] npm tool archive installation owns selected complete tools and locked dependencies through publication
    # Subtest: WHAT[verification-system-016] two actual locked registry packages use the selected bundle layout and bind its complete identity after tools cleanup
    not ok 1 - WHAT[verification-system-016] two actual locked registry packages use the selected bundle layout and bind its complete identity after tools cleanup
      ---
      duration_ms: 5847.019417
      type: 'test'
      location: '/Users/yuanxi/Workwork/vibe-fs/requirements/verification-system/tests/support/npm-tool-archive-tests.mjs:94:13'
      failureType: 'testCodeFailure'
      error: |-
        Expected values to be strictly equal:
        + actual - expected
        
        + '884f0701c58e0584e3931498d4e0f0978f40e280254c06c3ef6039c2e0e1a146'
        - '303b3f883e57a7672dce788b85d89b5f72d110095caba7e5687d0e17e622e1f7'
        
      code: 'ERR_ASSERTION'
      name: 'AssertionError'
      expected: '303b3f883e57a7672dce788b85d89b5f72d110095caba7e5687d0e17e622e1f7'
      actual: '884f0701c58e0584e3931498d4e0f0978f40e280254c06c3ef6039c2e0e1a146'
      operator: 'strictEqual'
      stack: |-
        TestContext.<anonymous> (file:///Users/yuanxi/Workwork/vibe-fs/requirements/verification-system/tests/support/npm-tool-archive-tests.mjs:107:16)
        async Test.run (node:internal/test_runner/test:1054:7)
        async TestContext.<anonymous> (file:///Users/yuanxi/Workwork/vibe-fs/requirements/verification-system/tests/support/npm-tool-archive-tests.mjs:94:5)
        async Test.run (node:internal/test_runner/test:1054:7)
        async startSubtestAfterBootstrap (node:internal/test_runner/harness:296:3)
      ...
    # Subtest: WHAT[verification-system-016] npm tool archive rejects non-CLI library bytes changed during a real held install and reclaims unpublished dependencies
    ok 2 - WHAT[verification-system-016] npm tool archive rejects non-CLI library bytes changed during a real held install and reclaims unpublished dependencies
      ---
      duration_ms: 5324.4015
      type: 'test'
      ...
    # Subtest: WHAT[verification-system-016] npm tool archive rejects new tool member changed during a real held install and reclaims unpublished dependencies
    ok 3 - WHAT[verification-system-016] npm tool archive rejects new tool member changed during a real held install and reclaims unpublished dependencies
      ---
      duration_ms: 4707.501792
      type: 'test'
      ...
    # Subtest: WHAT[verification-system-016] npm tool archive held install cancellation preserves Error and reclaims tools installation and dependencies
    ok 4 - WHAT[verification-system-016] npm tool archive held install cancellation preserves Error and reclaims tools installation and dependencies
      ---
      duration_ms: 3750.420833
      type: 'test'
      ...
    # Subtest: WHAT[verification-system-016] npm tool archive held install cancellation preserves null and reclaims tools installation and dependencies
    ok 5 - WHAT[verification-system-016] npm tool archive held install cancellation preserves null and reclaims tools installation and dependencies
      ---
      duration_ms: 3830.554125
      type: 'test'
      ...
    # Subtest: WHAT[verification-system-016] npm tool archive rejects a mismatched actual Node version before registry execution
    ok 6 - WHAT[verification-system-016] npm tool archive rejects a mismatched actual Node version before registry execution
      ---
      duration_ms: 3732.567292
      type: 'test'
      ...
    # Subtest: WHAT[verification-system-016] npm tool archive rejects a mismatched actual npm version before registry execution
    ok 7 - WHAT[verification-system-016] npm tool archive rejects a mismatched actual npm version before registry execution
      ---
      duration_ms: 3233.205417
      type: 'test'
      ...
    # Subtest: WHAT[verification-system-016] npm tool archive already aborted preserves Error before reading missing source or archive
    ok 8 - WHAT[verification-system-016] npm tool archive already aborted preserves Error before reading missing source or archive
      ---
      duration_ms: 143.606542
      type: 'test'
      ...
    # Subtest: WHAT[verification-system-016] npm tool archive already aborted preserves null before reading missing source or archive
    ok 9 - WHAT[verification-system-016] npm tool archive already aborted preserves null before reading missing source or archive
      ---
      duration_ms: 128.483875
      type: 'test'
      ...
    1..9
not ok 1 - WHAT[verification-system-016] npm tool archive installation owns selected complete tools and locked dependencies through publication
  ---
  duration_ms: 30700.549666
  type: 'test'
  location: '/Users/yuanxi/Workwork/vibe-fs/requirements/verification-system/tests/support/npm-tool-archive-tests.mjs:93:3'
  failureType: 'subtestsFailed'
  error: '1 subtest failed'
  code: 'ERR_TEST_FAILURE'
  ...
1..1
# tests 10
# suites 0
# pass 8
# fail 2
# cancelled 0
# skipped 0
# todo 0
# duration_ms 30819.331042
