TAP version 13
# Subtest: WHAT[verification-system-016] a complete selected SDK archive resolves the captured repository global.json and reclaims its owned roots
    # Subtest: WHAT[verification-system-016] the complete explicitly selected SDK is captured with all files and internal links
    ok 1 - WHAT[verification-system-016] the complete explicitly selected SDK is captured with all files and internal links
      ---
      duration_ms: 5742.986375
      type: 'test'
      ...
    # Subtest: WHAT[verification-system-016] captured global.json selects the actual in-bundle SDK and runtime paths without ambient inputs
    ok 2 - WHAT[verification-system-016] captured global.json selects the actual in-bundle SDK and runtime paths without ambient inputs
      ---
      duration_ms: 6156.282959
      type: 'test'
      ...
    # Subtest: WHAT[verification-system-016] the prepared SDK revalidates without its archive and releases every private root
    ok 3 - WHAT[verification-system-016] the prepared SDK revalidates without its archive and releases every private root
      ---
      duration_ms: 1055.213875
      type: 'test'
      ...
    1..3
ok 1 - WHAT[verification-system-016] a complete selected SDK archive resolves the captured repository global.json and reclaims its owned roots
  ---
  duration_ms: 13266.365791
  type: 'test'
  ...
# {"archiveSha256":"bb2a21b70337ec025bba77bb3a64160043268804dba244d4ce5cff4fd183d5d0","entries":5588,"fileBytes":688059912,"internalLinks":331}
# {"sdk":{"version":"10.0.302","basePath":"dotnet-sdk/sdk/10.0.302"},"runtimes":[{"name":"Microsoft.AspNetCore.App","version":"10.0.10","path":"dotnet-sdk/shared/Microsoft.AspNetCore.App/10.0.10"},{"name":"Microsoft.NETCore.App","version":"10.0.10","path":"dotnet-sdk/shared/Microsoft.NETCore.App/10.0.10"}],"sdkDigest":"e05f113650fea2e9a5555367038c52dabf9dc1f58d104eb36dc3be65f940f248","archiveSha256":"bb2a21b70337ec025bba77bb3a64160043268804dba244d4ce5cff4fd183d5d0","entries":5588,"internalLinks":331,"nugetRun":false,"fableRun":false,"readOnlyMounted":false}
1..1
# tests 4
# suites 0
# pass 4
# fail 0
# cancelled 0
# skipped 0
# todo 0
# duration_ms 13385.217708
