TAP version 13
# Subtest: WHAT[verification-system-016] project graph rejects malformed assets JSON without publishing a restore receipt
ok 1 - WHAT[verification-system-016] project graph rejects malformed assets JSON without publishing a restore receipt
  ---
  duration_ms: 1900.551084
  type: 'test'
  ...
# Subtest: WHAT[verification-system-016] project receipt binds a consistent two-package graph after both actual adapter processes start from empty private caches
ok 2 - WHAT[verification-system-016] project receipt binds a consistent two-package graph after both actual adapter processes start from empty private caches
  ---
  duration_ms: 911.34975
  type: 'test'
  ...
# Subtest: WHAT[verification-system-016] prepared Git input disposal reclaims its canonical owned root and preserves the foreign owner after parent link replacement
ok 3 - WHAT[verification-system-016] prepared Git input disposal reclaims its canonical owned root and preserves the foreign owner after parent link replacement
  ---
  duration_ms: 200.311125
  type: 'test'
  ...
# {"originalRootExists":false,"foreignMarkerExists":true}
1..3
# tests 3
# suites 0
# pass 3
# fail 0
# cancelled 0
# skipped 0
# todo 0
# duration_ms 3127.688625
