TAP version 13
# Subtest: WHAT[verification-system-016] successful Node probe replacing its archive root cannot start another selected executable
ok 1 - WHAT[verification-system-016] successful Node probe replacing its archive root cannot start another selected executable
  ---
  duration_ms: 597.58475
  type: 'test'
  ...
# Subtest: WHAT[verification-system-016] successful Node probe replacing its probe root cannot start another selected executable
ok 2 - WHAT[verification-system-016] successful Node probe replacing its probe root cannot start another selected executable
  ---
  duration_ms: 921.544917
  type: 'test'
  ...
# Subtest: WHAT[verification-system-016] failed Node probe preserves an exact-copy replacement of its private probe root
ok 3 - WHAT[verification-system-016] failed Node probe preserves an exact-copy replacement of its private probe root
  ---
  duration_ms: 555.068291
  type: 'test'
  ...
# Subtest: WHAT[verification-system-016] Node and npm role admission rejects invalid structure before archive reads or root allocation
    # Subtest: WHAT[verification-system-016] outside Node path fails with the typed role error before reading a missing archive
    ok 1 - WHAT[verification-system-016] outside Node path fails with the typed role error before reading a missing archive
      ---
      duration_ms: 0.397708
      type: 'test'
      ...
    # Subtest: WHAT[verification-system-016] Node traversal alias fails with the typed role error before reading a missing archive
    ok 2 - WHAT[verification-system-016] Node traversal alias fails with the typed role error before reading a missing archive
      ---
      duration_ms: 0.12625
      type: 'test'
      ...
    # Subtest: WHAT[verification-system-016] non-string Node role fails with the typed role error before reading a missing archive
    ok 3 - WHAT[verification-system-016] non-string Node role fails with the typed role error before reading a missing archive
      ---
      duration_ms: 0.107334
      type: 'test'
      ...
    # Subtest: WHAT[verification-system-016] absolute npm path fails with the typed role error before reading a missing archive
    ok 4 - WHAT[verification-system-016] absolute npm path fails with the typed role error before reading a missing archive
      ---
      duration_ms: 0.133958
      type: 'test'
      ...
    # Subtest: WHAT[verification-system-016] npm role outside its package fails with the typed role error before reading a missing archive
    ok 5 - WHAT[verification-system-016] npm role outside its package fails with the typed role error before reading a missing archive
      ---
      duration_ms: 0.283834
      type: 'test'
      ...
    # Subtest: WHAT[verification-system-016] npm traversal alias fails with the typed role error before reading a missing archive
    ok 6 - WHAT[verification-system-016] npm traversal alias fails with the typed role error before reading a missing archive
      ---
      duration_ms: 0.327375
      type: 'test'
      ...
    # Subtest: WHAT[verification-system-016] empty npm role fails with the typed role error before reading a missing archive
    ok 7 - WHAT[verification-system-016] empty npm role fails with the typed role error before reading a missing archive
      ---
      duration_ms: 0.17825
      type: 'test'
      ...
    # Subtest: WHAT[verification-system-016] already cancelled role admission preserves Error before role validation
    ok 8 - WHAT[verification-system-016] already cancelled role admission preserves Error before role validation
      ---
      duration_ms: 0.181
      type: 'test'
      ...
    # Subtest: WHAT[verification-system-016] already cancelled role admission preserves null before role validation
    ok 9 - WHAT[verification-system-016] already cancelled role admission preserves null before role validation
      ---
      duration_ms: 0.087041
      type: 'test'
      ...
    1..9
ok 4 - WHAT[verification-system-016] Node and npm role admission rejects invalid structure before archive reads or root allocation
  ---
  duration_ms: 2.809167
  type: 'test'
  ...
# Subtest: WHAT[verification-system-016] selected Node and complete npm bundle preparation binds actual probes without borrowing ambient configuration
    # Subtest: WHAT[verification-system-016] the formal fixture captures an explicit complete npm package and actual selected Node binary
    ok 1 - WHAT[verification-system-016] the formal fixture captures an explicit complete npm package and actual selected Node binary
      ---
      duration_ms: 651.412958
      type: 'test'
      ...
    # Subtest: WHAT[verification-system-016] wrong selected tool archive digest publishes no candidate
    ok 2 - WHAT[verification-system-016] wrong selected tool archive digest publishes no candidate
      ---
      duration_ms: 59.542458
      type: 'test'
      ...
    # Subtest: WHAT[verification-system-016] tool role paths reject aliases and npm entrypoints outside the selected npm package
    ok 3 - WHAT[verification-system-016] tool role paths reject aliases and npm entrypoints outside the selected npm package
      ---
      duration_ms: 723.525584
      type: 'test'
      ...
    # Subtest: WHAT[verification-system-016] actual bundled Node and npm probes ignore hostile ambient HOME launchers and npm configuration
    ok 4 - WHAT[verification-system-016] actual bundled Node and npm probes ignore hostile ambient HOME launchers and npm configuration
      ---
      duration_ms: 3073.796292
      type: 'test'
      ...
    # Subtest: WHAT[verification-system-016] a missing declared npm library cannot be borrowed from the candidate parent directory by the actual npm CLI
    ok 5 - WHAT[verification-system-016] a missing declared npm library cannot be borrowed from the candidate parent directory by the actual npm CLI
      ---
      duration_ms: 878.316625
      type: 'test'
      ...
    # Subtest: WHAT[verification-system-016] complete root npm dependencies cannot conceal a missing declared transitive production library
    ok 6 - WHAT[verification-system-016] complete root npm dependencies cannot conceal a missing declared transitive production library
      ---
      duration_ms: 836.494042
      type: 'test'
      ...
    # Subtest: WHAT[verification-system-016] a valid selected archive missing an npm required module fails the actual npm probe and reclaims its private resources
    ok 7 - WHAT[verification-system-016] a valid selected archive missing an npm required module fails the actual npm probe and reclaims its private resources
      ---
      duration_ms: 3158.689458
      type: 'test'
      ...
    # Subtest: WHAT[verification-system-016] an internal symbolic Node entrypoint cannot stand in for the selected executable file
    ok 8 - WHAT[verification-system-016] an internal symbolic Node entrypoint cannot stand in for the selected executable file
      ---
      duration_ms: 874.635167
      type: 'test'
      ...
    # Subtest: WHAT[verification-system-016] a non-executable selected Node file cannot authorize a tool probe
    ok 9 - WHAT[verification-system-016] a non-executable selected Node file cannot authorize a tool probe
      ---
      duration_ms: 887.075875
      type: 'test'
      ...
    # Subtest: WHAT[verification-system-016] an actual npm CLI that adds an unselected file before reporting its real version cannot publish the original bundle identity
    ok 10 - WHAT[verification-system-016] an actual npm CLI that adds an unselected file before reporting its real version cannot publish the original bundle identity
      ---
      duration_ms: 2541.51175
      type: 'test'
      ...
    # Subtest: WHAT[verification-system-016] a held actual npm probe preserves Error cancellation and drains its process group
    ok 11 - WHAT[verification-system-016] a held actual npm probe preserves Error cancellation and drains its process group
      ---
      duration_ms: 2615.655667
      type: 'test'
      ...
    # Subtest: WHAT[verification-system-016] a held actual npm probe preserves null cancellation and drains its process group
    ok 12 - WHAT[verification-system-016] a held actual npm probe preserves null cancellation and drains its process group
      ---
      duration_ms: 2437.63875
      type: 'test'
      ...
    # Subtest: WHAT[verification-system-016] already aborted tool preparation preserves Error before reading a missing archive
    ok 13 - WHAT[verification-system-016] already aborted tool preparation preserves Error before reading a missing archive
      ---
      duration_ms: 0.220083
      type: 'test'
      ...
    # Subtest: WHAT[verification-system-016] already aborted tool preparation preserves null before reading a missing archive
    ok 14 - WHAT[verification-system-016] already aborted tool preparation preserves null before reading a missing archive
      ---
      duration_ms: 0.06925
      type: 'test'
      ...
    1..14
ok 5 - WHAT[verification-system-016] selected Node and complete npm bundle preparation binds actual probes without borrowing ambient configuration
  ---
  duration_ms: 18870.218458
  type: 'test'
  ...
# Subtest: WHAT[verification-system-016] successful SDK probe replacing its archive root cannot start another selected executable
ok 6 - WHAT[verification-system-016] successful SDK probe replacing its archive root cannot start another selected executable
  ---
  duration_ms: 613.624375
  type: 'test'
  ...
# Subtest: WHAT[verification-system-016] successful SDK probe replacing its probe root cannot start another selected executable
ok 7 - WHAT[verification-system-016] successful SDK probe replacing its probe root cannot start another selected executable
  ---
  duration_ms: 608.364333
  type: 'test'
  ...
# Subtest: WHAT[verification-system-016] failed SDK probe preserves an exact-copy replacement of its private probe root
ok 8 - WHAT[verification-system-016] failed SDK probe preserves an exact-copy replacement of its private probe root
  ---
  duration_ms: 628.420125
  type: 'test'
  ...
# Subtest: WHAT[verification-system-016] selected SDK archive failures reclaim private roots and preserve exact global.json bytes
    # Subtest: WHAT[verification-system-016] a missing selected SDK executable is not borrowed from ambient dotnet
    ok 1 - WHAT[verification-system-016] a missing selected SDK executable is not borrowed from ambient dotnet
      ---
      duration_ms: 0.881625
      type: 'test'
      ...
    # Subtest: WHAT[verification-system-016] a changed SDK archive digest publishes no candidate
    ok 2 - WHAT[verification-system-016] a changed SDK archive digest publishes no candidate
      ---
      duration_ms: 0.171917
      type: 'test'
      ...
    # Subtest: WHAT[verification-system-016] early SDK cancellation preserves Error before reading missing inputs
    ok 3 - WHAT[verification-system-016] early SDK cancellation preserves Error before reading missing inputs
      ---
      duration_ms: 0.102875
      type: 'test'
      ...
    # Subtest: WHAT[verification-system-016] early SDK cancellation preserves null before reading missing inputs
    ok 4 - WHAT[verification-system-016] early SDK cancellation preserves null before reading missing inputs
      ---
      duration_ms: 0.072875
      type: 'test'
      ...
    # Subtest: WHAT[verification-system-016] a failing actual executable probe does not publish its archive identity
    ok 5 - WHAT[verification-system-016] a failing actual executable probe does not publish its archive identity
      ---
      duration_ms: 618.641291
      type: 'test'
      ...
    # Subtest: WHAT[verification-system-016] dotnet roles cannot use traversal or a symbolic executable alias
    ok 6 - WHAT[verification-system-016] dotnet roles cannot use traversal or a symbolic executable alias
      ---
      duration_ms: 4.245167
      type: 'test'
      ...
    # Subtest: WHAT[verification-system-016] a non-executable selected dotnet role cannot launch a probe
    ok 7 - WHAT[verification-system-016] a non-executable selected dotnet role cannot launch a probe
      ---
      duration_ms: 2.067667
      type: 'test'
      ...
    # Subtest: WHAT[verification-system-016] an escaping SDK archive link cannot capture a foreign runtime
    ok 8 - WHAT[verification-system-016] an escaping SDK archive link cannot capture a foreign runtime
      ---
      duration_ms: 1.764333
      type: 'test'
      ...
    1..8
ok 9 - WHAT[verification-system-016] selected SDK archive failures reclaim private roots and preserve exact global.json bytes
  ---
  duration_ms: 631.176125
  type: 'test'
  ...
# Subtest: WHAT[verification-system-016] SDK version and provenance come from the selected executable rather than its role name
    # Subtest: WHAT[verification-system-016] actual selected version must match the explicitly expected SDK
    ok 1 - WHAT[verification-system-016] actual selected version must match the explicitly expected SDK
      ---
      duration_ms: 880.701333
      type: 'test'
      ...
    # Subtest: WHAT[verification-system-016] a selected wrapper cannot borrow SDK Base Path or runtimes from a live installation
    ok 2 - WHAT[verification-system-016] a selected wrapper cannot borrow SDK Base Path or runtimes from a live installation # SKIP No explicitly selected live SDK is available for this physical provenance counterexample
      ---
      duration_ms: 0.051416
      type: 'test'
      ...
    1..2
ok 10 - WHAT[verification-system-016] SDK version and provenance come from the selected executable rather than its role name
  ---
  duration_ms: 882.491333
  type: 'test'
  ...
# Subtest: WHAT[verification-system-016] a complete selected SDK archive resolves the captured repository global.json and reclaims its owned roots
ok 11 - WHAT[verification-system-016] a complete selected SDK archive resolves the captured repository global.json and reclaims its owned roots # SKIP integration tier not enabled
  ---
  duration_ms: 0.107916
  type: 'test'
  ...
1..11
# tests 44
# suites 0
# pass 42
# fail 0
# cancelled 0
# skipped 2
# todo 0
# duration_ms 24409.857375
