TAP version 13
# Subtest: WHAT[verification-system-016] Node and npm role admission rejects invalid structure before archive reads or root allocation
    # Subtest: WHAT[verification-system-016] outside Node path fails with the typed role error before reading a missing archive
    ok 1 - WHAT[verification-system-016] outside Node path fails with the typed role error before reading a missing archive
      ---
      duration_ms: 13.347541
      type: 'test'
      ...
    # Subtest: WHAT[verification-system-016] Node traversal alias fails with the typed role error before reading a missing archive
    ok 2 - WHAT[verification-system-016] Node traversal alias fails with the typed role error before reading a missing archive
      ---
      duration_ms: 1.253417
      type: 'test'
      ...
    # Subtest: WHAT[verification-system-016] non-string Node role fails with the typed role error before reading a missing archive
    ok 3 - WHAT[verification-system-016] non-string Node role fails with the typed role error before reading a missing archive
      ---
      duration_ms: 0.98425
      type: 'test'
      ...
    # Subtest: WHAT[verification-system-016] absolute npm path fails with the typed role error before reading a missing archive
    ok 4 - WHAT[verification-system-016] absolute npm path fails with the typed role error before reading a missing archive
      ---
      duration_ms: 1.521583
      type: 'test'
      ...
    # Subtest: WHAT[verification-system-016] npm role outside its package fails with the typed role error before reading a missing archive
    ok 5 - WHAT[verification-system-016] npm role outside its package fails with the typed role error before reading a missing archive
      ---
      duration_ms: 1.113833
      type: 'test'
      ...
    # Subtest: WHAT[verification-system-016] npm traversal alias fails with the typed role error before reading a missing archive
    ok 6 - WHAT[verification-system-016] npm traversal alias fails with the typed role error before reading a missing archive
      ---
      duration_ms: 0.637292
      type: 'test'
      ...
    # Subtest: WHAT[verification-system-016] empty npm role fails with the typed role error before reading a missing archive
    ok 7 - WHAT[verification-system-016] empty npm role fails with the typed role error before reading a missing archive
      ---
      duration_ms: 0.736625
      type: 'test'
      ...
    # Subtest: WHAT[verification-system-016] already cancelled role admission preserves Error before role validation
    ok 8 - WHAT[verification-system-016] already cancelled role admission preserves Error before role validation
      ---
      duration_ms: 2.403333
      type: 'test'
      ...
    # Subtest: WHAT[verification-system-016] already cancelled role admission preserves null before role validation
    ok 9 - WHAT[verification-system-016] already cancelled role admission preserves null before role validation
      ---
      duration_ms: 2.971208
      type: 'test'
      ...
    1..9
ok 1 - WHAT[verification-system-016] Node and npm role admission rejects invalid structure before archive reads or root allocation
  ---
  duration_ms: 31.9835
  type: 'test'
  ...
# Subtest: WHAT[verification-system-016] selected Node and complete npm bundle preparation binds actual probes without borrowing ambient configuration
    # Subtest: WHAT[verification-system-016] the formal fixture captures an explicit complete npm package and actual selected Node binary
    ok 1 - WHAT[verification-system-016] the formal fixture captures an explicit complete npm package and actual selected Node binary
      ---
      duration_ms: 4629.318459
      type: 'test'
      ...
    # Subtest: WHAT[verification-system-016] wrong selected tool archive digest publishes no candidate
    ok 2 - WHAT[verification-system-016] wrong selected tool archive digest publishes no candidate
      ---
      duration_ms: 216.26175
      type: 'test'
      ...
    # Subtest: WHAT[verification-system-016] tool role paths reject aliases and npm entrypoints outside the selected npm package
    ok 3 - WHAT[verification-system-016] tool role paths reject aliases and npm entrypoints outside the selected npm package
      ---
      duration_ms: 7126.563917
      type: 'test'
      ...
    # Subtest: WHAT[verification-system-016] actual bundled Node and npm probes ignore hostile ambient HOME launchers and npm configuration
    not ok 4 - WHAT[verification-system-016] actual bundled Node and npm probes ignore hostile ambient HOME launchers and npm configuration
      ---
      duration_ms: 9774.900417
      type: 'test'
      location: '/Users/yuanxi/Workwork/vibe-fs/requirements/verification-system/tests/support/node-tool-candidate-tests.mjs:111:15'
      failureType: 'testCodeFailure'
      error: 'Selected tool identity probe failed'
      code: 'verification-tool-probe-failed'
      stack: |-
        complete (file:///Users/yuanxi/Workwork/vibe-fs/scripts/lib/verification-tool-probe.mjs:42:30)
      ...
    # Subtest: WHAT[verification-system-016] a missing declared npm library cannot be borrowed from the candidate parent directory by the actual npm CLI
    ok 5 - WHAT[verification-system-016] a missing declared npm library cannot be borrowed from the candidate parent directory by the actual npm CLI
      ---
      duration_ms: 6431.373417
      type: 'test'
      ...
    # Subtest: WHAT[verification-system-016] complete root npm dependencies cannot conceal a missing declared transitive production library
    ok 6 - WHAT[verification-system-016] complete root npm dependencies cannot conceal a missing declared transitive production library
      ---
      duration_ms: 6577.16275
      type: 'test'
      ...
    # Subtest: WHAT[verification-system-016] a valid selected archive missing an npm required module fails the actual npm probe and reclaims its private resources
    not ok 7 - WHAT[verification-system-016] a valid selected archive missing an npm required module fails the actual npm probe and reclaims its private resources
      ---
      duration_ms: 7627.117042
      type: 'test'
      location: '/Users/yuanxi/Workwork/vibe-fs/requirements/verification-system/tests/support/node-tool-candidate-tests.mjs:200:15'
      failureType: 'testCodeFailure'
      error: |-
        The validation function is expected to return "true". Received false
        
        Caught error:
        
        Error: Selected tool identity probe failed
      code: 'ERR_ASSERTION'
      name: 'AssertionError'
      stack: |-
        async TestContext.<anonymous> (file:///Users/yuanxi/Workwork/vibe-fs/requirements/verification-system/tests/support/node-tool-candidate-tests.mjs:203:9)
        async Test.run (node:internal/test_runner/test:1054:7)
        async TestContext.<anonymous> (file:///Users/yuanxi/Workwork/vibe-fs/requirements/verification-system/tests/support/node-tool-candidate-tests.mjs:200:7)
        async Test.run (node:internal/test_runner/test:1054:7)
        async Test.processPendingSubtests (node:internal/test_runner/test:744:7)
      ...
    # Subtest: WHAT[verification-system-016] an internal symbolic Node entrypoint cannot stand in for the selected executable file
    ok 8 - WHAT[verification-system-016] an internal symbolic Node entrypoint cannot stand in for the selected executable file
      ---
      duration_ms: 5551.043708
      type: 'test'
      ...
    # Subtest: WHAT[verification-system-016] a non-executable selected Node file cannot authorize a tool probe
    ok 9 - WHAT[verification-system-016] a non-executable selected Node file cannot authorize a tool probe
      ---
      duration_ms: 6001.408875
      type: 'test'
      ...
    # Subtest: WHAT[verification-system-016] an actual npm CLI that adds an unselected file before reporting its real version cannot publish the original bundle identity
    not ok 10 - WHAT[verification-system-016] an actual npm CLI that adds an unselected file before reporting its real version cannot publish the original bundle identity
      ---
      duration_ms: 8459.522125
      type: 'test'
      location: '/Users/yuanxi/Workwork/vibe-fs/requirements/verification-system/tests/support/node-tool-candidate-tests.mjs:218:15'
      failureType: 'testCodeFailure'
      error: |-
        The validation function is expected to return "true". Received false
        
        Caught error:
        
        Error: Selected tool identity probe failed
      code: 'ERR_ASSERTION'
      name: 'AssertionError'
      stack: |-
        async TestContext.<anonymous> (file:///Users/yuanxi/Workwork/vibe-fs/requirements/verification-system/tests/support/node-tool-candidate-tests.mjs:227:9)
        async Test.run (node:internal/test_runner/test:1054:7)
        async TestContext.<anonymous> (file:///Users/yuanxi/Workwork/vibe-fs/requirements/verification-system/tests/support/node-tool-candidate-tests.mjs:218:7)
        async Test.run (node:internal/test_runner/test:1054:7)
        async Test.processPendingSubtests (node:internal/test_runner/test:744:7)
      ...
    # Subtest: WHAT[verification-system-016] a held actual npm probe preserves Error cancellation and drains its process group
    not ok 11 - WHAT[verification-system-016] a held actual npm probe preserves Error cancellation and drains its process group
      ---
      duration_ms: 7505.433583
      type: 'test'
      location: '/Users/yuanxi/Workwork/vibe-fs/requirements/verification-system/tests/support/node-tool-candidate-tests.mjs:231:17'
      failureType: 'testCodeFailure'
      error: 'Selected tool identity probe failed'
      code: 'verification-tool-probe-failed'
      stack: |-
        complete (file:///Users/yuanxi/Workwork/vibe-fs/scripts/lib/verification-tool-probe.mjs:42:30)
      ...
    # Subtest: WHAT[verification-system-016] a held actual npm probe preserves null cancellation and drains its process group
    not ok 12 - WHAT[verification-system-016] a held actual npm probe preserves null cancellation and drains its process group
      ---
      duration_ms: 8596.32875
      type: 'test'
      location: '/Users/yuanxi/Workwork/vibe-fs/requirements/verification-system/tests/support/node-tool-candidate-tests.mjs:231:17'
      failureType: 'testCodeFailure'
      error: 'Selected tool identity probe failed'
      code: 'verification-tool-probe-failed'
      stack: |-
        complete (file:///Users/yuanxi/Workwork/vibe-fs/scripts/lib/verification-tool-probe.mjs:42:30)
      ...
    # Subtest: WHAT[verification-system-016] already aborted tool preparation preserves Error before reading a missing archive
    ok 13 - WHAT[verification-system-016] already aborted tool preparation preserves Error before reading a missing archive
      ---
      duration_ms: 6.756791
      type: 'test'
      ...
    # Subtest: WHAT[verification-system-016] already aborted tool preparation preserves null before reading a missing archive
    ok 14 - WHAT[verification-system-016] already aborted tool preparation preserves null before reading a missing archive
      ---
      duration_ms: 0.78
      type: 'test'
      ...
    1..14
not ok 2 - WHAT[verification-system-016] selected Node and complete npm bundle preparation binds actual probes without borrowing ambient configuration
  ---
  duration_ms: 80193.410916
  type: 'test'
  location: '/Users/yuanxi/Workwork/vibe-fs/requirements/verification-system/tests/support/node-tool-candidate-tests.mjs:81:3'
  failureType: 'subtestsFailed'
  error: '5 subtests failed'
  code: 'ERR_TEST_FAILURE'
  ...
# Subtest: WHAT[verification-system-016] npm tool archive installation owns selected complete tools and locked dependencies through publication
    # Subtest: WHAT[verification-system-016] two actual locked registry packages preserve modes use the selected bundle layout and bind its complete identity after tools cleanup
    not ok 1 - WHAT[verification-system-016] two actual locked registry packages preserve modes use the selected bundle layout and bind its complete identity after tools cleanup
      ---
      duration_ms: 14239.687833
      type: 'test'
      location: '/Users/yuanxi/Workwork/vibe-fs/requirements/verification-system/tests/support/npm-tool-archive-tests.mjs:94:13'
      failureType: 'testCodeFailure'
      error: 'Selected tool identity probe failed'
      code: 'verification-tool-probe-failed'
      stack: |-
        complete (file:///Users/yuanxi/Workwork/vibe-fs/scripts/lib/verification-tool-probe.mjs:42:30)
      ...
    # Subtest: WHAT[verification-system-016] npm tool archive rejects non-CLI library bytes changed during a real held install and reclaims unpublished dependencies
    not ok 2 - WHAT[verification-system-016] npm tool archive rejects non-CLI library bytes changed during a real held install and reclaims unpublished dependencies
      ---
      duration_ms: 13061.092
      type: 'test'
      location: '/Users/yuanxi/Workwork/vibe-fs/requirements/verification-system/tests/support/npm-tool-archive-tests.mjs:134:15'
      failureType: 'testCodeFailure'
      error: 'Selected tool identity probe failed'
      code: 'verification-tool-probe-failed'
      stack: |-
        complete (file:///Users/yuanxi/Workwork/vibe-fs/scripts/lib/verification-tool-probe.mjs:42:30)
      ...
    # Subtest: WHAT[verification-system-016] npm tool archive rejects new tool member changed during a real held install and reclaims unpublished dependencies
    ok 3 - WHAT[verification-system-016] npm tool archive rejects new tool member changed during a real held install and reclaims unpublished dependencies
      ---
      duration_ms: 26877.010792
      type: 'test'
      ...
    # Subtest: WHAT[verification-system-016] npm tool archive held install cancellation preserves Error and reclaims tools installation and dependencies
    ok 4 - WHAT[verification-system-016] npm tool archive held install cancellation preserves Error and reclaims tools installation and dependencies
      ---
      duration_ms: 28444.815042
      type: 'test'
      ...
    # Subtest: WHAT[verification-system-016] npm tool archive held install cancellation preserves null and reclaims tools installation and dependencies
    ok 5 - WHAT[verification-system-016] npm tool archive held install cancellation preserves null and reclaims tools installation and dependencies
      ---
      duration_ms: 20912.404459
      type: 'test'
      ...
    # Subtest: WHAT[verification-system-016] npm tool archive rejects a mismatched actual Node version before registry execution
    ok 6 - WHAT[verification-system-016] npm tool archive rejects a mismatched actual Node version before registry execution
      ---
      duration_ms: 15643.044917
      type: 'test'
      ...
    # Subtest: WHAT[verification-system-016] npm tool archive rejects a mismatched actual npm version before registry execution
    ok 7 - WHAT[verification-system-016] npm tool archive rejects a mismatched actual npm version before registry execution
      ---
      duration_ms: 18535.409375
      type: 'test'
      ...
    # Subtest: WHAT[verification-system-016] npm tool archive already aborted preserves Error before reading missing source or archive
    ok 8 - WHAT[verification-system-016] npm tool archive already aborted preserves Error before reading missing source or archive
      ---
      duration_ms: 991.797917
      type: 'test'
      ...
    # Subtest: WHAT[verification-system-016] npm tool archive already aborted preserves null before reading missing source or archive
    ok 9 - WHAT[verification-system-016] npm tool archive already aborted preserves null before reading missing source or archive
      ---
      duration_ms: 956.833625
      type: 'test'
      ...
    1..9
not ok 3 - WHAT[verification-system-016] npm tool archive installation owns selected complete tools and locked dependencies through publication
  ---
  duration_ms: 139685.636834
  type: 'test'
  location: '/Users/yuanxi/Workwork/vibe-fs/requirements/verification-system/tests/support/npm-tool-archive-tests.mjs:93:3'
  failureType: 'subtestsFailed'
  error: '2 subtests failed'
  code: 'ERR_TEST_FAILURE'
  ...
# Subtest: WHAT[verification-system-016] selected SDK archive failures reclaim private roots and preserve exact global.json bytes
    # Subtest: WHAT[verification-system-016] a missing selected SDK executable is not borrowed from ambient dotnet
    ok 1 - WHAT[verification-system-016] a missing selected SDK executable is not borrowed from ambient dotnet
      ---
      duration_ms: 10.643334
      type: 'test'
      ...
    # Subtest: WHAT[verification-system-016] a changed SDK archive digest publishes no candidate
    ok 2 - WHAT[verification-system-016] a changed SDK archive digest publishes no candidate
      ---
      duration_ms: 1.963041
      type: 'test'
      ...
    # Subtest: WHAT[verification-system-016] early SDK cancellation preserves Error before reading missing inputs
    ok 3 - WHAT[verification-system-016] early SDK cancellation preserves Error before reading missing inputs
      ---
      duration_ms: 1.178458
      type: 'test'
      ...
    # Subtest: WHAT[verification-system-016] early SDK cancellation preserves null before reading missing inputs
    ok 4 - WHAT[verification-system-016] early SDK cancellation preserves null before reading missing inputs
      ---
      duration_ms: 0.480917
      type: 'test'
      ...
    # Subtest: WHAT[verification-system-016] a failing actual executable probe does not publish its archive identity
    ok 5 - WHAT[verification-system-016] a failing actual executable probe does not publish its archive identity
      ---
      duration_ms: 1221.47175
      type: 'test'
      ...
    # Subtest: WHAT[verification-system-016] dotnet roles cannot use traversal or a symbolic executable alias
    ok 6 - WHAT[verification-system-016] dotnet roles cannot use traversal or a symbolic executable alias
      ---
      duration_ms: 34.921583
      type: 'test'
      ...
    # Subtest: WHAT[verification-system-016] a non-executable selected dotnet role cannot launch a probe
    ok 7 - WHAT[verification-system-016] a non-executable selected dotnet role cannot launch a probe
      ---
      duration_ms: 11.208041
      type: 'test'
      ...
    # Subtest: WHAT[verification-system-016] an escaping SDK archive link cannot capture a foreign runtime
    ok 8 - WHAT[verification-system-016] an escaping SDK archive link cannot capture a foreign runtime
      ---
      duration_ms: 12.050042
      type: 'test'
      ...
    1..8
ok 4 - WHAT[verification-system-016] selected SDK archive failures reclaim private roots and preserve exact global.json bytes
  ---
  duration_ms: 1330.807375
  type: 'test'
  ...
# Subtest: WHAT[verification-system-016] SDK version and provenance come from the selected executable rather than its role name
    # Subtest: WHAT[verification-system-016] actual selected version must match the explicitly expected SDK
    ok 1 - WHAT[verification-system-016] actual selected version must match the explicitly expected SDK
      ---
      duration_ms: 1529.642708
      type: 'test'
      ...
    # Subtest: WHAT[verification-system-016] a selected wrapper cannot borrow SDK Base Path or runtimes from a live installation
    ok 2 - WHAT[verification-system-016] a selected wrapper cannot borrow SDK Base Path or runtimes from a live installation # SKIP No explicitly selected live SDK is available for this physical provenance counterexample
      ---
      duration_ms: 0.706208
      type: 'test'
      ...
    1..2
ok 5 - WHAT[verification-system-016] SDK version and provenance come from the selected executable rather than its role name
  ---
  duration_ms: 1540.679333
  type: 'test'
  ...
# Subtest: WHAT[verification-system-016] held SDK probe preserves Error cancellation and drains its actual process group
ok 6 - WHAT[verification-system-016] held SDK probe preserves Error cancellation and drains its actual process group
  ---
  duration_ms: 1346.093375
  type: 'test'
  ...
# Subtest: WHAT[verification-system-016] held SDK probe preserves null cancellation and drains its actual process group
ok 7 - WHAT[verification-system-016] held SDK probe preserves null cancellation and drains its actual process group
  ---
  duration_ms: 1122.423208
  type: 'test'
  ...
# Subtest: WHAT[verification-system-016] tool preparation rejects a missing manifest before admitting selected archives
ok 8 - WHAT[verification-system-016] tool preparation rejects a missing manifest before admitting selected archives
  ---
  duration_ms: 14.613375
  type: 'test'
  ...
# Subtest: WHAT[verification-system-016] tool preparation rejects a malformed JSON manifest before admitting selected archives
ok 9 - WHAT[verification-system-016] tool preparation rejects a malformed JSON manifest before admitting selected archives
  ---
  duration_ms: 11.099291
  type: 'test'
  ...
# Subtest: WHAT[verification-system-016] tool preparation rejects a floating tool version manifest before admitting selected archives
ok 10 - WHAT[verification-system-016] tool preparation rejects a floating tool version manifest before admitting selected archives
  ---
  duration_ms: 10.783
  type: 'test'
  ...
# Subtest: WHAT[verification-system-016] tool preparation rejects a tool roll-forward manifest before admitting selected archives
ok 11 - WHAT[verification-system-016] tool preparation rejects a tool roll-forward manifest before admitting selected archives
  ---
  duration_ms: 8.996417
  type: 'test'
  ...
# Subtest: WHAT[verification-system-016] tool preparation rejects a duplicate command manifest before admitting selected archives
ok 12 - WHAT[verification-system-016] tool preparation rejects a duplicate command manifest before admitting selected archives
  ---
  duration_ms: 9.914458
  type: 'test'
  ...
# Subtest: WHAT[verification-system-016] tool archive SHA-512 and selected SDK global identity must match before restore
ok 13 - WHAT[verification-system-016] tool archive SHA-512 and selected SDK global identity must match before restore
  ---
  duration_ms: 14.711917
  type: 'test'
  ...
# Subtest: WHAT[verification-system-016] a direct tool missing from the selected archive set cannot borrow ambient packages
ok 14 - WHAT[verification-system-016] a direct tool missing from the selected archive set cannot borrow ambient packages
  ---
  duration_ms: 8.367166
  type: 'test'
  ...
# Subtest: WHAT[verification-system-016] actual selected executor failure retains its cause and reclaims the private restore roots
ok 15 - WHAT[verification-system-016] actual selected executor failure retains its cause and reclaims the private restore roots
  ---
  duration_ms: 1061.933
  type: 'test'
  ...
# Subtest: WHAT[verification-system-016] early tool cancellation preserves Error without reading missing source or archives
ok 16 - WHAT[verification-system-016] early tool cancellation preserves Error without reading missing source or archives
  ---
  duration_ms: 13.202333
  type: 'test'
  ...
# Subtest: WHAT[verification-system-016] early tool cancellation preserves null without reading missing source or archives
ok 17 - WHAT[verification-system-016] early tool cancellation preserves null without reading missing source or archives
  ---
  duration_ms: 8.056125
  type: 'test'
  ...
# Subtest: WHAT[verification-system-016] held tool restore preserves Error cancellation and drains its actual process group
ok 18 - WHAT[verification-system-016] held tool restore preserves Error cancellation and drains its actual process group
  ---
  duration_ms: 1223.7705
  type: 'test'
  ...
# Subtest: WHAT[verification-system-016] held tool restore preserves null cancellation and drains its actual process group
ok 19 - WHAT[verification-system-016] held tool restore preserves null cancellation and drains its actual process group
  ---
  duration_ms: 1451.879
  type: 'test'
  ...
# Subtest: WHAT[verification-system-016] held tool restore reclaims its original canonical root after parent link replacement and preserves the foreign owner
ok 20 - WHAT[verification-system-016] held tool restore reclaims its original canonical root after parent link replacement and preserves the foreign owner
  ---
  duration_ms: 1475.834208
  type: 'test'
  ...
# {"ownedRootExists":false,"foreignMarkerExists":true}
# Subtest: WHAT[verification-system-016] tool receipt rejects malformed resolver JSON and reclaims all owned restore output
ok 21 - WHAT[verification-system-016] tool receipt rejects malformed resolver JSON and reclaims all owned restore output
  ---
  duration_ms: 1344.076041
  type: 'test'
  ...
# Subtest: WHAT[verification-system-016] tool receipt rejects wrong resolver version and reclaims all owned restore output
ok 22 - WHAT[verification-system-016] tool receipt rejects wrong resolver version and reclaims all owned restore output
  ---
  duration_ms: 1174.189291
  type: 'test'
  ...
# Subtest: WHAT[verification-system-016] tool receipt rejects foreign executable and reclaims all owned restore output
ok 23 - WHAT[verification-system-016] tool receipt rejects foreign executable and reclaims all owned restore output
  ---
  duration_ms: 1457.138792
  type: 'test'
  ...
# Subtest: WHAT[verification-system-016] tool receipt rejects unexpected command and reclaims all owned restore output
ok 24 - WHAT[verification-system-016] tool receipt rejects unexpected command and reclaims all owned restore output
  ---
  duration_ms: 1878.614375
  type: 'test'
  ...
# Subtest: WHAT[verification-system-016] tool receipt rejects unselected package and reclaims all owned restore output
ok 25 - WHAT[verification-system-016] tool receipt rejects unselected package and reclaims all owned restore output
  ---
  duration_ms: 1049.064792
  type: 'test'
  ...
# Subtest: WHAT[verification-system-016] tool receipt rejects unselected feed member and reclaims all owned restore output
ok 26 - WHAT[verification-system-016] tool receipt rejects unselected feed member and reclaims all owned restore output
  ---
  duration_ms: 1014.533
  type: 'test'
  ...
# Subtest: WHAT[verification-system-016] tool receipt rejects missing selected package and reclaims all owned restore output
ok 27 - WHAT[verification-system-016] tool receipt rejects missing selected package and reclaims all owned restore output
  ---
  duration_ms: 1385.548959
  type: 'test'
  ...
# Subtest: WHAT[verification-system-016] tool receipt rejects changed package archive and reclaims all owned restore output
ok 28 - WHAT[verification-system-016] tool receipt rejects changed package archive and reclaims all owned restore output
  ---
  duration_ms: 1004.17175
  type: 'test'
  ...
# Subtest: WHAT[verification-system-016] tool receipt rejects missing runtime DLL and reclaims all owned restore output
ok 29 - WHAT[verification-system-016] tool receipt rejects missing runtime DLL and reclaims all owned restore output
  ---
  duration_ms: 999.816792
  type: 'test'
  ...
# Subtest: WHAT[verification-system-016] tool receipt rejects malformed runtime deps JSON and reclaims all owned restore output
ok 30 - WHAT[verification-system-016] tool receipt rejects malformed runtime deps JSON and reclaims all owned restore output
  ---
  duration_ms: 1003.812042
  type: 'test'
  ...
# Subtest: WHAT[verification-system-016] tool receipt rejects escaping runtime asset and reclaims all owned restore output
ok 31 - WHAT[verification-system-016] tool receipt rejects escaping runtime asset and reclaims all owned restore output
  ---
  duration_ms: 1034.467375
  type: 'test'
  ...
# Subtest: WHAT[verification-system-016] tool receipt rejects changed selected SDK during execution and reclaims all owned restore output
ok 32 - WHAT[verification-system-016] tool receipt rejects changed selected SDK during execution and reclaims all owned restore output
  ---
  duration_ms: 1440.418458
  type: 'test'
  ...
# Subtest: WHAT[verification-system-016] mutated selected SDK entry metadata cannot execute a foreign launcher under the original SDK digest
ok 33 - WHAT[verification-system-016] mutated selected SDK entry metadata cannot execute a foreign launcher under the original SDK digest
  ---
  duration_ms: 20.123833
  type: 'test'
  ...
# Subtest: WHAT[verification-system-016] tool receipt revalidation rejects a changed public toolRoot and disposal preserves the foreign owner
ok 34 - WHAT[verification-system-016] tool receipt revalidation rejects a changed public toolRoot and disposal preserves the foreign owner
  ---
  duration_ms: 1464.749416
  type: 'test'
  ...
# Subtest: WHAT[verification-system-016] tool receipt revalidation rejects a changed public executable and disposal preserves the foreign owner
ok 35 - WHAT[verification-system-016] tool receipt revalidation rejects a changed public executable and disposal preserves the foreign owner
  ---
  duration_ms: 969.291375
  type: 'test'
  ...
# Subtest: WHAT[verification-system-016] selected tool receipt binds the complete ordinary output inventory and rejects byte, mode, added and deleted members
    # Subtest: WHAT[verification-system-016] captured tool output rejects byte mutation
    ok 1 - WHAT[verification-system-016] captured tool output rejects byte mutation
      ---
      duration_ms: 9.789125
      type: 'test'
      ...
    # Subtest: WHAT[verification-system-016] captured tool output rejects mode mutation
    ok 2 - WHAT[verification-system-016] captured tool output rejects mode mutation
      ---
      duration_ms: 8.839292
      type: 'test'
      ...
    # Subtest: WHAT[verification-system-016] captured tool output rejects added member
    ok 3 - WHAT[verification-system-016] captured tool output rejects added member
      ---
      duration_ms: 8.987334
      type: 'test'
      ...
    # Subtest: WHAT[verification-system-016] captured tool output rejects deleted member
    ok 4 - WHAT[verification-system-016] captured tool output rejects deleted member
      ---
      duration_ms: 10.8445
      type: 'test'
      ...
    1..4
ok 36 - WHAT[verification-system-016] selected tool receipt binds the complete ordinary output inventory and rejects byte, mode, added and deleted members
  ---
  duration_ms: 1045.386041
  type: 'test'
  ...
# Subtest: WHAT[verification-system-016] project graph rejects foreign output directory without publishing a restore receipt
ok 37 - WHAT[verification-system-016] project graph rejects foreign output directory without publishing a restore receipt
  ---
  duration_ms: 3039.861959
  type: 'test'
  ...
# Subtest: WHAT[verification-system-016] project graph rejects unselected dependency edge without publishing a restore receipt
ok 38 - WHAT[verification-system-016] project graph rejects unselected dependency edge without publishing a restore receipt
  ---
  duration_ms: 2606.894042
  type: 'test'
  ...
# Subtest: WHAT[verification-system-016] project graph rejects target and lock dependency version disagreement without publishing a restore receipt
ok 39 - WHAT[verification-system-016] project graph rejects target and lock dependency version disagreement without publishing a restore receipt
  ---
  duration_ms: 2530.852333
  type: 'test'
  ...
# Subtest: WHAT[verification-system-016] project graph rejects null library without publishing a restore receipt
ok 40 - WHAT[verification-system-016] project graph rejects null library without publishing a restore receipt
  ---
  duration_ms: 4958.60575
  type: 'test'
  ...
# Subtest: WHAT[verification-system-016] project graph rejects null compile asset map without publishing a restore receipt
ok 41 - WHAT[verification-system-016] project graph rejects null compile asset map without publishing a restore receipt
  ---
  duration_ms: 3682.651334
  type: 'test'
  ...
# Subtest: WHAT[verification-system-016] project graph rejects array runtime asset map without publishing a restore receipt
ok 42 - WHAT[verification-system-016] project graph rejects array runtime asset map without publishing a restore receipt
  ---
  duration_ms: 2944.50575
  type: 'test'
  ...
# Subtest: WHAT[verification-system-016] project graph rejects null lock framework dependency map without publishing a restore receipt
ok 43 - WHAT[verification-system-016] project graph rejects null lock framework dependency map without publishing a restore receipt
  ---
  duration_ms: 3090.426542
  type: 'test'
  ...
# Subtest: WHAT[verification-system-016] project graph rejects array lock framework dependency map without publishing a restore receipt
ok 44 - WHAT[verification-system-016] project graph rejects array lock framework dependency map without publishing a restore receipt
  ---
  duration_ms: 2555.925958
  type: 'test'
  ...
# Subtest: WHAT[verification-system-016] project graph rejects malformed lock JSON without publishing a restore receipt
ok 45 - WHAT[verification-system-016] project graph rejects malformed lock JSON without publishing a restore receipt
  ---
  duration_ms: 2691.60725
  type: 'test'
  ...
# Subtest: WHAT[verification-system-016] project graph rejects malformed assets JSON without publishing a restore receipt
ok 46 - WHAT[verification-system-016] project graph rejects malformed assets JSON without publishing a restore receipt
  ---
  duration_ms: 3569.7365
  type: 'test'
  ...
# Subtest: WHAT[verification-system-016] project graph rejects lock contentHash disagreement without publishing a restore receipt
ok 47 - WHAT[verification-system-016] project graph rejects lock contentHash disagreement without publishing a restore receipt
  ---
  duration_ms: 2789.625792
  type: 'test'
  ...
# Subtest: WHAT[verification-system-016] project graph rejects raw archive sidecar disagreement without publishing a restore receipt
ok 48 - WHAT[verification-system-016] project graph rejects raw archive sidecar disagreement without publishing a restore receipt
  ---
  duration_ms: 2802.296166
  type: 'test'
  ...
# Subtest: WHAT[verification-system-016] project graph rejects changed restored archive bytes without publishing a restore receipt
ok 49 - WHAT[verification-system-016] project graph rejects changed restored archive bytes without publishing a restore receipt
  ---
  duration_ms: 2856.701583
  type: 'test'
  ...
# Subtest: WHAT[verification-system-016] project graph rejects missing runtime file without publishing a restore receipt
ok 50 - WHAT[verification-system-016] project graph rejects missing runtime file without publishing a restore receipt
  ---
  duration_ms: 2823.260959
  type: 'test'
  ...
# Subtest: WHAT[verification-system-016] project graph rejects foreign package folder without publishing a restore receipt
ok 51 - WHAT[verification-system-016] project graph rejects foreign package folder without publishing a restore receipt
  ---
  duration_ms: 2907.784
  type: 'test'
  ...
# Subtest: WHAT[verification-system-016] project restore rejects an added feed archive changed by the first consumer before starting locked restore
ok 52 - WHAT[verification-system-016] project restore rejects an added feed archive changed by the first consumer before starting locked restore
  ---
  duration_ms: 3254.660042
  type: 'test'
  ...
# Subtest: WHAT[verification-system-016] project restore rejects selected feed bytes changed by the first consumer before starting locked restore
ok 53 - WHAT[verification-system-016] project restore rejects selected feed bytes changed by the first consumer before starting locked restore
  ---
  duration_ms: 2595.417834
  type: 'test'
  ...
# Subtest: WHAT[verification-system-016] project restore rejects the selected NuGet config changed by the first consumer before starting locked restore
ok 54 - WHAT[verification-system-016] project restore rejects the selected NuGet config changed by the first consumer before starting locked restore
  ---
  duration_ms: 2567.061375
  type: 'test'
  ...
# Subtest: WHAT[verification-system-016] project restore rejects a Git journal file changed by the first consumer before starting locked restore
ok 55 - WHAT[verification-system-016] project restore rejects a Git journal file changed by the first consumer before starting locked restore
  ---
  duration_ms: 2927.044416
  type: 'test'
  ...
# Subtest: WHAT[verification-system-016] fresh-cache locked project restore rejects graph change
ok 56 - WHAT[verification-system-016] fresh-cache locked project restore rejects graph change
  ---
  duration_ms: 3504.530333
  type: 'test'
  ...
# Subtest: WHAT[verification-system-016] fresh-cache locked project restore rejects lock byte change
ok 57 - WHAT[verification-system-016] fresh-cache locked project restore rejects lock byte change
  ---
  duration_ms: 3303.489208
  type: 'test'
  ...
# Subtest: WHAT[verification-system-016] fresh-cache locked project restore rejects physical locked restore failure
ok 58 - WHAT[verification-system-016] fresh-cache locked project restore rejects physical locked restore failure
  ---
  duration_ms: 3120.163625
  type: 'test'
  ...
# Subtest: WHAT[verification-system-016] a changed public project root cannot borrow the prepared identity or redirect disposal
ok 59 - WHAT[verification-system-016] a changed public project root cannot borrow the prepared identity or redirect disposal
  ---
  duration_ms: 3141.027167
  type: 'test'
  ...
# Subtest: WHAT[verification-system-016] a changed public project digest cannot claim the original prepared identity
ok 60 - WHAT[verification-system-016] a changed public project digest cannot claim the original prepared identity
  ---
  duration_ms: 4311.728375
  type: 'test'
  ...
# Subtest: WHAT[verification-system-016] a prepared project rejects bytes output identity before further consumption
ok 61 - WHAT[verification-system-016] a prepared project rejects bytes output identity before further consumption
  ---
  duration_ms: 3683.498542
  type: 'test'
  ...
# Subtest: WHAT[verification-system-016] a prepared project rejects mode output identity before further consumption
ok 62 - WHAT[verification-system-016] a prepared project rejects mode output identity before further consumption
  ---
  duration_ms: 3251.071958
  type: 'test'
  ...
# Subtest: WHAT[verification-system-016] a prepared project rejects added output identity before further consumption
ok 63 - WHAT[verification-system-016] a prepared project rejects added output identity before further consumption
  ---
  duration_ms: 3206.819458
  type: 'test'
  ...
# Subtest: WHAT[verification-system-016] a prepared project rejects missing output identity before further consumption
ok 64 - WHAT[verification-system-016] a prepared project rejects missing output identity before further consumption
  ---
  duration_ms: 4031.503583
  type: 'test'
  ...
# Subtest: WHAT[verification-system-016] a changed project parent alias cannot redirect disposal into caller-owned data
ok 65 - WHAT[verification-system-016] a changed project parent alias cannot redirect disposal into caller-owned data
  ---
  duration_ms: 4040.448042
  type: 'test'
  ...
# Subtest: WHAT[verification-system-016] project receipt binds a consistent two-package graph after both actual adapter processes start from empty private caches
ok 66 - WHAT[verification-system-016] project receipt binds a consistent two-package graph after both actual adapter processes start from empty private caches
  ---
  duration_ms: 4126.94325
  type: 'test'
  ...
# Subtest: WHAT[verification-system-016] the prepared Git input revalidates bytes identity of input.txt
ok 67 - WHAT[verification-system-016] the prepared Git input revalidates bytes identity of input.txt
  ---
  duration_ms: 1180.286708
  type: 'test'
  ...
# Subtest: WHAT[verification-system-016] the prepared Git input revalidates mode identity of input.txt
ok 68 - WHAT[verification-system-016] the prepared Git input revalidates mode identity of input.txt
  ---
  duration_ms: 1133.595667
  type: 'test'
  ...
# Subtest: WHAT[verification-system-016] the prepared Git input revalidates missing identity of input.txt
ok 69 - WHAT[verification-system-016] the prepared Git input revalidates missing identity of input.txt
  ---
  duration_ms: 1099.585417
  type: 'test'
  ...
# Subtest: WHAT[verification-system-016] the prepared Git input revalidates bytes identity of .git/HEAD
ok 70 - WHAT[verification-system-016] the prepared Git input revalidates bytes identity of .git/HEAD
  ---
  duration_ms: 1075.021125
  type: 'test'
  ...
# Subtest: WHAT[verification-system-016] the prepared Git input revalidates mode identity of .git/HEAD
ok 71 - WHAT[verification-system-016] the prepared Git input revalidates mode identity of .git/HEAD
  ---
  duration_ms: 1077.630375
  type: 'test'
  ...
# Subtest: WHAT[verification-system-016] the prepared Git input revalidates missing identity of .git/HEAD
ok 72 - WHAT[verification-system-016] the prepared Git input revalidates missing identity of .git/HEAD
  ---
  duration_ms: 1031.482292
  type: 'test'
  ...
# Subtest: WHAT[verification-system-016] the prepared Git input rejects an added ordinary member unselected.txt
ok 73 - WHAT[verification-system-016] the prepared Git input rejects an added ordinary member unselected.txt
  ---
  duration_ms: 1195.116625
  type: 'test'
  ...
# Subtest: WHAT[verification-system-016] the prepared Git input rejects an added ordinary member .git/unselected
ok 74 - WHAT[verification-system-016] the prepared Git input rejects an added ordinary member .git/unselected
  ---
  duration_ms: 1111.957875
  type: 'test'
  ...
# Subtest: WHAT[verification-system-016] a changed public source root cannot borrow the captured Git identity or redirect disposal
ok 75 - WHAT[verification-system-016] a changed public source root cannot borrow the captured Git identity or redirect disposal
  ---
  duration_ms: 1387.228625
  type: 'test'
  ...
# Subtest: WHAT[verification-system-016] prepared Git input disposal reclaims its canonical owned root and preserves the foreign owner after parent link replacement
ok 76 - WHAT[verification-system-016] prepared Git input disposal reclaims its canonical owned root and preserves the foreign owner after parent link replacement
  ---
  duration_ms: 1172.08025
  type: 'test'
  ...
# {"originalRootExists":false,"foreignMarkerExists":true}
# Subtest: WHAT[verification-system-016] project preparation rejects missing or nonordinary selected path missing.fsproj
ok 77 - WHAT[verification-system-016] project preparation rejects missing or nonordinary selected path missing.fsproj
  ---
  duration_ms: 1064.019
  type: 'test'
  ...
# Subtest: WHAT[verification-system-016] project preparation rejects missing or nonordinary selected path ../outside.fsproj
ok 78 - WHAT[verification-system-016] project preparation rejects missing or nonordinary selected path ../outside.fsproj
  ---
  duration_ms: 1166.863958
  type: 'test'
  ...
# Subtest: WHAT[verification-system-016] project preparation rejects missing or nonordinary selected path /absolute.fsproj
ok 79 - WHAT[verification-system-016] project preparation rejects missing or nonordinary selected path /absolute.fsproj
  ---
  duration_ms: 1215.23025
  type: 'test'
  ...
# Subtest: WHAT[verification-system-016] project preparation rejects missing or nonordinary selected path src/../src/Fixture.fsproj
ok 80 - WHAT[verification-system-016] project preparation rejects missing or nonordinary selected path src/../src/Fixture.fsproj
  ---
  duration_ms: 1536.963333
  type: 'test'
  ...
# Subtest: WHAT[verification-system-016] project preparation requires the captured Git source digest rather than a changed public claim
ok 81 - WHAT[verification-system-016] project preparation requires the captured Git source digest rather than a changed public claim
  ---
  duration_ms: 1002.5915
  type: 'test'
  ...
# Subtest: WHAT[verification-system-016] project preparation rejects a source containing a symbolic selected project without following its foreign target
ok 82 - WHAT[verification-system-016] project preparation rejects a source containing a symbolic selected project without following its foreign target
  ---
  duration_ms: 1110.975125
  type: 'test'
  ...
# Subtest: WHAT[verification-system-016] project preparation rejects selected archive byte identity mismatch before invoking MSBuild
ok 83 - WHAT[verification-system-016] project preparation rejects selected archive byte identity mismatch before invoking MSBuild
  ---
  duration_ms: 1171.683208
  type: 'test'
  ...
# Subtest: WHAT[verification-system-016] project preparation rejects bytes corruption in the actual tracked source before evaluation
ok 84 - WHAT[verification-system-016] project preparation rejects bytes corruption in the actual tracked source before evaluation
  ---
  duration_ms: 1091.060333
  type: 'test'
  ...
# Subtest: WHAT[verification-system-016] project preparation rejects mode corruption in the actual tracked source before evaluation
ok 85 - WHAT[verification-system-016] project preparation rejects mode corruption in the actual tracked source before evaluation
  ---
  duration_ms: 1122.85375
  type: 'test'
  ...
# Subtest: WHAT[verification-system-016] project preparation rejects missing corruption in the actual tracked source before evaluation
ok 86 - WHAT[verification-system-016] project preparation rejects missing corruption in the actual tracked source before evaluation
  ---
  duration_ms: 1277.840584
  type: 'test'
  ...
# Subtest: WHAT[verification-system-016] project preparation rejects evaluated project references instead of silently restoring a larger graph
ok 87 - WHAT[verification-system-016] project preparation rejects evaluated project references instead of silently restoring a larger graph
  ---
  duration_ms: 2067.659375
  type: 'test'
  ...
# Subtest: WHAT[verification-system-016] project preparation rejects evaluated multiple target frameworks
ok 88 - WHAT[verification-system-016] project preparation rejects evaluated multiple target frameworks
  ---
  duration_ms: 1987.4265
  type: 'test'
  ...
# Subtest: WHAT[verification-system-016] project preparation rejects an evaluated project path belonging to a different source entry
ok 89 - WHAT[verification-system-016] project preparation rejects an evaluated project path belonging to a different source entry
  ---
  duration_ms: 3044.981625
  type: 'test'
  ...
# Subtest: WHAT[verification-system-016] actual selected project executor failure retains the physical cause and reclaims only owned output
ok 90 - WHAT[verification-system-016] actual selected project executor failure retains the physical cause and reclaims only owned output
  ---
  duration_ms: 2509.311333
  type: 'test'
  ...
# Subtest: WHAT[verification-system-016] early project cancellation preserves Error before reading absent inputs
ok 91 - WHAT[verification-system-016] early project cancellation preserves Error before reading absent inputs
  ---
  duration_ms: 2058.548625
  type: 'test'
  ...
# Subtest: WHAT[verification-system-016] early project cancellation preserves null before reading absent inputs
ok 92 - WHAT[verification-system-016] early project cancellation preserves null before reading absent inputs
  ---
  duration_ms: 1483.320667
  type: 'test'
  ...
# Subtest: WHAT[verification-system-016] held project restore preserves Error cancellation and drains its actual process group
ok 93 - WHAT[verification-system-016] held project restore preserves Error cancellation and drains its actual process group
  ---
  duration_ms: 2762.133667
  type: 'test'
  ...
# Subtest: WHAT[verification-system-016] held project restore preserves null cancellation and drains its actual process group
ok 94 - WHAT[verification-system-016] held project restore preserves null cancellation and drains its actual process group
  ---
  duration_ms: 2655.323709
  type: 'test'
  ...
# Subtest: WHAT[verification-system-016] Fable compilation requires four prepared input owners before publishing an output
ok 95 - WHAT[verification-system-016] Fable compilation requires four prepared input owners before publishing an output
  ---
  duration_ms: 6.521209
  type: 'test'
  ...
# Subtest: WHAT[verification-system-016] Fable compilation rejects a mismatched source tree before executing
ok 96 - WHAT[verification-system-016] Fable compilation rejects a mismatched source tree before executing
  ---
  duration_ms: 1326.80275
  type: 'test'
  ...
# Subtest: WHAT[verification-system-016] Fable compilation rejects a mismatched source digest before executing
ok 97 - WHAT[verification-system-016] Fable compilation rejects a mismatched source digest before executing
  ---
  duration_ms: 1328.613292
  type: 'test'
  ...
# Subtest: WHAT[verification-system-016] Fable compilation rejects a mismatched project SDK before executing
ok 98 - WHAT[verification-system-016] Fable compilation rejects a mismatched project SDK before executing
  ---
  duration_ms: 1660.804917
  type: 'test'
  ...
# Subtest: WHAT[verification-system-016] Fable compilation rejects a mismatched tools SDK before executing
ok 99 - WHAT[verification-system-016] Fable compilation rejects a mismatched tools SDK before executing
  ---
  duration_ms: 1290.012166
  type: 'test'
  ...
# Subtest: WHAT[verification-system-016] Fable compilation rejects a mismatched original global before executing
ok 100 - WHAT[verification-system-016] Fable compilation rejects a mismatched original global before executing
  ---
  duration_ms: 1324.348833
  type: 'test'
  ...
# Subtest: WHAT[verification-system-016] Fable compilation rejects a mismatched original tool manifest before executing
ok 101 - WHAT[verification-system-016] Fable compilation rejects a mismatched original tool manifest before executing
  ---
  duration_ms: 1204.041042
  type: 'test'
  ...
# Subtest: WHAT[verification-system-016] Fable compilation rejects a missing selected Fable role before executing
ok 102 - WHAT[verification-system-016] Fable compilation rejects a missing selected Fable role before executing
  ---
  duration_ms: 1412.607291
  type: 'test'
  ...
# Subtest: WHAT[verification-system-016] Fable compilation rejects a duplicate selected Fable role before executing
ok 103 - WHAT[verification-system-016] Fable compilation rejects a duplicate selected Fable role before executing
  ---
  duration_ms: 1786.145083
  type: 'test'
  ...
# Subtest: WHAT[verification-system-016] Fable compilation rejects a foreign selected Fable role before executing
ok 104 - WHAT[verification-system-016] Fable compilation rejects a foreign selected Fable role before executing
  ---
  duration_ms: 1330.912958
  type: 'test'
  ...
# Subtest: WHAT[verification-system-016] selected Fable compilation preserves caller inputs and binds the seeded private output inventory
ok 105 - WHAT[verification-system-016] selected Fable compilation preserves caller inputs and binds the seeded private output inventory
  ---
  duration_ms: 2483.718375
  type: 'test'
  ...
# Subtest: WHAT[verification-system-016] Fable compilation rejects empty JavaScript output without publication
ok 106 - WHAT[verification-system-016] Fable compilation rejects empty JavaScript output without publication
  ---
  duration_ms: 2163.224
  type: 'test'
  ...
# Subtest: WHAT[verification-system-016] Fable compilation rejects linked JavaScript output without publication
ok 107 - WHAT[verification-system-016] Fable compilation rejects linked JavaScript output without publication
  ---
  duration_ms: 2352.473417
  type: 'test'
  ...
# Subtest: WHAT[verification-system-016] Fable process failure retains its physical cause and reclaims only compile output
ok 108 - WHAT[verification-system-016] Fable process failure retains its physical cause and reclaims only compile output
  ---
  duration_ms: 2198.413917
  type: 'test'
  ...
# Subtest: WHAT[verification-system-016] early Fable cancellation preserves Error without reading absent owners
ok 109 - WHAT[verification-system-016] early Fable cancellation preserves Error without reading absent owners
  ---
  duration_ms: 1.102542
  type: 'test'
  ...
# Subtest: WHAT[verification-system-016] early Fable cancellation preserves null without reading absent owners
ok 110 - WHAT[verification-system-016] early Fable cancellation preserves null without reading absent owners
  ---
  duration_ms: 0.326291
  type: 'test'
  ...
# Subtest: WHAT[verification-system-016] compilation rejects source input changed by the actual selected consumer without publication
ok 111 - WHAT[verification-system-016] compilation rejects source input changed by the actual selected consumer without publication
  ---
  duration_ms: 2190.406459
  type: 'test'
  ...
# Subtest: WHAT[verification-system-016] compilation rejects sdk input changed by the actual selected consumer without publication
ok 112 - WHAT[verification-system-016] compilation rejects sdk input changed by the actual selected consumer without publication
  ---
  duration_ms: 2516.961917
  type: 'test'
  ...
# Subtest: WHAT[verification-system-016] compilation rejects tools input changed by the actual selected consumer without publication
ok 113 - WHAT[verification-system-016] compilation rejects tools input changed by the actual selected consumer without publication
  ---
  duration_ms: 2330.259291
  type: 'test'
  ...
# Subtest: WHAT[verification-system-016] compilation rejects project input changed by the actual selected consumer without publication
ok 114 - WHAT[verification-system-016] compilation rejects project input changed by the actual selected consumer without publication
  ---
  duration_ms: 2497.7875
  type: 'test'
  ...
# Subtest: WHAT[verification-system-016] held Fable compilation preserves Error cancellation and drains the actual process group
ok 115 - WHAT[verification-system-016] held Fable compilation preserves Error cancellation and drains the actual process group
  ---
  duration_ms: 2696.654375
  type: 'test'
  ...
# Subtest: WHAT[verification-system-016] held Fable compilation preserves null cancellation and drains the actual process group
ok 116 - WHAT[verification-system-016] held Fable compilation preserves null cancellation and drains the actual process group
  ---
  duration_ms: 3293.157875
  type: 'test'
  ...
# Subtest: WHAT[verification-system-016] changed public compileRoot cannot borrow the captured compile identity or redirect disposal
ok 117 - WHAT[verification-system-016] changed public compileRoot cannot borrow the captured compile identity or redirect disposal
  ---
  duration_ms: 2245.017916
  type: 'test'
  ...
# Subtest: WHAT[verification-system-016] changed public compileDigest cannot borrow the captured compile identity or redirect disposal
ok 118 - WHAT[verification-system-016] changed public compileDigest cannot borrow the captured compile identity or redirect disposal
  ---
  duration_ms: 2482.954458
  type: 'test'
  ...
# Subtest: WHAT[verification-system-016] compiled JavaScript revalidation rejects bytes, mode, added and missing output members
    # Subtest: bytes
    ok 1 - bytes
      ---
      duration_ms: 26.545792
      type: 'test'
      ...
    # Subtest: mode
    ok 2 - mode
      ---
      duration_ms: 17.498542
      type: 'test'
      ...
    # Subtest: added
    ok 3 - added
      ---
      duration_ms: 17.450708
      type: 'test'
      ...
    # Subtest: missing
    ok 4 - missing
      ---
      duration_ms: 28.560375
      type: 'test'
      ...
    1..4
ok 119 - WHAT[verification-system-016] compiled JavaScript revalidation rejects bytes, mode, added and missing output members
  ---
  duration_ms: 2247.351875
  type: 'test'
  ...
# Subtest: WHAT[verification-system-016] exact repository Git inputs install through a selected npm 11.12.1 bundle and real JavaScript consumers
ok 120 - WHAT[verification-system-016] exact repository Git inputs install through a selected npm 11.12.1 bundle and real JavaScript consumers # SKIP integration tier not enabled
  ---
  duration_ms: 0.346333
  type: 'test'
  ...
# Subtest: WHAT[verification-system-016] a complete selected SDK archive resolves the captured repository global.json and reclaims its owned roots
ok 121 - WHAT[verification-system-016] a complete selected SDK archive resolves the captured repository global.json and reclaims its owned roots # SKIP integration tier not enabled
  ---
  duration_ms: 0.136
  type: 'test'
  ...
# Subtest: WHAT[verification-system-016] selected complete SDK restores original repository local tools from explicitly identified NuGet archives
ok 122 - WHAT[verification-system-016] selected complete SDK restores original repository local tools from explicitly identified NuGet archives # SKIP integration tier not enabled
  ---
  duration_ms: 0.733208
  type: 'test'
  ...
# Subtest: WHAT[verification-system-016] selected complete Git source and SDK restore the original foundation identity project through a fresh-cache locked NuGet graph
ok 123 - WHAT[verification-system-016] selected complete Git source and SDK restore the original foundation identity project through a fresh-cache locked NuGet graph # SKIP integration tier not enabled
  ---
  duration_ms: 0.108542
  type: 'test'
  ...
# Subtest: WHAT[verification-system-016] four selected input owners compile the original foundation identity project with Fable into isolated outputs
ok 124 - WHAT[verification-system-016] four selected input owners compile the original foundation identity project with Fable into isolated outputs # SKIP integration tier not enabled
  ---
  duration_ms: 0.23275
  type: 'test'
  ...
# Subtest: WHAT[verification-system-016] the actual verification run binds its evidence to the same immutable candidate snapshot
ok 125 - WHAT[verification-system-016] the actual verification run binds its evidence to the same immutable candidate snapshot # TODO
  ---
  duration_ms: 0.150084
  type: 'test'
  ...
# Subtest: WHAT[verification-system-016] npm installation uses the selected real CLI and two locked registry packages without lifecycle scripts or ambient launcher configuration
ok 126 - WHAT[verification-system-016] npm installation uses the selected real CLI and two locked registry packages without lifecycle scripts or ambient launcher configuration
  ---
  duration_ms: 6974.322917
  type: 'test'
  ...
# Subtest: WHAT[verification-system-016] npm installation rejects real registry bytes that violate the selected lock integrity and reclaims all installation resources
ok 127 - WHAT[verification-system-016] npm installation rejects real registry bytes that violate the selected lock integrity and reclaims all installation resources
  ---
  duration_ms: 7387.875333
  type: 'test'
  ...
# Subtest: WHAT[verification-system-016] npm installation fails through real npm ci when a required transitive package is missing from the lock inventory
ok 128 - WHAT[verification-system-016] npm installation fails through real npm ci when a required transitive package is missing from the lock inventory
  ---
  duration_ms: 8260.739541
  type: 'test'
  ...
# Subtest: WHAT[verification-system-016] npm installation refuses file git link and workspace dependency authorities before making registry requests
    # Subtest: WHAT[verification-system-016] npm installation refuses file:../foreign
    ok 1 - WHAT[verification-system-016] npm installation refuses file:../foreign
      ---
      duration_ms: 5.314458
      type: 'test'
      ...
    # Subtest: WHAT[verification-system-016] npm installation refuses git+https://example.invalid/foreign.git
    ok 2 - WHAT[verification-system-016] npm installation refuses git+https://example.invalid/foreign.git
      ---
      duration_ms: 2.712584
      type: 'test'
      ...
    # Subtest: WHAT[verification-system-016] npm installation refuses link:../foreign
    ok 3 - WHAT[verification-system-016] npm installation refuses link:../foreign
      ---
      duration_ms: 4.538792
      type: 'test'
      ...
    # Subtest: WHAT[verification-system-016] npm installation refuses workspace:*
    ok 4 - WHAT[verification-system-016] npm installation refuses workspace:*
      ---
      duration_ms: 2.991917
      type: 'test'
      ...
    # Subtest: WHAT[verification-system-016] npm installation refuses .
    ok 5 - WHAT[verification-system-016] npm installation refuses .
      ---
      duration_ms: 11.522417
      type: 'test'
      ...
    # Subtest: WHAT[verification-system-016] npm installation refuses ..
    ok 6 - WHAT[verification-system-016] npm installation refuses ..
      ---
      duration_ms: 3.396125
      type: 'test'
      ...
    # Subtest: WHAT[verification-system-016] npm installation refuses foreign.tgz
    ok 7 - WHAT[verification-system-016] npm installation refuses foreign.tgz
      ---
      duration_ms: 5.686542
      type: 'test'
      ...
    # Subtest: WHAT[verification-system-016] npm installation refuses foreign.tar.gz
    ok 8 - WHAT[verification-system-016] npm installation refuses foreign.tar.gz
      ---
      duration_ms: 2.630084
      type: 'test'
      ...
    # Subtest: WHAT[verification-system-016] npm installation refuses foreign.tar
    ok 9 - WHAT[verification-system-016] npm installation refuses foreign.tar
      ---
      duration_ms: 3.809708
      type: 'test'
      ...
    1..9
ok 129 - WHAT[verification-system-016] npm installation refuses file git link and workspace dependency authorities before making registry requests
  ---
  duration_ms: 807.328167
  type: 'test'
  ...
# Subtest: WHAT[verification-system-016] npm installation cancellation closes the actual held tarball request preserves its original reason and reclaims partial installation
ok 130 - WHAT[verification-system-016] npm installation cancellation closes the actual held tarball request preserves its original reason and reclaims partial installation
  ---
  duration_ms: 5234.664916
  type: 'test'
  ...
# Subtest: WHAT[verification-system-016] npm installation null reason cancellation preserves the exact reason after a real tarball request starts
ok 131 - WHAT[verification-system-016] npm installation null reason cancellation preserves the exact reason after a real tarball request starts
  ---
  duration_ms: 6435.651833
  type: 'test'
  ...
# Subtest: WHAT[verification-system-016] npm installation refuses source overrides with foreign dependency authority before launching npm
ok 132 - WHAT[verification-system-016] npm installation refuses source overrides with foreign dependency authority before launching npm
  ---
  duration_ms: 786.882125
  type: 'test'
  ...
# Subtest: WHAT[verification-system-016] npm installation rejects registry escapes linked lock entries and source workspace authority before network or allocation
    # Subtest: WHAT[verification-system-016] npm installation refuses different registry origin
    ok 1 - WHAT[verification-system-016] npm installation refuses different registry origin
      ---
      duration_ms: 7.668875
      type: 'test'
      ...
    # Subtest: WHAT[verification-system-016] npm installation refuses registry path prefix sibling
    ok 2 - WHAT[verification-system-016] npm installation refuses registry path prefix sibling
      ---
      duration_ms: 4.654917
      type: 'test'
      ...
    # Subtest: WHAT[verification-system-016] npm installation refuses registry credentials
    ok 3 - WHAT[verification-system-016] npm installation refuses registry credentials
      ---
      duration_ms: 10.948125
      type: 'test'
      ...
    # Subtest: WHAT[verification-system-016] npm installation refuses registry query
    ok 4 - WHAT[verification-system-016] npm installation refuses registry query
      ---
      duration_ms: 2.158
      type: 'test'
      ...
    # Subtest: WHAT[verification-system-016] npm installation refuses registry fragment
    ok 5 - WHAT[verification-system-016] npm installation refuses registry fragment
      ---
      duration_ms: 2.065292
      type: 'test'
      ...
    # Subtest: WHAT[verification-system-016] npm installation refuses nonlocal plaintext registry
    ok 6 - WHAT[verification-system-016] npm installation refuses nonlocal plaintext registry
      ---
      duration_ms: 1.73225
      type: 'test'
      ...
    # Subtest: WHAT[verification-system-016] npm installation refuses locked tarball credentials
    ok 7 - WHAT[verification-system-016] npm installation refuses locked tarball credentials
      ---
      duration_ms: 3.420166
      type: 'test'
      ...
    # Subtest: WHAT[verification-system-016] npm installation refuses locked tarball query
    ok 8 - WHAT[verification-system-016] npm installation refuses locked tarball query
      ---
      duration_ms: 4.46375
      type: 'test'
      ...
    # Subtest: WHAT[verification-system-016] npm installation refuses locked tarball fragment
    ok 9 - WHAT[verification-system-016] npm installation refuses locked tarball fragment
      ---
      duration_ms: 3.700459
      type: 'test'
      ...
    # Subtest: WHAT[verification-system-016] npm installation refuses linked lock member
    ok 10 - WHAT[verification-system-016] npm installation refuses linked lock member
      ---
      duration_ms: 3.481583
      type: 'test'
      ...
    # Subtest: WHAT[verification-system-016] npm installation refuses source workspaces
    ok 11 - WHAT[verification-system-016] npm installation refuses source workspaces
      ---
      duration_ms: 2.531209
      type: 'test'
      ...
    # Subtest: WHAT[verification-system-016] npm installation refuses locked root workspaces
    ok 12 - WHAT[verification-system-016] npm installation refuses locked root workspaces
      ---
      duration_ms: 3.540167
      type: 'test'
      ...
    # Subtest: WHAT[verification-system-016] npm installation refuses nested git override
    ok 13 - WHAT[verification-system-016] npm installation refuses nested git override
      ---
      duration_ms: 3.231375
      type: 'test'
      ...
    # Subtest: WHAT[verification-system-016] npm installation refuses link override
    ok 14 - WHAT[verification-system-016] npm installation refuses link override
      ---
      duration_ms: 2.417833
      type: 'test'
      ...
    # Subtest: WHAT[verification-system-016] npm installation refuses workspace override
    ok 15 - WHAT[verification-system-016] npm installation refuses workspace override
      ---
      duration_ms: 2.50775
      type: 'test'
      ...
    # Subtest: WHAT[verification-system-016] npm installation refuses local archive or directory override .
    ok 16 - WHAT[verification-system-016] npm installation refuses local archive or directory override .
      ---
      duration_ms: 2.542625
      type: 'test'
      ...
    # Subtest: WHAT[verification-system-016] npm installation refuses local archive or directory override ..
    ok 17 - WHAT[verification-system-016] npm installation refuses local archive or directory override ..
      ---
      duration_ms: 2.429541
      type: 'test'
      ...
    # Subtest: WHAT[verification-system-016] npm installation refuses local archive or directory override foreign.tgz
    ok 18 - WHAT[verification-system-016] npm installation refuses local archive or directory override foreign.tgz
      ---
      duration_ms: 8.20575
      type: 'test'
      ...
    # Subtest: WHAT[verification-system-016] npm installation refuses local archive or directory override foreign.tar.gz
    ok 19 - WHAT[verification-system-016] npm installation refuses local archive or directory override foreign.tar.gz
      ---
      duration_ms: 4.002208
      type: 'test'
      ...
    # Subtest: WHAT[verification-system-016] npm installation refuses local archive or directory override foreign.tar
    ok 20 - WHAT[verification-system-016] npm installation refuses local archive or directory override foreign.tar
      ---
      duration_ms: 6.933125
      type: 'test'
      ...
    1..20
ok 133 - WHAT[verification-system-016] npm installation rejects registry escapes linked lock entries and source workspace authority before network or allocation
  ---
  duration_ms: 764.118167
  type: 'test'
  ...
# Subtest: WHAT[verification-system-016] npm installation admits only the selected Node CLI hashes version and declared package manager
    # Subtest: WHAT[verification-system-016] npm installation refuses Node byte identity mismatch
    ok 1 - WHAT[verification-system-016] npm installation refuses Node byte identity mismatch
      ---
      duration_ms: 163.175542
      type: 'test'
      ...
    # Subtest: WHAT[verification-system-016] npm installation refuses npm CLI byte identity mismatch
    ok 2 - WHAT[verification-system-016] npm installation refuses npm CLI byte identity mismatch
      ---
      duration_ms: 189.691875
      type: 'test'
      ...
    # Subtest: WHAT[verification-system-016] npm installation refuses actual npm version mismatch
    ok 3 - WHAT[verification-system-016] npm installation refuses actual npm version mismatch
      ---
      duration_ms: 2950.954083
      type: 'test'
      ...
# fatal: .git/index: index file smaller than expected
# fatal: .git/index: index file smaller than expected
# fatal: .git/index: index file smaller than expected
    # Subtest: WHAT[verification-system-016] npm installation refuses declared package manager mismatch
    ok 4 - WHAT[verification-system-016] npm installation refuses declared package manager mismatch
      ---
      duration_ms: 3.193875
      type: 'test'
      ...
    1..4
ok 134 - WHAT[verification-system-016] npm installation admits only the selected Node CLI hashes version and declared package manager
  ---
  duration_ms: 3913.796792
  type: 'test'
  ...
# Subtest: WHAT[verification-system-016] npm installation already aborted admission preserves Error and null reasons before reading missing source files
    # Subtest: WHAT[verification-system-016] npm installation already aborted with Error
    ok 1 - WHAT[verification-system-016] npm installation already aborted with Error
      ---
      duration_ms: 1.719208
      type: 'test'
      ...
    # Subtest: WHAT[verification-system-016] npm installation already aborted with null
    ok 2 - WHAT[verification-system-016] npm installation already aborted with null
      ---
      duration_ms: 3.442166
      type: 'test'
      ...
    1..2
ok 135 - WHAT[verification-system-016] npm installation already aborted admission preserves Error and null reasons before reading missing source files
  ---
  duration_ms: 658.690292
  type: 'test'
  ...
# Subtest: WHAT[verification-system-016] explicit dependency archive identity preserves complete bytes modes and internal links independently of its origin
ok 136 - WHAT[verification-system-016] explicit dependency archive identity preserves complete bytes modes and internal links independently of its origin
  ---
  duration_ms: 394.612291
  type: 'test'
  ...
# Subtest: WHAT[verification-system-016] dependency preparation rejects an unselected archive and binds lockfile and executable bytes to identity
ok 137 - WHAT[verification-system-016] dependency preparation rejects an unselected archive and binds lockfile and executable bytes to identity
  ---
  duration_ms: 194.658333
  type: 'test'
  ...
# Subtest: WHAT[verification-system-016] dependency archives reject external dangling cyclic aliasing and special entries without publishing or escaping their owned root
ok 138 - WHAT[verification-system-016] dependency archives reject external dangling cyclic aliasing and special entries without publishing or escaping their owned root
  ---
  duration_ms: 159.694333
  type: 'test'
  ...
# Subtest: WHAT[verification-system-016] dependency preparation fully consumes compressed archives and refuses malformed or truncated input and linked lockfiles
ok 139 - WHAT[verification-system-016] dependency preparation fully consumes compressed archives and refuses malformed or truncated input and linked lockfiles
  ---
  duration_ms: 193.133416
  type: 'test'
  ...
# Subtest: WHAT[verification-system-016] a selected Git tree preserves complete raw source bytes and its own corpus inventory despite later workspace and index edits
ok 140 - WHAT[verification-system-016] a selected Git tree preserves complete raw source bytes and its own corpus inventory despite later workspace and index edits
  ---
  duration_ms: 1760.032167
  type: 'test'
  ...
# Subtest: WHAT[verification-system-016] sha1 source candidate identity is independent of location and binds executable mode
ok 141 - WHAT[verification-system-016] sha1 source candidate identity is independent of location and binds executable mode
  ---
  duration_ms: 3405.609375
  type: 'test'
  ...
# Subtest: WHAT[verification-system-016] sha256 source candidate identity is independent of location and binds executable mode
ok 142 - WHAT[verification-system-016] sha256 source candidate identity is independent of location and binds executable mode
  ---
  duration_ms: 3235.85375
  type: 'test'
  ...
# Subtest: WHAT[verification-system-016] source preparation ignores replacement refs and inherited Git repository redirection
ok 143 - WHAT[verification-system-016] source preparation ignores replacement refs and inherited Git repository redirection
  ---
  duration_ms: 1959.786625
  type: 'test'
  ...
# Subtest: WHAT[verification-system-016] a tree topology that cannot be faithfully materialized fails and reclaims its partial source root
ok 144 - WHAT[verification-system-016] a tree topology that cannot be faithfully materialized fails and reclaims its partial source root
  ---
  duration_ms: 1103.782458
  type: 'test'
  ...
# Subtest: WHAT[verification-system-016] source preparation rejects unsupported Git entry 120000 without publishing a candidate
ok 145 - WHAT[verification-system-016] source preparation rejects unsupported Git entry 120000 without publishing a candidate
  ---
  duration_ms: 1119.486083
  type: 'test'
  ...
# Subtest: WHAT[verification-system-016] source preparation rejects unsupported Git entry 160000 without publishing a candidate
ok 146 - WHAT[verification-system-016] source preparation rejects unsupported Git entry 160000 without publishing a candidate
  ---
  duration_ms: 1249.725792
  type: 'test'
  ...
# Subtest: WHAT[verification-system-016] missing selected blobs fail source preparation without falling back to working files
ok 147 - WHAT[verification-system-016] missing selected blobs fail source preparation without falling back to working files
  ---
  duration_ms: 1360.91975
  type: 'test'
  ...
# Subtest: WHAT[verification-system-016] source preparation rejects repositories that may implicitly fetch promised objects
ok 148 - WHAT[verification-system-016] source preparation rejects repositories that may implicitly fetch promised objects
  ---
  duration_ms: 646.48275
  type: 'test'
  ...
# Subtest: WHAT[verification-system-016] verification rejects an unsealed symbolic input at src before running stages
ok 149 - WHAT[verification-system-016] verification rejects an unsealed symbolic input at src before running stages
  ---
  duration_ms: 316.549917
  type: 'test'
  ...
# Subtest: WHAT[verification-system-016] verification rejects an unsealed symbolic input at .github before running stages
ok 150 - WHAT[verification-system-016] verification rejects an unsealed symbolic input at .github before running stages
  ---
  duration_ms: 252.124959
  type: 'test'
  ...
# Subtest: WHAT[verification-system-016] verification rejects an unsealed symbolic input at package.json before running stages
ok 151 - WHAT[verification-system-016] verification rejects an unsealed symbolic input at package.json before running stages
  ---
  duration_ms: 366.157292
  type: 'test'
  ...
# Subtest: WHAT[verification-system-016] verification rejects an unsealed symbolic input at resources/linked.txt before running stages
ok 152 - WHAT[verification-system-016] verification rejects an unsealed symbolic input at resources/linked.txt before running stages
  ---
  duration_ms: 240.41575
  type: 'test'
  ...
# Subtest: WHAT[verification-system-016] verification rejects an unsealed symbolic input at requirements/p/linked before running stages
ok 153 - WHAT[verification-system-016] verification rejects an unsealed symbolic input at requirements/p/linked before running stages
  ---
  duration_ms: 284.758167
  type: 'test'
  ...
# Subtest: WHAT[verification-system-016] verification rejects an unsealed symbolic input at resources/obj before running stages
ok 154 - WHAT[verification-system-016] verification rejects an unsealed symbolic input at resources/obj before running stages
  ---
  duration_ms: 193.413625
  type: 'test'
  ...
# Subtest: WHAT[verification-system-016] output directory names do not exclude ordinary input files, while root output links stay outside the closure
ok 155 - WHAT[verification-system-016] output directory names do not exclude ordinary input files, while root output links stay outside the closure
  ---
  duration_ms: 338.4345
  type: 'test'
  ...
# Subtest: WHAT[verification-system-016] tracked corpus rejects a symbolic file outside ordinary input roots
ok 156 - WHAT[verification-system-016] tracked corpus rejects a symbolic file outside ordinary input roots
  ---
  duration_ms: 462.416917
  type: 'test'
  ...
# Subtest: WHAT[verification-system-016] tracked corpus rejects a symbolic ancestor outside ordinary input roots
ok 157 - WHAT[verification-system-016] tracked corpus rejects a symbolic ancestor outside ordinary input roots
  ---
  duration_ms: 359.940625
  type: 'test'
  ...
# Subtest: WHAT[verification-system-016] tracked corpus rejects a dangling symbolic file outside ordinary input roots
ok 158 - WHAT[verification-system-016] tracked corpus rejects a dangling symbolic file outside ordinary input roots
  ---
  duration_ms: 396.987458
  type: 'test'
  ...
# Subtest: WHAT[verification-system-016] tracked corpus rejects a dangling symbolic ancestor outside ordinary input roots
ok 159 - WHAT[verification-system-016] tracked corpus rejects a dangling symbolic ancestor outside ordinary input roots
  ---
  duration_ms: 431.503125
  type: 'test'
  ...
# Subtest: WHAT[verification-system-016] tracked corpus proposals contribute their actual content to verification inputs
ok 160 - WHAT[verification-system-016] tracked corpus proposals contribute their actual content to verification inputs
  ---
  duration_ms: 448.98
  type: 'test'
  ...
# Subtest: WHAT[verification-system-016] corpus tracking addition changes verification identity without changing file bytes
ok 161 - WHAT[verification-system-016] corpus tracking addition changes verification identity without changing file bytes
  ---
  duration_ms: 478.77475
  type: 'test'
  ...
# Subtest: WHAT[verification-system-016] corpus tracking removal changes verification identity without changing file bytes
ok 162 - WHAT[verification-system-016] corpus tracking removal changes verification identity without changing file bytes
  ---
  duration_ms: 518.73475
  type: 'test'
  ...
# Subtest: WHAT[verification-system-016] collectGeneratedInputs rejects failed Git corpus inventory
ok 163 - WHAT[verification-system-016] collectGeneratedInputs rejects failed Git corpus inventory
  ---
  duration_ms: 191.129292
  type: 'test'
  ...
# Subtest: WHAT[verification-system-016] collectVerificationInputs rejects failed Git corpus inventory
ok 164 - WHAT[verification-system-016] collectVerificationInputs rejects failed Git corpus inventory
  ---
  duration_ms: 218.099542
  type: 'test'
  ...
# Subtest: WHAT[verification-system-016] failed Git corpus inventory stops verification before any stage starts
ok 165 - WHAT[verification-system-016] failed Git corpus inventory stops verification before any stage starts
  ---
  duration_ms: 215.63275
  type: 'test'
  ...
# Subtest: WHAT[verification-system-016] collectVerificationInputs collects expected relative paths and diff detects mutations
ok 166 - WHAT[verification-system-016] collectVerificationInputs collects expected relative paths and diff detects mutations
  ---
  duration_ms: 522.181417
  type: 'test'
  ...
# Subtest: WHAT[verification-system-016] verify detects mid-flight inputs change via runStep perturbation and halts with fail
ok 167 - WHAT[verification-system-016] verify detects mid-flight inputs change via runStep perturbation and halts with fail
  ---
  duration_ms: 1050.058958
  type: 'test'
  ...
# Subtest: WHAT[verification-system-016] verify with isolated logDirectory creates run dir and latest link without touching repo root
ok 168 - WHAT[verification-system-016] verify with isolated logDirectory creates run dir and latest link without touching repo root
  ---
  duration_ms: 798.503459
  type: 'test'
  ...
# Subtest: WHAT[verification-system-016] a detected step-boundary mutation prevents later steps
ok 169 - WHAT[verification-system-016] a detected step-boundary mutation prevents later steps
  ---
  duration_ms: 337.44775
  type: 'test'
  ...
# Subtest: WHAT[verification-system-016] a mutation restored within one step still invalidates the run
not ok 170 - WHAT[verification-system-016] a mutation restored within one step still invalidates the run # TODO D2: fixed isolated inputs selected; current runner still uses mutable inputs and step-boundary hashes miss this counterexample
  ---
  duration_ms: 703.904375
  type: 'test'
  location: '/Users/yuanxi/Workwork/vibe-fs/requirements/verification-system/tests/016.test.mjs:1063:1'
  failureType: 'testCodeFailure'
  error: |-
    changing and restoring an input is not a stable verification run
    
    0 !== 1
    
  code: 'ERR_ASSERTION'
  name: 'AssertionError'
  expected: 1
  actual: 0
  operator: 'strictEqual'
  stack: |-
    TestContext.<anonymous> (file:///Users/yuanxi/Workwork/vibe-fs/requirements/verification-system/tests/016.test.mjs:1081:12)
    process.processTicksAndRejections (node:internal/process/task_queues:103:5)
    async Test.run (node:internal/test_runner/test:1054:7)
    async Test.processPendingSubtests (node:internal/test_runner/test:744:7)
  ...
1..170
# tests 255
# suites 0
# pass 238
# fail 9
# cancelled 0
# skipped 6
# todo 2
# duration_ms 499770.069166
