TAP version 13
# Subtest: WHAT[verification-system-016] selected npm tools replaced during the actual runtime probe cannot start the next version probe
    # Subtest: WHAT[verification-system-016] runtime replacement probe captures complete selected tool inputs before physical execution
    ok 1 - WHAT[verification-system-016] runtime replacement probe captures complete selected tool inputs before physical execution
      ---
      duration_ms: 1675.111042
      type: 'test'
      ...
    # Subtest: WHAT[verification-system-016] actual runtime probe refuses a complete copied tool owner before version or registry execution
    ok 2 - WHAT[verification-system-016] actual runtime probe refuses a complete copied tool owner before version or registry execution
      ---
      duration_ms: 4303.1355
      type: 'test'
      ...
    1..2
ok 1 - WHAT[verification-system-016] selected npm tools replaced during the actual runtime probe cannot start the next version probe
  ---
  duration_ms: 6256.168292
  type: 'test'
  ...
# Subtest: WHAT[verification-system-016] npm tool archive installation owns selected complete tools and locked dependencies through publication
    # Subtest: WHAT[verification-system-016] two actual locked registry packages preserve modes use the selected bundle layout and bind its complete identity after tools cleanup
        # Subtest: WHAT[verification-system-016] complete selected Node and npm archive preparation preserves locked inputs before installation
        ok 1 - WHAT[verification-system-016] complete selected Node and npm archive preparation preserves locked inputs before installation
          ---
          duration_ms: 1270.983709
          type: 'test'
          ...
        # Subtest: WHAT[verification-system-016] actual locked registry installation consumes the captured complete tool archive and reclaims selected tools
        ok 2 - WHAT[verification-system-016] actual locked registry installation consumes the captured complete tool archive and reclaims selected tools
          ---
          duration_ms: 5148.828667
          type: 'test'
          ...
        1..2
    ok 1 - WHAT[verification-system-016] two actual locked registry packages preserve modes use the selected bundle layout and bind its complete identity after tools cleanup
      ---
      duration_ms: 6423.203667
      type: 'test'
      ...
    # Subtest: WHAT[verification-system-016] npm tool archive rejects non-CLI library bytes changed during a real held install and reclaims unpublished dependencies
    ok 2 - WHAT[verification-system-016] npm tool archive rejects non-CLI library bytes changed during a real held install and reclaims unpublished dependencies
      ---
      duration_ms: 5576.439708
      type: 'test'
      ...
    # Subtest: WHAT[verification-system-016] npm tool archive rejects new tool member changed during a real held install and reclaims unpublished dependencies
    ok 3 - WHAT[verification-system-016] npm tool archive rejects new tool member changed during a real held install and reclaims unpublished dependencies
      ---
      duration_ms: 4927.34825
      type: 'test'
      ...
    # Subtest: WHAT[verification-system-016] npm tool archive held install cancellation preserves Error and reclaims tools installation and dependencies
    ok 4 - WHAT[verification-system-016] npm tool archive held install cancellation preserves Error and reclaims tools installation and dependencies
      ---
      duration_ms: 4546.976875
      type: 'test'
      ...
    # Subtest: WHAT[verification-system-016] npm tool archive held install cancellation preserves null and reclaims tools installation and dependencies
    ok 5 - WHAT[verification-system-016] npm tool archive held install cancellation preserves null and reclaims tools installation and dependencies
      ---
      duration_ms: 4479.942125
      type: 'test'
      ...
    # Subtest: WHAT[verification-system-016] npm tool archive rejects a mismatched actual Node version before registry execution
    ok 6 - WHAT[verification-system-016] npm tool archive rejects a mismatched actual Node version before registry execution
      ---
      duration_ms: 3857.191875
      type: 'test'
      ...
    # Subtest: WHAT[verification-system-016] npm tool archive rejects a mismatched actual npm version before registry execution
    ok 7 - WHAT[verification-system-016] npm tool archive rejects a mismatched actual npm version before registry execution
      ---
      duration_ms: 3575.870667
      type: 'test'
      ...
    # Subtest: WHAT[verification-system-016] npm tool archive already aborted preserves Error before reading missing source or archive
    ok 8 - WHAT[verification-system-016] npm tool archive already aborted preserves Error before reading missing source or archive
      ---
      duration_ms: 161.971875
      type: 'test'
      ...
    # Subtest: WHAT[verification-system-016] npm tool archive already aborted preserves null before reading missing source or archive
    ok 9 - WHAT[verification-system-016] npm tool archive already aborted preserves null before reading missing source or archive
      ---
      duration_ms: 126.875667
      type: 'test'
      ...
    1..9
ok 2 - WHAT[verification-system-016] npm tool archive installation owns selected complete tools and locked dependencies through publication
  ---
  duration_ms: 33678.220375
  type: 'test'
  ...
1..2
# tests 15
# suites 0
# pass 15
# fail 0
# cancelled 0
# skipped 0
# todo 0
# duration_ms 40063.986
