TAP version 13
# Subtest: WHAT[verification-system-016] project graph rejects foreign output directory without publishing a restore receipt
ok 1 - WHAT[verification-system-016] project graph rejects foreign output directory without publishing a restore receipt
  ---
  duration_ms: 1603.865084
  type: 'test'
  ...
# Subtest: WHAT[verification-system-016] project graph rejects unselected dependency edge without publishing a restore receipt
ok 2 - WHAT[verification-system-016] project graph rejects unselected dependency edge without publishing a restore receipt
  ---
  duration_ms: 923.613209
  type: 'test'
  ...
# Subtest: WHAT[verification-system-016] project graph rejects target and lock dependency version disagreement without publishing a restore receipt
ok 3 - WHAT[verification-system-016] project graph rejects target and lock dependency version disagreement without publishing a restore receipt
  ---
  duration_ms: 1514.802291
  type: 'test'
  ...
# Subtest: WHAT[verification-system-016] project graph rejects null library without publishing a restore receipt
ok 4 - WHAT[verification-system-016] project graph rejects null library without publishing a restore receipt
  ---
  duration_ms: 1248.846041
  type: 'test'
  ...
# Subtest: WHAT[verification-system-016] project graph rejects null compile asset map without publishing a restore receipt
ok 5 - WHAT[verification-system-016] project graph rejects null compile asset map without publishing a restore receipt
  ---
  duration_ms: 2129.379792
  type: 'test'
  ...
# Subtest: WHAT[verification-system-016] project graph rejects array runtime asset map without publishing a restore receipt
ok 6 - WHAT[verification-system-016] project graph rejects array runtime asset map without publishing a restore receipt
  ---
  duration_ms: 1364.165167
  type: 'test'
  ...
# Subtest: WHAT[verification-system-016] project graph rejects null lock framework dependency map without publishing a restore receipt
ok 7 - WHAT[verification-system-016] project graph rejects null lock framework dependency map without publishing a restore receipt
  ---
  duration_ms: 861.372833
  type: 'test'
  ...
# Subtest: WHAT[verification-system-016] project graph rejects array lock framework dependency map without publishing a restore receipt
ok 8 - WHAT[verification-system-016] project graph rejects array lock framework dependency map without publishing a restore receipt
  ---
  duration_ms: 979.607209
  type: 'test'
  ...
# Subtest: WHAT[verification-system-016] project graph rejects malformed lock JSON without publishing a restore receipt
ok 9 - WHAT[verification-system-016] project graph rejects malformed lock JSON without publishing a restore receipt
  ---
  duration_ms: 1893.125334
  type: 'test'
  ...
# Subtest: WHAT[verification-system-016] project graph rejects malformed assets JSON without publishing a restore receipt
ok 10 - WHAT[verification-system-016] project graph rejects malformed assets JSON without publishing a restore receipt
  ---
  duration_ms: 1300.88775
  type: 'test'
  ...
# Subtest: WHAT[verification-system-016] project graph rejects lock contentHash disagreement without publishing a restore receipt
ok 11 - WHAT[verification-system-016] project graph rejects lock contentHash disagreement without publishing a restore receipt
  ---
  duration_ms: 1985.930959
  type: 'test'
  ...
# Subtest: WHAT[verification-system-016] project graph rejects raw archive sidecar disagreement without publishing a restore receipt
ok 12 - WHAT[verification-system-016] project graph rejects raw archive sidecar disagreement without publishing a restore receipt
  ---
  duration_ms: 2719.274667
  type: 'test'
  ...
# Subtest: WHAT[verification-system-016] project graph rejects changed restored archive bytes without publishing a restore receipt
ok 13 - WHAT[verification-system-016] project graph rejects changed restored archive bytes without publishing a restore receipt
  ---
  duration_ms: 994.557875
  type: 'test'
  ...
# Subtest: WHAT[verification-system-016] project graph rejects missing runtime file without publishing a restore receipt
ok 14 - WHAT[verification-system-016] project graph rejects missing runtime file without publishing a restore receipt
  ---
  duration_ms: 3647.571041
  type: 'test'
  ...
# Subtest: WHAT[verification-system-016] project graph rejects foreign package folder without publishing a restore receipt
ok 15 - WHAT[verification-system-016] project graph rejects foreign package folder without publishing a restore receipt
  ---
  duration_ms: 497.75525
  type: 'test'
  ...
1..15
# tests 15
# suites 0
# pass 15
# fail 0
# cancelled 0
# skipped 0
# todo 0
# duration_ms 23782.017666
