TAP version 13
# Subtest: WHAT[verification-system-021] an actual failure retains its detailed cause when later work prevents the file from draining
not ok 1 - WHAT[verification-system-021] an actual failure retains its detailed cause when later work prevents the file from draining
  ---
  duration_ms: 1171.878
  type: 'test'
  location: '/Users/yuanxi/Workwork/vibe-fs/requirements/verification-system/tests/021.test.mjs:50:1'
  failureType: 'testCodeFailure'
  error: |-
    The input did not match the regular expression /EARLY_FAILURE_CAUSE_MUST_REMAIN_VISIBLE/. Input:
    
    'runner: 1 test file(s), 1000ms verdict-silence window\n' +
      "WATCHDOG: 'fail-then-hang' silent for 1002ms (limit 1000ms); 2 blocking progress update(s), last progress: test:fail:early failed assertion lane=/var/folders/g_/3ydzn7kx5lg9ylq8fd9p_13r0000gn/T/failed-before-hang-WPNB8F/fail-then-hang.fixture.mjs expectation=none\n" +
      'runner: 1 file(s) had not reported completion\n' +
      'runner: file streams: 0 drained, 1 active, 0 queued\n' +
      'runner: active file ../../../../var/folders/g_/3ydzn7kx5lg9ylq8fd9p_13r0000gn/T/failed-before-hang-WPNB8F/fail-then-hang.fixture.mjs; waiting for stream drain; last verdict: test:fail:early failed assertion\n' +
      'runner: verdict counts unavailable; no authoritative summary before the silence\n' +
      'runner: post-exit group verification/reclamation: pid=47192; elapsedMs=22.083; accepted=true\n' +
      '\n' +
      'runner: verdict counts unavailable; no authoritative summary; 0/1 planned file(s) completed\n' +
      'Error: runner: supervised suite failed (exit 1)\n' +
      '    at fail (file:///Users/yuanxi/Workwork/vibe-fs/requirements/verification-system/tests/e2e/support/supervise-node-test.mjs:217:25)\n' +
      '    at superviseOwnedNodeTest (file:///Users/yuanxi/Workwork/vibe-fs/requirements/verification-system/tests/e2e/support/supervise-node-test.mjs:393:39)\n' +
      '    at process.processTicksAndRejections (node:internal/process/task_queues:103:5)\n' +
      '    at async superviseNodeTest (file:///Users/yuanxi/Workwork/vibe-fs/requirements/verification-system/tests/e2e/support/supervise-node-test.mjs:195:14)\n' +
      '    at async file:///private/var/folders/g_/3ydzn7kx5lg9ylq8fd9p_13r0000gn/T/failed-before-hang-WPNB8F/supervise.mjs:2:1 {\n' +
      '  exitCode: 1\n' +
      '}\n'
    
  code: 'ERR_ASSERTION'
  name: 'AssertionError'
  expected:
  actual: |-
    runner: 1 test file(s), 1000ms verdict-silence window
    WATCHDOG: 'fail-then-hang' silent for 1002ms (limit 1000ms); 2 blocking progress update(s), last progress: test:fail:early failed assertion lane=/var/folders/g_/3ydzn7kx5lg9ylq8fd9p_13r0000gn/T/failed-before-hang-WPNB8F/fail-then-hang.fixture.mjs expectation=none
    runner: 1 file(s) had not reported completion
    runner: file streams: 0 drained, 1 active, 0 queued
    runner: active file ../../../../var/folders/g_/3ydzn7kx5lg9ylq8fd9p_13r0000gn/T/failed-before-hang-WPNB8F/fail-then-hang.fixture.mjs; waiting for stream drain; last verdict: test:fail:early failed assertion
    runner: verdict counts unavailable; no authoritative summary before the silence
    runner: post-exit group verification/reclamation: pid=47192; elapsedMs=22.083; accepted=true
    
    runner: verdict counts unavailable; no authoritative summary; 0/1 planned file(s) completed
    Error: runner: supervised suite failed (exit 1)
        at fail (file:///Users/yuanxi/Workwork/vibe-fs/requirements/verification-system/tests/e2e/support/supervise-node-test.mjs:217:25)
        at superviseOwnedNodeTest (file:///Users/yuanxi/Workwork/vibe-fs/requirements/verification-system/tests/e2e/support/supervise-node-test.mjs:393:39)
        at process.processTicksAndRejections (node:internal/process/task_queues:103:5)
        at async superviseNodeTest (file:///Users/yuanxi/Workwork/vibe-fs/requirements/verification-system/tests/e2e/support/supervise-node-test.mjs:195:14)
        at async file:///private/var/folders/g_/3ydzn7kx5lg9ylq8fd9p_13r0000gn/T/failed-before-hang-WPNB8F/supervise.mjs:2:1 {
      exitCode: 1
    }
    
  operator: 'match'
  stack: |-
    TestContext.<anonymous> (file:///Users/yuanxi/Workwork/vibe-fs/requirements/verification-system/tests/021.test.mjs:86:12)
    process.processTicksAndRejections (node:internal/process/task_queues:103:5)
    async Test.run (node:internal/test_runner/test:1054:7)
    async startSubtestAfterBootstrap (node:internal/test_runner/harness:296:3)
  ...
1..1
# tests 1
# suites 0
# pass 0
# fail 1
# cancelled 0
# skipped 0
# todo 0
# duration_ms 1240.715417
