TAP version 13
# Subtest: WHAT[verification-system-006] silence failure reclaims its process group before the caller catches it and completes cleanup
not ok 1 - WHAT[verification-system-006] silence failure reclaims its process group before the caller catches it and completes cleanup
  ---
  duration_ms: 1129.234208
  type: 'test'
  location: '/Users/yuanxi/Workwork/vibe-fs/requirements/verification-system/tests/006.test.mjs:256:1'
  failureType: 'testCodeFailure'
  error: |-
    The supervisor reclaims the exact suite HOME after its inner owner is killed
    
    true !== false
    
  code: 'ERR_ASSERTION'
  name: 'AssertionError'
  expected: false
  actual: true
  operator: 'strictEqual'
  stack: |-
    TestContext.<anonymous> (file:///Users/yuanxi/Workwork/vibe-fs/requirements/verification-system/tests/006.test.mjs:312:12)
    process.processTicksAndRejections (node:internal/process/task_queues:103:5)
    async Test.run (node:internal/test_runner/test:1054:7)
    async startSubtestAfterBootstrap (node:internal/test_runner/harness:296:3)
  ...
1..1
# tests 1
# suites 0
# pass 0
# fail 1
# cancelled 0
# skipped 0
# todo 0
# duration_ms 1371.509875
