TAP version 13
# Subtest: WHAT[verification-system-016] selected npm tools replaced during the actual runtime probe cannot start the next version probe
    # Subtest: WHAT[verification-system-016] runtime replacement probe captures complete selected tool inputs before physical execution
    ok 1 - WHAT[verification-system-016] runtime replacement probe captures complete selected tool inputs before physical execution
      ---
      duration_ms: 1559.636167
      type: 'test'
      ...
    # Subtest: WHAT[verification-system-016] actual runtime probe refuses a complete copied tool owner before version or registry execution
    ok 2 - WHAT[verification-system-016] actual runtime probe refuses a complete copied tool owner before version or registry execution
      ---
      duration_ms: 4523.000542
      type: 'test'
      ...
    1..2
ok 1 - WHAT[verification-system-016] selected npm tools replaced during the actual runtime probe cannot start the next version probe
  ---
  duration_ms: 6406.443292
  type: 'test'
  ...
1..1
# tests 3
# suites 0
# pass 3
# fail 0
# cancelled 0
# skipped 0
# todo 0
# duration_ms 6532.773667
