TAP version 13
# Subtest: WHAT[verification-system-016] npm tool archive installation owns selected complete tools and locked dependencies through publication
    # Subtest: WHAT[verification-system-016] two actual locked registry packages use the selected bundle layout and bind its complete identity after tools cleanup
    not ok 1 - WHAT[verification-system-016] two actual locked registry packages use the selected bundle layout and bind its complete identity after tools cleanup
      ---
      duration_ms: 5281.735083
      type: 'test'
      location: '/Users/yuanxi/Workwork/vibe-fs/requirements/verification-system/tests/support/npm-tool-archive-tests.mjs:93:13'
      failureType: 'testCodeFailure'
      error: 'Prepared dependency inventory differs from the complete npm installation'
      code: 'verification-npm-lock-invalid'
      stack: |-
        lockInvalid (file:///Users/yuanxi/Workwork/vibe-fs/scripts/lib/verification-npm-candidate.mjs:11:46)
        installSelectedDependencies (file:///Users/yuanxi/Workwork/vibe-fs/scripts/lib/verification-npm-candidate.mjs:269:86)
        async Module.installVerificationDependenciesFromToolArchive (file:///Users/yuanxi/Workwork/vibe-fs/scripts/lib/verification-npm-candidate.mjs:189:17)
        async TestContext.<anonymous> (file:///Users/yuanxi/Workwork/vibe-fs/requirements/verification-system/tests/support/npm-tool-archive-tests.mjs:99:21)
        async Test.run (node:internal/test_runner/test:1054:7)
        async TestContext.<anonymous> (file:///Users/yuanxi/Workwork/vibe-fs/requirements/verification-system/tests/support/npm-tool-archive-tests.mjs:93:5)
        async Test.run (node:internal/test_runner/test:1054:7)
        async startSubtestAfterBootstrap (node:internal/test_runner/harness:296:3)
      ...
    # Subtest: WHAT[verification-system-016] npm tool archive rejects non-CLI library bytes changed during a real held install and reclaims unpublished dependencies
    not ok 2 - WHAT[verification-system-016] npm tool archive rejects non-CLI library bytes changed during a real held install and reclaims unpublished dependencies
      ---
      duration_ms: 4344.928167
      type: 'test'
      location: '/Users/yuanxi/Workwork/vibe-fs/requirements/verification-system/tests/support/npm-tool-archive-tests.mjs:127:15'
      failureType: 'testCodeFailure'
      error: |-
        Expected values to be strictly deep-equal:
        + actual - expected
        
          Comparison {
        +   code: 'verification-npm-lock-invalid'
        -   code: 'verification-tool-entry-invalid'
          }
        
      code: 'ERR_ASSERTION'
      name: 'AssertionError'
      expected:
        code: 'verification-tool-entry-invalid'
      actual:
      error: 'Prepared dependency inventory differs from the complete npm installation'
      stack: |-
        lockInvalid (file:///Users/yuanxi/Workwork/vibe-fs/scripts/lib/verification-npm-candidate.mjs:11:46)
        installSelectedDependencies (file:///Users/yuanxi/Workwork/vibe-fs/scripts/lib/verification-npm-candidate.mjs:269:86)
        async Module.installVerificationDependenciesFromToolArchive (file:///Users/yuanxi/Workwork/vibe-fs/scripts/lib/verification-npm-candidate.mjs:189:17)
      operator: 'rejects'
      stack: |-
        async TestContext.<anonymous> (file:///Users/yuanxi/Workwork/vibe-fs/requirements/verification-system/tests/support/npm-tool-archive-tests.mjs:139:11)
        async Test.run (node:internal/test_runner/test:1054:7)
        async TestContext.<anonymous> (file:///Users/yuanxi/Workwork/vibe-fs/requirements/verification-system/tests/support/npm-tool-archive-tests.mjs:127:7)
        async Test.run (node:internal/test_runner/test:1054:7)
        async startSubtestAfterBootstrap (node:internal/test_runner/harness:296:3)
      ...
    # Subtest: WHAT[verification-system-016] npm tool archive rejects new tool member changed during a real held install and reclaims unpublished dependencies
    not ok 3 - WHAT[verification-system-016] npm tool archive rejects new tool member changed during a real held install and reclaims unpublished dependencies
      ---
      duration_ms: 4048.856208
      type: 'test'
      location: '/Users/yuanxi/Workwork/vibe-fs/requirements/verification-system/tests/support/npm-tool-archive-tests.mjs:127:15'
      failureType: 'testCodeFailure'
      error: |-
        Expected values to be strictly deep-equal:
        + actual - expected
        
          Comparison {
        +   code: 'verification-npm-lock-invalid'
        -   code: 'verification-tool-entry-invalid'
          }
        
      code: 'ERR_ASSERTION'
      name: 'AssertionError'
      expected:
        code: 'verification-tool-entry-invalid'
      actual:
      error: 'Prepared dependency inventory differs from the complete npm installation'
      stack: |-
        lockInvalid (file:///Users/yuanxi/Workwork/vibe-fs/scripts/lib/verification-npm-candidate.mjs:11:46)
        installSelectedDependencies (file:///Users/yuanxi/Workwork/vibe-fs/scripts/lib/verification-npm-candidate.mjs:269:86)
        async Module.installVerificationDependenciesFromToolArchive (file:///Users/yuanxi/Workwork/vibe-fs/scripts/lib/verification-npm-candidate.mjs:189:17)
      operator: 'rejects'
      stack: |-
        async TestContext.<anonymous> (file:///Users/yuanxi/Workwork/vibe-fs/requirements/verification-system/tests/support/npm-tool-archive-tests.mjs:139:11)
        async Test.run (node:internal/test_runner/test:1054:7)
        async TestContext.<anonymous> (file:///Users/yuanxi/Workwork/vibe-fs/requirements/verification-system/tests/support/npm-tool-archive-tests.mjs:127:7)
        async Test.run (node:internal/test_runner/test:1054:7)
        async startSubtestAfterBootstrap (node:internal/test_runner/harness:296:3)
      ...
    # Subtest: WHAT[verification-system-016] npm tool archive held install cancellation preserves Error and reclaims tools installation and dependencies
    ok 4 - WHAT[verification-system-016] npm tool archive held install cancellation preserves Error and reclaims tools installation and dependencies
      ---
      duration_ms: 3421.415458
      type: 'test'
      ...
    # Subtest: WHAT[verification-system-016] npm tool archive held install cancellation preserves null and reclaims tools installation and dependencies
    ok 5 - WHAT[verification-system-016] npm tool archive held install cancellation preserves null and reclaims tools installation and dependencies
      ---
      duration_ms: 3438.539042
      type: 'test'
      ...
    # Subtest: WHAT[verification-system-016] npm tool archive rejects a mismatched actual Node version before registry execution
    ok 6 - WHAT[verification-system-016] npm tool archive rejects a mismatched actual Node version before registry execution
      ---
      duration_ms: 3063.710791
      type: 'test'
      ...
    # Subtest: WHAT[verification-system-016] npm tool archive rejects a mismatched actual npm version before registry execution
    ok 7 - WHAT[verification-system-016] npm tool archive rejects a mismatched actual npm version before registry execution
      ---
      duration_ms: 3190.875666
      type: 'test'
      ...
    # Subtest: WHAT[verification-system-016] npm tool archive already aborted preserves Error before reading missing source or archive
    ok 8 - WHAT[verification-system-016] npm tool archive already aborted preserves Error before reading missing source or archive
      ---
      duration_ms: 133.249792
      type: 'test'
      ...
    # Subtest: WHAT[verification-system-016] npm tool archive already aborted preserves null before reading missing source or archive
    ok 9 - WHAT[verification-system-016] npm tool archive already aborted preserves null before reading missing source or archive
      ---
      duration_ms: 134.485833
      type: 'test'
      ...
    1..9
not ok 1 - WHAT[verification-system-016] npm tool archive installation owns selected complete tools and locked dependencies through publication
  ---
  duration_ms: 27060.378791
  type: 'test'
  location: '/Users/yuanxi/Workwork/vibe-fs/requirements/verification-system/tests/support/npm-tool-archive-tests.mjs:92:3'
  failureType: 'subtestsFailed'
  error: '3 subtests failed'
  code: 'ERR_TEST_FAILURE'
  ...
1..1
# tests 10
# suites 0
# pass 6
# fail 4
# cancelled 0
# skipped 0
# todo 0
# duration_ms 27187.305125
