TAP version 13
# Warning: OPENCODE_SERVER_PASSWORD is not set; server is unsecured.
# opencode server listening on http://127.0.0.1:61717
# file:///Users/yuanxi/Workwork/vibe-fs/requirements/verification-system/tests/e2e/support/process-host.js:183
#       throw new Error(
#             ^
# Error: Health-check failed: phase=project url=http://127.0.0.1:61717/path elapsed=5030ms attempts=1; stage deadline expired; waiting for response headers; no request completed
# stdout tail:
# Warning: OPENCODE_SERVER_PASSWORD is not set; server is unsecured.
# opencode server listening on http://127.0.0.1:61717
# stderr tail:
#     at ProcessHost._waitForReadiness (file:///Users/yuanxi/Workwork/vibe-fs/requirements/verification-system/tests/e2e/support/process-host.js:183:13)
#     at process.processTicksAndRejections (node:internal/process/task_queues:103:5)
#     at async ProcessHost._waitForHealth (file:///Users/yuanxi/Workwork/vibe-fs/requirements/verification-system/tests/e2e/support/process-host.js:135:5)
#     at async ProcessHost.start (file:///Users/yuanxi/Workwork/vibe-fs/requirements/verification-system/tests/e2e/support/process-host.js:119:5)
#     at async file:///Users/yuanxi/Workwork/vibe-fs/requirements/cognitive-environment/tests/support/run-chronicle-provider-canary.mjs:77:3 {
#   [cause]: Error: stage deadline expired; waiting for response headers; no request completed
#       at node:internal/deps/undici/undici:15270:13
#       at process.processTicksAndRejections (node:internal/process/task_queues:103:5)
#       at async ProcessHost._waitForReadiness (file:///Users/yuanxi/Workwork/vibe-fs/requirements/verification-system/tests/e2e/support/process-host.js:164:28)
#       at async ProcessHost._waitForHealth (file:///Users/yuanxi/Workwork/vibe-fs/requirements/verification-system/tests/e2e/support/process-host.js:135:5)
#       at async ProcessHost.start (file:///Users/yuanxi/Workwork/vibe-fs/requirements/verification-system/tests/e2e/support/process-host.js:119:5)
#       at async file:///Users/yuanxi/Workwork/vibe-fs/requirements/cognitive-environment/tests/support/run-chronicle-provider-canary.mjs:77:3
# }
# Node.js v22.23.3
# Subtest: WHAT[cognitive-environment-015] installed Host delivers ephemeral Blogger hints in two actual provider requests
not ok 1 - WHAT[cognitive-environment-015] installed Host delivers ephemeral Blogger hints in two actual provider requests
  ---
  duration_ms: 17949.098042
  type: 'test'
  location: '/Users/yuanxi/Workwork/vibe-fs/requirements/verification-system/tests/support/tier-gate.mjs:26:12'
  failureType: 'testCodeFailure'
  error: |-
    Command failed: /private/tmp/node-v22.23.3-darwin-arm64/bin/node /Users/yuanxi/Workwork/vibe-fs/requirements/cognitive-environment/tests/support/run-chronicle-provider-canary.mjs
    Warning: OPENCODE_SERVER_PASSWORD is not set; server is unsecured.
    opencode server listening on http://127.0.0.1:61717
    
    file:///Users/yuanxi/Workwork/vibe-fs/requirements/verification-system/tests/e2e/support/process-host.js:183
          throw new Error(
                ^
    
    Error: Health-check failed: phase=project url=http://127.0.0.1:61717/path elapsed=5030ms attempts=1; stage deadline expired; waiting for response headers; no request completed
    stdout tail:
    Warning: OPENCODE_SERVER_PASSWORD is not set; server is unsecured.
    
    opencode server listening on http://127.0.0.1:61717
    
    stderr tail:
    
        at ProcessHost._waitForReadiness (file:///Users/yuanxi/Workwork/vibe-fs/requirements/verification-system/tests/e2e/support/process-host.js:183:13)
        at process.processTicksAndRejections (node:internal/process/task_queues:103:5)
        at async ProcessHost._waitForHealth (file:///Users/yuanxi/Workwork/vibe-fs/requirements/verification-system/tests/e2e/support/process-host.js:135:5)
        at async ProcessHost.start (file:///Users/yuanxi/Workwork/vibe-fs/requirements/verification-system/tests/e2e/support/process-host.js:119:5)
        at async file:///Users/yuanxi/Workwork/vibe-fs/requirements/cognitive-environment/tests/support/run-chronicle-provider-canary.mjs:77:3 {
      [cause]: Error: stage deadline expired; waiting for response headers; no request completed
          at node:internal/deps/undici/undici:15270:13
          at process.processTicksAndRejections (node:internal/process/task_queues:103:5)
          at async ProcessHost._waitForReadiness (file:///Users/yuanxi/Workwork/vibe-fs/requirements/verification-system/tests/e2e/support/process-host.js:164:28)
          at async ProcessHost._waitForHealth (file:///Users/yuanxi/Workwork/vibe-fs/requirements/verification-system/tests/e2e/support/process-host.js:135:5)
          at async ProcessHost.start (file:///Users/yuanxi/Workwork/vibe-fs/requirements/verification-system/tests/e2e/support/process-host.js:119:5)
          at async file:///Users/yuanxi/Workwork/vibe-fs/requirements/cognitive-environment/tests/support/run-chronicle-provider-canary.mjs:77:3
    }
    
    Node.js v22.23.3
    
  code: 'ERR_TEST_FAILURE'
  stack: |-
    ProcessHost._waitForReadiness (file:///Users/yuanxi/Workwork/vibe-fs/requirements/verification-system/tests/e2e/support/process-host.js:183:13)
    process.processTicksAndRejections (node:internal/process/task_queues:103:5)
    async ProcessHost._waitForHealth (file:///Users/yuanxi/Workwork/vibe-fs/requirements/verification-system/tests/e2e/support/process-host.js:135:5)
    async ProcessHost.start (file:///Users/yuanxi/Workwork/vibe-fs/requirements/verification-system/tests/e2e/support/process-host.js:119:5)
    async file:///Users/yuanxi/Workwork/vibe-fs/requirements/cognitive-environment/tests/support/run-chronicle-provider-canary.mjs:77:3 {
    genericNodeError (node:internal/errors:983:15)
    wrappedFn (node:internal/errors:537:14)
    checkExecSyncError (node:child_process:916:11)
    execFileSync (node:child_process:952:15)
    TestContext.<anonymous> (file:///Users/yuanxi/Workwork/vibe-fs/requirements/cognitive-environment/tests/015.test.mjs:19:18)
    Test.runInAsyncScope (node:async_hooks:214:14)
    Test.run (node:internal/test_runner/test:1047:25)
    Test.start (node:internal/test_runner/test:944:17)
    startSubtestAfterBootstrap (node:internal/test_runner/harness:296:17)
  ...
1..1
# tests 1
# suites 0
# pass 0
# fail 1
# cancelled 0
# skipped 0
# todo 0
# duration_ms 19966.066166
