TAP version 13
# Subtest: WHAT[verification-system-016] Fable namespace canonical parent replacement cannot authorize revalidation or foreign disposal
not ok 1 - WHAT[verification-system-016] Fable namespace canonical parent replacement cannot authorize revalidation or foreign disposal
  ---
  duration_ms: 856.803375
  type: 'test'
  location: '/Users/yuanxi/Workwork/vibe-fs/requirements/verification-system/tests/support/fable-project-tests.mjs:392:5'
  failureType: 'testCodeFailure'
  error: "ENOENT: no such file or directory, open '/private/var/folders/g_/3ydzn7kx5lg9ylq8fd9p_13r0000gn/T/verification-fable-project-test-7b9W2p/foreign-namespace/verification-fable-project-gt7z2q/js/Fixture.js'"
  code: 'ENOENT'
  stack: |-
    Object.openSync (node:fs:560:18)
    Object.readFileSync (node:fs:444:35)
    file:///Users/yuanxi/Workwork/vibe-fs/requirements/verification-system/tests/support/fable-project-tests.mjs:424:31
    file:///Users/yuanxi/Workwork/vibe-fs/requirements/verification-system/tests/support/fable-project-tests.mjs:192:13
    process.processTicksAndRejections (node:internal/process/task_queues:103:5)
    async withCompileFixture (file:///Users/yuanxi/Workwork/vibe-fs/requirements/verification-system/tests/support/fable-project-tests.mjs:150:5)
    async withCompiledFixture (file:///Users/yuanxi/Workwork/vibe-fs/requirements/verification-system/tests/support/fable-project-tests.mjs:187:3)
    async TestContext.<anonymous> (file:///Users/yuanxi/Workwork/vibe-fs/requirements/verification-system/tests/support/fable-project-tests.mjs:393:7)
    async Test.run (node:internal/test_runner/test:1054:7)
    async startSubtestAfterBootstrap (node:internal/test_runner/harness:296:3)
  ...
# Subtest: WHAT[verification-system-016] Fable namespace ordinary root replacement cannot authorize revalidation or foreign disposal
not ok 2 - WHAT[verification-system-016] Fable namespace ordinary root replacement cannot authorize revalidation or foreign disposal
  ---
  duration_ms: 867.745083
  type: 'test'
  location: '/Users/yuanxi/Workwork/vibe-fs/requirements/verification-system/tests/support/fable-project-tests.mjs:392:5'
  failureType: 'testCodeFailure'
  error: "ENOENT: no such file or directory, open '/private/var/folders/g_/3ydzn7kx5lg9ylq8fd9p_13r0000gn/T/verification-fable-project-test-pz6Xxk/compiles/verification-fable-project-GR4a2S/js/Fixture.js'"
  code: 'ENOENT'
  stack: |-
    Object.openSync (node:fs:560:18)
    Object.readFileSync (node:fs:444:35)
    file:///Users/yuanxi/Workwork/vibe-fs/requirements/verification-system/tests/support/fable-project-tests.mjs:424:31
    file:///Users/yuanxi/Workwork/vibe-fs/requirements/verification-system/tests/support/fable-project-tests.mjs:192:13
    process.processTicksAndRejections (node:internal/process/task_queues:103:5)
    async withCompileFixture (file:///Users/yuanxi/Workwork/vibe-fs/requirements/verification-system/tests/support/fable-project-tests.mjs:150:5)
    async withCompiledFixture (file:///Users/yuanxi/Workwork/vibe-fs/requirements/verification-system/tests/support/fable-project-tests.mjs:187:3)
    async TestContext.<anonymous> (file:///Users/yuanxi/Workwork/vibe-fs/requirements/verification-system/tests/support/fable-project-tests.mjs:393:7)
    async Test.run (node:internal/test_runner/test:1054:7)
    async Test.processPendingSubtests (node:internal/test_runner/test:744:7)
  ...
1..2
# tests 2
# suites 0
# pass 0
# fail 2
# cancelled 0
# skipped 0
# todo 0
# duration_ms 1831.367458
