TAP version 13
# Subtest: WHAT[verification-system-016] successful Node probe replacing its archive root cannot start another selected executable
ok 1 - WHAT[verification-system-016] successful Node probe replacing its archive root cannot start another selected executable
  ---
  duration_ms: 746.557125
  type: 'test'
  ...
# Subtest: WHAT[verification-system-016] successful Node probe replacing its probe root cannot start another selected executable
ok 2 - WHAT[verification-system-016] successful Node probe replacing its probe root cannot start another selected executable
  ---
  duration_ms: 685.386542
  type: 'test'
  ...
# Subtest: WHAT[verification-system-016] controlled runtime probe protocol alone supplies Node version platform and architecture before npm admission
ok 3 - WHAT[verification-system-016] controlled runtime probe protocol alone supplies Node version platform and architecture before npm admission
  ---
  duration_ms: 758.622833
  type: 'test'
  ...
# Subtest: WHAT[verification-system-016] controlled runtime probe protocol rejects an invalid Node version before npm admission
ok 4 - WHAT[verification-system-016] controlled runtime probe protocol rejects an invalid Node version before npm admission
  ---
  duration_ms: 590.434917
  type: 'test'
  ...
1..4
# tests 4
# suites 0
# pass 4
# fail 0
# cancelled 0
# skipped 0
# todo 0
# duration_ms 2888.299917
