TAP version 13
# Subtest: WHAT[verification-system-006] silence termination reclaims an actual detached tool and its descendant while preserving the caller's foreign group
ok 1 - WHAT[verification-system-006] silence termination reclaims an actual detached tool and its descendant while preserving the caller's foreign group
  ---
  duration_ms: 3392.329875
  type: 'test'
  ...
# Subtest: WHAT[verification-system-006] event safety ceilings validate input and count actual non-heartbeat events
ok 2 - WHAT[verification-system-006] event safety ceilings validate input and count actual non-heartbeat events
  ---
  duration_ms: 14.477416
  type: 'test'
  ...
# Subtest: WHAT[verification-system-006] diagnostics preserve the actual wait and monitored subject
ok 3 - WHAT[verification-system-006] diagnostics preserve the actual wait and monitored subject
  ---
  duration_ms: 90.0145
  type: 'test'
  ...
# Subtest: WHAT[verification-system-006] missing and corrupt wait snapshots disclose the diagnostic gap
ok 4 - WHAT[verification-system-006] missing and corrupt wait snapshots disclose the diagnostic gap
  ---
  duration_ms: 93.054166
  type: 'test'
  ...
# Subtest: WHAT[verification-system-006] the initial silence window covers execution before its first progress
ok 5 - WHAT[verification-system-006] the initial silence window covers execution before its first progress
  ---
  duration_ms: 11.504958
  type: 'test'
  ...
# Subtest: WHAT[verification-system-006] continuing progress outlives a window and silence is measured from its last advance
ok 6 - WHAT[verification-system-006] continuing progress outlives a window and silence is measured from its last advance
  ---
  duration_ms: 21.917541
  type: 'test'
  ...
# Subtest: WHAT[verification-system-006] completed verdicts renew the window while repeated log traffic cannot
ok 7 - WHAT[verification-system-006] completed verdicts renew the window while repeated log traffic cannot
  ---
  duration_ms: 28.392125
  type: 'test'
  ...
# Subtest: WHAT[verification-system-006] scheduling events do not renew the silence window
ok 8 - WHAT[verification-system-006] scheduling events do not renew the silence window
  ---
  duration_ms: 2.537459
  type: 'test'
  ...
# Subtest: WHAT[verification-system-006] file waits distinguish queued, active and verdicts awaiting stream drain
ok 9 - WHAT[verification-system-006] file waits distinguish queued, active and verdicts awaiting stream drain
  ---
  duration_ms: 3.864667
  type: 'test'
  ...
# Subtest: WHAT[verification-system-006] file lifecycle facts reject unknown entries and impossible transitions
ok 10 - WHAT[verification-system-006] file lifecycle facts reject unknown entries and impossible transitions
  ---
  duration_ms: 3.168917
  type: 'test'
  ...
# Subtest: WHAT[verification-system-006] real silence diagnostics identify active waits separately from queued files
ok 11 - WHAT[verification-system-006] real silence diagnostics identify active waits separately from queued files
  ---
  duration_ms: 2531.518541
  type: 'test'
  ...
# Subtest: WHAT[verification-system-006] silence failure reclaims its process group before the caller catches it and completes cleanup
ok 12 - WHAT[verification-system-006] silence failure reclaims its process group before the caller catches it and completes cleanup
  ---
  duration_ms: 1645.882708
  type: 'test'
  ...
# Subtest: WHAT[verification-system-006] synchronous runner spawn failure preserves its cause and stops its watchdog
ok 13 - WHAT[verification-system-006] synchronous runner spawn failure preserves its cause and stops its watchdog
  ---
  duration_ms: 666.20275
  type: 'test'
  ...
# Subtest: WHAT[verification-system-006] suite HOME cleanup failure preserves the original failed verdict and rejects acceptance
ok 14 - WHAT[verification-system-006] suite HOME cleanup failure preserves the original failed verdict and rejects acceptance
  ---
  duration_ms: 1322.639083
  type: 'test'
  ...
# Subtest: WHAT[verification-system-006] standalone inner owns only its allocated HOME and always releases it
ok 15 - WHAT[verification-system-006] standalone inner owns only its allocated HOME and always releases it
  ---
  duration_ms: 949.441834
  type: 'test'
  ...
# Subtest: WHAT[verification-system-006] physical backstop diagnostics retain active verdicts and queued files while completed leaves continue advancing
ok 16 - WHAT[verification-system-006] physical backstop diagnostics retain active verdicts and queued files while completed leaves continue advancing
  ---
  duration_ms: 1924.123209
  type: 'test'
  ...
# Subtest: WHAT[verification-system-006] synchronous work and microtasks deliver completed verdicts before the file ends
not ok 17 - WHAT[verification-system-006] synchronous work and microtasks deliver completed verdicts before the file ends
  ---
  duration_ms: 1480.616292
  type: 'test'
  location: '/Users/yuanxi/Workwork/vibe-fs/requirements/verification-system/tests/006.test.mjs:542:1'
  failureType: 'testCodeFailure'
  error: |-
    runner: 1 test file(s), 1000ms verdict-silence window
    WATCHDOG: 'synchronous-verdicts' silent for 1007ms (limit 1000ms); 0 blocking progress update(s), last progress: start lane=startup expectation=none
    runner: 1 file(s) had not reported completion
    runner: file streams: 0 drained, 1 active, 0 queued
    runner: active file requirements/verification-system/tests/support/fixtures/synchronous-verdicts.fixture.mjs; waiting for stream drain; last verdict: none received
    runner: verdict counts unavailable; no authoritative summary before the silence
    runner: post-exit group verification/reclamation: pid=29777; elapsedMs=129.448; accepted=true
    
    runner: verdict counts unavailable; no authoritative summary; 0/1 planned file(s) completed
    Error: runner: supervised suite failed (exit 1)
        at fail (file:///Users/yuanxi/Workwork/vibe-fs/requirements/verification-system/tests/e2e/support/supervise-node-test.mjs:217:25)
        at superviseOwnedNodeTest (file:///Users/yuanxi/Workwork/vibe-fs/requirements/verification-system/tests/e2e/support/supervise-node-test.mjs:393:39)
        at process.processTicksAndRejections (node:internal/process/task_queues:103:5)
        at async superviseNodeTest (file:///Users/yuanxi/Workwork/vibe-fs/requirements/verification-system/tests/e2e/support/supervise-node-test.mjs:195:14)
        at async file:///private/var/folders/g_/3ydzn7kx5lg9ylq8fd9p_13r0000gn/T/synchronous-verdicts-DcA6P1/supervise.mjs:2:1 {
      exitCode: 1
    }
    
    
    1 !== 0
    
  code: 'ERR_ASSERTION'
  name: 'AssertionError'
  expected: 0
  actual: 1
  operator: 'strictEqual'
  stack: |-
    fail (file:///Users/yuanxi/Workwork/vibe-fs/requirements/verification-system/tests/e2e/support/supervise-node-test.mjs:217:25)
    superviseOwnedNodeTest (file:///Users/yuanxi/Workwork/vibe-fs/requirements/verification-system/tests/e2e/support/supervise-node-test.mjs:393:39)
    process.processTicksAndRejections (node:internal/process/task_queues:103:5)
    async superviseNodeTest (file:///Users/yuanxi/Workwork/vibe-fs/requirements/verification-system/tests/e2e/support/supervise-node-test.mjs:195:14)
    async file:///private/var/folders/g_/3ydzn7kx5lg9ylq8fd9p_13r0000gn/T/synchronous-verdicts-DcA6P1/supervise.mjs:2:1 {
    TestContext.<anonymous> (file:///Users/yuanxi/Workwork/vibe-fs/requirements/verification-system/tests/006.test.mjs:544:10)
    async Test.run (node:internal/test_runner/test:1054:7)
    async Test.processPendingSubtests (node:internal/test_runner/test:744:7)
  ...
# Subtest: WHAT[verification-system-006] transport scheduling cannot renew unfinished work or background noise
not ok 18 - WHAT[verification-system-006] transport scheduling cannot renew unfinished work or background noise
  ---
  duration_ms: 1422.169417
  type: 'test'
  location: '/Users/yuanxi/Workwork/vibe-fs/requirements/verification-system/tests/006.test.mjs:549:1'
  failureType: 'testCodeFailure'
  error: |-
    The input did not match the regular expression /last progress: test:(?:pass|complete):synchronous work 7/. Input:
    
    'runner: 1 test file(s), 1000ms verdict-silence window\n' +
      "WATCHDOG: 'synchronous-verdicts' silent for 1003ms (limit 1000ms); 0 blocking progress update(s), last progress: start lane=startup expectation=none\n" +
      'runner: 1 file(s) had not reported completion\n' +
      'runner: file streams: 0 drained, 1 active, 0 queued\n' +
      'runner: active file requirements/verification-system/tests/support/fixtures/synchronous-verdicts.fixture.mjs; waiting for stream drain; last verdict: none received\n' +
      'runner: verdict counts unavailable; no authoritative summary before the silence\n' +
      'runner: post-exit group verification/reclamation: pid=29876; elapsedMs=102.087; accepted=true\n' +
      '\n' +
      'runner: verdict counts unavailable; no authoritative summary; 0/1 planned file(s) completed\n' +
      'Error: runner: supervised suite failed (exit 1)\n' +
      '    at fail (file:///Users/yuanxi/Workwork/vibe-fs/requirements/verification-system/tests/e2e/support/supervise-node-test.mjs:217:25)\n' +
      '    at superviseOwnedNodeTest (file:///Users/yuanxi/Workwork/vibe-fs/requirements/verification-system/tests/e2e/support/supervise-node-test.mjs:393:39)\n' +
      '    at process.processTicksAndRejections (node:internal/process/task_queues:103:5)\n' +
      '    at async superviseNodeTest (file:///Users/yuanxi/Workwork/vibe-fs/requirements/verification-system/tests/e2e/support/supervise-node-test.mjs:195:14)\n' +
      '    at async file:///private/var/folders/g_/3ydzn7kx5lg9ylq8fd9p_13r0000gn/T/synchronous-verdicts-NYFJuC/supervise.mjs:2:1 {\n' +
      '  exitCode: 1\n' +
      '}\n'
    
  code: 'ERR_ASSERTION'
  name: 'AssertionError'
  expected:
  actual: |-
    runner: 1 test file(s), 1000ms verdict-silence window
    WATCHDOG: 'synchronous-verdicts' silent for 1003ms (limit 1000ms); 0 blocking progress update(s), last progress: start lane=startup expectation=none
    runner: 1 file(s) had not reported completion
    runner: file streams: 0 drained, 1 active, 0 queued
    runner: active file requirements/verification-system/tests/support/fixtures/synchronous-verdicts.fixture.mjs; waiting for stream drain; last verdict: none received
    runner: verdict counts unavailable; no authoritative summary before the silence
    runner: post-exit group verification/reclamation: pid=29876; elapsedMs=102.087; accepted=true
    
    runner: verdict counts unavailable; no authoritative summary; 0/1 planned file(s) completed
    Error: runner: supervised suite failed (exit 1)
        at fail (file:///Users/yuanxi/Workwork/vibe-fs/requirements/verification-system/tests/e2e/support/supervise-node-test.mjs:217:25)
        at superviseOwnedNodeTest (file:///Users/yuanxi/Workwork/vibe-fs/requirements/verification-system/tests/e2e/support/supervise-node-test.mjs:393:39)
        at process.processTicksAndRejections (node:internal/process/task_queues:103:5)
        at async superviseNodeTest (file:///Users/yuanxi/Workwork/vibe-fs/requirements/verification-system/tests/e2e/support/supervise-node-test.mjs:195:14)
        at async file:///private/var/folders/g_/3ydzn7kx5lg9ylq8fd9p_13r0000gn/T/synchronous-verdicts-NYFJuC/supervise.mjs:2:1 {
      exitCode: 1
    }
    
  operator: 'match'
  stack: |-
    TestContext.<anonymous> (file:///Users/yuanxi/Workwork/vibe-fs/requirements/verification-system/tests/006.test.mjs:553:10)
    async Test.run (node:internal/test_runner/test:1054:7)
    async Test.processPendingSubtests (node:internal/test_runner/test:744:7)
  ...
# Subtest: WHAT[verification-system-006] transport scheduling preserves after-hook failure verdicts
ok 19 - WHAT[verification-system-006] transport scheduling preserves after-hook failure verdicts
  ---
  duration_ms: 3313.569167
  type: 'test'
  ...
# Subtest: WHAT[verification-system-006] repeat observations of one causal state do not renew twice
ok 20 - WHAT[verification-system-006] repeat observations of one causal state do not renew twice
  ---
  duration_ms: 5.821917
  type: 'test'
  ...
# Subtest: WHAT[verification-system-006] stop cancels monitoring and late signals cannot resurrect it
ok 21 - WHAT[verification-system-006] stop cancels monitoring and late signals cannot resurrect it
  ---
  duration_ms: 1.424166
  type: 'test'
  ...
# Subtest: WHAT[verification-system-006] changing the window does not invent new causal progress
ok 22 - WHAT[verification-system-006] changing the window does not invent new causal progress
  ---
  duration_ms: 1.276667
  type: 'test'
  ...
# Subtest: WHAT[verification-system-006] restoring the default window retains the original last-progress time
ok 23 - WHAT[verification-system-006] restoring the default window retains the original last-progress time
  ---
  duration_ms: 1.243417
  type: 'test'
  ...
# Subtest: WHAT[verification-system-006] failed diagnostic collection discloses its cause before exit
ok 24 - WHAT[verification-system-006] failed diagnostic collection discloses its cause before exit
  ---
  duration_ms: 4.728583
  type: 'test'
  ...
# Subtest: WHAT[verification-system-006] hung diagnostic collection discloses missing information and cannot prevent exit
ok 25 - WHAT[verification-system-006] hung diagnostic collection discloses missing information and cannot prevent exit
  ---
  duration_ms: 4.991209
  type: 'test'
  ...
# Subtest: WHAT[verification-system-006] successful diagnostic collection completes before a single exit
ok 26 - WHAT[verification-system-006] successful diagnostic collection completes before a single exit
  ---
  duration_ms: 1.979625
  type: 'test'
  ...
# Subtest: WHAT[verification-system-006] a diagnostic output failure still terminates once and cannot restart monitoring
ok 27 - WHAT[verification-system-006] a diagnostic output failure still terminates once and cannot restart monitoring
  ---
  duration_ms: 2.562333
  type: 'test'
  ...
# Subtest: WHAT[verification-system-006] consumed expectation observations preserve the matched physical attempt
ok 28 - WHAT[verification-system-006] consumed expectation observations preserve the matched physical attempt
  ---
  duration_ms: 3.588541
  type: 'test'
  ...
# Subtest: WHAT[verification-system-006] turn observations keep session identity and forget pre-restart cursors
ok 29 - WHAT[verification-system-006] turn observations keep session identity and forget pre-restart cursors
  ---
  duration_ms: 2.92225
  type: 'test'
  ...
# Subtest: WHAT[verification-system-006] alternative progress waits resolve the observed branch and release siblings
ok 30 - WHAT[verification-system-006] alternative progress waits resolve the observed branch and release siblings
  ---
  duration_ms: 2.033292
  type: 'test'
  ...
# Subtest: WHAT[verification-system-021] compact and verbose reports preserve outcomes and visible exclusions
ok 31 - WHAT[verification-system-021] compact and verbose reports preserve outcomes and visible exclusions
  ---
  duration_ms: 10.153667
  type: 'test'
  ...
# Subtest: WHAT[verification-system-021] cancelled and TODO failures are not ordinary assertion verdicts
ok 32 - WHAT[verification-system-021] cancelled and TODO failures are not ordinary assertion verdicts
  ---
  duration_ms: 3.569042
  type: 'test'
  ...
# Subtest: WHAT[verification-system-021] conflicting final results cannot erase a previous failure
ok 33 - WHAT[verification-system-021] conflicting final results cannot erase a previous failure
  ---
  duration_ms: 2.176542
  type: 'test'
  ...
# Subtest: WHAT[verification-system-021] equal names in different files or distinct subtests do not collapse
ok 34 - WHAT[verification-system-021] equal names in different files or distinct subtests do not collapse
  ---
  duration_ms: 0.479167
  type: 'test'
  ...
# Subtest: WHAT[verification-system-021] a failing suite preserves its container failure without double counting leaves
ok 35 - WHAT[verification-system-021] a failing suite preserves its container failure without double counting leaves
  ---
  duration_ms: 0.389875
  type: 'test'
  ...
# Subtest: WHAT[verification-system-021] shared registration sources retain each entry ownership and repeated container verdicts count once
ok 36 - WHAT[verification-system-021] shared registration sources retain each entry ownership and repeated container verdicts count once
  ---
  duration_ms: 0.289084
  type: 'test'
  ...
# Subtest: WHAT[verification-system-021] the real concurrent runner keeps shared helper tests under their own entry files
ok 37 - WHAT[verification-system-021] the real concurrent runner keeps shared helper tests under their own entry files
  ---
  duration_ms: 933.449084
  type: 'test'
  ...
# Subtest: WHAT[verification-system-021] a leaf completion cannot stand for completion of its file
ok 38 - WHAT[verification-system-021] a leaf completion cannot stand for completion of its file
  ---
  duration_ms: 1.051
  type: 'test'
  ...
# Subtest: WHAT[verification-system-021] stream error and clean end have distinct completion evidence
ok 39 - WHAT[verification-system-021] stream error and clean end have distinct completion evidence
  ---
  duration_ms: 14.544792
  type: 'test'
  ...
# runner: 1 test file(s), 10000ms verdict-silence window
# Subtest: WHAT[verification-system-021] a real inner runner completes all leaves before file completion and summary
ok 40 - WHAT[verification-system-021] a real inner runner completes all leaves before file completion and summary
  ---
  duration_ms: 1852.792834
  type: 'test'
  ...
# runner: post-exit group verification/reclamation: pid=28949; elapsedMs=193.739; accepted=true
# runner: 1 passed, 0 failed; 0/1 planned file(s) completed
# runner: incomplete run; no completion for /Users/yuanxi/Workwork/vibe-fs/requirements/verification-system/tests/support/fixtures/two-leaf.fixture.mjs
# runner: 1 test file(s), 1000ms verdict-silence window
# Subtest: WHAT[verification-system-021] summary and clean exit cannot disguise missing file completion
ok 41 - WHAT[verification-system-021] summary and clean exit cannot disguise missing file completion
  ---
  duration_ms: 686.344959
  type: 'test'
  ...
# runner: post-exit group verification/reclamation: pid=28962; elapsedMs=168.393; accepted=true
# runner: 1 passed, 0 failed; 1/1 planned file(s) completed
# runner: incomplete run; not every planned file stream drained
# runner: 1 test file(s), 10000ms verdict-silence window
# Subtest: WHAT[verification-system-021] aggregate drain cannot replace a planned file stream drain
ok 42 - WHAT[verification-system-021] aggregate drain cannot replace a planned file stream drain
  ---
  duration_ms: 328.748458
  type: 'test'
  ...
# TAP version 13
# \# Subtest: leaf one
# ok 1 - leaf one
#   ---
#   duration_ms: 2.804083
#   type: 'test'
#   ...
# \# Subtest: leaf two
# ok 2 - leaf two
#   ---
#   duration_ms: 0.246792
#   type: 'test'
#   ...
# 1..2
# \# tests 2
# \# suites 0
# \# pass 2
# \# fail 0
# \# cancelled 0
# \# skipped 0
# \# todo 0
# \# duration_ms 25.984541
# runner: post-exit group verification/reclamation: pid=28987; elapsedMs=137.573; accepted=true
# runner: inner runner failed to provide authoritative summary
# runner: verdict counts unavailable; no authoritative summary; 0/1 planned file(s) completed
# Subtest: WHAT[verification-system-021] a clean child exit without authoritative summary is inconclusive
ok 43 - WHAT[verification-system-021] a clean child exit without authoritative summary is inconclusive
  ---
  duration_ms: 419.714333
  type: 'test'
  ...
# runner: 1 test file(s), 10000ms verdict-silence window
# Subtest: WHAT[verification-system-021] a tier exclusion identifies the missing execution tier
ok 44 - WHAT[verification-system-021] a tier exclusion identifies the missing execution tier
  ---
  duration_ms: 572.131292
  type: 'test'
  ...
# runner: post-exit group verification/reclamation: pid=29090; elapsedMs=220.064; accepted=true
# runner: 1 passed, 0 failed; 1/1 planned file(s) completed
# runner: partial evidence; 0 skipped, 1 TODO; excluded cases are not passes
# runner: pending proof prevents complete acceptance
# runner: 1 test file(s), 10000ms verdict-silence window
# runner: post-exit group verification/reclamation: pid=29158; elapsedMs=128.138; accepted=true
# runner: 1 passed, 0 failed; 1/1 planned file(s) completed
# runner: partial evidence; 0 skipped, 1 TODO; excluded cases are not passes
# runner: pending proof prevents complete acceptance
# runner: 2 test file(s), 10000ms verdict-silence window
# Subtest: WHAT[verification-system-021] a known TODO cannot authorize complete acceptance
ok 45 - WHAT[verification-system-021] a known TODO cannot authorize complete acceptance
  ---
  duration_ms: 959.698
  type: 'test'
  ...
# node:internal/test_runner/harness:99
#       throw err;
#       ^
# Error [ERR_MODULE_NOT_FOUND]: Cannot find module '/var/folders/g_/3ydzn7kx5lg9ylq8fd9p_13r0000gn/T/failed-test-file-lFN4mh/missing.fixture.mjs' imported from /Users/yuanxi/Workwork/vibe-fs/
#     at finalizeResolution (node:internal/modules/esm/resolve:275:11)
#     at moduleResolve (node:internal/modules/esm/resolve:865:10)
#     at defaultResolve (node:internal/modules/esm/resolve:989:11)
#     at \#cachedDefaultResolve (node:internal/modules/esm/loader:747:20)
#     at ModuleLoader.resolve (node:internal/modules/esm/loader:724:38)
#     at ModuleLoader.getModuleJobForImport (node:internal/modules/esm/loader:320:38)
#     at onImport.tracePromise.__proto__ (node:internal/modules/esm/loader:680:36)
#     at TracingChannel.tracePromise (node:diagnostics_channel:350:14)
#     at ModuleLoader.import (node:internal/modules/esm/loader:679:21)
#     at node:internal/modules/run_main:179:35 {
#   code: 'ERR_MODULE_NOT_FOUND',
#   url: 'file:///var/folders/g_/3ydzn7kx5lg9ylq8fd9p_13r0000gn/T/failed-test-file-lFN4mh/missing.fixture.mjs'
# }
# Node.js v22.23.3
# ✖ failing tests:
# test at /var/folders/g_/3ydzn7kx5lg9ylq8fd9p_13r0000gn/T/failed-test-file-lFN4mh/missing.fixture.mjs:1:1
# ✖ /var/folders/g_/3ydzn7kx5lg9ylq8fd9p_13r0000gn/T/failed-test-file-lFN4mh/missing.fixture.mjs (416.070ms)
#   'test failed'
# [test-summary] 2 file(s), 2 passed, 0 failed, 1 failed containers (0.48s wall, 0.05s test time)
# runner: post-exit group verification/reclamation: pid=29232; elapsedMs=119.818; accepted=true
# runner: 2 test(s), 0.1s of test time; max 48ms, p90 48ms, median 6ms
# runner: 2 passed, 0 failed; 2/2 planned file(s) completed
# runner: cancelled tests or failed containers prevent complete acceptance
# runner: 2 test file(s), 10000ms verdict-silence window
# node:internal/test_runner/harness:99
#       throw err;
#       ^
# Error: fixture failed before registering any test
#     at file:///private/var/folders/g_/3ydzn7kx5lg9ylq8fd9p_13r0000gn/T/failed-test-file-lFN4mh/broken.fixture.mjs:1:7
#     at ModuleJob.run (node:internal/modules/esm/module_job:343:25)
#     at async onImport.tracePromise.__proto__ (node:internal/modules/esm/loader:681:26)
#     at async asyncRunEntryPointWithESMLoader (node:internal/modules/run_main:117:5)
# Node.js v22.23.3
# ✖ failing tests:
# test at /var/folders/g_/3ydzn7kx5lg9ylq8fd9p_13r0000gn/T/failed-test-file-lFN4mh/broken.fixture.mjs:1:1
# ✖ /var/folders/g_/3ydzn7kx5lg9ylq8fd9p_13r0000gn/T/failed-test-file-lFN4mh/broken.fixture.mjs (215.387ms)
#   'test failed'
# [test-summary] 2 file(s), 2 passed, 0 failed, 1 failed containers (0.28s wall, 0.03s test time)
# runner: post-exit group verification/reclamation: pid=29274; elapsedMs=186.819; accepted=true
# runner: 2 test(s), 0.0s of test time; max 28ms, p90 28ms, median 5ms
# runner: 2 passed, 0 failed; 2/2 planned file(s) completed
# runner: cancelled tests or failed containers prevent complete acceptance
# Subtest: WHAT[verification-system-021] missing or unloadable planned files fail the real supervisor despite completed file wrappers
ok 46 - WHAT[verification-system-021] missing or unloadable planned files fail the real supervisor despite completed file wrappers
  ---
  duration_ms: 1800.22625
  type: 'test'
  ...
1..46
# tests 46
# suites 0
# pass 44
# fail 2
# cancelled 0
# skipped 0
# todo 0
# duration_ms 22068.309334
