TAP version 13
# Subtest: WHAT[verification-system-016] four selected input owners compile the original foundation identity project with Fable into isolated outputs
    # Subtest: WHAT[verification-system-016] real Fable preparation selects a complete immutable Git tree and SDK archive without rewriting the original project
    ok 1 - WHAT[verification-system-016] real Fable preparation selects a complete immutable Git tree and SDK archive without rewriting the original project
      ---
      duration_ms: 20789.519791
      type: 'test'
      ...
    # Subtest: WHAT[verification-system-016] real selected Fable tools and original project restore produce independent prepared input owners
    ok 2 - WHAT[verification-system-016] real selected Fable tools and original project restore produce independent prepared input owners
      ---
      duration_ms: 10484.645542
      type: 'test'
      ...
    # Subtest: WHAT[verification-system-016] actual Fable compiles the original project into an owned seed and binds the complete output receipt
    ok 3 - WHAT[verification-system-016] actual Fable compiles the original project into an owned seed and binds the complete output receipt
      ---
      duration_ms: 16247.986
      type: 'test'
      ...
    # Subtest: WHAT[verification-system-016] actual generated JavaScript preserves public Identity behavior and all prepared owner lifetimes
    ok 4 - WHAT[verification-system-016] actual generated JavaScript preserves public Identity behavior and all prepared owner lifetimes
      ---
      duration_ms: 10869.265375
      type: 'test'
      ...
    1..4
ok 1 - WHAT[verification-system-016] four selected input owners compile the original foundation identity project with Fable into isolated outputs
  ---
  duration_ms: 58396.934292
  type: 'test'
  ...
# {"treeId":"4f58b2161b14fce83fdaa55ac6e48e48bb46bac9","sourceDigest":"80818c88b86a0bf842cc517f785c4d6ca537f684a726702aad03b6ee195facbb","sdkDigest":"e05f113650fea2e9a5555367038c52dabf9dc1f58d104eb36dc3be65f940f248","projectPath":"src/Wanxiangshu/Wanxiangshu.Owner.dispatch-protocol.foundation-identity.fsproj","provenance":"explicit selected archive bytes; this fixture does not authenticate their publisher"}
# {"compileDigest":"2f9e0e78b51d7529d8b655b6fc95054b2e0ee9cadedbb7949233a67c2c8db863","entries":196,"fable":{"id":"fable","version":"5.13.0","command":"fable","executable":"packages/fable/5.13.0/tools/net10.0/any/fable.dll"},"actualJavaScriptConsumer":{"session":"selected-session","revision":"8","quiescenceLoaded":true,"nodeVersion":"v22.23.3"},"readOnlyMounted":false,"actualVerifyBound":false}
1..1
# tests 5
# suites 0
# pass 5
# fail 0
# cancelled 0
# skipped 0
# todo 0
# duration_ms 58527.7985
