runner: 1 test file(s), 5000ms verdict-silence window
coverage: running tests with NODE_V8_COVERAGE in /private/var/folders/g_/3ydzn7kx5lg9ylq8fd9p_13r0000gn/T/coverage-permission-runner-5ICJG2/.fable-build/coverage/1791110585169-4967/raw...

coverage: OK (2 production modules covered, report in /private/var/folders/g_/3ydzn7kx5lg9ylq8fd9p_13r0000gn/T/coverage-permission-runner-5ICJG2/.fable-build/coverage/1791110585169-4967/report)
coverage: running tests with NODE_V8_COVERAGE in /private/var/folders/g_/3ydzn7kx5lg9ylq8fd9p_13r0000gn/T/coverage-permission-reporter-ccysDa/.fable-build/coverage/1791110585349-4967/raw...

coverage: OK (2 production modules covered, report in /private/var/folders/g_/3ydzn7kx5lg9ylq8fd9p_13r0000gn/T/coverage-permission-reporter-ccysDa/.fable-build/coverage/1791110585349-4967/report)
coverage: running tests with NODE_V8_COVERAGE in /private/var/folders/g_/3ydzn7kx5lg9ylq8fd9p_13r0000gn/T/coverage-empty-input-runner-qpyH6N/.fable-build/coverage/1791110585495-4967/raw...

coverage: OK (2 production modules covered, report in /private/var/folders/g_/3ydzn7kx5lg9ylq8fd9p_13r0000gn/T/coverage-empty-input-runner-qpyH6N/.fable-build/coverage/1791110585495-4967/report)
coverage: running tests with NODE_V8_COVERAGE in /private/var/folders/g_/3ydzn7kx5lg9ylq8fd9p_13r0000gn/T/coverage-empty-input-reporter-Wz165y/.fable-build/coverage/1791110585603-4967/raw...

coverage: OK (2 production modules covered, report in /private/var/folders/g_/3ydzn7kx5lg9ylq8fd9p_13r0000gn/T/coverage-empty-input-reporter-Wz165y/.fable-build/coverage/1791110585603-4967/report)
coverage: running tests with NODE_V8_COVERAGE in /private/var/folders/g_/3ydzn7kx5lg9ylq8fd9p_13r0000gn/T/coverage-report-signal-DnO35x/.fable-build/coverage/signalled-report/raw...
coverage: c8 report generation failed
coverage: running tests with NODE_V8_COVERAGE in /private/var/folders/g_/3ydzn7kx5lg9ylq8fd9p_13r0000gn/T/cov-root-alias-5q5JGO/actual/.fable-build/coverage/1791110585867-4967/raw...

coverage: OK (2 production modules covered, report in /private/var/folders/g_/3ydzn7kx5lg9ylq8fd9p_13r0000gn/T/cov-root-alias-5q5JGO/actual/.fable-build/coverage/1791110585867-4967/report)
coverage: running tests with NODE_V8_COVERAGE in /private/var/folders/g_/3ydzn7kx5lg9ylq8fd9p_13r0000gn/T/cov-test-1-PTYQ1o/.fable-build/coverage/1791110585971-4967/raw...

coverage: OK (2 production modules covered, report in /private/var/folders/g_/3ydzn7kx5lg9ylq8fd9p_13r0000gn/T/cov-test-1-PTYQ1o/.fable-build/coverage/1791110585971-4967/report)
coverage: running tests with NODE_V8_COVERAGE in /private/var/folders/g_/3ydzn7kx5lg9ylq8fd9p_13r0000gn/T/cov-test-2-aJpcjO/.fable-build/coverage/1791110586076-4967/raw...

coverage: OK (2 production modules covered, report in /private/var/folders/g_/3ydzn7kx5lg9ylq8fd9p_13r0000gn/T/cov-test-2-aJpcjO/.fable-build/coverage/1791110586076-4967/report)
coverage: running tests with NODE_V8_COVERAGE in /private/var/folders/g_/3ydzn7kx5lg9ylq8fd9p_13r0000gn/T/cov-test-3-G28co6/.fable-build/coverage/1791110586183-4967/raw...

coverage: OK (3 production modules covered, report in /private/var/folders/g_/3ydzn7kx5lg9ylq8fd9p_13r0000gn/T/cov-test-3-G28co6/.fable-build/coverage/1791110586183-4967/report)
coverage: running tests with NODE_V8_COVERAGE in /private/var/folders/g_/3ydzn7kx5lg9ylq8fd9p_13r0000gn/T/cov-test-4-nh3UGv/.fable-build/coverage/1791110586291-4967/raw...

coverage: OK (2 production modules covered, report in /private/var/folders/g_/3ydzn7kx5lg9ylq8fd9p_13r0000gn/T/cov-test-4-nh3UGv/.fable-build/coverage/1791110586291-4967/report)
coverage: running tests with NODE_V8_COVERAGE in /private/var/folders/g_/3ydzn7kx5lg9ylq8fd9p_13r0000gn/T/cov-test-5-lpssPw/.fable-build/coverage/1791110586428-4967/raw...
coverage: unit tests failed (status 1)
coverage: running tests with NODE_V8_COVERAGE in /private/var/folders/g_/3ydzn7kx5lg9ylq8fd9p_13r0000gn/T/cov-test-6-YJqWrn/.fable-build/coverage/1791110586533-4967/raw...
coverage: unit tests failed (status 1)
coverage: running tests with NODE_V8_COVERAGE in /var/folders/g_/3ydzn7kx5lg9ylq8fd9p_13r0000gn/T/cov-test-7-VMdVtT/.fable-build/coverage/corrupt-run-id/raw...
coverage: raw coverage file is corrupted: coverage-corrupt.json (Unexpected token 'C', "CORRUPTED "... is not valid JSON)
coverage: running tests with NODE_V8_COVERAGE in /private/var/folders/g_/3ydzn7kx5lg9ylq8fd9p_13r0000gn/T/cov-test-8-V8r3LO/.fable-build/coverage/1791110586680-4967/raw...
coverage: reported files do not match build receipt outputs
coverage: running tests with NODE_V8_COVERAGE in /private/var/folders/g_/3ydzn7kx5lg9ylq8fd9p_13r0000gn/T/cov-test-9-sGzKdY/.fable-build/coverage/1791110586789-4967/raw...
coverage: input files changed during coverage run (INPUT_CHANGED):
  compiler: 59e40fe753c10ac810dc40249bb5d58e73060a1247de51614a5d19c8bcdc5472 -> 179370547a0f3d1fafacc3118c8d18fec6056f3e2d172ce6096f5c68429dcce2
  generated: 59e40fe753c10ac810dc40249bb5d58e73060a1247de51614a5d19c8bcdc5472 -> 179370547a0f3d1fafacc3118c8d18fec6056f3e2d172ce6096f5c68429dcce2
  artifact: 59e40fe753c10ac810dc40249bb5d58e73060a1247de51614a5d19c8bcdc5472 -> 179370547a0f3d1fafacc3118c8d18fec6056f3e2d172ce6096f5c68429dcce2

[test-summary] 1 file(s), 18 passed, 0 failed (1.80s wall, 1.73s test time)
runner: post-exit group verification/reclamation: pid=4966; elapsedMs=19.214; accepted=true
runner: 18 test(s), 1.7s of test time; max 186ms, p90 148ms, median 106ms
runner:     186ms  WHAT[verification-system-011] coverage runner awaits actual child completion without blocking its owner's permission response
runner:     148ms  WHAT[verification-system-011] coverage reporter awaits actual child completion without blocking its owner's permission response
runner:     137ms  WHAT[verification-system-011] 4. 主测试与一个正常完成的子进程覆盖不同分支: 合并后的同一文件包含两条实际路径
runner:     133ms  WHAT[verification-system-011] silent coverage reporter receives stdin EOF before actual coverage work
runner:     131ms  WHAT[verification-system-011] a signalled c8 process cannot publish success using its completed report

runner: 18 passed, 0 failed; 1/1 planned file(s) completed
