TAP version 13
# Subtest: WHAT[verification-system-021] immediate failure details print each verdict once without collapsing distinct verdicts that share an Error
not ok 1 - WHAT[verification-system-021] immediate failure details print each verdict once without collapsing distinct verdicts that share an Error
  ---
  duration_ms: 2.11175
  type: 'test'
  location: '/Users/yuanxi/Workwork/vibe-fs/requirements/verification-system/tests/021.test.mjs:103:1'
  failureType: 'testCodeFailure'
  error: |-
    
    ✖ failing tests:
    
    test at /test/a.mjs
    ✖ first failed leaf (0.000ms)
      Error: SHARED_ERROR_HAS_FOUR_DISTINCT_VERDICTS
          at TestContext.<anonymous> (file:///Users/yuanxi/Workwork/vibe-fs/requirements/verification-system/tests/021.test.mjs:104:17)
          at Test.runInAsyncScope (node:async_hooks:214:14)
          at Test.run (node:internal/test_runner/test:1047:25)
          at Test.start (node:internal/test_runner/test:944:17)
          at startSubtestAfterBootstrap (node:internal/test_runner/harness:296:17)
    
    test at /test/a.mjs
    ✖ second failed leaf (0.000ms)
      Error: SHARED_ERROR_HAS_FOUR_DISTINCT_VERDICTS
          at TestContext.<anonymous> (file:///Users/yuanxi/Workwork/vibe-fs/requirements/verification-system/tests/021.test.mjs:104:17)
          at Test.runInAsyncScope (node:async_hooks:214:14)
          at Test.run (node:internal/test_runner/test:1047:25)
          at Test.start (node:internal/test_runner/test:944:17)
          at startSubtestAfterBootstrap (node:internal/test_runner/harness:296:17)
    
    test at /test/a.mjs
    ✖ same failed suite (0.000ms)
      Error: SHARED_ERROR_HAS_FOUR_DISTINCT_VERDICTS
          at TestContext.<anonymous> (file:///Users/yuanxi/Workwork/vibe-fs/requirements/verification-system/tests/021.test.mjs:104:17)
          at Test.runInAsyncScope (node:async_hooks:214:14)
          at Test.run (node:internal/test_runner/test:1047:25)
          at Test.start (node:internal/test_runner/test:944:17)
          at startSubtestAfterBootstrap (node:internal/test_runner/harness:296:17)
    
    test at /test/a.mjs
    ✖ same failed suite (0.000ms)
      Error: SHARED_ERROR_HAS_FOUR_DISTINCT_VERDICTS
          at TestContext.<anonymous> (file:///Users/yuanxi/Workwork/vibe-fs/requirements/verification-system/tests/021.test.mjs:104:17)
          at Test.runInAsyncScope (node:async_hooks:214:14)
          at Test.run (node:internal/test_runner/test:1047:25)
          at Test.start (node:internal/test_runner/test:944:17)
          at startSubtestAfterBootstrap (node:internal/test_runner/harness:296:17)
    
    test at /test/a.mjs
    ✖ same failed suite (0.000ms)
      Error: SHARED_ERROR_HAS_FOUR_DISTINCT_VERDICTS
          at TestContext.<anonymous> (file:///Users/yuanxi/Workwork/vibe-fs/requirements/verification-system/tests/021.test.mjs:104:17)
          at Test.runInAsyncScope (node:async_hooks:214:14)
          at Test.run (node:internal/test_runner/test:1047:25)
          at Test.start (node:internal/test_runner/test:944:17)
          at startSubtestAfterBootstrap (node:internal/test_runner/harness:296:17)
    
    test at /test/a.mjs
    ✖ same failed suite (0.000ms)
      Error: SHARED_ERROR_HAS_FOUR_DISTINCT_VERDICTS
          at TestContext.<anonymous> (file:///Users/yuanxi/Workwork/vibe-fs/requirements/verification-system/tests/021.test.mjs:104:17)
          at Test.runInAsyncScope (node:async_hooks:214:14)
          at Test.run (node:internal/test_runner/test:1047:25)
          at Test.start (node:internal/test_runner/test:944:17)
          at startSubtestAfterBootstrap (node:internal/test_runner/harness:296:17)
    
    
    [test-summary] 1 file(s), 0 passed, 2 failed, 1 skipped, 1 todo, 2 failed containers (0.00s wall, 0.00s test time)
      skip: /test/a.mjs:skipped work — unavailable execution tier
      todo: /test/a.mjs:pending proof — known incomplete proof
    
    
    4 !== 2
    
  code: 'ERR_ASSERTION'
  name: 'AssertionError'
  expected: 2
  actual: 4
  operator: 'strictEqual'
  stack: |-
    TestContext.<anonymous> (file:///Users/yuanxi/Workwork/vibe-fs/requirements/verification-system/tests/021.test.mjs:133:12)
    async Test.run (node:internal/test_runner/test:1054:7)
    async startSubtestAfterBootstrap (node:internal/test_runner/harness:296:3)
  ...
1..1
# tests 1
# suites 0
# pass 0
# fail 1
# cancelled 0
# skipped 0
# todo 0
# duration_ms 70.898291
