TAP version 13
# Subtest: WHAT[verification-system-016] Fable namespace canonical parent replacement cannot authorize revalidation or foreign disposal
not ok 1 - WHAT[verification-system-016] Fable namespace canonical parent replacement cannot authorize revalidation or foreign disposal
  ---
  duration_ms: 1724.664334
  type: 'test'
  location: '/Users/yuanxi/Workwork/vibe-fs/requirements/verification-system/tests/support/fable-project-tests.mjs:392:5'
  failureType: 'testCodeFailure'
  error: |-
    Foreign replacement has the same complete bytes, modes and members
    + actual - expected
    ... Skipped lines
    
      [
        {
    +     mode: 493,
    -     mode: 448,
          path: '.',
          type: 'Directory'
        },
        {
          mode: 493,
    ...
        {
    +     mode: 493,
    -     mode: 448,
          path: 'artifacts/.hidden',
          type: 'Directory'
        },
        {
    +     mode: 493,
    -     mode: 448,
          path: 'artifacts/.hidden/nested',
          type: 'Directory'
        },
        {
          mode: 416,
    
  code: 'ERR_ASSERTION'
  name: 'AssertionError'
  expected:
    0:
      path: '.'
      type: 'Directory'
      mode: 448
    1:
      path: 'artifacts'
      type: 'Directory'
      mode: 493
    2:
      path: 'artifacts/.hidden'
      type: 'Directory'
      mode: 448
    3:
      path: 'artifacts/.hidden/nested'
      type: 'Directory'
      mode: 448
    4:
      path: 'artifacts/.hidden/nested/seed'
      type: 'File'
      mode: 416
      size: 26
      sha256: '0aaa01a7aa35057d05a147f4cc3999ea89bc797958dee5ee2d9ddd88e19a17ff'
    5:
      path: 'artifacts/obj'
      type: 'Directory'
      mode: 493
    6:
      path: 'artifacts/obj/Fixture'
      type: 'Directory'
      mode: 493
    7:
      path: 'artifacts/obj/Fixture/project.assets.json'
      type: 'File'
      mode: 420
      size: 39
      sha256: '6fded5c8334110341c6182971d6116b444a0ad92433546c04d5ff4229bb764d2'
    8:
      path: 'artifacts/packages.lock.json'
      type: 'File'
      mode: 420
      size: 44
      sha256: 'bdaeccbd86381ffc70bc6d43ad43b115a28a366ee469900e5e23953c33a7cc91'
    9:
      path: 'cache'
      type: 'Directory'
      mode: 493
    10:
      path: 'cli'
      type: 'Directory'
      mode: 493
    11:
      path: 'config'
      type: 'Directory'
      mode: 493
    12:
      path: 'data'
      type: 'Directory'
      mode: 493
    13:
      path: 'home'
      type: 'Directory'
      mode: 493
    14:
      path: 'js'
      type: 'Directory'
      mode: 493
    15:
      path: 'js/Fixture.js'
      type: 'File'
      mode: 420
      size: 24
      sha256: '7e2312f98bde5ad78527d287f8221d27a89df7d4dc5cf769348907aba416884b'
    16:
      path: 'nuget-plugins'
      type: 'Directory'
      mode: 493
    17:
      path: 'nuget-scratch'
      type: 'Directory'
      mode: 493
    18:
      path: 'packages'
      type: 'Directory'
      mode: 493
    19:
      path: 'state'
      type: 'Directory'
      mode: 493
    20:
      path: 'tmp'
      type: 'Directory'
      mode: 493
  actual:
    0:
      path: '.'
      type: 'Directory'
      mode: 493
    1:
      path: 'artifacts'
      type: 'Directory'
      mode: 493
    2:
      path: 'artifacts/.hidden'
      type: 'Directory'
      mode: 493
    3:
      path: 'artifacts/.hidden/nested'
      type: 'Directory'
      mode: 493
    4:
      path: 'artifacts/.hidden/nested/seed'
      type: 'File'
      mode: 416
      size: 26
      sha256: '0aaa01a7aa35057d05a147f4cc3999ea89bc797958dee5ee2d9ddd88e19a17ff'
    5:
      path: 'artifacts/obj'
      type: 'Directory'
      mode: 493
    6:
      path: 'artifacts/obj/Fixture'
      type: 'Directory'
      mode: 493
    7:
      path: 'artifacts/obj/Fixture/project.assets.json'
      type: 'File'
      mode: 420
      size: 39
      sha256: '6fded5c8334110341c6182971d6116b444a0ad92433546c04d5ff4229bb764d2'
    8:
      path: 'artifacts/packages.lock.json'
      type: 'File'
      mode: 420
      size: 44
      sha256: 'bdaeccbd86381ffc70bc6d43ad43b115a28a366ee469900e5e23953c33a7cc91'
    9:
      path: 'cache'
      type: 'Directory'
      mode: 493
    10:
      path: 'cli'
      type: 'Directory'
      mode: 493
    11:
      path: 'config'
      type: 'Directory'
      mode: 493
    12:
      path: 'data'
      type: 'Directory'
      mode: 493
    13:
      path: 'home'
      type: 'Directory'
      mode: 493
    14:
      path: 'js'
      type: 'Directory'
      mode: 493
    15:
      path: 'js/Fixture.js'
      type: 'File'
      mode: 420
      size: 24
      sha256: '7e2312f98bde5ad78527d287f8221d27a89df7d4dc5cf769348907aba416884b'
    16:
      path: 'nuget-plugins'
      type: 'Directory'
      mode: 493
    17:
      path: 'nuget-scratch'
      type: 'Directory'
      mode: 493
    18:
      path: 'packages'
      type: 'Directory'
      mode: 493
    19:
      path: 'state'
      type: 'Directory'
      mode: 493
    20:
      path: 'tmp'
      type: 'Directory'
      mode: 493
  operator: 'deepStrictEqual'
  stack: |-
    file:///Users/yuanxi/Workwork/vibe-fs/requirements/verification-system/tests/support/fable-project-tests.mjs:410:18
    file:///Users/yuanxi/Workwork/vibe-fs/requirements/verification-system/tests/support/fable-project-tests.mjs:192:13
    async withCompileFixture (file:///Users/yuanxi/Workwork/vibe-fs/requirements/verification-system/tests/support/fable-project-tests.mjs:150:5)
    async withCompiledFixture (file:///Users/yuanxi/Workwork/vibe-fs/requirements/verification-system/tests/support/fable-project-tests.mjs:187:3)
    async TestContext.<anonymous> (file:///Users/yuanxi/Workwork/vibe-fs/requirements/verification-system/tests/support/fable-project-tests.mjs:393:7)
    async Test.run (node:internal/test_runner/test:1054:7)
    async startSubtestAfterBootstrap (node:internal/test_runner/harness:296:3)
  ...
# Subtest: WHAT[verification-system-016] Fable namespace ordinary root replacement cannot authorize revalidation or foreign disposal
not ok 2 - WHAT[verification-system-016] Fable namespace ordinary root replacement cannot authorize revalidation or foreign disposal
  ---
  duration_ms: 757.140166
  type: 'test'
  location: '/Users/yuanxi/Workwork/vibe-fs/requirements/verification-system/tests/support/fable-project-tests.mjs:392:5'
  failureType: 'testCodeFailure'
  error: |-
    Foreign replacement has the same complete bytes, modes and members
    + actual - expected
    ... Skipped lines
    
      [
        {
    +     mode: 493,
    -     mode: 448,
          path: '.',
          type: 'Directory'
        },
        {
          mode: 493,
    ...
        {
    +     mode: 493,
    -     mode: 448,
          path: 'artifacts/.hidden',
          type: 'Directory'
        },
        {
    +     mode: 493,
    -     mode: 448,
          path: 'artifacts/.hidden/nested',
          type: 'Directory'
        },
        {
          mode: 416,
    
  code: 'ERR_ASSERTION'
  name: 'AssertionError'
  expected:
    0:
      path: '.'
      type: 'Directory'
      mode: 448
    1:
      path: 'artifacts'
      type: 'Directory'
      mode: 493
    2:
      path: 'artifacts/.hidden'
      type: 'Directory'
      mode: 448
    3:
      path: 'artifacts/.hidden/nested'
      type: 'Directory'
      mode: 448
    4:
      path: 'artifacts/.hidden/nested/seed'
      type: 'File'
      mode: 416
      size: 26
      sha256: '0aaa01a7aa35057d05a147f4cc3999ea89bc797958dee5ee2d9ddd88e19a17ff'
    5:
      path: 'artifacts/obj'
      type: 'Directory'
      mode: 493
    6:
      path: 'artifacts/obj/Fixture'
      type: 'Directory'
      mode: 493
    7:
      path: 'artifacts/obj/Fixture/project.assets.json'
      type: 'File'
      mode: 420
      size: 39
      sha256: '6fded5c8334110341c6182971d6116b444a0ad92433546c04d5ff4229bb764d2'
    8:
      path: 'artifacts/packages.lock.json'
      type: 'File'
      mode: 420
      size: 44
      sha256: 'bdaeccbd86381ffc70bc6d43ad43b115a28a366ee469900e5e23953c33a7cc91'
    9:
      path: 'cache'
      type: 'Directory'
      mode: 493
    10:
      path: 'cli'
      type: 'Directory'
      mode: 493
    11:
      path: 'config'
      type: 'Directory'
      mode: 493
    12:
      path: 'data'
      type: 'Directory'
      mode: 493
    13:
      path: 'home'
      type: 'Directory'
      mode: 493
    14:
      path: 'js'
      type: 'Directory'
      mode: 493
    15:
      path: 'js/Fixture.js'
      type: 'File'
      mode: 420
      size: 24
      sha256: '7e2312f98bde5ad78527d287f8221d27a89df7d4dc5cf769348907aba416884b'
    16:
      path: 'nuget-plugins'
      type: 'Directory'
      mode: 493
    17:
      path: 'nuget-scratch'
      type: 'Directory'
      mode: 493
    18:
      path: 'packages'
      type: 'Directory'
      mode: 493
    19:
      path: 'state'
      type: 'Directory'
      mode: 493
    20:
      path: 'tmp'
      type: 'Directory'
      mode: 493
  actual:
    0:
      path: '.'
      type: 'Directory'
      mode: 493
    1:
      path: 'artifacts'
      type: 'Directory'
      mode: 493
    2:
      path: 'artifacts/.hidden'
      type: 'Directory'
      mode: 493
    3:
      path: 'artifacts/.hidden/nested'
      type: 'Directory'
      mode: 493
    4:
      path: 'artifacts/.hidden/nested/seed'
      type: 'File'
      mode: 416
      size: 26
      sha256: '0aaa01a7aa35057d05a147f4cc3999ea89bc797958dee5ee2d9ddd88e19a17ff'
    5:
      path: 'artifacts/obj'
      type: 'Directory'
      mode: 493
    6:
      path: 'artifacts/obj/Fixture'
      type: 'Directory'
      mode: 493
    7:
      path: 'artifacts/obj/Fixture/project.assets.json'
      type: 'File'
      mode: 420
      size: 39
      sha256: '6fded5c8334110341c6182971d6116b444a0ad92433546c04d5ff4229bb764d2'
    8:
      path: 'artifacts/packages.lock.json'
      type: 'File'
      mode: 420
      size: 44
      sha256: 'bdaeccbd86381ffc70bc6d43ad43b115a28a366ee469900e5e23953c33a7cc91'
    9:
      path: 'cache'
      type: 'Directory'
      mode: 493
    10:
      path: 'cli'
      type: 'Directory'
      mode: 493
    11:
      path: 'config'
      type: 'Directory'
      mode: 493
    12:
      path: 'data'
      type: 'Directory'
      mode: 493
    13:
      path: 'home'
      type: 'Directory'
      mode: 493
    14:
      path: 'js'
      type: 'Directory'
      mode: 493
    15:
      path: 'js/Fixture.js'
      type: 'File'
      mode: 420
      size: 24
      sha256: '7e2312f98bde5ad78527d287f8221d27a89df7d4dc5cf769348907aba416884b'
    16:
      path: 'nuget-plugins'
      type: 'Directory'
      mode: 493
    17:
      path: 'nuget-scratch'
      type: 'Directory'
      mode: 493
    18:
      path: 'packages'
      type: 'Directory'
      mode: 493
    19:
      path: 'state'
      type: 'Directory'
      mode: 493
    20:
      path: 'tmp'
      type: 'Directory'
      mode: 493
  operator: 'deepStrictEqual'
  stack: |-
    file:///Users/yuanxi/Workwork/vibe-fs/requirements/verification-system/tests/support/fable-project-tests.mjs:410:18
    file:///Users/yuanxi/Workwork/vibe-fs/requirements/verification-system/tests/support/fable-project-tests.mjs:192:13
    process.processTicksAndRejections (node:internal/process/task_queues:103:5)
    async withCompileFixture (file:///Users/yuanxi/Workwork/vibe-fs/requirements/verification-system/tests/support/fable-project-tests.mjs:150:5)
    async withCompiledFixture (file:///Users/yuanxi/Workwork/vibe-fs/requirements/verification-system/tests/support/fable-project-tests.mjs:187:3)
    async TestContext.<anonymous> (file:///Users/yuanxi/Workwork/vibe-fs/requirements/verification-system/tests/support/fable-project-tests.mjs:393:7)
    async Test.run (node:internal/test_runner/test:1054:7)
    async Test.processPendingSubtests (node:internal/test_runner/test:744:7)
  ...
1..2
# tests 2
# suites 0
# pass 0
# fail 2
# cancelled 0
# skipped 0
# todo 0
# duration_ms 2593.258
