TAP version 13
# Subtest: WHAT[verification-system-006] silence termination reclaims an actual detached tool and its descendant while preserving the caller's foreign group
not ok 1 - WHAT[verification-system-006] silence termination reclaims an actual detached tool and its descendant while preserving the caller's foreign group
  ---
  duration_ms: 3369.313375
  type: 'test'
  location: '/Users/yuanxi/Workwork/vibe-fs/requirements/verification-system/tests/support/supervised-tool-reclamation-tests.mjs:41:3'
  failureType: 'testCodeFailure'
  error: |-
    The actual detached tool group must already be empty when its caller catches failure
    runner: 1 test file(s), 1000ms verdict-silence window
    WATCHDOG: 'detached-tool-reclamation' silent for 1003ms (limit 1000ms); 0 blocking progress update(s), last progress: start lane=startup expectation=none
    runner: 1 file(s) had not reported completion
    runner: file streams: 0 drained, 1 active, 0 queued
    runner: active file ../../../../var/folders/g_/3ydzn7kx5lg9ylq8fd9p_13r0000gn/T/supervised-tool-reclamation-CevFpF/held.fixture.mjs; waiting for stream drain; last verdict: none received
    runner: verdict counts unavailable; no authoritative summary before the silence
    runner: Could not complete owned runner termination: spawnSync ps ETIMEDOUT
    runner: post-exit group verification/reclamation: pid=26774; elapsedMs=112.272; accepted=true
    
    runner: verdict counts unavailable; no authoritative summary; 0/1 planned file(s) completed
    file:///Users/yuanxi/Workwork/vibe-fs/requirements/verification-system/tests/e2e/support/supervise-node-test.mjs:215
        throw Object.assign(new Error(`${logPrefix}: supervised suite failed (exit ${code})`), { exitCode: code })
                            ^
    
    Error: runner: supervised suite failed (exit 1)
        at fail (file:///Users/yuanxi/Workwork/vibe-fs/requirements/verification-system/tests/e2e/support/supervise-node-test.mjs:215:25)
        at superviseOwnedNodeTest (file:///Users/yuanxi/Workwork/vibe-fs/requirements/verification-system/tests/e2e/support/supervise-node-test.mjs:391:39)
        at async superviseNodeTest (file:///Users/yuanxi/Workwork/vibe-fs/requirements/verification-system/tests/e2e/support/supervise-node-test.mjs:193:14)
        at async file:///private/var/folders/g_/3ydzn7kx5lg9ylq8fd9p_13r0000gn/T/supervised-tool-reclamation-CevFpF/supervise.mjs:40:5 {
      exitCode: 1
    }
    
    Node.js v22.23.3
    
    + actual - expected
    
    + [
    +   {
    +     pgid: 26777,
    +     pid: 26777,
    +     state: 'Ss'
    +   },
    +   {
    +     pgid: 26777,
    +     pid: 26778,
    +     state: 'S'
    +   }
    + ]
    - []
    
  code: 'ERR_ASSERTION'
  name: 'AssertionError'
  expected:
  actual:
    0:
      pid: 26777
      pgid: 26777
      state: 'Ss'
    1:
      pid: 26778
      pgid: 26777
      state: 'S'
  operator: 'deepStrictEqual'
  stack: |-
    fail (file:///Users/yuanxi/Workwork/vibe-fs/requirements/verification-system/tests/e2e/support/supervise-node-test.mjs:215:25)
    superviseOwnedNodeTest (file:///Users/yuanxi/Workwork/vibe-fs/requirements/verification-system/tests/e2e/support/supervise-node-test.mjs:391:39)
    async superviseNodeTest (file:///Users/yuanxi/Workwork/vibe-fs/requirements/verification-system/tests/e2e/support/supervise-node-test.mjs:193:14)
    async file:///private/var/folders/g_/3ydzn7kx5lg9ylq8fd9p_13r0000gn/T/supervised-tool-reclamation-CevFpF/supervise.mjs:40:5 {
    TestContext.<anonymous> (file:///Users/yuanxi/Workwork/vibe-fs/requirements/verification-system/tests/support/supervised-tool-reclamation-tests.mjs:175:14)
    async Test.run (node:internal/test_runner/test:1054:7)
    async startSubtestAfterBootstrap (node:internal/test_runner/harness:296:3)
  ...
1..1
# tests 1
# suites 0
# pass 0
# fail 1
# cancelled 0
# skipped 0
# todo 0
# duration_ms 5466.169916
