TAP version 13
# Subtest: WHAT[relay-assessment-002] changed public narrative binding rejects replay without changing the accepted facts
not ok 1 - WHAT[relay-assessment-002] changed public narrative binding rejects replay without changing the accepted facts
  ---
  duration_ms: 862.868416
  type: 'test'
  location: '/Users/yuanxi/Workwork/vibe-fs/requirements/relay-assessment/tests/002.test.mjs:84:1'
  failureType: 'testCodeFailure'
  error: |-
    The input did not match the regular expression /recorded = false/. Input:
    
    '# The reviewed defects are now entrusted to you. Review-only read tools are now disabled; do not inspect, search, or process repository code yourself anymore. Arrange source changes and test writing through Engineer (note that Engineer has no bash access; git, compile, and test operations cannot be performed). Real command execution, git operations, compilation, and test verification can only be performed by resuming the fixed DevOps (name = `devops`) for authorized execution, direct ordinary repair, and checks against the final changed state.\n' +
      '# Record real mission obligations with todowrite; do not edit, execute, use Fission, or inspect code yourself. When no useful authorized\n' +
      '# work remains, have owned execution resources settled and request closure with suicide; never call review again.\n' +
      '\n' +
      'recorded = true\n'
    
  code: 'ERR_ASSERTION'
  name: 'AssertionError'
  expected:
  actual: |-
    # The reviewed defects are now entrusted to you. Review-only read tools are now disabled; do not inspect, search, or process repository code yourself anymore. Arrange source changes and test writing through Engineer (note that Engineer has no bash access; git, compile, and test operations cannot be performed). Real command execution, git operations, compilation, and test verification can only be performed by resuming the fixed DevOps (name = `devops`) for authorized execution, direct ordinary repair, and checks against the final changed state.
    # Record real mission obligations with todowrite; do not edit, execute, use Fission, or inspect code yourself. When no useful authorized
    # work remains, have owned execution resources settled and request closure with suicide; never call review again.
    
    recorded = true
    
  operator: 'match'
  stack: |-
    file:///Users/yuanxi/Workwork/vibe-fs/requirements/relay-assessment/tests/002.test.mjs:108:14
    async file:///Users/yuanxi/Workwork/vibe-fs/requirements/relay-assessment/tests/support/plugin.mjs:29:3
    async withExecutablePlugin (file:///Users/yuanxi/Workwork/vibe-fs/requirements/verification-system/tests/support/plugin-fixture.mjs:274:7)
    async TestContext.<anonymous> (file:///Users/yuanxi/Workwork/vibe-fs/requirements/relay-assessment/tests/002.test.mjs:85:3)
    async Test.run (node:internal/test_runner/test:1054:7)
    async startSubtestAfterBootstrap (node:internal/test_runner/harness:296:3)
  ...
1..1
# tests 1
# suites 0
# pass 0
# fail 1
# cancelled 0
# skipped 0
# todo 0
# duration_ms 1025.035542
