TAP version 13
# Subtest: WHAT[verification-system-016] Fable compilation requires four prepared input owners before publishing an output
ok 1 - WHAT[verification-system-016] Fable compilation requires four prepared input owners before publishing an output
  ---
  duration_ms: 1.99625
  type: 'test'
  ...
# Subtest: WHAT[verification-system-016] Fable compilation rejects a mismatched source tree before executing
ok 2 - WHAT[verification-system-016] Fable compilation rejects a mismatched source tree before executing
  ---
  duration_ms: 255.851333
  type: 'test'
  ...
# Subtest: WHAT[verification-system-016] Fable compilation rejects a mismatched source digest before executing
ok 3 - WHAT[verification-system-016] Fable compilation rejects a mismatched source digest before executing
  ---
  duration_ms: 284.509
  type: 'test'
  ...
# Subtest: WHAT[verification-system-016] Fable compilation rejects a mismatched project SDK before executing
ok 4 - WHAT[verification-system-016] Fable compilation rejects a mismatched project SDK before executing
  ---
  duration_ms: 326.540083
  type: 'test'
  ...
# Subtest: WHAT[verification-system-016] Fable compilation rejects a mismatched tools SDK before executing
ok 5 - WHAT[verification-system-016] Fable compilation rejects a mismatched tools SDK before executing
  ---
  duration_ms: 217.099208
  type: 'test'
  ...
# Subtest: WHAT[verification-system-016] Fable compilation rejects a mismatched original global before executing
ok 6 - WHAT[verification-system-016] Fable compilation rejects a mismatched original global before executing
  ---
  duration_ms: 207.746083
  type: 'test'
  ...
# Subtest: WHAT[verification-system-016] Fable compilation rejects a mismatched original tool manifest before executing
ok 7 - WHAT[verification-system-016] Fable compilation rejects a mismatched original tool manifest before executing
  ---
  duration_ms: 212.545083
  type: 'test'
  ...
# Subtest: WHAT[verification-system-016] Fable compilation rejects a missing selected Fable role before executing
ok 8 - WHAT[verification-system-016] Fable compilation rejects a missing selected Fable role before executing
  ---
  duration_ms: 216.646959
  type: 'test'
  ...
# Subtest: WHAT[verification-system-016] Fable compilation rejects a duplicate selected Fable role before executing
ok 9 - WHAT[verification-system-016] Fable compilation rejects a duplicate selected Fable role before executing
  ---
  duration_ms: 210.888916
  type: 'test'
  ...
# Subtest: WHAT[verification-system-016] Fable compilation rejects a foreign selected Fable role before executing
ok 10 - WHAT[verification-system-016] Fable compilation rejects a foreign selected Fable role before executing
  ---
  duration_ms: 208.751333
  type: 'test'
  ...
# Subtest: WHAT[verification-system-016] selected Fable compilation preserves caller inputs and binds the seeded private output inventory
ok 11 - WHAT[verification-system-016] selected Fable compilation preserves caller inputs and binds the seeded private output inventory
  ---
  duration_ms: 2944.104459
  type: 'test'
  ...
# Subtest: WHAT[verification-system-016] Fable compilation rejects empty JavaScript output without publication
ok 12 - WHAT[verification-system-016] Fable compilation rejects empty JavaScript output without publication
  ---
  duration_ms: 848.15675
  type: 'test'
  ...
# Subtest: WHAT[verification-system-016] Fable compilation rejects linked JavaScript output without publication
ok 13 - WHAT[verification-system-016] Fable compilation rejects linked JavaScript output without publication
  ---
  duration_ms: 1395.573667
  type: 'test'
  ...
# Subtest: WHAT[verification-system-016] Fable process failure retains its physical cause and reclaims only compile output
ok 14 - WHAT[verification-system-016] Fable process failure retains its physical cause and reclaims only compile output
  ---
  duration_ms: 855.903167
  type: 'test'
  ...
# Subtest: WHAT[verification-system-016] early Fable cancellation preserves Error without reading absent owners
ok 15 - WHAT[verification-system-016] early Fable cancellation preserves Error without reading absent owners
  ---
  duration_ms: 0.297375
  type: 'test'
  ...
# Subtest: WHAT[verification-system-016] early Fable cancellation preserves null without reading absent owners
ok 16 - WHAT[verification-system-016] early Fable cancellation preserves null without reading absent owners
  ---
  duration_ms: 0.069125
  type: 'test'
  ...
# Subtest: WHAT[verification-system-016] compilation rejects source input changed by the actual selected consumer without publication
ok 17 - WHAT[verification-system-016] compilation rejects source input changed by the actual selected consumer without publication
  ---
  duration_ms: 822.098583
  type: 'test'
  ...
# Subtest: WHAT[verification-system-016] compilation rejects sdk input changed by the actual selected consumer without publication
ok 18 - WHAT[verification-system-016] compilation rejects sdk input changed by the actual selected consumer without publication
  ---
  duration_ms: 864.083417
  type: 'test'
  ...
# Subtest: WHAT[verification-system-016] compilation rejects tools input changed by the actual selected consumer without publication
ok 19 - WHAT[verification-system-016] compilation rejects tools input changed by the actual selected consumer without publication
  ---
  duration_ms: 883.408334
  type: 'test'
  ...
# Subtest: WHAT[verification-system-016] compilation rejects project input changed by the actual selected consumer without publication
ok 20 - WHAT[verification-system-016] compilation rejects project input changed by the actual selected consumer without publication
  ---
  duration_ms: 1283.140166
  type: 'test'
  ...
# Subtest: WHAT[verification-system-016] held Fable compilation preserves Error cancellation and drains the actual process group
ok 21 - WHAT[verification-system-016] held Fable compilation preserves Error cancellation and drains the actual process group
  ---
  duration_ms: 846.58925
  type: 'test'
  ...
# Subtest: WHAT[verification-system-016] held Fable compilation preserves null cancellation and drains the actual process group
ok 22 - WHAT[verification-system-016] held Fable compilation preserves null cancellation and drains the actual process group
  ---
  duration_ms: 947.703833
  type: 'test'
  ...
# Subtest: WHAT[verification-system-016] Fable namespace cancellation preserves Error and reports refused foreign cleanup
ok 23 - WHAT[verification-system-016] Fable namespace cancellation preserves Error and reports refused foreign cleanup
  ---
  duration_ms: 1416.176292
  type: 'test'
  ...
# Subtest: WHAT[verification-system-016] Fable namespace cancellation preserves null and reports refused foreign cleanup
ok 24 - WHAT[verification-system-016] Fable namespace cancellation preserves null and reports refused foreign cleanup
  ---
  duration_ms: 1897.048792
  type: 'test'
  ...
# Subtest: WHAT[verification-system-016] changed public compileRoot cannot borrow the captured compile identity or redirect disposal
ok 25 - WHAT[verification-system-016] changed public compileRoot cannot borrow the captured compile identity or redirect disposal
  ---
  duration_ms: 951.784459
  type: 'test'
  ...
# Subtest: WHAT[verification-system-016] changed public compileDigest cannot borrow the captured compile identity or redirect disposal
ok 26 - WHAT[verification-system-016] changed public compileDigest cannot borrow the captured compile identity or redirect disposal
  ---
  duration_ms: 883.660208
  type: 'test'
  ...
# Subtest: WHAT[verification-system-016] Fable namespace canonical parent replacement cannot authorize revalidation or foreign disposal
ok 27 - WHAT[verification-system-016] Fable namespace canonical parent replacement cannot authorize revalidation or foreign disposal
  ---
  duration_ms: 1044.152084
  type: 'test'
  ...
# Subtest: WHAT[verification-system-016] Fable namespace ordinary root replacement cannot authorize revalidation or foreign disposal
ok 28 - WHAT[verification-system-016] Fable namespace ordinary root replacement cannot authorize revalidation or foreign disposal
  ---
  duration_ms: 912.017583
  type: 'test'
  ...
# Subtest: WHAT[verification-system-016] Fable namespace missing root under a replaced parent cannot claim completed disposal
ok 29 - WHAT[verification-system-016] Fable namespace missing root under a replaced parent cannot claim completed disposal
  ---
  duration_ms: 909.68425
  type: 'test'
  ...
# Subtest: WHAT[verification-system-016] compiled JavaScript revalidation rejects bytes, mode, added and missing output members
    # Subtest: bytes
    ok 1 - bytes
      ---
      duration_ms: 3.612459
      type: 'test'
      ...
    # Subtest: mode
    ok 2 - mode
      ---
      duration_ms: 2.956417
      type: 'test'
      ...
    # Subtest: added
    ok 3 - added
      ---
      duration_ms: 3.873375
      type: 'test'
      ...
    # Subtest: missing
    ok 4 - missing
      ---
      duration_ms: 2.784083
      type: 'test'
      ...
    1..4
ok 30 - WHAT[verification-system-016] compiled JavaScript revalidation rejects bytes, mode, added and missing output members
  ---
  duration_ms: 1427.629625
  type: 'test'
  ...
1..30
# tests 34
# suites 0
# pass 34
# fail 0
# cancelled 0
# skipped 0
# todo 0
# duration_ms 23399.930458
