TAP version 13
# Subtest: WHAT[verification-system-016] Node and npm role admission rejects invalid structure before archive reads or root allocation
    # Subtest: WHAT[verification-system-016] outside Node path fails with the typed role error before reading a missing archive
    ok 1 - WHAT[verification-system-016] outside Node path fails with the typed role error before reading a missing archive
      ---
      duration_ms: 1.452042
      type: 'test'
      ...
    # Subtest: WHAT[verification-system-016] Node traversal alias fails with the typed role error before reading a missing archive
    ok 2 - WHAT[verification-system-016] Node traversal alias fails with the typed role error before reading a missing archive
      ---
      duration_ms: 0.180667
      type: 'test'
      ...
    # Subtest: WHAT[verification-system-016] non-string Node role fails with the typed role error before reading a missing archive
    ok 3 - WHAT[verification-system-016] non-string Node role fails with the typed role error before reading a missing archive
      ---
      duration_ms: 0.092334
      type: 'test'
      ...
    # Subtest: WHAT[verification-system-016] absolute npm path fails with the typed role error before reading a missing archive
    ok 4 - WHAT[verification-system-016] absolute npm path fails with the typed role error before reading a missing archive
      ---
      duration_ms: 0.11625
      type: 'test'
      ...
    # Subtest: WHAT[verification-system-016] npm role outside its package fails with the typed role error before reading a missing archive
    ok 5 - WHAT[verification-system-016] npm role outside its package fails with the typed role error before reading a missing archive
      ---
      duration_ms: 0.138875
      type: 'test'
      ...
    # Subtest: WHAT[verification-system-016] npm traversal alias fails with the typed role error before reading a missing archive
    ok 6 - WHAT[verification-system-016] npm traversal alias fails with the typed role error before reading a missing archive
      ---
      duration_ms: 0.091583
      type: 'test'
      ...
    # Subtest: WHAT[verification-system-016] empty npm role fails with the typed role error before reading a missing archive
    ok 7 - WHAT[verification-system-016] empty npm role fails with the typed role error before reading a missing archive
      ---
      duration_ms: 0.084084
      type: 'test'
      ...
    # Subtest: WHAT[verification-system-016] already cancelled role admission preserves Error before role validation
    ok 8 - WHAT[verification-system-016] already cancelled role admission preserves Error before role validation
      ---
      duration_ms: 0.269292
      type: 'test'
      ...
    # Subtest: WHAT[verification-system-016] already cancelled role admission preserves null before role validation
    ok 9 - WHAT[verification-system-016] already cancelled role admission preserves null before role validation
      ---
      duration_ms: 0.303625
      type: 'test'
      ...
    1..9
ok 1 - WHAT[verification-system-016] Node and npm role admission rejects invalid structure before archive reads or root allocation
  ---
  duration_ms: 4.528
  type: 'test'
  ...
1..1
# tests 10
# suites 0
# pass 10
# fail 0
# cancelled 0
# skipped 0
# todo 0
# duration_ms 119.013584
