TAP version 13
# Subtest: WHAT[verification-system-016] selected Node and complete npm bundle preparation binds actual probes without borrowing ambient configuration
    # Subtest: WHAT[verification-system-016] the formal fixture captures an explicit complete npm package and actual selected Node binary
    ok 1 - WHAT[verification-system-016] the formal fixture captures an explicit complete npm package and actual selected Node binary
      ---
      duration_ms: 880.715
      type: 'test'
      ...
    # Subtest: WHAT[verification-system-016] wrong selected tool archive digest publishes no candidate
    ok 2 - WHAT[verification-system-016] wrong selected tool archive digest publishes no candidate
      ---
      duration_ms: 66.721625
      type: 'test'
      ...
    # Subtest: WHAT[verification-system-016] tool role paths reject aliases and npm entrypoints outside the selected npm package
    ok 3 - WHAT[verification-system-016] tool role paths reject aliases and npm entrypoints outside the selected npm package
      ---
      duration_ms: 661.321042
      type: 'test'
      ...
    # Subtest: WHAT[verification-system-016] actual bundled Node and npm probes ignore hostile ambient HOME launchers and npm configuration
    ok 4 - WHAT[verification-system-016] actual bundled Node and npm probes ignore hostile ambient HOME launchers and npm configuration
      ---
      duration_ms: 2784.17575
      type: 'test'
      ...
    # Subtest: WHAT[verification-system-016] a missing declared npm library cannot be borrowed from the candidate parent directory by the actual npm CLI
    ok 5 - WHAT[verification-system-016] a missing declared npm library cannot be borrowed from the candidate parent directory by the actual npm CLI
      ---
      duration_ms: 965.2515
      type: 'test'
      ...
    # Subtest: WHAT[verification-system-016] complete root npm dependencies cannot conceal a missing declared transitive production library
    ok 6 - WHAT[verification-system-016] complete root npm dependencies cannot conceal a missing declared transitive production library
      ---
      duration_ms: 843.014209
      type: 'test'
      ...
    # Subtest: WHAT[verification-system-016] a valid selected archive missing an npm required module fails the actual npm probe and reclaims its private resources
    ok 7 - WHAT[verification-system-016] a valid selected archive missing an npm required module fails the actual npm probe and reclaims its private resources
      ---
      duration_ms: 2038.929958
      type: 'test'
      ...
    # Subtest: WHAT[verification-system-016] an internal symbolic Node entrypoint cannot stand in for the selected executable file
    ok 8 - WHAT[verification-system-016] an internal symbolic Node entrypoint cannot stand in for the selected executable file
      ---
      duration_ms: 753.679625
      type: 'test'
      ...
    # Subtest: WHAT[verification-system-016] a non-executable selected Node file cannot authorize a tool probe
    ok 9 - WHAT[verification-system-016] a non-executable selected Node file cannot authorize a tool probe
      ---
      duration_ms: 750.115833
      type: 'test'
      ...
    # Subtest: WHAT[verification-system-016] an actual npm CLI that adds an unselected file before reporting its real version cannot publish the original bundle identity
    ok 10 - WHAT[verification-system-016] an actual npm CLI that adds an unselected file before reporting its real version cannot publish the original bundle identity
      ---
      duration_ms: 1991.798458
      type: 'test'
      ...
    # Subtest: WHAT[verification-system-016] a held actual npm probe preserves Error cancellation and drains its process group
    not ok 11 - WHAT[verification-system-016] a held actual npm probe preserves Error cancellation and drains its process group
      ---
      duration_ms: 688.342416
      type: 'test'
      location: '/Users/yuanxi/Workwork/vibe-fs/requirements/verification-system/tests/support/node-tool-candidate-tests.mjs:231:17'
      failureType: 'uncaughtException'
      error: 'EMFILE: too many open files, watch'
      code: 'EMFILE'
      stack: |-
        FSWatcher._handle.onchange (node:internal/fs/watchers:214:21)
      ...
    # Subtest: WHAT[verification-system-016] a held actual npm probe preserves null cancellation and drains its process group
    not ok 12 - WHAT[verification-system-016] a held actual npm probe preserves null cancellation and drains its process group
      ---
      duration_ms: 717.726417
      type: 'test'
      location: '/Users/yuanxi/Workwork/vibe-fs/requirements/verification-system/tests/support/node-tool-candidate-tests.mjs:231:17'
      failureType: 'uncaughtException'
      error: 'EMFILE: too many open files, watch'
      code: 'EMFILE'
      stack: |-
        FSWatcher._handle.onchange (node:internal/fs/watchers:214:21)
      ...
    # Subtest: WHAT[verification-system-016] already aborted tool preparation preserves Error before reading a missing archive
    not ok 13 - WHAT[verification-system-016] already aborted tool preparation preserves Error before reading a missing archive
      ---
      duration_ms: 1.779958
      type: 'test'
      location: '/Users/yuanxi/Workwork/vibe-fs/requirements/verification-system/tests/support/node-tool-candidate-tests.mjs:287:17'
      failureType: 'testCodeFailure'
      error: |-
        Expected values to be strictly deep-equal:
        + actual - expected
        
        + [
        +   'verification-archive-NH1vS1',
        +   'verification-archive-w55v1q',
        +   'verification-tool-probe-cbUdke',
        +   'verification-tool-probe-sNNBDe'
        + ]
        - []
        
      code: 'ERR_ASSERTION'
      name: 'AssertionError'
      expected:
      actual:
        0: 'verification-archive-NH1vS1'
        1: 'verification-archive-w55v1q'
        2: 'verification-tool-probe-cbUdke'
        3: 'verification-tool-probe-sNNBDe'
      operator: 'deepStrictEqual'
      stack: |-
        TestContext.<anonymous> (file:///Users/yuanxi/Workwork/vibe-fs/requirements/verification-system/tests/support/node-tool-candidate-tests.mjs:293:18)
        async Test.run (node:internal/test_runner/test:1054:7)
        async TestContext.<anonymous> (file:///Users/yuanxi/Workwork/vibe-fs/requirements/verification-system/tests/support/node-tool-candidate-tests.mjs:287:9)
        async Test.run (node:internal/test_runner/test:1054:7)
        async startSubtestAfterBootstrap (node:internal/test_runner/harness:296:3)
      ...
    # Subtest: WHAT[verification-system-016] already aborted tool preparation preserves null before reading a missing archive
    not ok 14 - WHAT[verification-system-016] already aborted tool preparation preserves null before reading a missing archive
      ---
      duration_ms: 0.238125
      type: 'test'
      location: '/Users/yuanxi/Workwork/vibe-fs/requirements/verification-system/tests/support/node-tool-candidate-tests.mjs:287:17'
      failureType: 'testCodeFailure'
      error: |-
        Expected values to be strictly deep-equal:
        + actual - expected
        
        + [
        +   'verification-archive-NH1vS1',
        +   'verification-archive-w55v1q',
        +   'verification-tool-probe-cbUdke',
        +   'verification-tool-probe-sNNBDe'
        + ]
        - []
        
      code: 'ERR_ASSERTION'
      name: 'AssertionError'
      expected:
      actual:
        0: 'verification-archive-NH1vS1'
        1: 'verification-archive-w55v1q'
        2: 'verification-tool-probe-cbUdke'
        3: 'verification-tool-probe-sNNBDe'
      operator: 'deepStrictEqual'
      stack: |-
        TestContext.<anonymous> (file:///Users/yuanxi/Workwork/vibe-fs/requirements/verification-system/tests/support/node-tool-candidate-tests.mjs:293:18)
        async Test.run (node:internal/test_runner/test:1054:7)
        async TestContext.<anonymous> (file:///Users/yuanxi/Workwork/vibe-fs/requirements/verification-system/tests/support/node-tool-candidate-tests.mjs:287:9)
        async Test.run (node:internal/test_runner/test:1054:7)
        async startSubtestAfterBootstrap (node:internal/test_runner/harness:296:3)
      ...
    1..14
not ok 1 - WHAT[verification-system-016] selected Node and complete npm bundle preparation binds actual probes without borrowing ambient configuration
  ---
  duration_ms: 13566.950292
  type: 'test'
  location: '/Users/yuanxi/Workwork/vibe-fs/requirements/verification-system/tests/support/node-tool-candidate-tests.mjs:81:3'
  failureType: 'subtestsFailed'
  error: '4 subtests failed'
  code: 'ERR_TEST_FAILURE'
  ...
1..1
# tests 15
# suites 0
# pass 10
# fail 5
# cancelled 0
# skipped 0
# todo 0
# duration_ms 13688.573209
