TAP version 13
# Subtest: WHAT[verification-system-006] owned tool monitoring preserves actual terminals and rejects missing control evidence
    # Subtest: WHAT[verification-system-006] empty PATH preserves exact selected environment and actual independent process group
    not ok 1 - WHAT[verification-system-006] empty PATH preserves exact selected environment and actual independent process group
      ---
      duration_ms: 424.589292
      type: 'test'
      location: '/Users/yuanxi/Workwork/vibe-fs/requirements/verification-system/tests/support/owned-tool-tests.mjs:25:15'
      failureType: 'testCodeFailure'
      error: |-
        Expected values to be strictly deep-equal:
        + actual - expected
        
          {
            HOME: '/var/folders/g_/3ydzn7kx5lg9ylq8fd9p_13r0000gn/T/owned-tool-protocol-RskhSQ',
            LANG: 'C',
            LC_ALL: 'C',
            PATH: '',
            SELECTED_TOOL_PROOF: 'original selected environment',
        +   __CF_USER_TEXT_ENCODING: '0x1F5:0x0:0x0'
          }
        
      code: 'ERR_ASSERTION'
      name: 'AssertionError'
      expected:
        HOME: '/var/folders/g_/3ydzn7kx5lg9ylq8fd9p_13r0000gn/T/owned-tool-protocol-RskhSQ'
        PATH: ''
        SELECTED_TOOL_PROOF: 'original selected environment'
        LANG: 'C'
        LC_ALL: 'C'
      actual:
        HOME: '/var/folders/g_/3ydzn7kx5lg9ylq8fd9p_13r0000gn/T/owned-tool-protocol-RskhSQ'
        PATH: ''
        SELECTED_TOOL_PROOF: 'original selected environment'
        LANG: 'C'
        LC_ALL: 'C'
        __CF_USER_TEXT_ENCODING: '0x1F5:0x0:0x0'
      operator: 'deepStrictEqual'
      stack: |-
        TestContext.<anonymous> (file:///Users/yuanxi/Workwork/vibe-fs/requirements/verification-system/tests/support/owned-tool-tests.mjs:35:16)
        async Test.run (node:internal/test_runner/test:1054:7)
        async TestContext.<anonymous> (file:///Users/yuanxi/Workwork/vibe-fs/requirements/verification-system/tests/support/owned-tool-tests.mjs:25:7)
        async Test.run (node:internal/test_runner/test:1054:7)
        async startSubtestAfterBootstrap (node:internal/test_runner/harness:296:3)
      ...
    # Subtest: WHAT[verification-system-006] a selected nonzero exit is preserved instead of the monitor exit
    ok 2 - WHAT[verification-system-006] a selected nonzero exit is preserved instead of the monitor exit
      ---
      duration_ms: 451.968458
      type: 'test'
      ...
    # Subtest: WHAT[verification-system-006] a selected process signal is preserved instead of the monitor exit
    ok 3 - WHAT[verification-system-006] a selected process signal is preserved instead of the monitor exit
      ---
      duration_ms: 415.183875
      type: 'test'
      ...
    # Subtest: WHAT[verification-system-006] a real selected executable spawn failure retains its OS cause
    ok 4 - WHAT[verification-system-006] a real selected executable spawn failure retains its OS cause
      ---
      duration_ms: 208.271958
      type: 'test'
      ...
    # Subtest: WHAT[verification-system-006] missing monitor terminal before selected spawn rejects acceptance
    ok 5 - WHAT[verification-system-006] missing monitor terminal before selected spawn rejects acceptance
      ---
      duration_ms: 160.338292
      type: 'test'
      ...
    # Subtest: WHAT[verification-system-006] malformed monitor terminal before selected spawn rejects acceptance
    ok 6 - WHAT[verification-system-006] malformed monitor terminal before selected spawn rejects acceptance
      ---
      duration_ms: 186.031292
      type: 'test'
      ...
    # Subtest: WHAT[verification-system-006] duplicate monitor terminal before selected spawn rejects acceptance
    ok 7 - WHAT[verification-system-006] duplicate monitor terminal before selected spawn rejects acceptance
      ---
      duration_ms: 161.33075
      type: 'test'
      ...
    1..7
not ok 1 - WHAT[verification-system-006] owned tool monitoring preserves actual terminals and rejects missing control evidence
  ---
  duration_ms: 2022.071208
  type: 'test'
  location: '/Users/yuanxi/Workwork/vibe-fs/requirements/verification-system/tests/support/owned-tool-tests.mjs:19:3'
  failureType: 'subtestsFailed'
  error: '1 subtest failed'
  code: 'ERR_TEST_FAILURE'
  ...
1..1
# tests 8
# suites 0
# pass 6
# fail 2
# cancelled 0
# skipped 0
# todo 0
# duration_ms 2257.330041
