TAP version 13
# Subtest: WHAT[verification-system-016] four selected input owners compile the original foundation identity project with Fable into isolated outputs
    # Subtest: WHAT[verification-system-016] real Fable preparation selects a complete immutable Git tree and SDK archive without rewriting the original project
    ok 1 - WHAT[verification-system-016] real Fable preparation selects a complete immutable Git tree and SDK archive without rewriting the original project
      ---
      duration_ms: 15610.608375
      type: 'test'
      ...
    # Subtest: WHAT[verification-system-016] real selected Fable tools and original project restore produce independent prepared input owners
    ok 2 - WHAT[verification-system-016] real selected Fable tools and original project restore produce independent prepared input owners
      ---
      duration_ms: 9459.758333
      type: 'test'
      ...
    # Subtest: WHAT[verification-system-016] actual Fable compiles the original project into an owned seed and binds the complete output receipt
    ok 3 - WHAT[verification-system-016] actual Fable compiles the original project into an owned seed and binds the complete output receipt
      ---
      duration_ms: 15128.710375
      type: 'test'
      ...
    # Subtest: WHAT[verification-system-016] actual generated JavaScript preserves public Identity behavior and all prepared owner lifetimes
    ok 4 - WHAT[verification-system-016] actual generated JavaScript preserves public Identity behavior and all prepared owner lifetimes
      ---
      duration_ms: 9562.870292
      type: 'test'
      ...
    1..4
ok 1 - WHAT[verification-system-016] four selected input owners compile the original foundation identity project with Fable into isolated outputs
  ---
  duration_ms: 49765.366792
  type: 'test'
  ...
# {"treeId":"8544d7651e99e1137495d62d424b287f9924f1fb","sourceDigest":"9736d8fa15ad2d75944df337e5ce791251276ac86d30ae48481d830be5c26f9a","sdkDigest":"e05f113650fea2e9a5555367038c52dabf9dc1f58d104eb36dc3be65f940f248","projectPath":"src/Wanxiangshu/Wanxiangshu.Owner.dispatch-protocol.foundation-identity.fsproj","provenance":"explicit selected archive bytes; this fixture does not authenticate their publisher"}
# {"compileDigest":"27afe94d353f8c1f43a558a02811b492323d03e940bccca0942ff59cc29293b7","entries":196,"fable":{"id":"fable","version":"5.13.0","command":"fable","executable":"packages/fable/5.13.0/tools/net10.0/any/fable.dll"},"actualJavaScriptConsumer":{"session":"selected-session","revision":"8","quiescenceLoaded":true,"nodeVersion":"v22.23.3"},"readOnlyMounted":false,"actualVerifyBound":false}
1..1
# tests 5
# suites 0
# pass 5
# fail 0
# cancelled 0
# skipped 0
# todo 0
# duration_ms 49894.9995
