TAP version 13
# Subtest: WHAT[concern-routing-006] retirement prevents old messages crossing into a same-concern replacement generation
ok 1 - WHAT[concern-routing-006] retirement prevents old messages crossing into a same-concern replacement generation
  ---
  duration_ms: 14.9455
  type: 'test'
  ...
# Subtest: WHAT[concern-routing-006] opening an owner incumbency preserves its already subscribed mailbox
ok 2 - WHAT[concern-routing-006] opening an owner incumbency preserves its already subscribed mailbox
  ---
  duration_ms: 6902.223125
  type: 'test'
  ...
# Subtest: WHAT[concern-routing-006] the committed LifeCompleted Surface retires only its owner mailbox before returning
ok 3 - WHAT[concern-routing-006] the committed LifeCompleted Surface retires only its owner mailbox before returning
  ---
  duration_ms: 2289.174708
  type: 'test'
  ...
# Subtest: WHAT[concern-routing-006] completing the actual owner life retires its mailbox before later publish
ok 4 - WHAT[concern-routing-006] completing the actual owner life retires its mailbox before later publish # TODO GAP-157: the production Suicide post-commit retirement append failure has no proved recovery
  ---
  duration_ms: 2297.324625
  type: 'test'
  ...
# Subtest: WHAT[relay-assessment-002] second assessment in one iteration is rejected without overwriting the first
ok 5 - WHAT[relay-assessment-002] second assessment in one iteration is rejected without overwriting the first
  ---
  duration_ms: 25.674959
  type: 'test'
  ...
# Subtest: WHAT[relay-assessment-002] cross-iteration replay of another iteration assessment is rejected
ok 6 - WHAT[relay-assessment-002] cross-iteration replay of another iteration assessment is rejected
  ---
  duration_ms: 37.289917
  type: 'test'
  ...
# Subtest: WHAT[relay-assessment-002] actual tool exact replay returns the accepted result
ok 7 - WHAT[relay-assessment-002] actual tool exact replay returns the accepted result
  ---
  duration_ms: 7950.555875
  type: 'test'
  ...
# Subtest: WHAT[relay-assessment-002] changed public narrative binding rejects replay without changing the accepted facts
ok 8 - WHAT[relay-assessment-002] changed public narrative binding rejects replay without changing the accepted facts
  ---
  duration_ms: 3057.479458
  type: 'test'
  ...
# Subtest: WHAT[relay-assessment-002] same identity with changed input is a replay conflict and the accepted result stays
ok 9 - WHAT[relay-assessment-002] same identity with changed input is a replay conflict and the accepted result stays
  ---
  duration_ms: 3086.097667
  type: 'test'
  ...
# Subtest: WHAT[relay-assessment-002] same input under a new call id is already-submitted
ok 10 - WHAT[relay-assessment-002] same input under a new call id is already-submitted
  ---
  duration_ms: 3272.226333
  type: 'test'
  ...
# Subtest: WHAT[relay-assessment-002] cross-incumbency replay of a retired review call is rejected
ok 11 - WHAT[relay-assessment-002] cross-incumbency replay of a retired review call is rejected # TODO requires a real retirement-chain fixture to open the next incumbency before replaying the retired call; the fold-level AssessmentReplayToolCall gate is in place
  ---
  duration_ms: 2035.063042
  type: 'test'
  ...
1..11
# tests 11
# suites 0
# pass 9
# fail 0
# cancelled 0
# skipped 0
# todo 2
# duration_ms 20741.98325
