TAP version 13
# Subtest: WHAT[verification-system-016] selected npm tools replaced during the actual runtime probe cannot start the next version probe
    # Subtest: WHAT[verification-system-016] complete selected Node and npm archive capture preserves locked inputs before execution
    ok 1 - WHAT[verification-system-016] complete selected Node and npm archive capture preserves locked inputs before execution
      ---
      duration_ms: 1780.724083
      type: 'test'
      ...
    # Subtest: WHAT[verification-system-016] actual runtime probe refuses a complete copied tool owner before version or registry execution
    ok 2 - WHAT[verification-system-016] actual runtime probe refuses a complete copied tool owner before version or registry execution
      ---
      duration_ms: 4514.594125
      type: 'test'
      ...
    1..2
ok 1 - WHAT[verification-system-016] selected npm tools replaced during the actual runtime probe cannot start the next version probe
  ---
  duration_ms: 6604.384125
  type: 'test'
  ...
# Subtest: WHAT[verification-system-016] npm tool archive installation owns selected complete tools and locked dependencies through publication
    # Subtest: WHAT[verification-system-016] two actual locked registry packages preserve modes use the selected bundle layout and bind its complete identity after tools cleanup
        # Subtest: WHAT[verification-system-016] complete selected Node and npm archive capture preserves locked inputs before execution
        ok 1 - WHAT[verification-system-016] complete selected Node and npm archive capture preserves locked inputs before execution
          ---
          duration_ms: 1472.631
          type: 'test'
          ...
        # Subtest: WHAT[verification-system-016] actual selected complete tools consume the locked request before its held tarball is released
        ok 2 - WHAT[verification-system-016] actual selected complete tools consume the locked request before its held tarball is released
          ---
          duration_ms: 4441.916791
          type: 'test'
          ...
        # Subtest: WHAT[verification-system-016] actual locked registry installation consumes the captured complete tool archive and reclaims selected tools
        ok 3 - WHAT[verification-system-016] actual locked registry installation consumes the captured complete tool archive and reclaims selected tools
          ---
          duration_ms: 608.260917
          type: 'test'
          ...
        1..3
    ok 1 - WHAT[verification-system-016] two actual locked registry packages preserve modes use the selected bundle layout and bind its complete identity after tools cleanup
      ---
      duration_ms: 6527.79675
      type: 'test'
      ...
    # Subtest: WHAT[verification-system-016] npm tool archive rejects non-CLI library bytes changed during a real held install and reclaims unpublished dependencies
        # Subtest: WHAT[verification-system-016] complete selected Node and npm archive capture preserves locked inputs before execution
        ok 1 - WHAT[verification-system-016] complete selected Node and npm archive capture preserves locked inputs before execution
          ---
          duration_ms: 1381.236125
          type: 'test'
          ...
        1..1
    ok 2 - WHAT[verification-system-016] npm tool archive rejects non-CLI library bytes changed during a real held install and reclaims unpublished dependencies
      ---
      duration_ms: 5587.099833
      type: 'test'
      ...
    # Subtest: WHAT[verification-system-016] npm tool archive rejects new tool member changed during a real held install and reclaims unpublished dependencies
        # Subtest: WHAT[verification-system-016] complete selected Node and npm archive capture preserves locked inputs before execution
        ok 1 - WHAT[verification-system-016] complete selected Node and npm archive capture preserves locked inputs before execution
          ---
          duration_ms: 1219.504166
          type: 'test'
          ...
        1..1
    ok 3 - WHAT[verification-system-016] npm tool archive rejects new tool member changed during a real held install and reclaims unpublished dependencies
      ---
      duration_ms: 5211.855917
      type: 'test'
      ...
    # Subtest: WHAT[verification-system-016] npm tool archive held install cancellation preserves Error and reclaims tools installation and dependencies
        # Subtest: WHAT[verification-system-016] complete selected Node and npm archive capture preserves locked inputs before execution
        ok 1 - WHAT[verification-system-016] complete selected Node and npm archive capture preserves locked inputs before execution
          ---
          duration_ms: 1342.205584
          type: 'test'
          ...
        1..1
    ok 4 - WHAT[verification-system-016] npm tool archive held install cancellation preserves Error and reclaims tools installation and dependencies
      ---
      duration_ms: 5385.206292
      type: 'test'
      ...
    # Subtest: WHAT[verification-system-016] npm tool archive held install cancellation preserves null and reclaims tools installation and dependencies
        # Subtest: WHAT[verification-system-016] complete selected Node and npm archive capture preserves locked inputs before execution
        ok 1 - WHAT[verification-system-016] complete selected Node and npm archive capture preserves locked inputs before execution
          ---
          duration_ms: 1181.934166
          type: 'test'
          ...
        1..1
    ok 5 - WHAT[verification-system-016] npm tool archive held install cancellation preserves null and reclaims tools installation and dependencies
      ---
      duration_ms: 5697.218958
      type: 'test'
      ...
    # Subtest: WHAT[verification-system-016] npm tool archive rejects a mismatched actual Node version before registry execution
        # Subtest: WHAT[verification-system-016] complete selected Node and npm archive capture preserves locked inputs before execution
        ok 1 - WHAT[verification-system-016] complete selected Node and npm archive capture preserves locked inputs before execution
          ---
          duration_ms: 1235.046209
          type: 'test'
          ...
        1..1
    ok 6 - WHAT[verification-system-016] npm tool archive rejects a mismatched actual Node version before registry execution
      ---
      duration_ms: 4243.128208
      type: 'test'
      ...
    # Subtest: WHAT[verification-system-016] npm tool archive rejects a mismatched actual npm version before registry execution
        # Subtest: WHAT[verification-system-016] complete selected Node and npm archive capture preserves locked inputs before execution
        ok 1 - WHAT[verification-system-016] complete selected Node and npm archive capture preserves locked inputs before execution
          ---
          duration_ms: 1331.983083
          type: 'test'
          ...
        1..1
    ok 7 - WHAT[verification-system-016] npm tool archive rejects a mismatched actual npm version before registry execution
      ---
      duration_ms: 4328.550167
      type: 'test'
      ...
    # Subtest: WHAT[verification-system-016] npm tool archive already aborted preserves Error before reading missing source or archive
    ok 8 - WHAT[verification-system-016] npm tool archive already aborted preserves Error before reading missing source or archive
      ---
      duration_ms: 150.993792
      type: 'test'
      ...
    # Subtest: WHAT[verification-system-016] npm tool archive already aborted preserves null before reading missing source or archive
    ok 9 - WHAT[verification-system-016] npm tool archive already aborted preserves null before reading missing source or archive
      ---
      duration_ms: 133.475625
      type: 'test'
      ...
    1..9
ok 2 - WHAT[verification-system-016] npm tool archive installation owns selected complete tools and locked dependencies through publication
  ---
  duration_ms: 37267.552958
  type: 'test'
  ...
1..2
# tests 22
# suites 0
# pass 22
# fail 0
# cancelled 0
# skipped 0
# todo 0
# duration_ms 44007.804417
