runner: scoped 使用 TESTS_MJS_FILES=80 files
runner: build is current (1796 sources, 885 artifacts)
runner: discovery OVERRIDDEN by TESTS_MJS_FILES (80 file(s))
runner: 80 test file(s), 5000ms verdict-silence window
js-boundary-gate: 2 violation(s) across 1 file(s)
  ../../../../var/folders/g_/3ydzn7kx5lg9ylq8fd9p_13r0000gn/T/boundary-gate-red-YlbCbT/requirements/sample-pkg/tests/debt.test.mjs:1 [deep-dist-import] import * as mod from '../../../dist/Internal/UnregisteredModule.js'
  ../../../../var/folders/g_/3ydzn7kx5lg9ylq8fd9p_13r0000gn/T/boundary-gate-red-YlbCbT/requirements/sample-pkg/tests/debt.test.mjs:2 [export-discovery] const names = Object.keys(mod)
js-boundary-gate: OK — 0 debt line(s) across 0 file(s)
js-boundary-gate: OK — 0 debt line(s) across 0 file(s)
js-boundary-gate: 1 violation(s) across 1 file(s)
  ../../../../var/folders/g_/3ydzn7kx5lg9ylq8fd9p_13r0000gn/T/boundary-environment-Hcrkh2/requirements/sample/tests/001.test.mjs:3 [mangled-lookup] const name = 'Example__run'; name.startsWith('Example__')
js-boundary-gate: 1 violation(s) across 1 file(s)
  ../../../../var/folders/g_/3ydzn7kx5lg9ylq8fd9p_13r0000gn/T/boundary-environment-Hcrkh2/requirements/sample/tests/001.test.mjs:3 [mangled-lookup] const name = '_Method'; name.endsWith('_Method')
js-boundary-gate: 1 violation(s) across 1 file(s)
  ../../../../var/folders/g_/3ydzn7kx5lg9ylq8fd9p_13r0000gn/T/boundary-environment-Hcrkh2/requirements/sample/tests/001.test.mjs:3 [mangled-lookup] Object.keys(process.env).filter((env) => { const name = 'Example__run'; return name.startsWith('Example__') })
coverage: running tests with NODE_V8_COVERAGE in /private/var/folders/g_/3ydzn7kx5lg9ylq8fd9p_13r0000gn/T/coverage-permission-runner-1D0EUl/.fable-build/coverage/1791131609623-25463/raw...

coverage: OK (2 production modules covered, report in /private/var/folders/g_/3ydzn7kx5lg9ylq8fd9p_13r0000gn/T/coverage-permission-runner-1D0EUl/.fable-build/coverage/1791131609623-25463/report)
coverage: running tests with NODE_V8_COVERAGE in /private/var/folders/g_/3ydzn7kx5lg9ylq8fd9p_13r0000gn/T/coverage-permission-reporter-dGkkcP/.fable-build/coverage/1791131609990-25463/raw...

coverage: OK (2 production modules covered, report in /private/var/folders/g_/3ydzn7kx5lg9ylq8fd9p_13r0000gn/T/coverage-permission-reporter-dGkkcP/.fable-build/coverage/1791131609990-25463/report)
coverage: running tests with NODE_V8_COVERAGE in /private/var/folders/g_/3ydzn7kx5lg9ylq8fd9p_13r0000gn/T/coverage-empty-input-runner-JCEb0V/.fable-build/coverage/1791131610301-25463/raw...

coverage: OK (2 production modules covered, report in /private/var/folders/g_/3ydzn7kx5lg9ylq8fd9p_13r0000gn/T/coverage-empty-input-runner-JCEb0V/.fable-build/coverage/1791131610301-25463/report)
coverage: running tests with NODE_V8_COVERAGE in /private/var/folders/g_/3ydzn7kx5lg9ylq8fd9p_13r0000gn/T/coverage-empty-input-reporter-Gfi70o/.fable-build/coverage/1791131610565-25463/raw...

coverage: OK (2 production modules covered, report in /private/var/folders/g_/3ydzn7kx5lg9ylq8fd9p_13r0000gn/T/coverage-empty-input-reporter-Gfi70o/.fable-build/coverage/1791131610565-25463/report)
coverage: running tests with NODE_V8_COVERAGE in /private/var/folders/g_/3ydzn7kx5lg9ylq8fd9p_13r0000gn/T/coverage-report-signal-EwC17v/.fable-build/coverage/signalled-report/raw...
coverage: c8 report generation failed
coverage: running tests with NODE_V8_COVERAGE in /private/var/folders/g_/3ydzn7kx5lg9ylq8fd9p_13r0000gn/T/cov-root-alias-sqzUxy/actual/.fable-build/coverage/1791131611147-25463/raw...

coverage: OK (2 production modules covered, report in /private/var/folders/g_/3ydzn7kx5lg9ylq8fd9p_13r0000gn/T/cov-root-alias-sqzUxy/actual/.fable-build/coverage/1791131611147-25463/report)
coverage: running tests with NODE_V8_COVERAGE in /private/var/folders/g_/3ydzn7kx5lg9ylq8fd9p_13r0000gn/T/cov-test-1-1JWsfY/.fable-build/coverage/1791131611413-25463/raw...

coverage: OK (2 production modules covered, report in /private/var/folders/g_/3ydzn7kx5lg9ylq8fd9p_13r0000gn/T/cov-test-1-1JWsfY/.fable-build/coverage/1791131611413-25463/report)
coverage: running tests with NODE_V8_COVERAGE in /private/var/folders/g_/3ydzn7kx5lg9ylq8fd9p_13r0000gn/T/cov-test-2-vVtfkI/.fable-build/coverage/1791131611634-25463/raw...

coverage: OK (2 production modules covered, report in /private/var/folders/g_/3ydzn7kx5lg9ylq8fd9p_13r0000gn/T/cov-test-2-vVtfkI/.fable-build/coverage/1791131611634-25463/report)
coverage: running tests with NODE_V8_COVERAGE in /private/var/folders/g_/3ydzn7kx5lg9ylq8fd9p_13r0000gn/T/cov-test-3-Gu3n0Q/.fable-build/coverage/1791131611851-25463/raw...

coverage: OK (3 production modules covered, report in /private/var/folders/g_/3ydzn7kx5lg9ylq8fd9p_13r0000gn/T/cov-test-3-Gu3n0Q/.fable-build/coverage/1791131611851-25463/report)
coverage: running tests with NODE_V8_COVERAGE in /private/var/folders/g_/3ydzn7kx5lg9ylq8fd9p_13r0000gn/T/cov-test-4-HaTGDd/.fable-build/coverage/1791131612153-25463/raw...

coverage: OK (2 production modules covered, report in /private/var/folders/g_/3ydzn7kx5lg9ylq8fd9p_13r0000gn/T/cov-test-4-HaTGDd/.fable-build/coverage/1791131612153-25463/report)
coverage: running tests with NODE_V8_COVERAGE in /private/var/folders/g_/3ydzn7kx5lg9ylq8fd9p_13r0000gn/T/cov-test-5-i5O5v0/.fable-build/coverage/1791131612469-25463/raw...
coverage: unit tests failed (status 1)
coverage: running tests with NODE_V8_COVERAGE in /private/var/folders/g_/3ydzn7kx5lg9ylq8fd9p_13r0000gn/T/cov-test-6-BevaXb/.fable-build/coverage/1791131612679-25463/raw...
coverage: unit tests failed (status 1)
coverage: running tests with NODE_V8_COVERAGE in /var/folders/g_/3ydzn7kx5lg9ylq8fd9p_13r0000gn/T/cov-test-7-cob8sU/.fable-build/coverage/corrupt-run-id/raw...
coverage: raw coverage file is corrupted: coverage-corrupt.json (Unexpected token 'C', "CORRUPTED "... is not valid JSON)
coverage: running tests with NODE_V8_COVERAGE in /private/var/folders/g_/3ydzn7kx5lg9ylq8fd9p_13r0000gn/T/cov-test-8-vmgfil/.fable-build/coverage/1791131612936-25463/raw...
coverage: reported files do not match build receipt outputs
coverage: running tests with NODE_V8_COVERAGE in /private/var/folders/g_/3ydzn7kx5lg9ylq8fd9p_13r0000gn/T/cov-test-9-Rtx3G5/.fable-build/coverage/1791131613144-25463/raw...
coverage: input files changed during coverage run (INPUT_CHANGED):
  compiler: cd55c77ab1294e315aefdb145c245abddd1b2eebf6d2c74b444da6f43846ff59 -> 2cfd43f193e6de2dd564dfeb734d69072e1ee63967f67e0790d4e8fe2a42bdd2
  generated: cd55c77ab1294e315aefdb145c245abddd1b2eebf6d2c74b444da6f43846ff59 -> 2cfd43f193e6de2dd564dfeb734d69072e1ee63967f67e0790d4e8fe2a42bdd2
  artifact: cd55c77ab1294e315aefdb145c245abddd1b2eebf6d2c74b444da6f43846ff59 -> 2cfd43f193e6de2dd564dfeb734d69072e1ee63967f67e0790d4e8fe2a42bdd2
check.mjs: FAILED with 1 issue(s) across 1 gate(s)

Gate: /var/folders/g_/3ydzn7kx5lg9ylq8fd9p_13r0000gn/T/gate-failure-81hRg1/gate.mjs (1 issue(s))
  - [fail] controlled violation

check.mjs: fatal error: Cannot find module '/var/folders/g_/3ydzn7kx5lg9ylq8fd9p_13r0000gn/T/gate-failure-81hRg1/missing.mjs' imported from /Users/yuanxi/Workwork/vibe-fs/scripts/check.mjs
check.mjs: fatal error: controlled failure
runner: 1 test file(s), 10000ms verdict-silence window
runner: post-exit group verification/reclamation: pid=26718; elapsedMs=21.092; accepted=true

runner: 1 passed, 0 failed; 0/1 planned file(s) completed
runner: incomplete run; no completion for /Users/yuanxi/Workwork/vibe-fs/requirements/verification-system/tests/support/fixtures/two-leaf.fixture.mjs
runner: 1 test file(s), 1000ms verdict-silence window
runner: post-exit group verification/reclamation: pid=26729; elapsedMs=22.114; accepted=true

runner: 1 passed, 0 failed; 1/1 planned file(s) completed
runner: incomplete run; not every planned file stream drained
runner: 1 test file(s), 10000ms verdict-silence window
TAP version 13
# Subtest: leaf one
ok 1 - leaf one
  ---
  duration_ms: 0.58825
  type: 'test'
  ...
# Subtest: leaf two
ok 2 - leaf two
  ---
  duration_ms: 0.066583
  type: 'test'
  ...
1..2
# tests 2
# suites 0
# pass 2
# fail 0
# cancelled 0
# skipped 0
# todo 0
# duration_ms 5.513167
runner: post-exit group verification/reclamation: pid=26740; elapsedMs=21.185; accepted=true
runner: inner runner failed to provide authoritative summary

runner: verdict counts unavailable; no authoritative summary; 0/1 planned file(s) completed
runner: 1 test file(s), 10000ms verdict-silence window
runner: post-exit group verification/reclamation: pid=26755; elapsedMs=28.730; accepted=true

runner: 1 passed, 0 failed; 1/1 planned file(s) completed
runner: partial evidence; 0 skipped, 1 TODO; excluded cases are not passes
runner: pending proof prevents complete acceptance
runner: 1 test file(s), 10000ms verdict-silence window
runner: post-exit group verification/reclamation: pid=26775; elapsedMs=22.812; accepted=true

runner: 1 passed, 0 failed; 1/1 planned file(s) completed
runner: partial evidence; 0 skipped, 1 TODO; excluded cases are not passes
runner: pending proof prevents complete acceptance
runner: 2 test file(s), 10000ms verdict-silence window
node:internal/test_runner/harness:99
      throw err;
      ^

Error [ERR_MODULE_NOT_FOUND]: Cannot find module '/var/folders/g_/3ydzn7kx5lg9ylq8fd9p_13r0000gn/T/failed-test-file-UcfSxW/missing.fixture.mjs' imported from /Users/yuanxi/Workwork/vibe-fs/
    at finalizeResolution (node:internal/modules/esm/resolve:275:11)
    at moduleResolve (node:internal/modules/esm/resolve:865:10)
    at defaultResolve (node:internal/modules/esm/resolve:989:11)
    at #cachedDefaultResolve (node:internal/modules/esm/loader:747:20)
    at ModuleLoader.resolve (node:internal/modules/esm/loader:724:38)
    at ModuleLoader.getModuleJobForImport (node:internal/modules/esm/loader:320:38)
    at onImport.tracePromise.__proto__ (node:internal/modules/esm/loader:680:36)
    at TracingChannel.tracePromise (node:diagnostics_channel:350:14)
    at ModuleLoader.import (node:internal/modules/esm/loader:679:21)
    at node:internal/modules/run_main:179:35 {
  code: 'ERR_MODULE_NOT_FOUND',
  url: 'file:///var/folders/g_/3ydzn7kx5lg9ylq8fd9p_13r0000gn/T/failed-test-file-UcfSxW/missing.fixture.mjs'
}

Node.js v22.23.3

✖ failing tests:

test at /var/folders/g_/3ydzn7kx5lg9ylq8fd9p_13r0000gn/T/failed-test-file-UcfSxW/missing.fixture.mjs:1:1
✖ /var/folders/g_/3ydzn7kx5lg9ylq8fd9p_13r0000gn/T/failed-test-file-UcfSxW/missing.fixture.mjs (61.877ms)
  'test failed'


[test-summary] 2 file(s), 2 passed, 0 failed, 1 failed containers (0.07s wall, 0.00s test time)
runner: post-exit group verification/reclamation: pid=26786; elapsedMs=23.614; accepted=true
runner: 2 test(s), 0.0s of test time; max 4ms, p90 4ms, median 1ms

runner: 2 passed, 0 failed; 2/2 planned file(s) completed
runner: cancelled tests or failed containers prevent complete acceptance
runner: 2 test file(s), 10000ms verdict-silence window
node:internal/test_runner/harness:99
      throw err;
      ^

Error: fixture failed before registering any test
    at file:///private/var/folders/g_/3ydzn7kx5lg9ylq8fd9p_13r0000gn/T/failed-test-file-UcfSxW/broken.fixture.mjs:1:7
    at ModuleJob.run (node:internal/modules/esm/module_job:343:25)
    at async onImport.tracePromise.__proto__ (node:internal/modules/esm/loader:681:26)
    at async asyncRunEntryPointWithESMLoader (node:internal/modules/run_main:117:5)

Node.js v22.23.3

✖ failing tests:

test at /var/folders/g_/3ydzn7kx5lg9ylq8fd9p_13r0000gn/T/failed-test-file-UcfSxW/broken.fixture.mjs:1:1
✖ /var/folders/g_/3ydzn7kx5lg9ylq8fd9p_13r0000gn/T/failed-test-file-UcfSxW/broken.fixture.mjs (42.425ms)
  'test failed'


[test-summary] 2 file(s), 2 passed, 0 failed, 1 failed containers (0.05s wall, 0.00s test time)
runner: post-exit group verification/reclamation: pid=26801; elapsedMs=20.938; accepted=true
runner: 2 test(s), 0.0s of test time; max 3ms, p90 3ms, median 1ms

runner: 2 passed, 0 failed; 2/2 planned file(s) completed
runner: cancelled tests or failed containers prevent complete acceptance
fatal: .git/index: index file smaller than expected
fatal: .git/index: index file smaller than expected
fatal: .git/index: index file smaller than expected

[test-summary] 80 file(s), 772 passed, 0 failed, 7 skipped, 31 todo (164.21s wall, 312.29s test time)
  todo: /Users/yuanxi/Workwork/vibe-fs/requirements/cognitive-environment/tests/008.test.mjs:WHAT[cognitive-environment-008] library material has Class, Delivery and Audience with role/request rather than reasoning-depth selection; classification evidence is missing (GAP-076) — reason not supplied
  todo: /Users/yuanxi/Workwork/vibe-fs/requirements/cognitive-environment/tests/004.test.mjs:WHAT[cognitive-environment-004] system prompt is not a full tool inventory and tool availability grants no additional authority; absence of keywords is insufficient (GAP-076) — reason not supplied
  todo: /Users/yuanxi/Workwork/vibe-fs/requirements/cognitive-environment/tests/006.test.mjs:WHAT[cognitive-environment-006] library advice yields to mission needs and cannot define axioms or powers; requires semantic counterexamples (GAP-076) — reason not supplied
  todo: /Users/yuanxi/Workwork/vibe-fs/requirements/cognitive-environment/tests/001.test.mjs:WHAT[cognitive-environment-001] every delivered material has one semantic authority owner; catalog size does not prove ownership (GAP-076) — reason not supplied
  todo: /Users/yuanxi/Workwork/vibe-fs/requirements/cognitive-environment/tests/007.test.mjs:WHAT[cognitive-environment-007] receiving another office technical knowledge leaves actual action authority unchanged (GAP-076) — reason not supplied
  todo: /Users/yuanxi/Workwork/vibe-fs/requirements/cognitive-environment/tests/002.test.mjs:WHAT[cognitive-environment-002] conflicting materials follow domain ownership without impersonation; requires semantic cases and actual delivery evidence (GAP-076) — reason not supplied
  todo: /Users/yuanxi/Workwork/vibe-fs/requirements/cognitive-environment/tests/009.test.mjs:WHAT[cognitive-environment-009] library selection avoids omnipotent manuals, tier variants and hidden review orchestration; wording scans cannot prove these boundaries (GAP-076) — reason not supplied
  todo: /Users/yuanxi/Workwork/vibe-fs/requirements/cognitive-environment/tests/010.test.mjs:WHAT[cognitive-environment-010] actual lifecycle delivery orients without repeated education or replacing the system prompt (GAP-076) — reason not supplied
  todo: /Users/yuanxi/Workwork/vibe-fs/requirements/cognitive-environment/tests/011.test.mjs:WHAT[cognitive-environment-011] real runtime and mission changes use message channels without fake activation or Role Law replacement (GAP-076) — reason not supplied
  todo: /Users/yuanxi/Workwork/vibe-fs/requirements/cognitive-environment/tests/005.test.mjs:WHAT[cognitive-environment-005] real model-binding changes preserve the complete Role Law and self-model; retired tier input checks only cover planner compatibility (GAP-076) — reason not supplied
  todo: /Users/yuanxi/Workwork/vibe-fs/requirements/cognitive-environment/tests/003.test.mjs:WHAT[cognitive-environment-003] actual request keeps tools, lifecycle and mission in their designated channels (GAP-076) — reason not supplied
  todo: /Users/yuanxi/Workwork/vibe-fs/requirements/cognitive-environment/tests/012.test.mjs:WHAT[cognitive-environment-012] assessment actually judges current evidence independently and honestly without hidden-process influence; resource inclusion does not prove behavior (GAP-076) — reason not supplied
  todo: /Users/yuanxi/Workwork/vibe-fs/requirements/execution-model-routing/tests/007.test.mjs:WHAT[execution-model-routing-007] actual Host event closes the physical execution only after durable terminal and idle/business events leave binding intact (GAP-128) — reason not supplied
  todo: /Users/yuanxi/Workwork/vibe-fs/requirements/execution-model-routing/tests/004.test.mjs:WHAT[execution-model-routing-004] unaccepted speculative intent must not preoccupy capacity — GAP-130: optional reservation currently occupies a token before chat.message; 34-D2 needs decision
  todo: /Users/yuanxi/Workwork/vibe-fs/requirements/execution-model-routing/tests/011.test.mjs:WHAT[execution-model-routing-011] actual admission proves target resolution, durable Accepted, exact capacity, binding and Host projection order, with zero later effects on failure (GAP-128/131) — reason not supplied
  todo: /Users/yuanxi/Workwork/vibe-fs/requirements/execution-model-routing/tests/016.test.mjs:WHAT[execution-model-routing-016] actual routing fatal rejects missing settlement, stale fence and coarse identity before touching injected fuse (GAP-128) — reason not supplied
  todo: /Users/yuanxi/Workwork/vibe-fs/requirements/execution-model-routing/tests/016.test.mjs:WHAT[execution-model-routing-016] actual incident reports and kills once through injected capability without altering capacity (GAP-128) — reason not supplied
  todo: /Users/yuanxi/Workwork/vibe-fs/requirements/execution-model-routing/tests/012.test.mjs:WHAT[execution-model-routing-012] compiler rejects fabricated exact opaque capacity fences and direct foreign custody construction (GAP-128: F# type-level opacity proof pending — the runtime fail-closed test above is retained but does not prove compile-time rejection) — reason not supplied
  todo: /Users/yuanxi/Workwork/vibe-fs/requirements/execution-model-routing/tests/019.test.mjs:WHAT[execution-model-routing-019] changed scheduler cannot overwrite a previously bound DevOps target — GAP-129: current availability check allows changing the supposedly immutable binding; 34-D1 needs decision
  todo: /Users/yuanxi/Workwork/vibe-fs/requirements/execution-model-routing/tests/019.test.mjs:WHAT[execution-model-routing-019] fixed road binding persists across real restart and physical-session replacement without model drift (GAP-129) — reason not supplied
  skip: /Users/yuanxi/Workwork/vibe-fs/requirements/cognitive-environment/tests/015.test.mjs:WHAT[cognitive-environment-015] installed Host delivers ephemeral Blogger hints in two actual provider requests — integration tier not enabled
  todo: /Users/yuanxi/Workwork/vibe-fs/requirements/provider-projection/tests/001.test.mjs:WHAT[provider-projection-001] real online and durable replay use the same pipeline; cloning the same input is not a replay execution (GAP-082) — reason not supplied
  todo: /Users/yuanxi/Workwork/vibe-fs/requirements/provider-projection/tests/010.test.mjs:WHAT[provider-projection-010] synthetic text cannot authorize an operation or certify completion; renderer export presence and unchanged Host message count do not prove authority isolation (GAP-082) — reason not supplied
  todo: /Users/yuanxi/Workwork/vibe-fs/requirements/provider-projection/tests/013.test.mjs:WHAT[provider-projection-013] all synthetic payloads use the common typed representation owner; the gate currently checks direct SyntheticToml access only (GAP-082) — reason not supplied
  todo: /Users/yuanxi/Workwork/vibe-fs/requirements/requirement-grounding/tests/002.test.mjs:WHAT[requirement-grounding-002] self-subtree declarations are configuration errors even when they do not match WHAT.md — GAP-085: rule validation currently probes only the WHAT.md path
  todo: /Users/yuanxi/Workwork/vibe-fs/requirements/provider-projection/tests/014.test.mjs:WHAT[provider-projection-014] all physical payload call paths compose once; the tested Join and warm-start outputs do not prove every caller (GAP-082) — reason not supplied
  todo: /Users/yuanxi/Workwork/vibe-fs/requirements/requirement-grounding/tests/006.test.mjs:WHAT[requirement-grounding-006] a read returning old bytes does not mark the newer disk version visible — GAP-085: observation records the current disk content from its path instead of the actual returned bytes
  todo: /Users/yuanxi/Workwork/vibe-fs/requirements/requirement-grounding/tests/007.test.mjs:WHAT[requirement-grounding-007] original Markdown bytes survive the actual result suffix unchanged — GAP-086: current LlmFacing instruction rendering adds comments and normalizes newlines; resolve the representation contract
  todo: /Users/yuanxi/Workwork/vibe-fs/requirements/requirement-grounding/tests/011.test.mjs:WHAT[requirement-grounding-011] injected documents cannot alter actual Authority Roots, identity bindings or execution permissions; unchanged Host metadata is only transport evidence (GAP-085) — reason not supplied
  todo: /Users/yuanxi/Workwork/vibe-fs/requirements/requirement-grounding/tests/012.test.mjs:WHAT[requirement-grounding-012] a separate restarted process replays the durable bytes at the same anchors; reopening a journal in one process does not cross that boundary (GAP-085) — reason not supplied
  skip: /Users/yuanxi/Workwork/vibe-fs/requirements/verification-system/tests/014.test.mjs:WHAT[verification-system-014] Long Stroke 真实物理验收环境 — release tier not enabled
  skip: /Users/yuanxi/Workwork/vibe-fs/requirements/verification-system/tests/016.test.mjs:WHAT[verification-system-016] exact repository Git inputs install through a selected npm 11.12.1 bundle and real JavaScript consumers — integration tier not enabled
  skip: /Users/yuanxi/Workwork/vibe-fs/requirements/verification-system/tests/016.test.mjs:WHAT[verification-system-016] a complete selected SDK archive resolves the captured repository global.json and reclaims its owned roots — integration tier not enabled
  skip: /Users/yuanxi/Workwork/vibe-fs/requirements/verification-system/tests/016.test.mjs:WHAT[verification-system-016] selected complete SDK restores original repository local tools from explicitly identified NuGet archives — integration tier not enabled
  skip: /Users/yuanxi/Workwork/vibe-fs/requirements/verification-system/tests/016.test.mjs:WHAT[verification-system-016] selected complete Git source and SDK restore the original foundation identity project through a fresh-cache locked NuGet graph — integration tier not enabled
  skip: /Users/yuanxi/Workwork/vibe-fs/requirements/verification-system/tests/016.test.mjs:WHAT[verification-system-016] four selected input owners compile the original foundation identity project with Fable into isolated outputs — integration tier not enabled
  todo: /Users/yuanxi/Workwork/vibe-fs/requirements/verification-system/tests/016.test.mjs:WHAT[verification-system-016] the actual verification run binds its evidence to the same immutable candidate snapshot — reason not supplied
  todo: /Users/yuanxi/Workwork/vibe-fs/requirements/verification-system/tests/016.test.mjs:WHAT[verification-system-016] a mutation restored within one step still invalidates the run — D2: fixed isolated inputs selected; current runner still uses mutable inputs and step-boundary hashes miss this counterexample
runner: post-exit group verification/reclamation: pid=24893; elapsedMs=20.032; accepted=true
runner: 810 test(s), 312.3s of test time; max 30259ms, p90 974ms, median 7ms
runner:   30259ms  WHAT[verification-system-016] npm tool archive installation owns selected complete tools and locked dependencies through publication
runner:   20018ms  WHAT[verification-system-016] selected Node and complete npm bundle preparation binds actual probes without borrowing ambient configuration
runner:    7294ms  WHAT[execution-model-routing-014] seeded bounded admission soak preserves fairness and exact reconciliation after every operation
runner:    5007ms  WHAT[provider-projection-011] registered production transforms persist and replay the exact semantic prefix digest
runner:    4701ms  WHAT[verification-system-016] two actual locked registry packages preserve modes use the selected bundle layout and bind its complete identity after tools cleanup

runner: 772 passed, 0 failed; 80/80 planned file(s) completed
runner: partial evidence; 7 skipped, 31 TODO; excluded cases are not passes
runner: pending proof prevents complete acceptance
Error: runner: supervised suite failed (exit 1)
    at fail (file:///Users/yuanxi/Workwork/vibe-fs/requirements/verification-system/tests/e2e/support/supervise-node-test.mjs:217:25)
    at superviseOwnedNodeTest (file:///Users/yuanxi/Workwork/vibe-fs/requirements/verification-system/tests/e2e/support/supervise-node-test.mjs:446:5)
    at process.processTicksAndRejections (node:internal/process/task_queues:103:5)
    at async superviseNodeTest (file:///Users/yuanxi/Workwork/vibe-fs/requirements/verification-system/tests/e2e/support/supervise-node-test.mjs:195:14)
    at async file:///Users/yuanxi/Workwork/vibe-fs/requirements/verification-system/tests/run.mjs:94:1 {
  exitCode: 1
}
