TAP version 13
# Subtest: WHAT[verification-system-016] Node and npm role admission rejects invalid structure before archive reads or root allocation
    # Subtest: WHAT[verification-system-016] outside Node path fails with the typed role error before reading a missing archive
    not ok 1 - WHAT[verification-system-016] outside Node path fails with the typed role error before reading a missing archive
      ---
      duration_ms: 1.209583
      type: 'test'
      location: '/Users/yuanxi/Workwork/vibe-fs/requirements/verification-system/tests/support/node-tool-candidate-tests.mjs:60:17'
      failureType: 'testCodeFailure'
      error: |-
        The validation function is expected to return "true". Received false
        
        Caught error:
        
        Error: ENOENT: no such file or directory, open '/var/folders/g_/3ydzn7kx5lg9ylq8fd9p_13r0000gn/T/verification-tool-role-admission-rLfzda/missing-tools.tar'
      code: 'ERR_ASSERTION'
      name: 'AssertionError'
      stack: |-
        async TestContext.<anonymous> (file:///Users/yuanxi/Workwork/vibe-fs/requirements/verification-system/tests/support/node-tool-candidate-tests.mjs:61:11)
        async Test.run (node:internal/test_runner/test:1054:7)
        async TestContext.<anonymous> (file:///Users/yuanxi/Workwork/vibe-fs/requirements/verification-system/tests/support/node-tool-candidate-tests.mjs:60:9)
        async Test.run (node:internal/test_runner/test:1054:7)
        async startSubtestAfterBootstrap (node:internal/test_runner/harness:296:3)
      ...
    # Subtest: WHAT[verification-system-016] Node traversal alias fails with the typed role error before reading a missing archive
    not ok 2 - WHAT[verification-system-016] Node traversal alias fails with the typed role error before reading a missing archive
      ---
      duration_ms: 0.112333
      type: 'test'
      location: '/Users/yuanxi/Workwork/vibe-fs/requirements/verification-system/tests/support/node-tool-candidate-tests.mjs:60:17'
      failureType: 'testCodeFailure'
      error: |-
        The validation function is expected to return "true". Received false
        
        Caught error:
        
        Error: ENOENT: no such file or directory, open '/var/folders/g_/3ydzn7kx5lg9ylq8fd9p_13r0000gn/T/verification-tool-role-admission-rLfzda/missing-tools.tar'
      code: 'ERR_ASSERTION'
      name: 'AssertionError'
      stack: |-
        async TestContext.<anonymous> (file:///Users/yuanxi/Workwork/vibe-fs/requirements/verification-system/tests/support/node-tool-candidate-tests.mjs:61:11)
        async Test.run (node:internal/test_runner/test:1054:7)
        async TestContext.<anonymous> (file:///Users/yuanxi/Workwork/vibe-fs/requirements/verification-system/tests/support/node-tool-candidate-tests.mjs:60:9)
        async Test.run (node:internal/test_runner/test:1054:7)
        async startSubtestAfterBootstrap (node:internal/test_runner/harness:296:3)
      ...
    # Subtest: WHAT[verification-system-016] non-string Node role fails with the typed role error before reading a missing archive
    not ok 3 - WHAT[verification-system-016] non-string Node role fails with the typed role error before reading a missing archive
      ---
      duration_ms: 0.088708
      type: 'test'
      location: '/Users/yuanxi/Workwork/vibe-fs/requirements/verification-system/tests/support/node-tool-candidate-tests.mjs:60:17'
      failureType: 'testCodeFailure'
      error: |-
        The validation function is expected to return "true". Received false
        
        Caught error:
        
        Error: ENOENT: no such file or directory, open '/var/folders/g_/3ydzn7kx5lg9ylq8fd9p_13r0000gn/T/verification-tool-role-admission-rLfzda/missing-tools.tar'
      code: 'ERR_ASSERTION'
      name: 'AssertionError'
      stack: |-
        async TestContext.<anonymous> (file:///Users/yuanxi/Workwork/vibe-fs/requirements/verification-system/tests/support/node-tool-candidate-tests.mjs:61:11)
        async Test.run (node:internal/test_runner/test:1054:7)
        async TestContext.<anonymous> (file:///Users/yuanxi/Workwork/vibe-fs/requirements/verification-system/tests/support/node-tool-candidate-tests.mjs:60:9)
        async Test.run (node:internal/test_runner/test:1054:7)
        async startSubtestAfterBootstrap (node:internal/test_runner/harness:296:3)
      ...
    # Subtest: WHAT[verification-system-016] absolute npm path fails with the typed role error before reading a missing archive
    not ok 4 - WHAT[verification-system-016] absolute npm path fails with the typed role error before reading a missing archive
      ---
      duration_ms: 0.12125
      type: 'test'
      location: '/Users/yuanxi/Workwork/vibe-fs/requirements/verification-system/tests/support/node-tool-candidate-tests.mjs:60:17'
      failureType: 'testCodeFailure'
      error: |-
        The validation function is expected to return "true". Received false
        
        Caught error:
        
        Error: ENOENT: no such file or directory, open '/var/folders/g_/3ydzn7kx5lg9ylq8fd9p_13r0000gn/T/verification-tool-role-admission-rLfzda/missing-tools.tar'
      code: 'ERR_ASSERTION'
      name: 'AssertionError'
      stack: |-
        async TestContext.<anonymous> (file:///Users/yuanxi/Workwork/vibe-fs/requirements/verification-system/tests/support/node-tool-candidate-tests.mjs:61:11)
        async Test.run (node:internal/test_runner/test:1054:7)
        async TestContext.<anonymous> (file:///Users/yuanxi/Workwork/vibe-fs/requirements/verification-system/tests/support/node-tool-candidate-tests.mjs:60:9)
        async Test.run (node:internal/test_runner/test:1054:7)
        async startSubtestAfterBootstrap (node:internal/test_runner/harness:296:3)
      ...
    # Subtest: WHAT[verification-system-016] npm role outside its package fails with the typed role error before reading a missing archive
    not ok 5 - WHAT[verification-system-016] npm role outside its package fails with the typed role error before reading a missing archive
      ---
      duration_ms: 0.145625
      type: 'test'
      location: '/Users/yuanxi/Workwork/vibe-fs/requirements/verification-system/tests/support/node-tool-candidate-tests.mjs:60:17'
      failureType: 'testCodeFailure'
      error: |-
        The validation function is expected to return "true". Received false
        
        Caught error:
        
        Error: ENOENT: no such file or directory, open '/var/folders/g_/3ydzn7kx5lg9ylq8fd9p_13r0000gn/T/verification-tool-role-admission-rLfzda/missing-tools.tar'
      code: 'ERR_ASSERTION'
      name: 'AssertionError'
      stack: |-
        async TestContext.<anonymous> (file:///Users/yuanxi/Workwork/vibe-fs/requirements/verification-system/tests/support/node-tool-candidate-tests.mjs:61:11)
        async Test.run (node:internal/test_runner/test:1054:7)
        async TestContext.<anonymous> (file:///Users/yuanxi/Workwork/vibe-fs/requirements/verification-system/tests/support/node-tool-candidate-tests.mjs:60:9)
        async Test.run (node:internal/test_runner/test:1054:7)
        async startSubtestAfterBootstrap (node:internal/test_runner/harness:296:3)
      ...
    # Subtest: WHAT[verification-system-016] npm traversal alias fails with the typed role error before reading a missing archive
    not ok 6 - WHAT[verification-system-016] npm traversal alias fails with the typed role error before reading a missing archive
      ---
      duration_ms: 0.091792
      type: 'test'
      location: '/Users/yuanxi/Workwork/vibe-fs/requirements/verification-system/tests/support/node-tool-candidate-tests.mjs:60:17'
      failureType: 'testCodeFailure'
      error: |-
        The validation function is expected to return "true". Received false
        
        Caught error:
        
        Error: ENOENT: no such file or directory, open '/var/folders/g_/3ydzn7kx5lg9ylq8fd9p_13r0000gn/T/verification-tool-role-admission-rLfzda/missing-tools.tar'
      code: 'ERR_ASSERTION'
      name: 'AssertionError'
      stack: |-
        async TestContext.<anonymous> (file:///Users/yuanxi/Workwork/vibe-fs/requirements/verification-system/tests/support/node-tool-candidate-tests.mjs:61:11)
        async Test.run (node:internal/test_runner/test:1054:7)
        async TestContext.<anonymous> (file:///Users/yuanxi/Workwork/vibe-fs/requirements/verification-system/tests/support/node-tool-candidate-tests.mjs:60:9)
        async Test.run (node:internal/test_runner/test:1054:7)
        async startSubtestAfterBootstrap (node:internal/test_runner/harness:296:3)
      ...
    # Subtest: WHAT[verification-system-016] empty npm role fails with the typed role error before reading a missing archive
    not ok 7 - WHAT[verification-system-016] empty npm role fails with the typed role error before reading a missing archive
      ---
      duration_ms: 0.086166
      type: 'test'
      location: '/Users/yuanxi/Workwork/vibe-fs/requirements/verification-system/tests/support/node-tool-candidate-tests.mjs:60:17'
      failureType: 'testCodeFailure'
      error: |-
        The validation function is expected to return "true". Received false
        
        Caught error:
        
        Error: ENOENT: no such file or directory, open '/var/folders/g_/3ydzn7kx5lg9ylq8fd9p_13r0000gn/T/verification-tool-role-admission-rLfzda/missing-tools.tar'
      code: 'ERR_ASSERTION'
      name: 'AssertionError'
      stack: |-
        async TestContext.<anonymous> (file:///Users/yuanxi/Workwork/vibe-fs/requirements/verification-system/tests/support/node-tool-candidate-tests.mjs:61:11)
        async Test.run (node:internal/test_runner/test:1054:7)
        async TestContext.<anonymous> (file:///Users/yuanxi/Workwork/vibe-fs/requirements/verification-system/tests/support/node-tool-candidate-tests.mjs:60:9)
        async Test.run (node:internal/test_runner/test:1054:7)
        async startSubtestAfterBootstrap (node:internal/test_runner/harness:296:3)
      ...
    # Subtest: WHAT[verification-system-016] already cancelled role admission preserves Error before role validation
    ok 8 - WHAT[verification-system-016] already cancelled role admission preserves Error before role validation
      ---
      duration_ms: 0.516834
      type: 'test'
      ...
    # Subtest: WHAT[verification-system-016] already cancelled role admission preserves null before role validation
    ok 9 - WHAT[verification-system-016] already cancelled role admission preserves null before role validation
      ---
      duration_ms: 0.252792
      type: 'test'
      ...
    1..9
not ok 1 - WHAT[verification-system-016] Node and npm role admission rejects invalid structure before archive reads or root allocation
  ---
  duration_ms: 4.084
  type: 'test'
  location: '/Users/yuanxi/Workwork/vibe-fs/requirements/verification-system/tests/support/node-tool-candidate-tests.mjs:46:3'
  failureType: 'subtestsFailed'
  error: '7 subtests failed'
  code: 'ERR_TEST_FAILURE'
  ...
1..1
# tests 10
# suites 0
# pass 2
# fail 8
# cancelled 0
# skipped 0
# todo 0
# duration_ms 108.771541
