TAP version 13
# Subtest: WHAT[verification-system-006] synchronous runner spawn failure preserves its cause and stops its watchdog
not ok 1 - WHAT[verification-system-006] synchronous runner spawn failure preserves its cause and stops its watchdog
  ---
  duration_ms: 1157.134334
  type: 'test'
  location: '/Users/yuanxi/Workwork/vibe-fs/requirements/verification-system/tests/006.test.mjs:322:1'
  failureType: 'testCodeFailure'
  error: |-
    runner: 1 test file(s), 100ms verdict-silence window
    WATCHDOG: 'invalid-spawn' silent for 102ms (limit 100ms); 0 blocking progress update(s), last progress: start lane=startup expectation=none
    runner: 1 file(s) had not reported completion
    runner: file streams: 0 drained, 0 active, 1 queued
    runner: 1 queued file(s) have not started
    runner: verdict counts unavailable; no authoritative summary before the silence
    caller remains live after the former silence window
    runner: inner runner exit was not observed within 1000ms after termination
    file:///Users/yuanxi/Workwork/vibe-fs/requirements/verification-system/tests/e2e/support/supervise-node-test.mjs:185
            finishExit({ code: null, signal: null, observed: false })
            ^
    
    TypeError: finishExit is not a function
        at Timeout._onTimeout (file:///Users/yuanxi/Workwork/vibe-fs/requirements/verification-system/tests/e2e/support/supervise-node-test.mjs:185:9)
        at listOnTimeout (node:internal/timers:585:17)
        at process.processTimers (node:internal/timers:521:7)
    
    Node.js v22.23.3
    
    
    1 !== 0
    
  code: 'ERR_ASSERTION'
  name: 'AssertionError'
  expected: 0
  actual: 1
  operator: 'strictEqual'
  stack: |-
    Timeout._onTimeout (file:///Users/yuanxi/Workwork/vibe-fs/requirements/verification-system/tests/e2e/support/supervise-node-test.mjs:185:9)
    listOnTimeout (node:internal/timers:585:17)
    process.processTimers (node:internal/timers:521:7)
    TestContext.<anonymous> (file:///Users/yuanxi/Workwork/vibe-fs/requirements/verification-system/tests/006.test.mjs:350:12)
    async Test.run (node:internal/test_runner/test:1054:7)
    async startSubtestAfterBootstrap (node:internal/test_runner/harness:296:3)
  ...
# Subtest: WHAT[verification-system-006] suite HOME cleanup failure preserves the original failed verdict and rejects acceptance
not ok 2 - WHAT[verification-system-006] suite HOME cleanup failure preserves the original failed verdict and rejects acceptance
  ---
  duration_ms: 190.717334
  type: 'test'
  location: '/Users/yuanxi/Workwork/vibe-fs/requirements/verification-system/tests/006.test.mjs:358:1'
  failureType: 'testCodeFailure'
  error: |-
    runner: 1 test file(s), 5000ms verdict-silence window
    
    ✖ failing tests:
    
    test entry /var/folders/g_/3ydzn7kx5lg9ylq8fd9p_13r0000gn/T/home-cleanup-failure-Q3kWVb/failure.fixture.mjs
    test at /private/var/folders/g_/3ydzn7kx5lg9ylq8fd9p_13r0000gn/T/home-cleanup-failure-Q3kWVb/failure.fixture.mjs:4:1
    ✖ real verdict followed by inaccessible HOME parent (2.087ms)
      AssertionError [ERR_ASSERTION]: original leaf failure
          at TestContext.<anonymous> (file:///private/var/folders/g_/3ydzn7kx5lg9ylq8fd9p_13r0000gn/T/home-cleanup-failure-Q3kWVb/failure.fixture.mjs:6:10)
          at Test.runInAsyncScope (node:async_hooks:214:14)
          at Test.run (node:internal/test_runner/test:1047:25)
          at Test.start (node:internal/test_runner/test:944:17)
          at startSubtestAfterBootstrap (node:internal/test_runner/harness:296:17)
    
    
    [test-summary] 1 file(s), 0 passed, 1 failed (0.06s wall, 0.00s test time)
    runner: post-exit group verification/reclamation: pid=5911; elapsedMs=25.300; accepted=true
    runner: 1 test(s), 0.0s of test time; max 2ms, p90 2ms, median 2ms
    
    runner: 0 passed, 1 failed; 1/1 planned file(s) completed
    node:internal/modules/run_main:123
        triggerUncaughtException(
        ^
    
    AssertionError [ERR_ASSERTION]: Both the suite failure and actual cleanup failure must remain observable
        at file:///private/var/folders/g_/3ydzn7kx5lg9ylq8fd9p_13r0000gn/T/home-cleanup-failure-Q3kWVb/supervise.mjs:9:10
        at process.processTicksAndRejections (node:internal/process/task_queues:103:5) {
      generatedMessage: false,
      code: 'ERR_ASSERTION',
      actual: false,
      expected: true,
      operator: '==',
      diff: 'simple'
    }
    
    Node.js v22.23.3
    
    
    1 !== 0
    
  code: 'ERR_ASSERTION'
  name: 'AssertionError'
  expected: 0
  actual: 1
  operator: 'strictEqual'
  stack: |-
    file:///private/var/folders/g_/3ydzn7kx5lg9ylq8fd9p_13r0000gn/T/home-cleanup-failure-Q3kWVb/supervise.mjs:9:10
    process.processTicksAndRejections (node:internal/process/task_queues:103:5) {
    TestContext.<anonymous> (file:///Users/yuanxi/Workwork/vibe-fs/requirements/verification-system/tests/006.test.mjs:401:12)
    process.processTicksAndRejections (node:internal/process/task_queues:103:5)
    async Test.run (node:internal/test_runner/test:1054:7)
    async Test.processPendingSubtests (node:internal/test_runner/test:744:7)
  ...
1..2
# tests 2
# suites 0
# pass 0
# fail 2
# cancelled 0
# skipped 0
# todo 0
# duration_ms 1592.485625
