TAP version 13
# Subtest: WHAT[verification-system-006] silence termination reclaims an actual detached tool and its descendant while preserving the caller's foreign group
not ok 1 - WHAT[verification-system-006] silence termination reclaims an actual detached tool and its descendant while preserving the caller's foreign group
  ---
  duration_ms: 2531.557125
  type: 'test'
  location: '/Users/yuanxi/Workwork/vibe-fs/requirements/verification-system/tests/support/supervised-tool-reclamation-tests.mjs:41:3'
  failureType: 'testCodeFailure'
  error: "ENOENT: no such file or directory, open '/var/folders/g_/3ydzn7kx5lg9ylq8fd9p_13r0000gn/T/supervised-tool-reclamation-hvzbae/caught.json'"
  code: 'ENOENT'
  stack: |-
    Object.readFileSync (node:fs:440:20)
    TestContext.<anonymous> (file:///Users/yuanxi/Workwork/vibe-fs/requirements/verification-system/tests/support/supervised-tool-reclamation-tests.mjs:168:36)
    async Test.run (node:internal/test_runner/test:1054:7)
    async startSubtestAfterBootstrap (node:internal/test_runner/harness:296:3)
  ...
1..1
# tests 1
# suites 0
# pass 0
# fail 1
# cancelled 0
# skipped 0
# todo 0
# duration_ms 4276.370875
