TAP version 13
# Subtest: WHAT[verification-system-016] project graph rejects foreign output directory without publishing a restore receipt
ok 1 - WHAT[verification-system-016] project graph rejects foreign output directory without publishing a restore receipt
  ---
  duration_ms: 2384.658125
  type: 'test'
  ...
# Subtest: WHAT[verification-system-016] project graph rejects unselected dependency edge without publishing a restore receipt
ok 2 - WHAT[verification-system-016] project graph rejects unselected dependency edge without publishing a restore receipt
  ---
  duration_ms: 963.054292
  type: 'test'
  ...
# Subtest: WHAT[verification-system-016] project graph rejects target and lock dependency version disagreement without publishing a restore receipt
ok 3 - WHAT[verification-system-016] project graph rejects target and lock dependency version disagreement without publishing a restore receipt
  ---
  duration_ms: 942.179208
  type: 'test'
  ...
# Subtest: WHAT[verification-system-016] project graph rejects null library without publishing a restore receipt
ok 4 - WHAT[verification-system-016] project graph rejects null library without publishing a restore receipt
  ---
  duration_ms: 945.508916
  type: 'test'
  ...
# Subtest: WHAT[verification-system-016] project graph rejects null compile asset map without publishing a restore receipt
ok 5 - WHAT[verification-system-016] project graph rejects null compile asset map without publishing a restore receipt
  ---
  duration_ms: 902.749875
  type: 'test'
  ...
# Subtest: WHAT[verification-system-016] project graph rejects array runtime asset map without publishing a restore receipt
ok 6 - WHAT[verification-system-016] project graph rejects array runtime asset map without publishing a restore receipt
  ---
  duration_ms: 935.585209
  type: 'test'
  ...
# Subtest: WHAT[verification-system-016] project graph rejects null lock framework dependency map without publishing a restore receipt
ok 7 - WHAT[verification-system-016] project graph rejects null lock framework dependency map without publishing a restore receipt
  ---
  duration_ms: 1179.299959
  type: 'test'
  ...
# Subtest: WHAT[verification-system-016] project graph rejects array lock framework dependency map without publishing a restore receipt
ok 8 - WHAT[verification-system-016] project graph rejects array lock framework dependency map without publishing a restore receipt
  ---
  duration_ms: 950.475
  type: 'test'
  ...
# Subtest: WHAT[verification-system-016] project graph rejects malformed lock JSON without publishing a restore receipt
ok 9 - WHAT[verification-system-016] project graph rejects malformed lock JSON without publishing a restore receipt
  ---
  duration_ms: 907.188
  type: 'test'
  ...
# Subtest: WHAT[verification-system-016] project graph rejects malformed assets JSON without publishing a restore receipt
ok 10 - WHAT[verification-system-016] project graph rejects malformed assets JSON without publishing a restore receipt
  ---
  duration_ms: 2099.876417
  type: 'test'
  ...
# Subtest: WHAT[verification-system-016] project graph rejects lock contentHash disagreement without publishing a restore receipt
ok 11 - WHAT[verification-system-016] project graph rejects lock contentHash disagreement without publishing a restore receipt
  ---
  duration_ms: 968.803416
  type: 'test'
  ...
# Subtest: WHAT[verification-system-016] project graph rejects raw archive sidecar disagreement without publishing a restore receipt
ok 12 - WHAT[verification-system-016] project graph rejects raw archive sidecar disagreement without publishing a restore receipt
  ---
  duration_ms: 1674.3205
  type: 'test'
  ...
# Subtest: WHAT[verification-system-016] project graph rejects changed restored archive bytes without publishing a restore receipt
ok 13 - WHAT[verification-system-016] project graph rejects changed restored archive bytes without publishing a restore receipt
  ---
  duration_ms: 932.452292
  type: 'test'
  ...
# Subtest: WHAT[verification-system-016] project graph rejects missing runtime file without publishing a restore receipt
ok 14 - WHAT[verification-system-016] project graph rejects missing runtime file without publishing a restore receipt
  ---
  duration_ms: 938.267792
  type: 'test'
  ...
# Subtest: WHAT[verification-system-016] project graph rejects foreign package folder without publishing a restore receipt
ok 15 - WHAT[verification-system-016] project graph rejects foreign package folder without publishing a restore receipt
  ---
  duration_ms: 966.966125
  type: 'test'
  ...
# Subtest: WHAT[verification-system-016] project restore rejects an added feed archive changed by the first consumer before starting locked restore
ok 16 - WHAT[verification-system-016] project restore rejects an added feed archive changed by the first consumer before starting locked restore
  ---
  duration_ms: 995.38775
  type: 'test'
  ...
# Subtest: WHAT[verification-system-016] project restore rejects selected feed bytes changed by the first consumer before starting locked restore
ok 17 - WHAT[verification-system-016] project restore rejects selected feed bytes changed by the first consumer before starting locked restore
  ---
  duration_ms: 971.049542
  type: 'test'
  ...
# Subtest: WHAT[verification-system-016] project restore rejects the selected NuGet config changed by the first consumer before starting locked restore
ok 18 - WHAT[verification-system-016] project restore rejects the selected NuGet config changed by the first consumer before starting locked restore
  ---
  duration_ms: 1005.954042
  type: 'test'
  ...
# Subtest: WHAT[verification-system-016] project restore rejects a Git journal file changed by the first consumer before starting locked restore
ok 19 - WHAT[verification-system-016] project restore rejects a Git journal file changed by the first consumer before starting locked restore
  ---
  duration_ms: 985.064625
  type: 'test'
  ...
# Subtest: WHAT[verification-system-016] fresh-cache locked project restore rejects graph change
ok 20 - WHAT[verification-system-016] fresh-cache locked project restore rejects graph change
  ---
  duration_ms: 1072.217292
  type: 'test'
  ...
# Subtest: WHAT[verification-system-016] fresh-cache locked project restore rejects lock byte change
ok 21 - WHAT[verification-system-016] fresh-cache locked project restore rejects lock byte change
  ---
  duration_ms: 1085.917833
  type: 'test'
  ...
# Subtest: WHAT[verification-system-016] fresh-cache locked project restore rejects physical locked restore failure
ok 22 - WHAT[verification-system-016] fresh-cache locked project restore rejects physical locked restore failure
  ---
  duration_ms: 1029.279625
  type: 'test'
  ...
# Subtest: WHAT[verification-system-016] a changed public project root cannot borrow the prepared identity or redirect disposal
ok 23 - WHAT[verification-system-016] a changed public project root cannot borrow the prepared identity or redirect disposal
  ---
  duration_ms: 1468.364625
  type: 'test'
  ...
# Subtest: WHAT[verification-system-016] a changed public project digest cannot claim the original prepared identity
ok 24 - WHAT[verification-system-016] a changed public project digest cannot claim the original prepared identity
  ---
  duration_ms: 1079.055958
  type: 'test'
  ...
# Subtest: WHAT[verification-system-016] a prepared project rejects bytes output identity before further consumption
ok 25 - WHAT[verification-system-016] a prepared project rejects bytes output identity before further consumption
  ---
  duration_ms: 1198.129792
  type: 'test'
  ...
# Subtest: WHAT[verification-system-016] a prepared project rejects mode output identity before further consumption
ok 26 - WHAT[verification-system-016] a prepared project rejects mode output identity before further consumption
  ---
  duration_ms: 1028.758375
  type: 'test'
  ...
# Subtest: WHAT[verification-system-016] a prepared project rejects added output identity before further consumption
ok 27 - WHAT[verification-system-016] a prepared project rejects added output identity before further consumption
  ---
  duration_ms: 1021.135334
  type: 'test'
  ...
# Subtest: WHAT[verification-system-016] a prepared project rejects missing output identity before further consumption
ok 28 - WHAT[verification-system-016] a prepared project rejects missing output identity before further consumption
  ---
  duration_ms: 986.368333
  type: 'test'
  ...
# Subtest: WHAT[verification-system-016] a changed project parent alias cannot redirect disposal into caller-owned data
ok 29 - WHAT[verification-system-016] a changed project parent alias cannot redirect disposal into caller-owned data
  ---
  duration_ms: 1175.36
  type: 'test'
  ...
# Subtest: WHAT[verification-system-016] project receipt binds a consistent two-package graph after both actual adapter processes start from empty private caches
ok 30 - WHAT[verification-system-016] project receipt binds a consistent two-package graph after both actual adapter processes start from empty private caches
  ---
  duration_ms: 1081.847333
  type: 'test'
  ...
# Subtest: WHAT[verification-system-016] the prepared Git input revalidates bytes identity of input.txt
ok 31 - WHAT[verification-system-016] the prepared Git input revalidates bytes identity of input.txt
  ---
  duration_ms: 176.342583
  type: 'test'
  ...
# Subtest: WHAT[verification-system-016] the prepared Git input revalidates mode identity of input.txt
ok 32 - WHAT[verification-system-016] the prepared Git input revalidates mode identity of input.txt
  ---
  duration_ms: 184.886208
  type: 'test'
  ...
# Subtest: WHAT[verification-system-016] the prepared Git input revalidates missing identity of input.txt
ok 33 - WHAT[verification-system-016] the prepared Git input revalidates missing identity of input.txt
  ---
  duration_ms: 289.806
  type: 'test'
  ...
# Subtest: WHAT[verification-system-016] the prepared Git input revalidates bytes identity of .git/HEAD
ok 34 - WHAT[verification-system-016] the prepared Git input revalidates bytes identity of .git/HEAD
  ---
  duration_ms: 182.859334
  type: 'test'
  ...
# Subtest: WHAT[verification-system-016] the prepared Git input revalidates mode identity of .git/HEAD
ok 35 - WHAT[verification-system-016] the prepared Git input revalidates mode identity of .git/HEAD
  ---
  duration_ms: 179.522708
  type: 'test'
  ...
# Subtest: WHAT[verification-system-016] the prepared Git input revalidates missing identity of .git/HEAD
ok 36 - WHAT[verification-system-016] the prepared Git input revalidates missing identity of .git/HEAD
  ---
  duration_ms: 187.65675
  type: 'test'
  ...
# Subtest: WHAT[verification-system-016] the prepared Git input rejects an added ordinary member unselected.txt
ok 37 - WHAT[verification-system-016] the prepared Git input rejects an added ordinary member unselected.txt
  ---
  duration_ms: 176.524208
  type: 'test'
  ...
# Subtest: WHAT[verification-system-016] the prepared Git input rejects an added ordinary member .git/unselected
ok 38 - WHAT[verification-system-016] the prepared Git input rejects an added ordinary member .git/unselected
  ---
  duration_ms: 183.614167
  type: 'test'
  ...
# Subtest: WHAT[verification-system-016] a changed public source root cannot borrow the captured Git identity or redirect disposal
ok 39 - WHAT[verification-system-016] a changed public source root cannot borrow the captured Git identity or redirect disposal
  ---
  duration_ms: 181.808125
  type: 'test'
  ...
# Subtest: WHAT[verification-system-016] prepared Git input disposal reclaims its canonical owned root and preserves the foreign owner after parent link replacement
ok 40 - WHAT[verification-system-016] prepared Git input disposal reclaims its canonical owned root and preserves the foreign owner after parent link replacement
  ---
  duration_ms: 189.451875
  type: 'test'
  ...
# {"originalRootExists":false,"foreignMarkerExists":true}
# Subtest: WHAT[verification-system-016] prepared Git input refuses validation and disposal through a replaced canonical parent link
not ok 41 - WHAT[verification-system-016] prepared Git input refuses validation and disposal through a replaced canonical parent link
  ---
  duration_ms: 190.922625
  type: 'test'
  location: '/Users/yuanxi/Workwork/vibe-fs/requirements/verification-system/tests/support/nuget-project-tests.mjs:541:5'
  failureType: 'testCodeFailure'
  error: 'Missing expected exception.'
  code: 'ERR_ASSERTION'
  name: 'AssertionError'
  stack: |-
    file:///Users/yuanxi/Workwork/vibe-fs/requirements/verification-system/tests/support/nuget-project-tests.mjs:560:18
    withSourceFixture (file:///Users/yuanxi/Workwork/vibe-fs/requirements/verification-system/tests/support/nuget-project-tests.mjs:251:11)
    TestContext.<anonymous> (file:///Users/yuanxi/Workwork/vibe-fs/requirements/verification-system/tests/support/nuget-project-tests.mjs:542:13)
    Test.runInAsyncScope (node:async_hooks:214:14)
    Test.run (node:internal/test_runner/test:1047:25)
    Test.processPendingSubtests (node:internal/test_runner/test:744:18)
    Test.postRun (node:internal/test_runner/test:1173:19)
    Test.run (node:internal/test_runner/test:1101:12)
    async Test.processPendingSubtests (node:internal/test_runner/test:744:7)
  ...
# Subtest: WHAT[verification-system-016] prepared Git input refuses validation and disposal through a replaced ordinary root
not ok 42 - WHAT[verification-system-016] prepared Git input refuses validation and disposal through a replaced ordinary root
  ---
  duration_ms: 185.199584
  type: 'test'
  location: '/Users/yuanxi/Workwork/vibe-fs/requirements/verification-system/tests/support/nuget-project-tests.mjs:541:5'
  failureType: 'testCodeFailure'
  error: 'Missing expected exception.'
  code: 'ERR_ASSERTION'
  name: 'AssertionError'
  stack: |-
    file:///Users/yuanxi/Workwork/vibe-fs/requirements/verification-system/tests/support/nuget-project-tests.mjs:560:18
    withSourceFixture (file:///Users/yuanxi/Workwork/vibe-fs/requirements/verification-system/tests/support/nuget-project-tests.mjs:251:11)
    TestContext.<anonymous> (file:///Users/yuanxi/Workwork/vibe-fs/requirements/verification-system/tests/support/nuget-project-tests.mjs:542:13)
    Test.runInAsyncScope (node:async_hooks:214:14)
    Test.run (node:internal/test_runner/test:1047:25)
    Test.processPendingSubtests (node:internal/test_runner/test:744:18)
    Test.postRun (node:internal/test_runner/test:1173:19)
    Test.run (node:internal/test_runner/test:1101:12)
    async Test.processPendingSubtests (node:internal/test_runner/test:744:7)
  ...
# Subtest: WHAT[verification-system-016] project preparation rejects missing or nonordinary selected path missing.fsproj
ok 43 - WHAT[verification-system-016] project preparation rejects missing or nonordinary selected path missing.fsproj
  ---
  duration_ms: 222.877625
  type: 'test'
  ...
# Subtest: WHAT[verification-system-016] project preparation rejects missing or nonordinary selected path ../outside.fsproj
ok 44 - WHAT[verification-system-016] project preparation rejects missing or nonordinary selected path ../outside.fsproj
  ---
  duration_ms: 198.161875
  type: 'test'
  ...
# Subtest: WHAT[verification-system-016] project preparation rejects missing or nonordinary selected path /absolute.fsproj
ok 45 - WHAT[verification-system-016] project preparation rejects missing or nonordinary selected path /absolute.fsproj
  ---
  duration_ms: 210.901667
  type: 'test'
  ...
# Subtest: WHAT[verification-system-016] project preparation rejects missing or nonordinary selected path src/../src/Fixture.fsproj
ok 46 - WHAT[verification-system-016] project preparation rejects missing or nonordinary selected path src/../src/Fixture.fsproj
  ---
  duration_ms: 200.405209
  type: 'test'
  ...
# Subtest: WHAT[verification-system-016] project preparation requires the captured Git source digest rather than a changed public claim
ok 47 - WHAT[verification-system-016] project preparation requires the captured Git source digest rather than a changed public claim
  ---
  duration_ms: 201.205375
  type: 'test'
  ...
# Subtest: WHAT[verification-system-016] project preparation rejects a source containing a symbolic selected project without following its foreign target
ok 48 - WHAT[verification-system-016] project preparation rejects a source containing a symbolic selected project without following its foreign target
  ---
  duration_ms: 346.8915
  type: 'test'
  ...
# Subtest: WHAT[verification-system-016] project preparation rejects selected archive byte identity mismatch before invoking MSBuild
ok 49 - WHAT[verification-system-016] project preparation rejects selected archive byte identity mismatch before invoking MSBuild
  ---
  duration_ms: 216.924791
  type: 'test'
  ...
# Subtest: WHAT[verification-system-016] project preparation rejects bytes corruption in the actual tracked source before evaluation
ok 50 - WHAT[verification-system-016] project preparation rejects bytes corruption in the actual tracked source before evaluation
  ---
  duration_ms: 197.738917
  type: 'test'
  ...
# Subtest: WHAT[verification-system-016] project preparation rejects mode corruption in the actual tracked source before evaluation
ok 51 - WHAT[verification-system-016] project preparation rejects mode corruption in the actual tracked source before evaluation
  ---
  duration_ms: 237.871042
  type: 'test'
  ...
# Subtest: WHAT[verification-system-016] project preparation rejects missing corruption in the actual tracked source before evaluation
ok 52 - WHAT[verification-system-016] project preparation rejects missing corruption in the actual tracked source before evaluation
  ---
  duration_ms: 212.175417
  type: 'test'
  ...
# Subtest: WHAT[verification-system-016] project preparation rejects evaluated project references instead of silently restoring a larger graph
ok 53 - WHAT[verification-system-016] project preparation rejects evaluated project references instead of silently restoring a larger graph
  ---
  duration_ms: 855.689625
  type: 'test'
  ...
# Subtest: WHAT[verification-system-016] project preparation rejects evaluated multiple target frameworks
ok 54 - WHAT[verification-system-016] project preparation rejects evaluated multiple target frameworks
  ---
  duration_ms: 822.084125
  type: 'test'
  ...
# Subtest: WHAT[verification-system-016] project preparation rejects an evaluated project path belonging to a different source entry
ok 55 - WHAT[verification-system-016] project preparation rejects an evaluated project path belonging to a different source entry
  ---
  duration_ms: 883.237625
  type: 'test'
  ...
# Subtest: WHAT[verification-system-016] actual selected project executor failure retains the physical cause and reclaims only owned output
ok 56 - WHAT[verification-system-016] actual selected project executor failure retains the physical cause and reclaims only owned output
  ---
  duration_ms: 952.125458
  type: 'test'
  ...
# Subtest: WHAT[verification-system-016] early project cancellation preserves Error before reading absent inputs
ok 57 - WHAT[verification-system-016] early project cancellation preserves Error before reading absent inputs
  ---
  duration_ms: 203.703
  type: 'test'
  ...
# Subtest: WHAT[verification-system-016] early project cancellation preserves null before reading absent inputs
ok 58 - WHAT[verification-system-016] early project cancellation preserves null before reading absent inputs
  ---
  duration_ms: 265.911958
  type: 'test'
  ...
# Subtest: WHAT[verification-system-016] held project restore preserves Error cancellation and drains its actual process group
ok 59 - WHAT[verification-system-016] held project restore preserves Error cancellation and drains its actual process group
  ---
  duration_ms: 1116.733875
  type: 'test'
  ...
# Subtest: WHAT[verification-system-016] held project restore preserves null cancellation and drains its actual process group
ok 60 - WHAT[verification-system-016] held project restore preserves null cancellation and drains its actual process group
  ---
  duration_ms: 966.442
  type: 'test'
  ...
1..60
# tests 60
# suites 0
# pass 58
# fail 2
# cancelled 0
# skipped 0
# todo 0
# duration_ms 44545.468334
