TAP version 13
# Subtest: WHAT[verification-system-006] suite HOME cleanup failure preserves the original failed verdict and rejects acceptance
not ok 1 - WHAT[verification-system-006] suite HOME cleanup failure preserves the original failed verdict and rejects acceptance
  ---
  duration_ms: 126.099
  type: 'test'
  location: '/Users/yuanxi/Workwork/vibe-fs/requirements/verification-system/tests/006.test.mjs:358:1'
  failureType: 'testCodeFailure'
  error: |-
    runner: 1 test file(s), 5000ms verdict-silence window
    
    ✖ failing tests:
    
    test entry /var/folders/g_/3ydzn7kx5lg9ylq8fd9p_13r0000gn/T/home-cleanup-failure-GhvNKs/failure.fixture.mjs
    test at /private/var/folders/g_/3ydzn7kx5lg9ylq8fd9p_13r0000gn/T/home-cleanup-failure-GhvNKs/failure.fixture.mjs:4:1
    ✖ real verdict followed by inaccessible HOME parent (1.764ms)
      AssertionError [ERR_ASSERTION]: original leaf failure
          at TestContext.<anonymous> (file:///private/var/folders/g_/3ydzn7kx5lg9ylq8fd9p_13r0000gn/T/home-cleanup-failure-GhvNKs/failure.fixture.mjs:6:10)
          at Test.runInAsyncScope (node:async_hooks:214:14)
          at Test.run (node:internal/test_runner/test:1047:25)
          at Test.start (node:internal/test_runner/test:944:17)
          at startSubtestAfterBootstrap (node:internal/test_runner/harness:296:17)
    
    
    [test-summary] 1 file(s), 0 passed, 1 failed (0.04s wall, 0.00s test time)
    runner: post-exit group verification/reclamation: pid=7411; elapsedMs=18.580; accepted=true
    runner: 1 test(s), 0.0s of test time; max 2ms, p90 2ms, median 2ms
    
    runner: 0 passed, 1 failed; 1/1 planned file(s) completed
    node:internal/modules/run_main:123
        triggerUncaughtException(
        ^
    
    AssertionError [ERR_ASSERTION]: Expected values to be strictly equal:
    + actual - expected
    
    + undefined
    - Error: runner: supervised suite failed (exit 1)
    -     at fail (file:///Users/yuanxi/Workwork/vibe-fs/requirements/verification-system/tests/e2e/support/supervise-node-test.mjs:162:25)
    -     at superviseOwnedNodeTest (file:///Users/yuanxi/Workwork/vibe-fs/requirements/verification-system/tests/e2e/support/supervise-node-test.mjs:324:19)
    -     at process.processTicksAndRejections (node:internal/process/task_queues:103:5)
    -     at async superviseNodeTest (file:///Users/yuanxi/Workwork/vibe-fs/requirements/verification-system/tests/e2e/support/supervise-node-test.mjs:140:14)
    -     at async file:///private/var/folders/g_/3ydzn7kx5lg9ylq8fd9p_13r0000gn/T/home-cleanup-failure-GhvNKs/supervise.mjs:5:3 {
    -   exitCode: 1
    - }
    
        at file:///private/var/folders/g_/3ydzn7kx5lg9ylq8fd9p_13r0000gn/T/home-cleanup-failure-GhvNKs/supervise.mjs:11:10
        at process.processTicksAndRejections (node:internal/process/task_queues:103:5) {
      generatedMessage: true,
      code: 'ERR_ASSERTION',
      actual: undefined,
      expected: Error: runner: supervised suite failed (exit 1)
          at fail (file:///Users/yuanxi/Workwork/vibe-fs/requirements/verification-system/tests/e2e/support/supervise-node-test.mjs:162:25)
          at superviseOwnedNodeTest (file:///Users/yuanxi/Workwork/vibe-fs/requirements/verification-system/tests/e2e/support/supervise-node-test.mjs:324:19)
          at process.processTicksAndRejections (node:internal/process/task_queues:103:5)
          at async superviseNodeTest (file:///Users/yuanxi/Workwork/vibe-fs/requirements/verification-system/tests/e2e/support/supervise-node-test.mjs:140:14)
          at async file:///private/var/folders/g_/3ydzn7kx5lg9ylq8fd9p_13r0000gn/T/home-cleanup-failure-GhvNKs/supervise.mjs:5:3 {
        exitCode: 1
      },
      operator: 'strictEqual',
      diff: 'simple'
    }
    
    Node.js v22.23.3
    
    
    1 !== 0
    
  code: 'ERR_ASSERTION'
  name: 'AssertionError'
  expected: 0
  actual: 1
  operator: 'strictEqual'
  stack: |-
    file:///private/var/folders/g_/3ydzn7kx5lg9ylq8fd9p_13r0000gn/T/home-cleanup-failure-GhvNKs/supervise.mjs:11:10
    process.processTicksAndRejections (node:internal/process/task_queues:103:5) {
    TestContext.<anonymous> (file:///Users/yuanxi/Workwork/vibe-fs/requirements/verification-system/tests/006.test.mjs:402:12)
    process.processTicksAndRejections (node:internal/process/task_queues:103:5)
    async Test.run (node:internal/test_runner/test:1054:7)
    async startSubtestAfterBootstrap (node:internal/test_runner/harness:296:3)
  ...
1..1
# tests 1
# suites 0
# pass 0
# fail 1
# cancelled 0
# skipped 0
# todo 0
# duration_ms 380.597875
