TAP version 13
# Subtest: WHAT[verification-system-006] synchronous work and microtasks deliver completed verdicts before the file ends
ok 1 - WHAT[verification-system-006] synchronous work and microtasks deliver completed verdicts before the file ends
  ---
  duration_ms: 4407.78925
  type: 'test'
  ...
# Subtest: WHAT[verification-system-006] transport scheduling cannot renew unfinished work or background noise
ok 2 - WHAT[verification-system-006] transport scheduling cannot renew unfinished work or background noise
  ---
  duration_ms: 5321.360542
  type: 'test'
  ...
# Subtest: WHAT[verification-system-006] transport scheduling preserves after-hook failure verdicts
ok 3 - WHAT[verification-system-006] transport scheduling preserves after-hook failure verdicts
  ---
  duration_ms: 4298.796166
  type: 'test'
  ...
1..3
# tests 3
# suites 0
# pass 3
# fail 0
# cancelled 0
# skipped 0
# todo 0
# duration_ms 16636.307083
