TAP version 13
# Subtest: WHAT[cognitive-environment-015] installed Host delivers ephemeral Blogger hints in two actual provider requests
ok 1 - WHAT[cognitive-environment-015] installed Host delivers ephemeral Blogger hints in two actual provider requests
  ---
  duration_ms: 5532.617792
  type: 'test'
  ...
# Subtest: WHAT[cognitive-environment-015] BLOGGER_CHRONICLE_TEXT_has_exact_bilingual_craft
ok 2 - WHAT[cognitive-environment-015] BLOGGER_CHRONICLE_TEXT_has_exact_bilingual_craft
  ---
  duration_ms: 0.384541
  type: 'test'
  ...
# Subtest: WHAT[cognitive-environment-015] Blogger prose discipline rejects status-report wrappers and demands self-contained evidence
ok 3 - WHAT[cognitive-environment-015] Blogger prose discipline rejects status-report wrappers and demands self-contained evidence
  ---
  duration_ms: 0.853459
  type: 'test'
  ...
# Subtest: WHAT[cognitive-environment-015] BLOGGER_CHRONICLE_TEXT_is_companion_only_ephemeral_assistant_text_injection
ok 4 - WHAT[cognitive-environment-015] BLOGGER_CHRONICLE_TEXT_is_companion_only_ephemeral_assistant_text_injection
  ---
  duration_ms: 3.821834
  type: 'test'
  ...
# Subtest: WHAT[cognitive-environment-015] BLOGGER_CHRONICLE_TEXT_is_enabled_for_step_3_5_flash_model_prefix
ok 5 - WHAT[cognitive-environment-015] BLOGGER_CHRONICLE_TEXT_is_enabled_for_step_3_5_flash_model_prefix
  ---
  duration_ms: 0.464709
  type: 'test'
  ...
# Subtest: WHAT[cognitive-environment-015] BLOGGER_CHRONICLE_TEXT_is_the_last_semantic_injection_before_sanitize
ok 6 - WHAT[cognitive-environment-015] BLOGGER_CHRONICLE_TEXT_is_the_last_semantic_injection_before_sanitize
  ---
  duration_ms: 21.122958
  type: 'test'
  ...
# Subtest: WHAT[cognitive-environment-015] B1_whitelisted_model_prefix_injects_exactly_one_bilingual_hint_before_frontier_user
ok 7 - WHAT[cognitive-environment-015] B1_whitelisted_model_prefix_injects_exactly_one_bilingual_hint_before_frontier_user
  ---
  duration_ms: 3.05875
  type: 'test'
  ...
# Subtest: WHAT[cognitive-environment-015] B2_non_whitelisted_model_prefix_performs_zero_injection
ok 8 - WHAT[cognitive-environment-015] B2_non_whitelisted_model_prefix_performs_zero_injection
  ---
  duration_ms: 0.608375
  type: 'test'
  ...
# Subtest: WHAT[cognitive-environment-015] B3_existing_same_text_assistant_message_is_deduplicated_not_reinjected
ok 9 - WHAT[cognitive-environment-015] B3_existing_same_text_assistant_message_is_deduplicated_not_reinjected
  ---
  duration_ms: 0.808
  type: 'test'
  ...
# Subtest: WHAT[cognitive-environment-015] B4_injection_writes_no_durable_persistence
ok 10 - WHAT[cognitive-environment-015] B4_injection_writes_no_durable_persistence
  ---
  duration_ms: 0.936709
  type: 'test'
  ...
# Subtest: WHAT[cognitive-environment-015] B5_language_binding_selects_the_matching_resource_leaf
ok 11 - WHAT[cognitive-environment-015] B5_language_binding_selects_the_matching_resource_leaf
  ---
  duration_ms: 0.370209
  type: 'test'
  ...
# Subtest: WHAT[cognitive-environment-015] B6_missing_physical_identity_cannot_borrow_the_session_model
ok 12 - WHAT[cognitive-environment-015] B6_missing_physical_identity_cannot_borrow_the_session_model
  ---
  duration_ms: 0.534917
  type: 'test'
  ...
# Subtest: WHAT[cognitive-environment-015] registered companion projection keeps the original execution model gate
ok 13 - WHAT[cognitive-environment-015] registered companion projection keeps the original execution model gate
  ---
  duration_ms: 1009.968708
  type: 'test'
  ...
# Subtest: WHAT[cognitive-environment-015] durable marker oracle observes Git-private event bytes
ok 14 - WHAT[cognitive-environment-015] durable marker oracle observes Git-private event bytes
  ---
  duration_ms: 1.53975
  type: 'test'
  ...
# Subtest: WHAT[cognitive-environment-015] R1_registered_transform_injects_one_marker_and_writes_no_durable_history
ok 15 - WHAT[cognitive-environment-015] R1_registered_transform_injects_one_marker_and_writes_no_durable_history
  ---
  duration_ms: 397.73525
  type: 'test'
  ...
# Subtest: WHAT[cognitive-environment-015] R2_registered_transform_non_companion_session_injects_nothing
ok 16 - WHAT[cognitive-environment-015] R2_registered_transform_non_companion_session_injects_nothing
  ---
  duration_ms: 303.680958
  type: 'test'
  ...
# Subtest: WHAT[cognitive-environment-015] R3_registered_transform_replays_same_occurrence_without_duplicate_markers
ok 17 - WHAT[cognitive-environment-015] R3_registered_transform_replays_same_occurrence_without_duplicate_markers
  ---
  duration_ms: 514.672917
  type: 'test'
  ...
# Subtest: WHAT[cognitive-environment-015] R4_registered_transform_followup_request_history_boundary
ok 18 - WHAT[cognitive-environment-015] R4_registered_transform_followup_request_history_boundary
  ---
  duration_ms: 572.547875
  type: 'test'
  ...
# Subtest: WHAT[cognitive-environment-015] R5_registered_transform_without_committed_lease_fails_closed_at_execution_admission
ok 19 - WHAT[cognitive-environment-015] R5_registered_transform_without_committed_lease_fails_closed_at_execution_admission
  ---
  duration_ms: 256.151583
  type: 'test'
  ...
# Subtest: WHAT[cognitive-environment-015] R6_registered_transform_non_whitelisted_model_injects_nothing
ok 20 - WHAT[cognitive-environment-015] R6_registered_transform_non_whitelisted_model_injects_nothing
  ---
  duration_ms: 392.341417
  type: 'test'
  ...
1..20
# tests 20
# suites 0
# pass 20
# fail 0
# cancelled 0
# skipped 0
# todo 0
# duration_ms 9258.618792
