runner: scoped 使用 TESTS_MJS_FILES=159 files
runner: build is current (1796 sources, 885 artifacts)
runner: discovery OVERRIDDEN by TESTS_MJS_FILES (159 file(s))
runner: 159 test file(s), 5000ms verdict-silence window
WATCHDOG: 'tests/unit' silent for 5011ms (limit 5000ms); 48 blocking progress update(s), last progress: test:complete:/Users/yuanxi/Workwork/vibe-fs/requirements/crash-reconciliation/tests/020.test.mjs lane=/Users/yuanxi/Workwork/vibe-fs/requirements/crash-reconciliation/tests/020.test.mjs expectation=none
WATCHDOG: background progress 5034ms ago: test:diagnostic lane=/Users/yuanxi/Workwork/vibe-fs/requirements/crash-reconciliation/tests/020.test.mjs (48 background update(s), none of them renewals)
runner: 153 file(s) had not reported completion
runner: file streams: 6 drained, 10 active, 143 queued
runner: active file requirements/attention-regulation/tests/002.test.mjs; waiting for stream drain; last verdict: none received
runner: active file requirements/attention-regulation/tests/004.test.mjs; waiting for stream drain; last verdict: none received
runner: active file requirements/attention-regulation/tests/005.test.mjs; waiting for stream drain; last verdict: none received
runner: active file requirements/concern-routing/tests/002.test.mjs; waiting for stream drain; last verdict: none received
runner: active file requirements/concern-routing/tests/003.test.mjs; waiting for stream drain; last verdict: none received
runner: active file requirements/concern-routing/tests/004.test.mjs; waiting for stream drain; last verdict: none received
runner: active file requirements/concern-routing/tests/005.test.mjs; waiting for stream drain; last verdict: none received
runner: active file requirements/concern-routing/tests/006.test.mjs; waiting for stream drain; last verdict: none received
runner: active file requirements/crash-reconciliation/tests/018.test.mjs; waiting for stream drain; last verdict: none received
runner: active file requirements/degeneration-guard/tests/004.test.mjs; waiting for stream drain; last verdict: none received
runner: 143 queued file(s) have not started
runner: verdict counts unavailable; no authoritative summary before the silence
