TAP version 13
# Subtest: WHAT[cognitive-environment-015] installed Host delivers ephemeral Blogger hints in two actual provider requests
ok 1 - WHAT[cognitive-environment-015] installed Host delivers ephemeral Blogger hints in two actual provider requests
  ---
  duration_ms: 6075.674917
  type: 'test'
  ...
# Subtest: WHAT[cognitive-environment-015] a late actual provider callback failure cannot turn into a successful canary
ok 2 - WHAT[cognitive-environment-015] a late actual provider callback failure cannot turn into a successful canary
  ---
  duration_ms: 4230.333708
  type: 'test'
  ...
# Subtest: WHAT[cognitive-environment-015] BLOGGER_CHRONICLE_TEXT_has_exact_bilingual_craft
ok 3 - WHAT[cognitive-environment-015] BLOGGER_CHRONICLE_TEXT_has_exact_bilingual_craft
  ---
  duration_ms: 0.671792
  type: 'test'
  ...
# Subtest: WHAT[cognitive-environment-015] Blogger prose discipline rejects status-report wrappers and demands self-contained evidence
ok 4 - WHAT[cognitive-environment-015] Blogger prose discipline rejects status-report wrappers and demands self-contained evidence
  ---
  duration_ms: 4.260875
  type: 'test'
  ...
# Subtest: WHAT[cognitive-environment-015] BLOGGER_CHRONICLE_TEXT_is_companion_only_ephemeral_assistant_text_injection
ok 5 - WHAT[cognitive-environment-015] BLOGGER_CHRONICLE_TEXT_is_companion_only_ephemeral_assistant_text_injection
  ---
  duration_ms: 0.346083
  type: 'test'
  ...
# Subtest: WHAT[cognitive-environment-015] BLOGGER_CHRONICLE_TEXT_is_enabled_for_step_3_5_flash_model_prefix
ok 6 - WHAT[cognitive-environment-015] BLOGGER_CHRONICLE_TEXT_is_enabled_for_step_3_5_flash_model_prefix
  ---
  duration_ms: 21.731708
  type: 'test'
  ...
# Subtest: WHAT[cognitive-environment-015] BLOGGER_CHRONICLE_TEXT_is_the_last_semantic_injection_before_sanitize
ok 7 - WHAT[cognitive-environment-015] BLOGGER_CHRONICLE_TEXT_is_the_last_semantic_injection_before_sanitize
  ---
  duration_ms: 0.176083
  type: 'test'
  ...
# Subtest: WHAT[cognitive-environment-015] B1_whitelisted_model_prefix_injects_exactly_one_bilingual_hint_before_frontier_user
ok 8 - WHAT[cognitive-environment-015] B1_whitelisted_model_prefix_injects_exactly_one_bilingual_hint_before_frontier_user
  ---
  duration_ms: 3.591792
  type: 'test'
  ...
# Subtest: WHAT[cognitive-environment-015] B2_non_whitelisted_model_prefix_performs_zero_injection
ok 9 - WHAT[cognitive-environment-015] B2_non_whitelisted_model_prefix_performs_zero_injection
  ---
  duration_ms: 0.701667
  type: 'test'
  ...
# Subtest: WHAT[cognitive-environment-015] B3_existing_same_text_assistant_message_is_deduplicated_not_reinjected
ok 10 - WHAT[cognitive-environment-015] B3_existing_same_text_assistant_message_is_deduplicated_not_reinjected
  ---
  duration_ms: 0.848792
  type: 'test'
  ...
# Subtest: WHAT[cognitive-environment-015] B4_injection_writes_no_durable_persistence
ok 11 - WHAT[cognitive-environment-015] B4_injection_writes_no_durable_persistence
  ---
  duration_ms: 0.708125
  type: 'test'
  ...
# Subtest: WHAT[cognitive-environment-015] B5_language_binding_selects_the_matching_resource_leaf
ok 12 - WHAT[cognitive-environment-015] B5_language_binding_selects_the_matching_resource_leaf
  ---
  duration_ms: 0.352041
  type: 'test'
  ...
# Subtest: WHAT[cognitive-environment-015] B6_missing_physical_identity_cannot_borrow_the_session_model
ok 13 - WHAT[cognitive-environment-015] B6_missing_physical_identity_cannot_borrow_the_session_model
  ---
  duration_ms: 0.528333
  type: 'test'
  ...
# Subtest: WHAT[cognitive-environment-015] registered companion projection keeps the original execution model gate
ok 14 - WHAT[cognitive-environment-015] registered companion projection keeps the original execution model gate
  ---
  duration_ms: 1027.855458
  type: 'test'
  ...
# Subtest: WHAT[cognitive-environment-015] durable marker oracle observes Git-private event bytes
ok 15 - WHAT[cognitive-environment-015] durable marker oracle observes Git-private event bytes
  ---
  duration_ms: 1.126416
  type: 'test'
  ...
# Subtest: WHAT[cognitive-environment-015] R1_registered_transform_injects_one_marker_and_writes_no_durable_history
ok 16 - WHAT[cognitive-environment-015] R1_registered_transform_injects_one_marker_and_writes_no_durable_history
  ---
  duration_ms: 399.645041
  type: 'test'
  ...
# Subtest: WHAT[cognitive-environment-015] R2_registered_transform_non_companion_session_injects_nothing
ok 17 - WHAT[cognitive-environment-015] R2_registered_transform_non_companion_session_injects_nothing
  ---
  duration_ms: 312.453
  type: 'test'
  ...
# Subtest: WHAT[cognitive-environment-015] R3_registered_transform_replays_same_occurrence_without_duplicate_markers
ok 18 - WHAT[cognitive-environment-015] R3_registered_transform_replays_same_occurrence_without_duplicate_markers
  ---
  duration_ms: 519.602667
  type: 'test'
  ...
# Subtest: WHAT[cognitive-environment-015] R4_registered_transform_followup_request_history_boundary
ok 19 - WHAT[cognitive-environment-015] R4_registered_transform_followup_request_history_boundary
  ---
  duration_ms: 565.742792
  type: 'test'
  ...
# Subtest: WHAT[cognitive-environment-015] R5_registered_transform_without_committed_lease_fails_closed_at_execution_admission
ok 20 - WHAT[cognitive-environment-015] R5_registered_transform_without_committed_lease_fails_closed_at_execution_admission
  ---
  duration_ms: 258.869416
  type: 'test'
  ...
# Subtest: WHAT[cognitive-environment-015] R6_registered_transform_non_whitelisted_model_injects_nothing
ok 21 - WHAT[cognitive-environment-015] R6_registered_transform_non_whitelisted_model_injects_nothing
  ---
  duration_ms: 407.913708
  type: 'test'
  ...
1..21
# tests 21
# suites 0
# pass 21
# fail 0
# cancelled 0
# skipped 0
# todo 0
# duration_ms 14094.108584
