TAP version 13
# Subtest: WHAT[concern-routing-006] opening an owner incumbency preserves its already subscribed mailbox
not ok 1 - WHAT[concern-routing-006] opening an owner incumbency preserves its already subscribed mailbox
  ---
  duration_ms: 1074.621792
  type: 'test'
  location: '/Users/yuanxi/Workwork/vibe-fs/requirements/concern-routing/tests/006.test.mjs:29:1'
  failureType: 'testCodeFailure'
  error: |-
    The input did not match the regular expression /Message accepted/. Input:
    
    '# Concern address `opening-build` has no live mailbox; nothing was published.\n'
    
  code: 'ERR_ASSERTION'
  name: 'AssertionError'
  expected:
  actual: |-
    # Concern address `opening-build` has no live mailbox; nothing was published.
    
  operator: 'match'
  stack: |-
    file:///Users/yuanxi/Workwork/vibe-fs/requirements/concern-routing/tests/006.test.mjs:43:12
    async withExecutablePlugin (file:///Users/yuanxi/Workwork/vibe-fs/requirements/verification-system/tests/support/plugin-fixture.mjs:274:7)
    async TestContext.<anonymous> (file:///Users/yuanxi/Workwork/vibe-fs/requirements/concern-routing/tests/006.test.mjs:30:3)
    async Test.run (node:internal/test_runner/test:1054:7)
    async startSubtestAfterBootstrap (node:internal/test_runner/harness:296:3)
  ...
1..1
# tests 1
# suites 0
# pass 0
# fail 1
# cancelled 0
# skipped 0
# todo 0
# duration_ms 1284.249583
