runner: scoped 使用 TESTS_MJS_FILES=18 files
runner: build is current (1796 sources, 885 artifacts)
runner: discovery OVERRIDDEN by TESTS_MJS_FILES (18 file(s))
runner: 18 test file(s), 5000ms verdict-silence window
js-boundary-gate: 2 violation(s) across 1 file(s)
  ../../../../var/folders/g_/3ydzn7kx5lg9ylq8fd9p_13r0000gn/T/boundary-gate-red-AUcDdI/requirements/sample-pkg/tests/debt.test.mjs:1 [deep-dist-import] import * as mod from '../../../dist/Internal/UnregisteredModule.js'
  ../../../../var/folders/g_/3ydzn7kx5lg9ylq8fd9p_13r0000gn/T/boundary-gate-red-AUcDdI/requirements/sample-pkg/tests/debt.test.mjs:2 [export-discovery] const names = Object.keys(mod)
js-boundary-gate: OK — 0 debt line(s) across 0 file(s)
js-boundary-gate: OK — 0 debt line(s) across 0 file(s)
js-boundary-gate: 1 violation(s) across 1 file(s)
  ../../../../var/folders/g_/3ydzn7kx5lg9ylq8fd9p_13r0000gn/T/boundary-environment-KKNsbz/requirements/sample/tests/001.test.mjs:3 [mangled-lookup] const name = 'Example__run'; name.startsWith('Example__')
js-boundary-gate: 1 violation(s) across 1 file(s)
  ../../../../var/folders/g_/3ydzn7kx5lg9ylq8fd9p_13r0000gn/T/boundary-environment-KKNsbz/requirements/sample/tests/001.test.mjs:3 [mangled-lookup] const name = '_Method'; name.endsWith('_Method')
js-boundary-gate: 1 violation(s) across 1 file(s)
  ../../../../var/folders/g_/3ydzn7kx5lg9ylq8fd9p_13r0000gn/T/boundary-environment-KKNsbz/requirements/sample/tests/001.test.mjs:3 [mangled-lookup] Object.keys(process.env).filter((env) => { const name = 'Example__run'; return name.startsWith('Example__') })
coverage: running tests with NODE_V8_COVERAGE in /private/var/folders/g_/3ydzn7kx5lg9ylq8fd9p_13r0000gn/T/coverage-permission-runner-tsJAJg/.fable-build/coverage/1791113993345-43910/raw...

coverage: OK (2 production modules covered, report in /private/var/folders/g_/3ydzn7kx5lg9ylq8fd9p_13r0000gn/T/coverage-permission-runner-tsJAJg/.fable-build/coverage/1791113993345-43910/report)
coverage: running tests with NODE_V8_COVERAGE in /private/var/folders/g_/3ydzn7kx5lg9ylq8fd9p_13r0000gn/T/coverage-permission-reporter-guPQJy/.fable-build/coverage/1791113998606-43910/raw...

coverage: OK (2 production modules covered, report in /private/var/folders/g_/3ydzn7kx5lg9ylq8fd9p_13r0000gn/T/coverage-permission-reporter-guPQJy/.fable-build/coverage/1791113998606-43910/report)
coverage: running tests with NODE_V8_COVERAGE in /private/var/folders/g_/3ydzn7kx5lg9ylq8fd9p_13r0000gn/T/coverage-empty-input-runner-UzFJ7E/.fable-build/coverage/1791114007108-43910/raw...

coverage: OK (2 production modules covered, report in /private/var/folders/g_/3ydzn7kx5lg9ylq8fd9p_13r0000gn/T/coverage-empty-input-runner-UzFJ7E/.fable-build/coverage/1791114007108-43910/report)
coverage: running tests with NODE_V8_COVERAGE in /private/var/folders/g_/3ydzn7kx5lg9ylq8fd9p_13r0000gn/T/coverage-empty-input-reporter-nrXomh/.fable-build/coverage/1791114013362-43910/raw...
runner: 1 test file(s), 10000ms verdict-silence window
runner: post-exit group verification/reclamation: pid=44154; elapsedMs=731.451; accepted=true

runner: 1 passed, 0 failed; 0/1 planned file(s) completed
runner: incomplete run; no completion for /Users/yuanxi/Workwork/vibe-fs/requirements/verification-system/tests/support/fixtures/two-leaf.fixture.mjs
runner: 1 test file(s), 1000ms verdict-silence window
runner: post-exit group verification/reclamation: pid=44170; elapsedMs=889.947; accepted=true

runner: 1 passed, 0 failed; 1/1 planned file(s) completed
runner: incomplete run; not every planned file stream drained
runner: 1 test file(s), 10000ms verdict-silence window

coverage: OK (2 production modules covered, report in /private/var/folders/g_/3ydzn7kx5lg9ylq8fd9p_13r0000gn/T/coverage-empty-input-reporter-nrXomh/.fable-build/coverage/1791114013362-43910/report)
coverage: running tests with NODE_V8_COVERAGE in /private/var/folders/g_/3ydzn7kx5lg9ylq8fd9p_13r0000gn/T/coverage-report-signal-dLL9rY/.fable-build/coverage/signalled-report/raw...
TAP version 13
# Subtest: leaf one
ok 1 - leaf one
  ---
  duration_ms: 7.113
  type: 'test'
  ...
# Subtest: leaf two
ok 2 - leaf two
  ---
  duration_ms: 0.81825
  type: 'test'
  ...
1..2
# tests 2
# suites 0
# pass 2
# fail 0
# cancelled 0
# skipped 0
# todo 0
# duration_ms 251.250958
runner: post-exit group verification/reclamation: pid=44190; elapsedMs=560.511; accepted=true
runner: inner runner failed to provide authoritative summary

runner: verdict counts unavailable; no authoritative summary; 0/1 planned file(s) completed
runner: 1 test file(s), 10000ms verdict-silence window
coverage: c8 report generation failed
coverage: running tests with NODE_V8_COVERAGE in /private/var/folders/g_/3ydzn7kx5lg9ylq8fd9p_13r0000gn/T/cov-root-alias-Ez4z1e/actual/.fable-build/coverage/1791114025288-43910/raw...
runner: post-exit group verification/reclamation: pid=44246; elapsedMs=559.409; accepted=true

runner: 1 passed, 0 failed; 1/1 planned file(s) completed
runner: partial evidence; 0 skipped, 1 TODO; excluded cases are not passes
runner: pending proof prevents complete acceptance
runner: 1 test file(s), 10000ms verdict-silence window
runner: post-exit group verification/reclamation: pid=44271; elapsedMs=713.456; accepted=true

runner: 1 passed, 0 failed; 1/1 planned file(s) completed
runner: partial evidence; 0 skipped, 1 TODO; excluded cases are not passes
runner: pending proof prevents complete acceptance
runner: 2 test file(s), 10000ms verdict-silence window
node:internal/test_runner/harness:99
      throw err;
      ^

Error [ERR_MODULE_NOT_FOUND]: Cannot find module '/var/folders/g_/3ydzn7kx5lg9ylq8fd9p_13r0000gn/T/failed-test-file-xw5wWI/missing.fixture.mjs' imported from /Users/yuanxi/Workwork/vibe-fs/
    at finalizeResolution (node:internal/modules/esm/resolve:275:11)
    at moduleResolve (node:internal/modules/esm/resolve:865:10)
    at defaultResolve (node:internal/modules/esm/resolve:989:11)
    at #cachedDefaultResolve (node:internal/modules/esm/loader:747:20)
    at ModuleLoader.resolve (node:internal/modules/esm/loader:724:38)
    at ModuleLoader.getModuleJobForImport (node:internal/modules/esm/loader:320:38)
    at onImport.tracePromise.__proto__ (node:internal/modules/esm/loader:680:36)
    at TracingChannel.tracePromise (node:diagnostics_channel:350:14)
    at ModuleLoader.import (node:internal/modules/esm/loader:679:21)
    at node:internal/modules/run_main:179:35 {
  code: 'ERR_MODULE_NOT_FOUND',
  url: 'file:///var/folders/g_/3ydzn7kx5lg9ylq8fd9p_13r0000gn/T/failed-test-file-xw5wWI/missing.fixture.mjs'
}

Node.js v22.23.3

✖ failing tests:

test at /var/folders/g_/3ydzn7kx5lg9ylq8fd9p_13r0000gn/T/failed-test-file-xw5wWI/missing.fixture.mjs:1:1
✖ /var/folders/g_/3ydzn7kx5lg9ylq8fd9p_13r0000gn/T/failed-test-file-xw5wWI/missing.fixture.mjs (1511.171ms)
  'test failed'


[test-summary] 2 file(s), 2 passed, 0 failed, 1 failed containers (2.56s wall, 0.11s test time)

coverage: OK (2 production modules covered, report in /private/var/folders/g_/3ydzn7kx5lg9ylq8fd9p_13r0000gn/T/cov-root-alias-Ez4z1e/actual/.fable-build/coverage/1791114025288-43910/report)
coverage: running tests with NODE_V8_COVERAGE in /private/var/folders/g_/3ydzn7kx5lg9ylq8fd9p_13r0000gn/T/cov-test-1-JGekZC/.fable-build/coverage/1791114032529-43910/raw...
runner: post-exit group verification/reclamation: pid=44285; elapsedMs=1994.925; accepted=true
runner: 2 test(s), 0.1s of test time; max 59ms, p90 59ms, median 55ms

runner: 2 passed, 0 failed; 2/2 planned file(s) completed
runner: cancelled tests or failed containers prevent complete acceptance
runner: 2 test file(s), 10000ms verdict-silence window
node:internal/test_runner/harness:99
      throw err;
      ^

Error: fixture failed before registering any test
    at file:///private/var/folders/g_/3ydzn7kx5lg9ylq8fd9p_13r0000gn/T/failed-test-file-xw5wWI/broken.fixture.mjs:1:7
    at ModuleJob.run (node:internal/modules/esm/module_job:343:25)
    at async onImport.tracePromise.__proto__ (node:internal/modules/esm/loader:681:26)
    at async asyncRunEntryPointWithESMLoader (node:internal/modules/run_main:117:5)

Node.js v22.23.3

✖ failing tests:

test at /var/folders/g_/3ydzn7kx5lg9ylq8fd9p_13r0000gn/T/failed-test-file-xw5wWI/broken.fixture.mjs:1:1
✖ /var/folders/g_/3ydzn7kx5lg9ylq8fd9p_13r0000gn/T/failed-test-file-xw5wWI/broken.fixture.mjs (1149.511ms)
  'test failed'


[test-summary] 2 file(s), 2 passed, 0 failed, 1 failed containers (1.45s wall, 0.14s test time)
runner: post-exit group verification/reclamation: pid=44428; elapsedMs=1342.421; accepted=true
runner: 2 test(s), 0.1s of test time; max 110ms, p90 110ms, median 29ms

runner: 2 passed, 0 failed; 2/2 planned file(s) completed
runner: cancelled tests or failed containers prevent complete acceptance

coverage: OK (2 production modules covered, report in /private/var/folders/g_/3ydzn7kx5lg9ylq8fd9p_13r0000gn/T/cov-test-1-JGekZC/.fable-build/coverage/1791114032529-43910/report)
coverage: running tests with NODE_V8_COVERAGE in /private/var/folders/g_/3ydzn7kx5lg9ylq8fd9p_13r0000gn/T/cov-test-2-kN0LsV/.fable-build/coverage/1791114039376-43910/raw...

coverage: OK (2 production modules covered, report in /private/var/folders/g_/3ydzn7kx5lg9ylq8fd9p_13r0000gn/T/cov-test-2-kN0LsV/.fable-build/coverage/1791114039376-43910/report)
coverage: running tests with NODE_V8_COVERAGE in /private/var/folders/g_/3ydzn7kx5lg9ylq8fd9p_13r0000gn/T/cov-test-3-dA2Xmg/.fable-build/coverage/1791114043350-43910/raw...
WATCHDOG: 'tests/unit' silent for 5800ms (limit 5000ms); 297 blocking progress update(s), last progress: test:fail:WHAT[verification-system-006] physical backstop diagnostics retain active verdicts and queued files while completed leaves continue advancing lane=/Users/yuanxi/Workwork/vibe-fs/requirements/verification-system/tests/006.test.mjs expectation=none
WATCHDOG: background progress 12839ms ago: test:stdout lane=/Users/yuanxi/Workwork/vibe-fs/requirements/verification-system/tests/011.test.mjs (211 background update(s), none of them renewals)
runner: 7 file(s) had not reported completion
runner: file streams: 11 drained, 7 active, 0 queued
runner: active file requirements/verification-system/tests/005.test.mjs; waiting for stream drain; last verdict: test:pass:WHAT[verification-system-005] unused plugin fixtures defer production entry failures until activation
runner: active file requirements/verification-system/tests/006.test.mjs; waiting for stream drain; last verdict: test:fail:WHAT[verification-system-006] physical backstop diagnostics retain active verdicts and queued files while completed leaves continue advancing
runner: active file requirements/verification-system/tests/008.test.mjs; waiting for stream drain; last verdict: test:pass:WHAT[verification-system-008] release output reset physically removes stale artifacts
runner: active file requirements/verification-system/tests/009.test.mjs; waiting for stream drain; last verdict: test:pass:WHAT[verification-system-009] the actual repository discovery refuses missing or malformed suites with nonzero exit
runner: active file requirements/verification-system/tests/011.test.mjs; waiting for stream drain; last verdict: test:pass:WHAT[verification-system-011] 2. 未导入文件顶层抛错: 不执行该顶层代码，仍作为未覆盖文件出现
runner: active file requirements/verification-system/tests/016.test.mjs; waiting for stream drain; last verdict: test:pass:WHAT[verification-system-016] wrong selected tool archive digest publishes no candidate
runner: active file requirements/verification-system/tests/017.test.mjs; waiting for stream drain; last verdict: test:pass:WHAT[verification-system-017] a failed stage stops the ladder without retry or a success result
runner: verdict counts unavailable; no authoritative summary before the silence
runner: post-exit group verification/reclamation: pid=43900; elapsedMs=313.873; accepted=true

runner: verdict counts unavailable; no authoritative summary; 11/18 planned file(s) completed
Error: runner: supervised suite failed (exit 1)
    at fail (file:///Users/yuanxi/Workwork/vibe-fs/requirements/verification-system/tests/e2e/support/supervise-node-test.mjs:217:25)
    at superviseOwnedNodeTest (file:///Users/yuanxi/Workwork/vibe-fs/requirements/verification-system/tests/e2e/support/supervise-node-test.mjs:393:39)
    at process.processTicksAndRejections (node:internal/process/task_queues:103:5)
    at async superviseNodeTest (file:///Users/yuanxi/Workwork/vibe-fs/requirements/verification-system/tests/e2e/support/supervise-node-test.mjs:195:14)
    at async file:///Users/yuanxi/Workwork/vibe-fs/requirements/verification-system/tests/run.mjs:94:1 {
  exitCode: 1
}
