TAP version 13
# Subtest: WHAT[verification-system-006] event safety ceilings validate input and count actual non-heartbeat events
ok 1 - WHAT[verification-system-006] event safety ceilings validate input and count actual non-heartbeat events
  ---
  duration_ms: 1.035792
  type: 'test'
  ...
# Subtest: WHAT[verification-system-006] diagnostics preserve the actual wait and monitored subject
ok 2 - WHAT[verification-system-006] diagnostics preserve the actual wait and monitored subject
  ---
  duration_ms: 13.70925
  type: 'test'
  ...
# Subtest: WHAT[verification-system-006] missing and corrupt wait snapshots disclose the diagnostic gap
ok 3 - WHAT[verification-system-006] missing and corrupt wait snapshots disclose the diagnostic gap
  ---
  duration_ms: 10.988375
  type: 'test'
  ...
# Subtest: WHAT[verification-system-006] the initial silence window covers execution before its first progress
ok 4 - WHAT[verification-system-006] the initial silence window covers execution before its first progress
  ---
  duration_ms: 0.857125
  type: 'test'
  ...
# Subtest: WHAT[verification-system-006] continuing progress outlives a window and silence is measured from its last advance
ok 5 - WHAT[verification-system-006] continuing progress outlives a window and silence is measured from its last advance
  ---
  duration_ms: 0.486
  type: 'test'
  ...
# Subtest: WHAT[verification-system-006] completed verdicts renew the window while repeated log traffic cannot
ok 6 - WHAT[verification-system-006] completed verdicts renew the window while repeated log traffic cannot
  ---
  duration_ms: 0.824
  type: 'test'
  ...
# Subtest: WHAT[verification-system-006] scheduling events do not renew the silence window
ok 7 - WHAT[verification-system-006] scheduling events do not renew the silence window
  ---
  duration_ms: 0.318541
  type: 'test'
  ...
# Subtest: WHAT[verification-system-006] file waits distinguish queued, active and verdicts awaiting stream drain
ok 8 - WHAT[verification-system-006] file waits distinguish queued, active and verdicts awaiting stream drain
  ---
  duration_ms: 0.235208
  type: 'test'
  ...
# Subtest: WHAT[verification-system-006] file lifecycle facts reject unknown entries and impossible transitions
ok 9 - WHAT[verification-system-006] file lifecycle facts reject unknown entries and impossible transitions
  ---
  duration_ms: 0.37275
  type: 'test'
  ...
# Subtest: WHAT[verification-system-006] real silence diagnostics identify active waits separately from queued files
ok 10 - WHAT[verification-system-006] real silence diagnostics identify active waits separately from queued files
  ---
  duration_ms: 1162.480709
  type: 'test'
  ...
# Subtest: WHAT[verification-system-006] silence failure reclaims its process group before the caller catches it and completes cleanup
ok 11 - WHAT[verification-system-006] silence failure reclaims its process group before the caller catches it and completes cleanup
  ---
  duration_ms: 1116.992042
  type: 'test'
  ...
# Subtest: WHAT[verification-system-006] synchronous runner spawn failure preserves its cause and stops its watchdog
ok 12 - WHAT[verification-system-006] synchronous runner spawn failure preserves its cause and stops its watchdog
  ---
  duration_ms: 447.366917
  type: 'test'
  ...
# Subtest: WHAT[verification-system-006] suite HOME cleanup failure preserves the original failed verdict and rejects acceptance
ok 13 - WHAT[verification-system-006] suite HOME cleanup failure preserves the original failed verdict and rejects acceptance
  ---
  duration_ms: 165.951208
  type: 'test'
  ...
# Subtest: WHAT[verification-system-006] standalone inner owns only its allocated HOME and always releases it
ok 14 - WHAT[verification-system-006] standalone inner owns only its allocated HOME and always releases it
  ---
  duration_ms: 172.466834
  type: 'test'
  ...
# Subtest: WHAT[verification-system-006] physical backstop diagnostics retain active verdicts and queued files while completed leaves continue advancing
ok 15 - WHAT[verification-system-006] physical backstop diagnostics retain active verdicts and queued files while completed leaves continue advancing
  ---
  duration_ms: 1591.834375
  type: 'test'
  ...
# Subtest: WHAT[verification-system-006] synchronous work and microtasks deliver completed verdicts before the file ends
ok 16 - WHAT[verification-system-006] synchronous work and microtasks deliver completed verdicts before the file ends
  ---
  duration_ms: 2279.213416
  type: 'test'
  ...
# Subtest: WHAT[verification-system-006] transport scheduling cannot renew unfinished work or background noise
ok 17 - WHAT[verification-system-006] transport scheduling cannot renew unfinished work or background noise
  ---
  duration_ms: 3255.774625
  type: 'test'
  ...
# Subtest: WHAT[verification-system-006] transport scheduling preserves after-hook failure verdicts
ok 18 - WHAT[verification-system-006] transport scheduling preserves after-hook failure verdicts
  ---
  duration_ms: 2244.922958
  type: 'test'
  ...
# Subtest: WHAT[verification-system-006] repeat observations of one causal state do not renew twice
ok 19 - WHAT[verification-system-006] repeat observations of one causal state do not renew twice
  ---
  duration_ms: 0.817958
  type: 'test'
  ...
# Subtest: WHAT[verification-system-006] stop cancels monitoring and late signals cannot resurrect it
ok 20 - WHAT[verification-system-006] stop cancels monitoring and late signals cannot resurrect it
  ---
  duration_ms: 0.148583
  type: 'test'
  ...
# Subtest: WHAT[verification-system-006] changing the window does not invent new causal progress
ok 21 - WHAT[verification-system-006] changing the window does not invent new causal progress
  ---
  duration_ms: 0.198959
  type: 'test'
  ...
# Subtest: WHAT[verification-system-006] restoring the default window retains the original last-progress time
ok 22 - WHAT[verification-system-006] restoring the default window retains the original last-progress time
  ---
  duration_ms: 0.119666
  type: 'test'
  ...
# Subtest: WHAT[verification-system-006] failed diagnostic collection discloses its cause before exit
ok 23 - WHAT[verification-system-006] failed diagnostic collection discloses its cause before exit
  ---
  duration_ms: 0.462
  type: 'test'
  ...
# Subtest: WHAT[verification-system-006] hung diagnostic collection discloses missing information and cannot prevent exit
ok 24 - WHAT[verification-system-006] hung diagnostic collection discloses missing information and cannot prevent exit
  ---
  duration_ms: 0.204625
  type: 'test'
  ...
# Subtest: WHAT[verification-system-006] successful diagnostic collection completes before a single exit
ok 25 - WHAT[verification-system-006] successful diagnostic collection completes before a single exit
  ---
  duration_ms: 0.143083
  type: 'test'
  ...
# Subtest: WHAT[verification-system-006] a diagnostic output failure still terminates once and cannot restart monitoring
ok 26 - WHAT[verification-system-006] a diagnostic output failure still terminates once and cannot restart monitoring
  ---
  duration_ms: 0.220458
  type: 'test'
  ...
# Subtest: WHAT[verification-system-006] consumed expectation observations preserve the matched physical attempt
ok 27 - WHAT[verification-system-006] consumed expectation observations preserve the matched physical attempt
  ---
  duration_ms: 0.320792
  type: 'test'
  ...
# Subtest: WHAT[verification-system-006] turn observations keep session identity and forget pre-restart cursors
ok 28 - WHAT[verification-system-006] turn observations keep session identity and forget pre-restart cursors
  ---
  duration_ms: 0.256042
  type: 'test'
  ...
# Subtest: WHAT[verification-system-006] alternative progress waits resolve the observed branch and release siblings
ok 29 - WHAT[verification-system-006] alternative progress waits resolve the observed branch and release siblings
  ---
  duration_ms: 0.231
  type: 'test'
  ...
# Subtest: WHAT[verification-system-021] compact and verbose reports preserve outcomes and visible exclusions
ok 30 - WHAT[verification-system-021] compact and verbose reports preserve outcomes and visible exclusions
  ---
  duration_ms: 1.518958
  type: 'test'
  ...
# Subtest: WHAT[verification-system-021] cancelled and TODO failures are not ordinary assertion verdicts
ok 31 - WHAT[verification-system-021] cancelled and TODO failures are not ordinary assertion verdicts
  ---
  duration_ms: 0.151958
  type: 'test'
  ...
# Subtest: WHAT[verification-system-021] conflicting final results cannot erase a previous failure
ok 32 - WHAT[verification-system-021] conflicting final results cannot erase a previous failure
  ---
  duration_ms: 0.322625
  type: 'test'
  ...
# Subtest: WHAT[verification-system-021] equal names in different files or distinct subtests do not collapse
ok 33 - WHAT[verification-system-021] equal names in different files or distinct subtests do not collapse
  ---
  duration_ms: 0.104917
  type: 'test'
  ...
# Subtest: WHAT[verification-system-021] a failing suite preserves its container failure without double counting leaves
ok 34 - WHAT[verification-system-021] a failing suite preserves its container failure without double counting leaves
  ---
  duration_ms: 0.106125
  type: 'test'
  ...
# Subtest: WHAT[verification-system-021] shared registration sources retain each entry ownership and repeated container verdicts count once
ok 35 - WHAT[verification-system-021] shared registration sources retain each entry ownership and repeated container verdicts count once
  ---
  duration_ms: 0.089291
  type: 'test'
  ...
# Subtest: WHAT[verification-system-021] the real concurrent runner keeps shared helper tests under their own entry files
ok 36 - WHAT[verification-system-021] the real concurrent runner keeps shared helper tests under their own entry files
  ---
  duration_ms: 95.887041
  type: 'test'
  ...
# Subtest: WHAT[verification-system-021] a leaf completion cannot stand for completion of its file
ok 37 - WHAT[verification-system-021] a leaf completion cannot stand for completion of its file
  ---
  duration_ms: 0.166083
  type: 'test'
  ...
# Subtest: WHAT[verification-system-021] stream error and clean end have distinct completion evidence
ok 38 - WHAT[verification-system-021] stream error and clean end have distinct completion evidence
  ---
  duration_ms: 0.8055
  type: 'test'
  ...
# runner: 1 test file(s), 10000ms verdict-silence window
# Subtest: WHAT[verification-system-021] a real inner runner completes all leaves before file completion and summary
ok 39 - WHAT[verification-system-021] a real inner runner completes all leaves before file completion and summary
  ---
  duration_ms: 85.051458
  type: 'test'
  ...
# runner: post-exit group verification/reclamation: pid=6252; elapsedMs=19.648; accepted=true
# runner: 1 passed, 0 failed; 0/1 planned file(s) completed
# runner: incomplete run; no completion for /Users/yuanxi/Workwork/vibe-fs/requirements/verification-system/tests/support/fixtures/two-leaf.fixture.mjs
# runner: 1 test file(s), 1000ms verdict-silence window
# Subtest: WHAT[verification-system-021] summary and clean exit cannot disguise missing file completion
ok 40 - WHAT[verification-system-021] summary and clean exit cannot disguise missing file completion
  ---
  duration_ms: 46.794334
  type: 'test'
  ...
# runner: post-exit group verification/reclamation: pid=6270; elapsedMs=19.286; accepted=true
# runner: 1 passed, 0 failed; 1/1 planned file(s) completed
# runner: incomplete run; not every planned file stream drained
# runner: 1 test file(s), 10000ms verdict-silence window
# Subtest: WHAT[verification-system-021] aggregate drain cannot replace a planned file stream drain
ok 41 - WHAT[verification-system-021] aggregate drain cannot replace a planned file stream drain
  ---
  duration_ms: 46.713125
  type: 'test'
  ...
# TAP version 13
# \# Subtest: leaf one
# ok 1 - leaf one
#   ---
#   duration_ms: 0.329375
#   type: 'test'
#   ...
# \# Subtest: leaf two
# ok 2 - leaf two
#   ---
#   duration_ms: 0.052833
#   type: 'test'
#   ...
# 1..2
# \# tests 2
# \# suites 0
# \# pass 2
# \# fail 0
# \# cancelled 0
# \# skipped 0
# \# todo 0
# \# duration_ms 3.946291
# runner: post-exit group verification/reclamation: pid=6282; elapsedMs=19.163; accepted=true
# runner: inner runner failed to provide authoritative summary
# runner: verdict counts unavailable; no authoritative summary; 0/1 planned file(s) completed
# Subtest: WHAT[verification-system-021] a clean child exit without authoritative summary is inconclusive
ok 42 - WHAT[verification-system-021] a clean child exit without authoritative summary is inconclusive
  ---
  duration_ms: 54.691958
  type: 'test'
  ...
# runner: 1 test file(s), 10000ms verdict-silence window
# Subtest: WHAT[verification-system-021] a tier exclusion identifies the missing execution tier
ok 43 - WHAT[verification-system-021] a tier exclusion identifies the missing execution tier
  ---
  duration_ms: 66.762333
  type: 'test'
  ...
# runner: post-exit group verification/reclamation: pid=6297; elapsedMs=18.538; accepted=true
# runner: 1 passed, 0 failed; 1/1 planned file(s) completed
# runner: partial evidence; 0 skipped, 1 TODO; excluded cases are not passes
# runner: pending proof prevents complete acceptance
# runner: 1 test file(s), 10000ms verdict-silence window
# runner: post-exit group verification/reclamation: pid=6308; elapsedMs=18.257; accepted=true
# runner: 1 passed, 0 failed; 1/1 planned file(s) completed
# runner: partial evidence; 0 skipped, 1 TODO; excluded cases are not passes
# runner: pending proof prevents complete acceptance
# runner: 2 test file(s), 10000ms verdict-silence window
# Subtest: WHAT[verification-system-021] a known TODO cannot authorize complete acceptance
ok 44 - WHAT[verification-system-021] a known TODO cannot authorize complete acceptance
  ---
  duration_ms: 84.911375
  type: 'test'
  ...
# node:internal/test_runner/harness:99
#       throw err;
#       ^
# Error [ERR_MODULE_NOT_FOUND]: Cannot find module '/var/folders/g_/3ydzn7kx5lg9ylq8fd9p_13r0000gn/T/failed-test-file-sjVoIg/missing.fixture.mjs' imported from /Users/yuanxi/Workwork/vibe-fs/
#     at finalizeResolution (node:internal/modules/esm/resolve:275:11)
#     at moduleResolve (node:internal/modules/esm/resolve:865:10)
#     at defaultResolve (node:internal/modules/esm/resolve:989:11)
#     at \#cachedDefaultResolve (node:internal/modules/esm/loader:747:20)
#     at ModuleLoader.resolve (node:internal/modules/esm/loader:724:38)
#     at ModuleLoader.getModuleJobForImport (node:internal/modules/esm/loader:320:38)
#     at onImport.tracePromise.__proto__ (node:internal/modules/esm/loader:680:36)
#     at TracingChannel.tracePromise (node:diagnostics_channel:350:14)
#     at ModuleLoader.import (node:internal/modules/esm/loader:679:21)
#     at node:internal/modules/run_main:179:35 {
#   code: 'ERR_MODULE_NOT_FOUND',
#   url: 'file:///var/folders/g_/3ydzn7kx5lg9ylq8fd9p_13r0000gn/T/failed-test-file-sjVoIg/missing.fixture.mjs'
# }
# Node.js v22.23.3
# ✖ failing tests:
# test at /var/folders/g_/3ydzn7kx5lg9ylq8fd9p_13r0000gn/T/failed-test-file-sjVoIg/missing.fixture.mjs:1:1
# ✖ /var/folders/g_/3ydzn7kx5lg9ylq8fd9p_13r0000gn/T/failed-test-file-sjVoIg/missing.fixture.mjs (29.290ms)
#   'test failed'
# [test-summary] 2 file(s), 2 passed, 0 failed, 1 failed containers (0.04s wall, 0.00s test time)
# runner: post-exit group verification/reclamation: pid=6319; elapsedMs=18.837; accepted=true
# runner: 2 test(s), 0.0s of test time; max 2ms, p90 2ms, median 1ms
# runner: 2 passed, 0 failed; 2/2 planned file(s) completed
# runner: cancelled tests or failed containers prevent complete acceptance
# runner: 2 test file(s), 10000ms verdict-silence window
# node:internal/test_runner/harness:99
#       throw err;
#       ^
# Error: fixture failed before registering any test
#     at file:///private/var/folders/g_/3ydzn7kx5lg9ylq8fd9p_13r0000gn/T/failed-test-file-sjVoIg/broken.fixture.mjs:1:7
#     at ModuleJob.run (node:internal/modules/esm/module_job:343:25)
#     at async onImport.tracePromise.__proto__ (node:internal/modules/esm/loader:681:26)
#     at async asyncRunEntryPointWithESMLoader (node:internal/modules/run_main:117:5)
# Node.js v22.23.3
# ✖ failing tests:
# test at /var/folders/g_/3ydzn7kx5lg9ylq8fd9p_13r0000gn/T/failed-test-file-sjVoIg/broken.fixture.mjs:1:1
# ✖ /var/folders/g_/3ydzn7kx5lg9ylq8fd9p_13r0000gn/T/failed-test-file-sjVoIg/broken.fixture.mjs (31.219ms)
#   'test failed'
# [test-summary] 2 file(s), 2 passed, 0 failed, 1 failed containers (0.04s wall, 0.00s test time)
# runner: post-exit group verification/reclamation: pid=6332; elapsedMs=18.207; accepted=true
# runner: 2 test(s), 0.0s of test time; max 2ms, p90 2ms, median 0ms
# runner: 2 passed, 0 failed; 2/2 planned file(s) completed
# runner: cancelled tests or failed containers prevent complete acceptance
# Subtest: WHAT[verification-system-021] missing or unloadable planned files fail the real supervisor despite completed file wrappers
ok 45 - WHAT[verification-system-021] missing or unloadable planned files fail the real supervisor despite completed file wrappers
  ---
  duration_ms: 173.36625
  type: 'test'
  ...
1..45
# tests 45
# suites 0
# pass 45
# fail 0
# cancelled 0
# skipped 0
# todo 0
# duration_ms 12720.833541
