TAP version 13
# Subtest: WHAT[verification-system-016] selected Node and complete npm bundle preparation binds actual probes without borrowing ambient configuration
    # Subtest: WHAT[verification-system-016] the formal fixture captures an explicit complete npm package and actual selected Node binary
    ok 1 - WHAT[verification-system-016] the formal fixture captures an explicit complete npm package and actual selected Node binary
      ---
      duration_ms: 1396.682667
      type: 'test'
      ...
    # Subtest: WHAT[verification-system-016] wrong selected tool archive digest publishes no candidate
    ok 2 - WHAT[verification-system-016] wrong selected tool archive digest publishes no candidate
      ---
      duration_ms: 64.896584
      type: 'test'
      ...
    # Subtest: WHAT[verification-system-016] tool role paths reject aliases and npm entrypoints outside the selected npm package
    ok 3 - WHAT[verification-system-016] tool role paths reject aliases and npm entrypoints outside the selected npm package
      ---
      duration_ms: 2561.182958
      type: 'test'
      ...
    # Subtest: WHAT[verification-system-016] actual bundled Node and npm probes ignore hostile ambient HOME launchers and npm configuration
    ok 4 - WHAT[verification-system-016] actual bundled Node and npm probes ignore hostile ambient HOME launchers and npm configuration
      ---
      duration_ms: 3114.46925
      type: 'test'
      ...
    # Subtest: WHAT[verification-system-016] a missing declared npm library cannot be borrowed from the candidate parent directory by the actual npm CLI
    ok 5 - WHAT[verification-system-016] a missing declared npm library cannot be borrowed from the candidate parent directory by the actual npm CLI
      ---
      duration_ms: 1398.492459
      type: 'test'
      ...
    # Subtest: WHAT[verification-system-016] complete root npm dependencies cannot conceal a missing declared transitive production library
    not ok 6 - WHAT[verification-system-016] complete root npm dependencies cannot conceal a missing declared transitive production library
      ---
      duration_ms: 1.853042
      type: 'test'
      location: '/Users/yuanxi/Workwork/vibe-fs/requirements/verification-system/tests/support/node-tool-candidate-tests.mjs:135:15'
      failureType: 'testCodeFailure'
      error: 'The actual transitive library must resolve inside the selected npm package'
      code: 'ERR_ASSERTION'
      name: 'AssertionError'
      expected: true
      actual: false
      operator: '=='
      stack: |-
        TestContext.<anonymous> (file:///Users/yuanxi/Workwork/vibe-fs/requirements/verification-system/tests/support/node-tool-candidate-tests.mjs:144:18)
        Test.runInAsyncScope (node:async_hooks:214:14)
        Test.run (node:internal/test_runner/test:1047:25)
        Test.start (node:internal/test_runner/test:944:17)
        TestContext.test (node:internal/test_runner/test:373:20)
        TestContext.<anonymous> (file:///Users/yuanxi/Workwork/vibe-fs/requirements/verification-system/tests/support/node-tool-candidate-tests.mjs:135:15)
        async Test.run (node:internal/test_runner/test:1054:7)
        async startSubtestAfterBootstrap (node:internal/test_runner/harness:296:3)
      ...
    # Subtest: WHAT[verification-system-016] a valid selected archive missing an npm required module fails the actual npm probe and reclaims its private resources
    ok 7 - WHAT[verification-system-016] a valid selected archive missing an npm required module fails the actual npm probe and reclaims its private resources
      ---
      duration_ms: 2228.774542
      type: 'test'
      ...
    # Subtest: WHAT[verification-system-016] an internal symbolic Node entrypoint cannot stand in for the selected executable file
    ok 8 - WHAT[verification-system-016] an internal symbolic Node entrypoint cannot stand in for the selected executable file
      ---
      duration_ms: 898.246833
      type: 'test'
      ...
    # Subtest: WHAT[verification-system-016] a non-executable selected Node file cannot authorize a tool probe
    ok 9 - WHAT[verification-system-016] a non-executable selected Node file cannot authorize a tool probe
      ---
      duration_ms: 1096.283833
      type: 'test'
      ...
    # Subtest: WHAT[verification-system-016] an actual npm CLI that adds an unselected file before reporting its real version cannot publish the original bundle identity
    ok 10 - WHAT[verification-system-016] an actual npm CLI that adds an unselected file before reporting its real version cannot publish the original bundle identity
      ---
      duration_ms: 2571.907083
      type: 'test'
      ...
    # Subtest: WHAT[verification-system-016] a held actual npm probe preserves Error cancellation and drains its process group
    ok 11 - WHAT[verification-system-016] a held actual npm probe preserves Error cancellation and drains its process group
      ---
      duration_ms: 2296.307125
      type: 'test'
      ...
    # Subtest: WHAT[verification-system-016] a held actual npm probe preserves null cancellation and drains its process group
    ok 12 - WHAT[verification-system-016] a held actual npm probe preserves null cancellation and drains its process group
      ---
      duration_ms: 2285.75375
      type: 'test'
      ...
    # Subtest: WHAT[verification-system-016] already aborted tool preparation preserves Error before reading a missing archive
    ok 13 - WHAT[verification-system-016] already aborted tool preparation preserves Error before reading a missing archive
      ---
      duration_ms: 0.4805
      type: 'test'
      ...
    # Subtest: WHAT[verification-system-016] already aborted tool preparation preserves null before reading a missing archive
    ok 14 - WHAT[verification-system-016] already aborted tool preparation preserves null before reading a missing archive
      ---
      duration_ms: 0.11575
      type: 'test'
      ...
    1..14
not ok 1 - WHAT[verification-system-016] selected Node and complete npm bundle preparation binds actual probes without borrowing ambient configuration
  ---
  duration_ms: 20104.614833
  type: 'test'
  location: '/Users/yuanxi/Workwork/vibe-fs/requirements/verification-system/tests/support/node-tool-candidate-tests.mjs:46:3'
  failureType: 'subtestsFailed'
  error: '1 subtest failed'
  code: 'ERR_TEST_FAILURE'
  ...
# Subtest: WHAT[verification-system-016] npm tool archive installation owns selected complete tools and locked dependencies through publication
    # Subtest: WHAT[verification-system-016] two actual locked registry packages preserve modes use the selected bundle layout and bind its complete identity after tools cleanup
    ok 1 - WHAT[verification-system-016] two actual locked registry packages preserve modes use the selected bundle layout and bind its complete identity after tools cleanup
      ---
      duration_ms: 5559.047959
      type: 'test'
      ...
    # Subtest: WHAT[verification-system-016] npm tool archive rejects non-CLI library bytes changed during a real held install and reclaims unpublished dependencies
    ok 2 - WHAT[verification-system-016] npm tool archive rejects non-CLI library bytes changed during a real held install and reclaims unpublished dependencies
      ---
      duration_ms: 5424.17
      type: 'test'
      ...
    # Subtest: WHAT[verification-system-016] npm tool archive rejects new tool member changed during a real held install and reclaims unpublished dependencies
    ok 3 - WHAT[verification-system-016] npm tool archive rejects new tool member changed during a real held install and reclaims unpublished dependencies
      ---
      duration_ms: 4860.053458
      type: 'test'
      ...
    # Subtest: WHAT[verification-system-016] npm tool archive held install cancellation preserves Error and reclaims tools installation and dependencies
    ok 4 - WHAT[verification-system-016] npm tool archive held install cancellation preserves Error and reclaims tools installation and dependencies
      ---
      duration_ms: 4501.253375
      type: 'test'
      ...
    # Subtest: WHAT[verification-system-016] npm tool archive held install cancellation preserves null and reclaims tools installation and dependencies
    ok 5 - WHAT[verification-system-016] npm tool archive held install cancellation preserves null and reclaims tools installation and dependencies
      ---
      duration_ms: 3921.182625
      type: 'test'
      ...
    # Subtest: WHAT[verification-system-016] npm tool archive rejects a mismatched actual Node version before registry execution
    ok 6 - WHAT[verification-system-016] npm tool archive rejects a mismatched actual Node version before registry execution
      ---
      duration_ms: 3610.429292
      type: 'test'
      ...
    # Subtest: WHAT[verification-system-016] npm tool archive rejects a mismatched actual npm version before registry execution
    ok 7 - WHAT[verification-system-016] npm tool archive rejects a mismatched actual npm version before registry execution
      ---
      duration_ms: 3838.350375
      type: 'test'
      ...
    # Subtest: WHAT[verification-system-016] npm tool archive already aborted preserves Error before reading missing source or archive
    ok 8 - WHAT[verification-system-016] npm tool archive already aborted preserves Error before reading missing source or archive
      ---
      duration_ms: 136.317167
      type: 'test'
      ...
    # Subtest: WHAT[verification-system-016] npm tool archive already aborted preserves null before reading missing source or archive
    ok 9 - WHAT[verification-system-016] npm tool archive already aborted preserves null before reading missing source or archive
      ---
      duration_ms: 429.938958
      type: 'test'
      ...
    1..9
ok 2 - WHAT[verification-system-016] npm tool archive installation owns selected complete tools and locked dependencies through publication
  ---
  duration_ms: 32282.922875
  type: 'test'
  ...
1..2
# tests 25
# suites 0
# pass 23
# fail 2
# cancelled 0
# skipped 0
# todo 0
# duration_ms 52508.512416
