TAP version 13
# Subtest: WHAT[verification-system-016] prepared Git input refuses validation and disposal through a replaced canonical parent link
not ok 1 - WHAT[verification-system-016] prepared Git input refuses validation and disposal through a replaced canonical parent link
  ---
  duration_ms: 206.638084
  type: 'test'
  location: '/Users/yuanxi/Workwork/vibe-fs/requirements/verification-system/tests/support/nuget-project-tests.mjs:541:5'
  failureType: 'testCodeFailure'
  error: 'Missing expected exception.'
  code: 'ERR_ASSERTION'
  name: 'AssertionError'
  stack: |-
    file:///Users/yuanxi/Workwork/vibe-fs/requirements/verification-system/tests/support/nuget-project-tests.mjs:560:18
    withSourceFixture (file:///Users/yuanxi/Workwork/vibe-fs/requirements/verification-system/tests/support/nuget-project-tests.mjs:251:11)
    TestContext.<anonymous> (file:///Users/yuanxi/Workwork/vibe-fs/requirements/verification-system/tests/support/nuget-project-tests.mjs:542:13)
    Test.runInAsyncScope (node:async_hooks:214:14)
    Test.run (node:internal/test_runner/test:1047:25)
    async startSubtestAfterBootstrap (node:internal/test_runner/harness:296:3)
  ...
# Subtest: WHAT[verification-system-016] prepared Git input refuses validation and disposal through a replaced ordinary root
not ok 2 - WHAT[verification-system-016] prepared Git input refuses validation and disposal through a replaced ordinary root
  ---
  duration_ms: 193.270792
  type: 'test'
  location: '/Users/yuanxi/Workwork/vibe-fs/requirements/verification-system/tests/support/nuget-project-tests.mjs:541:5'
  failureType: 'testCodeFailure'
  error: 'Missing expected exception.'
  code: 'ERR_ASSERTION'
  name: 'AssertionError'
  stack: |-
    file:///Users/yuanxi/Workwork/vibe-fs/requirements/verification-system/tests/support/nuget-project-tests.mjs:560:18
    withSourceFixture (file:///Users/yuanxi/Workwork/vibe-fs/requirements/verification-system/tests/support/nuget-project-tests.mjs:251:11)
    TestContext.<anonymous> (file:///Users/yuanxi/Workwork/vibe-fs/requirements/verification-system/tests/support/nuget-project-tests.mjs:542:13)
    Test.runInAsyncScope (node:async_hooks:214:14)
    Test.run (node:internal/test_runner/test:1047:25)
    async Test.processPendingSubtests (node:internal/test_runner/test:744:7)
  ...
1..2
# tests 2
# suites 0
# pass 0
# fail 2
# cancelled 0
# skipped 0
# todo 0
# duration_ms 516.948833
