TAP version 13
# Subtest: WHAT[verification-system-016] successful Node probe replacing its archive root cannot start another selected executable
ok 1 - WHAT[verification-system-016] successful Node probe replacing its archive root cannot start another selected executable
  ---
  duration_ms: 1588.540583
  type: 'test'
  ...
# Subtest: WHAT[verification-system-016] successful Node probe replacing its probe root cannot start another selected executable
ok 2 - WHAT[verification-system-016] successful Node probe replacing its probe root cannot start another selected executable
  ---
  duration_ms: 551.45525
  type: 'test'
  ...
# Subtest: WHAT[verification-system-016] actual runtime identity alone supplies Node version platform and architecture before npm admission
ok 3 - WHAT[verification-system-016] actual runtime identity alone supplies Node version platform and architecture before npm admission
  ---
  duration_ms: 662.627833
  type: 'test'
  ...
# Subtest: WHAT[verification-system-016] actual runtime identity rejects an invalid Node version before npm admission
ok 4 - WHAT[verification-system-016] actual runtime identity rejects an invalid Node version before npm admission
  ---
  duration_ms: 608.594041
  type: 'test'
  ...
# Subtest: WHAT[verification-system-016] failed Node probe preserves a copied replacement of its private probe root
ok 5 - WHAT[verification-system-016] failed Node probe preserves a copied replacement of its private probe root
  ---
  duration_ms: 603.737959
  type: 'test'
  ...
# Subtest: WHAT[verification-system-016] Node and npm role admission rejects invalid structure before archive reads or root allocation
    # Subtest: WHAT[verification-system-016] outside Node path fails with the typed role error before reading a missing archive
    ok 1 - WHAT[verification-system-016] outside Node path fails with the typed role error before reading a missing archive
      ---
      duration_ms: 0.511292
      type: 'test'
      ...
    # Subtest: WHAT[verification-system-016] Node traversal alias fails with the typed role error before reading a missing archive
    ok 2 - WHAT[verification-system-016] Node traversal alias fails with the typed role error before reading a missing archive
      ---
      duration_ms: 0.108125
      type: 'test'
      ...
    # Subtest: WHAT[verification-system-016] non-string Node role fails with the typed role error before reading a missing archive
    ok 3 - WHAT[verification-system-016] non-string Node role fails with the typed role error before reading a missing archive
      ---
      duration_ms: 0.190917
      type: 'test'
      ...
    # Subtest: WHAT[verification-system-016] absolute npm path fails with the typed role error before reading a missing archive
    ok 4 - WHAT[verification-system-016] absolute npm path fails with the typed role error before reading a missing archive
      ---
      duration_ms: 0.295833
      type: 'test'
      ...
    # Subtest: WHAT[verification-system-016] npm role outside its package fails with the typed role error before reading a missing archive
    ok 5 - WHAT[verification-system-016] npm role outside its package fails with the typed role error before reading a missing archive
      ---
      duration_ms: 0.165
      type: 'test'
      ...
    # Subtest: WHAT[verification-system-016] npm traversal alias fails with the typed role error before reading a missing archive
    ok 6 - WHAT[verification-system-016] npm traversal alias fails with the typed role error before reading a missing archive
      ---
      duration_ms: 0.132666
      type: 'test'
      ...
    # Subtest: WHAT[verification-system-016] empty npm role fails with the typed role error before reading a missing archive
    ok 7 - WHAT[verification-system-016] empty npm role fails with the typed role error before reading a missing archive
      ---
      duration_ms: 0.083375
      type: 'test'
      ...
    # Subtest: WHAT[verification-system-016] already cancelled role admission preserves Error before role validation
    ok 8 - WHAT[verification-system-016] already cancelled role admission preserves Error before role validation
      ---
      duration_ms: 0.114125
      type: 'test'
      ...
    # Subtest: WHAT[verification-system-016] already cancelled role admission preserves null before role validation
    ok 9 - WHAT[verification-system-016] already cancelled role admission preserves null before role validation
      ---
      duration_ms: 0.073166
      type: 'test'
      ...
    1..9
ok 6 - WHAT[verification-system-016] Node and npm role admission rejects invalid structure before archive reads or root allocation
  ---
  duration_ms: 2.465834
  type: 'test'
  ...
# Subtest: WHAT[verification-system-016] selected Node and complete npm bundle preparation binds actual probes without borrowing ambient configuration
    # Subtest: WHAT[verification-system-016] the formal fixture captures an explicit complete npm package and actual selected Node binary
    ok 1 - WHAT[verification-system-016] the formal fixture captures an explicit complete npm package and actual selected Node binary
      ---
      duration_ms: 743.149333
      type: 'test'
      ...
    # Subtest: WHAT[verification-system-016] wrong selected tool archive digest publishes no candidate
    ok 2 - WHAT[verification-system-016] wrong selected tool archive digest publishes no candidate
      ---
      duration_ms: 58.328
      type: 'test'
      ...
    # Subtest: WHAT[verification-system-016] tool role paths reject aliases and npm entrypoints outside the selected npm package
    ok 3 - WHAT[verification-system-016] tool role paths reject aliases and npm entrypoints outside the selected npm package
      ---
      duration_ms: 771.980542
      type: 'test'
      ...
    # Subtest: WHAT[verification-system-016] actual bundled Node and npm probes ignore hostile ambient HOME launchers and npm configuration
    ok 4 - WHAT[verification-system-016] actual bundled Node and npm probes ignore hostile ambient HOME launchers and npm configuration
      ---
      duration_ms: 2415.171916
      type: 'test'
      ...
    # Subtest: WHAT[verification-system-016] a missing declared npm library cannot be borrowed from the candidate parent directory by the actual npm CLI
    ok 5 - WHAT[verification-system-016] a missing declared npm library cannot be borrowed from the candidate parent directory by the actual npm CLI
      ---
      duration_ms: 895.058416
      type: 'test'
      ...
    # Subtest: WHAT[verification-system-016] complete root npm dependencies cannot conceal a missing declared transitive production library
    ok 6 - WHAT[verification-system-016] complete root npm dependencies cannot conceal a missing declared transitive production library
      ---
      duration_ms: 1147.858625
      type: 'test'
      ...
    # Subtest: WHAT[verification-system-016] a valid selected archive missing an npm required module fails the actual npm probe and reclaims its private resources
    ok 7 - WHAT[verification-system-016] a valid selected archive missing an npm required module fails the actual npm probe and reclaims its private resources
      ---
      duration_ms: 2294.209417
      type: 'test'
      ...
    # Subtest: WHAT[verification-system-016] an internal symbolic Node entrypoint cannot stand in for the selected executable file
    ok 8 - WHAT[verification-system-016] an internal symbolic Node entrypoint cannot stand in for the selected executable file
      ---
      duration_ms: 782.465542
      type: 'test'
      ...
    # Subtest: WHAT[verification-system-016] a non-executable selected Node file cannot authorize a tool probe
    ok 9 - WHAT[verification-system-016] a non-executable selected Node file cannot authorize a tool probe
      ---
      duration_ms: 821.870584
      type: 'test'
      ...
    # Subtest: WHAT[verification-system-016] an actual npm CLI that adds an unselected file before reporting its real version cannot publish the original bundle identity
    ok 10 - WHAT[verification-system-016] an actual npm CLI that adds an unselected file before reporting its real version cannot publish the original bundle identity
      ---
      duration_ms: 2353.74075
      type: 'test'
      ...
    # Subtest: WHAT[verification-system-016] a held actual npm probe preserves Error cancellation and drains its process group
    ok 11 - WHAT[verification-system-016] a held actual npm probe preserves Error cancellation and drains its process group
      ---
      duration_ms: 2286.764834
      type: 'test'
      ...
    # Subtest: WHAT[verification-system-016] a held actual npm probe preserves null cancellation and drains its process group
    ok 12 - WHAT[verification-system-016] a held actual npm probe preserves null cancellation and drains its process group
      ---
      duration_ms: 2251.503209
      type: 'test'
      ...
    # Subtest: WHAT[verification-system-016] already aborted tool preparation preserves Error before reading a missing archive
    ok 13 - WHAT[verification-system-016] already aborted tool preparation preserves Error before reading a missing archive
      ---
      duration_ms: 0.173
      type: 'test'
      ...
    # Subtest: WHAT[verification-system-016] already aborted tool preparation preserves null before reading a missing archive
    ok 14 - WHAT[verification-system-016] already aborted tool preparation preserves null before reading a missing archive
      ---
      duration_ms: 0.056083
      type: 'test'
      ...
    1..14
ok 7 - WHAT[verification-system-016] selected Node and complete npm bundle preparation binds actual probes without borrowing ambient configuration
  ---
  duration_ms: 16961.724875
  type: 'test'
  ...
# Subtest: WHAT[verification-system-016] selected npm tools replaced during the actual runtime probe cannot start the next version probe
    # Subtest: WHAT[verification-system-016] complete selected Node and npm archive capture preserves locked inputs before execution
    ok 1 - WHAT[verification-system-016] complete selected Node and npm archive capture preserves locked inputs before execution
      ---
      duration_ms: 1139.071709
      type: 'test'
      ...
    # Subtest: WHAT[verification-system-016] actual runtime probe refuses a complete copied tool owner before version or registry execution
    ok 2 - WHAT[verification-system-016] actual runtime probe refuses a complete copied tool owner before version or registry execution
      ---
      duration_ms: 2871.102791
      type: 'test'
      ...
    1..2
ok 8 - WHAT[verification-system-016] selected npm tools replaced during the actual runtime probe cannot start the next version probe
  ---
  duration_ms: 4262.82825
  type: 'test'
  ...
# Subtest: WHAT[verification-system-016] npm tool archive installation owns selected complete tools and locked dependencies through publication
    # Subtest: WHAT[verification-system-016] two actual locked registry packages preserve modes use the selected bundle layout and bind its complete identity after tools cleanup
        # Subtest: WHAT[verification-system-016] complete selected Node and npm archive capture preserves locked inputs before execution
        ok 1 - WHAT[verification-system-016] complete selected Node and npm archive capture preserves locked inputs before execution
          ---
          duration_ms: 928.887
          type: 'test'
          ...
        # Subtest: WHAT[verification-system-016] actual selected complete tools consume the locked request before its held tarball is released
        ok 2 - WHAT[verification-system-016] actual selected complete tools consume the locked request before its held tarball is released
          ---
          duration_ms: 3465.6875
          type: 'test'
          ...
        # Subtest: WHAT[verification-system-016] actual locked registry installation consumes the captured complete tool archive and reclaims selected tools
        ok 3 - WHAT[verification-system-016] actual locked registry installation consumes the captured complete tool archive and reclaims selected tools
          ---
          duration_ms: 487.307875
          type: 'test'
          ...
        1..3
    ok 1 - WHAT[verification-system-016] two actual locked registry packages preserve modes use the selected bundle layout and bind its complete identity after tools cleanup
      ---
      duration_ms: 4885.63025
      type: 'test'
      ...
    # Subtest: WHAT[verification-system-016] npm tool archive rejects non-CLI library bytes changed during a real held install and reclaims unpublished dependencies
        # Subtest: WHAT[verification-system-016] complete selected Node and npm archive capture preserves locked inputs before execution
        ok 1 - WHAT[verification-system-016] complete selected Node and npm archive capture preserves locked inputs before execution
          ---
          duration_ms: 1090.046708
          type: 'test'
          ...
        1..1
    ok 2 - WHAT[verification-system-016] npm tool archive rejects non-CLI library bytes changed during a real held install and reclaims unpublished dependencies
      ---
      duration_ms: 4473.699459
      type: 'test'
      ...
    # Subtest: WHAT[verification-system-016] npm tool archive rejects new tool member changed during a real held install and reclaims unpublished dependencies
        # Subtest: WHAT[verification-system-016] complete selected Node and npm archive capture preserves locked inputs before execution
        ok 1 - WHAT[verification-system-016] complete selected Node and npm archive capture preserves locked inputs before execution
          ---
          duration_ms: 936.543333
          type: 'test'
          ...
        1..1
    ok 3 - WHAT[verification-system-016] npm tool archive rejects new tool member changed during a real held install and reclaims unpublished dependencies
      ---
      duration_ms: 4165.4935
      type: 'test'
      ...
    # Subtest: WHAT[verification-system-016] npm tool archive held install cancellation preserves Error and reclaims tools installation and dependencies
        # Subtest: WHAT[verification-system-016] complete selected Node and npm archive capture preserves locked inputs before execution
        ok 1 - WHAT[verification-system-016] complete selected Node and npm archive capture preserves locked inputs before execution
          ---
          duration_ms: 953.45475
          type: 'test'
          ...
        1..1
    ok 4 - WHAT[verification-system-016] npm tool archive held install cancellation preserves Error and reclaims tools installation and dependencies
      ---
      duration_ms: 4090.174625
      type: 'test'
      ...
    # Subtest: WHAT[verification-system-016] npm tool archive held install cancellation preserves null and reclaims tools installation and dependencies
        # Subtest: WHAT[verification-system-016] complete selected Node and npm archive capture preserves locked inputs before execution
        ok 1 - WHAT[verification-system-016] complete selected Node and npm archive capture preserves locked inputs before execution
          ---
          duration_ms: 941.717583
          type: 'test'
          ...
        1..1
    ok 5 - WHAT[verification-system-016] npm tool archive held install cancellation preserves null and reclaims tools installation and dependencies
      ---
      duration_ms: 4031.995708
      type: 'test'
      ...
    # Subtest: WHAT[verification-system-016] npm tool archive rejects a mismatched actual Node version before registry execution
        # Subtest: WHAT[verification-system-016] complete selected Node and npm archive capture preserves locked inputs before execution
        ok 1 - WHAT[verification-system-016] complete selected Node and npm archive capture preserves locked inputs before execution
          ---
          duration_ms: 1030.812375
          type: 'test'
          ...
        1..1
    ok 6 - WHAT[verification-system-016] npm tool archive rejects a mismatched actual Node version before registry execution
      ---
      duration_ms: 3699.26775
      type: 'test'
      ...
    # Subtest: WHAT[verification-system-016] npm tool archive rejects a mismatched actual npm version before registry execution
        # Subtest: WHAT[verification-system-016] complete selected Node and npm archive capture preserves locked inputs before execution
        ok 1 - WHAT[verification-system-016] complete selected Node and npm archive capture preserves locked inputs before execution
          ---
          duration_ms: 979.876792
          type: 'test'
          ...
        1..1
    ok 7 - WHAT[verification-system-016] npm tool archive rejects a mismatched actual npm version before registry execution
      ---
      duration_ms: 3218.379375
      type: 'test'
      ...
    # Subtest: WHAT[verification-system-016] npm tool archive already aborted preserves Error before reading missing source or archive
    ok 8 - WHAT[verification-system-016] npm tool archive already aborted preserves Error before reading missing source or archive
      ---
      duration_ms: 116.461334
      type: 'test'
      ...
    # Subtest: WHAT[verification-system-016] npm tool archive already aborted preserves null before reading missing source or archive
    ok 9 - WHAT[verification-system-016] npm tool archive already aborted preserves null before reading missing source or archive
      ---
      duration_ms: 112.115583
      type: 'test'
      ...
    1..9
ok 9 - WHAT[verification-system-016] npm tool archive installation owns selected complete tools and locked dependencies through publication
  ---
  duration_ms: 28794.23
  type: 'test'
  ...
1..9
# tests 52
# suites 0
# pass 52
# fail 0
# cancelled 0
# skipped 0
# todo 0
# duration_ms 54152.196959
