✖ WHAT[requirement-grounding-006] historical material observations retain their original decode and horizon semantics (6.572792ms)
ℹ tests 1
ℹ suites 0
ℹ pass 0
ℹ fail 1
ℹ cancelled 0
ℹ skipped 0
ℹ todo 0
ℹ duration_ms 178.771584

✖ failing tests:

test at requirements/requirement-grounding/tests/006.test.mjs:403:1
✖ WHAT[requirement-grounding-006] historical material observations retain their original decode and horizon semantics (6.572792ms)
  AssertionError [ERR_ASSERTION]: Expected values to be strictly equal:
  
  0 !== 1
  
      at TestContext.<anonymous> (file:///Users/yuanxi/Workwork/vibe-fs/requirements/requirement-grounding/tests/006.test.mjs:418:12)
      at async Test.run (node:internal/test_runner/test:1404:7)
      at async startSubtestAfterBootstrap (node:internal/test_runner/harness:387:3) {
    generatedMessage: true,
    code: 'ERR_ASSERTION',
    actual: 0,
    expected: 1,
    operator: 'strictEqual',
    diff: 'simple'
  }
