✖ WHAT[verification-system-006] native freeze inspection failure preserves its original cause and drains known owned resources while retaining a foreign group (77.318667ms)
✖ WHAT[verification-system-006] native drain inspection failure preserves its original cause and drains captured owned resources while retaining a foreign group (74.411375ms)
ℹ tests 2
ℹ suites 0
ℹ pass 0
ℹ fail 2
ℹ cancelled 0
ℹ skipped 0
ℹ todo 0
ℹ duration_ms 371.927667

✖ failing tests:

test at requirements/verification-system/tests/support/supervised-tool-reclamation-tests.mjs:50:3
✖ WHAT[verification-system-006] native freeze inspection failure preserves its original cause and drains known owned resources while retaining a foreign group (77.318667ms)
  AssertionError [ERR_ASSERTION]: The input did not match the regular expression /WATCHDOG: 'detached-tool-reclamation' silent for/. Input:
  
  'file:///private/var/folders/g_/3ydzn7kx5lg9ylq8fd9p_13r0000gn/T/supervised-tool-reclamation-ep1nW3/supervise.mjs:133\n' +
    "  throw new AggregateError([...(originalFailure ? [originalFailure.error] : []), ...cleanupErrors], 'Supervisor observation or foreign cleanup failed', { cause: originalFailure?.error })\n" +
    '        ^\n' +
    '\n' +
    'AggregateError: Supervisor observation or foreign cleanup failed\n' +
    '    at file:///private/var/folders/g_/3ydzn7kx5lg9ylq8fd9p_13r0000gn/T/supervised-tool-reclamation-ep1nW3/supervise.mjs:133:9 {\n' +
    '  [cause]: Error: Foreign group exited before its ready observation\n' +
    '      at ChildProcess.<anonymous> (file:///private/var/folders/g_/3ydzn7kx5lg9ylq8fd9p_13r0000gn/T/supervised-tool-reclamation-ep1nW3/supervise.mjs:91:40)\n' +
    '      at ChildProcess.wrapper (node:events:639:12)\n' +
    '      at ChildProcess.emit (node:events:526:24)\n' +
    '      at maybeClose (node:internal/child_process:1125:16)\n' +
    '      at Socket.<anonymous> (node:internal/child_process:497:11)\n' +
    '      at Socket.emit (node:events:514:20)\n' +
    '      at Pipe.<anonymous> (node:net:363:12),\n' +
    '  [errors]: [\n' +
    '    Error: Foreign group exited before its ready observation\n' +
    '        at ChildProcess.<anonymous> (file:///private/var/folders/g_/3ydzn7kx5lg9ylq8fd9p_13r0000gn/T/supervised-tool-reclamation-ep1nW3/supervise.mjs:91:40)\n' +
    '        at ChildProcess.wrapper (node:events:639:12)\n' +
    '        at ChildProcess.emit (node:events:526:24)\n' +
    '        at maybeClose (node:internal/child_process:1125:16)\n' +
    '        at Socket.<anonymous> (node:internal/child_process:497:11)\n' +
    '        at Socket.emit (node:events:514:20)\n' +
    '        at Pipe.<anonymous> (node:net:363:12),\n' +
    '    <ref *1> Error: spawnSync ps EPERM\n' +
    '        at Object.spawnSync (node:internal/child_process:1144:20)\n' +
    '        at spawnSync (node:child_process:928:24)\n' +
    '        at execFileSync (node:child_process:971:15)\n' +
    '        at processRows (file:///private/var/folders/g_/3ydzn7kx5lg9ylq8fd9p_13r0000gn/T/supervised-tool-reclamation-ep1nW3/supervise.mjs:5:18)\n' +
    '        at file:///private/var/folders/g_/3ydzn7kx5lg9ylq8fd9p_13r0000gn/T/supervised-tool-reclamation-ep1nW3/supervise.mjs:127:171 {\n' +
    '      errno: -1,\n' +
    "      code: 'EPERM',\n" +
    "      syscall: 'spawnSync ps',\n" +
    "      path: 'ps',\n" +
    "      spawnargs: [ '-eo', 'pid=,pgid=,stat=' ],\n" +
    '      error: [Circular *1],\n' +
    '      status: null,\n' +
    '      signal: null,\n' +
    '      output: null,\n' +
    '      pid: 0,\n' +
    '      stdout: undefined,\n' +
    '      stderr: undefined\n' +
    '    }\n' +
    '  ]\n' +
    '}\n' +
    '\n' +
    'Node.js v26.6.0\n'
  
      at TestContext.<anonymous> (file:///Users/yuanxi/Workwork/vibe-fs/requirements/verification-system/tests/support/supervised-tool-reclamation-tests.mjs:237:14)
      at process.processTicksAndRejections (node:internal/process/task_queues:104:5)
      at async Test.run (node:internal/test_runner/test:1404:7)
      at async startSubtestAfterBootstrap (node:internal/test_runner/harness:387:3) {
    generatedMessage: true,
    code: 'ERR_ASSERTION',
    actual: "file:///private/var/folders/g_/3ydzn7kx5lg9ylq8fd9p_13r0000gn/T/supervised-tool-reclamation-ep1nW3/supervise.mjs:133\n  throw new AggregateError([...(originalFailure ? [originalFailure.error] : []), ...cleanupErrors], 'Supervisor observation or foreign cleanup failed', { cause: originalFailure?.error })\n        ^\n\nAggregateError: Supervisor observation or foreign cleanup failed\n    at file:///private/var/folders/g_/3ydzn7kx5lg9ylq8fd9p_13r0000gn/T/supervised-tool-reclamation-ep1nW3/supervise.mjs:133:9 {\n  [cause]: Error: Foreign group exited before its ready observation\n      at ChildProcess.<anonymous> (file:///private/var/folders/g_/3ydzn7kx5lg9ylq8fd9p_13r0000gn/T/supervised-tool-reclamation-ep1nW3/supervise.mjs:91:40)\n      at ChildProcess.wrapper (node:events:639:12)\n      at ChildProcess.emit (node:events:526:24)\n      at maybeClose (node:internal/child_process:1125:16)\n      at Socket.<anonymous> (node:internal/child_process:497:11)\n      at Socket.emit (node:events:514:20)\n      at Pipe.<anonymous> (node:net:363:12),\n  [errors]: [\n    Error: Foreign group exited before its ready observation\n        at ChildProcess.<anonymous> (file:///private/var/folders/g_/3ydzn7kx5lg9ylq8fd9p_13r0000gn/T/supervised-tool-reclamation-ep1nW3/supervise.mjs:91:40)\n        at ChildProcess.wrapper (node:events:639:12)\n        at ChildProcess.emit (node:events:526:24)\n        at maybeClose (node:internal/child_process:1125:16)\n        at Socket.<anonymous> (node:internal/child_process:497:11)\n        at Socket.emit (node:events:514:20)\n        at Pipe.<anonymous> (node:net:363:12),\n    <ref *1> Error: spawnSync ps EPERM\n        at Object.spawnSync (node:internal/child_process:1144:20)\n        at spawnSync (node:child_process:928:24)\n        at execFileSync (node:child_process:971:15)\n        at processRows (file:///private/var/folders/g_/3ydzn7kx5lg9ylq8fd9p_13r0000gn/T/supervised-tool-reclamation-ep1nW3/supervise.mjs:5:18)\n        at file:///private/var/folders/g_/3ydzn7kx5lg9ylq8fd9p_13r0000gn/T/supervised-tool-reclamation-ep1nW3/supervise.mjs:127:171 {\n      errno: -1,\n      code: 'EPERM',\n      syscall: 'spawnSync ps',\n      path: 'ps',\n      spawnargs: [ '-eo', 'pid=,pgid=,stat=' ],\n      error: [Circular *1],\n      status: null,\n      signal: null,\n      output: null,\n      pid: 0,\n      stdout: undefined,\n      stderr: undefined\n    }\n  ]\n}\n\nNode.js v26.6.0\n",
    expected: /WATCHDOG: 'detached-tool-reclamation' silent for/,
    operator: 'match',
    diff: 'simple'
  }

test at requirements/verification-system/tests/support/supervised-tool-reclamation-tests.mjs:50:3
✖ WHAT[verification-system-006] native drain inspection failure preserves its original cause and drains captured owned resources while retaining a foreign group (74.411375ms)
  AssertionError [ERR_ASSERTION]: The input did not match the regular expression /WATCHDOG: 'detached-tool-reclamation' silent for/. Input:
  
  'file:///private/var/folders/g_/3ydzn7kx5lg9ylq8fd9p_13r0000gn/T/supervised-tool-reclamation-zE8DvX/supervise.mjs:133\n' +
    "  throw new AggregateError([...(originalFailure ? [originalFailure.error] : []), ...cleanupErrors], 'Supervisor observation or foreign cleanup failed', { cause: originalFailure?.error })\n" +
    '        ^\n' +
    '\n' +
    'AggregateError: Supervisor observation or foreign cleanup failed\n' +
    '    at file:///private/var/folders/g_/3ydzn7kx5lg9ylq8fd9p_13r0000gn/T/supervised-tool-reclamation-zE8DvX/supervise.mjs:133:9\n' +
    '    at process.processTicksAndRejections (node:internal/process/task_queues:104:5) {\n' +
    '  [cause]: Error: Foreign group exited before its ready observation\n' +
    '      at ChildProcess.<anonymous> (file:///private/var/folders/g_/3ydzn7kx5lg9ylq8fd9p_13r0000gn/T/supervised-tool-reclamation-zE8DvX/supervise.mjs:91:40)\n' +
    '      at ChildProcess.wrapper (node:events:639:12)\n' +
    '      at ChildProcess.emit (node:events:526:24)\n' +
    '      at maybeClose (node:internal/child_process:1125:16)\n' +
    '      at ChildProcess._handle.onexit (node:internal/child_process:305:5),\n' +
    '  [errors]: [\n' +
    '    Error: Foreign group exited before its ready observation\n' +
    '        at ChildProcess.<anonymous> (file:///private/var/folders/g_/3ydzn7kx5lg9ylq8fd9p_13r0000gn/T/supervised-tool-reclamation-zE8DvX/supervise.mjs:91:40)\n' +
    '        at ChildProcess.wrapper (node:events:639:12)\n' +
    '        at ChildProcess.emit (node:events:526:24)\n' +
    '        at maybeClose (node:internal/child_process:1125:16)\n' +
    '        at ChildProcess._handle.onexit (node:internal/child_process:305:5),\n' +
    '    <ref *1> Error: spawnSync ps EPERM\n' +
    '        at Object.spawnSync (node:internal/child_process:1144:20)\n' +
    '        at spawnSync (node:child_process:928:24)\n' +
    '        at execFileSync (node:child_process:971:15)\n' +
    '        at processRows (file:///private/var/folders/g_/3ydzn7kx5lg9ylq8fd9p_13r0000gn/T/supervised-tool-reclamation-zE8DvX/supervise.mjs:5:18)\n' +
    '        at file:///private/var/folders/g_/3ydzn7kx5lg9ylq8fd9p_13r0000gn/T/supervised-tool-reclamation-zE8DvX/supervise.mjs:127:171\n' +
    '        at process.processTicksAndRejections (node:internal/process/task_queues:104:5) {\n' +
    '      errno: -1,\n' +
    "      code: 'EPERM',\n" +
    "      syscall: 'spawnSync ps',\n" +
    "      path: 'ps',\n" +
    "      spawnargs: [ '-eo', 'pid=,pgid=,stat=' ],\n" +
    '      error: [Circular *1],\n' +
    '      status: null,\n' +
    '      signal: null,\n' +
    '      output: null,\n' +
    '      pid: 0,\n' +
    '      stdout: undefined,\n' +
    '      stderr: undefined\n' +
    '    }\n' +
    '  ]\n' +
    '}\n' +
    '\n' +
    'Node.js v26.6.0\n'
  
      at TestContext.<anonymous> (file:///Users/yuanxi/Workwork/vibe-fs/requirements/verification-system/tests/support/supervised-tool-reclamation-tests.mjs:237:14)
      at process.processTicksAndRejections (node:internal/process/task_queues:104:5)
      at async Test.run (node:internal/test_runner/test:1404:7)
      at async Test.processPendingSubtests (node:internal/test_runner/test:969:7) {
    generatedMessage: true,
    code: 'ERR_ASSERTION',
    actual: "file:///private/var/folders/g_/3ydzn7kx5lg9ylq8fd9p_13r0000gn/T/supervised-tool-reclamation-zE8DvX/supervise.mjs:133\n  throw new AggregateError([...(originalFailure ? [originalFailure.error] : []), ...cleanupErrors], 'Supervisor observation or foreign cleanup failed', { cause: originalFailure?.error })\n        ^\n\nAggregateError: Supervisor observation or foreign cleanup failed\n    at file:///private/var/folders/g_/3ydzn7kx5lg9ylq8fd9p_13r0000gn/T/supervised-tool-reclamation-zE8DvX/supervise.mjs:133:9\n    at process.processTicksAndRejections (node:internal/process/task_queues:104:5) {\n  [cause]: Error: Foreign group exited before its ready observation\n      at ChildProcess.<anonymous> (file:///private/var/folders/g_/3ydzn7kx5lg9ylq8fd9p_13r0000gn/T/supervised-tool-reclamation-zE8DvX/supervise.mjs:91:40)\n      at ChildProcess.wrapper (node:events:639:12)\n      at ChildProcess.emit (node:events:526:24)\n      at maybeClose (node:internal/child_process:1125:16)\n      at ChildProcess._handle.onexit (node:internal/child_process:305:5),\n  [errors]: [\n    Error: Foreign group exited before its ready observation\n        at ChildProcess.<anonymous> (file:///private/var/folders/g_/3ydzn7kx5lg9ylq8fd9p_13r0000gn/T/supervised-tool-reclamation-zE8DvX/supervise.mjs:91:40)\n        at ChildProcess.wrapper (node:events:639:12)\n        at ChildProcess.emit (node:events:526:24)\n        at maybeClose (node:internal/child_process:1125:16)\n        at ChildProcess._handle.onexit (node:internal/child_process:305:5),\n    <ref *1> Error: spawnSync ps EPERM\n        at Object.spawnSync (node:internal/child_process:1144:20)\n        at spawnSync (node:child_process:928:24)\n        at execFileSync (node:child_process:971:15)\n        at processRows (file:///private/var/folders/g_/3ydzn7kx5lg9ylq8fd9p_13r0000gn/T/supervised-tool-reclamation-zE8DvX/supervise.mjs:5:18)\n        at file:///private/var/folders/g_/3ydzn7kx5lg9ylq8fd9p_13r0000gn/T/supervised-tool-reclamation-zE8DvX/supervise.mjs:127:171\n        at process.processTicksAndRejections (node:internal/process/task_queues:104:5) {\n      errno: -1,\n      code: 'EPERM',\n      syscall: 'spawnSync ps',\n      path: 'ps',\n      spawnargs: [ '-eo', 'pid=,pgid=,stat=' ],\n      error: [Circular *1],\n      status: null,\n      signal: null,\n      output: null,\n      pid: 0,\n      stdout: undefined,\n      stderr: undefined\n    }\n  ]\n}\n\nNode.js v26.6.0\n",
    expected: /WATCHDOG: 'detached-tool-reclamation' silent for/,
    operator: 'match',
    diff: 'simple'
  }
