✖ WHAT[verification-system-006] native freeze inspection failure preserves its original cause and drains known owned resources while retaining a foreign group (1273.260291ms)
✖ WHAT[verification-system-006] native drain inspection failure preserves its original cause and drains captured owned resources while retaining a foreign group (1250.614208ms)
ℹ tests 2
ℹ suites 0
ℹ pass 0
ℹ fail 2
ℹ cancelled 0
ℹ skipped 0
ℹ todo 0
ℹ duration_ms 2738.378666

✖ failing tests:

test at requirements/verification-system/tests/support/supervised-tool-reclamation-tests.mjs:50:3
✖ WHAT[verification-system-006] native freeze inspection failure preserves its original cause and drains known owned resources while retaining a foreign group (1273.260291ms)
  AssertionError [ERR_ASSERTION]: runner: 1 test file(s), 1000ms verdict-silence window
  runner: file lifecycle {"entryFile":"/var/folders/g_/3ydzn7kx5lg9ylq8fd9p_13r0000gn/T/supervised-tool-reclamation-bXwOhT/held.fixture.mjs","pid":85626,"parentPid":85609,"type":"runner:file-start","elapsedMs":34.066666999999995}
  [verification-worker-cost] {"version":1,"phase":"pre-import","sequence":0,"entryFile":"/var/folders/g_/3ydzn7kx5lg9ylq8fd9p_13r0000gn/T/supervised-tool-reclamation-bXwOhT/held.fixture.mjs","pid":85627,"parentPid":85626,"monotonicMs":16.678292,"cpuUserMicros":21790,"cpuSystemMicros":4337}
  [verification-test-start] {"pid":85627,"parentPid":85626,"entryFile":"/var/folders/g_/3ydzn7kx5lg9ylq8fd9p_13r0000gn/T/supervised-tool-reclamation-bXwOhT/held.fixture.mjs","name":"actual detached selected tool remains unfinished","fullName":"actual detached selected tool remains unfinished"}
  WATCHDOG: 'detached-tool-reclamation' silent for 1002ms (limit 1000ms); 0 blocking progress update(s), last progress: start lane=startup expectation=none
  WATCHDOG: background progress 936ms ago: test:stdout lane=/var/folders/g_/3ydzn7kx5lg9ylq8fd9p_13r0000gn/T/supervised-tool-reclamation-bXwOhT/held.fixture.mjs (2 background update(s), none of them renewals)
  runner: 1 file(s) had not reported completion
  runner: file streams: 0 drained, 1 active, 0 queued
  runner: active file ../../../../var/folders/g_/3ydzn7kx5lg9ylq8fd9p_13r0000gn/T/supervised-tool-reclamation-bXwOhT/held.fixture.mjs; waiting for stream drain; last verdict: none received
  runner: worker cost {"version":1,"entryFile":"/var/folders/g_/3ydzn7kx5lg9ylq8fd9p_13r0000gn/T/supervised-tool-reclamation-bXwOhT/held.fixture.mjs","enabled":true,"pid":85627,"status":"missing","reason":"Exit observation not received","preImport":{"version":1,"phase":"pre-import","sequence":0,"entryFile":"/var/folders/g_/3ydzn7kx5lg9ylq8fd9p_13r0000gn/T/supervised-tool-reclamation-bXwOhT/held.fixture.mjs","pid":85627,"parentPid":85626,"monotonicMs":16.678292,"cpuUserMicros":21790,"cpuSystemMicros":4337},"exit":null,"interval":null}
  runner: verdict counts unavailable; no authoritative summary before the silence
  ps: invalid_verification_column: keyword not found
  ps: no valid keywords; valid keywords:
  runner: Could not complete owned runner termination: Command failed: /bin/ps -eo invalid_verification_column=
  ps: invalid_verification_column: keyword not found
  ps: no valid keywords; valid keywords:
  
  runner: post-exit group verification/reclamation: pid=85626; elapsedMs=18.708; accepted=true
  
  runner: verdict counts unavailable; no authoritative summary; 0/1 planned file(s) completed
  file:///Users/yuanxi/Workwork/vibe-fs/requirements/verification-system/tests/e2e/support/supervise-node-test.mjs:228
      throw Object.assign(new Error(`${logPrefix}: supervised suite failed (exit ${code})`, {
                          ^
  
  Error: runner: supervised suite failed (exit 1)
      at fail (file:///Users/yuanxi/Workwork/vibe-fs/requirements/verification-system/tests/e2e/support/supervise-node-test.mjs:228:25)
      at superviseOwnedNodeTest (file:///Users/yuanxi/Workwork/vibe-fs/requirements/verification-system/tests/e2e/support/supervise-node-test.mjs:446:39)
      at process.processTicksAndRejections (node:internal/process/task_queues:103:5)
      at async superviseNodeTest (file:///Users/yuanxi/Workwork/vibe-fs/requirements/verification-system/tests/e2e/support/supervise-node-test.mjs:205:14)
      at async file:///private/var/folders/g_/3ydzn7kx5lg9ylq8fd9p_13r0000gn/T/supervised-tool-reclamation-bXwOhT/supervise.mjs:95:5 {
    exitCode: 1,
    [cause]: Error: Command failed: /bin/ps -eo invalid_verification_column=
    ps: invalid_verification_column: keyword not found
    ps: no valid keywords; valid keywords:
    
        at genericNodeError (node:internal/errors:983:15)
        at wrappedFn (node:internal/errors:537:14)
        at checkExecSyncError (node:child_process:916:11)
        at execFileSync (node:child_process:952:15)
        at inspectProcessTree (file:///private/var/folders/g_/3ydzn7kx5lg9ylq8fd9p_13r0000gn/T/supervised-tool-reclamation-bXwOhT/supervise.mjs:22:14)
        at processRecords (file:///Users/yuanxi/Workwork/vibe-fs/requirements/verification-system/tests/e2e/support/supervise-node-test.mjs:82:18)
        at captureFrozenDescendantGroups (file:///Users/yuanxi/Workwork/vibe-fs/requirements/verification-system/tests/e2e/support/supervise-node-test.mjs:101:15)
        at file:///Users/yuanxi/Workwork/vibe-fs/requirements/verification-system/tests/e2e/support/supervise-node-test.mjs:278:40
        at requestTermination (file:///Users/yuanxi/Workwork/vibe-fs/requirements/verification-system/tests/e2e/support/supervise-node-test.mjs:287:7)
        at Watchdog.terminate [as _terminate] (file:///Users/yuanxi/Workwork/vibe-fs/requirements/verification-system/tests/e2e/support/supervise-node-test.mjs:300:9) {
      status: 1,
      signal: null,
      output: [
        null,
        '%cpu %mem acflag acflg args blocked comm command cpu cputime etime f flags gid\n' +
          'group inblk inblock jobc ktrace ktracep lim login logname lstart majflt minflt\n' +
          'msgrcv msgsnd ni nice nivcsw nsignals nsigs nswap nvcsw nwchan oublk oublock\n' +
          'p_ru paddr pagein pcpu pending pgid pid pmem ppid pri prsna pstime putime re\n' +
          'rgid rgroup rss ruid ruser sess sig sigmask sl start stat state stime svgid\n' +
          'svuid tdev time tpgid tsess tsiz tt tty ucomm uid upr user usrpri utime vsize\n' +
          'vsz wchan wq wqb wql wqr xstat\n',
        'ps: invalid_verification_column: keyword not found\n' +
          'ps: no valid keywords; valid keywords:\n'
      ],
      pid: 85662,
      stdout: '%cpu %mem acflag acflg args blocked comm command cpu cputime etime f flags gid\n' +
        'group inblk inblock jobc ktrace ktracep lim login logname lstart majflt minflt\n' +
        'msgrcv msgsnd ni nice nivcsw nsignals nsigs nswap nvcsw nwchan oublk oublock\n' +
        'p_ru paddr pagein pcpu pending pgid pid pmem ppid pri prsna pstime putime re\n' +
        'rgid rgroup rss ruid ruser sess sig sigmask sl start stat state stime svgid\n' +
        'svuid tdev time tpgid tsess tsiz tt tty ucomm uid upr user usrpri utime vsize\n' +
        'vsz wchan wq wqb wql wqr xstat\n',
      stderr: 'ps: invalid_verification_column: keyword not found\n' +
        'ps: no valid keywords; valid keywords:\n'
    }
  }
  
  Node.js v22.23.3
  
  + actual - expected
  
    {
  +   monitorMembers: [
  +     {
  +       pgid: 85628,
  +       pid: 85628,
  +       state: 'Ts'
  +     }
  +   ],
  -   monitorMembers: [],
      nativeErrorPreserved: true,
  +   toolMembers: [
  +     {
  +       pgid: 85629,
  +       pid: 85629,
  +       state: 'Ss'
  +     },
  +     {
  +       pgid: 85629,
  +       pid: 85630,
  +       state: 'S'
  +     }
  +   ]
  -   toolMembers: []
    }
  
      at TestContext.<anonymous> (file:///Users/yuanxi/Workwork/vibe-fs/requirements/verification-system/tests/support/supervised-tool-reclamation-tests.mjs:258:16)
      at process.processTicksAndRejections (node:internal/process/task_queues:103:5)
      at async Test.run (node:internal/test_runner/test:1054:7)
      at async startSubtestAfterBootstrap (node:internal/test_runner/harness:296:3) {
    generatedMessage: false,
    code: 'ERR_ASSERTION',
    actual: { nativeErrorPreserved: true, toolMembers: [ [Object], [Object] ], monitorMembers: [ [Object] ] },
    expected: { nativeErrorPreserved: true, toolMembers: [], monitorMembers: [] },
    operator: 'deepStrictEqual',
    diff: 'simple'
  }

test at requirements/verification-system/tests/support/supervised-tool-reclamation-tests.mjs:50:3
✖ WHAT[verification-system-006] native drain inspection failure preserves its original cause and drains captured owned resources while retaining a foreign group (1250.614208ms)
  AssertionError [ERR_ASSERTION]: runner: 1 test file(s), 1000ms verdict-silence window
  runner: file lifecycle {"entryFile":"/var/folders/g_/3ydzn7kx5lg9ylq8fd9p_13r0000gn/T/supervised-tool-reclamation-HgWqX2/held.fixture.mjs","pid":85755,"parentPid":85743,"type":"runner:file-start","elapsedMs":32.700458000000005}
  [verification-worker-cost] {"version":1,"phase":"pre-import","sequence":0,"entryFile":"/var/folders/g_/3ydzn7kx5lg9ylq8fd9p_13r0000gn/T/supervised-tool-reclamation-HgWqX2/held.fixture.mjs","pid":85756,"parentPid":85755,"monotonicMs":16.797458,"cpuUserMicros":21725,"cpuSystemMicros":4871}
  [verification-test-start] {"pid":85756,"parentPid":85755,"entryFile":"/var/folders/g_/3ydzn7kx5lg9ylq8fd9p_13r0000gn/T/supervised-tool-reclamation-HgWqX2/held.fixture.mjs","name":"actual detached selected tool remains unfinished","fullName":"actual detached selected tool remains unfinished"}
  WATCHDOG: 'detached-tool-reclamation' silent for 1003ms (limit 1000ms); 0 blocking progress update(s), last progress: start lane=startup expectation=none
  WATCHDOG: background progress 938ms ago: test:stdout lane=/var/folders/g_/3ydzn7kx5lg9ylq8fd9p_13r0000gn/T/supervised-tool-reclamation-HgWqX2/held.fixture.mjs (2 background update(s), none of them renewals)
  runner: 1 file(s) had not reported completion
  runner: file streams: 0 drained, 1 active, 0 queued
  runner: active file ../../../../var/folders/g_/3ydzn7kx5lg9ylq8fd9p_13r0000gn/T/supervised-tool-reclamation-HgWqX2/held.fixture.mjs; waiting for stream drain; last verdict: none received
  runner: worker cost {"version":1,"entryFile":"/var/folders/g_/3ydzn7kx5lg9ylq8fd9p_13r0000gn/T/supervised-tool-reclamation-HgWqX2/held.fixture.mjs","enabled":true,"pid":85756,"status":"missing","reason":"Exit observation not received","preImport":{"version":1,"phase":"pre-import","sequence":0,"entryFile":"/var/folders/g_/3ydzn7kx5lg9ylq8fd9p_13r0000gn/T/supervised-tool-reclamation-HgWqX2/held.fixture.mjs","pid":85756,"parentPid":85755,"monotonicMs":16.797458,"cpuUserMicros":21725,"cpuSystemMicros":4871},"exit":null,"interval":null}
  runner: verdict counts unavailable; no authoritative summary before the silence
  ps: invalid_verification_column: keyword not found
  ps: no valid keywords; valid keywords:
  runner: Could not complete owned runner termination: Command failed: /bin/ps -eo invalid_verification_column=
  ps: invalid_verification_column: keyword not found
  ps: no valid keywords; valid keywords:
  
  runner: post-exit group verification/reclamation: pid=85755; elapsedMs=16.925; accepted=true
  
  runner: verdict counts unavailable; no authoritative summary; 0/1 planned file(s) completed
  file:///Users/yuanxi/Workwork/vibe-fs/requirements/verification-system/tests/e2e/support/supervise-node-test.mjs:228
      throw Object.assign(new Error(`${logPrefix}: supervised suite failed (exit ${code})`, {
                          ^
  
  Error: runner: supervised suite failed (exit 1)
      at fail (file:///Users/yuanxi/Workwork/vibe-fs/requirements/verification-system/tests/e2e/support/supervise-node-test.mjs:228:25)
      at superviseOwnedNodeTest (file:///Users/yuanxi/Workwork/vibe-fs/requirements/verification-system/tests/e2e/support/supervise-node-test.mjs:446:39)
      at process.processTicksAndRejections (node:internal/process/task_queues:103:5)
      at async superviseNodeTest (file:///Users/yuanxi/Workwork/vibe-fs/requirements/verification-system/tests/e2e/support/supervise-node-test.mjs:205:14)
      at async file:///private/var/folders/g_/3ydzn7kx5lg9ylq8fd9p_13r0000gn/T/supervised-tool-reclamation-HgWqX2/supervise.mjs:95:5 {
    exitCode: 1,
    [cause]: Error: Command failed: /bin/ps -eo invalid_verification_column=
    ps: invalid_verification_column: keyword not found
    ps: no valid keywords; valid keywords:
    
        at genericNodeError (node:internal/errors:983:15)
        at wrappedFn (node:internal/errors:537:14)
        at checkExecSyncError (node:child_process:916:11)
        at execFileSync (node:child_process:952:15)
        at inspectProcessTree (file:///private/var/folders/g_/3ydzn7kx5lg9ylq8fd9p_13r0000gn/T/supervised-tool-reclamation-HgWqX2/supervise.mjs:22:14)
        at processRecords (file:///Users/yuanxi/Workwork/vibe-fs/requirements/verification-system/tests/e2e/support/supervise-node-test.mjs:82:18)
        at awaitObservedGroups (file:///Users/yuanxi/Workwork/vibe-fs/requirements/verification-system/tests/e2e/support/supervise-node-test.mjs:124:23)
        at file:///Users/yuanxi/Workwork/vibe-fs/requirements/verification-system/tests/e2e/support/supervise-node-test.mjs:286:13
        at process.processTicksAndRejections (node:internal/process/task_queues:103:5) {
      status: 1,
      signal: null,
      output: [
        null,
        '%cpu %mem acflag acflg args blocked comm command cpu cputime etime f flags gid\n' +
          'group inblk inblock jobc ktrace ktracep lim login logname lstart majflt minflt\n' +
          'msgrcv msgsnd ni nice nivcsw nsignals nsigs nswap nvcsw nwchan oublk oublock\n' +
          'p_ru paddr pagein pcpu pending pgid pid pmem ppid pri prsna pstime putime re\n' +
          'rgid rgroup rss ruid ruser sess sig sigmask sl start stat state stime svgid\n' +
          'svuid tdev time tpgid tsess tsiz tt tty ucomm uid upr user usrpri utime vsize\n' +
          'vsz wchan wq wqb wql wqr xstat\n',
        'ps: invalid_verification_column: keyword not found\n' +
          'ps: no valid keywords; valid keywords:\n'
      ],
      pid: 85792,
      stdout: '%cpu %mem acflag acflg args blocked comm command cpu cputime etime f flags gid\n' +
        'group inblk inblock jobc ktrace ktracep lim login logname lstart majflt minflt\n' +
        'msgrcv msgsnd ni nice nivcsw nsignals nsigs nswap nvcsw nwchan oublk oublock\n' +
        'p_ru paddr pagein pcpu pending pgid pid pmem ppid pri prsna pstime putime re\n' +
        'rgid rgroup rss ruid ruser sess sig sigmask sl start stat state stime svgid\n' +
        'svuid tdev time tpgid tsess tsiz tt tty ucomm uid upr user usrpri utime vsize\n' +
        'vsz wchan wq wqb wql wqr xstat\n',
      stderr: 'ps: invalid_verification_column: keyword not found\n' +
        'ps: no valid keywords; valid keywords:\n'
    }
  }
  
  Node.js v22.23.3
  
  + actual - expected
  
    {
  +   monitorMembers: [
  +     {
  +       pgid: 85757,
  +       pid: 85757,
  +       state: 'Ts'
  +     }
  +   ],
  -   monitorMembers: [],
      nativeErrorPreserved: true,
  +   toolMembers: [
  +     {
  +       pgid: 85758,
  +       pid: 85758,
  +       state: 'Ss'
  +     },
  +     {
  +       pgid: 85758,
  +       pid: 85759,
  +       state: 'S'
  +     }
  +   ]
  -   toolMembers: []
    }
  
      at TestContext.<anonymous> (file:///Users/yuanxi/Workwork/vibe-fs/requirements/verification-system/tests/support/supervised-tool-reclamation-tests.mjs:258:16)
      at process.processTicksAndRejections (node:internal/process/task_queues:103:5)
      at async Test.run (node:internal/test_runner/test:1054:7)
      at async Test.processPendingSubtests (node:internal/test_runner/test:744:7) {
    generatedMessage: false,
    code: 'ERR_ASSERTION',
    actual: { nativeErrorPreserved: true, toolMembers: [ [Object], [Object] ], monitorMembers: [ [Object] ] },
    expected: { nativeErrorPreserved: true, toolMembers: [], monitorMembers: [] },
    operator: 'deepStrictEqual',
    diff: 'simple'
  }
