✖ WHAT[verification-system-006] native double inspection failure preserves both original causes and reports incomplete owned cleanup (1265.380125ms)
ℹ tests 1
ℹ suites 0
ℹ pass 0
ℹ fail 1
ℹ cancelled 0
ℹ skipped 0
ℹ todo 0
ℹ duration_ms 1486.742167

✖ failing tests:

test at requirements/verification-system/tests/support/supervised-tool-reclamation-tests.mjs:51:3
✖ WHAT[verification-system-006] native double inspection failure preserves both original causes and reports incomplete owned cleanup (1265.380125ms)
  AssertionError [ERR_ASSERTION]: runner: 1 test file(s), 1000ms verdict-silence window
  runner: file lifecycle {"entryFile":"/var/folders/g_/3ydzn7kx5lg9ylq8fd9p_13r0000gn/T/supervised-tool-reclamation-o5S7Tz/held.fixture.mjs","pid":87647,"parentPid":87635,"type":"runner:file-start","elapsedMs":36.33204200000001}
  [verification-worker-cost] {"version":1,"phase":"pre-import","sequence":0,"entryFile":"/var/folders/g_/3ydzn7kx5lg9ylq8fd9p_13r0000gn/T/supervised-tool-reclamation-o5S7Tz/held.fixture.mjs","pid":87648,"parentPid":87647,"monotonicMs":21.584541,"cpuUserMicros":22888,"cpuSystemMicros":5728}
  [verification-test-start] {"pid":87648,"parentPid":87647,"entryFile":"/var/folders/g_/3ydzn7kx5lg9ylq8fd9p_13r0000gn/T/supervised-tool-reclamation-o5S7Tz/held.fixture.mjs","name":"actual detached selected tool remains unfinished","fullName":"actual detached selected tool remains unfinished"}
  WATCHDOG: 'detached-tool-reclamation' silent for 1002ms (limit 1000ms); 0 blocking progress update(s), last progress: start lane=startup expectation=none
  WATCHDOG: background progress 927ms ago: test:stdout lane=/var/folders/g_/3ydzn7kx5lg9ylq8fd9p_13r0000gn/T/supervised-tool-reclamation-o5S7Tz/held.fixture.mjs (2 background update(s), none of them renewals)
  runner: 1 file(s) had not reported completion
  runner: file streams: 0 drained, 1 active, 0 queued
  runner: active file ../../../../var/folders/g_/3ydzn7kx5lg9ylq8fd9p_13r0000gn/T/supervised-tool-reclamation-o5S7Tz/held.fixture.mjs; waiting for stream drain; last verdict: none received
  runner: worker cost {"version":1,"entryFile":"/var/folders/g_/3ydzn7kx5lg9ylq8fd9p_13r0000gn/T/supervised-tool-reclamation-o5S7Tz/held.fixture.mjs","enabled":true,"pid":87648,"status":"missing","reason":"Exit observation not received","preImport":{"version":1,"phase":"pre-import","sequence":0,"entryFile":"/var/folders/g_/3ydzn7kx5lg9ylq8fd9p_13r0000gn/T/supervised-tool-reclamation-o5S7Tz/held.fixture.mjs","pid":87648,"parentPid":87647,"monotonicMs":21.584541,"cpuUserMicros":22888,"cpuSystemMicros":5728},"exit":null,"interval":null}
  runner: verdict counts unavailable; no authoritative summary before the silence
  ps: invalid_verification_column: keyword not found
  ps: no valid keywords; valid keywords:
  ps: invalid_cleanup_column: keyword not found
  ps: no valid keywords; valid keywords:
  runner: Could not complete owned runner termination: Command failed: /bin/ps -eo invalid_cleanup_column=
  ps: invalid_cleanup_column: keyword not found
  ps: no valid keywords; valid keywords:
  
  runner: post-exit group verification/reclamation: pid=87647; elapsedMs=16.775; accepted=true
  
  runner: verdict counts unavailable; no authoritative summary; 0/1 planned file(s) completed
  file:///Users/yuanxi/Workwork/vibe-fs/requirements/verification-system/tests/e2e/support/supervise-node-test.mjs:242
      throw Object.assign(new Error(`${logPrefix}: supervised suite failed (exit ${code})`, {
                          ^
  
  Error: runner: supervised suite failed (exit 1)
      at fail (file:///Users/yuanxi/Workwork/vibe-fs/requirements/verification-system/tests/e2e/support/supervise-node-test.mjs:242:25)
      at superviseOwnedNodeTest (file:///Users/yuanxi/Workwork/vibe-fs/requirements/verification-system/tests/e2e/support/supervise-node-test.mjs:472:39)
      at process.processTicksAndRejections (node:internal/process/task_queues:103:5)
      at async superviseNodeTest (file:///Users/yuanxi/Workwork/vibe-fs/requirements/verification-system/tests/e2e/support/supervise-node-test.mjs:219:14)
      at async file:///private/var/folders/g_/3ydzn7kx5lg9ylq8fd9p_13r0000gn/T/supervised-tool-reclamation-o5S7Tz/supervise.mjs:106:5 {
    exitCode: 1,
    [cause]: Error: Command failed: /bin/ps -eo invalid_cleanup_column=
    ps: invalid_cleanup_column: keyword not found
    ps: no valid keywords; valid keywords:
    
        at genericNodeError (node:internal/errors:983:15)
        at wrappedFn (node:internal/errors:537:14)
        at checkExecSyncError (node:child_process:916:11)
        at execFileSync (node:child_process:952:15)
        at inspectProcessTree (file:///private/var/folders/g_/3ydzn7kx5lg9ylq8fd9p_13r0000gn/T/supervised-tool-reclamation-o5S7Tz/supervise.mjs:33:14)
        at processRecords (file:///Users/yuanxi/Workwork/vibe-fs/requirements/verification-system/tests/e2e/support/supervise-node-test.mjs:82:18)
        at awaitObservedGroups (file:///Users/yuanxi/Workwork/vibe-fs/requirements/verification-system/tests/e2e/support/supervise-node-test.mjs:129:23)
        at failAfterObservedCleanup (file:///Users/yuanxi/Workwork/vibe-fs/requirements/verification-system/tests/e2e/support/supervise-node-test.mjs:140:11)
        at file:///Users/yuanxi/Workwork/vibe-fs/requirements/verification-system/tests/e2e/support/supervise-node-test.mjs:307:33
        at process.processTicksAndRejections (node:internal/process/task_queues:103:5) {
      status: 1,
      signal: null,
      output: [
        null,
        '%cpu %mem acflag acflg args blocked comm command cpu cputime etime f flags gid\n' +
          'group inblk inblock jobc ktrace ktracep lim login logname lstart majflt minflt\n' +
          'msgrcv msgsnd ni nice nivcsw nsignals nsigs nswap nvcsw nwchan oublk oublock\n' +
          'p_ru paddr pagein pcpu pending pgid pid pmem ppid pri prsna pstime putime re\n' +
          'rgid rgroup rss ruid ruser sess sig sigmask sl start stat state stime svgid\n' +
          'svuid tdev time tpgid tsess tsiz tt tty ucomm uid upr user usrpri utime vsize\n' +
          'vsz wchan wq wqb wql wqr xstat\n',
        'ps: invalid_cleanup_column: keyword not found\n' +
          'ps: no valid keywords; valid keywords:\n'
      ],
      pid: 87686,
      stdout: '%cpu %mem acflag acflg args blocked comm command cpu cputime etime f flags gid\n' +
        'group inblk inblock jobc ktrace ktracep lim login logname lstart majflt minflt\n' +
        'msgrcv msgsnd ni nice nivcsw nsignals nsigs nswap nvcsw nwchan oublk oublock\n' +
        'p_ru paddr pagein pcpu pending pgid pid pmem ppid pri prsna pstime putime re\n' +
        'rgid rgroup rss ruid ruser sess sig sigmask sl start stat state stime svgid\n' +
        'svuid tdev time tpgid tsess tsiz tt tty ucomm uid upr user usrpri utime vsize\n' +
        'vsz wchan wq wqb wql wqr xstat\n',
      stderr: 'ps: invalid_cleanup_column: keyword not found\n' +
        'ps: no valid keywords; valid keywords:\n'
    }
  }
  
  Node.js v22.23.3
  
  + actual - expected
  
    {
      cleanupPreserved: true,
      distinctOriginals: true,
  +   primaryPreserved: false
  -   primaryPreserved: true
    }
  
      at TestContext.<anonymous> (file:///Users/yuanxi/Workwork/vibe-fs/requirements/verification-system/tests/support/supervised-tool-reclamation-tests.mjs:278:16)
      at process.processTicksAndRejections (node:internal/process/task_queues:103:5)
      at async Test.run (node:internal/test_runner/test:1054:7)
      at async startSubtestAfterBootstrap (node:internal/test_runner/harness:296:3) {
    generatedMessage: false,
    code: 'ERR_ASSERTION',
    actual: { primaryPreserved: false, cleanupPreserved: true, distinctOriginals: true },
    expected: { primaryPreserved: true, cleanupPreserved: true, distinctOriginals: true },
    operator: 'deepStrictEqual',
    diff: 'simple'
  }
