runner: scoped 使用 TESTS_MJS_FILES=6 files
runner: build is current (1796 sources, 883 artifacts)
runner: discovery OVERRIDDEN by TESTS_MJS_FILES (6 file(s))
runner: 6 test file(s), 5000ms verdict-silence window
runner: file lifecycle {"entryFile":"/Users/yuanxi/Workwork/vibe-fs/requirements/durable-events/tests/017.test.mjs","pid":89357,"parentPid":89336,"type":"runner:file-start","elapsedMs":164.23512500000015}
runner: file lifecycle {"entryFile":"/Users/yuanxi/Workwork/vibe-fs/requirements/cognitive-environment/tests/015.test.mjs","pid":89357,"parentPid":89336,"type":"runner:file-start","elapsedMs":171.54129199999988}
runner: file lifecycle {"entryFile":"/Users/yuanxi/Workwork/vibe-fs/requirements/requirement-grounding/tests/006.test.mjs","pid":89357,"parentPid":89336,"type":"runner:file-start","elapsedMs":182.4173340000002}
runner: file lifecycle {"entryFile":"/Users/yuanxi/Workwork/vibe-fs/requirements/distribution/tests/005.test.mjs","pid":89357,"parentPid":89336,"type":"runner:file-start","elapsedMs":187.6231670000002}
runner: file lifecycle {"entryFile":"/Users/yuanxi/Workwork/vibe-fs/requirements/verification-system/tests/006.test.mjs","pid":89357,"parentPid":89336,"type":"runner:file-start","elapsedMs":197.9088340000003}
runner: file lifecycle {"entryFile":"/Users/yuanxi/Workwork/vibe-fs/requirements/verification-system/tests/010.test.mjs","pid":89357,"parentPid":89336,"type":"runner:file-start","elapsedMs":204.59487500000023}
[verification-worker-cost] {"version":1,"phase":"pre-import","sequence":0,"entryFile":"/Users/yuanxi/Workwork/vibe-fs/requirements/cognitive-environment/tests/015.test.mjs","pid":89359,"parentPid":89357,"monotonicMs":134.448292,"cpuUserMicros":100972,"cpuSystemMicros":24486}
[verification-worker-cost] {"version":1,"phase":"pre-import","sequence":0,"entryFile":"/Users/yuanxi/Workwork/vibe-fs/requirements/durable-events/tests/017.test.mjs","pid":89358,"parentPid":89357,"monotonicMs":144.49775,"cpuUserMicros":102859,"cpuSystemMicros":23579}
[verification-worker-cost] {"version":1,"phase":"pre-import","sequence":0,"entryFile":"/Users/yuanxi/Workwork/vibe-fs/requirements/distribution/tests/005.test.mjs","pid":89361,"parentPid":89357,"monotonicMs":149.566417,"cpuUserMicros":97489,"cpuSystemMicros":25410}
[verification-worker-cost] {"version":1,"phase":"pre-import","sequence":0,"entryFile":"/Users/yuanxi/Workwork/vibe-fs/requirements/requirement-grounding/tests/006.test.mjs","pid":89360,"parentPid":89357,"monotonicMs":155.698916,"cpuUserMicros":101146,"cpuSystemMicros":25349}
[verification-worker-cost] {"version":1,"phase":"pre-import","sequence":0,"entryFile":"/Users/yuanxi/Workwork/vibe-fs/requirements/verification-system/tests/006.test.mjs","pid":89362,"parentPid":89357,"monotonicMs":157.664791,"cpuUserMicros":101393,"cpuSystemMicros":25823}
[verification-worker-cost] {"version":1,"phase":"pre-import","sequence":0,"entryFile":"/Users/yuanxi/Workwork/vibe-fs/requirements/verification-system/tests/010.test.mjs","pid":89363,"parentPid":89357,"monotonicMs":175.761083,"cpuUserMicros":102924,"cpuSystemMicros":26354}
[verification-test-start] {"pid":89358,"parentPid":89357,"entryFile":"/Users/yuanxi/Workwork/vibe-fs/requirements/durable-events/tests/017.test.mjs","name":"WHAT[durable-events-017] append_path_has_no_Git_object_or_ref_capability","fullName":"WHAT[durable-events-017] append_path_has_no_Git_object_or_ref_capability"}
[verification-test-start] {"pid":89358,"parentPid":89357,"entryFile":"/Users/yuanxi/Workwork/vibe-fs/requirements/durable-events/tests/017.test.mjs","name":"WHAT[durable-events-017] DURABLE_EVENTS_004_017_local_append_has_zero_Git_object_tree_ref_dependencies","fullName":"WHAT[durable-events-017] DURABLE_EVENTS_004_017_local_append_has_zero_Git_object_tree_ref_dependencies"}
[verification-test-start] {"pid":89361,"parentPid":89357,"entryFile":"/Users/yuanxi/Workwork/vibe-fs/requirements/distribution/tests/005.test.mjs","name":"WHAT[distribution-005] assertBuildFresh succeeds on current repository build","fullName":"WHAT[distribution-005] assertBuildFresh succeeds on current repository build"}
[verification-test-start] {"pid":89358,"parentPid":89357,"entryFile":"/Users/yuanxi/Workwork/vibe-fs/requirements/durable-events/tests/017.test.mjs","name":"WHAT[durable-events-017] activated_append_records_no_historical_content_IO_with_8_facts_and_cold_replay","fullName":"WHAT[durable-events-017] activated_append_records_no_historical_content_IO_with_8_facts_and_cold_replay"}
[verification-test-start] {"pid":89363,"parentPid":89357,"entryFile":"/Users/yuanxi/Workwork/vibe-fs/requirements/verification-system/tests/010.test.mjs","name":"WHAT[verification-system-010] frozen event budgets reject invalid limits and count only substantive SSE events","fullName":"WHAT[verification-system-010] frozen event budgets reject invalid limits and count only substantive SSE events"}
[verification-test-start] {"pid":89360,"parentPid":89357,"entryFile":"/Users/yuanxi/Workwork/vibe-fs/requirements/requirement-grounding/tests/006.test.mjs","name":"WHAT[requirement-grounding-006] an unclassified native read wrapper conservatively keeps the complete material eligible","fullName":"WHAT[requirement-grounding-006] an unclassified native read wrapper conservatively keeps the complete material eligible"}
[verification-test-start] {"pid":89363,"parentPid":89357,"entryFile":"/Users/yuanxi/Workwork/vibe-fs/requirements/verification-system/tests/010.test.mjs","name":"WHAT[verification-system-010] exceeding an event budget fails instead of extending its limit","fullName":"WHAT[verification-system-010] exceeding an event budget fails instead of extending its limit"}
[verification-test-start] {"pid":89363,"parentPid":89357,"entryFile":"/Users/yuanxi/Workwork/vibe-fs/requirements/verification-system/tests/010.test.mjs","name":"WHAT[verification-system-010] the Long Stroke retains its existing acceptance event ceilings","fullName":"WHAT[verification-system-010] the Long Stroke retains its existing acceptance event ceilings"}
[verification-worker-cost] {"version":1,"phase":"exit","sequence":1,"entryFile":"/Users/yuanxi/Workwork/vibe-fs/requirements/verification-system/tests/010.test.mjs","pid":89363,"parentPid":89357,"monotonicMs":1906.179041,"cpuUserMicros":1005147,"cpuSystemMicros":217600,"exitCode":0}
runner: file lifecycle {"entryFile":"/Users/yuanxi/Workwork/vibe-fs/requirements/verification-system/tests/010.test.mjs","type":"runner:file-drained","elapsedMs":2210.620542}
runner: worker cost {"version":1,"entryFile":"/Users/yuanxi/Workwork/vibe-fs/requirements/verification-system/tests/010.test.mjs","enabled":true,"pid":89363,"status":"complete","reason":null,"preImport":{"version":1,"phase":"pre-import","sequence":0,"entryFile":"/Users/yuanxi/Workwork/vibe-fs/requirements/verification-system/tests/010.test.mjs","pid":89363,"parentPid":89357,"monotonicMs":175.761083,"cpuUserMicros":102924,"cpuSystemMicros":26354},"exit":{"version":1,"phase":"exit","sequence":1,"entryFile":"/Users/yuanxi/Workwork/vibe-fs/requirements/verification-system/tests/010.test.mjs","pid":89363,"parentPid":89357,"monotonicMs":1906.179041,"cpuUserMicros":1005147,"cpuSystemMicros":217600,"exitCode":0},"interval":{"clockPid":89363,"wallMs":1730.417958,"cpuUserMicros":902223,"cpuSystemMicros":191246}}
[verification-test-start] {"pid":89359,"parentPid":89357,"entryFile":"/Users/yuanxi/Workwork/vibe-fs/requirements/cognitive-environment/tests/015.test.mjs","name":"WHAT[cognitive-environment-015] BLOGGER_CHRONICLE_TEXT_has_exact_bilingual_craft","fullName":"WHAT[cognitive-environment-015] BLOGGER_CHRONICLE_TEXT_has_exact_bilingual_craft"}
[verification-test-start] {"pid":89362,"parentPid":89357,"entryFile":"/Users/yuanxi/Workwork/vibe-fs/requirements/verification-system/tests/006.test.mjs","name":"WHAT[verification-system-006] silence termination reclaims an actual detached tool and its descendant while preserving the caller's foreign group","fullName":"WHAT[verification-system-006] silence termination reclaims an actual detached tool and its descendant while preserving the caller's foreign group"}
[verification-test-start] {"pid":89360,"parentPid":89357,"entryFile":"/Users/yuanxi/Workwork/vibe-fs/requirements/requirement-grounding/tests/006.test.mjs","name":"WHAT[requirement-grounding-006] deduplicates material content versions and re-grounds only the changed Markdown sibling","fullName":"WHAT[requirement-grounding-006] deduplicates material content versions and re-grounds only the changed Markdown sibling"}
[verification-test-start] {"pid":89359,"parentPid":89357,"entryFile":"/Users/yuanxi/Workwork/vibe-fs/requirements/cognitive-environment/tests/015.test.mjs","name":"WHAT[cognitive-environment-015] Blogger prose discipline rejects status-report wrappers and demands self-contained evidence","fullName":"WHAT[cognitive-environment-015] Blogger prose discipline rejects status-report wrappers and demands self-contained evidence"}
[verification-test-start] {"pid":89359,"parentPid":89357,"entryFile":"/Users/yuanxi/Workwork/vibe-fs/requirements/cognitive-environment/tests/015.test.mjs","name":"WHAT[cognitive-environment-015] BLOGGER_CHRONICLE_TEXT_is_companion_only_ephemeral_assistant_text_injection","fullName":"WHAT[cognitive-environment-015] BLOGGER_CHRONICLE_TEXT_is_companion_only_ephemeral_assistant_text_injection"}
[verification-test-start] {"pid":89359,"parentPid":89357,"entryFile":"/Users/yuanxi/Workwork/vibe-fs/requirements/cognitive-environment/tests/015.test.mjs","name":"WHAT[cognitive-environment-015] BLOGGER_CHRONICLE_TEXT_is_enabled_for_step_3_5_flash_model_prefix","fullName":"WHAT[cognitive-environment-015] BLOGGER_CHRONICLE_TEXT_is_enabled_for_step_3_5_flash_model_prefix"}
[verification-test-start] {"pid":89359,"parentPid":89357,"entryFile":"/Users/yuanxi/Workwork/vibe-fs/requirements/cognitive-environment/tests/015.test.mjs","name":"WHAT[cognitive-environment-015] BLOGGER_CHRONICLE_TEXT_is_the_last_semantic_injection_before_sanitize","fullName":"WHAT[cognitive-environment-015] BLOGGER_CHRONICLE_TEXT_is_the_last_semantic_injection_before_sanitize"}
[verification-test-start] {"pid":89359,"parentPid":89357,"entryFile":"/Users/yuanxi/Workwork/vibe-fs/requirements/cognitive-environment/tests/015.test.mjs","name":"WHAT[cognitive-environment-015] B1_whitelisted_model_prefix_injects_exactly_one_bilingual_hint_before_frontier_user","fullName":"WHAT[cognitive-environment-015] B1_whitelisted_model_prefix_injects_exactly_one_bilingual_hint_before_frontier_user"}
[verification-test-start] {"pid":89359,"parentPid":89357,"entryFile":"/Users/yuanxi/Workwork/vibe-fs/requirements/cognitive-environment/tests/015.test.mjs","name":"WHAT[cognitive-environment-015] B2_non_whitelisted_model_prefix_performs_zero_injection","fullName":"WHAT[cognitive-environment-015] B2_non_whitelisted_model_prefix_performs_zero_injection"}
[verification-test-start] {"pid":89359,"parentPid":89357,"entryFile":"/Users/yuanxi/Workwork/vibe-fs/requirements/cognitive-environment/tests/015.test.mjs","name":"WHAT[cognitive-environment-015] B3_existing_same_text_assistant_message_is_deduplicated_not_reinjected","fullName":"WHAT[cognitive-environment-015] B3_existing_same_text_assistant_message_is_deduplicated_not_reinjected"}
[verification-test-start] {"pid":89359,"parentPid":89357,"entryFile":"/Users/yuanxi/Workwork/vibe-fs/requirements/cognitive-environment/tests/015.test.mjs","name":"WHAT[cognitive-environment-015] B4_injection_writes_no_durable_persistence","fullName":"WHAT[cognitive-environment-015] B4_injection_writes_no_durable_persistence"}
[verification-test-start] {"pid":89359,"parentPid":89357,"entryFile":"/Users/yuanxi/Workwork/vibe-fs/requirements/cognitive-environment/tests/015.test.mjs","name":"WHAT[cognitive-environment-015] B5_language_binding_selects_the_matching_resource_leaf","fullName":"WHAT[cognitive-environment-015] B5_language_binding_selects_the_matching_resource_leaf"}
[verification-test-start] {"pid":89359,"parentPid":89357,"entryFile":"/Users/yuanxi/Workwork/vibe-fs/requirements/cognitive-environment/tests/015.test.mjs","name":"WHAT[cognitive-environment-015] B6_missing_physical_identity_cannot_borrow_the_session_model","fullName":"WHAT[cognitive-environment-015] B6_missing_physical_identity_cannot_borrow_the_session_model"}
[verification-test-start] {"pid":89359,"parentPid":89357,"entryFile":"/Users/yuanxi/Workwork/vibe-fs/requirements/cognitive-environment/tests/015.test.mjs","name":"WHAT[cognitive-environment-015] registered companion projection keeps the original execution model gate","fullName":"WHAT[cognitive-environment-015] registered companion projection keeps the original execution model gate"}
[verification-test-start] {"pid":89360,"parentPid":89357,"entryFile":"/Users/yuanxi/Workwork/vibe-fs/requirements/requirement-grounding/tests/006.test.mjs","name":"WHAT[requirement-grounding-006] reanchor_resets_horizon_coverage_so_the_same_digest_must_ground_again","fullName":"WHAT[requirement-grounding-006] reanchor_resets_horizon_coverage_so_the_same_digest_must_ground_again"}
[verification-test-start] {"pid":89360,"parentPid":89357,"entryFile":"/Users/yuanxi/Workwork/vibe-fs/requirements/requirement-grounding/tests/006.test.mjs","name":"WHAT[requirement-grounding-006] a read returning old bytes does not mark the newer disk version visible","fullName":"WHAT[requirement-grounding-006] a read returning old bytes does not mark the newer disk version visible"}
[verification-test-start] {"pid":89360,"parentPid":89357,"entryFile":"/Users/yuanxi/Workwork/vibe-fs/requirements/requirement-grounding/tests/006.test.mjs","name":"WHAT[requirement-grounding-006] a partial returned read does not mark the complete disk material visible","fullName":"WHAT[requirement-grounding-006] a partial returned read does not mark the complete disk material visible"}
[verification-test-start] {"pid":89360,"parentPid":89357,"entryFile":"/Users/yuanxi/Workwork/vibe-fs/requirements/requirement-grounding/tests/006.test.mjs","name":"WHAT[requirement-grounding-006] a non-content native observation protocol input does not mint a successful read fact","fullName":"WHAT[requirement-grounding-006] a non-content native observation protocol input does not mint a successful read fact"}
[verification-test-start] {"pid":89360,"parentPid":89357,"entryFile":"/Users/yuanxi/Workwork/vibe-fs/requirements/requirement-grounding/tests/006.test.mjs","name":"WHAT[requirement-grounding-006] an actual program file-read failure cannot produce visible read facts","fullName":"WHAT[requirement-grounding-006] an actual program file-read failure cannot produce visible read facts"}
[verification-test-start] {"pid":89360,"parentPid":89357,"entryFile":"/Users/yuanxi/Workwork/vibe-fs/requirements/requirement-grounding/tests/006.test.mjs","name":"WHAT[requirement-grounding-006] a symlink replaced after the actual read preserves the read-time resolved path at observation","fullName":"WHAT[requirement-grounding-006] a symlink replaced after the actual read preserves the read-time resolved path at observation"}
[verification-test-start] {"pid":89360,"parentPid":89357,"entryFile":"/Users/yuanxi/Workwork/vibe-fs/requirements/requirement-grounding/tests/006.test.mjs","name":"WHAT[requirement-grounding-006] an actual file read through an outside-workspace symlink is denied without an observation","fullName":"WHAT[requirement-grounding-006] an actual file read through an outside-workspace symlink is denied without an observation"}
[verification-test-start] {"pid":89360,"parentPid":89357,"entryFile":"/Users/yuanxi/Workwork/vibe-fs/requirements/requirement-grounding/tests/006.test.mjs","name":"WHAT[requirement-grounding-006] registered program grep keeps scan freshness without claiming explicit visible file contents","fullName":"WHAT[requirement-grounding-006] registered program grep keeps scan freshness without claiming explicit visible file contents"}
[verification-test-start] {"pid":89358,"parentPid":89357,"entryFile":"/Users/yuanxi/Workwork/vibe-fs/requirements/durable-events/tests/017.test.mjs","name":"WHAT[durable-events-017] activated_append_records_no_historical_content_IO_with_128_facts_and_cold_replay","fullName":"WHAT[durable-events-017] activated_append_records_no_historical_content_IO_with_128_facts_and_cold_replay"}
[verification-test-start] {"pid":89362,"parentPid":89357,"entryFile":"/Users/yuanxi/Workwork/vibe-fs/requirements/verification-system/tests/006.test.mjs","name":"WHAT[verification-system-006] native freeze inspection failure preserves its original cause and drains known owned resources while retaining a foreign group","fullName":"WHAT[verification-system-006] native freeze inspection failure preserves its original cause and drains known owned resources while retaining a foreign group"}
[verification-test-start] {"pid":89361,"parentPid":89357,"entryFile":"/Users/yuanxi/Workwork/vibe-fs/requirements/distribution/tests/005.test.mjs","name":"WHAT[distribution-005] no-op mode preserves manifest and generation","fullName":"WHAT[distribution-005] no-op mode preserves manifest and generation"}
[verification-test-start] {"pid":89362,"parentPid":89357,"entryFile":"/Users/yuanxi/Workwork/vibe-fs/requirements/verification-system/tests/006.test.mjs","name":"WHAT[verification-system-006] native drain inspection failure preserves its original cause and drains captured owned resources while retaining a foreign group","fullName":"WHAT[verification-system-006] native drain inspection failure preserves its original cause and drains captured owned resources while retaining a foreign group"}

✖ failing tests:

test entry /Users/yuanxi/Workwork/vibe-fs/requirements/verification-system/tests/006.test.mjs
test at /Users/yuanxi/Workwork/vibe-fs/requirements/verification-system/tests/support/supervised-tool-reclamation-tests.mjs:51:3
✖ WHAT[verification-system-006] native freeze inspection failure preserves its original cause and drains known owned resources while retaining a foreign group (2288.315ms)
  AssertionError [ERR_ASSERTION]: The caller did not record its caught failure
  runner: 1 test file(s), 1000ms verdict-silence window
  runner: file lifecycle {"entryFile":"/var/folders/g_/3ydzn7kx5lg9ylq8fd9p_13r0000gn/T/supervised-tool-reclamation-IxTKGt/held.fixture.mjs","pid":89640,"parentPid":89613,"type":"runner:file-start","elapsedMs":249.85020799999995}
  [verification-worker-cost] {"version":1,"phase":"pre-import","sequence":0,"entryFile":"/var/folders/g_/3ydzn7kx5lg9ylq8fd9p_13r0000gn/T/supervised-tool-reclamation-IxTKGt/held.fixture.mjs","pid":89646,"parentPid":89640,"monotonicMs":141.365333,"cpuUserMicros":112113,"cpuSystemMicros":28268}
  [verification-test-start] {"pid":89646,"parentPid":89640,"entryFile":"/var/folders/g_/3ydzn7kx5lg9ylq8fd9p_13r0000gn/T/supervised-tool-reclamation-IxTKGt/held.fixture.mjs","name":"actual detached selected tool remains unfinished","fullName":"actual detached selected tool remains unfinished"}
  WATCHDOG: 'detached-tool-reclamation' silent for 1005ms (limit 1000ms); 0 blocking progress update(s), last progress: start lane=startup expectation=none
  WATCHDOG: background progress 466ms ago: test:stdout lane=/var/folders/g_/3ydzn7kx5lg9ylq8fd9p_13r0000gn/T/supervised-tool-reclamation-IxTKGt/held.fixture.mjs (2 background update(s), none of them renewals)
  runner: 1 file(s) had not reported completion
  runner: file streams: 0 drained, 1 active, 0 queued
  runner: active file ../../../../var/folders/g_/3ydzn7kx5lg9ylq8fd9p_13r0000gn/T/supervised-tool-reclamation-IxTKGt/held.fixture.mjs; waiting for stream drain; last verdict: none received
  runner: worker cost {"version":1,"entryFile":"/var/folders/g_/3ydzn7kx5lg9ylq8fd9p_13r0000gn/T/supervised-tool-reclamation-IxTKGt/held.fixture.mjs","enabled":true,"pid":89646,"status":"missing","reason":"Exit observation not received","preImport":{"version":1,"phase":"pre-import","sequence":0,"entryFile":"/var/folders/g_/3ydzn7kx5lg9ylq8fd9p_13r0000gn/T/supervised-tool-reclamation-IxTKGt/held.fixture.mjs","pid":89646,"parentPid":89640,"monotonicMs":141.365333,"cpuUserMicros":112113,"cpuSystemMicros":28268},"exit":null,"interval":null}
  runner: verdict counts unavailable; no authoritative summary before the silence
  runner: Could not complete owned runner termination: ENOENT: no such file or directory, open '/var/folders/g_/3ydzn7kx5lg9ylq8fd9p_13r0000gn/T/supervised-tool-reclamation-IxTKGt/tool-ownership.json'
  runner: post-exit group verification/reclamation: pid=89640; elapsedMs=184.512; accepted=true
  
  runner: verdict counts unavailable; no authoritative summary; 0/1 planned file(s) completed
  file:///private/var/folders/g_/3ydzn7kx5lg9ylq8fd9p_13r0000gn/T/supervised-tool-reclamation-IxTKGt/supervise.mjs:146
    throw new AggregateError([...(originalFailure ? [originalFailure.error] : []), ...cleanupErrors], 'Supervisor observation or foreign cleanup failed', { cause: originalFailure?.error })
          ^
  
  AggregateError: Supervisor observation or foreign cleanup failed
      at file:///private/var/folders/g_/3ydzn7kx5lg9ylq8fd9p_13r0000gn/T/supervised-tool-reclamation-IxTKGt/supervise.mjs:146:9 {
    [cause]: Error: runner: supervised suite failed (exit 1)
        at fail (file:///Users/yuanxi/Workwork/vibe-fs/requirements/verification-system/tests/e2e/support/supervise-node-test.mjs:242:25)
        at superviseOwnedNodeTest (file:///Users/yuanxi/Workwork/vibe-fs/requirements/verification-system/tests/e2e/support/supervise-node-test.mjs:472:39)
        at process.processTicksAndRejections (node:internal/process/task_queues:103:5)
        at async superviseNodeTest (file:///Users/yuanxi/Workwork/vibe-fs/requirements/verification-system/tests/e2e/support/supervise-node-test.mjs:219:14)
        at async file:///private/var/folders/g_/3ydzn7kx5lg9ylq8fd9p_13r0000gn/T/supervised-tool-reclamation-IxTKGt/supervise.mjs:106:5 {
      exitCode: 1,
      [cause]: Error: ENOENT: no such file or directory, open '/var/folders/g_/3ydzn7kx5lg9ylq8fd9p_13r0000gn/T/supervised-tool-reclamation-IxTKGt/tool-ownership.json'
          at Object.readFileSync (node:fs:440:20)
          at inspectProcessTree (file:///private/var/folders/g_/3ydzn7kx5lg9ylq8fd9p_13r0000gn/T/supervised-tool-reclamation-IxTKGt/supervise.mjs:41:30)
          at processRecords (file:///Users/yuanxi/Workwork/vibe-fs/requirements/verification-system/tests/e2e/support/supervise-node-test.mjs:82:18)
          at captureFrozenDescendantGroups (file:///Users/yuanxi/Workwork/vibe-fs/requirements/verification-system/tests/e2e/support/supervise-node-test.mjs:109:34)
          at file:///Users/yuanxi/Workwork/vibe-fs/requirements/verification-system/tests/e2e/support/supervise-node-test.mjs:293:31
          at requestTermination (file:///Users/yuanxi/Workwork/vibe-fs/requirements/verification-system/tests/e2e/support/supervise-node-test.mjs:313:7)
          at Watchdog.terminate [as _terminate] (file:///Users/yuanxi/Workwork/vibe-fs/requirements/verification-system/tests/e2e/support/supervise-node-test.mjs:326:9)
          at Watchdog._fire (file:///Users/yuanxi/Workwork/vibe-fs/requirements/verification-system/tests/e2e/support/watchdog.js:113:10)
          at process.processTicksAndRejections (node:internal/process/task_queues:103:5) {
        errno: -2,
        code: 'ENOENT',
        syscall: 'open',
        path: '/var/folders/g_/3ydzn7kx5lg9ylq8fd9p_13r0000gn/T/supervised-tool-reclamation-IxTKGt/tool-ownership.json'
      }
    },
    [errors]: [
      Error: runner: supervised suite failed (exit 1)
          at fail (file:///Users/yuanxi/Workwork/vibe-fs/requirements/verification-system/tests/e2e/support/supervise-node-test.mjs:242:25)
          at superviseOwnedNodeTest (file:///Users/yuanxi/Workwork/vibe-fs/requirements/verification-system/tests/e2e/support/supervise-node-test.mjs:472:39)
          at process.processTicksAndRejections (node:internal/process/task_queues:103:5)
          at async superviseNodeTest (file:///Users/yuanxi/Workwork/vibe-fs/requirements/verification-system/tests/e2e/support/supervise-node-test.mjs:219:14)
          at async file:///private/var/folders/g_/3ydzn7kx5lg9ylq8fd9p_13r0000gn/T/supervised-tool-reclamation-IxTKGt/supervise.mjs:106:5 {
        exitCode: 1,
        [cause]: Error: ENOENT: no such file or directory, open '/var/folders/g_/3ydzn7kx5lg9ylq8fd9p_13r0000gn/T/supervised-tool-reclamation-IxTKGt/tool-ownership.json'
            at Object.readFileSync (node:fs:440:20)
            at inspectProcessTree (file:///private/var/folders/g_/3ydzn7kx5lg9ylq8fd9p_13r0000gn/T/supervised-tool-reclamation-IxTKGt/supervise.mjs:41:30)
            at processRecords (file:///Users/yuanxi/Workwork/vibe-fs/requirements/verification-system/tests/e2e/support/supervise-node-test.mjs:82:18)
            at captureFrozenDescendantGroups (file:///Users/yuanxi/Workwork/vibe-fs/requirements/verification-system/tests/e2e/support/supervise-node-test.mjs:109:34)
            at file:///Users/yuanxi/Workwork/vibe-fs/requirements/verification-system/tests/e2e/support/supervise-node-test.mjs:293:31
            at requestTermination (file:///Users/yuanxi/Workwork/vibe-fs/requirements/verification-system/tests/e2e/support/supervise-node-test.mjs:313:7)
            at Watchdog.terminate [as _terminate] (file:///Users/yuanxi/Workwork/vibe-fs/requirements/verification-system/tests/e2e/support/supervise-node-test.mjs:326:9)
            at Watchdog._fire (file:///Users/yuanxi/Workwork/vibe-fs/requirements/verification-system/tests/e2e/support/watchdog.js:113:10)
            at process.processTicksAndRejections (node:internal/process/task_queues:103:5) {
          errno: -2,
          code: 'ENOENT',
          syscall: 'open',
          path: '/var/folders/g_/3ydzn7kx5lg9ylq8fd9p_13r0000gn/T/supervised-tool-reclamation-IxTKGt/tool-ownership.json'
        }
      },
      Error: ENOENT: no such file or directory, open '/var/folders/g_/3ydzn7kx5lg9ylq8fd9p_13r0000gn/T/supervised-tool-reclamation-IxTKGt/tool-ownership.json'
          at Object.readFileSync (node:fs:440:20)
          at file:///private/var/folders/g_/3ydzn7kx5lg9ylq8fd9p_13r0000gn/T/supervised-tool-reclamation-IxTKGt/supervise.mjs:112:32
          at process.processTicksAndRejections (node:internal/process/task_queues:103:5) {
        errno: -2,
        code: 'ENOENT',
        syscall: 'open',
        path: '/var/folders/g_/3ydzn7kx5lg9ylq8fd9p_13r0000gn/T/supervised-tool-reclamation-IxTKGt/tool-ownership.json'
      }
    ]
  }
  
  Node.js v22.23.3
  
      at TestContext.<anonymous> (file:///Users/yuanxi/Workwork/vibe-fs/requirements/verification-system/tests/support/supervised-tool-reclamation-tests.mjs:252:14)
      at process.processTicksAndRejections (node:internal/process/task_queues:103:5)
      at async Test.run (node:internal/test_runner/test:1054:7)
      at async Test.processPendingSubtests (node:internal/test_runner/test:744:7)

[verification-worker-cost] {"version":1,"phase":"exit","sequence":1,"entryFile":"/Users/yuanxi/Workwork/vibe-fs/requirements/durable-events/tests/017.test.mjs","pid":89358,"parentPid":89357,"monotonicMs":9612.350583,"cpuUserMicros":1121482,"cpuSystemMicros":241559,"exitCode":0}
runner: file lifecycle {"entryFile":"/Users/yuanxi/Workwork/vibe-fs/requirements/durable-events/tests/017.test.mjs","type":"runner:file-drained","elapsedMs":9875.396167}
runner: worker cost {"version":1,"entryFile":"/Users/yuanxi/Workwork/vibe-fs/requirements/durable-events/tests/017.test.mjs","enabled":true,"pid":89358,"status":"complete","reason":null,"preImport":{"version":1,"phase":"pre-import","sequence":0,"entryFile":"/Users/yuanxi/Workwork/vibe-fs/requirements/durable-events/tests/017.test.mjs","pid":89358,"parentPid":89357,"monotonicMs":144.49775,"cpuUserMicros":102859,"cpuSystemMicros":23579},"exit":{"version":1,"phase":"exit","sequence":1,"entryFile":"/Users/yuanxi/Workwork/vibe-fs/requirements/durable-events/tests/017.test.mjs","pid":89358,"parentPid":89357,"monotonicMs":9612.350583,"cpuUserMicros":1121482,"cpuSystemMicros":241559,"exitCode":0},"interval":{"clockPid":89358,"wallMs":9467.852832999999,"cpuUserMicros":1018623,"cpuSystemMicros":217980}}
[verification-test-start] {"pid":89359,"parentPid":89357,"entryFile":"/Users/yuanxi/Workwork/vibe-fs/requirements/cognitive-environment/tests/015.test.mjs","name":"WHAT[cognitive-environment-015] durable marker oracle observes Git-private event bytes","fullName":"WHAT[cognitive-environment-015] durable marker oracle observes Git-private event bytes"}
test at /Users/yuanxi/Workwork/vibe-fs/requirements/cognitive-environment/tests/015.test.mjs:415:1
✖ WHAT[cognitive-environment-015] registered companion projection keeps the original execution model gate (7370.274ms)
  Error: releaseCurrentRequest(ses-blog-original-execution, req-original-execution) returned Missing
      at Object.dispose (file:///Users/yuanxi/Workwork/vibe-fs/requirements/verification-system/tests/support/plugin-fixture.mjs:447:13)
      at file:///Users/yuanxi/Workwork/vibe-fs/requirements/cognitive-environment/tests/015.test.mjs:471:19
      at async withExecutablePlugin (file:///Users/yuanxi/Workwork/vibe-fs/requirements/verification-system/tests/support/plugin-fixture.mjs:276:7)
      at async file:///Users/yuanxi/Workwork/vibe-fs/requirements/cognitive-environment/tests/015.test.mjs:417:5
      at async withEnglishLanguage (file:///Users/yuanxi/Workwork/vibe-fs/requirements/cognitive-environment/tests/015.test.mjs:498:5)
      at async TestContext.<anonymous> (file:///Users/yuanxi/Workwork/vibe-fs/requirements/cognitive-environment/tests/015.test.mjs:416:3)
      at async Test.run (node:internal/test_runner/test:1054:7)
      at async Test.processPendingSubtests (node:internal/test_runner/test:744:7)

[verification-test-start] {"pid":89359,"parentPid":89357,"entryFile":"/Users/yuanxi/Workwork/vibe-fs/requirements/cognitive-environment/tests/015.test.mjs","name":"WHAT[cognitive-environment-015] R1_registered_transform_injects_one_marker_and_writes_no_durable_history","fullName":"WHAT[cognitive-environment-015] R1_registered_transform_injects_one_marker_and_writes_no_durable_history"}
[verification-test-start] {"pid":89360,"parentPid":89357,"entryFile":"/Users/yuanxi/Workwork/vibe-fs/requirements/requirement-grounding/tests/006.test.mjs","name":"WHAT[requirement-grounding-006] registered complete file reads preserve exact versions, deduplicate, replay, and reset after reanchor","fullName":"WHAT[requirement-grounding-006] registered complete file reads preserve exact versions, deduplicate, replay, and reset after reanchor"}
[verification-test-start] {"pid":89362,"parentPid":89357,"entryFile":"/Users/yuanxi/Workwork/vibe-fs/requirements/verification-system/tests/006.test.mjs","name":"WHAT[verification-system-006] native double inspection failure preserves both original causes and reports incomplete owned cleanup","fullName":"WHAT[verification-system-006] native double inspection failure preserves both original causes and reports incomplete owned cleanup"}
[verification-test-start] {"pid":89359,"parentPid":89357,"entryFile":"/Users/yuanxi/Workwork/vibe-fs/requirements/cognitive-environment/tests/015.test.mjs","name":"WHAT[cognitive-environment-015] R2_registered_transform_non_companion_session_injects_nothing","fullName":"WHAT[cognitive-environment-015] R2_registered_transform_non_companion_session_injects_nothing"}
[verification-test-start] {"pid":89360,"parentPid":89357,"entryFile":"/Users/yuanxi/Workwork/vibe-fs/requirements/requirement-grounding/tests/006.test.mjs","name":"WHAT[requirement-grounding-006] historical material observations retain their original decode and horizon semantics","fullName":"WHAT[requirement-grounding-006] historical material observations retain their original decode and horizon semantics"}
[verification-worker-cost] {"version":1,"phase":"exit","sequence":1,"entryFile":"/Users/yuanxi/Workwork/vibe-fs/requirements/requirement-grounding/tests/006.test.mjs","pid":89360,"parentPid":89357,"monotonicMs":12586.737541,"cpuUserMicros":8409558,"cpuSystemMicros":1614899,"exitCode":0}
runner: file lifecycle {"entryFile":"/Users/yuanxi/Workwork/vibe-fs/requirements/requirement-grounding/tests/006.test.mjs","type":"runner:file-drained","elapsedMs":12920.362959}
runner: worker cost {"version":1,"entryFile":"/Users/yuanxi/Workwork/vibe-fs/requirements/requirement-grounding/tests/006.test.mjs","enabled":true,"pid":89360,"status":"complete","reason":null,"preImport":{"version":1,"phase":"pre-import","sequence":0,"entryFile":"/Users/yuanxi/Workwork/vibe-fs/requirements/requirement-grounding/tests/006.test.mjs","pid":89360,"parentPid":89357,"monotonicMs":155.698916,"cpuUserMicros":101146,"cpuSystemMicros":25349},"exit":{"version":1,"phase":"exit","sequence":1,"entryFile":"/Users/yuanxi/Workwork/vibe-fs/requirements/requirement-grounding/tests/006.test.mjs","pid":89360,"parentPid":89357,"monotonicMs":12586.737541,"cpuUserMicros":8409558,"cpuSystemMicros":1614899,"exitCode":0},"interval":{"clockPid":89360,"wallMs":12431.038625000001,"cpuUserMicros":8308412,"cpuSystemMicros":1589550}}
[36m[build][0m build up-to-date (no-op)
[verification-test-start] {"pid":89361,"parentPid":89357,"entryFile":"/Users/yuanxi/Workwork/vibe-fs/requirements/distribution/tests/005.test.mjs","name":"WHAT[distribution-005] manifest corruption causes assertBuildFresh to throw with code","fullName":"WHAT[distribution-005] manifest corruption causes assertBuildFresh to throw with code"}
[verification-test-start] {"pid":89361,"parentPid":89357,"entryFile":"/Users/yuanxi/Workwork/vibe-fs/requirements/distribution/tests/005.test.mjs","name":"WHAT[distribution-005] missing or stale output entry causes assertBuildFresh to throw","fullName":"WHAT[distribution-005] missing or stale output entry causes assertBuildFresh to throw"}
[verification-test-start] {"pid":89361,"parentPid":89357,"entryFile":"/Users/yuanxi/Workwork/vibe-fs/requirements/distribution/tests/005.test.mjs","name":"WHAT[distribution-005] release output reset physically removes stale artifacts","fullName":"WHAT[distribution-005] release output reset physically removes stale artifacts"}
[verification-test-start] {"pid":89361,"parentPid":89357,"entryFile":"/Users/yuanxi/Workwork/vibe-fs/requirements/distribution/tests/005.test.mjs","name":"WHAT[distribution-005] full rebuild staged swap clears orphans, restores prior dist on failure, and settles stale backups","fullName":"WHAT[distribution-005] full rebuild staged swap clears orphans, restores prior dist on failure, and settles stale backups"}
[verification-test-start] {"pid":89362,"parentPid":89357,"entryFile":"/Users/yuanxi/Workwork/vibe-fs/requirements/verification-system/tests/006.test.mjs","name":"WHAT[verification-system-006] owned tool monitoring preserves actual terminals and rejects missing control evidence","fullName":"WHAT[verification-system-006] owned tool monitoring preserves actual terminals and rejects missing control evidence"}
[verification-test-start] {"pid":89362,"parentPid":89357,"entryFile":"/Users/yuanxi/Workwork/vibe-fs/requirements/verification-system/tests/006.test.mjs","name":"WHAT[verification-system-006] empty PATH preserves exact selected environment and actual independent process group","fullName":"WHAT[verification-system-006] owned tool monitoring preserves actual terminals and rejects missing control evidence > WHAT[verification-system-006] empty PATH preserves exact selected environment and actual independent process group"}
[verification-test-start] {"pid":89362,"parentPid":89357,"entryFile":"/Users/yuanxi/Workwork/vibe-fs/requirements/verification-system/tests/006.test.mjs","name":"WHAT[verification-system-006] a selected nonzero exit is preserved instead of the monitor exit","fullName":"WHAT[verification-system-006] owned tool monitoring preserves actual terminals and rejects missing control evidence > WHAT[verification-system-006] a selected nonzero exit is preserved instead of the monitor exit"}
[verification-test-start] {"pid":89359,"parentPid":89357,"entryFile":"/Users/yuanxi/Workwork/vibe-fs/requirements/cognitive-environment/tests/015.test.mjs","name":"WHAT[cognitive-environment-015] R3_registered_transform_replays_same_occurrence_without_duplicate_markers","fullName":"WHAT[cognitive-environment-015] R3_registered_transform_replays_same_occurrence_without_duplicate_markers"}
[verification-test-start] {"pid":89362,"parentPid":89357,"entryFile":"/Users/yuanxi/Workwork/vibe-fs/requirements/verification-system/tests/006.test.mjs","name":"WHAT[verification-system-006] a selected process signal is preserved instead of the monitor exit","fullName":"WHAT[verification-system-006] owned tool monitoring preserves actual terminals and rejects missing control evidence > WHAT[verification-system-006] a selected process signal is preserved instead of the monitor exit"}
[verification-test-start] {"pid":89362,"parentPid":89357,"entryFile":"/Users/yuanxi/Workwork/vibe-fs/requirements/verification-system/tests/006.test.mjs","name":"WHAT[verification-system-006] a real selected executable spawn failure retains its OS cause","fullName":"WHAT[verification-system-006] owned tool monitoring preserves actual terminals and rejects missing control evidence > WHAT[verification-system-006] a real selected executable spawn failure retains its OS cause"}
[verification-test-start] {"pid":89362,"parentPid":89357,"entryFile":"/Users/yuanxi/Workwork/vibe-fs/requirements/verification-system/tests/006.test.mjs","name":"WHAT[verification-system-006] missing monitor terminal before selected spawn rejects acceptance","fullName":"WHAT[verification-system-006] owned tool monitoring preserves actual terminals and rejects missing control evidence > WHAT[verification-system-006] missing monitor terminal before selected spawn rejects acceptance"}
[verification-test-start] {"pid":89362,"parentPid":89357,"entryFile":"/Users/yuanxi/Workwork/vibe-fs/requirements/verification-system/tests/006.test.mjs","name":"WHAT[verification-system-006] malformed monitor terminal before selected spawn rejects acceptance","fullName":"WHAT[verification-system-006] owned tool monitoring preserves actual terminals and rejects missing control evidence > WHAT[verification-system-006] malformed monitor terminal before selected spawn rejects acceptance"}
[verification-test-start] {"pid":89362,"parentPid":89357,"entryFile":"/Users/yuanxi/Workwork/vibe-fs/requirements/verification-system/tests/006.test.mjs","name":"WHAT[verification-system-006] duplicate monitor terminal before selected spawn rejects acceptance","fullName":"WHAT[verification-system-006] owned tool monitoring preserves actual terminals and rejects missing control evidence > WHAT[verification-system-006] duplicate monitor terminal before selected spawn rejects acceptance"}
[verification-test-start] {"pid":89362,"parentPid":89357,"entryFile":"/Users/yuanxi/Workwork/vibe-fs/requirements/verification-system/tests/006.test.mjs","name":"WHAT[verification-system-006] event safety ceilings validate input and count actual non-heartbeat events","fullName":"WHAT[verification-system-006] event safety ceilings validate input and count actual non-heartbeat events"}
[verification-test-start] {"pid":89362,"parentPid":89357,"entryFile":"/Users/yuanxi/Workwork/vibe-fs/requirements/verification-system/tests/006.test.mjs","name":"WHAT[verification-system-006] diagnostics preserve the actual wait and monitored subject","fullName":"WHAT[verification-system-006] diagnostics preserve the actual wait and monitored subject"}
[verification-test-start] {"pid":89362,"parentPid":89357,"entryFile":"/Users/yuanxi/Workwork/vibe-fs/requirements/verification-system/tests/006.test.mjs","name":"WHAT[verification-system-006] missing and corrupt wait snapshots disclose the diagnostic gap","fullName":"WHAT[verification-system-006] missing and corrupt wait snapshots disclose the diagnostic gap"}
[verification-test-start] {"pid":89362,"parentPid":89357,"entryFile":"/Users/yuanxi/Workwork/vibe-fs/requirements/verification-system/tests/006.test.mjs","name":"WHAT[verification-system-006] the initial silence window covers execution before its first progress","fullName":"WHAT[verification-system-006] the initial silence window covers execution before its first progress"}
[verification-test-start] {"pid":89362,"parentPid":89357,"entryFile":"/Users/yuanxi/Workwork/vibe-fs/requirements/verification-system/tests/006.test.mjs","name":"WHAT[verification-system-006] continuing progress outlives a window and silence is measured from its last advance","fullName":"WHAT[verification-system-006] continuing progress outlives a window and silence is measured from its last advance"}
[verification-test-start] {"pid":89362,"parentPid":89357,"entryFile":"/Users/yuanxi/Workwork/vibe-fs/requirements/verification-system/tests/006.test.mjs","name":"WHAT[verification-system-006] completed verdicts renew the window while repeated log traffic cannot","fullName":"WHAT[verification-system-006] completed verdicts renew the window while repeated log traffic cannot"}
[verification-test-start] {"pid":89362,"parentPid":89357,"entryFile":"/Users/yuanxi/Workwork/vibe-fs/requirements/verification-system/tests/006.test.mjs","name":"WHAT[verification-system-006] scheduling events do not renew the silence window","fullName":"WHAT[verification-system-006] scheduling events do not renew the silence window"}
[verification-test-start] {"pid":89362,"parentPid":89357,"entryFile":"/Users/yuanxi/Workwork/vibe-fs/requirements/verification-system/tests/006.test.mjs","name":"WHAT[verification-system-006] the real verdict transport records body entry with its actual parent test and process identity","fullName":"WHAT[verification-system-006] the real verdict transport records body entry with its actual parent test and process identity"}
[verification-test-start] {"pid":89359,"parentPid":89357,"entryFile":"/Users/yuanxi/Workwork/vibe-fs/requirements/cognitive-environment/tests/015.test.mjs","name":"WHAT[cognitive-environment-015] R4_registered_transform_followup_request_history_boundary","fullName":"WHAT[cognitive-environment-015] R4_registered_transform_followup_request_history_boundary"}
[verification-test-start] {"pid":89362,"parentPid":89357,"entryFile":"/Users/yuanxi/Workwork/vibe-fs/requirements/verification-system/tests/006.test.mjs","name":"WHAT[verification-system-006] worker cost observations identify two actual file processes and leave an unobserved exit missing","fullName":"WHAT[verification-system-006] worker cost observations identify two actual file processes and leave an unobserved exit missing"}
[verification-test-start] {"pid":89362,"parentPid":89357,"entryFile":"/Users/yuanxi/Workwork/vibe-fs/requirements/verification-system/tests/006.test.mjs","name":"WHAT[verification-system-006] worker cost diagnostics preserve actual success and assertion failure with a closed exit sink","fullName":"WHAT[verification-system-006] worker cost diagnostics preserve actual success and assertion failure with a closed exit sink"}
[36m[build][0m build up-to-date (no-op)
[verification-test-start] {"pid":89361,"parentPid":89357,"entryFile":"/Users/yuanxi/Workwork/vibe-fs/requirements/distribution/tests/005.test.mjs","name":"WHAT[distribution-005] staged recovery restores committed bytes after process exit with uncommitted partial output","fullName":"WHAT[distribution-005] staged recovery restores committed bytes after process exit with uncommitted partial output"}
[verification-test-start] {"pid":89361,"parentPid":89357,"entryFile":"/Users/yuanxi/Workwork/vibe-fs/requirements/distribution/tests/005.test.mjs","name":"WHAT[distribution-005] staged recovery rejects unavailable manifest evidence and incomplete output identities","fullName":"WHAT[distribution-005] staged recovery rejects unavailable manifest evidence and incomplete output identities"}
[verification-test-start] {"pid":89361,"parentPid":89357,"entryFile":"/Users/yuanxi/Workwork/vibe-fs/requirements/distribution/tests/005.test.mjs","name":"WHAT[distribution-005] restores backup for missing manifest","fullName":"WHAT[distribution-005] staged recovery rejects unavailable manifest evidence and incomplete output identities > WHAT[distribution-005] restores backup for missing manifest"}
[verification-test-start] {"pid":89359,"parentPid":89357,"entryFile":"/Users/yuanxi/Workwork/vibe-fs/requirements/cognitive-environment/tests/015.test.mjs","name":"WHAT[cognitive-environment-015] R5_registered_transform_without_committed_lease_fails_closed_at_execution_admission","fullName":"WHAT[cognitive-environment-015] R5_registered_transform_without_committed_lease_fails_closed_at_execution_admission"}
[verification-test-start] {"pid":89361,"parentPid":89357,"entryFile":"/Users/yuanxi/Workwork/vibe-fs/requirements/distribution/tests/005.test.mjs","name":"WHAT[distribution-005] restores backup for corrupt manifest","fullName":"WHAT[distribution-005] staged recovery rejects unavailable manifest evidence and incomplete output identities > WHAT[distribution-005] restores backup for corrupt manifest"}
[verification-test-start] {"pid":89361,"parentPid":89357,"entryFile":"/Users/yuanxi/Workwork/vibe-fs/requirements/distribution/tests/005.test.mjs","name":"WHAT[distribution-005] restores backup for unsupported schema","fullName":"WHAT[distribution-005] staged recovery rejects unavailable manifest evidence and incomplete output identities > WHAT[distribution-005] restores backup for unsupported schema"}
[verification-test-start] {"pid":89361,"parentPid":89357,"entryFile":"/Users/yuanxi/Workwork/vibe-fs/requirements/distribution/tests/005.test.mjs","name":"WHAT[distribution-005] restores backup for empty outputs","fullName":"WHAT[distribution-005] staged recovery rejects unavailable manifest evidence and incomplete output identities > WHAT[distribution-005] restores backup for empty outputs"}
[verification-test-start] {"pid":89361,"parentPid":89357,"entryFile":"/Users/yuanxi/Workwork/vibe-fs/requirements/distribution/tests/005.test.mjs","name":"WHAT[distribution-005] restores backup for missing output","fullName":"WHAT[distribution-005] staged recovery rejects unavailable manifest evidence and incomplete output identities > WHAT[distribution-005] restores backup for missing output"}
[verification-test-start] {"pid":89361,"parentPid":89357,"entryFile":"/Users/yuanxi/Workwork/vibe-fs/requirements/distribution/tests/005.test.mjs","name":"WHAT[distribution-005] restores backup for extra output","fullName":"WHAT[distribution-005] staged recovery rejects unavailable manifest evidence and incomplete output identities > WHAT[distribution-005] restores backup for extra output"}
[verification-test-start] {"pid":89361,"parentPid":89357,"entryFile":"/Users/yuanxi/Workwork/vibe-fs/requirements/distribution/tests/005.test.mjs","name":"WHAT[distribution-005] restores backup for changed bytes","fullName":"WHAT[distribution-005] staged recovery rejects unavailable manifest evidence and incomplete output identities > WHAT[distribution-005] restores backup for changed bytes"}
[verification-test-start] {"pid":89361,"parentPid":89357,"entryFile":"/Users/yuanxi/Workwork/vibe-fs/requirements/distribution/tests/005.test.mjs","name":"WHAT[distribution-005] focused rebuild without compiler changes keeps dist intact","fullName":"WHAT[distribution-005] focused rebuild without compiler changes keeps dist intact"}
[verification-test-start] {"pid":89359,"parentPid":89357,"entryFile":"/Users/yuanxi/Workwork/vibe-fs/requirements/cognitive-environment/tests/015.test.mjs","name":"WHAT[cognitive-environment-015] R6_registered_transform_non_whitelisted_model_injects_nothing","fullName":"WHAT[cognitive-environment-015] R6_registered_transform_non_whitelisted_model_injects_nothing"}
[verification-worker-cost] {"version":1,"phase":"exit","sequence":1,"entryFile":"/Users/yuanxi/Workwork/vibe-fs/requirements/cognitive-environment/tests/015.test.mjs","pid":89359,"parentPid":89357,"monotonicMs":20311.983333,"cpuUserMicros":11138029,"cpuSystemMicros":2370066,"exitCode":1}
runner: file lifecycle {"entryFile":"/Users/yuanxi/Workwork/vibe-fs/requirements/cognitive-environment/tests/015.test.mjs","type":"runner:file-drained","elapsedMs":20678.042041999997}
runner: worker cost {"version":1,"entryFile":"/Users/yuanxi/Workwork/vibe-fs/requirements/cognitive-environment/tests/015.test.mjs","enabled":true,"pid":89359,"status":"complete","reason":null,"preImport":{"version":1,"phase":"pre-import","sequence":0,"entryFile":"/Users/yuanxi/Workwork/vibe-fs/requirements/cognitive-environment/tests/015.test.mjs","pid":89359,"parentPid":89357,"monotonicMs":134.448292,"cpuUserMicros":100972,"cpuSystemMicros":24486},"exit":{"version":1,"phase":"exit","sequence":1,"entryFile":"/Users/yuanxi/Workwork/vibe-fs/requirements/cognitive-environment/tests/015.test.mjs","pid":89359,"parentPid":89357,"monotonicMs":20311.983333,"cpuUserMicros":11138029,"cpuSystemMicros":2370066,"exitCode":1},"interval":{"clockPid":89359,"wallMs":20177.535041,"cpuUserMicros":11037057,"cpuSystemMicros":2345580}}
[verification-test-start] {"pid":89361,"parentPid":89357,"entryFile":"/Users/yuanxi/Workwork/vibe-fs/requirements/distribution/tests/005.test.mjs","name":"WHAT[distribution-005] repository layout has one resources directory beside dist without a dist/resources copy","fullName":"WHAT[distribution-005] repository layout has one resources directory beside dist without a dist/resources copy"}
[verification-test-start] {"pid":89361,"parentPid":89357,"entryFile":"/Users/yuanxi/Workwork/vibe-fs/requirements/distribution/tests/005.test.mjs","name":"WHAT[distribution-005] GAP-210: clean and incremental production outputs have identical bytes for identical inputs","fullName":"WHAT[distribution-005] GAP-210: clean and incremental production outputs have identical bytes for identical inputs"}
[verification-worker-cost] {"version":1,"phase":"exit","sequence":1,"entryFile":"/Users/yuanxi/Workwork/vibe-fs/requirements/distribution/tests/005.test.mjs","pid":89361,"parentPid":89357,"monotonicMs":21029.482833,"cpuUserMicros":2945282,"cpuSystemMicros":3873426,"exitCode":0}
runner: file lifecycle {"entryFile":"/Users/yuanxi/Workwork/vibe-fs/requirements/distribution/tests/005.test.mjs","type":"runner:file-drained","elapsedMs":21319.538624999997}
runner: worker cost {"version":1,"entryFile":"/Users/yuanxi/Workwork/vibe-fs/requirements/distribution/tests/005.test.mjs","enabled":true,"pid":89361,"status":"complete","reason":null,"preImport":{"version":1,"phase":"pre-import","sequence":0,"entryFile":"/Users/yuanxi/Workwork/vibe-fs/requirements/distribution/tests/005.test.mjs","pid":89361,"parentPid":89357,"monotonicMs":149.566417,"cpuUserMicros":97489,"cpuSystemMicros":25410},"exit":{"version":1,"phase":"exit","sequence":1,"entryFile":"/Users/yuanxi/Workwork/vibe-fs/requirements/distribution/tests/005.test.mjs","pid":89361,"parentPid":89357,"monotonicMs":21029.482833,"cpuUserMicros":2945282,"cpuSystemMicros":3873426,"exitCode":0},"interval":{"clockPid":89361,"wallMs":20879.916416,"cpuUserMicros":2847793,"cpuSystemMicros":3848016}}
[verification-test-start] {"pid":89362,"parentPid":89357,"entryFile":"/Users/yuanxi/Workwork/vibe-fs/requirements/verification-system/tests/006.test.mjs","name":"WHAT[verification-system-006] continuing worker cost IPC cannot renew a pending file after invalid diagnostic evidence","fullName":"WHAT[verification-system-006] continuing worker cost IPC cannot renew a pending file after invalid diagnostic evidence"}
[verification-test-start] {"pid":89362,"parentPid":89357,"entryFile":"/Users/yuanxi/Workwork/vibe-fs/requirements/verification-system/tests/006.test.mjs","name":"WHAT[verification-system-006] invalid worker cost IPC leaves actual runner verdicts and process cleanup unchanged","fullName":"WHAT[verification-system-006] invalid worker cost IPC leaves actual runner verdicts and process cleanup unchanged"}
[verification-test-start] {"pid":89362,"parentPid":89357,"entryFile":"/Users/yuanxi/Workwork/vibe-fs/requirements/verification-system/tests/006.test.mjs","name":"WHAT[verification-system-006] the worker cost collector rejects observations and invalid states presented as disabled","fullName":"WHAT[verification-system-006] the worker cost collector rejects observations and invalid states presented as disabled"}
[verification-test-start] {"pid":89362,"parentPid":89357,"entryFile":"/Users/yuanxi/Workwork/vibe-fs/requirements/verification-system/tests/006.test.mjs","name":"WHAT[verification-system-006] the worker cost collector preserves native cumulative units and only derives a same-process interval","fullName":"WHAT[verification-system-006] the worker cost collector preserves native cumulative units and only derives a same-process interval"}
[verification-test-start] {"pid":89362,"parentPid":89357,"entryFile":"/Users/yuanxi/Workwork/vibe-fs/requirements/verification-system/tests/006.test.mjs","name":"WHAT[verification-system-006] the worker cost collector invalidates forged, duplicate, reordered and wrongly attributed observations without a business verdict","fullName":"WHAT[verification-system-006] the worker cost collector invalidates forged, duplicate, reordered and wrongly attributed observations without a business verdict"}
[verification-test-start] {"pid":89362,"parentPid":89357,"entryFile":"/Users/yuanxi/Workwork/vibe-fs/requirements/verification-system/tests/006.test.mjs","name":"WHAT[verification-system-006] the worker cost collector bounds fragmented bytes and distinguishes disabled, missing and truncated observations","fullName":"WHAT[verification-system-006] the worker cost collector bounds fragmented bytes and distinguishes disabled, missing and truncated observations"}
[verification-test-start] {"pid":89362,"parentPid":89357,"entryFile":"/Users/yuanxi/Workwork/vibe-fs/requirements/verification-system/tests/006.test.mjs","name":"WHAT[verification-system-006] file waits distinguish queued, active and verdicts awaiting stream drain","fullName":"WHAT[verification-system-006] file waits distinguish queued, active and verdicts awaiting stream drain"}
[verification-test-start] {"pid":89362,"parentPid":89357,"entryFile":"/Users/yuanxi/Workwork/vibe-fs/requirements/verification-system/tests/006.test.mjs","name":"WHAT[verification-system-006] file lifecycle facts reject unknown entries and impossible transitions","fullName":"WHAT[verification-system-006] file lifecycle facts reject unknown entries and impossible transitions"}
[verification-test-start] {"pid":89362,"parentPid":89357,"entryFile":"/Users/yuanxi/Workwork/vibe-fs/requirements/verification-system/tests/006.test.mjs","name":"WHAT[verification-system-006] a pending runtime test start remains diagnostic evidence without becoming a verdict","fullName":"WHAT[verification-system-006] a pending runtime test start remains diagnostic evidence without becoming a verdict"}
[verification-test-start] {"pid":89362,"parentPid":89357,"entryFile":"/Users/yuanxi/Workwork/vibe-fs/requirements/verification-system/tests/006.test.mjs","name":"WHAT[verification-system-006] continuing body entry diagnostics cannot keep a genuinely pending test alive","fullName":"WHAT[verification-system-006] continuing body entry diagnostics cannot keep a genuinely pending test alive"}
[verification-test-start] {"pid":89362,"parentPid":89357,"entryFile":"/Users/yuanxi/Workwork/vibe-fs/requirements/verification-system/tests/006.test.mjs","name":"WHAT[verification-system-006] real tool diagnostics preserve stdout failure and complete cleanup without forwarding the control field","fullName":"WHAT[verification-system-006] real tool diagnostics preserve stdout failure and complete cleanup without forwarding the control field"}
[verification-test-start] {"pid":89362,"parentPid":89357,"entryFile":"/Users/yuanxi/Workwork/vibe-fs/requirements/verification-system/tests/006.test.mjs","name":"WHAT[verification-system-006] real silence diagnostics identify active waits separately from queued files","fullName":"WHAT[verification-system-006] real silence diagnostics identify active waits separately from queued files"}
[verification-test-start] {"pid":89362,"parentPid":89357,"entryFile":"/Users/yuanxi/Workwork/vibe-fs/requirements/verification-system/tests/006.test.mjs","name":"WHAT[verification-system-006] silence failure reclaims its process group before the caller catches it and completes cleanup","fullName":"WHAT[verification-system-006] silence failure reclaims its process group before the caller catches it and completes cleanup"}
[verification-test-start] {"pid":89362,"parentPid":89357,"entryFile":"/Users/yuanxi/Workwork/vibe-fs/requirements/verification-system/tests/006.test.mjs","name":"WHAT[verification-system-006] synchronous runner spawn failure preserves its cause and stops its watchdog","fullName":"WHAT[verification-system-006] synchronous runner spawn failure preserves its cause and stops its watchdog"}
[verification-test-start] {"pid":89362,"parentPid":89357,"entryFile":"/Users/yuanxi/Workwork/vibe-fs/requirements/verification-system/tests/006.test.mjs","name":"WHAT[verification-system-006] suite HOME cleanup failure preserves the original failed verdict and rejects acceptance","fullName":"WHAT[verification-system-006] suite HOME cleanup failure preserves the original failed verdict and rejects acceptance"}
[verification-test-start] {"pid":89362,"parentPid":89357,"entryFile":"/Users/yuanxi/Workwork/vibe-fs/requirements/verification-system/tests/006.test.mjs","name":"WHAT[verification-system-006] standalone inner owns only its allocated HOME and always releases it","fullName":"WHAT[verification-system-006] standalone inner owns only its allocated HOME and always releases it"}
[verification-test-start] {"pid":89362,"parentPid":89357,"entryFile":"/Users/yuanxi/Workwork/vibe-fs/requirements/verification-system/tests/006.test.mjs","name":"WHAT[verification-system-006] physical backstop diagnostics retain active verdicts and queued files while completed leaves continue advancing","fullName":"WHAT[verification-system-006] physical backstop diagnostics retain active verdicts and queued files while completed leaves continue advancing"}
[verification-test-start] {"pid":89362,"parentPid":89357,"entryFile":"/Users/yuanxi/Workwork/vibe-fs/requirements/verification-system/tests/006.test.mjs","name":"WHAT[verification-system-006] synchronous work and microtasks deliver completed verdicts before the file ends","fullName":"WHAT[verification-system-006] synchronous work and microtasks deliver completed verdicts before the file ends"}
test at /Users/yuanxi/Workwork/vibe-fs/requirements/verification-system/tests/006.test.mjs:987:1
✖ WHAT[verification-system-006] physical backstop diagnostics retain active verdicts and queued files while completed leaves continue advancing (2948.181ms)
  AssertionError [ERR_ASSERTION]: runner: 3 test file(s), 5000ms verdict-silence window
  runner: file lifecycle {"entryFile":"/Users/yuanxi/Workwork/vibe-fs/requirements/verification-system/tests/support/fixtures/all-pass.fixture.mjs","pid":90846,"parentPid":90838,"type":"runner:file-start","elapsedMs":621.924291}
  [verification-worker-cost] {"version":1,"phase":"pre-import","sequence":0,"entryFile":"/Users/yuanxi/Workwork/vibe-fs/requirements/verification-system/tests/support/fixtures/all-pass.fixture.mjs","pid":90847,"parentPid":90846,"monotonicMs":267.9005,"cpuUserMicros":102845,"cpuSystemMicros":27632}
  [verification-test-start] {"pid":90847,"parentPid":90846,"entryFile":"/Users/yuanxi/Workwork/vibe-fs/requirements/verification-system/tests/support/fixtures/all-pass.fixture.mjs","name":"finishes immediately","fullName":"finishes immediately"}
  ✔ finishes immediately (7.719ms)
  [verification-worker-cost] {"version":1,"phase":"exit","sequence":1,"entryFile":"/Users/yuanxi/Workwork/vibe-fs/requirements/verification-system/tests/support/fixtures/all-pass.fixture.mjs","pid":90847,"parentPid":90846,"monotonicMs":341.818625,"cpuUserMicros":144006,"cpuSystemMicros":32891,"exitCode":0}
  runner: file lifecycle {"entryFile":"/Users/yuanxi/Workwork/vibe-fs/requirements/verification-system/tests/support/fixtures/all-pass.fixture.mjs","type":"runner:file-drained","elapsedMs":1059.222541}
  runner: worker cost {"version":1,"entryFile":"/Users/yuanxi/Workwork/vibe-fs/requirements/verification-system/tests/support/fixtures/all-pass.fixture.mjs","enabled":true,"pid":90847,"status":"complete","reason":null,"preImport":{"version":1,"phase":"pre-import","sequence":0,"entryFile":"/Users/yuanxi/Workwork/vibe-fs/requirements/verification-system/tests/support/fixtures/all-pass.fixture.mjs","pid":90847,"parentPid":90846,"monotonicMs":267.9005,"cpuUserMicros":102845,"cpuSystemMicros":27632},"exit":{"version":1,"phase":"exit","sequence":1,"entryFile":"/Users/yuanxi/Workwork/vibe-fs/requirements/verification-system/tests/support/fixtures/all-pass.fixture.mjs","pid":90847,"parentPid":90846,"monotonicMs":341.818625,"cpuUserMicros":144006,"cpuSystemMicros":32891,"exitCode":0},"interval":{"clockPid":90847,"wallMs":73.91812499999997,"cpuUserMicros":41161,"cpuSystemMicros":5259}}
  runner: file lifecycle {"entryFile":"/var/folders/g_/3ydzn7kx5lg9ylq8fd9p_13r0000gn/T/backstop-file-waits-ohH1UK/finite-work.fixture.mjs","pid":90846,"parentPid":90838,"type":"runner:file-start","elapsedMs":1067.853791}
  [verification-worker-cost] {"version":1,"phase":"pre-import","sequence":0,"entryFile":"/var/folders/g_/3ydzn7kx5lg9ylq8fd9p_13r0000gn/T/backstop-file-waits-ohH1UK/finite-work.fixture.mjs","pid":90848,"parentPid":90846,"monotonicMs":140.0045,"cpuUserMicros":108042,"cpuSystemMicros":27949}
  runner: suite exceeded the 1500ms physical backstop
  runner: file streams: 1 drained, 1 active, 1 queued
  runner: active file ../../../../var/folders/g_/3ydzn7kx5lg9ylq8fd9p_13r0000gn/T/backstop-file-waits-ohH1UK/finite-work.fixture.mjs; waiting for stream drain; last verdict: none received
  runner: worker cost {"version":1,"entryFile":"/var/folders/g_/3ydzn7kx5lg9ylq8fd9p_13r0000gn/T/backstop-file-waits-ohH1UK/finite-work.fixture.mjs","enabled":true,"pid":90848,"status":"missing","reason":"Exit observation not received","preImport":{"version":1,"phase":"pre-import","sequence":0,"entryFile":"/var/folders/g_/3ydzn7kx5lg9ylq8fd9p_13r0000gn/T/backstop-file-waits-ohH1UK/finite-work.fixture.mjs","pid":90848,"parentPid":90846,"monotonicMs":140.0045,"cpuUserMicros":108042,"cpuSystemMicros":27949},"exit":null,"interval":null}
  runner: 1 queued file(s) have not started
  [verification-test-start] {"pid":90848,"parentPid":90846,"entryFile":"/var/folders/g_/3ydzn7kx5lg9ylq8fd9p_13r0000gn/T/backstop-file-waits-ohH1UK/finite-work.fixture.mjs","name":"bounded work 0","fullName":"bounded work 0"}
  runner: post-exit group verification/reclamation: pid=90846; elapsedMs=282.754; accepted=true
  
  runner: verdict counts unavailable; no authoritative summary; 1/3 planned file(s) completed
  Error: runner: supervised suite failed (exit 1)
      at fail (file:///Users/yuanxi/Workwork/vibe-fs/requirements/verification-system/tests/e2e/support/supervise-node-test.mjs:242:25)
      at superviseOwnedNodeTest (file:///Users/yuanxi/Workwork/vibe-fs/requirements/verification-system/tests/e2e/support/supervise-node-test.mjs:474:22)
      at process.processTicksAndRejections (node:internal/process/task_queues:103:5)
      at async superviseNodeTest (file:///Users/yuanxi/Workwork/vibe-fs/requirements/verification-system/tests/e2e/support/supervise-node-test.mjs:219:14)
      at async file:///private/var/folders/g_/3ydzn7kx5lg9ylq8fd9p_13r0000gn/T/backstop-file-waits-ohH1UK/supervise.mjs:2:1 {
    exitCode: 1,
    [cause]: undefined
  }
  
      at TestContext.<anonymous> (file:///Users/yuanxi/Workwork/vibe-fs/requirements/verification-system/tests/006.test.mjs:1031:12)
      at async Test.run (node:internal/test_runner/test:1054:7)
      at async Test.processPendingSubtests (node:internal/test_runner/test:744:7)

[verification-test-start] {"pid":89362,"parentPid":89357,"entryFile":"/Users/yuanxi/Workwork/vibe-fs/requirements/verification-system/tests/006.test.mjs","name":"WHAT[verification-system-006] transport scheduling cannot renew unfinished work or background noise","fullName":"WHAT[verification-system-006] transport scheduling cannot renew unfinished work or background noise"}
test at /Users/yuanxi/Workwork/vibe-fs/requirements/verification-system/tests/006.test.mjs:1071:1
✖ WHAT[verification-system-006] synchronous work and microtasks deliver completed verdicts before the file ends (1816.225ms)
  AssertionError [ERR_ASSERTION]: runner: 1 test file(s), 1000ms verdict-silence window
  runner: file lifecycle {"entryFile":"/Users/yuanxi/Workwork/vibe-fs/requirements/verification-system/tests/support/fixtures/synchronous-verdicts.fixture.mjs","pid":90886,"parentPid":90882,"type":"runner:file-start","elapsedMs":476.060334}
  [verification-worker-cost] {"version":1,"phase":"pre-import","sequence":0,"entryFile":"/Users/yuanxi/Workwork/vibe-fs/requirements/verification-system/tests/support/fixtures/synchronous-verdicts.fixture.mjs","pid":90891,"parentPid":90886,"monotonicMs":304.221166,"cpuUserMicros":110555,"cpuSystemMicros":30532}
  [verification-test-start] {"pid":90891,"parentPid":90886,"entryFile":"/Users/yuanxi/Workwork/vibe-fs/requirements/verification-system/tests/support/fixtures/synchronous-verdicts.fixture.mjs","name":"synchronous work 0","fullName":"synchronous work 0"}
  WATCHDOG: 'synchronous-verdicts' silent for 1001ms (limit 1000ms); 0 blocking progress update(s), last progress: start lane=startup expectation=none
  WATCHDOG: background progress 163ms ago: test:stdout lane=/Users/yuanxi/Workwork/vibe-fs/requirements/verification-system/tests/support/fixtures/synchronous-verdicts.fixture.mjs (2 background update(s), none of them renewals)
  runner: 1 file(s) had not reported completion
  runner: file streams: 0 drained, 1 active, 0 queued
  runner: active file requirements/verification-system/tests/support/fixtures/synchronous-verdicts.fixture.mjs; waiting for stream drain; last verdict: none received
  runner: worker cost {"version":1,"entryFile":"/Users/yuanxi/Workwork/vibe-fs/requirements/verification-system/tests/support/fixtures/synchronous-verdicts.fixture.mjs","enabled":true,"pid":90891,"status":"missing","reason":"Exit observation not received","preImport":{"version":1,"phase":"pre-import","sequence":0,"entryFile":"/Users/yuanxi/Workwork/vibe-fs/requirements/verification-system/tests/support/fixtures/synchronous-verdicts.fixture.mjs","pid":90891,"parentPid":90886,"monotonicMs":304.221166,"cpuUserMicros":110555,"cpuSystemMicros":30532},"exit":null,"interval":null}
  runner: verdict counts unavailable; no authoritative summary before the silence
  runner: post-exit group verification/reclamation: pid=90886; elapsedMs=94.118; accepted=true
  
  runner: verdict counts unavailable; no authoritative summary; 0/1 planned file(s) completed
  Error: runner: supervised suite failed (exit 1)
      at fail (file:///Users/yuanxi/Workwork/vibe-fs/requirements/verification-system/tests/e2e/support/supervise-node-test.mjs:242:25)
      at superviseOwnedNodeTest (file:///Users/yuanxi/Workwork/vibe-fs/requirements/verification-system/tests/e2e/support/supervise-node-test.mjs:472:39)
      at process.processTicksAndRejections (node:internal/process/task_queues:103:5)
      at async superviseNodeTest (file:///Users/yuanxi/Workwork/vibe-fs/requirements/verification-system/tests/e2e/support/supervise-node-test.mjs:219:14)
      at async file:///private/var/folders/g_/3ydzn7kx5lg9ylq8fd9p_13r0000gn/T/synchronous-verdicts-PoWYXg/supervise.mjs:2:1 {
    exitCode: 1,
    [cause]: undefined
  }
  
  
  1 !== 0
  
      at TestContext.<anonymous> (file:///Users/yuanxi/Workwork/vibe-fs/requirements/verification-system/tests/006.test.mjs:1073:10)
      at async Test.run (node:internal/test_runner/test:1054:7)
      at async Test.processPendingSubtests (node:internal/test_runner/test:744:7)

[verification-test-start] {"pid":89362,"parentPid":89357,"entryFile":"/Users/yuanxi/Workwork/vibe-fs/requirements/verification-system/tests/006.test.mjs","name":"WHAT[verification-system-006] transport scheduling preserves after-hook failure verdicts","fullName":"WHAT[verification-system-006] transport scheduling preserves after-hook failure verdicts"}
[verification-test-start] {"pid":89362,"parentPid":89357,"entryFile":"/Users/yuanxi/Workwork/vibe-fs/requirements/verification-system/tests/006.test.mjs","name":"WHAT[verification-system-006] repeat observations of one causal state do not renew twice","fullName":"WHAT[verification-system-006] repeat observations of one causal state do not renew twice"}
[verification-test-start] {"pid":89362,"parentPid":89357,"entryFile":"/Users/yuanxi/Workwork/vibe-fs/requirements/verification-system/tests/006.test.mjs","name":"WHAT[verification-system-006] stop cancels monitoring and late signals cannot resurrect it","fullName":"WHAT[verification-system-006] stop cancels monitoring and late signals cannot resurrect it"}
[verification-test-start] {"pid":89362,"parentPid":89357,"entryFile":"/Users/yuanxi/Workwork/vibe-fs/requirements/verification-system/tests/006.test.mjs","name":"WHAT[verification-system-006] changing the window does not invent new causal progress","fullName":"WHAT[verification-system-006] changing the window does not invent new causal progress"}
[verification-test-start] {"pid":89362,"parentPid":89357,"entryFile":"/Users/yuanxi/Workwork/vibe-fs/requirements/verification-system/tests/006.test.mjs","name":"WHAT[verification-system-006] restoring the default window retains the original last-progress time","fullName":"WHAT[verification-system-006] restoring the default window retains the original last-progress time"}
[verification-test-start] {"pid":89362,"parentPid":89357,"entryFile":"/Users/yuanxi/Workwork/vibe-fs/requirements/verification-system/tests/006.test.mjs","name":"WHAT[verification-system-006] failed diagnostic collection discloses its cause before exit","fullName":"WHAT[verification-system-006] failed diagnostic collection discloses its cause before exit"}
[verification-test-start] {"pid":89362,"parentPid":89357,"entryFile":"/Users/yuanxi/Workwork/vibe-fs/requirements/verification-system/tests/006.test.mjs","name":"WHAT[verification-system-006] hung diagnostic collection discloses missing information and cannot prevent exit","fullName":"WHAT[verification-system-006] hung diagnostic collection discloses missing information and cannot prevent exit"}
[verification-test-start] {"pid":89362,"parentPid":89357,"entryFile":"/Users/yuanxi/Workwork/vibe-fs/requirements/verification-system/tests/006.test.mjs","name":"WHAT[verification-system-006] successful diagnostic collection completes before a single exit","fullName":"WHAT[verification-system-006] successful diagnostic collection completes before a single exit"}
[verification-test-start] {"pid":89362,"parentPid":89357,"entryFile":"/Users/yuanxi/Workwork/vibe-fs/requirements/verification-system/tests/006.test.mjs","name":"WHAT[verification-system-006] a diagnostic output failure still terminates once and cannot restart monitoring","fullName":"WHAT[verification-system-006] a diagnostic output failure still terminates once and cannot restart monitoring"}
[verification-test-start] {"pid":89362,"parentPid":89357,"entryFile":"/Users/yuanxi/Workwork/vibe-fs/requirements/verification-system/tests/006.test.mjs","name":"WHAT[verification-system-006] consumed expectation observations preserve the matched physical attempt","fullName":"WHAT[verification-system-006] consumed expectation observations preserve the matched physical attempt"}
[verification-test-start] {"pid":89362,"parentPid":89357,"entryFile":"/Users/yuanxi/Workwork/vibe-fs/requirements/verification-system/tests/006.test.mjs","name":"WHAT[verification-system-006] turn observations keep session identity and forget pre-restart cursors","fullName":"WHAT[verification-system-006] turn observations keep session identity and forget pre-restart cursors"}
[verification-test-start] {"pid":89362,"parentPid":89357,"entryFile":"/Users/yuanxi/Workwork/vibe-fs/requirements/verification-system/tests/006.test.mjs","name":"WHAT[verification-system-006] alternative progress waits resolve the observed branch and release siblings","fullName":"WHAT[verification-system-006] alternative progress waits resolve the observed branch and release siblings"}
[verification-worker-cost] {"version":1,"phase":"exit","sequence":1,"entryFile":"/Users/yuanxi/Workwork/vibe-fs/requirements/verification-system/tests/006.test.mjs","pid":89362,"parentPid":89357,"monotonicMs":52251.896166,"cpuUserMicros":1839203,"cpuSystemMicros":687130,"exitCode":1}
runner: file lifecycle {"entryFile":"/Users/yuanxi/Workwork/vibe-fs/requirements/verification-system/tests/006.test.mjs","type":"runner:file-drained","elapsedMs":52533.314125}
runner: worker cost {"version":1,"entryFile":"/Users/yuanxi/Workwork/vibe-fs/requirements/verification-system/tests/006.test.mjs","enabled":true,"pid":89362,"status":"complete","reason":null,"preImport":{"version":1,"phase":"pre-import","sequence":0,"entryFile":"/Users/yuanxi/Workwork/vibe-fs/requirements/verification-system/tests/006.test.mjs","pid":89362,"parentPid":89357,"monotonicMs":157.664791,"cpuUserMicros":101393,"cpuSystemMicros":25823},"exit":{"version":1,"phase":"exit","sequence":1,"entryFile":"/Users/yuanxi/Workwork/vibe-fs/requirements/verification-system/tests/006.test.mjs","pid":89362,"parentPid":89357,"monotonicMs":52251.896166,"cpuUserMicros":1839203,"cpuSystemMicros":687130,"exitCode":1},"interval":{"clockPid":89362,"wallMs":52094.231374999996,"cpuUserMicros":1737810,"cpuSystemMicros":661307}}

[test-summary] 6 file(s), 104 passed, 4 failed, 3 skipped, 1 todo (52.39s wall, 108.22s test time)
  skip: /Users/yuanxi/Workwork/vibe-fs/requirements/cognitive-environment/tests/015.test.mjs:WHAT[cognitive-environment-015] installed Host delivers ephemeral Blogger hints in two actual provider requests — integration tier not enabled
  skip: /Users/yuanxi/Workwork/vibe-fs/requirements/cognitive-environment/tests/015.test.mjs:WHAT[cognitive-environment-015] a late actual provider callback failure cannot turn into a successful canary — integration tier not enabled
  skip: /Users/yuanxi/Workwork/vibe-fs/requirements/requirement-grounding/tests/006.test.mjs:WHAT[requirement-grounding-006] actual pinned native read output cannot honestly establish complete original file bytes — integration tier not enabled
  todo: /Users/yuanxi/Workwork/vibe-fs/requirements/distribution/tests/005.test.mjs:WHAT[distribution-005] GAP-210: clean and incremental production outputs have identical bytes for identical inputs — reason not supplied
runner: post-exit group verification/reclamation: pid=89357; elapsedMs=69.191; accepted=true
runner: 112 test(s), 108.2s of test time; max 7370ms, p90 3446ms, median 68ms
runner:    7370ms  WHAT[cognitive-environment-015] registered companion projection keeps the original execution model gate
runner:    6465ms  WHAT[requirement-grounding-006] registered program grep keeps scan freshness without claiming explicit visible file contents
runner:    6023ms  WHAT[distribution-005] assertBuildFresh succeeds on current repository build
runner:    5667ms  WHAT[distribution-005] no-op mode preserves manifest and generation
runner:    5115ms  WHAT[verification-system-006] worker cost diagnostics preserve actual success and assertion failure with a closed exit sink

runner: 104 passed, 4 failed; 6/6 planned file(s) completed
Error: runner: supervised suite failed (exit 1)
    at fail (file:///Users/yuanxi/Workwork/vibe-fs/requirements/verification-system/tests/e2e/support/supervise-node-test.mjs:242:25)
    at superviseOwnedNodeTest (file:///Users/yuanxi/Workwork/vibe-fs/requirements/verification-system/tests/e2e/support/supervise-node-test.mjs:470:19)
    at process.processTicksAndRejections (node:internal/process/task_queues:103:5)
    at async superviseNodeTest (file:///Users/yuanxi/Workwork/vibe-fs/requirements/verification-system/tests/e2e/support/supervise-node-test.mjs:219:14)
    at async file:///Users/yuanxi/Workwork/vibe-fs/requirements/verification-system/tests/run.mjs:94:1 {
  exitCode: 1,
  [cause]: undefined
}
