✖ WHAT[distribution-005] staged recovery restores committed bytes after process exit with uncommitted partial output (112.321708ms)
▶ WHAT[distribution-005] staged recovery rejects unavailable manifest evidence and incomplete output identities
  ✖ WHAT[distribution-005] restores backup for missing manifest (2.225333ms)
  ✖ WHAT[distribution-005] restores backup for corrupt manifest (1.972ms)
  ✖ WHAT[distribution-005] restores backup for unsupported schema (2.284333ms)
  ✖ WHAT[distribution-005] restores backup for empty outputs (2.125125ms)
  ✖ WHAT[distribution-005] restores backup for missing output (1.765792ms)
  ✖ WHAT[distribution-005] restores backup for extra output (1.914958ms)
  ✖ WHAT[distribution-005] restores backup for changed bytes (1.786958ms)
✖ WHAT[distribution-005] staged recovery rejects unavailable manifest evidence and incomplete output identities (14.52675ms)
ℹ tests 9
ℹ suites 0
ℹ pass 0
ℹ fail 9
ℹ cancelled 0
ℹ skipped 0
ℹ todo 0
ℹ duration_ms 256.259041

✖ failing tests:

test at requirements/distribution/tests/005.test.mjs:236:1
✖ WHAT[distribution-005] staged recovery restores committed bytes after process exit with uncommitted partial output (112.321708ms)
  AssertionError [ERR_ASSERTION]: Expected values to be strictly deep-equal:
  + actual - expected
  
    [
      'A.js',
  -   'B.js'
    ]
  
      at TestContext.<anonymous> (file:///Users/yuanxi/Workwork/vibe-fs/requirements/distribution/tests/005.test.mjs:281:12)
      at Test.runInAsyncScope (node:async_hooks:226:14)
      at Test.run (node:internal/test_runner/test:1397:25)
      at Test.start (node:internal/test_runner/test:1257:17)
      at startSubtestAfterBootstrap (node:internal/test_runner/harness:387:17)
      at run (node:internal/test_runner/harness:398:12)
      at test (node:internal/test_runner/harness:407:12)
      at file:///Users/yuanxi/Workwork/vibe-fs/requirements/distribution/tests/005.test.mjs:236:1 {
    generatedMessage: true,
    code: 'ERR_ASSERTION',
    actual: [ 'A.js' ],
    expected: [ 'A.js', 'B.js' ],
    operator: 'deepStrictEqual',
    diff: 'simple'
  }

test at requirements/distribution/tests/005.test.mjs:304:13
✖ WHAT[distribution-005] restores backup for missing manifest (2.225333ms)
  AssertionError [ERR_ASSERTION]: Expected values to be strictly equal:
  + actual - expected
  
  + 'export const a = 9\n'
  - 'export const a = 1\n'
                      ^
  
      at TestContext.<anonymous> (file:///Users/yuanxi/Workwork/vibe-fs/requirements/distribution/tests/005.test.mjs:330:16)
      at Test.runInAsyncScope (node:async_hooks:226:14)
      at Test.run (node:internal/test_runner/test:1397:25)
      at Test.start (node:internal/test_runner/test:1257:17)
      at TestContext.test (node:internal/test_runner/test:399:20)
      at TestContext.<anonymous> (file:///Users/yuanxi/Workwork/vibe-fs/requirements/distribution/tests/005.test.mjs:304:13)
      at Test.runInAsyncScope (node:async_hooks:226:14)
      at Test.run (node:internal/test_runner/test:1397:25)
      at Test.processPendingSubtests (node:internal/test_runner/test:969:18)
      at Test.postRun (node:internal/test_runner/test:1537:19) {
    generatedMessage: true,
    code: 'ERR_ASSERTION',
    actual: 'export const a = 9\n',
    expected: 'export const a = 1\n',
    operator: 'strictEqual',
    diff: 'simple'
  }

test at requirements/distribution/tests/005.test.mjs:304:13
✖ WHAT[distribution-005] restores backup for corrupt manifest (1.972ms)
  AssertionError [ERR_ASSERTION]: Expected values to be strictly equal:
  + actual - expected
  
  + 'export const a = 9\n'
  - 'export const a = 1\n'
                      ^
  
      at TestContext.<anonymous> (file:///Users/yuanxi/Workwork/vibe-fs/requirements/distribution/tests/005.test.mjs:330:16)
      at Test.runInAsyncScope (node:async_hooks:226:14)
      at Test.run (node:internal/test_runner/test:1397:25)
      at Test.start (node:internal/test_runner/test:1257:17)
      at TestContext.test (node:internal/test_runner/test:399:20)
      at TestContext.<anonymous> (file:///Users/yuanxi/Workwork/vibe-fs/requirements/distribution/tests/005.test.mjs:304:13)
      at async Test.run (node:internal/test_runner/test:1404:7)
      at async Test.processPendingSubtests (node:internal/test_runner/test:969:7) {
    generatedMessage: true,
    code: 'ERR_ASSERTION',
    actual: 'export const a = 9\n',
    expected: 'export const a = 1\n',
    operator: 'strictEqual',
    diff: 'simple'
  }

test at requirements/distribution/tests/005.test.mjs:304:13
✖ WHAT[distribution-005] restores backup for unsupported schema (2.284333ms)
  AssertionError [ERR_ASSERTION]: Expected values to be strictly equal:
  + actual - expected
  
  + 'export const a = 9\n'
  - 'export const a = 1\n'
                      ^
  
      at TestContext.<anonymous> (file:///Users/yuanxi/Workwork/vibe-fs/requirements/distribution/tests/005.test.mjs:330:16)
      at Test.runInAsyncScope (node:async_hooks:226:14)
      at Test.run (node:internal/test_runner/test:1397:25)
      at Test.start (node:internal/test_runner/test:1257:17)
      at TestContext.test (node:internal/test_runner/test:399:20)
      at TestContext.<anonymous> (file:///Users/yuanxi/Workwork/vibe-fs/requirements/distribution/tests/005.test.mjs:304:13)
      at async Test.run (node:internal/test_runner/test:1404:7)
      at async Test.processPendingSubtests (node:internal/test_runner/test:969:7) {
    generatedMessage: true,
    code: 'ERR_ASSERTION',
    actual: 'export const a = 9\n',
    expected: 'export const a = 1\n',
    operator: 'strictEqual',
    diff: 'simple'
  }

test at requirements/distribution/tests/005.test.mjs:304:13
✖ WHAT[distribution-005] restores backup for empty outputs (2.125125ms)
  AssertionError [ERR_ASSERTION]: Expected values to be strictly equal:
  + actual - expected
  
  + 'export const a = 9\n'
  - 'export const a = 1\n'
                      ^
  
      at TestContext.<anonymous> (file:///Users/yuanxi/Workwork/vibe-fs/requirements/distribution/tests/005.test.mjs:330:16)
      at Test.runInAsyncScope (node:async_hooks:226:14)
      at Test.run (node:internal/test_runner/test:1397:25)
      at Test.start (node:internal/test_runner/test:1257:17)
      at TestContext.test (node:internal/test_runner/test:399:20)
      at TestContext.<anonymous> (file:///Users/yuanxi/Workwork/vibe-fs/requirements/distribution/tests/005.test.mjs:304:13)
      at async Test.run (node:internal/test_runner/test:1404:7)
      at async Test.processPendingSubtests (node:internal/test_runner/test:969:7) {
    generatedMessage: true,
    code: 'ERR_ASSERTION',
    actual: 'export const a = 9\n',
    expected: 'export const a = 1\n',
    operator: 'strictEqual',
    diff: 'simple'
  }

test at requirements/distribution/tests/005.test.mjs:304:13
✖ WHAT[distribution-005] restores backup for missing output (1.765792ms)
  AssertionError [ERR_ASSERTION]: Expected values to be strictly deep-equal:
  + actual - expected
  
    [
      'A.js',
  -   'B.js'
    ]
  
      at TestContext.<anonymous> (file:///Users/yuanxi/Workwork/vibe-fs/requirements/distribution/tests/005.test.mjs:329:16)
      at Test.runInAsyncScope (node:async_hooks:226:14)
      at Test.run (node:internal/test_runner/test:1397:25)
      at Test.start (node:internal/test_runner/test:1257:17)
      at TestContext.test (node:internal/test_runner/test:399:20)
      at TestContext.<anonymous> (file:///Users/yuanxi/Workwork/vibe-fs/requirements/distribution/tests/005.test.mjs:304:13)
      at async Test.run (node:internal/test_runner/test:1404:7)
      at async Test.processPendingSubtests (node:internal/test_runner/test:969:7) {
    generatedMessage: true,
    code: 'ERR_ASSERTION',
    actual: [ 'A.js' ],
    expected: [ 'A.js', 'B.js' ],
    operator: 'deepStrictEqual',
    diff: 'simple'
  }

test at requirements/distribution/tests/005.test.mjs:304:13
✖ WHAT[distribution-005] restores backup for extra output (1.914958ms)
  AssertionError [ERR_ASSERTION]: Expected values to be strictly deep-equal:
  + actual - expected
  
    [
      'A.js',
      'B.js',
  +   'Extra.js'
    ]
  
      at TestContext.<anonymous> (file:///Users/yuanxi/Workwork/vibe-fs/requirements/distribution/tests/005.test.mjs:329:16)
      at Test.runInAsyncScope (node:async_hooks:226:14)
      at Test.run (node:internal/test_runner/test:1397:25)
      at Test.start (node:internal/test_runner/test:1257:17)
      at TestContext.test (node:internal/test_runner/test:399:20)
      at TestContext.<anonymous> (file:///Users/yuanxi/Workwork/vibe-fs/requirements/distribution/tests/005.test.mjs:304:13)
      at async Test.run (node:internal/test_runner/test:1404:7)
      at async Test.processPendingSubtests (node:internal/test_runner/test:969:7) {
    generatedMessage: true,
    code: 'ERR_ASSERTION',
    actual: [ 'A.js', 'B.js', 'Extra.js' ],
    expected: [ 'A.js', 'B.js' ],
    operator: 'deepStrictEqual',
    diff: 'simple'
  }

test at requirements/distribution/tests/005.test.mjs:304:13
✖ WHAT[distribution-005] restores backup for changed bytes (1.786958ms)
  AssertionError [ERR_ASSERTION]: Expected values to be strictly equal:
  + actual - expected
  
  + 'export const a = 8\n'
  - 'export const a = 1\n'
                      ^
  
      at TestContext.<anonymous> (file:///Users/yuanxi/Workwork/vibe-fs/requirements/distribution/tests/005.test.mjs:330:16)
      at Test.runInAsyncScope (node:async_hooks:226:14)
      at Test.run (node:internal/test_runner/test:1397:25)
      at Test.start (node:internal/test_runner/test:1257:17)
      at TestContext.test (node:internal/test_runner/test:399:20)
      at TestContext.<anonymous> (file:///Users/yuanxi/Workwork/vibe-fs/requirements/distribution/tests/005.test.mjs:304:13)
      at async Test.run (node:internal/test_runner/test:1404:7)
      at async Test.processPendingSubtests (node:internal/test_runner/test:969:7) {
    generatedMessage: true,
    code: 'ERR_ASSERTION',
    actual: 'export const a = 8\n',
    expected: 'export const a = 1\n',
    operator: 'strictEqual',
    diff: 'simple'
  }
