[36m[build][0m build up-to-date (no-op)
✔ WHAT[distribution-005] full rebuild staged swap clears orphans, restores prior dist on failure, and settles stale backups (812.734375ms)
✔ WHAT[distribution-005] staged recovery restores committed bytes after process exit with uncommitted partial output (109.577875ms)
▶ WHAT[distribution-005] staged recovery rejects unavailable manifest evidence and incomplete output identities
  ✔ WHAT[distribution-005] restores backup for missing manifest (2.070834ms)
  ✔ WHAT[distribution-005] restores backup for corrupt manifest (2.005ms)
  ✔ WHAT[distribution-005] restores backup for unsupported schema (2.148333ms)
  ✔ WHAT[distribution-005] restores backup for empty outputs (1.945542ms)
  ✔ WHAT[distribution-005] restores backup for missing output (1.728375ms)
  ✔ WHAT[distribution-005] restores backup for extra output (1.890042ms)
  ✔ WHAT[distribution-005] restores backup for changed bytes (1.824667ms)
✔ WHAT[distribution-005] staged recovery rejects unavailable manifest evidence and incomplete output identities (14.187625ms)
✔ WHAT[distribution-005] focused rebuild without compiler changes keeps dist intact (629.962709ms)
ℹ tests 11
ℹ suites 0
ℹ pass 11
ℹ fail 0
ℹ cancelled 0
ℹ skipped 0
ℹ todo 0
ℹ duration_ms 1713.494834
