TAP version 13
# Subtest: WHAT[durable-events-012] actual Journal payload mkdir-eacces respects the original gate and preserves canonical history
ok 1 - WHAT[durable-events-012] actual Journal payload mkdir-eacces respects the original gate and preserves canonical history
  ---
  duration_ms: 2169.57575
  type: 'test'
  ...
# {"scenario":"mkdir-eacces","measurePid":28780,"coldPid":28790,"actualPayloadAndCold":true,"mkdirAttempts":1,"legalAfterFailure":0,"injected":1,"busy":0,"payloadWrite":0,"payloadFsync":0,"payloadClose":0,"release":0,"append":0}
# Subtest: WHAT[durable-events-012] actual Journal payload mkdir-eio respects the original gate and preserves canonical history
ok 2 - WHAT[durable-events-012] actual Journal payload mkdir-eio respects the original gate and preserves canonical history
  ---
  duration_ms: 2186.687
  type: 'test'
  ...
# {"scenario":"mkdir-eio","measurePid":28803,"coldPid":28806,"actualPayloadAndCold":true,"mkdirAttempts":1,"legalAfterFailure":0,"injected":1,"busy":0,"payloadWrite":0,"payloadFsync":0,"payloadClose":0,"release":0,"append":0}
# Subtest: WHAT[durable-events-012] actual Journal payload busy-success respects the original gate and preserves canonical history
ok 3 - WHAT[durable-events-012] actual Journal payload busy-success respects the original gate and preserves canonical history
  ---
  duration_ms: 1962.499875
  type: 'test'
  ...
# {"scenario":"busy-success","measurePid":28826,"coldPid":28831,"actualPayloadAndCold":true,"mkdirAttempts":2,"legalAfterFailure":0,"injected":0,"busy":1,"payloadWrite":1,"payloadFsync":1,"payloadClose":1,"release":1,"append":0}
# Subtest: WHAT[durable-events-012] actual Journal payload busy-eacces respects the original gate and preserves canonical history
ok 4 - WHAT[durable-events-012] actual Journal payload busy-eacces respects the original gate and preserves canonical history
  ---
  duration_ms: 2055.052208
  type: 'test'
  ...
# {"scenario":"busy-eacces","measurePid":28841,"coldPid":28847,"actualPayloadAndCold":true,"mkdirAttempts":2,"legalAfterFailure":0,"injected":1,"busy":1,"payloadWrite":0,"payloadFsync":0,"payloadClose":0,"release":0,"append":0}
1..4
# tests 4
# suites 0
# pass 4
# fail 0
# cancelled 0
# skipped 0
# todo 0
# duration_ms 9068.154542
