runner: scoped 使用 TESTS_MJS_FILES=1 files
runner: build is current (1798 sources, 886 artifacts)
runner: discovery OVERRIDDEN by TESTS_MJS_FILES (1 file(s))
runner: 1 test file(s), 5000ms verdict-silence window
runner: file lifecycle {"entryFile":"/Users/yuanxi/Workwork/vibe-fs/requirements/capability-enforcement/tests/025.test.mjs","pid":75234,"parentPid":75214,"type":"runner:file-start","elapsedMs":36.432000000000016}
[verification-test-start] {"pid":75235,"parentPid":75234,"entryFile":"/Users/yuanxi/Workwork/vibe-fs/requirements/capability-enforcement/tests/025.test.mjs","name":"WHAT[capability-enforcement-025] registered_js_tools_match_js_tool_generator_output","fullName":"WHAT[capability-enforcement-025] registered_js_tools_match_js_tool_generator_output"}
[verification-test-start] {"pid":75235,"parentPid":75234,"entryFile":"/Users/yuanxi/Workwork/vibe-fs/requirements/capability-enforcement/tests/025.test.mjs","name":"WHAT[capability-enforcement-025] J01_manager_generated_surface_strictly_read_only","fullName":"WHAT[capability-enforcement-025] J01_manager_generated_surface_strictly_read_only"}
[verification-test-start] {"pid":75235,"parentPid":75234,"entryFile":"/Users/yuanxi/Workwork/vibe-fs/requirements/capability-enforcement/tests/025.test.mjs","name":"WHAT[capability-enforcement-025] J02_manager_create_api_omits_mutation_methods","fullName":"WHAT[capability-enforcement-025] J02_manager_create_api_omits_mutation_methods"}
[verification-test-start] {"pid":75235,"parentPid":75234,"entryFile":"/Users/yuanxi/Workwork/vibe-fs/requirements/capability-enforcement/tests/025.test.mjs","name":"WHAT[capability-enforcement-025] J03_manager_execution_blocks_write_and_edit_without_disk_mutations","fullName":"WHAT[capability-enforcement-025] J03_manager_execution_blocks_write_and_edit_without_disk_mutations"}
[verification-test-start] {"pid":75235,"parentPid":75234,"entryFile":"/Users/yuanxi/Workwork/vibe-fs/requirements/capability-enforcement/tests/025.test.mjs","name":"WHAT[capability-enforcement-025] J04_read_only_execution_returns_success_without_file_effects","fullName":"WHAT[capability-enforcement-025] J04_read_only_execution_returns_success_without_file_effects"}
[verification-test-start] {"pid":75235,"parentPid":75234,"entryFile":"/Users/yuanxi/Workwork/vibe-fs/requirements/capability-enforcement/tests/025.test.mjs","name":"WHAT[capability-enforcement-025] J05_engineer_and_devops_retain_write_and_edit_capabilities","fullName":"WHAT[capability-enforcement-025] J05_engineer_and_devops_retain_write_and_edit_capabilities"}
[verification-test-start] {"pid":75235,"parentPid":75234,"entryFile":"/Users/yuanxi/Workwork/vibe-fs/requirements/capability-enforcement/tests/025.test.mjs","name":"WHAT[capability-enforcement-025] J06_internal_leaf_and_replica_admission_not_broadened","fullName":"WHAT[capability-enforcement-025] J06_internal_leaf_and_replica_admission_not_broadened"}
[verification-test-start] {"pid":75235,"parentPid":75234,"entryFile":"/Users/yuanxi/Workwork/vibe-fs/requirements/capability-enforcement/tests/025.test.mjs","name":"WHAT[capability-enforcement-025] J07_string_literals_and_paths_with_quotes_treated_as_pure_data","fullName":"WHAT[capability-enforcement-025] J07_string_literals_and_paths_with_quotes_treated_as_pure_data"}
[verification-test-start] {"pid":75235,"parentPid":75234,"entryFile":"/Users/yuanxi/Workwork/vibe-fs/requirements/capability-enforcement/tests/025.test.mjs","name":"WHAT[capability-enforcement-025] J08_path_resolution_enforces_workspace_root_boundaries","fullName":"WHAT[capability-enforcement-025] J08_path_resolution_enforces_workspace_root_boundaries"}
[verification-test-start] {"pid":75235,"parentPid":75234,"entryFile":"/Users/yuanxi/Workwork/vibe-fs/requirements/capability-enforcement/tests/025.test.mjs","name":"WHAT[capability-enforcement-025] J09_readonly_api_preserves_utf8_and_line_endings","fullName":"WHAT[capability-enforcement-025] J09_readonly_api_preserves_utf8_and_line_endings"}
[verification-test-start] {"pid":75235,"parentPid":75234,"entryFile":"/Users/yuanxi/Workwork/vibe-fs/requirements/capability-enforcement/tests/025.test.mjs","name":"WHAT[capability-enforcement-025] J10_readonly_api_reports_missing_files_search_errors_and_output_limits","fullName":"WHAT[capability-enforcement-025] J10_readonly_api_reports_missing_files_search_errors_and_output_limits"}
[verification-test-start] {"pid":75235,"parentPid":75234,"entryFile":"/Users/yuanxi/Workwork/vibe-fs/requirements/capability-enforcement/tests/025.test.mjs","name":"WHAT[capability-enforcement-025] J11_observation_records_only_successful_distinct_reads","fullName":"WHAT[capability-enforcement-025] J11_observation_records_only_successful_distinct_reads"}
[verification-test-start] {"pid":75235,"parentPid":75234,"entryFile":"/Users/yuanxi/Workwork/vibe-fs/requirements/capability-enforcement/tests/025.test.mjs","name":"WHAT[capability-enforcement-025] J12_sandbox_context_strictly_excludes_ambient_os_capabilities","fullName":"WHAT[capability-enforcement-025] J12_sandbox_context_strictly_excludes_ambient_os_capabilities"}

✖ failing tests:

test entry /Users/yuanxi/Workwork/vibe-fs/requirements/capability-enforcement/tests/025.test.mjs
test at /Users/yuanxi/Workwork/vibe-fs/requirements/capability-enforcement/tests/support/manager-programming.mjs:306:1
✖ WHAT[capability-enforcement-025] J11_observation_records_only_successful_distinct_reads (4.801ms)
  AssertionError [ERR_ASSERTION]: Expected values to be strictly deep-equal:
  + actual - expected
  
    [
  +   {
  +     path: '/private/var/folders/g_/3ydzn7kx5lg9ylq8fd9p_13r0000gn/T/wxs-j11-D7whrv/read1.txt',
  +     resultBytes: 'content1'
  +   },
  +   {
  +     path: '/private/var/folders/g_/3ydzn7kx5lg9ylq8fd9p_13r0000gn/T/wxs-j11-D7whrv/read2.txt',
  +     resultBytes: 'content2'
  +   }
  -   'read1.txt',
  -   'read2.txt'
    ]
  
      at TestContext.<anonymous> (file:///Users/yuanxi/Workwork/vibe-fs/requirements/capability-enforcement/tests/support/manager-programming.mjs:340:12)
      at async Test.run (node:internal/test_runner/test:1054:7)
      at async Test.processPendingSubtests (node:internal/test_runner/test:744:7)

[verification-test-start] {"pid":75235,"parentPid":75234,"entryFile":"/Users/yuanxi/Workwork/vibe-fs/requirements/capability-enforcement/tests/025.test.mjs","name":"WHAT[capability-enforcement-025] P01_unaccepted_review_manager_static_permissions_include_read_glob_grep","fullName":"WHAT[capability-enforcement-025] P01_unaccepted_review_manager_static_permissions_include_read_glob_grep"}
[verification-test-start] {"pid":75235,"parentPid":75234,"entryFile":"/Users/yuanxi/Workwork/vibe-fs/requirements/capability-enforcement/tests/025.test.mjs","name":"WHAT[capability-enforcement-025] P02_review_accepted_facts_exclude_review_readonly_capabilities","fullName":"WHAT[capability-enforcement-025] P02_review_accepted_facts_exclude_review_readonly_capabilities"}
[verification-test-start] {"pid":75235,"parentPid":75234,"entryFile":"/Users/yuanxi/Workwork/vibe-fs/requirements/capability-enforcement/tests/025.test.mjs","name":"WHAT[capability-enforcement-025] P08_manager_native_read_glob_grep_projected_as_deny","fullName":"WHAT[capability-enforcement-025] P08_manager_native_read_glob_grep_projected_as_deny"}
[verification-test-start] {"pid":75235,"parentPid":75234,"entryFile":"/Users/yuanxi/Workwork/vibe-fs/requirements/capability-enforcement/tests/025.test.mjs","name":"WHAT[capability-enforcement-025] P09_manager_allows_sole_review_tool_and_retired_tools_not_admitted_to_any_role","fullName":"WHAT[capability-enforcement-025] P09_manager_allows_sole_review_tool_and_retired_tools_not_admitted_to_any_role"}
[verification-test-start] {"pid":75235,"parentPid":75234,"entryFile":"/Users/yuanxi/Workwork/vibe-fs/requirements/capability-enforcement/tests/025.test.mjs","name":"WHAT[capability-enforcement-025] P10_sole_review_tool_allowed_and_retired_tools_absent_from_manager_surface","fullName":"WHAT[capability-enforcement-025] P10_sole_review_tool_allowed_and_retired_tools_absent_from_manager_surface"}
[verification-test-start] {"pid":75235,"parentPid":75234,"entryFile":"/Users/yuanxi/Workwork/vibe-fs/requirements/capability-enforcement/tests/025.test.mjs","name":"WHAT[capability-enforcement-025] P05_no_active_incumbency_and_no_assessment_denies_review_readonly_admission","fullName":"WHAT[capability-enforcement-025] P05_no_active_incumbency_and_no_assessment_denies_review_readonly_admission"}
[verification-test-start] {"pid":75235,"parentPid":75234,"entryFile":"/Users/yuanxi/Workwork/vibe-fs/requirements/capability-enforcement/tests/025.test.mjs","name":"WHAT[capability-enforcement-025] P06_unknown_identity_never_authorized_by_tool_name_suffix","fullName":"WHAT[capability-enforcement-025] P06_unknown_identity_never_authorized_by_tool_name_suffix"}
[verification-test-start] {"pid":75235,"parentPid":75234,"entryFile":"/Users/yuanxi/Workwork/vibe-fs/requirements/capability-enforcement/tests/025.test.mjs","name":"WHAT[capability-enforcement-025] P03_unaccepted_or_malformed_review_retains_readonly_permissions","fullName":"WHAT[capability-enforcement-025] P03_unaccepted_or_malformed_review_retains_readonly_permissions"}
[verification-test-start] {"pid":75235,"parentPid":75234,"entryFile":"/Users/yuanxi/Workwork/vibe-fs/requirements/capability-enforcement/tests/025.test.mjs","name":"WHAT[capability-enforcement-025] P07_valid_certificate_cleanup_blocker_or_retirement_freeze_denies_review_tool","fullName":"WHAT[capability-enforcement-025] P07_valid_certificate_cleanup_blocker_or_retirement_freeze_denies_review_tool"}
[verification-test-start] {"pid":75235,"parentPid":75234,"entryFile":"/Users/yuanxi/Workwork/vibe-fs/requirements/capability-enforcement/tests/025.test.mjs","name":"WHAT[capability-enforcement-025] P11_plugin_reopen_evaluates_durable_incumbency_facts_without_resetting_assessment","fullName":"WHAT[capability-enforcement-025] P11_plugin_reopen_evaluates_durable_incumbency_facts_without_resetting_assessment"}
[verification-test-start] {"pid":75235,"parentPid":75234,"entryFile":"/Users/yuanxi/Workwork/vibe-fs/requirements/capability-enforcement/tests/025.test.mjs","name":"WHAT[capability-enforcement-025] P12_current_fact_classifier_distinguishes_accepted_and_unaccepted_assessment","fullName":"WHAT[capability-enforcement-025] P12_current_fact_classifier_distinguishes_accepted_and_unaccepted_assessment"}
[verification-test-start] {"pid":75235,"parentPid":75234,"entryFile":"/Users/yuanxi/Workwork/vibe-fs/requirements/capability-enforcement/tests/025.test.mjs","name":"WHAT[capability-enforcement-025] P13_review_accepted_after_before_hook_is_rejected_at_execution","fullName":"WHAT[capability-enforcement-025] P13_review_accepted_after_before_hook_is_rejected_at_execution"}
[verification-test-start] {"pid":75235,"parentPid":75234,"entryFile":"/Users/yuanxi/Workwork/vibe-fs/requirements/capability-enforcement/tests/025.test.mjs","name":"WHAT[capability-enforcement-025] P14_completed_readonly_call_keeps_after_hook_while_subsequent_calls_are_denied","fullName":"WHAT[capability-enforcement-025] P14_completed_readonly_call_keeps_after_hook_while_subsequent_calls_are_denied"}
[verification-test-start] {"pid":75235,"parentPid":75234,"entryFile":"/Users/yuanxi/Workwork/vibe-fs/requirements/capability-enforcement/tests/025.test.mjs","name":"WHAT[capability-enforcement-025] an admitted call reads the file and before-hook denial preserves arguments and journal revision","fullName":"WHAT[capability-enforcement-025] an admitted call reads the file and before-hook denial preserves arguments and journal revision"}
[verification-test-start] {"pid":75235,"parentPid":75234,"entryFile":"/Users/yuanxi/Workwork/vibe-fs/requirements/capability-enforcement/tests/025.test.mjs","name":"WHAT[capability-enforcement-025] denial performs zero physical reads and write attempts through the production invocation (GAP-075: investigation 2026-10-03 — the production chain ToolRegistry → JsToolSpec → ToolWorkflow keeps read snapshots internal; the only wired observation port is RequirementGrounding.programObservation, which fires solely for paths that have grounding materials in the workspace, so a generic physical-read observer does not exist. Needed: a read-path observation port on JsToolSpec/ToolWorkflow (or an equivalent production entry) that the test fixture can subscribe to; the execute counter and journal revision in the passing test above remain the closest available proxies)","fullName":"WHAT[capability-enforcement-025] denial performs zero physical reads and write attempts through the production invocation (GAP-075: investigation 2026-10-03 — the production chain ToolRegistry → JsToolSpec → ToolWorkflow keeps read snapshots internal; the only wired observation port is RequirementGrounding.programObservation, which fires solely for paths that have grounding materials in the workspace, so a generic physical-read observer does not exist. Needed: a read-path observation port on JsToolSpec/ToolWorkflow (or an equivalent production entry) that the test fixture can subscribe to; the execute counter and journal revision in the passing test above remain the closest available proxies)"}
[verification-test-start] {"pid":75235,"parentPid":75234,"entryFile":"/Users/yuanxi/Workwork/vibe-fs/requirements/capability-enforcement/tests/025.test.mjs","name":"WHAT[capability-enforcement-025] an in-flight admitted read finishes across review acceptance (GAP-075: requires a controlled causal barrier driving real overlap; the sequential fixture cannot prove concurrency)","fullName":"WHAT[capability-enforcement-025] an in-flight admitted read finishes across review acceptance (GAP-075: requires a controlled causal barrier driving real overlap; the sequential fixture cannot prove concurrency)"}
runner: file lifecycle {"entryFile":"/Users/yuanxi/Workwork/vibe-fs/requirements/capability-enforcement/tests/025.test.mjs","type":"runner:file-drained","elapsedMs":1980.0602910000002}

[test-summary] 1 file(s), 26 passed, 1 failed, 2 todo (1.95s wall, 1.72s test time)
  todo: /Users/yuanxi/Workwork/vibe-fs/requirements/capability-enforcement/tests/025.test.mjs:WHAT[capability-enforcement-025] denial performs zero physical reads and write attempts through the production invocation (GAP-075: investigation 2026-10-03 — the production chain ToolRegistry → JsToolSpec → ToolWorkflow keeps read snapshots internal; the only wired observation port is RequirementGrounding.programObservation, which fires solely for paths that have grounding materials in the workspace, so a generic physical-read observer does not exist. Needed: a read-path observation port on JsToolSpec/ToolWorkflow (or an equivalent production entry) that the test fixture can subscribe to; the execute counter and journal revision in the passing test above remain the closest available proxies) — reason not supplied
  todo: /Users/yuanxi/Workwork/vibe-fs/requirements/capability-enforcement/tests/025.test.mjs:WHAT[capability-enforcement-025] an in-flight admitted read finishes across review acceptance (GAP-075: requires a controlled causal barrier driving real overlap; the sequential fixture cannot prove concurrency) — reason not supplied
runner: post-exit group verification/reclamation: pid=75234; elapsedMs=17.112; accepted=true
runner: 29 test(s), 1.7s of test time; max 759ms, p90 214ms, median 4ms
runner:     759ms  WHAT[capability-enforcement-025] P03_unaccepted_or_malformed_review_retains_readonly_permissions
runner:     222ms  WHAT[capability-enforcement-025] P14_completed_readonly_call_keeps_after_hook_while_subsequent_calls_are_denied
runner:     214ms  WHAT[capability-enforcement-025] an admitted call reads the file and before-hook denial preserves arguments and journal revision
runner:     207ms  WHAT[capability-enforcement-025] P13_review_accepted_after_before_hook_is_rejected_at_execution
runner:     186ms  WHAT[capability-enforcement-025] P11_plugin_reopen_evaluates_durable_incumbency_facts_without_resetting_assessment

runner: 26 passed, 1 failed; 1/1 planned file(s) completed
Error: runner: supervised suite failed (exit 1)
    at fail (file:///Users/yuanxi/Workwork/vibe-fs/requirements/verification-system/tests/e2e/support/supervise-node-test.mjs:221:25)
    at superviseOwnedNodeTest (file:///Users/yuanxi/Workwork/vibe-fs/requirements/verification-system/tests/e2e/support/supervise-node-test.mjs:400:19)
    at process.processTicksAndRejections (node:internal/process/task_queues:103:5)
    at async superviseNodeTest (file:///Users/yuanxi/Workwork/vibe-fs/requirements/verification-system/tests/e2e/support/supervise-node-test.mjs:199:14)
    at async file:///Users/yuanxi/Workwork/vibe-fs/requirements/verification-system/tests/run.mjs:94:1 {
  exitCode: 1
}
