runner: scoped 使用 TESTS_MJS_FILES=1 files
runner: build is current (1811 sources, 889 artifacts)
runner: discovery OVERRIDDEN by TESTS_MJS_FILES (1 file(s))
runner: 1 test file(s), 5000ms verdict-silence window
runner: file lifecycle {"entryFile":"/Users/yuanxi/Workwork/vibe-fs/requirements/durable-events/tests/006.test.mjs","pid":38160,"parentPid":38117,"type":"runner:file-start","elapsedMs":32.735041999999964}
[verification-worker-cost] {"version":1,"phase":"pre-import","sequence":0,"entryFile":"/Users/yuanxi/Workwork/vibe-fs/requirements/durable-events/tests/006.test.mjs","pid":38161,"parentPid":38160,"monotonicMs":14.862625,"cpuUserMicros":19999,"cpuSystemMicros":3541}
[verification-test-start] {"pid":38161,"parentPid":38160,"entryFile":"/Users/yuanxi/Workwork/vibe-fs/requirements/durable-events/tests/006.test.mjs","name":"WHAT[durable-events-006] actual_lock_mkdir-eacces_distinguishes_contention_from_unattempted_io","fullName":"WHAT[durable-events-006] actual_lock_mkdir-eacces_distinguishes_contention_from_unattempted_io"}
[verification-test-start] {"pid":38161,"parentPid":38160,"entryFile":"/Users/yuanxi/Workwork/vibe-fs/requirements/durable-events/tests/006.test.mjs","name":"WHAT[durable-events-006] actual_lock_mkdir-eio_distinguishes_contention_from_unattempted_io","fullName":"WHAT[durable-events-006] actual_lock_mkdir-eio_distinguishes_contention_from_unattempted_io"}
[verification-test-start] {"pid":38161,"parentPid":38160,"entryFile":"/Users/yuanxi/Workwork/vibe-fs/requirements/durable-events/tests/006.test.mjs","name":"WHAT[durable-events-006] actual_lock_busy-success_distinguishes_contention_from_unattempted_io","fullName":"WHAT[durable-events-006] actual_lock_busy-success_distinguishes_contention_from_unattempted_io"}
[verification-test-start] {"pid":38161,"parentPid":38160,"entryFile":"/Users/yuanxi/Workwork/vibe-fs/requirements/durable-events/tests/006.test.mjs","name":"WHAT[durable-events-006] actual_lock_busy-eacces_distinguishes_contention_from_unattempted_io","fullName":"WHAT[durable-events-006] actual_lock_busy-eacces_distinguishes_contention_from_unattempted_io"}
[verification-test-start] {"pid":38161,"parentPid":38160,"entryFile":"/Users/yuanxi/Workwork/vibe-fs/requirements/durable-events/tests/006.test.mjs","name":"WHAT[durable-events-006] actual_gate-directory_preserves_preparation_rejection_and_independent_cold_facts","fullName":"WHAT[durable-events-006] actual_gate-directory_preserves_preparation_rejection_and_independent_cold_facts"}
[verification-test-start] {"pid":38161,"parentPid":38160,"entryFile":"/Users/yuanxi/Workwork/vibe-fs/requirements/durable-events/tests/006.test.mjs","name":"WHAT[durable-events-006] actual_before-directory_preserves_preparation_rejection_and_independent_cold_facts","fullName":"WHAT[durable-events-006] actual_before-directory_preserves_preparation_rejection_and_independent_cold_facts"}
[verification-test-start] {"pid":38161,"parentPid":38160,"entryFile":"/Users/yuanxi/Workwork/vibe-fs/requirements/durable-events/tests/006.test.mjs","name":"WHAT[durable-events-006] actual_mixed-release_preserves_preparation_rejection_and_independent_cold_facts","fullName":"WHAT[durable-events-006] actual_mixed-release_preserves_preparation_rejection_and_independent_cold_facts"}
[verification-test-start] {"pid":38161,"parentPid":38160,"entryFile":"/Users/yuanxi/Workwork/vibe-fs/requirements/durable-events/tests/006.test.mjs","name":"WHAT[durable-events-006] actual_cut-release_preserves_preparation_rejection_and_independent_cold_facts","fullName":"WHAT[durable-events-006] actual_cut-release_preserves_preparation_rejection_and_independent_cold_facts"}
[verification-test-start] {"pid":38161,"parentPid":38160,"entryFile":"/Users/yuanxi/Workwork/vibe-fs/requirements/durable-events/tests/006.test.mjs","name":"WHAT[durable-events-006] actual_validation-release_preserves_preparation_rejection_and_independent_cold_facts","fullName":"WHAT[durable-events-006] actual_validation-release_preserves_preparation_rejection_and_independent_cold_facts"}
[verification-test-start] {"pid":38161,"parentPid":38160,"entryFile":"/Users/yuanxi/Workwork/vibe-fs/requirements/durable-events/tests/006.test.mjs","name":"WHAT[durable-events-006] actual_preparation-random_preserves_preparation_rejection_and_independent_cold_facts","fullName":"WHAT[durable-events-006] actual_preparation-random_preserves_preparation_rejection_and_independent_cold_facts"}
[verification-test-start] {"pid":38161,"parentPid":38160,"entryFile":"/Users/yuanxi/Workwork/vibe-fs/requirements/durable-events/tests/006.test.mjs","name":"WHAT[durable-events-006] actual_journal_initialization-release_keeps_business_fate_poison_and_waiters_separate","fullName":"WHAT[durable-events-006] actual_journal_initialization-release_keeps_business_fate_poison_and_waiters_separate"}
[verification-test-start] {"pid":38161,"parentPid":38160,"entryFile":"/Users/yuanxi/Workwork/vibe-fs/requirements/durable-events/tests/006.test.mjs","name":"WHAT[durable-events-006] actual_journal_business-release_keeps_business_fate_poison_and_waiters_separate","fullName":"WHAT[durable-events-006] actual_journal_business-release_keeps_business_fate_poison_and_waiters_separate"}
[verification-test-start] {"pid":38161,"parentPid":38160,"entryFile":"/Users/yuanxi/Workwork/vibe-fs/requirements/durable-events/tests/006.test.mjs","name":"WHAT[durable-events-006] actual_journal_initialization-fsync_keeps_business_fate_poison_and_waiters_separate","fullName":"WHAT[durable-events-006] actual_journal_initialization-fsync_keeps_business_fate_poison_and_waiters_separate"}
[verification-test-start] {"pid":38161,"parentPid":38160,"entryFile":"/Users/yuanxi/Workwork/vibe-fs/requirements/durable-events/tests/006.test.mjs","name":"WHAT[durable-events-006] actual_journal_business-fsync_keeps_business_fate_poison_and_waiters_separate","fullName":"WHAT[durable-events-006] actual_journal_business-fsync_keeps_business_fate_poison_and_waiters_separate"}
[verification-test-start] {"pid":38161,"parentPid":38160,"entryFile":"/Users/yuanxi/Workwork/vibe-fs/requirements/durable-events/tests/006.test.mjs","name":"WHAT[durable-events-006] duplicate_same_identity_is_idempotent_but_collision_is_rejected","fullName":"WHAT[durable-events-006] duplicate_same_identity_is_idempotent_but_collision_is_rejected"}
[verification-test-start] {"pid":38161,"parentPid":38160,"entryFile":"/Users/yuanxi/Workwork/vibe-fs/requirements/durable-events/tests/006.test.mjs","name":"WHAT[durable-events-006] append_adds_one_local_line_and_Current_is_already_integrated","fullName":"WHAT[durable-events-006] append_adds_one_local_line_and_Current_is_already_integrated"}
[verification-test-start] {"pid":38161,"parentPid":38160,"entryFile":"/Users/yuanxi/Workwork/vibe-fs/requirements/durable-events/tests/006.test.mjs","name":"WHAT[durable-events-006] actual_append_settlement_preserves_normal_physical_facts_and_cause","fullName":"WHAT[durable-events-006] actual_append_settlement_preserves_normal_physical_facts_and_cause"}
[verification-test-start] {"pid":38161,"parentPid":38160,"entryFile":"/Users/yuanxi/Workwork/vibe-fs/requirements/durable-events/tests/006.test.mjs","name":"WHAT[durable-events-006] actual_append_settlement_preserves_fresh-release_physical_facts_and_cause","fullName":"WHAT[durable-events-006] actual_append_settlement_preserves_fresh-release_physical_facts_and_cause"}
[verification-test-start] {"pid":38161,"parentPid":38160,"entryFile":"/Users/yuanxi/Workwork/vibe-fs/requirements/durable-events/tests/006.test.mjs","name":"WHAT[durable-events-006] actual_append_settlement_preserves_duplicate-release_physical_facts_and_cause","fullName":"WHAT[durable-events-006] actual_append_settlement_preserves_duplicate-release_physical_facts_and_cause"}
[verification-test-start] {"pid":38161,"parentPid":38160,"entryFile":"/Users/yuanxi/Workwork/vibe-fs/requirements/durable-events/tests/006.test.mjs","name":"WHAT[durable-events-006] actual_append_settlement_preserves_empty-release_physical_facts_and_cause","fullName":"WHAT[durable-events-006] actual_append_settlement_preserves_empty-release_physical_facts_and_cause"}
[verification-test-start] {"pid":38161,"parentPid":38160,"entryFile":"/Users/yuanxi/Workwork/vibe-fs/requirements/durable-events/tests/006.test.mjs","name":"WHAT[durable-events-006] actual_append_settlement_preserves_append_physical_facts_and_cause","fullName":"WHAT[durable-events-006] actual_append_settlement_preserves_append_physical_facts_and_cause"}
[verification-test-start] {"pid":38161,"parentPid":38160,"entryFile":"/Users/yuanxi/Workwork/vibe-fs/requirements/durable-events/tests/006.test.mjs","name":"WHAT[durable-events-006] actual_append_settlement_preserves_open_physical_facts_and_cause","fullName":"WHAT[durable-events-006] actual_append_settlement_preserves_open_physical_facts_and_cause"}
[verification-test-start] {"pid":38161,"parentPid":38160,"entryFile":"/Users/yuanxi/Workwork/vibe-fs/requirements/durable-events/tests/006.test.mjs","name":"WHAT[durable-events-006] actual_append_settlement_preserves_fsync_physical_facts_and_cause","fullName":"WHAT[durable-events-006] actual_append_settlement_preserves_fsync_physical_facts_and_cause"}
[verification-test-start] {"pid":38161,"parentPid":38160,"entryFile":"/Users/yuanxi/Workwork/vibe-fs/requirements/durable-events/tests/006.test.mjs","name":"WHAT[durable-events-006] actual_append_settlement_preserves_close_physical_facts_and_cause","fullName":"WHAT[durable-events-006] actual_append_settlement_preserves_close_physical_facts_and_cause"}
[verification-test-start] {"pid":38161,"parentPid":38160,"entryFile":"/Users/yuanxi/Workwork/vibe-fs/requirements/durable-events/tests/006.test.mjs","name":"WHAT[durable-events-006] actual_append_settlement_preserves_current-before_physical_facts_and_cause","fullName":"WHAT[durable-events-006] actual_append_settlement_preserves_current-before_physical_facts_and_cause"}
[verification-test-start] {"pid":38161,"parentPid":38160,"entryFile":"/Users/yuanxi/Workwork/vibe-fs/requirements/durable-events/tests/006.test.mjs","name":"WHAT[durable-events-006] actual_append_settlement_preserves_current-after_physical_facts_and_cause","fullName":"WHAT[durable-events-006] actual_append_settlement_preserves_current-after_physical_facts_and_cause"}
[verification-test-start] {"pid":38161,"parentPid":38160,"entryFile":"/Users/yuanxi/Workwork/vibe-fs/requirements/durable-events/tests/006.test.mjs","name":"WHAT[durable-events-006] actual_append_settlement_preserves_fsync-close-release_physical_facts_and_cause","fullName":"WHAT[durable-events-006] actual_append_settlement_preserves_fsync-close-release_physical_facts_and_cause"}
[verification-worker-cost] {"version":1,"phase":"exit","sequence":1,"entryFile":"/Users/yuanxi/Workwork/vibe-fs/requirements/durable-events/tests/006.test.mjs","pid":38161,"parentPid":38160,"monotonicMs":7529.706625,"cpuUserMicros":252543,"cpuSystemMicros":55278,"exitCode":0}
runner: file lifecycle {"entryFile":"/Users/yuanxi/Workwork/vibe-fs/requirements/durable-events/tests/006.test.mjs","type":"runner:file-drained","elapsedMs":7575.341667000001}
runner: worker cost {"version":1,"entryFile":"/Users/yuanxi/Workwork/vibe-fs/requirements/durable-events/tests/006.test.mjs","enabled":true,"pid":38161,"status":"complete","reason":null,"preImport":{"version":1,"phase":"pre-import","sequence":0,"entryFile":"/Users/yuanxi/Workwork/vibe-fs/requirements/durable-events/tests/006.test.mjs","pid":38161,"parentPid":38160,"monotonicMs":14.862625,"cpuUserMicros":19999,"cpuSystemMicros":3541},"exit":{"version":1,"phase":"exit","sequence":1,"entryFile":"/Users/yuanxi/Workwork/vibe-fs/requirements/durable-events/tests/006.test.mjs","pid":38161,"parentPid":38160,"monotonicMs":7529.706625,"cpuUserMicros":252543,"cpuSystemMicros":55278,"exitCode":0},"interval":{"clockPid":38161,"wallMs":7514.844,"cpuUserMicros":232544,"cpuSystemMicros":51737}}

[test-summary] 1 file(s), 27 passed, 0 failed (7.55s wall, 7.50s test time)
runner: post-exit group verification/reclamation: pid=38160; elapsedMs=15.432; accepted=true
runner: 27 test(s), 7.5s of test time; max 364ms, p90 308ms, median 283ms
runner:     364ms  WHAT[durable-events-006] actual_lock_mkdir-eacces_distinguishes_contention_from_unattempted_io
runner:     311ms  WHAT[durable-events-006] actual_lock_busy-success_distinguishes_contention_from_unattempted_io
runner:     308ms  WHAT[durable-events-006] actual_journal_business-release_keeps_business_fate_poison_and_waiters_separate
runner:     307ms  WHAT[durable-events-006] actual_journal_business-fsync_keeps_business_fate_poison_and_waiters_separate
runner:     306ms  WHAT[durable-events-006] actual_lock_busy-eacces_distinguishes_contention_from_unattempted_io

runner: 27 passed, 0 failed; 1/1 planned file(s) completed
