runner: scoped 使用 TESTS_MJS_FILES=1 files
runner: build is current (1811 sources, 889 artifacts)
runner: discovery OVERRIDDEN by TESTS_MJS_FILES (1 file(s))
runner: 1 test file(s), 5000ms verdict-silence window
runner: file lifecycle {"entryFile":"/Users/yuanxi/Workwork/vibe-fs/requirements/durable-events/tests/006.test.mjs","pid":36934,"parentPid":36910,"type":"runner:file-start","elapsedMs":31.099417000000017}
[verification-worker-cost] {"version":1,"phase":"pre-import","sequence":0,"entryFile":"/Users/yuanxi/Workwork/vibe-fs/requirements/durable-events/tests/006.test.mjs","pid":36935,"parentPid":36934,"monotonicMs":14.872958,"cpuUserMicros":20130,"cpuSystemMicros":3429}
[verification-test-start] {"pid":36935,"parentPid":36934,"entryFile":"/Users/yuanxi/Workwork/vibe-fs/requirements/durable-events/tests/006.test.mjs","name":"WHAT[durable-events-006] actual_lock_mkdir-eacces_distinguishes_contention_from_unattempted_io","fullName":"WHAT[durable-events-006] actual_lock_mkdir-eacces_distinguishes_contention_from_unattempted_io"}
[verification-test-start] {"pid":36935,"parentPid":36934,"entryFile":"/Users/yuanxi/Workwork/vibe-fs/requirements/durable-events/tests/006.test.mjs","name":"WHAT[durable-events-006] actual_lock_mkdir-eio_distinguishes_contention_from_unattempted_io","fullName":"WHAT[durable-events-006] actual_lock_mkdir-eio_distinguishes_contention_from_unattempted_io"}

✖ failing tests:

test at /Users/yuanxi/Workwork/vibe-fs/requirements/durable-events/tests/006.test.mjs:14:5
✖ WHAT[durable-events-006] actual_lock_mkdir-eacces_distinguishes_contention_from_unattempted_io (399.551ms)
  AssertionError [ERR_ASSERTION]: Expected values to be strictly deep-equal:
  + actual - expected
  
    {
  +   cuts: [],
  +   ok: true
  -   error: {
  -     causeCode: 'EACCES',
  -     causeIsInjected: true,
  -     causePath: '/private/var/folders/g_/3ydzn7kx5lg9ylq8fd9p_13r0000gn/T/append-lock-acquire-SCRQyG/.git/wanxiang.lock',
  -     causeSyscall: 'mkdir',
  -     cleanupFailures: [],
  -     code: 'AppendNotAttempted',
  -     phase: 'GateAcquire',
  -     prepared: null,
  -     priorRejection: null,
  -     requested: [
  -       {
  -         id: 'ffffffffffffffffffffffffffffffffffffffff',
  -         parents: [],
  -         payload: {
  -           text: '新事实-é'
  -         },
  -         payloadRefs: [],
  -         stream: 'proof/lock-acquire/new',
  -         type: 'JobRequested'
  -       }
  -     ]
  -   },
  -   ok: false
    }
  
      at TestContext.<anonymous> (file:///Users/yuanxi/Workwork/vibe-fs/requirements/durable-events/tests/006.test.mjs:46:16)
      at process.processTicksAndRejections (node:internal/process/task_queues:103:5)
      at async Test.run (node:internal/test_runner/test:1054:7)
      at async startSubtestAfterBootstrap (node:internal/test_runner/harness:296:3)

[verification-test-start] {"pid":36935,"parentPid":36934,"entryFile":"/Users/yuanxi/Workwork/vibe-fs/requirements/durable-events/tests/006.test.mjs","name":"WHAT[durable-events-006] actual_lock_busy-success_distinguishes_contention_from_unattempted_io","fullName":"WHAT[durable-events-006] actual_lock_busy-success_distinguishes_contention_from_unattempted_io"}
test at /Users/yuanxi/Workwork/vibe-fs/requirements/durable-events/tests/006.test.mjs:14:5
✖ WHAT[durable-events-006] actual_lock_mkdir-eio_distinguishes_contention_from_unattempted_io (311.577ms)
  AssertionError [ERR_ASSERTION]: Expected values to be strictly deep-equal:
  + actual - expected
  
    {
  +   cuts: [],
  +   ok: true
  -   error: {
  -     causeCode: 'EIO',
  -     causeIsInjected: true,
  -     causePath: '/private/var/folders/g_/3ydzn7kx5lg9ylq8fd9p_13r0000gn/T/append-lock-acquire-58ZhCr/.git/wanxiang.lock',
  -     causeSyscall: 'mkdir',
  -     cleanupFailures: [],
  -     code: 'AppendNotAttempted',
  -     phase: 'GateAcquire',
  -     prepared: null,
  -     priorRejection: null,
  -     requested: [
  -       {
  -         id: 'ffffffffffffffffffffffffffffffffffffffff',
  -         parents: [],
  -         payload: {
  -           text: '新事实-é'
  -         },
  -         payloadRefs: [],
  -         stream: 'proof/lock-acquire/new',
  -         type: 'JobRequested'
  -       }
  -     ]
  -   },
  -   ok: false
    }
  
      at TestContext.<anonymous> (file:///Users/yuanxi/Workwork/vibe-fs/requirements/durable-events/tests/006.test.mjs:46:16)
      at process.processTicksAndRejections (node:internal/process/task_queues:103:5)
      at async Test.run (node:internal/test_runner/test:1054:7)
      at async Test.processPendingSubtests (node:internal/test_runner/test:744:7)

[verification-test-start] {"pid":36935,"parentPid":36934,"entryFile":"/Users/yuanxi/Workwork/vibe-fs/requirements/durable-events/tests/006.test.mjs","name":"WHAT[durable-events-006] actual_lock_busy-eacces_distinguishes_contention_from_unattempted_io","fullName":"WHAT[durable-events-006] actual_lock_busy-eacces_distinguishes_contention_from_unattempted_io"}
[verification-test-start] {"pid":36935,"parentPid":36934,"entryFile":"/Users/yuanxi/Workwork/vibe-fs/requirements/durable-events/tests/006.test.mjs","name":"WHAT[durable-events-006] actual_gate-directory_preserves_preparation_rejection_and_independent_cold_facts","fullName":"WHAT[durable-events-006] actual_gate-directory_preserves_preparation_rejection_and_independent_cold_facts"}
test at /Users/yuanxi/Workwork/vibe-fs/requirements/durable-events/tests/006.test.mjs:14:5
✖ WHAT[durable-events-006] actual_lock_busy-eacces_distinguishes_contention_from_unattempted_io (345.536ms)
  AssertionError [ERR_ASSERTION]: Expected values to be strictly deep-equal:
  + actual - expected
  
    {
  +   cuts: [],
  +   ok: true
  -   error: {
  -     causeCode: 'EACCES',
  -     causeIsInjected: true,
  -     causePath: '/private/var/folders/g_/3ydzn7kx5lg9ylq8fd9p_13r0000gn/T/append-lock-acquire-amcAiK/.git/wanxiang.lock',
  -     causeSyscall: 'mkdir',
  -     cleanupFailures: [],
  -     code: 'AppendNotAttempted',
  -     phase: 'GateAcquire',
  -     prepared: null,
  -     priorRejection: null,
  -     requested: [
  -       {
  -         id: 'ffffffffffffffffffffffffffffffffffffffff',
  -         parents: [],
  -         payload: {
  -           text: '新事实-é'
  -         },
  -         payloadRefs: [],
  -         stream: 'proof/lock-acquire/new',
  -         type: 'JobRequested'
  -       }
  -     ]
  -   },
  -   ok: false
    }
  
      at TestContext.<anonymous> (file:///Users/yuanxi/Workwork/vibe-fs/requirements/durable-events/tests/006.test.mjs:46:16)
      at process.processTicksAndRejections (node:internal/process/task_queues:103:5)
      at async Test.run (node:internal/test_runner/test:1054:7)
      at async Test.processPendingSubtests (node:internal/test_runner/test:744:7)

[verification-test-start] {"pid":36935,"parentPid":36934,"entryFile":"/Users/yuanxi/Workwork/vibe-fs/requirements/durable-events/tests/006.test.mjs","name":"WHAT[durable-events-006] actual_before-directory_preserves_preparation_rejection_and_independent_cold_facts","fullName":"WHAT[durable-events-006] actual_before-directory_preserves_preparation_rejection_and_independent_cold_facts"}
[verification-test-start] {"pid":36935,"parentPid":36934,"entryFile":"/Users/yuanxi/Workwork/vibe-fs/requirements/durable-events/tests/006.test.mjs","name":"WHAT[durable-events-006] actual_mixed-release_preserves_preparation_rejection_and_independent_cold_facts","fullName":"WHAT[durable-events-006] actual_mixed-release_preserves_preparation_rejection_and_independent_cold_facts"}
[verification-test-start] {"pid":36935,"parentPid":36934,"entryFile":"/Users/yuanxi/Workwork/vibe-fs/requirements/durable-events/tests/006.test.mjs","name":"WHAT[durable-events-006] actual_cut-release_preserves_preparation_rejection_and_independent_cold_facts","fullName":"WHAT[durable-events-006] actual_cut-release_preserves_preparation_rejection_and_independent_cold_facts"}
[verification-test-start] {"pid":36935,"parentPid":36934,"entryFile":"/Users/yuanxi/Workwork/vibe-fs/requirements/durable-events/tests/006.test.mjs","name":"WHAT[durable-events-006] actual_validation-release_preserves_preparation_rejection_and_independent_cold_facts","fullName":"WHAT[durable-events-006] actual_validation-release_preserves_preparation_rejection_and_independent_cold_facts"}
[verification-test-start] {"pid":36935,"parentPid":36934,"entryFile":"/Users/yuanxi/Workwork/vibe-fs/requirements/durable-events/tests/006.test.mjs","name":"WHAT[durable-events-006] actual_preparation-random_preserves_preparation_rejection_and_independent_cold_facts","fullName":"WHAT[durable-events-006] actual_preparation-random_preserves_preparation_rejection_and_independent_cold_facts"}
[verification-test-start] {"pid":36935,"parentPid":36934,"entryFile":"/Users/yuanxi/Workwork/vibe-fs/requirements/durable-events/tests/006.test.mjs","name":"WHAT[durable-events-006] actual_journal_initialization-release_keeps_business_fate_poison_and_waiters_separate","fullName":"WHAT[durable-events-006] actual_journal_initialization-release_keeps_business_fate_poison_and_waiters_separate"}
[verification-test-start] {"pid":36935,"parentPid":36934,"entryFile":"/Users/yuanxi/Workwork/vibe-fs/requirements/durable-events/tests/006.test.mjs","name":"WHAT[durable-events-006] actual_journal_business-release_keeps_business_fate_poison_and_waiters_separate","fullName":"WHAT[durable-events-006] actual_journal_business-release_keeps_business_fate_poison_and_waiters_separate"}
[verification-test-start] {"pid":36935,"parentPid":36934,"entryFile":"/Users/yuanxi/Workwork/vibe-fs/requirements/durable-events/tests/006.test.mjs","name":"WHAT[durable-events-006] actual_journal_initialization-fsync_keeps_business_fate_poison_and_waiters_separate","fullName":"WHAT[durable-events-006] actual_journal_initialization-fsync_keeps_business_fate_poison_and_waiters_separate"}
[verification-test-start] {"pid":36935,"parentPid":36934,"entryFile":"/Users/yuanxi/Workwork/vibe-fs/requirements/durable-events/tests/006.test.mjs","name":"WHAT[durable-events-006] actual_journal_business-fsync_keeps_business_fate_poison_and_waiters_separate","fullName":"WHAT[durable-events-006] actual_journal_business-fsync_keeps_business_fate_poison_and_waiters_separate"}
[verification-test-start] {"pid":36935,"parentPid":36934,"entryFile":"/Users/yuanxi/Workwork/vibe-fs/requirements/durable-events/tests/006.test.mjs","name":"WHAT[durable-events-006] duplicate_same_identity_is_idempotent_but_collision_is_rejected","fullName":"WHAT[durable-events-006] duplicate_same_identity_is_idempotent_but_collision_is_rejected"}
[verification-test-start] {"pid":36935,"parentPid":36934,"entryFile":"/Users/yuanxi/Workwork/vibe-fs/requirements/durable-events/tests/006.test.mjs","name":"WHAT[durable-events-006] append_adds_one_local_line_and_Current_is_already_integrated","fullName":"WHAT[durable-events-006] append_adds_one_local_line_and_Current_is_already_integrated"}
[verification-test-start] {"pid":36935,"parentPid":36934,"entryFile":"/Users/yuanxi/Workwork/vibe-fs/requirements/durable-events/tests/006.test.mjs","name":"WHAT[durable-events-006] actual_append_settlement_preserves_normal_physical_facts_and_cause","fullName":"WHAT[durable-events-006] actual_append_settlement_preserves_normal_physical_facts_and_cause"}
[verification-test-start] {"pid":36935,"parentPid":36934,"entryFile":"/Users/yuanxi/Workwork/vibe-fs/requirements/durable-events/tests/006.test.mjs","name":"WHAT[durable-events-006] actual_append_settlement_preserves_fresh-release_physical_facts_and_cause","fullName":"WHAT[durable-events-006] actual_append_settlement_preserves_fresh-release_physical_facts_and_cause"}
[verification-test-start] {"pid":36935,"parentPid":36934,"entryFile":"/Users/yuanxi/Workwork/vibe-fs/requirements/durable-events/tests/006.test.mjs","name":"WHAT[durable-events-006] actual_append_settlement_preserves_duplicate-release_physical_facts_and_cause","fullName":"WHAT[durable-events-006] actual_append_settlement_preserves_duplicate-release_physical_facts_and_cause"}
[verification-test-start] {"pid":36935,"parentPid":36934,"entryFile":"/Users/yuanxi/Workwork/vibe-fs/requirements/durable-events/tests/006.test.mjs","name":"WHAT[durable-events-006] actual_append_settlement_preserves_empty-release_physical_facts_and_cause","fullName":"WHAT[durable-events-006] actual_append_settlement_preserves_empty-release_physical_facts_and_cause"}
[verification-test-start] {"pid":36935,"parentPid":36934,"entryFile":"/Users/yuanxi/Workwork/vibe-fs/requirements/durable-events/tests/006.test.mjs","name":"WHAT[durable-events-006] actual_append_settlement_preserves_append_physical_facts_and_cause","fullName":"WHAT[durable-events-006] actual_append_settlement_preserves_append_physical_facts_and_cause"}
[verification-test-start] {"pid":36935,"parentPid":36934,"entryFile":"/Users/yuanxi/Workwork/vibe-fs/requirements/durable-events/tests/006.test.mjs","name":"WHAT[durable-events-006] actual_append_settlement_preserves_open_physical_facts_and_cause","fullName":"WHAT[durable-events-006] actual_append_settlement_preserves_open_physical_facts_and_cause"}
[verification-test-start] {"pid":36935,"parentPid":36934,"entryFile":"/Users/yuanxi/Workwork/vibe-fs/requirements/durable-events/tests/006.test.mjs","name":"WHAT[durable-events-006] actual_append_settlement_preserves_fsync_physical_facts_and_cause","fullName":"WHAT[durable-events-006] actual_append_settlement_preserves_fsync_physical_facts_and_cause"}
[verification-test-start] {"pid":36935,"parentPid":36934,"entryFile":"/Users/yuanxi/Workwork/vibe-fs/requirements/durable-events/tests/006.test.mjs","name":"WHAT[durable-events-006] actual_append_settlement_preserves_close_physical_facts_and_cause","fullName":"WHAT[durable-events-006] actual_append_settlement_preserves_close_physical_facts_and_cause"}
[verification-test-start] {"pid":36935,"parentPid":36934,"entryFile":"/Users/yuanxi/Workwork/vibe-fs/requirements/durable-events/tests/006.test.mjs","name":"WHAT[durable-events-006] actual_append_settlement_preserves_current-before_physical_facts_and_cause","fullName":"WHAT[durable-events-006] actual_append_settlement_preserves_current-before_physical_facts_and_cause"}
[verification-test-start] {"pid":36935,"parentPid":36934,"entryFile":"/Users/yuanxi/Workwork/vibe-fs/requirements/durable-events/tests/006.test.mjs","name":"WHAT[durable-events-006] actual_append_settlement_preserves_current-after_physical_facts_and_cause","fullName":"WHAT[durable-events-006] actual_append_settlement_preserves_current-after_physical_facts_and_cause"}
[verification-test-start] {"pid":36935,"parentPid":36934,"entryFile":"/Users/yuanxi/Workwork/vibe-fs/requirements/durable-events/tests/006.test.mjs","name":"WHAT[durable-events-006] actual_append_settlement_preserves_fsync-close-release_physical_facts_and_cause","fullName":"WHAT[durable-events-006] actual_append_settlement_preserves_fsync-close-release_physical_facts_and_cause"}
[verification-worker-cost] {"version":1,"phase":"exit","sequence":1,"entryFile":"/Users/yuanxi/Workwork/vibe-fs/requirements/durable-events/tests/006.test.mjs","pid":36935,"parentPid":36934,"monotonicMs":7399.59225,"cpuUserMicros":254115,"cpuSystemMicros":55005,"exitCode":1}
runner: file lifecycle {"entryFile":"/Users/yuanxi/Workwork/vibe-fs/requirements/durable-events/tests/006.test.mjs","type":"runner:file-drained","elapsedMs":7443.069417000001}
runner: worker cost {"version":1,"entryFile":"/Users/yuanxi/Workwork/vibe-fs/requirements/durable-events/tests/006.test.mjs","enabled":true,"pid":36935,"status":"complete","reason":null,"preImport":{"version":1,"phase":"pre-import","sequence":0,"entryFile":"/Users/yuanxi/Workwork/vibe-fs/requirements/durable-events/tests/006.test.mjs","pid":36935,"parentPid":36934,"monotonicMs":14.872958,"cpuUserMicros":20130,"cpuSystemMicros":3429},"exit":{"version":1,"phase":"exit","sequence":1,"entryFile":"/Users/yuanxi/Workwork/vibe-fs/requirements/durable-events/tests/006.test.mjs","pid":36935,"parentPid":36934,"monotonicMs":7399.59225,"cpuUserMicros":254115,"cpuSystemMicros":55005,"exitCode":1},"interval":{"clockPid":36935,"wallMs":7384.719292,"cpuUserMicros":233985,"cpuSystemMicros":51576}}

[test-summary] 1 file(s), 24 passed, 3 failed (7.42s wall, 7.37s test time)
runner: post-exit group verification/reclamation: pid=36934; elapsedMs=15.260; accepted=true
runner: 27 test(s), 7.4s of test time; max 400ms, p90 322ms, median 268ms
runner:     400ms  WHAT[durable-events-006] actual_lock_mkdir-eacces_distinguishes_contention_from_unattempted_io
runner:     346ms  WHAT[durable-events-006] actual_lock_busy-eacces_distinguishes_contention_from_unattempted_io
runner:     322ms  WHAT[durable-events-006] actual_journal_initialization-fsync_keeps_business_fate_poison_and_waiters_separate
runner:     312ms  WHAT[durable-events-006] actual_lock_mkdir-eio_distinguishes_contention_from_unattempted_io
runner:     310ms  WHAT[durable-events-006] actual_journal_business-release_keeps_business_fate_poison_and_waiters_separate

runner: 24 passed, 3 failed; 1/1 planned file(s) completed
Error: runner: supervised suite failed (exit 1)
    at fail (file:///Users/yuanxi/Workwork/vibe-fs/requirements/verification-system/tests/e2e/support/supervise-node-test.mjs:258:25)
    at superviseOwnedNodeTest (file:///Users/yuanxi/Workwork/vibe-fs/requirements/verification-system/tests/e2e/support/supervise-node-test.mjs:486:19)
    at process.processTicksAndRejections (node:internal/process/task_queues:103:5)
    at async superviseNodeTest (file:///Users/yuanxi/Workwork/vibe-fs/requirements/verification-system/tests/e2e/support/supervise-node-test.mjs:235:14)
    at async file:///Users/yuanxi/Workwork/vibe-fs/requirements/verification-system/tests/run.mjs:94:1 {
  exitCode: 1,
  [cause]: undefined
}
