runner: scoped 使用 TESTS_MJS_FILES=4 files
runner: build is current (1803 sources, 885 artifacts)
runner: discovery OVERRIDDEN by TESTS_MJS_FILES (4 file(s))
runner: 4 test file(s), 5000ms verdict-silence window
runner: file lifecycle {"entryFile":"/Users/yuanxi/Workwork/vibe-fs/requirements/speculative-investigation/tests/015.test.mjs","pid":2851,"parentPid":2717,"type":"runner:file-start","elapsedMs":31.283916999999974}
runner: file lifecycle {"entryFile":"/Users/yuanxi/Workwork/vibe-fs/requirements/durable-events/tests/026.test.mjs","pid":2851,"parentPid":2717,"type":"runner:file-start","elapsedMs":32.22829200000001}
runner: file lifecycle {"entryFile":"/Users/yuanxi/Workwork/vibe-fs/requirements/js-semantic-surface/tests/002.test.mjs","pid":2851,"parentPid":2717,"type":"runner:file-start","elapsedMs":33.500208999999984}
runner: file lifecycle {"entryFile":"/Users/yuanxi/Workwork/vibe-fs/requirements/requirement-system/tests/017.test.mjs","pid":2851,"parentPid":2717,"type":"runner:file-start","elapsedMs":33.993124999999964}
[verification-worker-cost] {"version":1,"phase":"pre-import","sequence":0,"entryFile":"/Users/yuanxi/Workwork/vibe-fs/requirements/speculative-investigation/tests/015.test.mjs","pid":2852,"parentPid":2851,"monotonicMs":16.72825,"cpuUserMicros":22590,"cpuSystemMicros":3836}
[verification-worker-cost] {"version":1,"phase":"pre-import","sequence":0,"entryFile":"/Users/yuanxi/Workwork/vibe-fs/requirements/js-semantic-surface/tests/002.test.mjs","pid":2854,"parentPid":2851,"monotonicMs":14.691708,"cpuUserMicros":20532,"cpuSystemMicros":3211}
[verification-worker-cost] {"version":1,"phase":"pre-import","sequence":0,"entryFile":"/Users/yuanxi/Workwork/vibe-fs/requirements/durable-events/tests/026.test.mjs","pid":2853,"parentPid":2851,"monotonicMs":16.475833,"cpuUserMicros":22461,"cpuSystemMicros":3226}
[verification-worker-cost] {"version":1,"phase":"pre-import","sequence":0,"entryFile":"/Users/yuanxi/Workwork/vibe-fs/requirements/requirement-system/tests/017.test.mjs","pid":2855,"parentPid":2851,"monotonicMs":16.149,"cpuUserMicros":21991,"cpuSystemMicros":3169}
node:internal/test_runner/harness:99
      throw err;
      ^

Error [ERR_MODULE_NOT_FOUND]: Cannot find module '/Users/yuanxi/Workwork/vibe-fs/requirements/durable-events/tests/026.test.mjs' imported from /Users/yuanxi/Workwork/vibe-fs/
    at finalizeResolution (node:internal/modules/esm/resolve:275:11)
    at moduleResolve (node:internal/modules/esm/resolve:865:10)
    at defaultResolve (node:internal/modules/esm/resolve:989:11)
    at #cachedDefaultResolve (node:internal/modules/esm/loader:747:20)
    at ModuleLoader.resolve (node:internal/modules/esm/loader:724:38)
    at ModuleLoader.getModuleJobForImport (node:internal/modules/esm/loader:320:38)
    at onImport.tracePromise.__proto__ (node:internal/modules/esm/loader:680:36)
    at TracingChannel.tracePromise (node:diagnostics_channel:350:14)
    at ModuleLoader.import (node:internal/modules/esm/loader:679:21)
    at node:internal/modules/run_main:179:35 {
  code: 'ERR_MODULE_NOT_FOUND',
  url: 'file:///Users/yuanxi/Workwork/vibe-fs/requirements/durable-events/tests/026.test.mjs'
}

Node.js v22.23.3

✖ failing tests:

test at /Users/yuanxi/Workwork/vibe-fs/requirements/durable-events/tests/026.test.mjs:1:1
✖ /Users/yuanxi/Workwork/vibe-fs/requirements/durable-events/tests/026.test.mjs (32.607ms)
  'test failed'

runner: file lifecycle {"entryFile":"/Users/yuanxi/Workwork/vibe-fs/requirements/durable-events/tests/026.test.mjs","type":"runner:file-drained","elapsedMs":65.25824999999998}
runner: worker cost {"version":1,"entryFile":"/Users/yuanxi/Workwork/vibe-fs/requirements/durable-events/tests/026.test.mjs","enabled":true,"pid":2853,"status":"missing","reason":"Exit observation not received","preImport":{"version":1,"phase":"pre-import","sequence":0,"entryFile":"/Users/yuanxi/Workwork/vibe-fs/requirements/durable-events/tests/026.test.mjs","pid":2853,"parentPid":2851,"monotonicMs":16.475833,"cpuUserMicros":22461,"cpuSystemMicros":3226},"exit":null,"interval":null}
[verification-test-start] {"pid":2854,"parentPid":2851,"entryFile":"/Users/yuanxi/Workwork/vibe-fs/requirements/js-semantic-surface/tests/002.test.mjs","name":"WHAT[js-semantic-surface-002] the current semantic zone passes the implemented boundary gate","fullName":"WHAT[js-semantic-surface-002] the current semantic zone passes the implemented boundary gate"}
[verification-test-start] {"pid":2855,"parentPid":2851,"entryFile":"/Users/yuanxi/Workwork/vibe-fs/requirements/requirement-system/tests/017.test.mjs","name":"WHAT[requirement-system-017] the executable verifier scans the complete requirements tree","fullName":"WHAT[requirement-system-017] the executable verifier scans the complete requirements tree"}
[verification-test-start] {"pid":2852,"parentPid":2851,"entryFile":"/Users/yuanxi/Workwork/vibe-fs/requirements/speculative-investigation/tests/015.test.mjs","name":"WHAT[speculative-investigation-015] STRENGTH_015_classifier_separates_legacy_current_and_non_strength","fullName":"WHAT[speculative-investigation-015] STRENGTH_015_classifier_separates_legacy_current_and_non_strength"}
[verification-test-start] {"pid":2852,"parentPid":2851,"entryFile":"/Users/yuanxi/Workwork/vibe-fs/requirements/speculative-investigation/tests/015.test.mjs","name":"WHAT[speculative-investigation-015] STRENGTH_015_a_non_tier_budget_field_is_not_legacy_evidence","fullName":"WHAT[speculative-investigation-015] STRENGTH_015_a_non_tier_budget_field_is_not_legacy_evidence"}
[verification-test-start] {"pid":2852,"parentPid":2851,"entryFile":"/Users/yuanxi/Workwork/vibe-fs/requirements/speculative-investigation/tests/015.test.mjs","name":"WHAT[speculative-investigation-015] STRENGTH_015_a_current_prepared_is_refused_as_unchanged_protocol","fullName":"WHAT[speculative-investigation-015] STRENGTH_015_a_current_prepared_is_refused_as_unchanged_protocol"}
[verification-test-start] {"pid":2852,"parentPid":2851,"entryFile":"/Users/yuanxi/Workwork/vibe-fs/requirements/speculative-investigation/tests/015.test.mjs","name":"WHAT[speculative-investigation-015] STRENGTH_015_unmigrated_store_is_refused_with_migration_guidance","fullName":"WHAT[speculative-investigation-015] STRENGTH_015_unmigrated_store_is_refused_with_migration_guidance"}
[verification-test-start] {"pid":2852,"parentPid":2851,"entryFile":"/Users/yuanxi/Workwork/vibe-fs/requirements/speculative-investigation/tests/015.test.mjs","name":"WHAT[speculative-investigation-015] STRENGTH_015_non_strength_events_are_not_blocked_by_the_strength_entry_check","fullName":"WHAT[speculative-investigation-015] STRENGTH_015_non_strength_events_are_not_blocked_by_the_strength_entry_check"}
[verification-test-start] {"pid":2852,"parentPid":2851,"entryFile":"/Users/yuanxi/Workwork/vibe-fs/requirements/speculative-investigation/tests/015.test.mjs","name":"WHAT[speculative-investigation-015] STRENGTH_015_migration_is_not_a_runtime_side_effect_on_read","fullName":"WHAT[speculative-investigation-015] STRENGTH_015_migration_is_not_a_runtime_side_effect_on_read"}
[verification-test-start] {"pid":2852,"parentPid":2851,"entryFile":"/Users/yuanxi/Workwork/vibe-fs/requirements/speculative-investigation/tests/015.test.mjs","name":"WHAT[speculative-investigation-015] STRENGTH_015_legacy_envelope_reader_returns_the_pre_protocol_view_or_null","fullName":"WHAT[speculative-investigation-015] STRENGTH_015_legacy_envelope_reader_returns_the_pre_protocol_view_or_null"}
[verification-test-start] {"pid":2852,"parentPid":2851,"entryFile":"/Users/yuanxi/Workwork/vibe-fs/requirements/speculative-investigation/tests/015.test.mjs","name":"WHAT[speculative-investigation-015] STRENGTH_015_promoted_history_becomes_adopted_material_with_its_trace_coverage","fullName":"WHAT[speculative-investigation-015] STRENGTH_015_promoted_history_becomes_adopted_material_with_its_trace_coverage"}
[verification-test-start] {"pid":2852,"parentPid":2851,"entryFile":"/Users/yuanxi/Workwork/vibe-fs/requirements/speculative-investigation/tests/015.test.mjs","name":"WHAT[speculative-investigation-015] STRENGTH_015_unconsumed_prepared_and_abandoned_decisions_are_relinquished_with_reasons","fullName":"WHAT[speculative-investigation-015] STRENGTH_015_unconsumed_prepared_and_abandoned_decisions_are_relinquished_with_reasons"}
[verification-test-start] {"pid":2852,"parentPid":2851,"entryFile":"/Users/yuanxi/Workwork/vibe-fs/requirements/speculative-investigation/tests/015.test.mjs","name":"WHAT[speculative-investigation-015] STRENGTH_015_traced_material_without_its_promotion_fails_the_plan_closed","fullName":"WHAT[speculative-investigation-015] STRENGTH_015_traced_material_without_its_promotion_fails_the_plan_closed"}
[verification-test-start] {"pid":2852,"parentPid":2851,"entryFile":"/Users/yuanxi/Workwork/vibe-fs/requirements/speculative-investigation/tests/015.test.mjs","name":"WHAT[speculative-investigation-015] STRENGTH_015_import_fact_mints_only_a_history_import_never_an_authorization","fullName":"WHAT[speculative-investigation-015] STRENGTH_015_import_fact_mints_only_a_history_import_never_an_authorization"}
[verification-test-start] {"pid":2852,"parentPid":2851,"entryFile":"/Users/yuanxi/Workwork/vibe-fs/requirements/speculative-investigation/tests/015.test.mjs","name":"WHAT[speculative-investigation-015] STRENGTH_015_a_changed_contract_revision_derives_a_different_import_identity","fullName":"WHAT[speculative-investigation-015] STRENGTH_015_a_changed_contract_revision_derives_a_different_import_identity"}
[verification-test-start] {"pid":2852,"parentPid":2851,"entryFile":"/Users/yuanxi/Workwork/vibe-fs/requirements/speculative-investigation/tests/015.test.mjs","name":"WHAT[speculative-investigation-015] STRENGTH_015_imported_history_folds_as_evidence_and_never_as_an_admission","fullName":"WHAT[speculative-investigation-015] STRENGTH_015_imported_history_folds_as_evidence_and_never_as_an_admission"}
[verification-test-start] {"pid":2852,"parentPid":2851,"entryFile":"/Users/yuanxi/Workwork/vibe-fs/requirements/speculative-investigation/tests/015.test.mjs","name":"WHAT[speculative-investigation-015] STRENGTH_015_the_migration_script_rejects_an_unregistered_input_version","fullName":"WHAT[speculative-investigation-015] STRENGTH_015_the_migration_script_rejects_an_unregistered_input_version"}
[verification-test-start] {"pid":2852,"parentPid":2851,"entryFile":"/Users/yuanxi/Workwork/vibe-fs/requirements/speculative-investigation/tests/015.test.mjs","name":"WHAT[speculative-investigation-015] STRENGTH_015_the_migration_script_rejects_an_unregistered_contract_revision","fullName":"WHAT[speculative-investigation-015] STRENGTH_015_the_migration_script_rejects_an_unregistered_contract_revision"}
[verification-test-start] {"pid":2852,"parentPid":2851,"entryFile":"/Users/yuanxi/Workwork/vibe-fs/requirements/speculative-investigation/tests/015.test.mjs","name":"WHAT[speculative-investigation-015] STRENGTH_015_the_registered_version_path_still_dry_runs_the_full_plan","fullName":"WHAT[speculative-investigation-015] STRENGTH_015_the_registered_version_path_still_dry_runs_the_full_plan"}
[verification-test-start] {"pid":2852,"parentPid":2851,"entryFile":"/Users/yuanxi/Workwork/vibe-fs/requirements/speculative-investigation/tests/015.test.mjs","name":"WHAT[speculative-investigation-015] invalid version refusal precedes a missing dist runtime","fullName":"WHAT[speculative-investigation-015] invalid version refusal precedes a missing dist runtime"}
[verification-test-start] {"pid":2852,"parentPid":2851,"entryFile":"/Users/yuanxi/Workwork/vibe-fs/requirements/speculative-investigation/tests/015.test.mjs","name":"WHAT[speculative-investigation-015] STRENGTH_015_the_migration_registry_matches_the_runtime_contract","fullName":"WHAT[speculative-investigation-015] STRENGTH_015_the_migration_registry_matches_the_runtime_contract"}
[verification-worker-cost] {"version":1,"phase":"exit","sequence":1,"entryFile":"/Users/yuanxi/Workwork/vibe-fs/requirements/speculative-investigation/tests/015.test.mjs","pid":2852,"parentPid":2851,"monotonicMs":443.129833,"cpuUserMicros":226655,"cpuSystemMicros":43464,"exitCode":0}
runner: file lifecycle {"entryFile":"/Users/yuanxi/Workwork/vibe-fs/requirements/speculative-investigation/tests/015.test.mjs","type":"runner:file-drained","elapsedMs":487.23345900000004}
runner: worker cost {"version":1,"entryFile":"/Users/yuanxi/Workwork/vibe-fs/requirements/speculative-investigation/tests/015.test.mjs","enabled":true,"pid":2852,"status":"complete","reason":null,"preImport":{"version":1,"phase":"pre-import","sequence":0,"entryFile":"/Users/yuanxi/Workwork/vibe-fs/requirements/speculative-investigation/tests/015.test.mjs","pid":2852,"parentPid":2851,"monotonicMs":16.72825,"cpuUserMicros":22590,"cpuSystemMicros":3836},"exit":{"version":1,"phase":"exit","sequence":1,"entryFile":"/Users/yuanxi/Workwork/vibe-fs/requirements/speculative-investigation/tests/015.test.mjs","pid":2852,"parentPid":2851,"monotonicMs":443.129833,"cpuUserMicros":226655,"cpuSystemMicros":43464,"exitCode":0},"interval":{"clockPid":2852,"wallMs":426.401583,"cpuUserMicros":204065,"cpuSystemMicros":39628}}
[verification-test-start] {"pid":2855,"parentPid":2851,"entryFile":"/Users/yuanxi/Workwork/vibe-fs/requirements/requirement-system/tests/017.test.mjs","name":"WHAT[requirement-system-017] a deleted clause reports its surviving test, including nested files","fullName":"WHAT[requirement-system-017] a deleted clause reports its surviving test, including nested files"}
[verification-worker-cost] {"version":1,"phase":"exit","sequence":1,"entryFile":"/Users/yuanxi/Workwork/vibe-fs/requirements/requirement-system/tests/017.test.mjs","pid":2855,"parentPid":2851,"monotonicMs":537.533292,"cpuUserMicros":941651,"cpuSystemMicros":43626,"exitCode":0}
runner: file lifecycle {"entryFile":"/Users/yuanxi/Workwork/vibe-fs/requirements/requirement-system/tests/017.test.mjs","type":"runner:file-drained","elapsedMs":584.7351669999999}
runner: worker cost {"version":1,"entryFile":"/Users/yuanxi/Workwork/vibe-fs/requirements/requirement-system/tests/017.test.mjs","enabled":true,"pid":2855,"status":"complete","reason":null,"preImport":{"version":1,"phase":"pre-import","sequence":0,"entryFile":"/Users/yuanxi/Workwork/vibe-fs/requirements/requirement-system/tests/017.test.mjs","pid":2855,"parentPid":2851,"monotonicMs":16.149,"cpuUserMicros":21991,"cpuSystemMicros":3169},"exit":{"version":1,"phase":"exit","sequence":1,"entryFile":"/Users/yuanxi/Workwork/vibe-fs/requirements/requirement-system/tests/017.test.mjs","pid":2855,"parentPid":2851,"monotonicMs":537.533292,"cpuUserMicros":941651,"cpuSystemMicros":43626,"exitCode":0},"interval":{"clockPid":2855,"wallMs":521.384292,"cpuUserMicros":919660,"cpuSystemMicros":40457}}
js-boundary-gate: OK — 0 debt line(s) across 0 file(s)
[verification-test-start] {"pid":2854,"parentPid":2851,"entryFile":"/Users/yuanxi/Workwork/vibe-fs/requirements/js-semantic-surface/tests/002.test.mjs","name":"WHAT[js-semantic-surface-002] the same gate accepts a registered public import and rejects an internal module","fullName":"WHAT[js-semantic-surface-002] the same gate accepts a registered public import and rejects an internal module"}
js-boundary-gate: OK — 0 debt line(s) across 0 file(s)
js-boundary-gate: 1 violation(s) across 1 file(s)
  ../../../../var/folders/g_/3ydzn7kx5lg9ylq8fd9p_13r0000gn/T/js-surface-PB0w5w/requirements/consumer/tests/support/api.mjs:1 [deep-dist-import] import * as api from '../../../../dist/Internal/Unregistered.js'
[verification-test-start] {"pid":2854,"parentPid":2851,"entryFile":"/Users/yuanxi/Workwork/vibe-fs/requirements/js-semantic-surface/tests/002.test.mjs","name":"WHAT[js-semantic-surface-002] module discovery, generated-name probing and runtime representation access are detected","fullName":"WHAT[js-semantic-surface-002] module discovery, generated-name probing and runtime representation access are detected"}
[verification-test-start] {"pid":2854,"parentPid":2851,"entryFile":"/Users/yuanxi/Workwork/vibe-fs/requirements/js-semantic-surface/tests/002.test.mjs","name":"WHAT[js-semantic-surface-002] a template that chooses an unregistered compiled module is detected","fullName":"WHAT[js-semantic-surface-002] a template that chooses an unregistered compiled module is detected"}
[verification-test-start] {"pid":2854,"parentPid":2851,"entryFile":"/Users/yuanxi/Workwork/vibe-fs/requirements/js-semantic-surface/tests/002.test.mjs","name":"WHAT[js-semantic-surface-002] ordinary data enumeration and standard function binding remain legal","fullName":"WHAT[js-semantic-surface-002] ordinary data enumeration and standard function binding remain legal"}
[verification-test-start] {"pid":2854,"parentPid":2851,"entryFile":"/Users/yuanxi/Workwork/vibe-fs/requirements/js-semantic-surface/tests/002.test.mjs","name":"WHAT[js-semantic-surface-002] native fixture fields and standard object spread are not runtime representation access","fullName":"WHAT[js-semantic-surface-002] native fixture fields and standard object spread are not runtime representation access"}
[verification-test-start] {"pid":2854,"parentPid":2851,"entryFile":"/Users/yuanxi/Workwork/vibe-fs/requirements/js-semantic-surface/tests/002.test.mjs","name":"WHAT[js-semantic-surface-002] accepts plain DTO through the actual gate","fullName":"WHAT[js-semantic-surface-002] native fixture fields and standard object spread are not runtime representation access > WHAT[js-semantic-surface-002] accepts plain DTO through the actual gate"}
js-boundary-gate: OK — 0 debt line(s) across 0 file(s)
[verification-test-start] {"pid":2854,"parentPid":2851,"entryFile":"/Users/yuanxi/Workwork/vibe-fs/requirements/js-semantic-surface/tests/002.test.mjs","name":"WHAT[js-semantic-surface-002] accepts object spread through the actual gate","fullName":"WHAT[js-semantic-surface-002] native fixture fields and standard object spread are not runtime representation access > WHAT[js-semantic-surface-002] accepts object spread through the actual gate"}
js-boundary-gate: OK — 0 debt line(s) across 0 file(s)
[verification-test-start] {"pid":2854,"parentPid":2851,"entryFile":"/Users/yuanxi/Workwork/vibe-fs/requirements/js-semantic-surface/tests/002.test.mjs","name":"WHAT[js-semantic-surface-002] accepts static fixture loop through the actual gate","fullName":"WHAT[js-semantic-surface-002] native fixture fields and standard object spread are not runtime representation access > WHAT[js-semantic-surface-002] accepts static fixture loop through the actual gate"}
js-boundary-gate: OK — 0 debt line(s) across 0 file(s)
[verification-test-start] {"pid":2854,"parentPid":2851,"entryFile":"/Users/yuanxi/Workwork/vibe-fs/requirements/js-semantic-surface/tests/002.test.mjs","name":"WHAT[js-semantic-surface-002] imported runtime and unproved fields receivers remain forbidden","fullName":"WHAT[js-semantic-surface-002] imported runtime and unproved fields receivers remain forbidden"}
[verification-test-start] {"pid":2854,"parentPid":2851,"entryFile":"/Users/yuanxi/Workwork/vibe-fs/requirements/js-semantic-surface/tests/002.test.mjs","name":"WHAT[js-semantic-surface-002] rejects imported namespace at the representation boundary","fullName":"WHAT[js-semantic-surface-002] imported runtime and unproved fields receivers remain forbidden > WHAT[js-semantic-surface-002] rejects imported namespace at the representation boundary"}
js-boundary-gate: 1 violation(s) across 1 file(s)
  ../../../../var/folders/g_/3ydzn7kx5lg9ylq8fd9p_13r0000gn/T/js-surface-NpFTHY/requirements/consumer/tests/001.test.mjs:3 [du-shape] export const value = api.fields
[verification-test-start] {"pid":2854,"parentPid":2851,"entryFile":"/Users/yuanxi/Workwork/vibe-fs/requirements/js-semantic-surface/tests/002.test.mjs","name":"WHAT[js-semantic-surface-002] rejects imported result at the representation boundary","fullName":"WHAT[js-semantic-surface-002] imported runtime and unproved fields receivers remain forbidden > WHAT[js-semantic-surface-002] rejects imported result at the representation boundary"}
js-boundary-gate: 1 violation(s) across 1 file(s)
  ../../../../var/folders/g_/3ydzn7kx5lg9ylq8fd9p_13r0000gn/T/js-surface-hMuY1z/requirements/consumer/tests/001.test.mjs:4 [du-shape] export const value = data.fields
[verification-test-start] {"pid":2854,"parentPid":2851,"entryFile":"/Users/yuanxi/Workwork/vibe-fs/requirements/js-semantic-surface/tests/002.test.mjs","name":"WHAT[js-semantic-surface-002] rejects unknown parameter at the representation boundary","fullName":"WHAT[js-semantic-surface-002] imported runtime and unproved fields receivers remain forbidden > WHAT[js-semantic-surface-002] rejects unknown parameter at the representation boundary"}
js-boundary-gate: 1 violation(s) across 1 file(s)
  ../../../../var/folders/g_/3ydzn7kx5lg9ylq8fd9p_13r0000gn/T/js-surface-neLhwV/requirements/consumer/tests/001.test.mjs:1 [du-shape] export const read = value => value.fields
[verification-test-start] {"pid":2854,"parentPid":2851,"entryFile":"/Users/yuanxi/Workwork/vibe-fs/requirements/js-semantic-surface/tests/002.test.mjs","name":"WHAT[js-semantic-surface-002] rejects shadowed native name at the representation boundary","fullName":"WHAT[js-semantic-surface-002] imported runtime and unproved fields receivers remain forbidden > WHAT[js-semantic-surface-002] rejects shadowed native name at the representation boundary"}
js-boundary-gate: 1 violation(s) across 1 file(s)
  ../../../../var/folders/g_/3ydzn7kx5lg9ylq8fd9p_13r0000gn/T/js-surface-VFqI5p/requirements/consumer/tests/001.test.mjs:2 [du-shape] export function read(data) { return data.fields }
[verification-test-start] {"pid":2854,"parentPid":2851,"entryFile":"/Users/yuanxi/Workwork/vibe-fs/requirements/js-semantic-surface/tests/002.test.mjs","name":"WHAT[js-semantic-surface-002] rejects mixed fixture array at the representation boundary","fullName":"WHAT[js-semantic-surface-002] imported runtime and unproved fields receivers remain forbidden > WHAT[js-semantic-surface-002] rejects mixed fixture array at the representation boundary"}
js-boundary-gate: 1 violation(s) across 1 file(s)
  ../../../../var/folders/g_/3ydzn7kx5lg9ylq8fd9p_13r0000gn/T/js-surface-JL0Srt/requirements/consumer/tests/001.test.mjs:4 [du-shape] for (const scenario of scenarios) console.log(scenario.fields)
[verification-test-start] {"pid":2854,"parentPid":2851,"entryFile":"/Users/yuanxi/Workwork/vibe-fs/requirements/js-semantic-surface/tests/002.test.mjs","name":"WHAT[js-semantic-surface-002] rejects mutated fixture array at the representation boundary","fullName":"WHAT[js-semantic-surface-002] imported runtime and unproved fields receivers remain forbidden > WHAT[js-semantic-surface-002] rejects mutated fixture array at the representation boundary"}
js-boundary-gate: 1 violation(s) across 1 file(s)
  ../../../../var/folders/g_/3ydzn7kx5lg9ylq8fd9p_13r0000gn/T/js-surface-MyGpfn/requirements/consumer/tests/001.test.mjs:5 [du-shape] for (const scenario of scenarios) console.log(scenario.fields)
[verification-test-start] {"pid":2854,"parentPid":2851,"entryFile":"/Users/yuanxi/Workwork/vibe-fs/requirements/js-semantic-surface/tests/002.test.mjs","name":"WHAT[js-semantic-surface-002] rejects aliased runtime insertion at the representation boundary","fullName":"WHAT[js-semantic-surface-002] imported runtime and unproved fields receivers remain forbidden > WHAT[js-semantic-surface-002] rejects aliased runtime insertion at the representation boundary"}
js-boundary-gate: 1 violation(s) across 1 file(s)
  ../../../../var/folders/g_/3ydzn7kx5lg9ylq8fd9p_13r0000gn/T/js-surface-VLRmt6/requirements/consumer/tests/001.test.mjs:6 [du-shape] for (const scenario of scenarios) console.log(scenario.fields)
[verification-test-start] {"pid":2854,"parentPid":2851,"entryFile":"/Users/yuanxi/Workwork/vibe-fs/requirements/js-semantic-surface/tests/002.test.mjs","name":"WHAT[js-semantic-surface-002] rejects assigned alias runtime insertion at the representation boundary","fullName":"WHAT[js-semantic-surface-002] imported runtime and unproved fields receivers remain forbidden > WHAT[js-semantic-surface-002] rejects assigned alias runtime insertion at the representation boundary"}
js-boundary-gate: 1 violation(s) across 1 file(s)
  ../../../../var/folders/g_/3ydzn7kx5lg9ylq8fd9p_13r0000gn/T/js-surface-yY2mDs/requirements/consumer/tests/001.test.mjs:7 [du-shape] for (const scenario of scenarios) console.log(scenario.fields)
[verification-test-start] {"pid":2854,"parentPid":2851,"entryFile":"/Users/yuanxi/Workwork/vibe-fs/requirements/js-semantic-surface/tests/002.test.mjs","name":"WHAT[js-semantic-surface-002] rejects implicit return alias runtime insertion at the representation boundary","fullName":"WHAT[js-semantic-surface-002] imported runtime and unproved fields receivers remain forbidden > WHAT[js-semantic-surface-002] rejects implicit return alias runtime insertion at the representation boundary"}
js-boundary-gate: 1 violation(s) across 1 file(s)
  ../../../../var/folders/g_/3ydzn7kx5lg9ylq8fd9p_13r0000gn/T/js-surface-YClIyc/requirements/consumer/tests/001.test.mjs:7 [du-shape] for (const scenario of scenarios) console.log(scenario.fields)
[verification-test-start] {"pid":2854,"parentPid":2851,"entryFile":"/Users/yuanxi/Workwork/vibe-fs/requirements/js-semantic-surface/tests/002.test.mjs","name":"WHAT[js-semantic-surface-002] rejects escaped fixture container at the representation boundary","fullName":"WHAT[js-semantic-surface-002] imported runtime and unproved fields receivers remain forbidden > WHAT[js-semantic-surface-002] rejects escaped fixture container at the representation boundary"}
js-boundary-gate: 1 violation(s) across 1 file(s)
  ../../../../var/folders/g_/3ydzn7kx5lg9ylq8fd9p_13r0000gn/T/js-surface-2uvYM3/requirements/consumer/tests/001.test.mjs:5 [du-shape] for (const scenario of scenarios) console.log(scenario.fields)
[verification-test-start] {"pid":2854,"parentPid":2851,"entryFile":"/Users/yuanxi/Workwork/vibe-fs/requirements/js-semantic-surface/tests/002.test.mjs","name":"WHAT[js-semantic-surface-002] rejects computed runtime access at the representation boundary","fullName":"WHAT[js-semantic-surface-002] imported runtime and unproved fields receivers remain forbidden > WHAT[js-semantic-surface-002] rejects computed runtime access at the representation boundary"}
js-boundary-gate: 1 violation(s) across 1 file(s)
  ../../../../var/folders/g_/3ydzn7kx5lg9ylq8fd9p_13r0000gn/T/js-surface-Jds91T/requirements/consumer/tests/001.test.mjs:4 [du-shape] export const value = data["fields"]
[verification-worker-cost] {"version":1,"phase":"exit","sequence":1,"entryFile":"/Users/yuanxi/Workwork/vibe-fs/requirements/js-semantic-surface/tests/002.test.mjs","pid":2854,"parentPid":2851,"monotonicMs":1212.307875,"cpuUserMicros":1784424,"cpuSystemMicros":65649,"exitCode":0}
runner: file lifecycle {"entryFile":"/Users/yuanxi/Workwork/vibe-fs/requirements/js-semantic-surface/tests/002.test.mjs","type":"runner:file-drained","elapsedMs":1258.4789999999998}
runner: worker cost {"version":1,"entryFile":"/Users/yuanxi/Workwork/vibe-fs/requirements/js-semantic-surface/tests/002.test.mjs","enabled":true,"pid":2854,"status":"complete","reason":null,"preImport":{"version":1,"phase":"pre-import","sequence":0,"entryFile":"/Users/yuanxi/Workwork/vibe-fs/requirements/js-semantic-surface/tests/002.test.mjs","pid":2854,"parentPid":2851,"monotonicMs":14.691708,"cpuUserMicros":20532,"cpuSystemMicros":3211},"exit":{"version":1,"phase":"exit","sequence":1,"entryFile":"/Users/yuanxi/Workwork/vibe-fs/requirements/js-semantic-surface/tests/002.test.mjs","pid":2854,"parentPid":2851,"monotonicMs":1212.307875,"cpuUserMicros":1784424,"cpuSystemMicros":65649,"exitCode":0},"interval":{"clockPid":2854,"wallMs":1197.616167,"cpuUserMicros":1763892,"cpuSystemMicros":62438}}

[test-summary] 4 file(s), 41 passed, 0 failed, 1 failed containers (1.23s wall, 2.04s test time)
runner: post-exit group verification/reclamation: pid=2851; elapsedMs=15.688; accepted=true
runner: 41 test(s), 2.0s of test time; max 1159ms, p90 32ms, median 3ms
runner:    1159ms  WHAT[js-semantic-surface-002] the current semantic zone passes the implemented boundary gate
runner:     509ms  WHAT[requirement-system-017] the executable verifier scans the complete requirements tree
runner:     136ms  WHAT[speculative-investigation-015] STRENGTH_015_the_registered_version_path_still_dry_runs_the_full_plan
runner:      33ms  WHAT[speculative-investigation-015] STRENGTH_015_the_migration_script_rejects_an_unregistered_input_version
runner:      32ms  WHAT[speculative-investigation-015] STRENGTH_015_the_migration_script_rejects_an_unregistered_contract_revision

runner: 41 passed, 0 failed; 4/4 planned file(s) completed
runner: cancelled tests or failed containers prevent complete acceptance
Error: runner: supervised suite failed (exit 1)
    at fail (file:///Users/yuanxi/Workwork/vibe-fs/requirements/verification-system/tests/e2e/support/supervise-node-test.mjs:258:25)
    at superviseOwnedNodeTest (file:///Users/yuanxi/Workwork/vibe-fs/requirements/verification-system/tests/e2e/support/supervise-node-test.mjs:532:5)
    at process.processTicksAndRejections (node:internal/process/task_queues:103:5)
    at async superviseNodeTest (file:///Users/yuanxi/Workwork/vibe-fs/requirements/verification-system/tests/e2e/support/supervise-node-test.mjs:235:14)
    at async file:///Users/yuanxi/Workwork/vibe-fs/requirements/verification-system/tests/run.mjs:94:1 {
  exitCode: 1,
  [cause]: undefined
}
