runner: scoped 使用 TESTS_MJS_FILES=1 files
runner: build is current (1803 sources, 885 artifacts)
runner: discovery OVERRIDDEN by TESTS_MJS_FILES (1 file(s))
runner: 1 test file(s), 5000ms verdict-silence window
runner: file lifecycle {"entryFile":"/Users/yuanxi/Workwork/vibe-fs/requirements/speculative-investigation/tests/015.test.mjs","pid":2520,"parentPid":2381,"type":"runner:file-start","elapsedMs":29.11987499999998}
[verification-worker-cost] {"version":1,"phase":"pre-import","sequence":0,"entryFile":"/Users/yuanxi/Workwork/vibe-fs/requirements/speculative-investigation/tests/015.test.mjs","pid":2521,"parentPid":2520,"monotonicMs":14.217083,"cpuUserMicros":19517,"cpuSystemMicros":3301}
[verification-test-start] {"pid":2521,"parentPid":2520,"entryFile":"/Users/yuanxi/Workwork/vibe-fs/requirements/speculative-investigation/tests/015.test.mjs","name":"WHAT[speculative-investigation-015] STRENGTH_015_classifier_separates_legacy_current_and_non_strength","fullName":"WHAT[speculative-investigation-015] STRENGTH_015_classifier_separates_legacy_current_and_non_strength"}
[verification-test-start] {"pid":2521,"parentPid":2520,"entryFile":"/Users/yuanxi/Workwork/vibe-fs/requirements/speculative-investigation/tests/015.test.mjs","name":"WHAT[speculative-investigation-015] STRENGTH_015_a_non_tier_budget_field_is_not_legacy_evidence","fullName":"WHAT[speculative-investigation-015] STRENGTH_015_a_non_tier_budget_field_is_not_legacy_evidence"}
[verification-test-start] {"pid":2521,"parentPid":2520,"entryFile":"/Users/yuanxi/Workwork/vibe-fs/requirements/speculative-investigation/tests/015.test.mjs","name":"WHAT[speculative-investigation-015] STRENGTH_015_a_current_prepared_is_refused_as_unchanged_protocol","fullName":"WHAT[speculative-investigation-015] STRENGTH_015_a_current_prepared_is_refused_as_unchanged_protocol"}
[verification-test-start] {"pid":2521,"parentPid":2520,"entryFile":"/Users/yuanxi/Workwork/vibe-fs/requirements/speculative-investigation/tests/015.test.mjs","name":"WHAT[speculative-investigation-015] STRENGTH_015_unmigrated_store_is_refused_with_migration_guidance","fullName":"WHAT[speculative-investigation-015] STRENGTH_015_unmigrated_store_is_refused_with_migration_guidance"}
[verification-test-start] {"pid":2521,"parentPid":2520,"entryFile":"/Users/yuanxi/Workwork/vibe-fs/requirements/speculative-investigation/tests/015.test.mjs","name":"WHAT[speculative-investigation-015] STRENGTH_015_non_strength_events_are_not_blocked_by_the_strength_entry_check","fullName":"WHAT[speculative-investigation-015] STRENGTH_015_non_strength_events_are_not_blocked_by_the_strength_entry_check"}
[verification-test-start] {"pid":2521,"parentPid":2520,"entryFile":"/Users/yuanxi/Workwork/vibe-fs/requirements/speculative-investigation/tests/015.test.mjs","name":"WHAT[speculative-investigation-015] STRENGTH_015_migration_is_not_a_runtime_side_effect_on_read","fullName":"WHAT[speculative-investigation-015] STRENGTH_015_migration_is_not_a_runtime_side_effect_on_read"}
[verification-test-start] {"pid":2521,"parentPid":2520,"entryFile":"/Users/yuanxi/Workwork/vibe-fs/requirements/speculative-investigation/tests/015.test.mjs","name":"WHAT[speculative-investigation-015] STRENGTH_015_legacy_envelope_reader_returns_the_pre_protocol_view_or_null","fullName":"WHAT[speculative-investigation-015] STRENGTH_015_legacy_envelope_reader_returns_the_pre_protocol_view_or_null"}
[verification-test-start] {"pid":2521,"parentPid":2520,"entryFile":"/Users/yuanxi/Workwork/vibe-fs/requirements/speculative-investigation/tests/015.test.mjs","name":"WHAT[speculative-investigation-015] STRENGTH_015_promoted_history_becomes_adopted_material_with_its_trace_coverage","fullName":"WHAT[speculative-investigation-015] STRENGTH_015_promoted_history_becomes_adopted_material_with_its_trace_coverage"}
[verification-test-start] {"pid":2521,"parentPid":2520,"entryFile":"/Users/yuanxi/Workwork/vibe-fs/requirements/speculative-investigation/tests/015.test.mjs","name":"WHAT[speculative-investigation-015] STRENGTH_015_unconsumed_prepared_and_abandoned_decisions_are_relinquished_with_reasons","fullName":"WHAT[speculative-investigation-015] STRENGTH_015_unconsumed_prepared_and_abandoned_decisions_are_relinquished_with_reasons"}
[verification-test-start] {"pid":2521,"parentPid":2520,"entryFile":"/Users/yuanxi/Workwork/vibe-fs/requirements/speculative-investigation/tests/015.test.mjs","name":"WHAT[speculative-investigation-015] STRENGTH_015_traced_material_without_its_promotion_fails_the_plan_closed","fullName":"WHAT[speculative-investigation-015] STRENGTH_015_traced_material_without_its_promotion_fails_the_plan_closed"}
[verification-test-start] {"pid":2521,"parentPid":2520,"entryFile":"/Users/yuanxi/Workwork/vibe-fs/requirements/speculative-investigation/tests/015.test.mjs","name":"WHAT[speculative-investigation-015] STRENGTH_015_import_fact_mints_only_a_history_import_never_an_authorization","fullName":"WHAT[speculative-investigation-015] STRENGTH_015_import_fact_mints_only_a_history_import_never_an_authorization"}
[verification-test-start] {"pid":2521,"parentPid":2520,"entryFile":"/Users/yuanxi/Workwork/vibe-fs/requirements/speculative-investigation/tests/015.test.mjs","name":"WHAT[speculative-investigation-015] STRENGTH_015_a_changed_contract_revision_derives_a_different_import_identity","fullName":"WHAT[speculative-investigation-015] STRENGTH_015_a_changed_contract_revision_derives_a_different_import_identity"}
[verification-test-start] {"pid":2521,"parentPid":2520,"entryFile":"/Users/yuanxi/Workwork/vibe-fs/requirements/speculative-investigation/tests/015.test.mjs","name":"WHAT[speculative-investigation-015] STRENGTH_015_imported_history_folds_as_evidence_and_never_as_an_admission","fullName":"WHAT[speculative-investigation-015] STRENGTH_015_imported_history_folds_as_evidence_and_never_as_an_admission"}
[verification-test-start] {"pid":2521,"parentPid":2520,"entryFile":"/Users/yuanxi/Workwork/vibe-fs/requirements/speculative-investigation/tests/015.test.mjs","name":"WHAT[speculative-investigation-015] STRENGTH_015_the_migration_script_rejects_an_unregistered_input_version","fullName":"WHAT[speculative-investigation-015] STRENGTH_015_the_migration_script_rejects_an_unregistered_input_version"}
[verification-test-start] {"pid":2521,"parentPid":2520,"entryFile":"/Users/yuanxi/Workwork/vibe-fs/requirements/speculative-investigation/tests/015.test.mjs","name":"WHAT[speculative-investigation-015] STRENGTH_015_the_migration_script_rejects_an_unregistered_contract_revision","fullName":"WHAT[speculative-investigation-015] STRENGTH_015_the_migration_script_rejects_an_unregistered_contract_revision"}

✖ failing tests:

test at /Users/yuanxi/Workwork/vibe-fs/requirements/speculative-investigation/tests/015.test.mjs:558:1
✖ WHAT[speculative-investigation-015] STRENGTH_015_the_migration_script_rejects_an_unregistered_input_version (118.086ms)
  AssertionError [ERR_ASSERTION]: invalid input versions must not load either runtime front door
  + actual - expected
  
  + [
  +   'file:///Users/yuanxi/Workwork/vibe-fs/dist/Persistence/EventStore/Surface.js',
  +   'file:///Users/yuanxi/Workwork/vibe-fs/dist/Strength/Surface.js'
  + ]
  - []
  
      at TestContext.<anonymous> (file:///Users/yuanxi/Workwork/vibe-fs/requirements/speculative-investigation/tests/015.test.mjs:566:12)
      at Test.runInAsyncScope (node:async_hooks:214:14)
      at Test.run (node:internal/test_runner/test:1047:25)
      at async Test.processPendingSubtests (node:internal/test_runner/test:744:7)

[verification-test-start] {"pid":2521,"parentPid":2520,"entryFile":"/Users/yuanxi/Workwork/vibe-fs/requirements/speculative-investigation/tests/015.test.mjs","name":"WHAT[speculative-investigation-015] STRENGTH_015_the_registered_version_path_still_dry_runs_the_full_plan","fullName":"WHAT[speculative-investigation-015] STRENGTH_015_the_registered_version_path_still_dry_runs_the_full_plan"}
test at /Users/yuanxi/Workwork/vibe-fs/requirements/speculative-investigation/tests/015.test.mjs:570:1
✖ WHAT[speculative-investigation-015] STRENGTH_015_the_migration_script_rejects_an_unregistered_contract_revision (108.447ms)
  AssertionError [ERR_ASSERTION]: invalid contract revisions must not load either runtime front door
  + actual - expected
  
  + [
  +   'file:///Users/yuanxi/Workwork/vibe-fs/dist/Persistence/EventStore/Surface.js',
  +   'file:///Users/yuanxi/Workwork/vibe-fs/dist/Strength/Surface.js'
  + ]
  - []
  
      at TestContext.<anonymous> (file:///Users/yuanxi/Workwork/vibe-fs/requirements/speculative-investigation/tests/015.test.mjs:578:12)
      at Test.runInAsyncScope (node:async_hooks:214:14)
      at Test.run (node:internal/test_runner/test:1047:25)
      at async Test.processPendingSubtests (node:internal/test_runner/test:744:7)

[verification-test-start] {"pid":2521,"parentPid":2520,"entryFile":"/Users/yuanxi/Workwork/vibe-fs/requirements/speculative-investigation/tests/015.test.mjs","name":"WHAT[speculative-investigation-015] invalid version refusal precedes a missing dist runtime","fullName":"WHAT[speculative-investigation-015] invalid version refusal precedes a missing dist runtime"}
[verification-test-start] {"pid":2521,"parentPid":2520,"entryFile":"/Users/yuanxi/Workwork/vibe-fs/requirements/speculative-investigation/tests/015.test.mjs","name":"WHAT[speculative-investigation-015] STRENGTH_015_the_migration_registry_matches_the_runtime_contract","fullName":"WHAT[speculative-investigation-015] STRENGTH_015_the_migration_registry_matches_the_runtime_contract"}
test at /Users/yuanxi/Workwork/vibe-fs/requirements/speculative-investigation/tests/015.test.mjs:610:1
✖ WHAT[speculative-investigation-015] invalid version refusal precedes a missing dist runtime (28.924ms)
  AssertionError [ERR_ASSERTION]: Expected values to be strictly equal:
  + actual - expected
  
  + "无法加载 dist 模块 Persistence/EventStore/Surface.js：Cannot find module '/private/var/folders/g_/3ydzn7kx5lg9ylq8fd9p_13r0000gn/T/wxs-migrate-backup-bfAIjq/without-dist/dist/Persistence/EventStore/Surface.js' imported from /private/var/folders/g_/3ydzn7kx5lg9ylq8fd9p_13r0000gn/T/wxs-migrate-backup-bfAIjq/without-dist/scripts/migrate-delegation-history.mjs；请先运行 node scripts/build.mjs\n"
  - '--input-version 必须是已登记的值: pre-delegation；收到: pre-delegation-v0\n'
  
      at TestContext.<anonymous> (file:///Users/yuanxi/Workwork/vibe-fs/requirements/speculative-investigation/tests/015.test.mjs:620:12)
      at Test.runInAsyncScope (node:async_hooks:214:14)
      at Test.run (node:internal/test_runner/test:1047:25)
      at async Test.processPendingSubtests (node:internal/test_runner/test:744:7)

[verification-worker-cost] {"version":1,"phase":"exit","sequence":1,"entryFile":"/Users/yuanxi/Workwork/vibe-fs/requirements/speculative-investigation/tests/015.test.mjs","pid":2521,"parentPid":2520,"monotonicMs":568.359125,"cpuUserMicros":181606,"cpuSystemMicros":36493,"exitCode":1}
runner: file lifecycle {"entryFile":"/Users/yuanxi/Workwork/vibe-fs/requirements/speculative-investigation/tests/015.test.mjs","type":"runner:file-drained","elapsedMs":609.50225}
runner: worker cost {"version":1,"entryFile":"/Users/yuanxi/Workwork/vibe-fs/requirements/speculative-investigation/tests/015.test.mjs","enabled":true,"pid":2521,"status":"complete","reason":null,"preImport":{"version":1,"phase":"pre-import","sequence":0,"entryFile":"/Users/yuanxi/Workwork/vibe-fs/requirements/speculative-investigation/tests/015.test.mjs","pid":2521,"parentPid":2520,"monotonicMs":14.217083,"cpuUserMicros":19517,"cpuSystemMicros":3301},"exit":{"version":1,"phase":"exit","sequence":1,"entryFile":"/Users/yuanxi/Workwork/vibe-fs/requirements/speculative-investigation/tests/015.test.mjs","pid":2521,"parentPid":2520,"monotonicMs":568.359125,"cpuUserMicros":181606,"cpuSystemMicros":36493,"exitCode":1},"interval":{"clockPid":2521,"wallMs":554.142042,"cpuUserMicros":162089,"cpuSystemMicros":33192}}

[test-summary] 1 file(s), 15 passed, 3 failed (0.58s wall, 0.46s test time)
runner: post-exit group verification/reclamation: pid=2520; elapsedMs=15.561; accepted=true
runner: 18 test(s), 0.5s of test time; max 118ms, p90 118ms, median 6ms

runner: 15 passed, 3 failed; 1/1 planned file(s) completed
Error: runner: supervised suite failed (exit 1)
    at fail (file:///Users/yuanxi/Workwork/vibe-fs/requirements/verification-system/tests/e2e/support/supervise-node-test.mjs:258:25)
    at superviseOwnedNodeTest (file:///Users/yuanxi/Workwork/vibe-fs/requirements/verification-system/tests/e2e/support/supervise-node-test.mjs:486:19)
    at process.processTicksAndRejections (node:internal/process/task_queues:103:5)
    at async superviseNodeTest (file:///Users/yuanxi/Workwork/vibe-fs/requirements/verification-system/tests/e2e/support/supervise-node-test.mjs:235:14)
    at async file:///Users/yuanxi/Workwork/vibe-fs/requirements/verification-system/tests/run.mjs:94:1 {
  exitCode: 1,
  [cause]: undefined
}
