runner: scoped 使用 TESTS_MJS_FILES=1 files
runner: build is current (1803 sources, 885 artifacts)
runner: discovery OVERRIDDEN by TESTS_MJS_FILES (1 file(s))
runner: 1 test file(s), 5000ms verdict-silence window
runner: file lifecycle {"entryFile":"/Users/yuanxi/Workwork/vibe-fs/requirements/capability-enforcement/tests/026.test.mjs","pid":3481,"parentPid":3371,"type":"runner:file-start","elapsedMs":29.69916599999999}
[verification-worker-cost] {"version":1,"phase":"pre-import","sequence":0,"entryFile":"/Users/yuanxi/Workwork/vibe-fs/requirements/capability-enforcement/tests/026.test.mjs","pid":3482,"parentPid":3481,"monotonicMs":14.709375,"cpuUserMicros":20080,"cpuSystemMicros":3286}
[verification-test-start] {"pid":3482,"parentPid":3481,"entryFile":"/Users/yuanxi/Workwork/vibe-fs/requirements/capability-enforcement/tests/026.test.mjs","name":"WHAT[capability-enforcement-026] D01_resume_fixed_devops_rejected_before_review_accepted","fullName":"WHAT[capability-enforcement-026] D01_resume_fixed_devops_rejected_before_review_accepted"}
[verification-test-start] {"pid":3482,"parentPid":3481,"entryFile":"/Users/yuanxi/Workwork/vibe-fs/requirements/capability-enforcement/tests/026.test.mjs","name":"WHAT[capability-enforcement-026] D03_resume_devops_enters_normal_flow_after_review_accepted","fullName":"WHAT[capability-enforcement-026] D03_resume_devops_enters_normal_flow_after_review_accepted"}
[verification-test-start] {"pid":3482,"parentPid":3481,"entryFile":"/Users/yuanxi/Workwork/vibe-fs/requirements/capability-enforcement/tests/026.test.mjs","name":"WHAT[capability-enforcement-026] D02_resume_legitimate_existing_readonly_engineer_unaffected_before_review_acceptance","fullName":"WHAT[capability-enforcement-026] D02_resume_legitimate_existing_readonly_engineer_unaffected_before_review_acceptance"}
[verification-test-start] {"pid":3482,"parentPid":3481,"entryFile":"/Users/yuanxi/Workwork/vibe-fs/requirements/capability-enforcement/tests/026.test.mjs","name":"WHAT[capability-enforcement-026] D04_review_authorized_busy_devops_receives_guidance_on_the_original_work","fullName":"WHAT[capability-enforcement-026] D04_review_authorized_busy_devops_receives_guidance_on_the_original_work"}

✖ failing tests:

test at /Users/yuanxi/Workwork/vibe-fs/requirements/capability-enforcement/tests/026.test.mjs:123:1
✖ WHAT[capability-enforcement-026] D04_review_authorized_busy_devops_receives_guidance_on_the_original_work (84.355ms)
  'Promise resolution is still pending but the event loop has already resolved'

test at /Users/yuanxi/Workwork/vibe-fs/requirements/capability-enforcement/tests/026.test.mjs:178:1
✖ WHAT[capability-enforcement-026] D05_case_variation_and_unbound_identity_cannot_bypass_devops_gate (0.000ms)
  'Promise resolution is still pending but the event loop has already resolved'

test at /Users/yuanxi/Workwork/vibe-fs/requirements/capability-enforcement/tests/026.test.mjs:217:1
✖ WHAT[capability-enforcement-026] D06_fork_devops_or_creating_alternative_devops_remains_strictly_denied (0.000ms)
  'Promise resolution is still pending but the event loop has already resolved'

test at /Users/yuanxi/Workwork/vibe-fs/requirements/capability-enforcement/tests/026.test.mjs:269:1
✖ WHAT[capability-enforcement-026] D07_pre_review_devops_refusal_preserves_all_durable_bytes_and_accepted_review_admits_the_same_charge (0.000ms)
  'Promise resolution is still pending but the event loop has already resolved'

[verification-worker-cost] {"version":1,"phase":"exit","sequence":1,"entryFile":"/Users/yuanxi/Workwork/vibe-fs/requirements/capability-enforcement/tests/026.test.mjs","pid":3482,"parentPid":3481,"monotonicMs":503.03,"cpuUserMicros":580657,"cpuSystemMicros":54886,"exitCode":1}
runner: file lifecycle {"entryFile":"/Users/yuanxi/Workwork/vibe-fs/requirements/capability-enforcement/tests/026.test.mjs","type":"runner:file-drained","elapsedMs":546.276958}

[test-summary] 1 file(s), 3 passed, 4 failed (0.52s wall, 0.35s test time)
runner: worker cost {"version":1,"entryFile":"/Users/yuanxi/Workwork/vibe-fs/requirements/capability-enforcement/tests/026.test.mjs","enabled":true,"pid":3482,"status":"complete","reason":null,"preImport":{"version":1,"phase":"pre-import","sequence":0,"entryFile":"/Users/yuanxi/Workwork/vibe-fs/requirements/capability-enforcement/tests/026.test.mjs","pid":3482,"parentPid":3481,"monotonicMs":14.709375,"cpuUserMicros":20080,"cpuSystemMicros":3286},"exit":{"version":1,"phase":"exit","sequence":1,"entryFile":"/Users/yuanxi/Workwork/vibe-fs/requirements/capability-enforcement/tests/026.test.mjs","pid":3482,"parentPid":3481,"monotonicMs":503.03,"cpuUserMicros":580657,"cpuSystemMicros":54886,"exitCode":1},"interval":{"clockPid":3482,"wallMs":488.32062499999995,"cpuUserMicros":560577,"cpuSystemMicros":51600}}
runner: post-exit group verification/reclamation: pid=3481; elapsedMs=15.608; accepted=true
runner: 7 test(s), 0.3s of test time; max 117ms, p90 117ms, median 72ms

runner: 3 passed, 4 failed; 1/1 planned file(s) completed
Error: runner: supervised suite failed (exit 1)
    at fail (file:///Users/yuanxi/Workwork/vibe-fs/requirements/verification-system/tests/e2e/support/supervise-node-test.mjs:258:25)
    at superviseOwnedNodeTest (file:///Users/yuanxi/Workwork/vibe-fs/requirements/verification-system/tests/e2e/support/supervise-node-test.mjs:486:19)
    at process.processTicksAndRejections (node:internal/process/task_queues:103:5)
    at async superviseNodeTest (file:///Users/yuanxi/Workwork/vibe-fs/requirements/verification-system/tests/e2e/support/supervise-node-test.mjs:235:14)
    at async file:///Users/yuanxi/Workwork/vibe-fs/requirements/verification-system/tests/run.mjs:94:1 {
  exitCode: 1,
  [cause]: undefined
}
