runner: scoped 使用 TESTS_MJS_FILES=1 files
runner: build is current (1803 sources, 885 artifacts)
runner: discovery OVERRIDDEN by TESTS_MJS_FILES (1 file(s))
runner: 1 test file(s), 5000ms verdict-silence window
runner: file lifecycle {"entryFile":"/Users/yuanxi/Workwork/vibe-fs/requirements/capability-enforcement/tests/026.test.mjs","pid":3654,"parentPid":3547,"type":"runner:file-start","elapsedMs":29.864250000000027}
[verification-worker-cost] {"version":1,"phase":"pre-import","sequence":0,"entryFile":"/Users/yuanxi/Workwork/vibe-fs/requirements/capability-enforcement/tests/026.test.mjs","pid":3655,"parentPid":3654,"monotonicMs":14.150083,"cpuUserMicros":19510,"cpuSystemMicros":3286}
[verification-test-start] {"pid":3655,"parentPid":3654,"entryFile":"/Users/yuanxi/Workwork/vibe-fs/requirements/capability-enforcement/tests/026.test.mjs","name":"WHAT[capability-enforcement-026] D01_resume_fixed_devops_rejected_before_review_accepted","fullName":"WHAT[capability-enforcement-026] D01_resume_fixed_devops_rejected_before_review_accepted"}
[verification-test-start] {"pid":3655,"parentPid":3654,"entryFile":"/Users/yuanxi/Workwork/vibe-fs/requirements/capability-enforcement/tests/026.test.mjs","name":"WHAT[capability-enforcement-026] D03_resume_devops_enters_normal_flow_after_review_accepted","fullName":"WHAT[capability-enforcement-026] D03_resume_devops_enters_normal_flow_after_review_accepted"}
[verification-test-start] {"pid":3655,"parentPid":3654,"entryFile":"/Users/yuanxi/Workwork/vibe-fs/requirements/capability-enforcement/tests/026.test.mjs","name":"WHAT[capability-enforcement-026] D02_resume_legitimate_existing_readonly_engineer_unaffected_before_review_acceptance","fullName":"WHAT[capability-enforcement-026] D02_resume_legitimate_existing_readonly_engineer_unaffected_before_review_acceptance"}
[verification-test-start] {"pid":3655,"parentPid":3654,"entryFile":"/Users/yuanxi/Workwork/vibe-fs/requirements/capability-enforcement/tests/026.test.mjs","name":"WHAT[capability-enforcement-026] D04_review_authorized_busy_devops_receives_guidance_on_the_original_work","fullName":"WHAT[capability-enforcement-026] D04_review_authorized_busy_devops_receives_guidance_on_the_original_work"}
[verification-test-start] {"pid":3655,"parentPid":3654,"entryFile":"/Users/yuanxi/Workwork/vibe-fs/requirements/capability-enforcement/tests/026.test.mjs","name":"WHAT[capability-enforcement-026] D05_case_variation_and_unbound_identity_cannot_bypass_devops_gate","fullName":"WHAT[capability-enforcement-026] D05_case_variation_and_unbound_identity_cannot_bypass_devops_gate"}
[verification-test-start] {"pid":3655,"parentPid":3654,"entryFile":"/Users/yuanxi/Workwork/vibe-fs/requirements/capability-enforcement/tests/026.test.mjs","name":"WHAT[capability-enforcement-026] D06_fork_devops_or_creating_alternative_devops_remains_strictly_denied","fullName":"WHAT[capability-enforcement-026] D06_fork_devops_or_creating_alternative_devops_remains_strictly_denied"}
[verification-test-start] {"pid":3655,"parentPid":3654,"entryFile":"/Users/yuanxi/Workwork/vibe-fs/requirements/capability-enforcement/tests/026.test.mjs","name":"WHAT[capability-enforcement-026] D07_pre_review_devops_refusal_preserves_all_durable_bytes_and_accepted_review_admits_the_same_charge","fullName":"WHAT[capability-enforcement-026] D07_pre_review_devops_refusal_preserves_all_durable_bytes_and_accepted_review_admits_the_same_charge"}
[verification-worker-cost] {"version":1,"phase":"exit","sequence":1,"entryFile":"/Users/yuanxi/Workwork/vibe-fs/requirements/capability-enforcement/tests/026.test.mjs","pid":3655,"parentPid":3654,"monotonicMs":695.44075,"cpuUserMicros":707690,"cpuSystemMicros":71840,"exitCode":0}
runner: file lifecycle {"entryFile":"/Users/yuanxi/Workwork/vibe-fs/requirements/capability-enforcement/tests/026.test.mjs","type":"runner:file-drained","elapsedMs":739.184458}
runner: worker cost {"version":1,"entryFile":"/Users/yuanxi/Workwork/vibe-fs/requirements/capability-enforcement/tests/026.test.mjs","enabled":true,"pid":3655,"status":"complete","reason":null,"preImport":{"version":1,"phase":"pre-import","sequence":0,"entryFile":"/Users/yuanxi/Workwork/vibe-fs/requirements/capability-enforcement/tests/026.test.mjs","pid":3655,"parentPid":3654,"monotonicMs":14.150083,"cpuUserMicros":19510,"cpuSystemMicros":3286},"exit":{"version":1,"phase":"exit","sequence":1,"entryFile":"/Users/yuanxi/Workwork/vibe-fs/requirements/capability-enforcement/tests/026.test.mjs","pid":3655,"parentPid":3654,"monotonicMs":695.44075,"cpuUserMicros":707690,"cpuSystemMicros":71840,"exitCode":0},"interval":{"clockPid":3655,"wallMs":681.290667,"cpuUserMicros":688180,"cpuSystemMicros":68554}}

[test-summary] 1 file(s), 7 passed, 0 failed (0.71s wall, 0.55s test time)
runner: post-exit group verification/reclamation: pid=3654; elapsedMs=15.723; accepted=true
runner: 7 test(s), 0.5s of test time; max 119ms, p90 119ms, median 75ms

runner: 7 passed, 0 failed; 1/1 planned file(s) completed
