TAP version 13
# Subtest: WHAT[verification-system-006] worker cost diagnostics preserve actual success and assertion failure with a closed exit sink
ok 1 - WHAT[verification-system-006] worker cost diagnostics preserve actual success and assertion failure with a closed exit sink
  ---
  duration_ms: 988.0795
  type: 'test'
  ...
# Subtest: WHAT[verification-system-006] continuing worker cost IPC cannot renew a pending file after invalid diagnostic evidence
ok 2 - WHAT[verification-system-006] continuing worker cost IPC cannot renew a pending file after invalid diagnostic evidence
  ---
  duration_ms: 381.689
  type: 'test'
  ...
# Subtest: WHAT[verification-system-006] invalid worker cost IPC leaves actual runner verdicts and process cleanup unchanged
ok 3 - WHAT[verification-system-006] invalid worker cost IPC leaves actual runner verdicts and process cleanup unchanged
  ---
  duration_ms: 237.839417
  type: 'test'
  ...
1..3
# tests 3
# suites 0
# pass 3
# fail 0
# cancelled 0
# skipped 0
# todo 0
# duration_ms 1762.641625
