TAP version 13
# Subtest: WHAT[verification-system-006] the worker cost collector rejects observations and invalid states presented as disabled
ok 1 - WHAT[verification-system-006] the worker cost collector rejects observations and invalid states presented as disabled
  ---
  duration_ms: 1.32875
  type: 'test'
  ...
# Subtest: WHAT[verification-system-006] the worker cost collector preserves native cumulative units and only derives a same-process interval
ok 2 - WHAT[verification-system-006] the worker cost collector preserves native cumulative units and only derives a same-process interval
  ---
  duration_ms: 0.843083
  type: 'test'
  ...
# Subtest: WHAT[verification-system-006] the worker cost collector invalidates forged, duplicate, reordered and wrongly attributed observations without a business verdict
ok 3 - WHAT[verification-system-006] the worker cost collector invalidates forged, duplicate, reordered and wrongly attributed observations without a business verdict
  ---
  duration_ms: 0.819833
  type: 'test'
  ...
# Subtest: WHAT[verification-system-006] the worker cost collector bounds fragmented bytes and distinguishes disabled, missing and truncated observations
ok 4 - WHAT[verification-system-006] the worker cost collector bounds fragmented bytes and distinguishes disabled, missing and truncated observations
  ---
  duration_ms: 0.446041
  type: 'test'
  ...
1..4
# tests 4
# suites 0
# pass 4
# fail 0
# cancelled 0
# skipped 0
# todo 0
# duration_ms 231.664208
