runner: scoped 使用 TESTS_MJS_FILES=1 files
runner: build is current (1796 sources, 883 artifacts)
runner: discovery OVERRIDDEN by TESTS_MJS_FILES (1 file(s))
runner: 1 test file(s), 5000ms verdict-silence window
runner: file lifecycle {"entryFile":"/Users/yuanxi/Workwork/vibe-fs/requirements/durable-events/tests/017.test.mjs","pid":84588,"parentPid":84560,"type":"runner:file-start","elapsedMs":35.385125000000016}
[verification-worker-cost] {"version":1,"phase":"pre-import","sequence":0,"entryFile":"/Users/yuanxi/Workwork/vibe-fs/requirements/durable-events/tests/017.test.mjs","pid":84589,"parentPid":84588,"monotonicMs":16.651167,"cpuUserMicros":22226,"cpuSystemMicros":4045}
[verification-test-start] {"pid":84589,"parentPid":84588,"entryFile":"/Users/yuanxi/Workwork/vibe-fs/requirements/durable-events/tests/017.test.mjs","name":"WHAT[durable-events-017] append_path_has_no_Git_object_or_ref_capability","fullName":"WHAT[durable-events-017] append_path_has_no_Git_object_or_ref_capability"}
[verification-test-start] {"pid":84589,"parentPid":84588,"entryFile":"/Users/yuanxi/Workwork/vibe-fs/requirements/durable-events/tests/017.test.mjs","name":"WHAT[durable-events-017] DURABLE_EVENTS_004_017_local_append_has_zero_Git_object_tree_ref_dependencies","fullName":"WHAT[durable-events-017] DURABLE_EVENTS_004_017_local_append_has_zero_Git_object_tree_ref_dependencies"}
[verification-test-start] {"pid":84589,"parentPid":84588,"entryFile":"/Users/yuanxi/Workwork/vibe-fs/requirements/durable-events/tests/017.test.mjs","name":"WHAT[durable-events-017] activated_append_records_no_historical_content_IO_with_8_facts_and_cold_replay","fullName":"WHAT[durable-events-017] activated_append_records_no_historical_content_IO_with_8_facts_and_cold_replay"}
[verification-test-start] {"pid":84589,"parentPid":84588,"entryFile":"/Users/yuanxi/Workwork/vibe-fs/requirements/durable-events/tests/017.test.mjs","name":"WHAT[durable-events-017] activated_append_records_no_historical_content_IO_with_128_facts_and_cold_replay","fullName":"WHAT[durable-events-017] activated_append_records_no_historical_content_IO_with_128_facts_and_cold_replay"}

✖ failing tests:

test at /Users/yuanxi/Workwork/vibe-fs/requirements/durable-events/tests/017.test.mjs:130:3
✖ WHAT[durable-events-017] activated_append_records_no_historical_content_IO_with_8_facts_and_cold_replay (416.789ms)
  AssertionError [ERR_ASSERTION]: activated append must not perform any historical event content reads
  
  5 !== 0
  
      at TestContext.<anonymous> (file:///Users/yuanxi/Workwork/vibe-fs/requirements/durable-events/tests/017.test.mjs:200:14)
      at async Test.run (node:internal/test_runner/test:1054:7)
      at async Test.processPendingSubtests (node:internal/test_runner/test:744:7)

test at /Users/yuanxi/Workwork/vibe-fs/requirements/durable-events/tests/017.test.mjs:130:3
✖ WHAT[durable-events-017] activated_append_records_no_historical_content_IO_with_128_facts_and_cold_replay (353.093ms)
  AssertionError [ERR_ASSERTION]: activated append must not perform any historical event content reads
  
  5 !== 0
  
      at TestContext.<anonymous> (file:///Users/yuanxi/Workwork/vibe-fs/requirements/durable-events/tests/017.test.mjs:200:14)
      at async Test.run (node:internal/test_runner/test:1054:7)
      at async Test.processPendingSubtests (node:internal/test_runner/test:744:7)

[verification-worker-cost] {"version":1,"phase":"exit","sequence":1,"entryFile":"/Users/yuanxi/Workwork/vibe-fs/requirements/durable-events/tests/017.test.mjs","pid":84589,"parentPid":84588,"monotonicMs":895.390875,"cpuUserMicros":188294,"cpuSystemMicros":28322,"exitCode":1}
runner: file lifecycle {"entryFile":"/Users/yuanxi/Workwork/vibe-fs/requirements/durable-events/tests/017.test.mjs","type":"runner:file-drained","elapsedMs":944.014875}
runner: worker cost {"version":1,"entryFile":"/Users/yuanxi/Workwork/vibe-fs/requirements/durable-events/tests/017.test.mjs","enabled":true,"pid":84589,"status":"complete","reason":null,"preImport":{"version":1,"phase":"pre-import","sequence":0,"entryFile":"/Users/yuanxi/Workwork/vibe-fs/requirements/durable-events/tests/017.test.mjs","pid":84589,"parentPid":84588,"monotonicMs":16.651167,"cpuUserMicros":22226,"cpuSystemMicros":4045},"exit":{"version":1,"phase":"exit","sequence":1,"entryFile":"/Users/yuanxi/Workwork/vibe-fs/requirements/durable-events/tests/017.test.mjs","pid":84589,"parentPid":84588,"monotonicMs":895.390875,"cpuUserMicros":188294,"cpuSystemMicros":28322,"exitCode":1},"interval":{"clockPid":84589,"wallMs":878.7397080000001,"cpuUserMicros":166068,"cpuSystemMicros":24277}}

[test-summary] 1 file(s), 2 passed, 2 failed (0.91s wall, 0.80s test time)
runner: post-exit group verification/reclamation: pid=84588; elapsedMs=15.941; accepted=true
runner: 4 test(s), 0.8s of test time; max 417ms, p90 417ms, median 21ms

runner: 2 passed, 2 failed; 1/1 planned file(s) completed
Error: runner: supervised suite failed (exit 1)
    at fail (file:///Users/yuanxi/Workwork/vibe-fs/requirements/verification-system/tests/e2e/support/supervise-node-test.mjs:228:25)
    at superviseOwnedNodeTest (file:///Users/yuanxi/Workwork/vibe-fs/requirements/verification-system/tests/e2e/support/supervise-node-test.mjs:444:19)
    at process.processTicksAndRejections (node:internal/process/task_queues:103:5)
    at async superviseNodeTest (file:///Users/yuanxi/Workwork/vibe-fs/requirements/verification-system/tests/e2e/support/supervise-node-test.mjs:205:14)
    at async file:///Users/yuanxi/Workwork/vibe-fs/requirements/verification-system/tests/run.mjs:94:1 {
  exitCode: 1,
  [cause]: undefined
}
