TAP version 13
# Subtest: WHAT[sphinx-v2-033] creation receipts bind the exact authorized reserve for every legal resource name
not ok 1 - WHAT[sphinx-v2-033] creation receipts bind the exact authorized reserve for every legal resource name
  ---
  duration_ms: 22.768
  type: 'test'
  location: '/Users/yuanxi/Workwork/vibe-fs/requirements/sphinx-v2/tests/033.test.mjs:116:1'
  failureType: 'testCodeFailure'
  error: |-
    changing only the legal reserve must change command content
    + actual - expected
    
    + 'replayed'
    - 'refused'
         ^
    
  code: 'ERR_ASSERTION'
  name: 'AssertionError'
  expected: 'refused'
  actual: 'replayed'
  operator: 'strictEqual'
  stack: |-
    TestContext.<anonymous> (file:///Users/yuanxi/Workwork/vibe-fs/requirements/sphinx-v2/tests/033.test.mjs:135:12)
    async Test.run (node:internal/test_runner/test:1054:7)
    async startSubtestAfterBootstrap (node:internal/test_runner/harness:296:3)
  ...
1..1
# tests 1
# suites 0
# pass 0
# fail 1
# cancelled 0
# skipped 0
# todo 0
# duration_ms 172.0465
