TAP version 13
# Subtest: WHAT[sphinx-v2-020] an actual created state has a usable content-sensitive semantic hash
ok 1 - WHAT[sphinx-v2-020] an actual created state has a usable content-sensitive semantic hash
  ---
  duration_ms: 9.10025
  type: 'test'
  ...
# Subtest: WHAT[sphinx-v2-020] same-length original goals produce distinct actual export hashes and native semantic views
not ok 2 - WHAT[sphinx-v2-020] same-length original goals produce distinct actual export hashes and native semantic views
  ---
  duration_ms: 4.604
  type: 'test'
  location: '/Users/yuanxi/Workwork/vibe-fs/requirements/sphinx-v2/tests/020.test.mjs:159:1'
  failureType: 'testCodeFailure'
  error: 'Wire.Surface_create is not a function'
  code: 'ERR_TEST_FAILURE'
  name: 'TypeError'
  stack: |-
    open (file:///Users/yuanxi/Workwork/vibe-fs/requirements/sphinx-v2/tests/020.test.mjs:138:25)
    file:///Users/yuanxi/Workwork/vibe-fs/requirements/sphinx-v2/tests/020.test.mjs:161:20
    withRuntime (file:///Users/yuanxi/Workwork/vibe-fs/requirements/sphinx-v2/tests/020.test.mjs:151:15)
    TestContext.<anonymous> (file:///Users/yuanxi/Workwork/vibe-fs/requirements/sphinx-v2/tests/020.test.mjs:160:9)
    Test.runInAsyncScope (node:async_hooks:214:14)
    Test.run (node:internal/test_runner/test:1047:25)
    Test.processPendingSubtests (node:internal/test_runner/test:744:18)
    Test.postRun (node:internal/test_runner/test:1173:19)
    Test.run (node:internal/test_runner/test:1101:12)
    async startSubtestAfterBootstrap (node:internal/test_runner/harness:296:3)
  ...
# Subtest: WHAT[sphinx-v2-020] an actual other-writer append appears in ordered public trace and repeated reads preserve all journal bytes
not ok 3 - WHAT[sphinx-v2-020] an actual other-writer append appears in ordered public trace and repeated reads preserve all journal bytes
  ---
  duration_ms: 3.571084
  type: 'test'
  location: '/Users/yuanxi/Workwork/vibe-fs/requirements/sphinx-v2/tests/020.test.mjs:181:1'
  failureType: 'testCodeFailure'
  error: 'Wire.Surface_create is not a function'
  code: 'ERR_TEST_FAILURE'
  name: 'TypeError'
  stack: |-
    open (file:///Users/yuanxi/Workwork/vibe-fs/requirements/sphinx-v2/tests/020.test.mjs:138:25)
    file:///Users/yuanxi/Workwork/vibe-fs/requirements/sphinx-v2/tests/020.test.mjs:183:20
    withRuntime (file:///Users/yuanxi/Workwork/vibe-fs/requirements/sphinx-v2/tests/020.test.mjs:151:15)
    TestContext.<anonymous> (file:///Users/yuanxi/Workwork/vibe-fs/requirements/sphinx-v2/tests/020.test.mjs:182:9)
    Test.runInAsyncScope (node:async_hooks:214:14)
    Test.run (node:internal/test_runner/test:1047:25)
    Test.processPendingSubtests (node:internal/test_runner/test:744:18)
    Test.postRun (node:internal/test_runner/test:1173:19)
    Test.run (node:internal/test_runner/test:1101:12)
    async Test.processPendingSubtests (node:internal/test_runner/test:744:7)
  ...
# Subtest: WHAT[sphinx-v2-020] actual physical work references change state and trace hashes while preserving semantic content
not ok 4 - WHAT[sphinx-v2-020] actual physical work references change state and trace hashes while preserving semantic content
  ---
  duration_ms: 5.526167
  type: 'test'
  location: '/Users/yuanxi/Workwork/vibe-fs/requirements/sphinx-v2/tests/020.test.mjs:222:1'
  failureType: 'testCodeFailure'
  error: 'Wire.Surface_create is not a function'
  code: 'ERR_TEST_FAILURE'
  name: 'TypeError'
  stack: |-
    Object.open (file:///Users/yuanxi/Workwork/vibe-fs/requirements/sphinx-v2/tests/020.test.mjs:138:25)
    file:///Users/yuanxi/Workwork/vibe-fs/requirements/sphinx-v2/tests/020.test.mjs:225:28
    withRuntime (file:///Users/yuanxi/Workwork/vibe-fs/requirements/sphinx-v2/tests/020.test.mjs:151:15)
    file:///Users/yuanxi/Workwork/vibe-fs/requirements/sphinx-v2/tests/020.test.mjs:224:11
    withRuntime (file:///Users/yuanxi/Workwork/vibe-fs/requirements/sphinx-v2/tests/020.test.mjs:151:15)
    TestContext.<anonymous> (file:///Users/yuanxi/Workwork/vibe-fs/requirements/sphinx-v2/tests/020.test.mjs:223:9)
    Test.runInAsyncScope (node:async_hooks:214:14)
    Test.run (node:internal/test_runner/test:1047:25)
    Test.processPendingSubtests (node:internal/test_runner/test:744:18)
    Test.postRun (node:internal/test_runner/test:1173:19)
  ...
# Subtest: WHAT[sphinx-v2-020] unknown, semantically cut and forked inquiries never export a substituted trace
not ok 5 - WHAT[sphinx-v2-020] unknown, semantically cut and forked inquiries never export a substituted trace
  ---
  duration_ms: 4.953291
  type: 'test'
  location: '/Users/yuanxi/Workwork/vibe-fs/requirements/sphinx-v2/tests/020.test.mjs:256:1'
  failureType: 'testCodeFailure'
  error: 'Wire.Surface_create is not a function'
  code: 'ERR_TEST_FAILURE'
  name: 'TypeError'
  stack: |-
    open (file:///Users/yuanxi/Workwork/vibe-fs/requirements/sphinx-v2/tests/020.test.mjs:138:25)
    file:///Users/yuanxi/Workwork/vibe-fs/requirements/sphinx-v2/tests/020.test.mjs:258:18
    withRuntime (file:///Users/yuanxi/Workwork/vibe-fs/requirements/sphinx-v2/tests/020.test.mjs:151:15)
    TestContext.<anonymous> (file:///Users/yuanxi/Workwork/vibe-fs/requirements/sphinx-v2/tests/020.test.mjs:257:9)
    Test.runInAsyncScope (node:async_hooks:214:14)
    Test.run (node:internal/test_runner/test:1047:25)
    Test.processPendingSubtests (node:internal/test_runner/test:744:18)
    Test.postRun (node:internal/test_runner/test:1173:19)
    Test.run (node:internal/test_runner/test:1101:12)
    async Test.processPendingSubtests (node:internal/test_runner/test:744:7)
  ...
# file:///Users/yuanxi/Workwork/vibe-fs/requirements/sphinx-v2/tests/036.test.mjs:12
# import {Surface_isTool as isTool} from '../../../dist/Sphinx/V2/Wire/Surface.js'
#         ^^^^^^^^^^^^^^
# SyntaxError: The requested module '../../../dist/Sphinx/V2/Wire/Surface.js' does not provide an export named 'Surface_isTool'
#     at ModuleJob._instantiate (node:internal/modules/esm/module_job:226:21)
#     at async ModuleJob.run (node:internal/modules/esm/module_job:335:5)
#     at async onImport.tracePromise.__proto__ (node:internal/modules/esm/loader:681:26)
#     at async asyncRunEntryPointWithESMLoader (node:internal/modules/run_main:117:5)
# Node.js v22.23.3
# Subtest: requirements/sphinx-v2/tests/036.test.mjs
not ok 2 - requirements/sphinx-v2/tests/036.test.mjs
  ---
  duration_ms: 641.186125
  type: 'test'
  location: '/Users/yuanxi/Workwork/vibe-fs/requirements/sphinx-v2/tests/036.test.mjs:1:1'
  failureType: 'testCodeFailure'
  exitCode: 1
  signal: ~
  error: 'test failed'
  code: 'ERR_TEST_FAILURE'
  ...
1..6
# tests 6
# suites 0
# pass 1
# fail 5
# cancelled 0
# skipped 0
# todo 0
# duration_ms 750.320792
