TAP version 13
# Subtest: WHAT[sphinx-v2-036] invalid inquiry identities are refused by the real JS reader instead of escaping as exceptions
not ok 1 - WHAT[sphinx-v2-036] invalid inquiry identities are refused by the real JS reader instead of escaping as exceptions
  ---
  duration_ms: 2.257459
  type: 'test'
  location: '/Users/yuanxi/Workwork/vibe-fs/requirements/sphinx-v2/tests/036.test.mjs:75:1'
  failureType: 'testCodeFailure'
  error: 'InquiryId must not contain whitespace or control characters'
  code: 'ERR_TEST_FAILURE'
  ...
# Subtest: WHAT[sphinx-v2-036] invalid material identities are refused by the real JS creator without a durable write
not ok 2 - WHAT[sphinx-v2-036] invalid material identities are refused by the real JS creator without a durable write
  ---
  duration_ms: 2.962334
  type: 'test'
  location: '/Users/yuanxi/Workwork/vibe-fs/requirements/sphinx-v2/tests/036.test.mjs:467:1'
  failureType: 'testCodeFailure'
  error: 'ArtifactRef must not contain whitespace or control characters'
  code: 'ERR_TEST_FAILURE'
  ...
# Subtest: WHAT[sphinx-v2-036] invalid inquiry identities and material identities receive named refusals over real stdio
    # Subtest: WHAT[sphinx-v2-036] real sphinx_inquiry_status rejects invalid inquiry identity "a b"
    not ok 1 - WHAT[sphinx-v2-036] real sphinx_inquiry_status rejects invalid inquiry identity "a b"
      ---
      duration_ms: 2.401833
      type: 'test'
      location: '/Users/yuanxi/Workwork/vibe-fs/requirements/sphinx-v2/tests/036.test.mjs:497:17'
      failureType: 'testCodeFailure'
      error: 'MCP_RESPONSE_LAYOUT: invalid inquiry identity content 不是正式业务 JSON'
      code: 'ERR_TEST_FAILURE'
      stack: |-
        mcpRefusal (file:///Users/yuanxi/Workwork/vibe-fs/requirements/sphinx-v2/tests/036.test.mjs:189:27)
        expectMcpRefusal (file:///Users/yuanxi/Workwork/vibe-fs/requirements/sphinx-v2/tests/036.test.mjs:204:19)
        process.processTicksAndRejections (node:internal/process/task_queues:103:5)
        async TestContext.<anonymous> (file:///Users/yuanxi/Workwork/vibe-fs/requirements/sphinx-v2/tests/036.test.mjs:498:11)
        async Test.run (node:internal/test_runner/test:1054:7)
        async withSphinxStdio.startConfig.startConfig (file:///Users/yuanxi/Workwork/vibe-fs/requirements/sphinx-v2/tests/036.test.mjs:497:9)
        async withSphinxStdio (file:///Users/yuanxi/Workwork/vibe-fs/requirements/sphinx-v2/tests/036.test.mjs:309:5)
        async TestContext.<anonymous> (file:///Users/yuanxi/Workwork/vibe-fs/requirements/sphinx-v2/tests/036.test.mjs:489:3)
        async Test.run (node:internal/test_runner/test:1054:7)
        async Test.processPendingSubtests (node:internal/test_runner/test:744:7)
      ...
    # Subtest: WHAT[sphinx-v2-036] real sphinx_inquiry_export rejects invalid inquiry identity "a b"
    not ok 2 - WHAT[sphinx-v2-036] real sphinx_inquiry_export rejects invalid inquiry identity "a b"
      ---
      duration_ms: 0.769625
      type: 'test'
      location: '/Users/yuanxi/Workwork/vibe-fs/requirements/sphinx-v2/tests/036.test.mjs:497:17'
      failureType: 'testCodeFailure'
      error: 'MCP_RESPONSE_LAYOUT: invalid inquiry identity content 不是正式业务 JSON'
      code: 'ERR_TEST_FAILURE'
      stack: |-
        mcpRefusal (file:///Users/yuanxi/Workwork/vibe-fs/requirements/sphinx-v2/tests/036.test.mjs:189:27)
        expectMcpRefusal (file:///Users/yuanxi/Workwork/vibe-fs/requirements/sphinx-v2/tests/036.test.mjs:204:19)
        process.processTicksAndRejections (node:internal/process/task_queues:103:5)
        async TestContext.<anonymous> (file:///Users/yuanxi/Workwork/vibe-fs/requirements/sphinx-v2/tests/036.test.mjs:498:11)
        async Test.run (node:internal/test_runner/test:1054:7)
        async withSphinxStdio.startConfig.startConfig (file:///Users/yuanxi/Workwork/vibe-fs/requirements/sphinx-v2/tests/036.test.mjs:497:9)
        async withSphinxStdio (file:///Users/yuanxi/Workwork/vibe-fs/requirements/sphinx-v2/tests/036.test.mjs:309:5)
        async TestContext.<anonymous> (file:///Users/yuanxi/Workwork/vibe-fs/requirements/sphinx-v2/tests/036.test.mjs:489:3)
        async Test.run (node:internal/test_runner/test:1054:7)
        async Test.processPendingSubtests (node:internal/test_runner/test:744:7)
      ...
    # Subtest: WHAT[sphinx-v2-036] real sphinx_inquiry_cancel rejects invalid inquiry identity "a b"
    not ok 3 - WHAT[sphinx-v2-036] real sphinx_inquiry_cancel rejects invalid inquiry identity "a b"
      ---
      duration_ms: 0.781125
      type: 'test'
      location: '/Users/yuanxi/Workwork/vibe-fs/requirements/sphinx-v2/tests/036.test.mjs:497:17'
      failureType: 'testCodeFailure'
      error: 'MCP_RESPONSE_LAYOUT: invalid inquiry identity content 不是正式业务 JSON'
      code: 'ERR_TEST_FAILURE'
      stack: |-
        mcpRefusal (file:///Users/yuanxi/Workwork/vibe-fs/requirements/sphinx-v2/tests/036.test.mjs:189:27)
        expectMcpRefusal (file:///Users/yuanxi/Workwork/vibe-fs/requirements/sphinx-v2/tests/036.test.mjs:204:19)
        process.processTicksAndRejections (node:internal/process/task_queues:103:5)
        async TestContext.<anonymous> (file:///Users/yuanxi/Workwork/vibe-fs/requirements/sphinx-v2/tests/036.test.mjs:498:11)
        async Test.run (node:internal/test_runner/test:1054:7)
        async withSphinxStdio.startConfig.startConfig (file:///Users/yuanxi/Workwork/vibe-fs/requirements/sphinx-v2/tests/036.test.mjs:497:9)
        async withSphinxStdio (file:///Users/yuanxi/Workwork/vibe-fs/requirements/sphinx-v2/tests/036.test.mjs:309:5)
        async TestContext.<anonymous> (file:///Users/yuanxi/Workwork/vibe-fs/requirements/sphinx-v2/tests/036.test.mjs:489:3)
        async Test.run (node:internal/test_runner/test:1054:7)
        async Test.processPendingSubtests (node:internal/test_runner/test:744:7)
      ...
    # Subtest: WHAT[sphinx-v2-036] real sphinx_inquiry_status rejects invalid inquiry identity "inq\\nx"
    not ok 4 - WHAT[sphinx-v2-036] real sphinx_inquiry_status rejects invalid inquiry identity "inq\\nx"
      ---
      duration_ms: 0.425709
      type: 'test'
      location: '/Users/yuanxi/Workwork/vibe-fs/requirements/sphinx-v2/tests/036.test.mjs:497:17'
      failureType: 'testCodeFailure'
      error: 'MCP_RESPONSE_LAYOUT: invalid inquiry identity content 不是正式业务 JSON'
      code: 'ERR_TEST_FAILURE'
      stack: |-
        mcpRefusal (file:///Users/yuanxi/Workwork/vibe-fs/requirements/sphinx-v2/tests/036.test.mjs:189:27)
        expectMcpRefusal (file:///Users/yuanxi/Workwork/vibe-fs/requirements/sphinx-v2/tests/036.test.mjs:204:19)
        process.processTicksAndRejections (node:internal/process/task_queues:103:5)
        async TestContext.<anonymous> (file:///Users/yuanxi/Workwork/vibe-fs/requirements/sphinx-v2/tests/036.test.mjs:498:11)
        async Test.run (node:internal/test_runner/test:1054:7)
        async withSphinxStdio.startConfig.startConfig (file:///Users/yuanxi/Workwork/vibe-fs/requirements/sphinx-v2/tests/036.test.mjs:497:9)
        async withSphinxStdio (file:///Users/yuanxi/Workwork/vibe-fs/requirements/sphinx-v2/tests/036.test.mjs:309:5)
        async TestContext.<anonymous> (file:///Users/yuanxi/Workwork/vibe-fs/requirements/sphinx-v2/tests/036.test.mjs:489:3)
        async Test.run (node:internal/test_runner/test:1054:7)
        async Test.processPendingSubtests (node:internal/test_runner/test:744:7)
      ...
    # Subtest: WHAT[sphinx-v2-036] real sphinx_inquiry_export rejects invalid inquiry identity "inq\\nx"
    not ok 5 - WHAT[sphinx-v2-036] real sphinx_inquiry_export rejects invalid inquiry identity "inq\\nx"
      ---
      duration_ms: 0.647
      type: 'test'
      location: '/Users/yuanxi/Workwork/vibe-fs/requirements/sphinx-v2/tests/036.test.mjs:497:17'
      failureType: 'testCodeFailure'
      error: 'MCP_RESPONSE_LAYOUT: invalid inquiry identity content 不是正式业务 JSON'
      code: 'ERR_TEST_FAILURE'
      stack: |-
        mcpRefusal (file:///Users/yuanxi/Workwork/vibe-fs/requirements/sphinx-v2/tests/036.test.mjs:189:27)
        expectMcpRefusal (file:///Users/yuanxi/Workwork/vibe-fs/requirements/sphinx-v2/tests/036.test.mjs:204:19)
        process.processTicksAndRejections (node:internal/process/task_queues:103:5)
        async TestContext.<anonymous> (file:///Users/yuanxi/Workwork/vibe-fs/requirements/sphinx-v2/tests/036.test.mjs:498:11)
        async Test.run (node:internal/test_runner/test:1054:7)
        async withSphinxStdio.startConfig.startConfig (file:///Users/yuanxi/Workwork/vibe-fs/requirements/sphinx-v2/tests/036.test.mjs:497:9)
        async withSphinxStdio (file:///Users/yuanxi/Workwork/vibe-fs/requirements/sphinx-v2/tests/036.test.mjs:309:5)
        async TestContext.<anonymous> (file:///Users/yuanxi/Workwork/vibe-fs/requirements/sphinx-v2/tests/036.test.mjs:489:3)
        async Test.run (node:internal/test_runner/test:1054:7)
        async Test.processPendingSubtests (node:internal/test_runner/test:744:7)
      ...
    # Subtest: WHAT[sphinx-v2-036] real sphinx_inquiry_cancel rejects invalid inquiry identity "inq\\nx"
    not ok 6 - WHAT[sphinx-v2-036] real sphinx_inquiry_cancel rejects invalid inquiry identity "inq\\nx"
      ---
      duration_ms: 0.651209
      type: 'test'
      location: '/Users/yuanxi/Workwork/vibe-fs/requirements/sphinx-v2/tests/036.test.mjs:497:17'
      failureType: 'testCodeFailure'
      error: 'MCP_RESPONSE_LAYOUT: invalid inquiry identity content 不是正式业务 JSON'
      code: 'ERR_TEST_FAILURE'
      stack: |-
        mcpRefusal (file:///Users/yuanxi/Workwork/vibe-fs/requirements/sphinx-v2/tests/036.test.mjs:189:27)
        expectMcpRefusal (file:///Users/yuanxi/Workwork/vibe-fs/requirements/sphinx-v2/tests/036.test.mjs:204:19)
        process.processTicksAndRejections (node:internal/process/task_queues:103:5)
        async TestContext.<anonymous> (file:///Users/yuanxi/Workwork/vibe-fs/requirements/sphinx-v2/tests/036.test.mjs:498:11)
        async Test.run (node:internal/test_runner/test:1054:7)
        async withSphinxStdio.startConfig.startConfig (file:///Users/yuanxi/Workwork/vibe-fs/requirements/sphinx-v2/tests/036.test.mjs:497:9)
        async withSphinxStdio (file:///Users/yuanxi/Workwork/vibe-fs/requirements/sphinx-v2/tests/036.test.mjs:309:5)
        async TestContext.<anonymous> (file:///Users/yuanxi/Workwork/vibe-fs/requirements/sphinx-v2/tests/036.test.mjs:489:3)
        async Test.run (node:internal/test_runner/test:1054:7)
        async Test.processPendingSubtests (node:internal/test_runner/test:744:7)
      ...
    # Subtest: WHAT[sphinx-v2-036] real sphinx_inquiry_status rejects invalid inquiry identity "inq\\u0000x"
    not ok 7 - WHAT[sphinx-v2-036] real sphinx_inquiry_status rejects invalid inquiry identity "inq\\u0000x"
      ---
      duration_ms: 0.611458
      type: 'test'
      location: '/Users/yuanxi/Workwork/vibe-fs/requirements/sphinx-v2/tests/036.test.mjs:497:17'
      failureType: 'testCodeFailure'
      error: 'MCP_RESPONSE_LAYOUT: invalid inquiry identity content 不是正式业务 JSON'
      code: 'ERR_TEST_FAILURE'
      stack: |-
        mcpRefusal (file:///Users/yuanxi/Workwork/vibe-fs/requirements/sphinx-v2/tests/036.test.mjs:189:27)
        expectMcpRefusal (file:///Users/yuanxi/Workwork/vibe-fs/requirements/sphinx-v2/tests/036.test.mjs:204:19)
        process.processTicksAndRejections (node:internal/process/task_queues:103:5)
        async TestContext.<anonymous> (file:///Users/yuanxi/Workwork/vibe-fs/requirements/sphinx-v2/tests/036.test.mjs:498:11)
        async Test.run (node:internal/test_runner/test:1054:7)
        async withSphinxStdio.startConfig.startConfig (file:///Users/yuanxi/Workwork/vibe-fs/requirements/sphinx-v2/tests/036.test.mjs:497:9)
        async withSphinxStdio (file:///Users/yuanxi/Workwork/vibe-fs/requirements/sphinx-v2/tests/036.test.mjs:309:5)
        async TestContext.<anonymous> (file:///Users/yuanxi/Workwork/vibe-fs/requirements/sphinx-v2/tests/036.test.mjs:489:3)
        async Test.run (node:internal/test_runner/test:1054:7)
        async Test.processPendingSubtests (node:internal/test_runner/test:744:7)
      ...
    # Subtest: WHAT[sphinx-v2-036] real sphinx_inquiry_export rejects invalid inquiry identity "inq\\u0000x"
    not ok 8 - WHAT[sphinx-v2-036] real sphinx_inquiry_export rejects invalid inquiry identity "inq\\u0000x"
      ---
      duration_ms: 0.632334
      type: 'test'
      location: '/Users/yuanxi/Workwork/vibe-fs/requirements/sphinx-v2/tests/036.test.mjs:497:17'
      failureType: 'testCodeFailure'
      error: 'MCP_RESPONSE_LAYOUT: invalid inquiry identity content 不是正式业务 JSON'
      code: 'ERR_TEST_FAILURE'
      stack: |-
        mcpRefusal (file:///Users/yuanxi/Workwork/vibe-fs/requirements/sphinx-v2/tests/036.test.mjs:189:27)
        expectMcpRefusal (file:///Users/yuanxi/Workwork/vibe-fs/requirements/sphinx-v2/tests/036.test.mjs:204:19)
        process.processTicksAndRejections (node:internal/process/task_queues:103:5)
        async TestContext.<anonymous> (file:///Users/yuanxi/Workwork/vibe-fs/requirements/sphinx-v2/tests/036.test.mjs:498:11)
        async Test.run (node:internal/test_runner/test:1054:7)
        async withSphinxStdio.startConfig.startConfig (file:///Users/yuanxi/Workwork/vibe-fs/requirements/sphinx-v2/tests/036.test.mjs:497:9)
        async withSphinxStdio (file:///Users/yuanxi/Workwork/vibe-fs/requirements/sphinx-v2/tests/036.test.mjs:309:5)
        async TestContext.<anonymous> (file:///Users/yuanxi/Workwork/vibe-fs/requirements/sphinx-v2/tests/036.test.mjs:489:3)
        async Test.run (node:internal/test_runner/test:1054:7)
        async Test.processPendingSubtests (node:internal/test_runner/test:744:7)
      ...
    # Subtest: WHAT[sphinx-v2-036] real sphinx_inquiry_cancel rejects invalid inquiry identity "inq\\u0000x"
    not ok 9 - WHAT[sphinx-v2-036] real sphinx_inquiry_cancel rejects invalid inquiry identity "inq\\u0000x"
      ---
      duration_ms: 0.758542
      type: 'test'
      location: '/Users/yuanxi/Workwork/vibe-fs/requirements/sphinx-v2/tests/036.test.mjs:497:17'
      failureType: 'testCodeFailure'
      error: 'MCP_RESPONSE_LAYOUT: invalid inquiry identity content 不是正式业务 JSON'
      code: 'ERR_TEST_FAILURE'
      stack: |-
        mcpRefusal (file:///Users/yuanxi/Workwork/vibe-fs/requirements/sphinx-v2/tests/036.test.mjs:189:27)
        expectMcpRefusal (file:///Users/yuanxi/Workwork/vibe-fs/requirements/sphinx-v2/tests/036.test.mjs:204:19)
        process.processTicksAndRejections (node:internal/process/task_queues:103:5)
        async TestContext.<anonymous> (file:///Users/yuanxi/Workwork/vibe-fs/requirements/sphinx-v2/tests/036.test.mjs:498:11)
        async Test.run (node:internal/test_runner/test:1054:7)
        async withSphinxStdio.startConfig.startConfig (file:///Users/yuanxi/Workwork/vibe-fs/requirements/sphinx-v2/tests/036.test.mjs:497:9)
        async withSphinxStdio (file:///Users/yuanxi/Workwork/vibe-fs/requirements/sphinx-v2/tests/036.test.mjs:309:5)
        async TestContext.<anonymous> (file:///Users/yuanxi/Workwork/vibe-fs/requirements/sphinx-v2/tests/036.test.mjs:489:3)
        async Test.run (node:internal/test_runner/test:1054:7)
        async Test.processPendingSubtests (node:internal/test_runner/test:744:7)
      ...
    # Subtest: WHAT[sphinx-v2-036] real start rejects invalid material identity "ref a"
    not ok 10 - WHAT[sphinx-v2-036] real start rejects invalid material identity "ref a"
      ---
      duration_ms: 1.359667
      type: 'test'
      location: '/Users/yuanxi/Workwork/vibe-fs/requirements/sphinx-v2/tests/036.test.mjs:503:15'
      failureType: 'testCodeFailure'
      error: 'MCP_RESPONSE_LAYOUT: invalid material identity content 不是正式业务 JSON'
      code: 'ERR_TEST_FAILURE'
      stack: |-
        mcpRefusal (file:///Users/yuanxi/Workwork/vibe-fs/requirements/sphinx-v2/tests/036.test.mjs:189:27)
        expectMcpRefusal (file:///Users/yuanxi/Workwork/vibe-fs/requirements/sphinx-v2/tests/036.test.mjs:204:19)
        process.processTicksAndRejections (node:internal/process/task_queues:103:5)
        async TestContext.<anonymous> (file:///Users/yuanxi/Workwork/vibe-fs/requirements/sphinx-v2/tests/036.test.mjs:504:9)
        async Test.run (node:internal/test_runner/test:1054:7)
        async withSphinxStdio.startConfig.startConfig (file:///Users/yuanxi/Workwork/vibe-fs/requirements/sphinx-v2/tests/036.test.mjs:503:7)
        async withSphinxStdio (file:///Users/yuanxi/Workwork/vibe-fs/requirements/sphinx-v2/tests/036.test.mjs:309:5)
        async TestContext.<anonymous> (file:///Users/yuanxi/Workwork/vibe-fs/requirements/sphinx-v2/tests/036.test.mjs:489:3)
        async Test.run (node:internal/test_runner/test:1054:7)
        async Test.processPendingSubtests (node:internal/test_runner/test:744:7)
      ...
    # Subtest: WHAT[sphinx-v2-036] real start rejects invalid material identity "ref\\nx"
    not ok 11 - WHAT[sphinx-v2-036] real start rejects invalid material identity "ref\\nx"
      ---
      duration_ms: 0.540667
      type: 'test'
      location: '/Users/yuanxi/Workwork/vibe-fs/requirements/sphinx-v2/tests/036.test.mjs:503:15'
      failureType: 'testCodeFailure'
      error: 'MCP_RESPONSE_LAYOUT: invalid material identity content 不是正式业务 JSON'
      code: 'ERR_TEST_FAILURE'
      stack: |-
        mcpRefusal (file:///Users/yuanxi/Workwork/vibe-fs/requirements/sphinx-v2/tests/036.test.mjs:189:27)
        expectMcpRefusal (file:///Users/yuanxi/Workwork/vibe-fs/requirements/sphinx-v2/tests/036.test.mjs:204:19)
        process.processTicksAndRejections (node:internal/process/task_queues:103:5)
        async TestContext.<anonymous> (file:///Users/yuanxi/Workwork/vibe-fs/requirements/sphinx-v2/tests/036.test.mjs:504:9)
        async Test.run (node:internal/test_runner/test:1054:7)
        async withSphinxStdio.startConfig.startConfig (file:///Users/yuanxi/Workwork/vibe-fs/requirements/sphinx-v2/tests/036.test.mjs:503:7)
        async withSphinxStdio (file:///Users/yuanxi/Workwork/vibe-fs/requirements/sphinx-v2/tests/036.test.mjs:309:5)
        async TestContext.<anonymous> (file:///Users/yuanxi/Workwork/vibe-fs/requirements/sphinx-v2/tests/036.test.mjs:489:3)
        async Test.run (node:internal/test_runner/test:1054:7)
        async Test.processPendingSubtests (node:internal/test_runner/test:744:7)
      ...
    # Subtest: WHAT[sphinx-v2-036] real start rejects invalid material identity "ref\\u0000x"
    not ok 12 - WHAT[sphinx-v2-036] real start rejects invalid material identity "ref\\u0000x"
      ---
      duration_ms: 0.665833
      type: 'test'
      location: '/Users/yuanxi/Workwork/vibe-fs/requirements/sphinx-v2/tests/036.test.mjs:503:15'
      failureType: 'testCodeFailure'
      error: 'MCP_RESPONSE_LAYOUT: invalid material identity content 不是正式业务 JSON'
      code: 'ERR_TEST_FAILURE'
      stack: |-
        mcpRefusal (file:///Users/yuanxi/Workwork/vibe-fs/requirements/sphinx-v2/tests/036.test.mjs:189:27)
        expectMcpRefusal (file:///Users/yuanxi/Workwork/vibe-fs/requirements/sphinx-v2/tests/036.test.mjs:204:19)
        process.processTicksAndRejections (node:internal/process/task_queues:103:5)
        async TestContext.<anonymous> (file:///Users/yuanxi/Workwork/vibe-fs/requirements/sphinx-v2/tests/036.test.mjs:504:9)
        async Test.run (node:internal/test_runner/test:1054:7)
        async withSphinxStdio.startConfig.startConfig (file:///Users/yuanxi/Workwork/vibe-fs/requirements/sphinx-v2/tests/036.test.mjs:503:7)
        async withSphinxStdio (file:///Users/yuanxi/Workwork/vibe-fs/requirements/sphinx-v2/tests/036.test.mjs:309:5)
        async TestContext.<anonymous> (file:///Users/yuanxi/Workwork/vibe-fs/requirements/sphinx-v2/tests/036.test.mjs:489:3)
        async Test.run (node:internal/test_runner/test:1054:7)
        async Test.processPendingSubtests (node:internal/test_runner/test:744:7)
      ...
    1..12
not ok 3 - WHAT[sphinx-v2-036] invalid inquiry identities and material identities receive named refusals over real stdio
  ---
  duration_ms: 168.241584
  type: 'test'
  location: '/Users/yuanxi/Workwork/vibe-fs/requirements/sphinx-v2/tests/036.test.mjs:488:1'
  failureType: 'subtestsFailed'
  error: '12 subtests failed'
  code: 'ERR_TEST_FAILURE'
  ...
1..3
# tests 15
# suites 0
# pass 0
# fail 15
# cancelled 0
# skipped 0
# todo 0
# duration_ms 328.552125
