js-boundary-gate: 3 violation(s) across 2 file(s)
  requirements/js-semantic-surface/tests/002.test.mjs:65 [du-shape] ['object spread', ['const fields = { attempt: 2 }', 'export const value = { ...fields }']],
  requirements/sphinx-v2/tests/007.test.mjs:137 [du-shape] body('InterpretationPending', { ...interpretationPending.payload, ...scenario.fields }),
  requirements/sphinx-v2/tests/007.test.mjs:207 [du-shape] body('InterpretationPending', { ...interpretationPending.payload, ...fields }),
js-boundary-gate: OK — 0 debt line(s) across 0 file(s)
js-boundary-gate: 1 violation(s) across 1 file(s)
  ../../../../var/folders/g_/3ydzn7kx5lg9ylq8fd9p_13r0000gn/T/js-surface-utGCck/requirements/consumer/tests/support/api.mjs:1 [deep-dist-import] import * as api from '../../../../dist/Internal/Unregistered.js'
js-boundary-gate: 1 violation(s) across 1 file(s)
  ../../../../var/folders/g_/3ydzn7kx5lg9ylq8fd9p_13r0000gn/T/js-surface-yXusCX/requirements/consumer/tests/001.test.mjs:3 [du-shape] export const value = api.fields
js-boundary-gate: 1 violation(s) across 1 file(s)
  ../../../../var/folders/g_/3ydzn7kx5lg9ylq8fd9p_13r0000gn/T/js-surface-7nGaNS/requirements/consumer/tests/001.test.mjs:4 [du-shape] export const value = data.fields
js-boundary-gate: 1 violation(s) across 1 file(s)
  ../../../../var/folders/g_/3ydzn7kx5lg9ylq8fd9p_13r0000gn/T/js-surface-M7BMTc/requirements/consumer/tests/001.test.mjs:1 [du-shape] export const read = value => value.fields
js-boundary-gate: 1 violation(s) across 1 file(s)
  ../../../../var/folders/g_/3ydzn7kx5lg9ylq8fd9p_13r0000gn/T/js-surface-Ildeqz/requirements/consumer/tests/001.test.mjs:2 [du-shape] export function read(data) { return data.fields }
js-boundary-gate: 1 violation(s) across 1 file(s)
  ../../../../var/folders/g_/3ydzn7kx5lg9ylq8fd9p_13r0000gn/T/js-surface-j1aNV4/requirements/consumer/tests/001.test.mjs:4 [du-shape] for (const scenario of scenarios) console.log(scenario.fields)
js-boundary-gate: 1 violation(s) across 1 file(s)
  ../../../../var/folders/g_/3ydzn7kx5lg9ylq8fd9p_13r0000gn/T/js-surface-0VXhQn/requirements/consumer/tests/001.test.mjs:5 [du-shape] for (const scenario of scenarios) console.log(scenario.fields)
✖ WHAT[js-semantic-surface-002] the current semantic zone passes the implemented boundary gate (917.689625ms)
✔ WHAT[js-semantic-surface-002] the same gate accepts a registered public import and rejects an internal module (2.264291ms)
✔ WHAT[js-semantic-surface-002] module discovery, generated-name probing and runtime representation access are detected (1.411416ms)
✔ WHAT[js-semantic-surface-002] a template that chooses an unregistered compiled module is detected (0.920958ms)
✔ WHAT[js-semantic-surface-002] ordinary data enumeration and standard function binding remain legal (1.585ms)
▶ WHAT[js-semantic-surface-002] native fixture fields and standard object spread are not runtime representation access
  ✖ WHAT[js-semantic-surface-002] accepts plain DTO through the actual gate (2.119334ms)
  ✖ WHAT[js-semantic-surface-002] accepts object spread through the actual gate (1.304875ms)
  ✖ WHAT[js-semantic-surface-002] accepts static fixture loop through the actual gate (1.159209ms)
✖ WHAT[js-semantic-surface-002] native fixture fields and standard object spread are not runtime representation access (4.931083ms)
▶ WHAT[js-semantic-surface-002] imported runtime and unproved fields receivers remain forbidden
  ✔ WHAT[js-semantic-surface-002] rejects imported namespace at the representation boundary (1.068292ms)
  ✔ WHAT[js-semantic-surface-002] rejects imported result at the representation boundary (1.134833ms)
  ✔ WHAT[js-semantic-surface-002] rejects unknown parameter at the representation boundary (1.119834ms)
  ✔ WHAT[js-semantic-surface-002] rejects shadowed native name at the representation boundary (1.1715ms)
  ✔ WHAT[js-semantic-surface-002] rejects mixed fixture array at the representation boundary (1.191ms)
  ✔ WHAT[js-semantic-surface-002] rejects mutated fixture array at the representation boundary (1.112417ms)
✔ WHAT[js-semantic-surface-002] imported runtime and unproved fields receivers remain forbidden (7.099125ms)
ℹ tests 16
ℹ suites 0
ℹ pass 11
ℹ fail 5
ℹ cancelled 0
ℹ skipped 0
ℹ todo 0
ℹ duration_ms 1015.195667

✖ failing tests:

test at requirements/js-semantic-surface/tests/002.test.mjs:11:1
✖ WHAT[js-semantic-surface-002] the current semantic zone passes the implemented boundary gate (917.689625ms)
  AssertionError [ERR_ASSERTION]: Expected values to be strictly equal:
  
  1 !== 0
  
      at TestContext.<anonymous> (file:///Users/yuanxi/Workwork/vibe-fs/requirements/js-semantic-surface/tests/002.test.mjs:12:10)
      at Test.runInAsyncScope (node:async_hooks:226:14)
      at Test.run (node:internal/test_runner/test:1397:25)
      at Test.start (node:internal/test_runner/test:1257:17)
      at startSubtestAfterBootstrap (node:internal/test_runner/harness:387:17) {
    generatedMessage: true,
    code: 'ERR_ASSERTION',
    actual: 1,
    expected: 0,
    operator: 'strictEqual',
    diff: 'simple'
  }

test at requirements/js-semantic-surface/tests/002.test.mjs:75:13
✖ WHAT[js-semantic-surface-002] accepts plain DTO through the actual gate (2.119334ms)
  AssertionError [ERR_ASSERTION]: Expected values to be strictly deep-equal:
  + actual - expected
  
  + [
  +   {
  +     file: '../../../../var/folders/g_/3ydzn7kx5lg9ylq8fd9p_13r0000gn/T/js-surface-XhPsld/requirements/consumer/tests/001.test.mjs',
  +     line: 2,
  +     rule: 'du-shape',
  +     text: 'export const value = data.fields'
  +   }
  + ]
  - []
  
      at TestContext.<anonymous> (file:///Users/yuanxi/Workwork/vibe-fs/requirements/js-semantic-surface/tests/002.test.mjs:78:14)
      at Test.runInAsyncScope (node:async_hooks:226:14)
      at Test.run (node:internal/test_runner/test:1397:25)
      at Test.start (node:internal/test_runner/test:1257:17)
      at TestContext.test (node:internal/test_runner/test:399:20)
      at TestContext.<anonymous> (file:///Users/yuanxi/Workwork/vibe-fs/requirements/js-semantic-surface/tests/002.test.mjs:75:13)
      at Test.runInAsyncScope (node:async_hooks:226:14)
      at Test.run (node:internal/test_runner/test:1397:25)
      at Test.processPendingSubtests (node:internal/test_runner/test:969:18)
      at Test.postRun (node:internal/test_runner/test:1537:19) {
    generatedMessage: true,
    code: 'ERR_ASSERTION',
    actual: [ { file: '../../../../var/folders/g_/3ydzn7kx5lg9ylq8fd9p_13r0000gn/T/js-surface-XhPsld/requirements/consumer/tests/001.test.mjs', line: 2, rule: 'du-shape', text: 'export const value = data.fields' } ],
    expected: [],
    operator: 'deepStrictEqual',
    diff: 'simple'
  }

test at requirements/js-semantic-surface/tests/002.test.mjs:75:13
✖ WHAT[js-semantic-surface-002] accepts object spread through the actual gate (1.304875ms)
  AssertionError [ERR_ASSERTION]: Expected values to be strictly deep-equal:
  + actual - expected
  
  + [
  +   {
  +     file: '../../../../var/folders/g_/3ydzn7kx5lg9ylq8fd9p_13r0000gn/T/js-surface-lHBbSx/requirements/consumer/tests/001.test.mjs',
  +     line: 2,
  +     rule: 'du-shape',
  +     text: 'export const value = { ...fields }'
  +   }
  + ]
  - []
  
      at TestContext.<anonymous> (file:///Users/yuanxi/Workwork/vibe-fs/requirements/js-semantic-surface/tests/002.test.mjs:78:14)
      at Test.runInAsyncScope (node:async_hooks:226:14)
      at Test.run (node:internal/test_runner/test:1397:25)
      at Test.start (node:internal/test_runner/test:1257:17)
      at TestContext.test (node:internal/test_runner/test:399:20)
      at TestContext.<anonymous> (file:///Users/yuanxi/Workwork/vibe-fs/requirements/js-semantic-surface/tests/002.test.mjs:75:13)
      at async Test.run (node:internal/test_runner/test:1404:7)
      at async Test.processPendingSubtests (node:internal/test_runner/test:969:7) {
    generatedMessage: true,
    code: 'ERR_ASSERTION',
    actual: [ { file: '../../../../var/folders/g_/3ydzn7kx5lg9ylq8fd9p_13r0000gn/T/js-surface-lHBbSx/requirements/consumer/tests/001.test.mjs', line: 2, rule: 'du-shape', text: 'export const value = { ...fields }' } ],
    expected: [],
    operator: 'deepStrictEqual',
    diff: 'simple'
  }

test at requirements/js-semantic-surface/tests/002.test.mjs:75:13
✖ WHAT[js-semantic-surface-002] accepts static fixture loop through the actual gate (1.159209ms)
  AssertionError [ERR_ASSERTION]: Expected values to be strictly deep-equal:
  + actual - expected
  
  + [
  +   {
  +     file: '../../../../var/folders/g_/3ydzn7kx5lg9ylq8fd9p_13r0000gn/T/js-surface-S6aWwm/requirements/consumer/tests/001.test.mjs',
  +     line: 3,
  +     rule: 'du-shape',
  +     text: 'const read = async () => ({ ...scenario.fields })'
  +   }
  + ]
  - []
  
      at TestContext.<anonymous> (file:///Users/yuanxi/Workwork/vibe-fs/requirements/js-semantic-surface/tests/002.test.mjs:78:14)
      at Test.runInAsyncScope (node:async_hooks:226:14)
      at Test.run (node:internal/test_runner/test:1397:25)
      at Test.start (node:internal/test_runner/test:1257:17)
      at TestContext.test (node:internal/test_runner/test:399:20)
      at TestContext.<anonymous> (file:///Users/yuanxi/Workwork/vibe-fs/requirements/js-semantic-surface/tests/002.test.mjs:75:13)
      at async Test.run (node:internal/test_runner/test:1404:7)
      at async Test.processPendingSubtests (node:internal/test_runner/test:969:7) {
    generatedMessage: true,
    code: 'ERR_ASSERTION',
    actual: [ { file: '../../../../var/folders/g_/3ydzn7kx5lg9ylq8fd9p_13r0000gn/T/js-surface-S6aWwm/requirements/consumer/tests/001.test.mjs', line: 3, rule: 'du-shape', text: 'const read = async () => ({ ...scenario.fields })' } ],
    expected: [],
    operator: 'deepStrictEqual',
    diff: 'simple'
  }
