js-boundary-gate: OK — 0 debt line(s) across 0 file(s)
js-boundary-gate: OK — 0 debt line(s) across 0 file(s)
js-boundary-gate: 1 violation(s) across 1 file(s)
  ../../../../var/folders/g_/3ydzn7kx5lg9ylq8fd9p_13r0000gn/T/js-surface-DyiI9G/requirements/consumer/tests/support/api.mjs:1 [deep-dist-import] import * as api from '../../../../dist/Internal/Unregistered.js'
js-boundary-gate: OK — 0 debt line(s) across 0 file(s)
js-boundary-gate: OK — 0 debt line(s) across 0 file(s)
js-boundary-gate: OK — 0 debt line(s) across 0 file(s)
js-boundary-gate: 1 violation(s) across 1 file(s)
  ../../../../var/folders/g_/3ydzn7kx5lg9ylq8fd9p_13r0000gn/T/js-surface-wT8IDo/requirements/consumer/tests/001.test.mjs:3 [du-shape] export const value = api.fields
js-boundary-gate: 1 violation(s) across 1 file(s)
  ../../../../var/folders/g_/3ydzn7kx5lg9ylq8fd9p_13r0000gn/T/js-surface-gKaVEI/requirements/consumer/tests/001.test.mjs:4 [du-shape] export const value = data.fields
js-boundary-gate: 1 violation(s) across 1 file(s)
  ../../../../var/folders/g_/3ydzn7kx5lg9ylq8fd9p_13r0000gn/T/js-surface-MHNhjK/requirements/consumer/tests/001.test.mjs:1 [du-shape] export const read = value => value.fields
js-boundary-gate: 1 violation(s) across 1 file(s)
  ../../../../var/folders/g_/3ydzn7kx5lg9ylq8fd9p_13r0000gn/T/js-surface-RZtQpD/requirements/consumer/tests/001.test.mjs:2 [du-shape] export function read(data) { return data.fields }
js-boundary-gate: 1 violation(s) across 1 file(s)
  ../../../../var/folders/g_/3ydzn7kx5lg9ylq8fd9p_13r0000gn/T/js-surface-uMM3IJ/requirements/consumer/tests/001.test.mjs:4 [du-shape] for (const scenario of scenarios) console.log(scenario.fields)
js-boundary-gate: 1 violation(s) across 1 file(s)
  ../../../../var/folders/g_/3ydzn7kx5lg9ylq8fd9p_13r0000gn/T/js-surface-PVjVaA/requirements/consumer/tests/001.test.mjs:5 [du-shape] for (const scenario of scenarios) console.log(scenario.fields)
js-boundary-gate: 1 violation(s) across 1 file(s)
  ../../../../var/folders/g_/3ydzn7kx5lg9ylq8fd9p_13r0000gn/T/js-surface-OfwxSb/requirements/consumer/tests/001.test.mjs:6 [du-shape] for (const scenario of scenarios) console.log(scenario.fields)
js-boundary-gate: 1 violation(s) across 1 file(s)
  ../../../../var/folders/g_/3ydzn7kx5lg9ylq8fd9p_13r0000gn/T/js-surface-qRSSdY/requirements/consumer/tests/001.test.mjs:5 [du-shape] for (const scenario of scenarios) console.log(scenario.fields)
js-boundary-gate: 1 violation(s) across 1 file(s)
  ../../../../var/folders/g_/3ydzn7kx5lg9ylq8fd9p_13r0000gn/T/js-surface-FSvmkm/requirements/consumer/tests/001.test.mjs:4 [du-shape] export const value = data["fields"]
✔ WHAT[js-semantic-surface-002] the current semantic zone passes the implemented boundary gate (1325.628667ms)
✔ WHAT[js-semantic-surface-002] the same gate accepts a registered public import and rejects an internal module (1.924709ms)
✔ WHAT[js-semantic-surface-002] module discovery, generated-name probing and runtime representation access are detected (1.367583ms)
✔ WHAT[js-semantic-surface-002] a template that chooses an unregistered compiled module is detected (1.158875ms)
✔ WHAT[js-semantic-surface-002] ordinary data enumeration and standard function binding remain legal (1.357375ms)
▶ WHAT[js-semantic-surface-002] native fixture fields and standard object spread are not runtime representation access
  ✔ WHAT[js-semantic-surface-002] accepts plain DTO through the actual gate (1.416791ms)
  ✔ WHAT[js-semantic-surface-002] accepts object spread through the actual gate (1.519ms)
  ✔ WHAT[js-semantic-surface-002] accepts static fixture loop through the actual gate (1.365792ms)
✔ WHAT[js-semantic-surface-002] native fixture fields and standard object spread are not runtime representation access (4.613959ms)
▶ WHAT[js-semantic-surface-002] imported runtime and unproved fields receivers remain forbidden
  ✔ WHAT[js-semantic-surface-002] rejects imported namespace at the representation boundary (1.385333ms)
  ✔ WHAT[js-semantic-surface-002] rejects imported result at the representation boundary (1.208833ms)
  ✔ WHAT[js-semantic-surface-002] rejects unknown parameter at the representation boundary (1.049333ms)
  ✔ WHAT[js-semantic-surface-002] rejects shadowed native name at the representation boundary (1.407375ms)
  ✔ WHAT[js-semantic-surface-002] rejects mixed fixture array at the representation boundary (1.132583ms)
  ✔ WHAT[js-semantic-surface-002] rejects mutated fixture array at the representation boundary (1.13175ms)
  ✔ WHAT[js-semantic-surface-002] rejects aliased runtime insertion at the representation boundary (1.073208ms)
  ✔ WHAT[js-semantic-surface-002] rejects escaped fixture container at the representation boundary (1.21475ms)
  ✔ WHAT[js-semantic-surface-002] rejects computed runtime access at the representation boundary (1.238625ms)
✔ WHAT[js-semantic-surface-002] imported runtime and unproved fields receivers remain forbidden (11.218417ms)
ℹ tests 19
ℹ suites 0
ℹ pass 19
ℹ fail 0
ℹ cancelled 0
ℹ skipped 0
ℹ todo 0
ℹ duration_ms 1414.063666
