js-boundary-gate: 4 violation(s) across 2 file(s)
  requirements/sphinx-v2/tests/009.test.mjs:6 [interop-helper] const result = bind(values.map(value => declaration(value)))
  requirements/sphinx-v2/tests/009.test.mjs:46 [interop-helper] const rejected = bind(values.map(value => declaration(value)))
  requirements/sphinx-v2/tests/015.test.mjs:9 [interop-helper] const result = bind([declaration(value)])
  requirements/sphinx-v2/tests/015.test.mjs:28 [interop-helper] const rejected = bind([declaration(declared, {...declared, [field]: replacement})])
js-boundary-gate: OK — 0 debt line(s) across 0 file(s)
js-boundary-gate: 1 violation(s) across 1 file(s)
  ../../../../var/folders/g_/3ydzn7kx5lg9ylq8fd9p_13r0000gn/T/js-surface-RtqAkf/requirements/consumer/tests/support/api.mjs:1 [deep-dist-import] import * as api from '../../../../dist/Internal/Unregistered.js'
js-boundary-gate: OK — 0 debt line(s) across 0 file(s)
js-boundary-gate: OK — 0 debt line(s) across 0 file(s)
js-boundary-gate: OK — 0 debt line(s) across 0 file(s)
js-boundary-gate: 1 violation(s) across 1 file(s)
  ../../../../var/folders/g_/3ydzn7kx5lg9ylq8fd9p_13r0000gn/T/js-surface-tErX1T/requirements/consumer/tests/001.test.mjs:3 [du-shape] export const value = api.fields
js-boundary-gate: 1 violation(s) across 1 file(s)
  ../../../../var/folders/g_/3ydzn7kx5lg9ylq8fd9p_13r0000gn/T/js-surface-VPvaT0/requirements/consumer/tests/001.test.mjs:4 [du-shape] export const value = data.fields
js-boundary-gate: 1 violation(s) across 1 file(s)
  ../../../../var/folders/g_/3ydzn7kx5lg9ylq8fd9p_13r0000gn/T/js-surface-mA60yk/requirements/consumer/tests/001.test.mjs:1 [du-shape] export const read = value => value.fields
js-boundary-gate: 1 violation(s) across 1 file(s)
  ../../../../var/folders/g_/3ydzn7kx5lg9ylq8fd9p_13r0000gn/T/js-surface-vqs3m0/requirements/consumer/tests/001.test.mjs:2 [du-shape] export function read(data) { return data.fields }
js-boundary-gate: 1 violation(s) across 1 file(s)
  ../../../../var/folders/g_/3ydzn7kx5lg9ylq8fd9p_13r0000gn/T/js-surface-814FY9/requirements/consumer/tests/001.test.mjs:4 [du-shape] for (const scenario of scenarios) console.log(scenario.fields)
js-boundary-gate: 1 violation(s) across 1 file(s)
  ../../../../var/folders/g_/3ydzn7kx5lg9ylq8fd9p_13r0000gn/T/js-surface-Y3xf76/requirements/consumer/tests/001.test.mjs:5 [du-shape] for (const scenario of scenarios) console.log(scenario.fields)
✖ WHAT[js-semantic-surface-002] the current semantic zone passes the implemented boundary gate (1336.200958ms)
✔ WHAT[js-semantic-surface-002] the same gate accepts a registered public import and rejects an internal module (2.122458ms)
✔ WHAT[js-semantic-surface-002] module discovery, generated-name probing and runtime representation access are detected (1.414083ms)
✔ WHAT[js-semantic-surface-002] a template that chooses an unregistered compiled module is detected (1.18925ms)
✔ WHAT[js-semantic-surface-002] ordinary data enumeration and standard function binding remain legal (1.7935ms)
▶ WHAT[js-semantic-surface-002] native fixture fields and standard object spread are not runtime representation access
  ✔ WHAT[js-semantic-surface-002] accepts plain DTO through the actual gate (1.300042ms)
  ✔ WHAT[js-semantic-surface-002] accepts object spread through the actual gate (1.082542ms)
  ✔ WHAT[js-semantic-surface-002] accepts static fixture loop through the actual gate (1.239041ms)
✔ WHAT[js-semantic-surface-002] native fixture fields and standard object spread are not runtime representation access (3.889125ms)
▶ WHAT[js-semantic-surface-002] imported runtime and unproved fields receivers remain forbidden
  ✔ WHAT[js-semantic-surface-002] rejects imported namespace at the representation boundary (1.203875ms)
  ✔ WHAT[js-semantic-surface-002] rejects imported result at the representation boundary (1.150375ms)
  ✔ WHAT[js-semantic-surface-002] rejects unknown parameter at the representation boundary (1.093917ms)
  ✔ WHAT[js-semantic-surface-002] rejects shadowed native name at the representation boundary (1.095209ms)
  ✔ WHAT[js-semantic-surface-002] rejects mixed fixture array at the representation boundary (1.052ms)
  ✔ WHAT[js-semantic-surface-002] rejects mutated fixture array at the representation boundary (1.144209ms)
✔ WHAT[js-semantic-surface-002] imported runtime and unproved fields receivers remain forbidden (7.017625ms)
ℹ tests 16
ℹ suites 0
ℹ pass 15
ℹ fail 1
ℹ cancelled 0
ℹ skipped 0
ℹ todo 0
ℹ duration_ms 1419.866125

✖ failing tests:

test at requirements/js-semantic-surface/tests/002.test.mjs:11:1
✖ WHAT[js-semantic-surface-002] the current semantic zone passes the implemented boundary gate (1336.200958ms)
  AssertionError [ERR_ASSERTION]: Expected values to be strictly equal:
  
  1 !== 0
  
      at TestContext.<anonymous> (file:///Users/yuanxi/Workwork/vibe-fs/requirements/js-semantic-surface/tests/002.test.mjs:12:10)
      at Test.runInAsyncScope (node:async_hooks:226:14)
      at Test.run (node:internal/test_runner/test:1397:25)
      at Test.start (node:internal/test_runner/test:1257:17)
      at startSubtestAfterBootstrap (node:internal/test_runner/harness:387:17) {
    generatedMessage: true,
    code: 'ERR_ASSERTION',
    actual: 1,
    expected: 0,
    operator: 'strictEqual',
    diff: 'simple'
  }
