runner: scoped 使用 TESTS_MJS_FILES=5 files
runner: build is current (1798 sources, 884 artifacts)
runner: discovery OVERRIDDEN by TESTS_MJS_FILES (5 file(s))
runner: 5 test file(s), 5000ms verdict-silence window
runner: file lifecycle {"entryFile":"/Users/yuanxi/Workwork/vibe-fs/requirements/delegation/tests/025.test.mjs","pid":6710,"parentPid":6689,"type":"runner:file-start","elapsedMs":35.15937500000001}
runner: file lifecycle {"entryFile":"/Users/yuanxi/Workwork/vibe-fs/requirements/dispatch-protocol/tests/006.test.mjs","pid":6710,"parentPid":6689,"type":"runner:file-start","elapsedMs":36.29383300000001}
runner: file lifecycle {"entryFile":"/Users/yuanxi/Workwork/vibe-fs/requirements/dispatch-protocol/tests/007.test.mjs","pid":6710,"parentPid":6689,"type":"runner:file-start","elapsedMs":37.79237500000005}
runner: file lifecycle {"entryFile":"/Users/yuanxi/Workwork/vibe-fs/requirements/verification-system/tests/006.test.mjs","pid":6710,"parentPid":6689,"type":"runner:file-start","elapsedMs":38.327583000000004}
runner: file lifecycle {"entryFile":"/Users/yuanxi/Workwork/vibe-fs/requirements/managed-session-lifecycle/tests/018.test.mjs","pid":6710,"parentPid":6689,"type":"runner:file-start","elapsedMs":39.40779100000003}
[verification-worker-cost] {"version":1,"phase":"pre-import","sequence":0,"entryFile":"/Users/yuanxi/Workwork/vibe-fs/requirements/delegation/tests/025.test.mjs","pid":6711,"parentPid":6710,"monotonicMs":18.769042,"cpuUserMicros":23815,"cpuSystemMicros":4624}
[verification-worker-cost] {"version":1,"phase":"pre-import","sequence":0,"entryFile":"/Users/yuanxi/Workwork/vibe-fs/requirements/dispatch-protocol/tests/007.test.mjs","pid":6713,"parentPid":6710,"monotonicMs":15.786416,"cpuUserMicros":21762,"cpuSystemMicros":3931}
[verification-worker-cost] {"version":1,"phase":"pre-import","sequence":0,"entryFile":"/Users/yuanxi/Workwork/vibe-fs/requirements/dispatch-protocol/tests/006.test.mjs","pid":6712,"parentPid":6710,"monotonicMs":17.958583,"cpuUserMicros":23782,"cpuSystemMicros":4056}
[verification-worker-cost] {"version":1,"phase":"pre-import","sequence":0,"entryFile":"/Users/yuanxi/Workwork/vibe-fs/requirements/managed-session-lifecycle/tests/018.test.mjs","pid":6715,"parentPid":6710,"monotonicMs":19.4805,"cpuUserMicros":24566,"cpuSystemMicros":4364}
[verification-worker-cost] {"version":1,"phase":"pre-import","sequence":0,"entryFile":"/Users/yuanxi/Workwork/vibe-fs/requirements/verification-system/tests/006.test.mjs","pid":6714,"parentPid":6710,"monotonicMs":19.554584,"cpuUserMicros":25195,"cpuSystemMicros":4482}
[verification-test-start] {"pid":6712,"parentPid":6710,"entryFile":"/Users/yuanxi/Workwork/vibe-fs/requirements/dispatch-protocol/tests/006.test.mjs","name":"WHAT[dispatch-protocol-006] DP_006_abandon_keeps_the_claim_sequence_consumed","fullName":"WHAT[dispatch-protocol-006] DP_006_abandon_keeps_the_claim_sequence_consumed"}
[verification-test-start] {"pid":6712,"parentPid":6710,"entryFile":"/Users/yuanxi/Workwork/vibe-fs/requirements/dispatch-protocol/tests/006.test.mjs","name":"WHAT[dispatch-protocol-006] DP_006_claim_sequence_advances_on_registration_not_on_resolution","fullName":"WHAT[dispatch-protocol-006] DP_006_claim_sequence_advances_on_registration_not_on_resolution"}
[verification-test-start] {"pid":6712,"parentPid":6710,"entryFile":"/Users/yuanxi/Workwork/vibe-fs/requirements/dispatch-protocol/tests/006.test.mjs","name":"WHAT[dispatch-protocol-006] DP_006_same_payload_landings_stay_exact_per_physical_message","fullName":"WHAT[dispatch-protocol-006] DP_006_same_payload_landings_stay_exact_per_physical_message"}
[verification-test-start] {"pid":6712,"parentPid":6710,"entryFile":"/Users/yuanxi/Workwork/vibe-fs/requirements/dispatch-protocol/tests/006.test.mjs","name":"WHAT[dispatch-protocol-006] an accepted None-root scope keeps its consumed sequence across new root","fullName":"WHAT[dispatch-protocol-006] an accepted None-root scope keeps its consumed sequence across new root"}
[verification-test-start] {"pid":6712,"parentPid":6710,"entryFile":"/Users/yuanxi/Workwork/vibe-fs/requirements/dispatch-protocol/tests/006.test.mjs","name":"WHAT[dispatch-protocol-006] an accepted None-root scope keeps its consumed sequence across exact run close","fullName":"WHAT[dispatch-protocol-006] an accepted None-root scope keeps its consumed sequence across exact run close"}

✖ failing tests:

test at /Users/yuanxi/Workwork/vibe-fs/requirements/dispatch-protocol/tests/006.test.mjs:130:3
✖ WHAT[dispatch-protocol-006] an accepted None-root scope keeps its consumed sequence across new root (2.649ms)
  AssertionError [ERR_ASSERTION]: a later independent same-payload root act cannot reuse an already physically accepted PromptKey
      at TestContext.<anonymous> (file:///Users/yuanxi/Workwork/vibe-fs/requirements/dispatch-protocol/tests/006.test.mjs:158:12)
      at Test.runInAsyncScope (node:async_hooks:214:14)
      at Test.run (node:internal/test_runner/test:1047:25)
      at async Test.processPendingSubtests (node:internal/test_runner/test:744:7)

test at /Users/yuanxi/Workwork/vibe-fs/requirements/dispatch-protocol/tests/006.test.mjs:130:3
✖ WHAT[dispatch-protocol-006] an accepted None-root scope keeps its consumed sequence across exact run close (2.933ms)
  AssertionError [ERR_ASSERTION]: a later independent same-payload root act cannot reuse an already physically accepted PromptKey
      at TestContext.<anonymous> (file:///Users/yuanxi/Workwork/vibe-fs/requirements/dispatch-protocol/tests/006.test.mjs:158:12)
      at Test.runInAsyncScope (node:async_hooks:214:14)
      at Test.run (node:internal/test_runner/test:1047:25)
      at async Test.processPendingSubtests (node:internal/test_runner/test:744:7)

[verification-worker-cost] {"version":1,"phase":"exit","sequence":1,"entryFile":"/Users/yuanxi/Workwork/vibe-fs/requirements/dispatch-protocol/tests/006.test.mjs","pid":6712,"parentPid":6710,"monotonicMs":147.183375,"cpuUserMicros":200959,"cpuSystemMicros":21893,"exitCode":1}
runner: file lifecycle {"entryFile":"/Users/yuanxi/Workwork/vibe-fs/requirements/dispatch-protocol/tests/006.test.mjs","type":"runner:file-drained","elapsedMs":208.416583}
runner: worker cost {"version":1,"entryFile":"/Users/yuanxi/Workwork/vibe-fs/requirements/dispatch-protocol/tests/006.test.mjs","enabled":true,"pid":6712,"status":"complete","reason":null,"preImport":{"version":1,"phase":"pre-import","sequence":0,"entryFile":"/Users/yuanxi/Workwork/vibe-fs/requirements/dispatch-protocol/tests/006.test.mjs","pid":6712,"parentPid":6710,"monotonicMs":17.958583,"cpuUserMicros":23782,"cpuSystemMicros":4056},"exit":{"version":1,"phase":"exit","sequence":1,"entryFile":"/Users/yuanxi/Workwork/vibe-fs/requirements/dispatch-protocol/tests/006.test.mjs","pid":6712,"parentPid":6710,"monotonicMs":147.183375,"cpuUserMicros":200959,"cpuSystemMicros":21893,"exitCode":1},"interval":{"clockPid":6712,"wallMs":129.224792,"cpuUserMicros":177177,"cpuSystemMicros":17837}}
[verification-test-start] {"pid":6714,"parentPid":6710,"entryFile":"/Users/yuanxi/Workwork/vibe-fs/requirements/verification-system/tests/006.test.mjs","name":"WHAT[verification-system-006] silence termination reclaims an actual detached tool and its descendant while preserving the caller's foreign group","fullName":"WHAT[verification-system-006] silence termination reclaims an actual detached tool and its descendant while preserving the caller's foreign group"}
[verification-test-start] {"pid":6715,"parentPid":6710,"entryFile":"/Users/yuanxi/Workwork/vibe-fs/requirements/managed-session-lifecycle/tests/018.test.mjs","name":"WHAT[managed-session-lifecycle-018] the original captured Fork sender rejects after runtime detach without claiming or sending","fullName":"WHAT[managed-session-lifecycle-018] the original captured Fork sender rejects after runtime detach without claiming or sending"}
[verification-test-start] {"pid":6711,"parentPid":6710,"entryFile":"/Users/yuanxi/Workwork/vibe-fs/requirements/delegation/tests/025.test.mjs","name":"WHAT[delegation-025] an invocation completes from its own genuinely accepted production retry successor","fullName":"WHAT[delegation-025] an invocation completes from its own genuinely accepted production retry successor"}
[verification-test-start] {"pid":6713,"parentPid":6710,"entryFile":"/Users/yuanxi/Workwork/vibe-fs/requirements/dispatch-protocol/tests/007.test.mjs","name":"WHAT[dispatch-protocol-007] accepting another real root preserves an earlier native Unknown root claim through cold reopen","fullName":"WHAT[dispatch-protocol-007] accepting another real root preserves an earlier native Unknown root claim through cold reopen"}
[verification-test-start] {"pid":6715,"parentPid":6710,"entryFile":"/Users/yuanxi/Workwork/vibe-fs/requirements/managed-session-lifecycle/tests/018.test.mjs","name":"WHAT[managed-session-lifecycle-018] detaching a pending Fork observer preserves its exact claim and unrelated physical waiter","fullName":"WHAT[managed-session-lifecycle-018] detaching a pending Fork observer preserves its exact claim and unrelated physical waiter"}
[verification-test-start] {"pid":6713,"parentPid":6710,"entryFile":"/Users/yuanxi/Workwork/vibe-fs/requirements/dispatch-protocol/tests/007.test.mjs","name":"WHAT[dispatch-protocol-007] the pure authority owner preserves an unlanded root when establishing and closing another exact run","fullName":"WHAT[dispatch-protocol-007] the pure authority owner preserves an unlanded root when establishing and closing another exact run"}
test at /Users/yuanxi/Workwork/vibe-fs/requirements/dispatch-protocol/tests/007.test.mjs:52:1
✖ WHAT[dispatch-protocol-007] accepting another real root preserves an earlier native Unknown root claim through cold reopen (142.003ms)
  AssertionError [ERR_ASSERTION]: new authority acceptance cannot silently abandon another root whose native physical outcome is still unknown
  + actual - expected
  
  + undefined
  - {
  -   authorityRoot: null,
  -   claimedAtRuntimeStartCount: 1,
  -   identitySeed: {
  -     kind: 'InheritedFromOwner',
  -     ownerAuthorityRoot: 'root-owner-d0-root-independent-unknown-root',
  -     ownerLogicalRun: '4cc3ced881c2ab6f7edf312a6ef9ffa12b2723186b461e76c6879fafa933df5d',
  -     ownerSession: 'owner-d0-root-independent-unknown-root',
  -     participantIdentity: {
  -       origin: 'InheritedFromOwner',
  -       participant: 'engineer',
  -       persona: 'Lead',
  -       personaCatalogVersion: 1,
  -       role: 'engineer'
  -     }
  -   },
  -   logicalRun: null,
  -   origin: 'AgentOwnerRoot',
  -   participant: 'engineer',
  -   payloadDigest: '83b4236fcb5ed107962b08fa1ef19694625176e6379aa20104210286cef427c3',
  -   promptKey: '7b03c725fdb528438321b9a17b42d591bb6d0e1d7e61ae6fee22247821171bfd',
  -   receipt: null,
  -   role: 'engineer',
  -   session: 'd0-root-independent-unknown-root'
  - }
  
      at file:///Users/yuanxi/Workwork/vibe-fs/requirements/dispatch-protocol/tests/007.test.mjs:90:20
      at async withJournal (file:///Users/yuanxi/Workwork/vibe-fs/requirements/dispatch-protocol/tests/support/authority.mjs:56:16)
      at async TestContext.<anonymous> (file:///Users/yuanxi/Workwork/vibe-fs/requirements/dispatch-protocol/tests/007.test.mjs:53:3)
      at async Test.run (node:internal/test_runner/test:1054:7)
      at async startSubtestAfterBootstrap (node:internal/test_runner/harness:296:3)

[verification-test-start] {"pid":6713,"parentPid":6710,"entryFile":"/Users/yuanxi/Workwork/vibe-fs/requirements/dispatch-protocol/tests/007.test.mjs","name":"WHAT[dispatch-protocol-007] the real root sender hands its exact local registration to the caller before entering the Host effect","fullName":"WHAT[dispatch-protocol-007] the real root sender hands its exact local registration to the caller before entering the Host effect"}
test at /Users/yuanxi/Workwork/vibe-fs/requirements/dispatch-protocol/tests/007.test.mjs:107:1
✖ WHAT[dispatch-protocol-007] the pure authority owner preserves an unlanded root when establishing and closing another exact run (2.380ms)
  AssertionError [ERR_ASSERTION]: establishing B cannot classify A logicalRun=None as a closed prior run
  + actual - expected
  
  + []
  - [
  -   {
  -     authorityRoot: null,
  -     claimedAtRuntimeStartCount: 0,
  -     identitySeed: {
  -       kind: 'InheritedFromOwner',
  -       ownerAuthorityRoot: 'pure-unknown-root-owner',
  -       ownerLogicalRun: 'test-hash(authority-runtime\n' +
  -         'pure-unknown-root-parent\n' +
  -         'pure-unknown-root-owner)',
  -       ownerSession: 'pure-unknown-root-parent',
  -       participantIdentity: {
  -         origin: 'InheritedFromOwner',
  -         participant: 'engineer',
  -         persona: 'Lead',
  -         personaCatalogVersion: 1,
  -         role: 'engineer'
  -       }
  -     },
  -     logicalRun: null,
  -     origin: 'AuthorityRoot',
  -     originLabel: 'AgentOwnerRoot',
  -     payloadDigest: 'unknown-root-A',
  -     promptKey: 'authority-owner-hash(pure-unknown-root-child\x1F\x00absent\x1F\x00absent\x1FAgentOwnerRoot\x1Funknown-root-A\x1F1)',
  -     receipt: null,
  -     session: 'pure-unknown-root-child'
  -   }
  - ]
  
      at TestContext.<anonymous> (file:///Users/yuanxi/Workwork/vibe-fs/requirements/dispatch-protocol/tests/007.test.mjs:129:18)
      at Test.runInAsyncScope (node:async_hooks:214:14)
      at Test.run (node:internal/test_runner/test:1047:25)
      at async Test.processPendingSubtests (node:internal/test_runner/test:744:7)

[verification-test-start] {"pid":6715,"parentPid":6710,"entryFile":"/Users/yuanxi/Workwork/vibe-fs/requirements/managed-session-lifecycle/tests/018.test.mjs","name":"WHAT[managed-session-lifecycle-018] actual tool runtime detach preserves durable Active child without physical abort","fullName":"WHAT[managed-session-lifecycle-018] actual tool runtime detach preserves durable Active child without physical abort"}
(node:6715) ExperimentalWarning: The MockTimers API is an experimental feature and might change at any time
(Use `node --trace-warnings ...` to show where the warning was created)
test at /Users/yuanxi/Workwork/vibe-fs/requirements/managed-session-lifecycle/tests/018.test.mjs:85:1
✖ WHAT[managed-session-lifecycle-018] detaching a pending Fork observer preserves its exact claim and unrelated physical waiter (100.959ms)
  AssertionError [ERR_ASSERTION]: the unrelated first Unknown claim is not abandoned or rewritten for fixture cleanup
  
  false !== true
  
      at TestContext.<anonymous> (file:///Users/yuanxi/Workwork/vibe-fs/requirements/managed-session-lifecycle/tests/018.test.mjs:151:14)
      at async Test.run (node:internal/test_runner/test:1054:7)
      at async Test.processPendingSubtests (node:internal/test_runner/test:744:7)

[verification-test-start] {"pid":6713,"parentPid":6710,"entryFile":"/Users/yuanxi/Workwork/vibe-fs/requirements/dispatch-protocol/tests/007.test.mjs","name":"WHAT[dispatch-protocol-007] a real Await root native Unknown result cannot reject another caller's waiter or alter its durable Pending claim","fullName":"WHAT[dispatch-protocol-007] a real Await root native Unknown result cannot reject another caller's waiter or alter its durable Pending claim"}
[verification-test-start] {"pid":6715,"parentPid":6710,"entryFile":"/Users/yuanxi/Workwork/vibe-fs/requirements/managed-session-lifecycle/tests/018.test.mjs","name":"WHAT[managed-session-lifecycle-018] real TurnAborted, retry, Fission and unknown stops preserve durable handles and permit re-enlist after process restart (GAP-133)","fullName":"WHAT[managed-session-lifecycle-018] real TurnAborted, retry, Fission and unknown stops preserve durable handles and permit re-enlist after process restart (GAP-133)"}
[verification-test-start] {"pid":6713,"parentPid":6710,"entryFile":"/Users/yuanxi/Workwork/vibe-fs/requirements/dispatch-protocol/tests/007.test.mjs","name":"WHAT[dispatch-protocol-007] the real continuation sender hands its exact local registration to the caller before entering the Host effect","fullName":"WHAT[dispatch-protocol-007] the real continuation sender hands its exact local registration to the caller before entering the Host effect"}
(node:6713) ExperimentalWarning: The MockTimers API is an experimental feature and might change at any time
(Use `node --trace-warnings ...` to show where the warning was created)
[verification-test-start] {"pid":6713,"parentPid":6710,"entryFile":"/Users/yuanxi/Workwork/vibe-fs/requirements/dispatch-protocol/tests/007.test.mjs","name":"WHAT[dispatch-protocol-007] a real Await continuation native Unknown result cannot reject another caller's waiter or alter its durable Pending claim","fullName":"WHAT[dispatch-protocol-007] a real Await continuation native Unknown result cannot reject another caller's waiter or alter its durable Pending claim"}
[verification-test-start] {"pid":6713,"parentPid":6710,"entryFile":"/Users/yuanxi/Workwork/vibe-fs/requirements/dispatch-protocol/tests/007.test.mjs","name":"WHAT[dispatch-protocol-007] repeated registration of the same root callback gives independent leases and an old release preserves the current observer","fullName":"WHAT[dispatch-protocol-007] repeated registration of the same root callback gives independent leases and an old release preserves the current observer"}
[verification-test-start] {"pid":6713,"parentPid":6710,"entryFile":"/Users/yuanxi/Workwork/vibe-fs/requirements/dispatch-protocol/tests/007.test.mjs","name":"WHAT[dispatch-protocol-007] disposing an old root lease twice cannot remove a different later observer","fullName":"WHAT[dispatch-protocol-007] disposing an old root lease twice cannot remove a different later observer"}
[verification-test-start] {"pid":6711,"parentPid":6710,"entryFile":"/Users/yuanxi/Workwork/vibe-fs/requirements/delegation/tests/025.test.mjs","name":"WHAT[delegation-025] old-retry cannot deliver an earlier genuinely accepted retry to a reused same-root invocation","fullName":"WHAT[delegation-025] old-retry cannot deliver an earlier genuinely accepted retry to a reused same-root invocation"}
[verification-test-start] {"pid":6713,"parentPid":6710,"entryFile":"/Users/yuanxi/Workwork/vibe-fs/requirements/dispatch-protocol/tests/007.test.mjs","name":"WHAT[dispatch-protocol-007] releasing a local root lease after Host Unknown preserves durable Pending bytes and other actual confirmation waiters","fullName":"WHAT[dispatch-protocol-007] releasing a local root lease after Host Unknown preserves durable Pending bytes and other actual confirmation waiters"}
[verification-test-start] {"pid":6713,"parentPid":6710,"entryFile":"/Users/yuanxi/Workwork/vibe-fs/requirements/dispatch-protocol/tests/007.test.mjs","name":"WHAT[dispatch-protocol-007] a current root lease callback exception preserves actual Accepted for every independent waiter","fullName":"WHAT[dispatch-protocol-007] a current root lease callback exception preserves actual Accepted for every independent waiter"}
[verification-test-start] {"pid":6713,"parentPid":6710,"entryFile":"/Users/yuanxi/Workwork/vibe-fs/requirements/dispatch-protocol/tests/007.test.mjs","name":"WHAT[dispatch-protocol-007] repeated registration of the same continuation callback gives independent leases and an old release preserves the current observer","fullName":"WHAT[dispatch-protocol-007] repeated registration of the same continuation callback gives independent leases and an old release preserves the current observer"}
[verification-test-start] {"pid":6715,"parentPid":6710,"entryFile":"/Users/yuanxi/Workwork/vibe-fs/requirements/managed-session-lifecycle/tests/018.test.mjs","name":"WHAT[managed-session-lifecycle-018] authorized owner cancellation durably abandons only its child and awaits the held Host abort","fullName":"WHAT[managed-session-lifecycle-018] authorized owner cancellation durably abandons only its child and awaits the held Host abort"}
[verification-test-start] {"pid":6713,"parentPid":6710,"entryFile":"/Users/yuanxi/Workwork/vibe-fs/requirements/dispatch-protocol/tests/007.test.mjs","name":"WHAT[dispatch-protocol-007] disposing an old continuation lease twice cannot remove a different later observer","fullName":"WHAT[dispatch-protocol-007] disposing an old continuation lease twice cannot remove a different later observer"}
[verification-test-start] {"pid":6715,"parentPid":6710,"entryFile":"/Users/yuanxi/Workwork/vibe-fs/requirements/managed-session-lifecycle/tests/018.test.mjs","name":"WHAT[managed-session-lifecycle-018] plugin shutdown waits for already admitted provider transforms and terminal callbacks without logical cancellation (GAP-133)","fullName":"WHAT[managed-session-lifecycle-018] plugin shutdown waits for already admitted provider transforms and terminal callbacks without logical cancellation (GAP-133)"}
[verification-test-start] {"pid":6715,"parentPid":6710,"entryFile":"/Users/yuanxi/Workwork/vibe-fs/requirements/managed-session-lifecycle/tests/018.test.mjs","name":"WHAT[managed-session-lifecycle-018] actual plugin dispose detaches capacity without cancelling durable Accepted executions","fullName":"WHAT[managed-session-lifecycle-018] actual plugin dispose detaches capacity without cancelling durable Accepted executions"}
[verification-test-start] {"pid":6713,"parentPid":6710,"entryFile":"/Users/yuanxi/Workwork/vibe-fs/requirements/dispatch-protocol/tests/007.test.mjs","name":"WHAT[dispatch-protocol-007] releasing a local continuation lease after Host Unknown preserves durable Pending bytes and other actual confirmation waiters","fullName":"WHAT[dispatch-protocol-007] releasing a local continuation lease after Host Unknown preserves durable Pending bytes and other actual confirmation waiters"}
[verification-test-start] {"pid":6713,"parentPid":6710,"entryFile":"/Users/yuanxi/Workwork/vibe-fs/requirements/dispatch-protocol/tests/007.test.mjs","name":"WHAT[dispatch-protocol-007] a current continuation lease callback exception preserves actual Accepted for every independent waiter","fullName":"WHAT[dispatch-protocol-007] a current continuation lease callback exception preserves actual Accepted for every independent waiter"}
[verification-test-start] {"pid":6713,"parentPid":6710,"entryFile":"/Users/yuanxi/Workwork/vibe-fs/requirements/dispatch-protocol/tests/007.test.mjs","name":"WHAT[dispatch-protocol-007] one detached root confirmation timeout leaves another waiter and the real acceptance observer intact","fullName":"WHAT[dispatch-protocol-007] one detached root confirmation timeout leaves another waiter and the real acceptance observer intact"}
[verification-test-start] {"pid":6714,"parentPid":6710,"entryFile":"/Users/yuanxi/Workwork/vibe-fs/requirements/verification-system/tests/006.test.mjs","name":"WHAT[verification-system-006] owned tool monitoring preserves actual terminals and rejects missing control evidence","fullName":"WHAT[verification-system-006] owned tool monitoring preserves actual terminals and rejects missing control evidence"}
[verification-test-start] {"pid":6714,"parentPid":6710,"entryFile":"/Users/yuanxi/Workwork/vibe-fs/requirements/verification-system/tests/006.test.mjs","name":"WHAT[verification-system-006] empty PATH preserves exact selected environment and actual independent process group","fullName":"WHAT[verification-system-006] owned tool monitoring preserves actual terminals and rejects missing control evidence > WHAT[verification-system-006] empty PATH preserves exact selected environment and actual independent process group"}
[verification-test-start] {"pid":6713,"parentPid":6710,"entryFile":"/Users/yuanxi/Workwork/vibe-fs/requirements/dispatch-protocol/tests/007.test.mjs","name":"WHAT[dispatch-protocol-007] detached root remains observable after both existing confirmation waiters time out","fullName":"WHAT[dispatch-protocol-007] detached root remains observable after both existing confirmation waiters time out"}
[verification-test-start] {"pid":6713,"parentPid":6710,"entryFile":"/Users/yuanxi/Workwork/vibe-fs/requirements/dispatch-protocol/tests/007.test.mjs","name":"WHAT[dispatch-protocol-007] one detached continuation confirmation timeout leaves another waiter and the real acceptance observer intact","fullName":"WHAT[dispatch-protocol-007] one detached continuation confirmation timeout leaves another waiter and the real acceptance observer intact"}
[verification-test-start] {"pid":6714,"parentPid":6710,"entryFile":"/Users/yuanxi/Workwork/vibe-fs/requirements/verification-system/tests/006.test.mjs","name":"WHAT[verification-system-006] a selected nonzero exit is preserved instead of the monitor exit","fullName":"WHAT[verification-system-006] owned tool monitoring preserves actual terminals and rejects missing control evidence > WHAT[verification-system-006] a selected nonzero exit is preserved instead of the monitor exit"}
[verification-test-start] {"pid":6711,"parentPid":6710,"entryFile":"/Users/yuanxi/Workwork/vibe-fs/requirements/delegation/tests/025.test.mjs","name":"WHAT[delegation-025] fallback-old-retry cannot deliver an earlier genuinely accepted retry to a reused same-root invocation","fullName":"WHAT[delegation-025] fallback-old-retry cannot deliver an earlier genuinely accepted retry to a reused same-root invocation"}
[verification-test-start] {"pid":6713,"parentPid":6710,"entryFile":"/Users/yuanxi/Workwork/vibe-fs/requirements/dispatch-protocol/tests/007.test.mjs","name":"WHAT[dispatch-protocol-007] detached continuation remains observable after both existing confirmation waiters time out","fullName":"WHAT[dispatch-protocol-007] detached continuation remains observable after both existing confirmation waiters time out"}
[verification-test-start] {"pid":6714,"parentPid":6710,"entryFile":"/Users/yuanxi/Workwork/vibe-fs/requirements/verification-system/tests/006.test.mjs","name":"WHAT[verification-system-006] a selected process signal is preserved instead of the monitor exit","fullName":"WHAT[verification-system-006] owned tool monitoring preserves actual terminals and rejects missing control evidence > WHAT[verification-system-006] a selected process signal is preserved instead of the monitor exit"}
[verification-test-start] {"pid":6714,"parentPid":6710,"entryFile":"/Users/yuanxi/Workwork/vibe-fs/requirements/verification-system/tests/006.test.mjs","name":"WHAT[verification-system-006] a real selected executable spawn failure retains its OS cause","fullName":"WHAT[verification-system-006] owned tool monitoring preserves actual terminals and rejects missing control evidence > WHAT[verification-system-006] a real selected executable spawn failure retains its OS cause"}
[verification-test-start] {"pid":6713,"parentPid":6710,"entryFile":"/Users/yuanxi/Workwork/vibe-fs/requirements/dispatch-protocol/tests/007.test.mjs","name":"WHAT[dispatch-protocol-007] observed AcceptanceUnknown retains its actual PromptKey and native verdict without resending or guessing from reason text","fullName":"WHAT[dispatch-protocol-007] observed AcceptanceUnknown retains its actual PromptKey and native verdict without resending or guessing from reason text"}
[verification-test-start] {"pid":6714,"parentPid":6710,"entryFile":"/Users/yuanxi/Workwork/vibe-fs/requirements/verification-system/tests/006.test.mjs","name":"WHAT[verification-system-006] missing monitor terminal before selected spawn rejects acceptance","fullName":"WHAT[verification-system-006] owned tool monitoring preserves actual terminals and rejects missing control evidence > WHAT[verification-system-006] missing monitor terminal before selected spawn rejects acceptance"}
[verification-test-start] {"pid":6713,"parentPid":6710,"entryFile":"/Users/yuanxi/Workwork/vibe-fs/requirements/dispatch-protocol/tests/007.test.mjs","name":"WHAT[dispatch-protocol-007] observed Fatal retains its actual PromptKey and native verdict without resending or guessing from reason text","fullName":"WHAT[dispatch-protocol-007] observed Fatal retains its actual PromptKey and native verdict without resending or guessing from reason text"}
[verification-test-start] {"pid":6714,"parentPid":6710,"entryFile":"/Users/yuanxi/Workwork/vibe-fs/requirements/verification-system/tests/006.test.mjs","name":"WHAT[verification-system-006] malformed monitor terminal before selected spawn rejects acceptance","fullName":"WHAT[verification-system-006] owned tool monitoring preserves actual terminals and rejects missing control evidence > WHAT[verification-system-006] malformed monitor terminal before selected spawn rejects acceptance"}
[verification-test-start] {"pid":6713,"parentPid":6710,"entryFile":"/Users/yuanxi/Workwork/vibe-fs/requirements/dispatch-protocol/tests/007.test.mjs","name":"WHAT[dispatch-protocol-007] fresh claim projection begins with no observed runtime restarts","fullName":"WHAT[dispatch-protocol-007] fresh claim projection begins with no observed runtime restarts"}
[verification-test-start] {"pid":6713,"parentPid":6710,"entryFile":"/Users/yuanxi/Workwork/vibe-fs/requirements/dispatch-protocol/tests/007.test.mjs","name":"WHAT[dispatch-protocol-007] PROMPT_007_detached_refused_abandons_send_failed_without_resend","fullName":"WHAT[dispatch-protocol-007] PROMPT_007_detached_refused_abandons_send_failed_without_resend"}
[verification-test-start] {"pid":6714,"parentPid":6710,"entryFile":"/Users/yuanxi/Workwork/vibe-fs/requirements/verification-system/tests/006.test.mjs","name":"WHAT[verification-system-006] duplicate monitor terminal before selected spawn rejects acceptance","fullName":"WHAT[verification-system-006] owned tool monitoring preserves actual terminals and rejects missing control evidence > WHAT[verification-system-006] duplicate monitor terminal before selected spawn rejects acceptance"}
[verification-test-start] {"pid":6714,"parentPid":6710,"entryFile":"/Users/yuanxi/Workwork/vibe-fs/requirements/verification-system/tests/006.test.mjs","name":"WHAT[verification-system-006] event safety ceilings validate input and count actual non-heartbeat events","fullName":"WHAT[verification-system-006] event safety ceilings validate input and count actual non-heartbeat events"}
[verification-test-start] {"pid":6714,"parentPid":6710,"entryFile":"/Users/yuanxi/Workwork/vibe-fs/requirements/verification-system/tests/006.test.mjs","name":"WHAT[verification-system-006] diagnostics preserve the actual wait and monitored subject","fullName":"WHAT[verification-system-006] diagnostics preserve the actual wait and monitored subject"}
[verification-test-start] {"pid":6714,"parentPid":6710,"entryFile":"/Users/yuanxi/Workwork/vibe-fs/requirements/verification-system/tests/006.test.mjs","name":"WHAT[verification-system-006] missing and corrupt wait snapshots disclose the diagnostic gap","fullName":"WHAT[verification-system-006] missing and corrupt wait snapshots disclose the diagnostic gap"}
[verification-test-start] {"pid":6714,"parentPid":6710,"entryFile":"/Users/yuanxi/Workwork/vibe-fs/requirements/verification-system/tests/006.test.mjs","name":"WHAT[verification-system-006] the initial silence window covers execution before its first progress","fullName":"WHAT[verification-system-006] the initial silence window covers execution before its first progress"}
[verification-test-start] {"pid":6714,"parentPid":6710,"entryFile":"/Users/yuanxi/Workwork/vibe-fs/requirements/verification-system/tests/006.test.mjs","name":"WHAT[verification-system-006] continuing progress outlives a window and silence is measured from its last advance","fullName":"WHAT[verification-system-006] continuing progress outlives a window and silence is measured from its last advance"}
[verification-test-start] {"pid":6714,"parentPid":6710,"entryFile":"/Users/yuanxi/Workwork/vibe-fs/requirements/verification-system/tests/006.test.mjs","name":"WHAT[verification-system-006] completed verdicts renew the window while repeated log traffic cannot","fullName":"WHAT[verification-system-006] completed verdicts renew the window while repeated log traffic cannot"}
[verification-test-start] {"pid":6714,"parentPid":6710,"entryFile":"/Users/yuanxi/Workwork/vibe-fs/requirements/verification-system/tests/006.test.mjs","name":"WHAT[verification-system-006] scheduling events do not renew the silence window","fullName":"WHAT[verification-system-006] scheduling events do not renew the silence window"}
[verification-test-start] {"pid":6714,"parentPid":6710,"entryFile":"/Users/yuanxi/Workwork/vibe-fs/requirements/verification-system/tests/006.test.mjs","name":"WHAT[verification-system-006] the real verdict transport records body entry with its actual parent test and process identity","fullName":"WHAT[verification-system-006] the real verdict transport records body entry with its actual parent test and process identity"}
[verification-test-start] {"pid":6713,"parentPid":6710,"entryFile":"/Users/yuanxi/Workwork/vibe-fs/requirements/dispatch-protocol/tests/007.test.mjs","name":"WHAT[dispatch-protocol-007] PROMPT_007_detached_outcome_unknown_keeps_claim_pending_never_resends","fullName":"WHAT[dispatch-protocol-007] PROMPT_007_detached_outcome_unknown_keeps_claim_pending_never_resends"}
[verification-test-start] {"pid":6714,"parentPid":6710,"entryFile":"/Users/yuanxi/Workwork/vibe-fs/requirements/verification-system/tests/006.test.mjs","name":"WHAT[verification-system-006] worker cost observations identify two actual file processes and leave an unobserved exit missing","fullName":"WHAT[verification-system-006] worker cost observations identify two actual file processes and leave an unobserved exit missing"}
[verification-test-start] {"pid":6713,"parentPid":6710,"entryFile":"/Users/yuanxi/Workwork/vibe-fs/requirements/dispatch-protocol/tests/007.test.mjs","name":"WHAT[dispatch-protocol-007] JNGD_nudge_releases_the_key_when_send_fails_and_retries","fullName":"WHAT[dispatch-protocol-007] JNGD_nudge_releases_the_key_when_send_fails_and_retries"}
[verification-test-start] {"pid":6713,"parentPid":6710,"entryFile":"/Users/yuanxi/Workwork/vibe-fs/requirements/dispatch-protocol/tests/007.test.mjs","name":"WHAT[dispatch-protocol-007] JNGD_join_gate_dedupes_same_terminal_but_rearms_for_fresh_terminal","fullName":"WHAT[dispatch-protocol-007] JNGD_join_gate_dedupes_same_terminal_but_rearms_for_fresh_terminal"}
[verification-test-start] {"pid":6713,"parentPid":6710,"entryFile":"/Users/yuanxi/Workwork/vibe-fs/requirements/dispatch-protocol/tests/007.test.mjs","name":"WHAT[dispatch-protocol-007] opening additional journal writers does not abandon an unresolved claim","fullName":"WHAT[dispatch-protocol-007] opening additional journal writers does not abandon an unresolved claim"}
[verification-test-start] {"pid":6714,"parentPid":6710,"entryFile":"/Users/yuanxi/Workwork/vibe-fs/requirements/verification-system/tests/006.test.mjs","name":"WHAT[verification-system-006] worker cost diagnostics preserve actual success and assertion failure with a closed exit sink","fullName":"WHAT[verification-system-006] worker cost diagnostics preserve actual success and assertion failure with a closed exit sink"}
[verification-worker-cost] {"version":1,"phase":"exit","sequence":1,"entryFile":"/Users/yuanxi/Workwork/vibe-fs/requirements/managed-session-lifecycle/tests/018.test.mjs","pid":6715,"parentPid":6710,"monotonicMs":2133.188375,"cpuUserMicros":1867892,"cpuSystemMicros":231777,"exitCode":1}
runner: file lifecycle {"entryFile":"/Users/yuanxi/Workwork/vibe-fs/requirements/managed-session-lifecycle/tests/018.test.mjs","type":"runner:file-drained","elapsedMs":2193.001166}
runner: worker cost {"version":1,"entryFile":"/Users/yuanxi/Workwork/vibe-fs/requirements/managed-session-lifecycle/tests/018.test.mjs","enabled":true,"pid":6715,"status":"complete","reason":null,"preImport":{"version":1,"phase":"pre-import","sequence":0,"entryFile":"/Users/yuanxi/Workwork/vibe-fs/requirements/managed-session-lifecycle/tests/018.test.mjs","pid":6715,"parentPid":6710,"monotonicMs":19.4805,"cpuUserMicros":24566,"cpuSystemMicros":4364},"exit":{"version":1,"phase":"exit","sequence":1,"entryFile":"/Users/yuanxi/Workwork/vibe-fs/requirements/managed-session-lifecycle/tests/018.test.mjs","pid":6715,"parentPid":6710,"monotonicMs":2133.188375,"cpuUserMicros":1867892,"cpuSystemMicros":231777,"exitCode":1},"interval":{"clockPid":6715,"wallMs":2113.707875,"cpuUserMicros":1843326,"cpuSystemMicros":227413}}
[verification-test-start] {"pid":6711,"parentPid":6710,"entryFile":"/Users/yuanxi/Workwork/vibe-fs/requirements/delegation/tests/025.test.mjs","name":"WHAT[delegation-025] late-retry cannot deliver an earlier genuinely accepted retry to a reused same-root invocation","fullName":"WHAT[delegation-025] late-retry cannot deliver an earlier genuinely accepted retry to a reused same-root invocation"}
[verification-test-start] {"pid":6711,"parentPid":6710,"entryFile":"/Users/yuanxi/Workwork/vibe-fs/requirements/delegation/tests/025.test.mjs","name":"WHAT[delegation-025] fallback-late-retry cannot deliver an earlier genuinely accepted retry to a reused same-root invocation","fullName":"WHAT[delegation-025] fallback-late-retry cannot deliver an earlier genuinely accepted retry to a reused same-root invocation"}
[verification-test-start] {"pid":6714,"parentPid":6710,"entryFile":"/Users/yuanxi/Workwork/vibe-fs/requirements/verification-system/tests/006.test.mjs","name":"WHAT[verification-system-006] continuing worker cost IPC cannot renew a pending file after invalid diagnostic evidence","fullName":"WHAT[verification-system-006] continuing worker cost IPC cannot renew a pending file after invalid diagnostic evidence"}
[verification-test-start] {"pid":6711,"parentPid":6710,"entryFile":"/Users/yuanxi/Workwork/vibe-fs/requirements/delegation/tests/025.test.mjs","name":"WHAT[delegation-025] production own-guard preserves invocation-owned accepted successors","fullName":"WHAT[delegation-025] production own-guard preserves invocation-owned accepted successors"}
[verification-test-start] {"pid":6714,"parentPid":6710,"entryFile":"/Users/yuanxi/Workwork/vibe-fs/requirements/verification-system/tests/006.test.mjs","name":"WHAT[verification-system-006] invalid worker cost IPC leaves actual runner verdicts and process cleanup unchanged","fullName":"WHAT[verification-system-006] invalid worker cost IPC leaves actual runner verdicts and process cleanup unchanged"}
[verification-test-start] {"pid":6714,"parentPid":6710,"entryFile":"/Users/yuanxi/Workwork/vibe-fs/requirements/verification-system/tests/006.test.mjs","name":"WHAT[verification-system-006] the worker cost collector rejects observations and invalid states presented as disabled","fullName":"WHAT[verification-system-006] the worker cost collector rejects observations and invalid states presented as disabled"}
[verification-test-start] {"pid":6714,"parentPid":6710,"entryFile":"/Users/yuanxi/Workwork/vibe-fs/requirements/verification-system/tests/006.test.mjs","name":"WHAT[verification-system-006] the worker cost collector preserves native cumulative units and only derives a same-process interval","fullName":"WHAT[verification-system-006] the worker cost collector preserves native cumulative units and only derives a same-process interval"}
[verification-test-start] {"pid":6714,"parentPid":6710,"entryFile":"/Users/yuanxi/Workwork/vibe-fs/requirements/verification-system/tests/006.test.mjs","name":"WHAT[verification-system-006] the worker cost collector invalidates forged, duplicate, reordered and wrongly attributed observations without a business verdict","fullName":"WHAT[verification-system-006] the worker cost collector invalidates forged, duplicate, reordered and wrongly attributed observations without a business verdict"}
[verification-test-start] {"pid":6714,"parentPid":6710,"entryFile":"/Users/yuanxi/Workwork/vibe-fs/requirements/verification-system/tests/006.test.mjs","name":"WHAT[verification-system-006] the worker cost collector bounds fragmented bytes and distinguishes disabled, missing and truncated observations","fullName":"WHAT[verification-system-006] the worker cost collector bounds fragmented bytes and distinguishes disabled, missing and truncated observations"}
[verification-test-start] {"pid":6714,"parentPid":6710,"entryFile":"/Users/yuanxi/Workwork/vibe-fs/requirements/verification-system/tests/006.test.mjs","name":"WHAT[verification-system-006] file waits distinguish queued, active and verdicts awaiting stream drain","fullName":"WHAT[verification-system-006] file waits distinguish queued, active and verdicts awaiting stream drain"}
[verification-test-start] {"pid":6711,"parentPid":6710,"entryFile":"/Users/yuanxi/Workwork/vibe-fs/requirements/delegation/tests/025.test.mjs","name":"WHAT[delegation-025] production old-guard preserves invocation-owned accepted successors","fullName":"WHAT[delegation-025] production old-guard preserves invocation-owned accepted successors"}
[verification-test-start] {"pid":6714,"parentPid":6710,"entryFile":"/Users/yuanxi/Workwork/vibe-fs/requirements/verification-system/tests/006.test.mjs","name":"WHAT[verification-system-006] file lifecycle facts reject unknown entries and impossible transitions","fullName":"WHAT[verification-system-006] file lifecycle facts reject unknown entries and impossible transitions"}
[verification-test-start] {"pid":6714,"parentPid":6710,"entryFile":"/Users/yuanxi/Workwork/vibe-fs/requirements/verification-system/tests/006.test.mjs","name":"WHAT[verification-system-006] a pending runtime test start remains diagnostic evidence without becoming a verdict","fullName":"WHAT[verification-system-006] a pending runtime test start remains diagnostic evidence without becoming a verdict"}
[verification-test-start] {"pid":6711,"parentPid":6710,"entryFile":"/Users/yuanxi/Workwork/vibe-fs/requirements/delegation/tests/025.test.mjs","name":"WHAT[delegation-025] production fallback-old-guard preserves invocation-owned accepted successors","fullName":"WHAT[delegation-025] production fallback-old-guard preserves invocation-owned accepted successors"}
[verification-test-start] {"pid":6714,"parentPid":6710,"entryFile":"/Users/yuanxi/Workwork/vibe-fs/requirements/verification-system/tests/006.test.mjs","name":"WHAT[verification-system-006] continuing body entry diagnostics cannot keep a genuinely pending test alive","fullName":"WHAT[verification-system-006] continuing body entry diagnostics cannot keep a genuinely pending test alive"}
[verification-test-start] {"pid":6714,"parentPid":6710,"entryFile":"/Users/yuanxi/Workwork/vibe-fs/requirements/verification-system/tests/006.test.mjs","name":"WHAT[verification-system-006] real tool diagnostics preserve stdout failure and complete cleanup without forwarding the control field","fullName":"WHAT[verification-system-006] real tool diagnostics preserve stdout failure and complete cleanup without forwarding the control field"}
[verification-test-start] {"pid":6711,"parentPid":6710,"entryFile":"/Users/yuanxi/Workwork/vibe-fs/requirements/delegation/tests/025.test.mjs","name":"WHAT[delegation-025] production late-guard preserves invocation-owned accepted successors","fullName":"WHAT[delegation-025] production late-guard preserves invocation-owned accepted successors"}
[verification-test-start] {"pid":6711,"parentPid":6710,"entryFile":"/Users/yuanxi/Workwork/vibe-fs/requirements/delegation/tests/025.test.mjs","name":"WHAT[delegation-025] production fallback-late-guard preserves invocation-owned accepted successors","fullName":"WHAT[delegation-025] production fallback-late-guard preserves invocation-owned accepted successors"}
[verification-test-start] {"pid":6714,"parentPid":6710,"entryFile":"/Users/yuanxi/Workwork/vibe-fs/requirements/verification-system/tests/006.test.mjs","name":"WHAT[verification-system-006] real silence diagnostics identify active waits separately from queued files","fullName":"WHAT[verification-system-006] real silence diagnostics identify active waits separately from queued files"}
[verification-test-start] {"pid":6714,"parentPid":6710,"entryFile":"/Users/yuanxi/Workwork/vibe-fs/requirements/verification-system/tests/006.test.mjs","name":"WHAT[verification-system-006] silence failure reclaims its process group before the caller catches it and completes cleanup","fullName":"WHAT[verification-system-006] silence failure reclaims its process group before the caller catches it and completes cleanup"}
[verification-test-start] {"pid":6711,"parentPid":6710,"entryFile":"/Users/yuanxi/Workwork/vibe-fs/requirements/delegation/tests/025.test.mjs","name":"WHAT[delegation-025] production repair own-missing preserves invocation-owned accepted successors","fullName":"WHAT[delegation-025] production repair own-missing preserves invocation-owned accepted successors"}
[verification-test-start] {"pid":6711,"parentPid":6710,"entryFile":"/Users/yuanxi/Workwork/vibe-fs/requirements/delegation/tests/025.test.mjs","name":"WHAT[delegation-025] production repair own-incomplete preserves invocation-owned accepted successors","fullName":"WHAT[delegation-025] production repair own-incomplete preserves invocation-owned accepted successors"}
[verification-test-start] {"pid":6711,"parentPid":6710,"entryFile":"/Users/yuanxi/Workwork/vibe-fs/requirements/delegation/tests/025.test.mjs","name":"WHAT[delegation-025] production repair old-missing preserves invocation-owned accepted successors","fullName":"WHAT[delegation-025] production repair old-missing preserves invocation-owned accepted successors"}
[verification-test-start] {"pid":6714,"parentPid":6710,"entryFile":"/Users/yuanxi/Workwork/vibe-fs/requirements/verification-system/tests/006.test.mjs","name":"WHAT[verification-system-006] synchronous runner spawn failure preserves its cause and stops its watchdog","fullName":"WHAT[verification-system-006] synchronous runner spawn failure preserves its cause and stops its watchdog"}
[verification-test-start] {"pid":6711,"parentPid":6710,"entryFile":"/Users/yuanxi/Workwork/vibe-fs/requirements/delegation/tests/025.test.mjs","name":"WHAT[delegation-025] production repair old-incomplete preserves invocation-owned accepted successors","fullName":"WHAT[delegation-025] production repair old-incomplete preserves invocation-owned accepted successors"}
[verification-test-start] {"pid":6714,"parentPid":6710,"entryFile":"/Users/yuanxi/Workwork/vibe-fs/requirements/verification-system/tests/006.test.mjs","name":"WHAT[verification-system-006] suite HOME cleanup failure preserves the original failed verdict and rejects acceptance","fullName":"WHAT[verification-system-006] suite HOME cleanup failure preserves the original failed verdict and rejects acceptance"}
[verification-test-start] {"pid":6714,"parentPid":6710,"entryFile":"/Users/yuanxi/Workwork/vibe-fs/requirements/verification-system/tests/006.test.mjs","name":"WHAT[verification-system-006] standalone inner owns only its allocated HOME and always releases it","fullName":"WHAT[verification-system-006] standalone inner owns only its allocated HOME and always releases it"}
[verification-test-start] {"pid":6714,"parentPid":6710,"entryFile":"/Users/yuanxi/Workwork/vibe-fs/requirements/verification-system/tests/006.test.mjs","name":"WHAT[verification-system-006] physical backstop diagnostics retain active verdicts and queued files while completed leaves continue advancing","fullName":"WHAT[verification-system-006] physical backstop diagnostics retain active verdicts and queued files while completed leaves continue advancing"}
[verification-test-start] {"pid":6711,"parentPid":6710,"entryFile":"/Users/yuanxi/Workwork/vibe-fs/requirements/delegation/tests/025.test.mjs","name":"WHAT[delegation-025] production repair late-missing preserves invocation-owned accepted successors","fullName":"WHAT[delegation-025] production repair late-missing preserves invocation-owned accepted successors"}
[verification-test-start] {"pid":6711,"parentPid":6710,"entryFile":"/Users/yuanxi/Workwork/vibe-fs/requirements/delegation/tests/025.test.mjs","name":"WHAT[delegation-025] production repair late-incomplete preserves invocation-owned accepted successors","fullName":"WHAT[delegation-025] production repair late-incomplete preserves invocation-owned accepted successors"}
[verification-test-start] {"pid":6711,"parentPid":6710,"entryFile":"/Users/yuanxi/Workwork/vibe-fs/requirements/delegation/tests/025.test.mjs","name":"WHAT[delegation-025] production repair fallback-old-missing preserves invocation-owned accepted successors","fullName":"WHAT[delegation-025] production repair fallback-old-missing preserves invocation-owned accepted successors"}
[verification-test-start] {"pid":6714,"parentPid":6710,"entryFile":"/Users/yuanxi/Workwork/vibe-fs/requirements/verification-system/tests/006.test.mjs","name":"WHAT[verification-system-006] synchronous work and microtasks deliver completed verdicts before the file ends","fullName":"WHAT[verification-system-006] synchronous work and microtasks deliver completed verdicts before the file ends"}
[verification-test-start] {"pid":6711,"parentPid":6710,"entryFile":"/Users/yuanxi/Workwork/vibe-fs/requirements/delegation/tests/025.test.mjs","name":"WHAT[delegation-025] production repair fallback-old-incomplete preserves invocation-owned accepted successors","fullName":"WHAT[delegation-025] production repair fallback-old-incomplete preserves invocation-owned accepted successors"}
[verification-test-start] {"pid":6711,"parentPid":6710,"entryFile":"/Users/yuanxi/Workwork/vibe-fs/requirements/delegation/tests/025.test.mjs","name":"WHAT[delegation-025] production repair fallback-late-missing preserves invocation-owned accepted successors","fullName":"WHAT[delegation-025] production repair fallback-late-missing preserves invocation-owned accepted successors"}
[verification-worker-cost] {"version":1,"phase":"exit","sequence":1,"entryFile":"/Users/yuanxi/Workwork/vibe-fs/requirements/dispatch-protocol/tests/007.test.mjs","pid":6713,"parentPid":6710,"monotonicMs":10590.188666,"cpuUserMicros":1644102,"cpuSystemMicros":248774,"exitCode":1}
runner: file lifecycle {"entryFile":"/Users/yuanxi/Workwork/vibe-fs/requirements/dispatch-protocol/tests/007.test.mjs","type":"runner:file-drained","elapsedMs":10650.367833}
runner: worker cost {"version":1,"entryFile":"/Users/yuanxi/Workwork/vibe-fs/requirements/dispatch-protocol/tests/007.test.mjs","enabled":true,"pid":6713,"status":"complete","reason":null,"preImport":{"version":1,"phase":"pre-import","sequence":0,"entryFile":"/Users/yuanxi/Workwork/vibe-fs/requirements/dispatch-protocol/tests/007.test.mjs","pid":6713,"parentPid":6710,"monotonicMs":15.786416,"cpuUserMicros":21762,"cpuSystemMicros":3931},"exit":{"version":1,"phase":"exit","sequence":1,"entryFile":"/Users/yuanxi/Workwork/vibe-fs/requirements/dispatch-protocol/tests/007.test.mjs","pid":6713,"parentPid":6710,"monotonicMs":10590.188666,"cpuUserMicros":1644102,"cpuSystemMicros":248774,"exitCode":1},"interval":{"clockPid":6713,"wallMs":10574.40225,"cpuUserMicros":1622340,"cpuSystemMicros":244843}}
[verification-test-start] {"pid":6711,"parentPid":6710,"entryFile":"/Users/yuanxi/Workwork/vibe-fs/requirements/delegation/tests/025.test.mjs","name":"WHAT[delegation-025] production repair fallback-late-incomplete preserves invocation-owned accepted successors","fullName":"WHAT[delegation-025] production repair fallback-late-incomplete preserves invocation-owned accepted successors"}
[verification-test-start] {"pid":6711,"parentPid":6710,"entryFile":"/Users/yuanxi/Workwork/vibe-fs/requirements/delegation/tests/025.test.mjs","name":"WHAT[delegation-025] late failure from a previous root cannot settle a reused sync call","fullName":"WHAT[delegation-025] late failure from a previous root cannot settle a reused sync call"}
[verification-test-start] {"pid":6711,"parentPid":6710,"entryFile":"/Users/yuanxi/Workwork/vibe-fs/requirements/delegation/tests/025.test.mjs","name":"WHAT[delegation-025] future Host subscriber excludes old terminal and retains new execution identity","fullName":"WHAT[delegation-025] future Host subscriber excludes old terminal and retains new execution identity"}
[verification-test-start] {"pid":6711,"parentPid":6710,"entryFile":"/Users/yuanxi/Workwork/vibe-fs/requirements/delegation/tests/025.test.mjs","name":"WHAT[delegation-025] actual fork execution rejects late run-scoped success failure and abort while preserving legitimate session-wide failures (GAP-153)","fullName":"WHAT[delegation-025] actual fork execution rejects late run-scoped success failure and abort while preserving legitimate session-wide failures (GAP-153)"}
[verification-test-start] {"pid":6711,"parentPid":6710,"entryFile":"/Users/yuanxi/Workwork/vibe-fs/requirements/delegation/tests/025.test.mjs","name":"WHAT[delegation-025] observed Engineer execution publishes the exact admitted prompt and causal formal terminal after the existing workflow","fullName":"WHAT[delegation-025] observed Engineer execution publishes the exact admitted prompt and causal formal terminal after the existing workflow"}
[verification-test-start] {"pid":6711,"parentPid":6710,"entryFile":"/Users/yuanxi/Workwork/vibe-fs/requirements/delegation/tests/025.test.mjs","name":"WHAT[delegation-025] observed invocations reuse a child while preserving distinct prompt and terminal identities and rejecting previous terminals","fullName":"WHAT[delegation-025] observed invocations reuse a child while preserving distinct prompt and terminal identities and rejecting previous terminals"}
[verification-test-start] {"pid":6714,"parentPid":6710,"entryFile":"/Users/yuanxi/Workwork/vibe-fs/requirements/verification-system/tests/006.test.mjs","name":"WHAT[verification-system-006] transport scheduling cannot renew unfinished work or background noise","fullName":"WHAT[verification-system-006] transport scheduling cannot renew unfinished work or background noise"}
[verification-test-start] {"pid":6711,"parentPid":6710,"entryFile":"/Users/yuanxi/Workwork/vibe-fs/requirements/delegation/tests/025.test.mjs","name":"WHAT[delegation-025] rejection before dispatch settles both observed tasks without another Host prompt","fullName":"WHAT[delegation-025] rejection before dispatch settles both observed tasks without another Host prompt"}
[verification-test-start] {"pid":6711,"parentPid":6710,"entryFile":"/Users/yuanxi/Workwork/vibe-fs/requirements/delegation/tests/025.test.mjs","name":"WHAT[delegation-025] owner disposal after proven admission fails the existing observed completion without inventing physical abort","fullName":"WHAT[delegation-025] owner disposal after proven admission fails the existing observed completion without inventing physical abort"}
[verification-test-start] {"pid":6711,"parentPid":6710,"entryFile":"/Users/yuanxi/Workwork/vibe-fs/requirements/delegation/tests/025.test.mjs","name":"WHAT[delegation-025] production completed-turn fallback rejects wrong-root instead of settling the reused observed invocation","fullName":"WHAT[delegation-025] production completed-turn fallback rejects wrong-root instead of settling the reused observed invocation"}
[verification-test-start] {"pid":6711,"parentPid":6710,"entryFile":"/Users/yuanxi/Workwork/vibe-fs/requirements/delegation/tests/025.test.mjs","name":"WHAT[delegation-025] production completed-turn fallback rejects previous-physical instead of settling the reused observed invocation","fullName":"WHAT[delegation-025] production completed-turn fallback rejects previous-physical instead of settling the reused observed invocation"}
[verification-test-start] {"pid":6711,"parentPid":6710,"entryFile":"/Users/yuanxi/Workwork/vibe-fs/requirements/delegation/tests/025.test.mjs","name":"WHAT[delegation-025] production completed-turn fallback settles its invocation once and preserves the first causal response","fullName":"WHAT[delegation-025] production completed-turn fallback settles its invocation once and preserves the first causal response"}
[verification-test-start] {"pid":6711,"parentPid":6710,"entryFile":"/Users/yuanxi/Workwork/vibe-fs/requirements/delegation/tests/025.test.mjs","name":"WHAT[delegation-025] a real preparation exception settles observed admission and completion without a Host send","fullName":"WHAT[delegation-025] a real preparation exception settles observed admission and completion without a Host send"}
[verification-test-start] {"pid":6711,"parentPid":6710,"entryFile":"/Users/yuanxi/Workwork/vibe-fs/requirements/delegation/tests/025.test.mjs","name":"WHAT[delegation-025] a real Host send promise exception preserves its actual key without fabricating an outcome","fullName":"WHAT[delegation-025] a real Host send promise exception preserves its actual key without fabricating an outcome"}
[verification-worker-cost] {"version":1,"phase":"exit","sequence":1,"entryFile":"/Users/yuanxi/Workwork/vibe-fs/requirements/delegation/tests/025.test.mjs","pid":6711,"parentPid":6710,"monotonicMs":12077.392417,"cpuUserMicros":1128029,"cpuSystemMicros":196444,"exitCode":0}
runner: file lifecycle {"entryFile":"/Users/yuanxi/Workwork/vibe-fs/requirements/delegation/tests/025.test.mjs","type":"runner:file-drained","elapsedMs":12129.815833}
runner: worker cost {"version":1,"entryFile":"/Users/yuanxi/Workwork/vibe-fs/requirements/delegation/tests/025.test.mjs","enabled":true,"pid":6711,"status":"complete","reason":null,"preImport":{"version":1,"phase":"pre-import","sequence":0,"entryFile":"/Users/yuanxi/Workwork/vibe-fs/requirements/delegation/tests/025.test.mjs","pid":6711,"parentPid":6710,"monotonicMs":18.769042,"cpuUserMicros":23815,"cpuSystemMicros":4624},"exit":{"version":1,"phase":"exit","sequence":1,"entryFile":"/Users/yuanxi/Workwork/vibe-fs/requirements/delegation/tests/025.test.mjs","pid":6711,"parentPid":6710,"monotonicMs":12077.392417,"cpuUserMicros":1128029,"cpuSystemMicros":196444,"exitCode":0},"interval":{"clockPid":6711,"wallMs":12058.623375,"cpuUserMicros":1104214,"cpuSystemMicros":191820}}
[verification-test-start] {"pid":6714,"parentPid":6710,"entryFile":"/Users/yuanxi/Workwork/vibe-fs/requirements/verification-system/tests/006.test.mjs","name":"WHAT[verification-system-006] transport scheduling preserves after-hook failure verdicts","fullName":"WHAT[verification-system-006] transport scheduling preserves after-hook failure verdicts"}
[verification-test-start] {"pid":6714,"parentPid":6710,"entryFile":"/Users/yuanxi/Workwork/vibe-fs/requirements/verification-system/tests/006.test.mjs","name":"WHAT[verification-system-006] repeat observations of one causal state do not renew twice","fullName":"WHAT[verification-system-006] repeat observations of one causal state do not renew twice"}
[verification-test-start] {"pid":6714,"parentPid":6710,"entryFile":"/Users/yuanxi/Workwork/vibe-fs/requirements/verification-system/tests/006.test.mjs","name":"WHAT[verification-system-006] stop cancels monitoring and late signals cannot resurrect it","fullName":"WHAT[verification-system-006] stop cancels monitoring and late signals cannot resurrect it"}
[verification-test-start] {"pid":6714,"parentPid":6710,"entryFile":"/Users/yuanxi/Workwork/vibe-fs/requirements/verification-system/tests/006.test.mjs","name":"WHAT[verification-system-006] changing the window does not invent new causal progress","fullName":"WHAT[verification-system-006] changing the window does not invent new causal progress"}
[verification-test-start] {"pid":6714,"parentPid":6710,"entryFile":"/Users/yuanxi/Workwork/vibe-fs/requirements/verification-system/tests/006.test.mjs","name":"WHAT[verification-system-006] restoring the default window retains the original last-progress time","fullName":"WHAT[verification-system-006] restoring the default window retains the original last-progress time"}
[verification-test-start] {"pid":6714,"parentPid":6710,"entryFile":"/Users/yuanxi/Workwork/vibe-fs/requirements/verification-system/tests/006.test.mjs","name":"WHAT[verification-system-006] failed diagnostic collection discloses its cause before exit","fullName":"WHAT[verification-system-006] failed diagnostic collection discloses its cause before exit"}
[verification-test-start] {"pid":6714,"parentPid":6710,"entryFile":"/Users/yuanxi/Workwork/vibe-fs/requirements/verification-system/tests/006.test.mjs","name":"WHAT[verification-system-006] hung diagnostic collection discloses missing information and cannot prevent exit","fullName":"WHAT[verification-system-006] hung diagnostic collection discloses missing information and cannot prevent exit"}
[verification-test-start] {"pid":6714,"parentPid":6710,"entryFile":"/Users/yuanxi/Workwork/vibe-fs/requirements/verification-system/tests/006.test.mjs","name":"WHAT[verification-system-006] successful diagnostic collection completes before a single exit","fullName":"WHAT[verification-system-006] successful diagnostic collection completes before a single exit"}
[verification-test-start] {"pid":6714,"parentPid":6710,"entryFile":"/Users/yuanxi/Workwork/vibe-fs/requirements/verification-system/tests/006.test.mjs","name":"WHAT[verification-system-006] a diagnostic output failure still terminates once and cannot restart monitoring","fullName":"WHAT[verification-system-006] a diagnostic output failure still terminates once and cannot restart monitoring"}
[verification-test-start] {"pid":6714,"parentPid":6710,"entryFile":"/Users/yuanxi/Workwork/vibe-fs/requirements/verification-system/tests/006.test.mjs","name":"WHAT[verification-system-006] consumed expectation observations preserve the matched physical attempt","fullName":"WHAT[verification-system-006] consumed expectation observations preserve the matched physical attempt"}
[verification-test-start] {"pid":6714,"parentPid":6710,"entryFile":"/Users/yuanxi/Workwork/vibe-fs/requirements/verification-system/tests/006.test.mjs","name":"WHAT[verification-system-006] turn observations keep session identity and forget pre-restart cursors","fullName":"WHAT[verification-system-006] turn observations keep session identity and forget pre-restart cursors"}
[verification-test-start] {"pid":6714,"parentPid":6710,"entryFile":"/Users/yuanxi/Workwork/vibe-fs/requirements/verification-system/tests/006.test.mjs","name":"WHAT[verification-system-006] alternative progress waits resolve the observed branch and release siblings","fullName":"WHAT[verification-system-006] alternative progress waits resolve the observed branch and release siblings"}
[verification-worker-cost] {"version":1,"phase":"exit","sequence":1,"entryFile":"/Users/yuanxi/Workwork/vibe-fs/requirements/verification-system/tests/006.test.mjs","pid":6714,"parentPid":6710,"monotonicMs":17051.283209,"cpuUserMicros":391429,"cpuSystemMicros":92050,"exitCode":0}
runner: file lifecycle {"entryFile":"/Users/yuanxi/Workwork/vibe-fs/requirements/verification-system/tests/006.test.mjs","type":"runner:file-drained","elapsedMs":17105.426958}
runner: worker cost {"version":1,"entryFile":"/Users/yuanxi/Workwork/vibe-fs/requirements/verification-system/tests/006.test.mjs","enabled":true,"pid":6714,"status":"complete","reason":null,"preImport":{"version":1,"phase":"pre-import","sequence":0,"entryFile":"/Users/yuanxi/Workwork/vibe-fs/requirements/verification-system/tests/006.test.mjs","pid":6714,"parentPid":6710,"monotonicMs":19.554584,"cpuUserMicros":25195,"cpuSystemMicros":4482},"exit":{"version":1,"phase":"exit","sequence":1,"entryFile":"/Users/yuanxi/Workwork/vibe-fs/requirements/verification-system/tests/006.test.mjs","pid":6714,"parentPid":6710,"monotonicMs":17051.283209,"cpuUserMicros":391429,"cpuSystemMicros":92050,"exitCode":0},"interval":{"clockPid":6714,"wallMs":17031.728625,"cpuUserMicros":366234,"cpuSystemMicros":87568}}

[test-summary] 5 file(s), 113 passed, 5 failed, 2 todo (17.07s wall, 32.62s test time)
  todo: /Users/yuanxi/Workwork/vibe-fs/requirements/managed-session-lifecycle/tests/018.test.mjs:WHAT[managed-session-lifecycle-018] plugin shutdown waits for already admitted provider transforms and terminal callbacks without logical cancellation (GAP-133) — reason not supplied
  todo: /Users/yuanxi/Workwork/vibe-fs/requirements/delegation/tests/025.test.mjs:WHAT[delegation-025] actual fork execution rejects late run-scoped success failure and abort while preserving legitimate session-wide failures (GAP-153) — reason not supplied
runner: post-exit group verification/reclamation: pid=6710; elapsedMs=17.277; accepted=true
runner: 120 test(s), 32.6s of test time; max 3221ms, p90 597ms, median 75ms
runner:    3221ms  WHAT[verification-system-006] transport scheduling cannot renew unfinished work or background noise
runner:    2216ms  WHAT[verification-system-006] synchronous work and microtasks deliver completed verdicts before the file ends
runner:    2203ms  WHAT[verification-system-006] transport scheduling preserves after-hook failure verdicts
runner:    1584ms  WHAT[verification-system-006] physical backstop diagnostics retain active verdicts and queued files while completed leaves continue advancing
runner:    1247ms  WHAT[verification-system-006] silence termination reclaims an actual detached tool and its descendant while preserving the caller's foreign group

runner: 113 passed, 5 failed; 5/5 planned file(s) completed
Error: runner: supervised suite failed (exit 1)
    at fail (file:///Users/yuanxi/Workwork/vibe-fs/requirements/verification-system/tests/e2e/support/supervise-node-test.mjs:222:25)
    at superviseOwnedNodeTest (file:///Users/yuanxi/Workwork/vibe-fs/requirements/verification-system/tests/e2e/support/supervise-node-test.mjs:435:19)
    at process.processTicksAndRejections (node:internal/process/task_queues:103:5)
    at async superviseNodeTest (file:///Users/yuanxi/Workwork/vibe-fs/requirements/verification-system/tests/e2e/support/supervise-node-test.mjs:200:14)
    at async file:///Users/yuanxi/Workwork/vibe-fs/requirements/verification-system/tests/run.mjs:94:1 {
  exitCode: 1
}
