runner: scoped 使用 TESTS_MJS_FILES=3 files
runner: build is current (1798 sources, 884 artifacts)
runner: discovery OVERRIDDEN by TESTS_MJS_FILES (3 file(s))
runner: 3 test file(s), 5000ms verdict-silence window
runner: file lifecycle {"entryFile":"/Users/yuanxi/Workwork/vibe-fs/requirements/delegation/tests/025.test.mjs","pid":99503,"parentPid":99482,"type":"runner:file-start","elapsedMs":36.159875}
runner: file lifecycle {"entryFile":"/Users/yuanxi/Workwork/vibe-fs/requirements/dispatch-protocol/tests/007.test.mjs","pid":99503,"parentPid":99482,"type":"runner:file-start","elapsedMs":37.12650000000002}
runner: file lifecycle {"entryFile":"/Users/yuanxi/Workwork/vibe-fs/requirements/verification-system/tests/006.test.mjs","pid":99503,"parentPid":99482,"type":"runner:file-start","elapsedMs":38.48983400000003}
[verification-worker-cost] {"version":1,"phase":"pre-import","sequence":0,"entryFile":"/Users/yuanxi/Workwork/vibe-fs/requirements/delegation/tests/025.test.mjs","pid":99504,"parentPid":99503,"monotonicMs":17.03025,"cpuUserMicros":22592,"cpuSystemMicros":4363}
[verification-worker-cost] {"version":1,"phase":"pre-import","sequence":0,"entryFile":"/Users/yuanxi/Workwork/vibe-fs/requirements/dispatch-protocol/tests/007.test.mjs","pid":99505,"parentPid":99503,"monotonicMs":17.153917,"cpuUserMicros":23002,"cpuSystemMicros":3620}
[verification-worker-cost] {"version":1,"phase":"pre-import","sequence":0,"entryFile":"/Users/yuanxi/Workwork/vibe-fs/requirements/verification-system/tests/006.test.mjs","pid":99506,"parentPid":99503,"monotonicMs":18.245959,"cpuUserMicros":23780,"cpuSystemMicros":3622}
[verification-test-start] {"pid":99506,"parentPid":99503,"entryFile":"/Users/yuanxi/Workwork/vibe-fs/requirements/verification-system/tests/006.test.mjs","name":"WHAT[verification-system-006] silence termination reclaims an actual detached tool and its descendant while preserving the caller's foreign group","fullName":"WHAT[verification-system-006] silence termination reclaims an actual detached tool and its descendant while preserving the caller's foreign group"}
[verification-test-start] {"pid":99505,"parentPid":99503,"entryFile":"/Users/yuanxi/Workwork/vibe-fs/requirements/dispatch-protocol/tests/007.test.mjs","name":"WHAT[dispatch-protocol-007] the real root sender hands its exact local registration to the caller before entering the Host effect","fullName":"WHAT[dispatch-protocol-007] the real root sender hands its exact local registration to the caller before entering the Host effect"}
[verification-test-start] {"pid":99504,"parentPid":99503,"entryFile":"/Users/yuanxi/Workwork/vibe-fs/requirements/delegation/tests/025.test.mjs","name":"WHAT[delegation-025] an invocation completes from its own genuinely accepted production retry successor","fullName":"WHAT[delegation-025] an invocation completes from its own genuinely accepted production retry successor"}
[verification-test-start] {"pid":99505,"parentPid":99503,"entryFile":"/Users/yuanxi/Workwork/vibe-fs/requirements/dispatch-protocol/tests/007.test.mjs","name":"WHAT[dispatch-protocol-007] a real Await root native Unknown result cannot reject another caller's waiter or alter its durable Pending claim","fullName":"WHAT[dispatch-protocol-007] a real Await root native Unknown result cannot reject another caller's waiter or alter its durable Pending claim"}
[verification-test-start] {"pid":99505,"parentPid":99503,"entryFile":"/Users/yuanxi/Workwork/vibe-fs/requirements/dispatch-protocol/tests/007.test.mjs","name":"WHAT[dispatch-protocol-007] the real continuation sender hands its exact local registration to the caller before entering the Host effect","fullName":"WHAT[dispatch-protocol-007] the real continuation sender hands its exact local registration to the caller before entering the Host effect"}
(node:99505) ExperimentalWarning: The MockTimers API is an experimental feature and might change at any time
(Use `node --trace-warnings ...` to show where the warning was created)
[verification-test-start] {"pid":99505,"parentPid":99503,"entryFile":"/Users/yuanxi/Workwork/vibe-fs/requirements/dispatch-protocol/tests/007.test.mjs","name":"WHAT[dispatch-protocol-007] a real Await continuation native Unknown result cannot reject another caller's waiter or alter its durable Pending claim","fullName":"WHAT[dispatch-protocol-007] a real Await continuation native Unknown result cannot reject another caller's waiter or alter its durable Pending claim"}
[verification-test-start] {"pid":99505,"parentPid":99503,"entryFile":"/Users/yuanxi/Workwork/vibe-fs/requirements/dispatch-protocol/tests/007.test.mjs","name":"WHAT[dispatch-protocol-007] repeated registration of the same root callback gives independent leases and an old release preserves the current observer","fullName":"WHAT[dispatch-protocol-007] repeated registration of the same root callback gives independent leases and an old release preserves the current observer"}
[verification-test-start] {"pid":99505,"parentPid":99503,"entryFile":"/Users/yuanxi/Workwork/vibe-fs/requirements/dispatch-protocol/tests/007.test.mjs","name":"WHAT[dispatch-protocol-007] disposing an old root lease twice cannot remove a different later observer","fullName":"WHAT[dispatch-protocol-007] disposing an old root lease twice cannot remove a different later observer"}
[verification-test-start] {"pid":99505,"parentPid":99503,"entryFile":"/Users/yuanxi/Workwork/vibe-fs/requirements/dispatch-protocol/tests/007.test.mjs","name":"WHAT[dispatch-protocol-007] releasing a local root lease after Host Unknown preserves durable Pending bytes and other actual confirmation waiters","fullName":"WHAT[dispatch-protocol-007] releasing a local root lease after Host Unknown preserves durable Pending bytes and other actual confirmation waiters"}
[verification-test-start] {"pid":99505,"parentPid":99503,"entryFile":"/Users/yuanxi/Workwork/vibe-fs/requirements/dispatch-protocol/tests/007.test.mjs","name":"WHAT[dispatch-protocol-007] a current root lease callback exception preserves actual Accepted for every independent waiter","fullName":"WHAT[dispatch-protocol-007] a current root lease callback exception preserves actual Accepted for every independent waiter"}
[verification-test-start] {"pid":99504,"parentPid":99503,"entryFile":"/Users/yuanxi/Workwork/vibe-fs/requirements/delegation/tests/025.test.mjs","name":"WHAT[delegation-025] old-retry cannot deliver an earlier genuinely accepted retry to a reused same-root invocation","fullName":"WHAT[delegation-025] old-retry cannot deliver an earlier genuinely accepted retry to a reused same-root invocation"}

✖ failing tests:

test at /Users/yuanxi/Workwork/vibe-fs/requirements/delegation/tests/025.test.mjs:11:1
✖ WHAT[delegation-025] an invocation completes from its own genuinely accepted production retry successor (545.736ms)
  Error: Selected tool identity probe failed
  
  node:internal/modules/run_main:123
      triggerUncaughtException(
      ^
  Exception {
    message: 'LoopSensor must be attached by Host composition before use',
    innerException: undefined
  }
  
  Node.js v22.23.3
  
      at complete (file:///Users/yuanxi/Workwork/vibe-fs/scripts/lib/verification-tool-probe.mjs:42:30)
      at process.processTicksAndRejections (node:internal/process/task_queues:103:5)

[verification-test-start] {"pid":99505,"parentPid":99503,"entryFile":"/Users/yuanxi/Workwork/vibe-fs/requirements/dispatch-protocol/tests/007.test.mjs","name":"WHAT[dispatch-protocol-007] repeated registration of the same continuation callback gives independent leases and an old release preserves the current observer","fullName":"WHAT[dispatch-protocol-007] repeated registration of the same continuation callback gives independent leases and an old release preserves the current observer"}
[verification-test-start] {"pid":99505,"parentPid":99503,"entryFile":"/Users/yuanxi/Workwork/vibe-fs/requirements/dispatch-protocol/tests/007.test.mjs","name":"WHAT[dispatch-protocol-007] disposing an old continuation lease twice cannot remove a different later observer","fullName":"WHAT[dispatch-protocol-007] disposing an old continuation lease twice cannot remove a different later observer"}
[verification-test-start] {"pid":99505,"parentPid":99503,"entryFile":"/Users/yuanxi/Workwork/vibe-fs/requirements/dispatch-protocol/tests/007.test.mjs","name":"WHAT[dispatch-protocol-007] releasing a local continuation lease after Host Unknown preserves durable Pending bytes and other actual confirmation waiters","fullName":"WHAT[dispatch-protocol-007] releasing a local continuation lease after Host Unknown preserves durable Pending bytes and other actual confirmation waiters"}
[verification-test-start] {"pid":99505,"parentPid":99503,"entryFile":"/Users/yuanxi/Workwork/vibe-fs/requirements/dispatch-protocol/tests/007.test.mjs","name":"WHAT[dispatch-protocol-007] a current continuation lease callback exception preserves actual Accepted for every independent waiter","fullName":"WHAT[dispatch-protocol-007] a current continuation lease callback exception preserves actual Accepted for every independent waiter"}
[verification-test-start] {"pid":99505,"parentPid":99503,"entryFile":"/Users/yuanxi/Workwork/vibe-fs/requirements/dispatch-protocol/tests/007.test.mjs","name":"WHAT[dispatch-protocol-007] one detached root confirmation timeout leaves another waiter and the real acceptance observer intact","fullName":"WHAT[dispatch-protocol-007] one detached root confirmation timeout leaves another waiter and the real acceptance observer intact"}
[verification-test-start] {"pid":99505,"parentPid":99503,"entryFile":"/Users/yuanxi/Workwork/vibe-fs/requirements/dispatch-protocol/tests/007.test.mjs","name":"WHAT[dispatch-protocol-007] detached root remains observable after both existing confirmation waiters time out","fullName":"WHAT[dispatch-protocol-007] detached root remains observable after both existing confirmation waiters time out"}
[verification-test-start] {"pid":99505,"parentPid":99503,"entryFile":"/Users/yuanxi/Workwork/vibe-fs/requirements/dispatch-protocol/tests/007.test.mjs","name":"WHAT[dispatch-protocol-007] one detached continuation confirmation timeout leaves another waiter and the real acceptance observer intact","fullName":"WHAT[dispatch-protocol-007] one detached continuation confirmation timeout leaves another waiter and the real acceptance observer intact"}
[verification-test-start] {"pid":99505,"parentPid":99503,"entryFile":"/Users/yuanxi/Workwork/vibe-fs/requirements/dispatch-protocol/tests/007.test.mjs","name":"WHAT[dispatch-protocol-007] detached continuation remains observable after both existing confirmation waiters time out","fullName":"WHAT[dispatch-protocol-007] detached continuation remains observable after both existing confirmation waiters time out"}
[verification-test-start] {"pid":99504,"parentPid":99503,"entryFile":"/Users/yuanxi/Workwork/vibe-fs/requirements/delegation/tests/025.test.mjs","name":"WHAT[delegation-025] fallback-old-retry cannot deliver an earlier genuinely accepted retry to a reused same-root invocation","fullName":"WHAT[delegation-025] fallback-old-retry cannot deliver an earlier genuinely accepted retry to a reused same-root invocation"}
test at /Users/yuanxi/Workwork/vibe-fs/requirements/delegation/tests/025.test.mjs:23:3
✖ WHAT[delegation-025] old-retry cannot deliver an earlier genuinely accepted retry to a reused same-root invocation (537.057ms)
  Error: Selected tool identity probe failed
  
  node:internal/modules/run_main:123
      triggerUncaughtException(
      ^
  Exception {
    message: 'LoopSensor must be attached by Host composition before use',
    innerException: undefined
  }
  
  Node.js v22.23.3
  
      at complete (file:///Users/yuanxi/Workwork/vibe-fs/scripts/lib/verification-tool-probe.mjs:42:30)
      at process.processTicksAndRejections (node:internal/process/task_queues:103:5)

[verification-test-start] {"pid":99506,"parentPid":99503,"entryFile":"/Users/yuanxi/Workwork/vibe-fs/requirements/verification-system/tests/006.test.mjs","name":"WHAT[verification-system-006] owned tool monitoring preserves actual terminals and rejects missing control evidence","fullName":"WHAT[verification-system-006] owned tool monitoring preserves actual terminals and rejects missing control evidence"}
[verification-test-start] {"pid":99506,"parentPid":99503,"entryFile":"/Users/yuanxi/Workwork/vibe-fs/requirements/verification-system/tests/006.test.mjs","name":"WHAT[verification-system-006] empty PATH preserves exact selected environment and actual independent process group","fullName":"WHAT[verification-system-006] owned tool monitoring preserves actual terminals and rejects missing control evidence > WHAT[verification-system-006] empty PATH preserves exact selected environment and actual independent process group"}
[verification-test-start] {"pid":99505,"parentPid":99503,"entryFile":"/Users/yuanxi/Workwork/vibe-fs/requirements/dispatch-protocol/tests/007.test.mjs","name":"WHAT[dispatch-protocol-007] observed AcceptanceUnknown retains its actual PromptKey and native verdict without resending or guessing from reason text","fullName":"WHAT[dispatch-protocol-007] observed AcceptanceUnknown retains its actual PromptKey and native verdict without resending or guessing from reason text"}
[verification-test-start] {"pid":99505,"parentPid":99503,"entryFile":"/Users/yuanxi/Workwork/vibe-fs/requirements/dispatch-protocol/tests/007.test.mjs","name":"WHAT[dispatch-protocol-007] observed Fatal retains its actual PromptKey and native verdict without resending or guessing from reason text","fullName":"WHAT[dispatch-protocol-007] observed Fatal retains its actual PromptKey and native verdict without resending or guessing from reason text"}
[verification-test-start] {"pid":99506,"parentPid":99503,"entryFile":"/Users/yuanxi/Workwork/vibe-fs/requirements/verification-system/tests/006.test.mjs","name":"WHAT[verification-system-006] a selected nonzero exit is preserved instead of the monitor exit","fullName":"WHAT[verification-system-006] owned tool monitoring preserves actual terminals and rejects missing control evidence > WHAT[verification-system-006] a selected nonzero exit is preserved instead of the monitor exit"}
[verification-test-start] {"pid":99505,"parentPid":99503,"entryFile":"/Users/yuanxi/Workwork/vibe-fs/requirements/dispatch-protocol/tests/007.test.mjs","name":"WHAT[dispatch-protocol-007] fresh claim projection begins with no observed runtime restarts","fullName":"WHAT[dispatch-protocol-007] fresh claim projection begins with no observed runtime restarts"}
[verification-test-start] {"pid":99505,"parentPid":99503,"entryFile":"/Users/yuanxi/Workwork/vibe-fs/requirements/dispatch-protocol/tests/007.test.mjs","name":"WHAT[dispatch-protocol-007] PROMPT_007_detached_refused_abandons_send_failed_without_resend","fullName":"WHAT[dispatch-protocol-007] PROMPT_007_detached_refused_abandons_send_failed_without_resend"}
[verification-test-start] {"pid":99506,"parentPid":99503,"entryFile":"/Users/yuanxi/Workwork/vibe-fs/requirements/verification-system/tests/006.test.mjs","name":"WHAT[verification-system-006] a selected process signal is preserved instead of the monitor exit","fullName":"WHAT[verification-system-006] owned tool monitoring preserves actual terminals and rejects missing control evidence > WHAT[verification-system-006] a selected process signal is preserved instead of the monitor exit"}
[verification-test-start] {"pid":99506,"parentPid":99503,"entryFile":"/Users/yuanxi/Workwork/vibe-fs/requirements/verification-system/tests/006.test.mjs","name":"WHAT[verification-system-006] a real selected executable spawn failure retains its OS cause","fullName":"WHAT[verification-system-006] owned tool monitoring preserves actual terminals and rejects missing control evidence > WHAT[verification-system-006] a real selected executable spawn failure retains its OS cause"}
[verification-test-start] {"pid":99506,"parentPid":99503,"entryFile":"/Users/yuanxi/Workwork/vibe-fs/requirements/verification-system/tests/006.test.mjs","name":"WHAT[verification-system-006] missing monitor terminal before selected spawn rejects acceptance","fullName":"WHAT[verification-system-006] owned tool monitoring preserves actual terminals and rejects missing control evidence > WHAT[verification-system-006] missing monitor terminal before selected spawn rejects acceptance"}
[verification-test-start] {"pid":99506,"parentPid":99503,"entryFile":"/Users/yuanxi/Workwork/vibe-fs/requirements/verification-system/tests/006.test.mjs","name":"WHAT[verification-system-006] malformed monitor terminal before selected spawn rejects acceptance","fullName":"WHAT[verification-system-006] owned tool monitoring preserves actual terminals and rejects missing control evidence > WHAT[verification-system-006] malformed monitor terminal before selected spawn rejects acceptance"}
[verification-test-start] {"pid":99506,"parentPid":99503,"entryFile":"/Users/yuanxi/Workwork/vibe-fs/requirements/verification-system/tests/006.test.mjs","name":"WHAT[verification-system-006] duplicate monitor terminal before selected spawn rejects acceptance","fullName":"WHAT[verification-system-006] owned tool monitoring preserves actual terminals and rejects missing control evidence > WHAT[verification-system-006] duplicate monitor terminal before selected spawn rejects acceptance"}
[verification-test-start] {"pid":99506,"parentPid":99503,"entryFile":"/Users/yuanxi/Workwork/vibe-fs/requirements/verification-system/tests/006.test.mjs","name":"WHAT[verification-system-006] event safety ceilings validate input and count actual non-heartbeat events","fullName":"WHAT[verification-system-006] event safety ceilings validate input and count actual non-heartbeat events"}
[verification-test-start] {"pid":99506,"parentPid":99503,"entryFile":"/Users/yuanxi/Workwork/vibe-fs/requirements/verification-system/tests/006.test.mjs","name":"WHAT[verification-system-006] diagnostics preserve the actual wait and monitored subject","fullName":"WHAT[verification-system-006] diagnostics preserve the actual wait and monitored subject"}
[verification-test-start] {"pid":99506,"parentPid":99503,"entryFile":"/Users/yuanxi/Workwork/vibe-fs/requirements/verification-system/tests/006.test.mjs","name":"WHAT[verification-system-006] missing and corrupt wait snapshots disclose the diagnostic gap","fullName":"WHAT[verification-system-006] missing and corrupt wait snapshots disclose the diagnostic gap"}
[verification-test-start] {"pid":99506,"parentPid":99503,"entryFile":"/Users/yuanxi/Workwork/vibe-fs/requirements/verification-system/tests/006.test.mjs","name":"WHAT[verification-system-006] the initial silence window covers execution before its first progress","fullName":"WHAT[verification-system-006] the initial silence window covers execution before its first progress"}
[verification-test-start] {"pid":99506,"parentPid":99503,"entryFile":"/Users/yuanxi/Workwork/vibe-fs/requirements/verification-system/tests/006.test.mjs","name":"WHAT[verification-system-006] continuing progress outlives a window and silence is measured from its last advance","fullName":"WHAT[verification-system-006] continuing progress outlives a window and silence is measured from its last advance"}
[verification-test-start] {"pid":99506,"parentPid":99503,"entryFile":"/Users/yuanxi/Workwork/vibe-fs/requirements/verification-system/tests/006.test.mjs","name":"WHAT[verification-system-006] completed verdicts renew the window while repeated log traffic cannot","fullName":"WHAT[verification-system-006] completed verdicts renew the window while repeated log traffic cannot"}
[verification-test-start] {"pid":99506,"parentPid":99503,"entryFile":"/Users/yuanxi/Workwork/vibe-fs/requirements/verification-system/tests/006.test.mjs","name":"WHAT[verification-system-006] scheduling events do not renew the silence window","fullName":"WHAT[verification-system-006] scheduling events do not renew the silence window"}
[verification-test-start] {"pid":99506,"parentPid":99503,"entryFile":"/Users/yuanxi/Workwork/vibe-fs/requirements/verification-system/tests/006.test.mjs","name":"WHAT[verification-system-006] the real verdict transport records body entry with its actual parent test and process identity","fullName":"WHAT[verification-system-006] the real verdict transport records body entry with its actual parent test and process identity"}
[verification-test-start] {"pid":99505,"parentPid":99503,"entryFile":"/Users/yuanxi/Workwork/vibe-fs/requirements/dispatch-protocol/tests/007.test.mjs","name":"WHAT[dispatch-protocol-007] PROMPT_007_detached_outcome_unknown_keeps_claim_pending_never_resends","fullName":"WHAT[dispatch-protocol-007] PROMPT_007_detached_outcome_unknown_keeps_claim_pending_never_resends"}
[verification-test-start] {"pid":99506,"parentPid":99503,"entryFile":"/Users/yuanxi/Workwork/vibe-fs/requirements/verification-system/tests/006.test.mjs","name":"WHAT[verification-system-006] worker cost observations identify two actual file processes and leave an unobserved exit missing","fullName":"WHAT[verification-system-006] worker cost observations identify two actual file processes and leave an unobserved exit missing"}
[verification-test-start] {"pid":99505,"parentPid":99503,"entryFile":"/Users/yuanxi/Workwork/vibe-fs/requirements/dispatch-protocol/tests/007.test.mjs","name":"WHAT[dispatch-protocol-007] JNGD_nudge_releases_the_key_when_send_fails_and_retries","fullName":"WHAT[dispatch-protocol-007] JNGD_nudge_releases_the_key_when_send_fails_and_retries"}
[verification-test-start] {"pid":99504,"parentPid":99503,"entryFile":"/Users/yuanxi/Workwork/vibe-fs/requirements/delegation/tests/025.test.mjs","name":"WHAT[delegation-025] late-retry cannot deliver an earlier genuinely accepted retry to a reused same-root invocation","fullName":"WHAT[delegation-025] late-retry cannot deliver an earlier genuinely accepted retry to a reused same-root invocation"}
test at /Users/yuanxi/Workwork/vibe-fs/requirements/delegation/tests/025.test.mjs:23:3
✖ WHAT[delegation-025] fallback-old-retry cannot deliver an earlier genuinely accepted retry to a reused same-root invocation (542.866ms)
  Error: Selected tool identity probe failed
  
  node:internal/modules/run_main:123
      triggerUncaughtException(
      ^
  Exception {
    message: 'LoopSensor must be attached by Host composition before use',
    innerException: undefined
  }
  
  Node.js v22.23.3
  
      at complete (file:///Users/yuanxi/Workwork/vibe-fs/scripts/lib/verification-tool-probe.mjs:42:30)
      at process.processTicksAndRejections (node:internal/process/task_queues:103:5)

[verification-test-start] {"pid":99505,"parentPid":99503,"entryFile":"/Users/yuanxi/Workwork/vibe-fs/requirements/dispatch-protocol/tests/007.test.mjs","name":"WHAT[dispatch-protocol-007] JNGD_join_gate_dedupes_same_terminal_but_rearms_for_fresh_terminal","fullName":"WHAT[dispatch-protocol-007] JNGD_join_gate_dedupes_same_terminal_but_rearms_for_fresh_terminal"}
[verification-test-start] {"pid":99505,"parentPid":99503,"entryFile":"/Users/yuanxi/Workwork/vibe-fs/requirements/dispatch-protocol/tests/007.test.mjs","name":"WHAT[dispatch-protocol-007] opening additional journal writers does not abandon an unresolved claim","fullName":"WHAT[dispatch-protocol-007] opening additional journal writers does not abandon an unresolved claim"}
[verification-test-start] {"pid":99506,"parentPid":99503,"entryFile":"/Users/yuanxi/Workwork/vibe-fs/requirements/verification-system/tests/006.test.mjs","name":"WHAT[verification-system-006] worker cost diagnostics preserve actual success and assertion failure with a closed exit sink","fullName":"WHAT[verification-system-006] worker cost diagnostics preserve actual success and assertion failure with a closed exit sink"}
[verification-test-start] {"pid":99504,"parentPid":99503,"entryFile":"/Users/yuanxi/Workwork/vibe-fs/requirements/delegation/tests/025.test.mjs","name":"WHAT[delegation-025] fallback-late-retry cannot deliver an earlier genuinely accepted retry to a reused same-root invocation","fullName":"WHAT[delegation-025] fallback-late-retry cannot deliver an earlier genuinely accepted retry to a reused same-root invocation"}
test at /Users/yuanxi/Workwork/vibe-fs/requirements/delegation/tests/025.test.mjs:23:3
✖ WHAT[delegation-025] late-retry cannot deliver an earlier genuinely accepted retry to a reused same-root invocation (536.087ms)
  Error: Selected tool identity probe failed
  
  node:internal/modules/run_main:123
      triggerUncaughtException(
      ^
  Exception {
    message: 'LoopSensor must be attached by Host composition before use',
    innerException: undefined
  }
  
  Node.js v22.23.3
  
      at complete (file:///Users/yuanxi/Workwork/vibe-fs/scripts/lib/verification-tool-probe.mjs:42:30)
      at process.processTicksAndRejections (node:internal/process/task_queues:103:5)

[verification-test-start] {"pid":99504,"parentPid":99503,"entryFile":"/Users/yuanxi/Workwork/vibe-fs/requirements/delegation/tests/025.test.mjs","name":"WHAT[delegation-025] production own-guard preserves invocation-owned accepted successors","fullName":"WHAT[delegation-025] production own-guard preserves invocation-owned accepted successors"}
test at /Users/yuanxi/Workwork/vibe-fs/requirements/delegation/tests/025.test.mjs:23:3
✖ WHAT[delegation-025] fallback-late-retry cannot deliver an earlier genuinely accepted retry to a reused same-root invocation (522.396ms)
  Error: Selected tool identity probe failed
  
  node:internal/modules/run_main:123
      triggerUncaughtException(
      ^
  Exception {
    message: 'LoopSensor must be attached by Host composition before use',
    innerException: undefined
  }
  
  Node.js v22.23.3
  
      at complete (file:///Users/yuanxi/Workwork/vibe-fs/scripts/lib/verification-tool-probe.mjs:42:30)

[verification-test-start] {"pid":99506,"parentPid":99503,"entryFile":"/Users/yuanxi/Workwork/vibe-fs/requirements/verification-system/tests/006.test.mjs","name":"WHAT[verification-system-006] continuing worker cost IPC cannot renew a pending file after invalid diagnostic evidence","fullName":"WHAT[verification-system-006] continuing worker cost IPC cannot renew a pending file after invalid diagnostic evidence"}
[verification-test-start] {"pid":99506,"parentPid":99503,"entryFile":"/Users/yuanxi/Workwork/vibe-fs/requirements/verification-system/tests/006.test.mjs","name":"WHAT[verification-system-006] invalid worker cost IPC leaves actual runner verdicts and process cleanup unchanged","fullName":"WHAT[verification-system-006] invalid worker cost IPC leaves actual runner verdicts and process cleanup unchanged"}
test at /Users/yuanxi/Workwork/vibe-fs/requirements/verification-system/tests/006.test.mjs:386:1
✖ WHAT[verification-system-006] continuing worker cost IPC cannot renew a pending file after invalid diagnostic evidence (370.300ms)
  SyntaxError: Unexpected end of JSON input
      at JSON.parse (<anonymous>)
      at TestContext.<anonymous> (file:///Users/yuanxi/Workwork/vibe-fs/requirements/verification-system/tests/006.test.mjs:427:23)
      at process.processTicksAndRejections (node:internal/process/task_queues:103:5)
      at async Test.run (node:internal/test_runner/test:1054:7)
      at async Test.processPendingSubtests (node:internal/test_runner/test:744:7)

[verification-test-start] {"pid":99504,"parentPid":99503,"entryFile":"/Users/yuanxi/Workwork/vibe-fs/requirements/delegation/tests/025.test.mjs","name":"WHAT[delegation-025] production old-guard preserves invocation-owned accepted successors","fullName":"WHAT[delegation-025] production old-guard preserves invocation-owned accepted successors"}
[verification-test-start] {"pid":99506,"parentPid":99503,"entryFile":"/Users/yuanxi/Workwork/vibe-fs/requirements/verification-system/tests/006.test.mjs","name":"WHAT[verification-system-006] the worker cost collector rejects observations and invalid states presented as disabled","fullName":"WHAT[verification-system-006] the worker cost collector rejects observations and invalid states presented as disabled"}
[verification-test-start] {"pid":99506,"parentPid":99503,"entryFile":"/Users/yuanxi/Workwork/vibe-fs/requirements/verification-system/tests/006.test.mjs","name":"WHAT[verification-system-006] the worker cost collector preserves native cumulative units and only derives a same-process interval","fullName":"WHAT[verification-system-006] the worker cost collector preserves native cumulative units and only derives a same-process interval"}
[verification-test-start] {"pid":99506,"parentPid":99503,"entryFile":"/Users/yuanxi/Workwork/vibe-fs/requirements/verification-system/tests/006.test.mjs","name":"WHAT[verification-system-006] the worker cost collector invalidates forged, duplicate, reordered and wrongly attributed observations without a business verdict","fullName":"WHAT[verification-system-006] the worker cost collector invalidates forged, duplicate, reordered and wrongly attributed observations without a business verdict"}
[verification-test-start] {"pid":99506,"parentPid":99503,"entryFile":"/Users/yuanxi/Workwork/vibe-fs/requirements/verification-system/tests/006.test.mjs","name":"WHAT[verification-system-006] the worker cost collector bounds fragmented bytes and distinguishes disabled, missing and truncated observations","fullName":"WHAT[verification-system-006] the worker cost collector bounds fragmented bytes and distinguishes disabled, missing and truncated observations"}
[verification-test-start] {"pid":99506,"parentPid":99503,"entryFile":"/Users/yuanxi/Workwork/vibe-fs/requirements/verification-system/tests/006.test.mjs","name":"WHAT[verification-system-006] file waits distinguish queued, active and verdicts awaiting stream drain","fullName":"WHAT[verification-system-006] file waits distinguish queued, active and verdicts awaiting stream drain"}
[verification-test-start] {"pid":99506,"parentPid":99503,"entryFile":"/Users/yuanxi/Workwork/vibe-fs/requirements/verification-system/tests/006.test.mjs","name":"WHAT[verification-system-006] file lifecycle facts reject unknown entries and impossible transitions","fullName":"WHAT[verification-system-006] file lifecycle facts reject unknown entries and impossible transitions"}
[verification-test-start] {"pid":99506,"parentPid":99503,"entryFile":"/Users/yuanxi/Workwork/vibe-fs/requirements/verification-system/tests/006.test.mjs","name":"WHAT[verification-system-006] a pending runtime test start remains diagnostic evidence without becoming a verdict","fullName":"WHAT[verification-system-006] a pending runtime test start remains diagnostic evidence without becoming a verdict"}
[verification-test-start] {"pid":99506,"parentPid":99503,"entryFile":"/Users/yuanxi/Workwork/vibe-fs/requirements/verification-system/tests/006.test.mjs","name":"WHAT[verification-system-006] continuing body entry diagnostics cannot keep a genuinely pending test alive","fullName":"WHAT[verification-system-006] continuing body entry diagnostics cannot keep a genuinely pending test alive"}
[verification-test-start] {"pid":99504,"parentPid":99503,"entryFile":"/Users/yuanxi/Workwork/vibe-fs/requirements/delegation/tests/025.test.mjs","name":"WHAT[delegation-025] production fallback-old-guard preserves invocation-owned accepted successors","fullName":"WHAT[delegation-025] production fallback-old-guard preserves invocation-owned accepted successors"}
test at /Users/yuanxi/Workwork/vibe-fs/requirements/delegation/tests/025.test.mjs:29:3
✖ WHAT[delegation-025] production old-guard preserves invocation-owned accepted successors (518.446ms)
  Error: Selected tool identity probe failed
  node:internal/modules/run_main:123
      triggerUncaughtException(
      ^
  
  AssertionError [ERR_ASSERTION]: an old actual guard acceptance cannot settle the new same-root invocation
  
  true !== false
  
      at file:///Users/yuanxi/Workwork/vibe-fs/requirements/delegation/tests/support/guard-recovery-process.fixture.mjs:98:12 {
    generatedMessage: false,
    code: 'ERR_ASSERTION',
    actual: true,
    expected: false,
    operator: 'strictEqual',
    diff: 'simple'
  }
  
  Node.js v22.23.3
  
      at complete (file:///Users/yuanxi/Workwork/vibe-fs/scripts/lib/verification-tool-probe.mjs:42:30)
      at process.processTicksAndRejections (node:internal/process/task_queues:103:5)

[verification-test-start] {"pid":99506,"parentPid":99503,"entryFile":"/Users/yuanxi/Workwork/vibe-fs/requirements/verification-system/tests/006.test.mjs","name":"WHAT[verification-system-006] real tool diagnostics preserve stdout failure and complete cleanup without forwarding the control field","fullName":"WHAT[verification-system-006] real tool diagnostics preserve stdout failure and complete cleanup without forwarding the control field"}
[verification-test-start] {"pid":99504,"parentPid":99503,"entryFile":"/Users/yuanxi/Workwork/vibe-fs/requirements/delegation/tests/025.test.mjs","name":"WHAT[delegation-025] production late-guard preserves invocation-owned accepted successors","fullName":"WHAT[delegation-025] production late-guard preserves invocation-owned accepted successors"}
test at /Users/yuanxi/Workwork/vibe-fs/requirements/delegation/tests/025.test.mjs:29:3
✖ WHAT[delegation-025] production fallback-old-guard preserves invocation-owned accepted successors (512.375ms)
  Error: Selected tool identity probe failed
  node:internal/modules/run_main:123
      triggerUncaughtException(
      ^
  
  AssertionError [ERR_ASSERTION]: an old actual guard acceptance cannot settle the new same-root invocation
  
  true !== false
  
      at file:///Users/yuanxi/Workwork/vibe-fs/requirements/delegation/tests/support/guard-recovery-process.fixture.mjs:98:12 {
    generatedMessage: false,
    code: 'ERR_ASSERTION',
    actual: true,
    expected: false,
    operator: 'strictEqual',
    diff: 'simple'
  }
  
  Node.js v22.23.3
  
      at complete (file:///Users/yuanxi/Workwork/vibe-fs/scripts/lib/verification-tool-probe.mjs:42:30)
      at process.processTicksAndRejections (node:internal/process/task_queues:103:5)

[verification-test-start] {"pid":99506,"parentPid":99503,"entryFile":"/Users/yuanxi/Workwork/vibe-fs/requirements/verification-system/tests/006.test.mjs","name":"WHAT[verification-system-006] real silence diagnostics identify active waits separately from queued files","fullName":"WHAT[verification-system-006] real silence diagnostics identify active waits separately from queued files"}
[verification-test-start] {"pid":99504,"parentPid":99503,"entryFile":"/Users/yuanxi/Workwork/vibe-fs/requirements/delegation/tests/025.test.mjs","name":"WHAT[delegation-025] production fallback-late-guard preserves invocation-owned accepted successors","fullName":"WHAT[delegation-025] production fallback-late-guard preserves invocation-owned accepted successors"}
test at /Users/yuanxi/Workwork/vibe-fs/requirements/delegation/tests/025.test.mjs:29:3
✖ WHAT[delegation-025] production late-guard preserves invocation-owned accepted successors (527.173ms)
  Error: Selected tool identity probe failed
  node:internal/modules/run_main:123
      triggerUncaughtException(
      ^
  
  AssertionError [ERR_ASSERTION]: an old actual guard acceptance cannot settle the new same-root invocation
  
  true !== false
  
      at file:///Users/yuanxi/Workwork/vibe-fs/requirements/delegation/tests/support/guard-recovery-process.fixture.mjs:98:12 {
    generatedMessage: false,
    code: 'ERR_ASSERTION',
    actual: true,
    expected: false,
    operator: 'strictEqual',
    diff: 'simple'
  }
  
  Node.js v22.23.3
  
      at complete (file:///Users/yuanxi/Workwork/vibe-fs/scripts/lib/verification-tool-probe.mjs:42:30)
      at process.processTicksAndRejections (node:internal/process/task_queues:103:5)

[verification-test-start] {"pid":99504,"parentPid":99503,"entryFile":"/Users/yuanxi/Workwork/vibe-fs/requirements/delegation/tests/025.test.mjs","name":"WHAT[delegation-025] production repair own-missing preserves invocation-owned accepted successors","fullName":"WHAT[delegation-025] production repair own-missing preserves invocation-owned accepted successors"}
test at /Users/yuanxi/Workwork/vibe-fs/requirements/delegation/tests/025.test.mjs:29:3
✖ WHAT[delegation-025] production fallback-late-guard preserves invocation-owned accepted successors (505.035ms)
  Error: Selected tool identity probe failed
  node:internal/modules/run_main:123
      triggerUncaughtException(
      ^
  
  AssertionError [ERR_ASSERTION]: an old actual guard acceptance cannot settle the new same-root invocation
  
  true !== false
  
      at file:///Users/yuanxi/Workwork/vibe-fs/requirements/delegation/tests/support/guard-recovery-process.fixture.mjs:98:12 {
    generatedMessage: false,
    code: 'ERR_ASSERTION',
    actual: true,
    expected: false,
    operator: 'strictEqual',
    diff: 'simple'
  }
  
  Node.js v22.23.3
  
      at complete (file:///Users/yuanxi/Workwork/vibe-fs/scripts/lib/verification-tool-probe.mjs:42:30)
      at process.processTicksAndRejections (node:internal/process/task_queues:103:5)

[verification-test-start] {"pid":99506,"parentPid":99503,"entryFile":"/Users/yuanxi/Workwork/vibe-fs/requirements/verification-system/tests/006.test.mjs","name":"WHAT[verification-system-006] silence failure reclaims its process group before the caller catches it and completes cleanup","fullName":"WHAT[verification-system-006] silence failure reclaims its process group before the caller catches it and completes cleanup"}
[verification-test-start] {"pid":99504,"parentPid":99503,"entryFile":"/Users/yuanxi/Workwork/vibe-fs/requirements/delegation/tests/025.test.mjs","name":"WHAT[delegation-025] production repair own-incomplete preserves invocation-owned accepted successors","fullName":"WHAT[delegation-025] production repair own-incomplete preserves invocation-owned accepted successors"}
test at /Users/yuanxi/Workwork/vibe-fs/requirements/delegation/tests/025.test.mjs:35:3
✖ WHAT[delegation-025] production repair own-missing preserves invocation-owned accepted successors (464.269ms)
  Error: Selected tool identity probe failed
  
  node:internal/modules/run_main:123
      triggerUncaughtException(
      ^
  Exception {
    message: 'LoopSensor must be attached by Host composition before use',
    innerException: undefined
  }
  
  Node.js v22.23.3
  
      at complete (file:///Users/yuanxi/Workwork/vibe-fs/scripts/lib/verification-tool-probe.mjs:42:30)
      at process.processTicksAndRejections (node:internal/process/task_queues:103:5)

[verification-test-start] {"pid":99504,"parentPid":99503,"entryFile":"/Users/yuanxi/Workwork/vibe-fs/requirements/delegation/tests/025.test.mjs","name":"WHAT[delegation-025] production repair old-missing preserves invocation-owned accepted successors","fullName":"WHAT[delegation-025] production repair old-missing preserves invocation-owned accepted successors"}
test at /Users/yuanxi/Workwork/vibe-fs/requirements/delegation/tests/025.test.mjs:35:3
✖ WHAT[delegation-025] production repair own-incomplete preserves invocation-owned accepted successors (448.337ms)
  Error: Selected tool identity probe failed
  
  node:internal/modules/run_main:123
      triggerUncaughtException(
      ^
  Exception {
    message: 'LoopSensor must be attached by Host composition before use',
    innerException: undefined
  }
  
  Node.js v22.23.3
  
      at complete (file:///Users/yuanxi/Workwork/vibe-fs/scripts/lib/verification-tool-probe.mjs:42:30)
      at process.processTicksAndRejections (node:internal/process/task_queues:103:5)

[verification-test-start] {"pid":99504,"parentPid":99503,"entryFile":"/Users/yuanxi/Workwork/vibe-fs/requirements/delegation/tests/025.test.mjs","name":"WHAT[delegation-025] production repair old-incomplete preserves invocation-owned accepted successors","fullName":"WHAT[delegation-025] production repair old-incomplete preserves invocation-owned accepted successors"}
test at /Users/yuanxi/Workwork/vibe-fs/requirements/delegation/tests/025.test.mjs:35:3
✖ WHAT[delegation-025] production repair old-missing preserves invocation-owned accepted successors (512.763ms)
  Error: Selected tool identity probe failed
  
  node:internal/modules/run_main:123
      triggerUncaughtException(
      ^
  Exception {
    message: 'LoopSensor must be attached by Host composition before use',
    innerException: undefined
  }
  
  Node.js v22.23.3
  
      at complete (file:///Users/yuanxi/Workwork/vibe-fs/scripts/lib/verification-tool-probe.mjs:42:30)
      at process.processTicksAndRejections (node:internal/process/task_queues:103:5)

[verification-test-start] {"pid":99506,"parentPid":99503,"entryFile":"/Users/yuanxi/Workwork/vibe-fs/requirements/verification-system/tests/006.test.mjs","name":"WHAT[verification-system-006] synchronous runner spawn failure preserves its cause and stops its watchdog","fullName":"WHAT[verification-system-006] synchronous runner spawn failure preserves its cause and stops its watchdog"}
[verification-test-start] {"pid":99506,"parentPid":99503,"entryFile":"/Users/yuanxi/Workwork/vibe-fs/requirements/verification-system/tests/006.test.mjs","name":"WHAT[verification-system-006] suite HOME cleanup failure preserves the original failed verdict and rejects acceptance","fullName":"WHAT[verification-system-006] suite HOME cleanup failure preserves the original failed verdict and rejects acceptance"}
[verification-test-start] {"pid":99504,"parentPid":99503,"entryFile":"/Users/yuanxi/Workwork/vibe-fs/requirements/delegation/tests/025.test.mjs","name":"WHAT[delegation-025] production repair late-missing preserves invocation-owned accepted successors","fullName":"WHAT[delegation-025] production repair late-missing preserves invocation-owned accepted successors"}
test at /Users/yuanxi/Workwork/vibe-fs/requirements/delegation/tests/025.test.mjs:35:3
✖ WHAT[delegation-025] production repair old-incomplete preserves invocation-owned accepted successors (489.386ms)
  Error: Selected tool identity probe failed
  
  node:internal/modules/run_main:123
      triggerUncaughtException(
      ^
  Exception {
    message: 'LoopSensor must be attached by Host composition before use',
    innerException: undefined
  }
  
  Node.js v22.23.3
  
      at complete (file:///Users/yuanxi/Workwork/vibe-fs/scripts/lib/verification-tool-probe.mjs:42:30)
      at process.processTicksAndRejections (node:internal/process/task_queues:103:5)

[verification-test-start] {"pid":99506,"parentPid":99503,"entryFile":"/Users/yuanxi/Workwork/vibe-fs/requirements/verification-system/tests/006.test.mjs","name":"WHAT[verification-system-006] standalone inner owns only its allocated HOME and always releases it","fullName":"WHAT[verification-system-006] standalone inner owns only its allocated HOME and always releases it"}
[verification-test-start] {"pid":99506,"parentPid":99503,"entryFile":"/Users/yuanxi/Workwork/vibe-fs/requirements/verification-system/tests/006.test.mjs","name":"WHAT[verification-system-006] physical backstop diagnostics retain active verdicts and queued files while completed leaves continue advancing","fullName":"WHAT[verification-system-006] physical backstop diagnostics retain active verdicts and queued files while completed leaves continue advancing"}
[verification-test-start] {"pid":99504,"parentPid":99503,"entryFile":"/Users/yuanxi/Workwork/vibe-fs/requirements/delegation/tests/025.test.mjs","name":"WHAT[delegation-025] production repair late-incomplete preserves invocation-owned accepted successors","fullName":"WHAT[delegation-025] production repair late-incomplete preserves invocation-owned accepted successors"}
test at /Users/yuanxi/Workwork/vibe-fs/requirements/delegation/tests/025.test.mjs:35:3
✖ WHAT[delegation-025] production repair late-missing preserves invocation-owned accepted successors (519.577ms)
  Error: Selected tool identity probe failed
  
  node:internal/modules/run_main:123
      triggerUncaughtException(
      ^
  Exception {
    message: 'LoopSensor must be attached by Host composition before use',
    innerException: undefined
  }
  
  Node.js v22.23.3
  
      at complete (file:///Users/yuanxi/Workwork/vibe-fs/scripts/lib/verification-tool-probe.mjs:42:30)
      at process.processTicksAndRejections (node:internal/process/task_queues:103:5)

[verification-test-start] {"pid":99504,"parentPid":99503,"entryFile":"/Users/yuanxi/Workwork/vibe-fs/requirements/delegation/tests/025.test.mjs","name":"WHAT[delegation-025] production repair fallback-old-missing preserves invocation-owned accepted successors","fullName":"WHAT[delegation-025] production repair fallback-old-missing preserves invocation-owned accepted successors"}
test at /Users/yuanxi/Workwork/vibe-fs/requirements/delegation/tests/025.test.mjs:35:3
✖ WHAT[delegation-025] production repair late-incomplete preserves invocation-owned accepted successors (498.425ms)
  Error: Selected tool identity probe failed
  
  node:internal/modules/run_main:123
      triggerUncaughtException(
      ^
  Exception {
    message: 'LoopSensor must be attached by Host composition before use',
    innerException: undefined
  }
  
  Node.js v22.23.3
  
      at complete (file:///Users/yuanxi/Workwork/vibe-fs/scripts/lib/verification-tool-probe.mjs:42:30)
      at process.processTicksAndRejections (node:internal/process/task_queues:103:5)

[verification-test-start] {"pid":99504,"parentPid":99503,"entryFile":"/Users/yuanxi/Workwork/vibe-fs/requirements/delegation/tests/025.test.mjs","name":"WHAT[delegation-025] production repair fallback-old-incomplete preserves invocation-owned accepted successors","fullName":"WHAT[delegation-025] production repair fallback-old-incomplete preserves invocation-owned accepted successors"}
test at /Users/yuanxi/Workwork/vibe-fs/requirements/delegation/tests/025.test.mjs:35:3
✖ WHAT[delegation-025] production repair fallback-old-missing preserves invocation-owned accepted successors (479.215ms)
  Error: Selected tool identity probe failed
  
  node:internal/modules/run_main:123
      triggerUncaughtException(
      ^
  Exception {
    message: 'LoopSensor must be attached by Host composition before use',
    innerException: undefined
  }
  
  Node.js v22.23.3
  
      at complete (file:///Users/yuanxi/Workwork/vibe-fs/scripts/lib/verification-tool-probe.mjs:42:30)
      at process.processTicksAndRejections (node:internal/process/task_queues:103:5)

[verification-test-start] {"pid":99506,"parentPid":99503,"entryFile":"/Users/yuanxi/Workwork/vibe-fs/requirements/verification-system/tests/006.test.mjs","name":"WHAT[verification-system-006] synchronous work and microtasks deliver completed verdicts before the file ends","fullName":"WHAT[verification-system-006] synchronous work and microtasks deliver completed verdicts before the file ends"}
[verification-test-start] {"pid":99504,"parentPid":99503,"entryFile":"/Users/yuanxi/Workwork/vibe-fs/requirements/delegation/tests/025.test.mjs","name":"WHAT[delegation-025] production repair fallback-late-missing preserves invocation-owned accepted successors","fullName":"WHAT[delegation-025] production repair fallback-late-missing preserves invocation-owned accepted successors"}
test at /Users/yuanxi/Workwork/vibe-fs/requirements/delegation/tests/025.test.mjs:35:3
✖ WHAT[delegation-025] production repair fallback-old-incomplete preserves invocation-owned accepted successors (498.497ms)
  Error: Selected tool identity probe failed
  
  node:internal/modules/run_main:123
      triggerUncaughtException(
      ^
  Exception {
    message: 'LoopSensor must be attached by Host composition before use',
    innerException: undefined
  }
  
  Node.js v22.23.3
  
      at complete (file:///Users/yuanxi/Workwork/vibe-fs/scripts/lib/verification-tool-probe.mjs:42:30)
      at process.processTicksAndRejections (node:internal/process/task_queues:103:5)

[verification-test-start] {"pid":99504,"parentPid":99503,"entryFile":"/Users/yuanxi/Workwork/vibe-fs/requirements/delegation/tests/025.test.mjs","name":"WHAT[delegation-025] production repair fallback-late-incomplete preserves invocation-owned accepted successors","fullName":"WHAT[delegation-025] production repair fallback-late-incomplete preserves invocation-owned accepted successors"}
test at /Users/yuanxi/Workwork/vibe-fs/requirements/delegation/tests/025.test.mjs:35:3
✖ WHAT[delegation-025] production repair fallback-late-missing preserves invocation-owned accepted successors (490.840ms)
  Error: Selected tool identity probe failed
  
  node:internal/modules/run_main:123
      triggerUncaughtException(
      ^
  Exception {
    message: 'LoopSensor must be attached by Host composition before use',
    innerException: undefined
  }
  
  Node.js v22.23.3
  
      at complete (file:///Users/yuanxi/Workwork/vibe-fs/scripts/lib/verification-tool-probe.mjs:42:30)
      at process.processTicksAndRejections (node:internal/process/task_queues:103:5)

[verification-test-start] {"pid":99504,"parentPid":99503,"entryFile":"/Users/yuanxi/Workwork/vibe-fs/requirements/delegation/tests/025.test.mjs","name":"WHAT[delegation-025] late failure from a previous root cannot settle a reused sync call","fullName":"WHAT[delegation-025] late failure from a previous root cannot settle a reused sync call"}
test at /Users/yuanxi/Workwork/vibe-fs/requirements/delegation/tests/025.test.mjs:35:3
✖ WHAT[delegation-025] production repair fallback-late-incomplete preserves invocation-owned accepted successors (494.077ms)
  Error: Selected tool identity probe failed
  
  node:internal/modules/run_main:123
      triggerUncaughtException(
      ^
  Exception {
    message: 'LoopSensor must be attached by Host composition before use',
    innerException: undefined
  }
  
  Node.js v22.23.3
  
      at complete (file:///Users/yuanxi/Workwork/vibe-fs/scripts/lib/verification-tool-probe.mjs:42:30)
      at process.processTicksAndRejections (node:internal/process/task_queues:103:5)

[verification-worker-cost] {"version":1,"phase":"exit","sequence":1,"entryFile":"/Users/yuanxi/Workwork/vibe-fs/requirements/dispatch-protocol/tests/007.test.mjs","pid":99505,"parentPid":99503,"monotonicMs":10424.658084,"cpuUserMicros":1453615,"cpuSystemMicros":207650,"exitCode":0}
runner: file lifecycle {"entryFile":"/Users/yuanxi/Workwork/vibe-fs/requirements/dispatch-protocol/tests/007.test.mjs","type":"runner:file-drained","elapsedMs":10481.013125000001}
runner: worker cost {"version":1,"entryFile":"/Users/yuanxi/Workwork/vibe-fs/requirements/dispatch-protocol/tests/007.test.mjs","enabled":true,"pid":99505,"status":"complete","reason":null,"preImport":{"version":1,"phase":"pre-import","sequence":0,"entryFile":"/Users/yuanxi/Workwork/vibe-fs/requirements/dispatch-protocol/tests/007.test.mjs","pid":99505,"parentPid":99503,"monotonicMs":17.153917,"cpuUserMicros":23002,"cpuSystemMicros":3620},"exit":{"version":1,"phase":"exit","sequence":1,"entryFile":"/Users/yuanxi/Workwork/vibe-fs/requirements/dispatch-protocol/tests/007.test.mjs","pid":99505,"parentPid":99503,"monotonicMs":10424.658084,"cpuUserMicros":1453615,"cpuSystemMicros":207650,"exitCode":0},"interval":{"clockPid":99505,"wallMs":10407.504167000001,"cpuUserMicros":1430613,"cpuSystemMicros":204030}}
[verification-test-start] {"pid":99504,"parentPid":99503,"entryFile":"/Users/yuanxi/Workwork/vibe-fs/requirements/delegation/tests/025.test.mjs","name":"WHAT[delegation-025] future Host subscriber excludes old terminal and retains new execution identity","fullName":"WHAT[delegation-025] future Host subscriber excludes old terminal and retains new execution identity"}
[verification-test-start] {"pid":99504,"parentPid":99503,"entryFile":"/Users/yuanxi/Workwork/vibe-fs/requirements/delegation/tests/025.test.mjs","name":"WHAT[delegation-025] actual fork execution rejects late run-scoped success failure and abort while preserving legitimate session-wide failures (GAP-153)","fullName":"WHAT[delegation-025] actual fork execution rejects late run-scoped success failure and abort while preserving legitimate session-wide failures (GAP-153)"}
[verification-test-start] {"pid":99504,"parentPid":99503,"entryFile":"/Users/yuanxi/Workwork/vibe-fs/requirements/delegation/tests/025.test.mjs","name":"WHAT[delegation-025] observed Engineer execution publishes the exact admitted prompt and causal formal terminal after the existing workflow","fullName":"WHAT[delegation-025] observed Engineer execution publishes the exact admitted prompt and causal formal terminal after the existing workflow"}
[verification-test-start] {"pid":99504,"parentPid":99503,"entryFile":"/Users/yuanxi/Workwork/vibe-fs/requirements/delegation/tests/025.test.mjs","name":"WHAT[delegation-025] observed invocations reuse a child while preserving distinct prompt and terminal identities and rejecting previous terminals","fullName":"WHAT[delegation-025] observed invocations reuse a child while preserving distinct prompt and terminal identities and rejecting previous terminals"}
[verification-test-start] {"pid":99504,"parentPid":99503,"entryFile":"/Users/yuanxi/Workwork/vibe-fs/requirements/delegation/tests/025.test.mjs","name":"WHAT[delegation-025] rejection before dispatch settles both observed tasks without another Host prompt","fullName":"WHAT[delegation-025] rejection before dispatch settles both observed tasks without another Host prompt"}
[verification-test-start] {"pid":99504,"parentPid":99503,"entryFile":"/Users/yuanxi/Workwork/vibe-fs/requirements/delegation/tests/025.test.mjs","name":"WHAT[delegation-025] owner disposal after proven admission fails the existing observed completion without inventing physical abort","fullName":"WHAT[delegation-025] owner disposal after proven admission fails the existing observed completion without inventing physical abort"}
[verification-test-start] {"pid":99504,"parentPid":99503,"entryFile":"/Users/yuanxi/Workwork/vibe-fs/requirements/delegation/tests/025.test.mjs","name":"WHAT[delegation-025] production completed-turn fallback rejects wrong-root instead of settling the reused observed invocation","fullName":"WHAT[delegation-025] production completed-turn fallback rejects wrong-root instead of settling the reused observed invocation"}
[verification-test-start] {"pid":99504,"parentPid":99503,"entryFile":"/Users/yuanxi/Workwork/vibe-fs/requirements/delegation/tests/025.test.mjs","name":"WHAT[delegation-025] production completed-turn fallback rejects previous-physical instead of settling the reused observed invocation","fullName":"WHAT[delegation-025] production completed-turn fallback rejects previous-physical instead of settling the reused observed invocation"}
[verification-test-start] {"pid":99504,"parentPid":99503,"entryFile":"/Users/yuanxi/Workwork/vibe-fs/requirements/delegation/tests/025.test.mjs","name":"WHAT[delegation-025] production completed-turn fallback settles its invocation once and preserves the first causal response","fullName":"WHAT[delegation-025] production completed-turn fallback settles its invocation once and preserves the first causal response"}
[verification-test-start] {"pid":99504,"parentPid":99503,"entryFile":"/Users/yuanxi/Workwork/vibe-fs/requirements/delegation/tests/025.test.mjs","name":"WHAT[delegation-025] a real preparation exception settles observed admission and completion without a Host send","fullName":"WHAT[delegation-025] a real preparation exception settles observed admission and completion without a Host send"}
[verification-test-start] {"pid":99504,"parentPid":99503,"entryFile":"/Users/yuanxi/Workwork/vibe-fs/requirements/delegation/tests/025.test.mjs","name":"WHAT[delegation-025] a real Host send promise exception preserves its actual key without fabricating an outcome","fullName":"WHAT[delegation-025] a real Host send promise exception preserves its actual key without fabricating an outcome"}
[verification-worker-cost] {"version":1,"phase":"exit","sequence":1,"entryFile":"/Users/yuanxi/Workwork/vibe-fs/requirements/delegation/tests/025.test.mjs","pid":99504,"parentPid":99503,"monotonicMs":11153.84875,"cpuUserMicros":1086722,"cpuSystemMicros":188666,"exitCode":1}
runner: file lifecycle {"entryFile":"/Users/yuanxi/Workwork/vibe-fs/requirements/delegation/tests/025.test.mjs","type":"runner:file-drained","elapsedMs":11209.287834}
runner: worker cost {"version":1,"entryFile":"/Users/yuanxi/Workwork/vibe-fs/requirements/delegation/tests/025.test.mjs","enabled":true,"pid":99504,"status":"complete","reason":null,"preImport":{"version":1,"phase":"pre-import","sequence":0,"entryFile":"/Users/yuanxi/Workwork/vibe-fs/requirements/delegation/tests/025.test.mjs","pid":99504,"parentPid":99503,"monotonicMs":17.03025,"cpuUserMicros":22592,"cpuSystemMicros":4363},"exit":{"version":1,"phase":"exit","sequence":1,"entryFile":"/Users/yuanxi/Workwork/vibe-fs/requirements/delegation/tests/025.test.mjs","pid":99504,"parentPid":99503,"monotonicMs":11153.84875,"cpuUserMicros":1086722,"cpuSystemMicros":188666,"exitCode":1},"interval":{"clockPid":99504,"wallMs":11136.8185,"cpuUserMicros":1064130,"cpuSystemMicros":184303}}
[verification-test-start] {"pid":99506,"parentPid":99503,"entryFile":"/Users/yuanxi/Workwork/vibe-fs/requirements/verification-system/tests/006.test.mjs","name":"WHAT[verification-system-006] transport scheduling cannot renew unfinished work or background noise","fullName":"WHAT[verification-system-006] transport scheduling cannot renew unfinished work or background noise"}
[verification-test-start] {"pid":99506,"parentPid":99503,"entryFile":"/Users/yuanxi/Workwork/vibe-fs/requirements/verification-system/tests/006.test.mjs","name":"WHAT[verification-system-006] transport scheduling preserves after-hook failure verdicts","fullName":"WHAT[verification-system-006] transport scheduling preserves after-hook failure verdicts"}
[verification-test-start] {"pid":99506,"parentPid":99503,"entryFile":"/Users/yuanxi/Workwork/vibe-fs/requirements/verification-system/tests/006.test.mjs","name":"WHAT[verification-system-006] repeat observations of one causal state do not renew twice","fullName":"WHAT[verification-system-006] repeat observations of one causal state do not renew twice"}
[verification-test-start] {"pid":99506,"parentPid":99503,"entryFile":"/Users/yuanxi/Workwork/vibe-fs/requirements/verification-system/tests/006.test.mjs","name":"WHAT[verification-system-006] stop cancels monitoring and late signals cannot resurrect it","fullName":"WHAT[verification-system-006] stop cancels monitoring and late signals cannot resurrect it"}
[verification-test-start] {"pid":99506,"parentPid":99503,"entryFile":"/Users/yuanxi/Workwork/vibe-fs/requirements/verification-system/tests/006.test.mjs","name":"WHAT[verification-system-006] changing the window does not invent new causal progress","fullName":"WHAT[verification-system-006] changing the window does not invent new causal progress"}
[verification-test-start] {"pid":99506,"parentPid":99503,"entryFile":"/Users/yuanxi/Workwork/vibe-fs/requirements/verification-system/tests/006.test.mjs","name":"WHAT[verification-system-006] restoring the default window retains the original last-progress time","fullName":"WHAT[verification-system-006] restoring the default window retains the original last-progress time"}
[verification-test-start] {"pid":99506,"parentPid":99503,"entryFile":"/Users/yuanxi/Workwork/vibe-fs/requirements/verification-system/tests/006.test.mjs","name":"WHAT[verification-system-006] failed diagnostic collection discloses its cause before exit","fullName":"WHAT[verification-system-006] failed diagnostic collection discloses its cause before exit"}
[verification-test-start] {"pid":99506,"parentPid":99503,"entryFile":"/Users/yuanxi/Workwork/vibe-fs/requirements/verification-system/tests/006.test.mjs","name":"WHAT[verification-system-006] hung diagnostic collection discloses missing information and cannot prevent exit","fullName":"WHAT[verification-system-006] hung diagnostic collection discloses missing information and cannot prevent exit"}
[verification-test-start] {"pid":99506,"parentPid":99503,"entryFile":"/Users/yuanxi/Workwork/vibe-fs/requirements/verification-system/tests/006.test.mjs","name":"WHAT[verification-system-006] successful diagnostic collection completes before a single exit","fullName":"WHAT[verification-system-006] successful diagnostic collection completes before a single exit"}
[verification-test-start] {"pid":99506,"parentPid":99503,"entryFile":"/Users/yuanxi/Workwork/vibe-fs/requirements/verification-system/tests/006.test.mjs","name":"WHAT[verification-system-006] a diagnostic output failure still terminates once and cannot restart monitoring","fullName":"WHAT[verification-system-006] a diagnostic output failure still terminates once and cannot restart monitoring"}
[verification-test-start] {"pid":99506,"parentPid":99503,"entryFile":"/Users/yuanxi/Workwork/vibe-fs/requirements/verification-system/tests/006.test.mjs","name":"WHAT[verification-system-006] consumed expectation observations preserve the matched physical attempt","fullName":"WHAT[verification-system-006] consumed expectation observations preserve the matched physical attempt"}
[verification-test-start] {"pid":99506,"parentPid":99503,"entryFile":"/Users/yuanxi/Workwork/vibe-fs/requirements/verification-system/tests/006.test.mjs","name":"WHAT[verification-system-006] turn observations keep session identity and forget pre-restart cursors","fullName":"WHAT[verification-system-006] turn observations keep session identity and forget pre-restart cursors"}
[verification-test-start] {"pid":99506,"parentPid":99503,"entryFile":"/Users/yuanxi/Workwork/vibe-fs/requirements/verification-system/tests/006.test.mjs","name":"WHAT[verification-system-006] alternative progress waits resolve the observed branch and release siblings","fullName":"WHAT[verification-system-006] alternative progress waits resolve the observed branch and release siblings"}
[verification-worker-cost] {"version":1,"phase":"exit","sequence":1,"entryFile":"/Users/yuanxi/Workwork/vibe-fs/requirements/verification-system/tests/006.test.mjs","pid":99506,"parentPid":99503,"monotonicMs":16875.904584,"cpuUserMicros":319532,"cpuSystemMicros":74432,"exitCode":1}
runner: file lifecycle {"entryFile":"/Users/yuanxi/Workwork/vibe-fs/requirements/verification-system/tests/006.test.mjs","type":"runner:file-drained","elapsedMs":16930.318084}
runner: worker cost {"version":1,"entryFile":"/Users/yuanxi/Workwork/vibe-fs/requirements/verification-system/tests/006.test.mjs","enabled":true,"pid":99506,"status":"complete","reason":null,"preImport":{"version":1,"phase":"pre-import","sequence":0,"entryFile":"/Users/yuanxi/Workwork/vibe-fs/requirements/verification-system/tests/006.test.mjs","pid":99506,"parentPid":99503,"monotonicMs":18.245959,"cpuUserMicros":23780,"cpuSystemMicros":3622},"exit":{"version":1,"phase":"exit","sequence":1,"entryFile":"/Users/yuanxi/Workwork/vibe-fs/requirements/verification-system/tests/006.test.mjs","pid":99506,"parentPid":99503,"monotonicMs":16875.904584,"cpuUserMicros":319532,"cpuSystemMicros":74432,"exitCode":1},"interval":{"clockPid":99506,"wallMs":16857.658625,"cpuUserMicros":295752,"cpuSystemMicros":70810}}

[test-summary] 3 file(s), 85 passed, 20 failed, 1 todo (16.90s wall, 29.66s test time)
  todo: /Users/yuanxi/Workwork/vibe-fs/requirements/delegation/tests/025.test.mjs:WHAT[delegation-025] actual fork execution rejects late run-scoped success failure and abort while preserving legitimate session-wide failures (GAP-153) — reason not supplied
runner: post-exit group verification/reclamation: pid=99503; elapsedMs=16.906; accepted=true
runner: 106 test(s), 29.7s of test time; max 3206ms, p90 543ms, median 76ms
runner:    3206ms  WHAT[verification-system-006] transport scheduling cannot renew unfinished work or background noise
runner:    2193ms  WHAT[verification-system-006] transport scheduling preserves after-hook failure verdicts
runner:    2184ms  WHAT[verification-system-006] synchronous work and microtasks deliver completed verdicts before the file ends
runner:    1582ms  WHAT[verification-system-006] physical backstop diagnostics retain active verdicts and queued files while completed leaves continue advancing
runner:    1244ms  WHAT[verification-system-006] silence termination reclaims an actual detached tool and its descendant while preserving the caller's foreign group

runner: 85 passed, 20 failed; 3/3 planned file(s) completed
Error: runner: supervised suite failed (exit 1)
    at fail (file:///Users/yuanxi/Workwork/vibe-fs/requirements/verification-system/tests/e2e/support/supervise-node-test.mjs:222:25)
    at superviseOwnedNodeTest (file:///Users/yuanxi/Workwork/vibe-fs/requirements/verification-system/tests/e2e/support/supervise-node-test.mjs:435:19)
    at process.processTicksAndRejections (node:internal/process/task_queues:103:5)
    at async superviseNodeTest (file:///Users/yuanxi/Workwork/vibe-fs/requirements/verification-system/tests/e2e/support/supervise-node-test.mjs:200:14)
    at async file:///Users/yuanxi/Workwork/vibe-fs/requirements/verification-system/tests/run.mjs:94:1 {
  exitCode: 1
}
