runner: scoped 使用 TESTS_MJS_FILES=3 files
runner: build is current (1798 sources, 884 artifacts)
runner: discovery OVERRIDDEN by TESTS_MJS_FILES (3 file(s))
runner: 3 test file(s), 5000ms verdict-silence window
runner: file lifecycle {"entryFile":"/Users/yuanxi/Workwork/vibe-fs/requirements/delegation/tests/025.test.mjs","pid":93204,"parentPid":93183,"type":"runner:file-start","elapsedMs":36.861958000000016}
runner: file lifecycle {"entryFile":"/Users/yuanxi/Workwork/vibe-fs/requirements/dispatch-protocol/tests/007.test.mjs","pid":93204,"parentPid":93183,"type":"runner:file-start","elapsedMs":37.900750000000016}
runner: file lifecycle {"entryFile":"/Users/yuanxi/Workwork/vibe-fs/requirements/verification-system/tests/006.test.mjs","pid":93204,"parentPid":93183,"type":"runner:file-start","elapsedMs":39.54008299999998}
[verification-worker-cost] {"version":1,"phase":"pre-import","sequence":0,"entryFile":"/Users/yuanxi/Workwork/vibe-fs/requirements/delegation/tests/025.test.mjs","pid":93205,"parentPid":93204,"monotonicMs":17.436666,"cpuUserMicros":23011,"cpuSystemMicros":4398}
[verification-worker-cost] {"version":1,"phase":"pre-import","sequence":0,"entryFile":"/Users/yuanxi/Workwork/vibe-fs/requirements/dispatch-protocol/tests/007.test.mjs","pid":93206,"parentPid":93204,"monotonicMs":16.191334,"cpuUserMicros":22103,"cpuSystemMicros":3784}
[verification-worker-cost] {"version":1,"phase":"pre-import","sequence":0,"entryFile":"/Users/yuanxi/Workwork/vibe-fs/requirements/verification-system/tests/006.test.mjs","pid":93207,"parentPid":93204,"monotonicMs":16.365333,"cpuUserMicros":22130,"cpuSystemMicros":4040}
[verification-test-start] {"pid":93207,"parentPid":93204,"entryFile":"/Users/yuanxi/Workwork/vibe-fs/requirements/verification-system/tests/006.test.mjs","name":"WHAT[verification-system-006] silence termination reclaims an actual detached tool and its descendant while preserving the caller's foreign group","fullName":"WHAT[verification-system-006] silence termination reclaims an actual detached tool and its descendant while preserving the caller's foreign group"}
[verification-test-start] {"pid":93205,"parentPid":93204,"entryFile":"/Users/yuanxi/Workwork/vibe-fs/requirements/delegation/tests/025.test.mjs","name":"WHAT[delegation-025] an invocation completes from its own genuinely accepted production retry successor","fullName":"WHAT[delegation-025] an invocation completes from its own genuinely accepted production retry successor"}
[verification-test-start] {"pid":93206,"parentPid":93204,"entryFile":"/Users/yuanxi/Workwork/vibe-fs/requirements/dispatch-protocol/tests/007.test.mjs","name":"WHAT[dispatch-protocol-007] the real root sender hands its exact local registration to the caller before entering the Host effect","fullName":"WHAT[dispatch-protocol-007] the real root sender hands its exact local registration to the caller before entering the Host effect"}
[verification-test-start] {"pid":93206,"parentPid":93204,"entryFile":"/Users/yuanxi/Workwork/vibe-fs/requirements/dispatch-protocol/tests/007.test.mjs","name":"WHAT[dispatch-protocol-007] a real Await root native Unknown result cannot reject another caller's waiter or alter its durable Pending claim","fullName":"WHAT[dispatch-protocol-007] a real Await root native Unknown result cannot reject another caller's waiter or alter its durable Pending claim"}

✖ failing tests:

test at /Users/yuanxi/Workwork/vibe-fs/requirements/dispatch-protocol/tests/007.test.mjs:50:3
✖ WHAT[dispatch-protocol-007] the real root sender hands its exact local registration to the caller before entering the Host effect (111.741ms)
  AssertionError [ERR_ASSERTION]: new handoff capability: the caller must own and may release the registration before Host SendPrompt begins
  
  0 !== 1
  
      at file:///Users/yuanxi/Workwork/vibe-fs/requirements/dispatch-protocol/tests/007.test.mjs:73:24
      at async withJournal (file:///Users/yuanxi/Workwork/vibe-fs/requirements/dispatch-protocol/tests/support/authority.mjs:40:16)
      at async TestContext.<anonymous> (file:///Users/yuanxi/Workwork/vibe-fs/requirements/dispatch-protocol/tests/007.test.mjs:51:5)
      at async Test.run (node:internal/test_runner/test:1054:7)
      at async startSubtestAfterBootstrap (node:internal/test_runner/harness:296:3)

[verification-test-start] {"pid":93206,"parentPid":93204,"entryFile":"/Users/yuanxi/Workwork/vibe-fs/requirements/dispatch-protocol/tests/007.test.mjs","name":"WHAT[dispatch-protocol-007] the real continuation sender hands its exact local registration to the caller before entering the Host effect","fullName":"WHAT[dispatch-protocol-007] the real continuation sender hands its exact local registration to the caller before entering the Host effect"}
test at /Users/yuanxi/Workwork/vibe-fs/requirements/dispatch-protocol/tests/007.test.mjs:86:3
✖ WHAT[dispatch-protocol-007] a real Await root native Unknown result cannot reject another caller's waiter or alter its durable Pending claim (52.914ms)
  AssertionError [ERR_ASSERTION]: a sender returning Unknown owns only its local callback, not another caller's confirmation waiter
  + actual - expected
  
    {
  +   kind: 'Rejected',
  +   physical: null,
  +   reason: 'Cancelled'
  -   kind: 'Accepted',
  -   physical: 'await-unknown-physical-d0-root-await-unknown-other-waiter',
  -   reason: null
    }
  
      at file:///Users/yuanxi/Workwork/vibe-fs/requirements/dispatch-protocol/tests/007.test.mjs:119:22
      at async withJournal (file:///Users/yuanxi/Workwork/vibe-fs/requirements/dispatch-protocol/tests/support/authority.mjs:40:16)
      at async TestContext.<anonymous> (file:///Users/yuanxi/Workwork/vibe-fs/requirements/dispatch-protocol/tests/007.test.mjs:87:5)
      at async Test.run (node:internal/test_runner/test:1054:7)
      at async Test.processPendingSubtests (node:internal/test_runner/test:744:7)

(node:93206) ExperimentalWarning: The MockTimers API is an experimental feature and might change at any time
(Use `node --trace-warnings ...` to show where the warning was created)
[verification-test-start] {"pid":93206,"parentPid":93204,"entryFile":"/Users/yuanxi/Workwork/vibe-fs/requirements/dispatch-protocol/tests/007.test.mjs","name":"WHAT[dispatch-protocol-007] a real Await continuation native Unknown result cannot reject another caller's waiter or alter its durable Pending claim","fullName":"WHAT[dispatch-protocol-007] a real Await continuation native Unknown result cannot reject another caller's waiter or alter its durable Pending claim"}
test at /Users/yuanxi/Workwork/vibe-fs/requirements/dispatch-protocol/tests/007.test.mjs:50:3
✖ WHAT[dispatch-protocol-007] the real continuation sender hands its exact local registration to the caller before entering the Host effect (92.674ms)
  AssertionError [ERR_ASSERTION]: new handoff capability: the caller must own and may release the registration before Host SendPrompt begins
  
  0 !== 1
  
      at file:///Users/yuanxi/Workwork/vibe-fs/requirements/dispatch-protocol/tests/007.test.mjs:73:24
      at async withJournal (file:///Users/yuanxi/Workwork/vibe-fs/requirements/dispatch-protocol/tests/support/authority.mjs:40:16)
      at async TestContext.<anonymous> (file:///Users/yuanxi/Workwork/vibe-fs/requirements/dispatch-protocol/tests/007.test.mjs:51:5)
      at async Test.run (node:internal/test_runner/test:1054:7)
      at async Test.processPendingSubtests (node:internal/test_runner/test:744:7)

[verification-test-start] {"pid":93206,"parentPid":93204,"entryFile":"/Users/yuanxi/Workwork/vibe-fs/requirements/dispatch-protocol/tests/007.test.mjs","name":"WHAT[dispatch-protocol-007] repeated registration of the same root callback gives independent leases and an old release preserves the current observer","fullName":"WHAT[dispatch-protocol-007] repeated registration of the same root callback gives independent leases and an old release preserves the current observer"}
test at /Users/yuanxi/Workwork/vibe-fs/requirements/dispatch-protocol/tests/007.test.mjs:86:3
✖ WHAT[dispatch-protocol-007] a real Await continuation native Unknown result cannot reject another caller's waiter or alter its durable Pending claim (87.570ms)
  AssertionError [ERR_ASSERTION]: a sender returning Unknown owns only its local callback, not another caller's confirmation waiter
  + actual - expected
  
    {
  +   kind: 'Rejected',
  +   physical: null,
  +   reason: 'Cancelled'
  -   kind: 'Accepted',
  -   physical: 'await-unknown-physical-d0-continuation-await-unknown-other-waiter',
  -   reason: null
    }
  
      at file:///Users/yuanxi/Workwork/vibe-fs/requirements/dispatch-protocol/tests/007.test.mjs:119:22
      at async withJournal (file:///Users/yuanxi/Workwork/vibe-fs/requirements/dispatch-protocol/tests/support/authority.mjs:40:16)
      at async TestContext.<anonymous> (file:///Users/yuanxi/Workwork/vibe-fs/requirements/dispatch-protocol/tests/007.test.mjs:87:5)
      at async Test.run (node:internal/test_runner/test:1054:7)
      at async Test.processPendingSubtests (node:internal/test_runner/test:744:7)

[verification-test-start] {"pid":93206,"parentPid":93204,"entryFile":"/Users/yuanxi/Workwork/vibe-fs/requirements/dispatch-protocol/tests/007.test.mjs","name":"WHAT[dispatch-protocol-007] disposing an old root lease twice cannot remove a different later observer","fullName":"WHAT[dispatch-protocol-007] disposing an old root lease twice cannot remove a different later observer"}
[verification-test-start] {"pid":93205,"parentPid":93204,"entryFile":"/Users/yuanxi/Workwork/vibe-fs/requirements/delegation/tests/025.test.mjs","name":"WHAT[delegation-025] old-retry cannot deliver an earlier genuinely accepted retry to a reused same-root invocation","fullName":"WHAT[delegation-025] old-retry cannot deliver an earlier genuinely accepted retry to a reused same-root invocation"}
[verification-test-start] {"pid":93206,"parentPid":93204,"entryFile":"/Users/yuanxi/Workwork/vibe-fs/requirements/dispatch-protocol/tests/007.test.mjs","name":"WHAT[dispatch-protocol-007] releasing a local root lease after Host Unknown preserves durable Pending bytes and other actual confirmation waiters","fullName":"WHAT[dispatch-protocol-007] releasing a local root lease after Host Unknown preserves durable Pending bytes and other actual confirmation waiters"}
[verification-test-start] {"pid":93206,"parentPid":93204,"entryFile":"/Users/yuanxi/Workwork/vibe-fs/requirements/dispatch-protocol/tests/007.test.mjs","name":"WHAT[dispatch-protocol-007] a current root lease callback exception preserves actual Accepted for every independent waiter","fullName":"WHAT[dispatch-protocol-007] a current root lease callback exception preserves actual Accepted for every independent waiter"}
[verification-test-start] {"pid":93206,"parentPid":93204,"entryFile":"/Users/yuanxi/Workwork/vibe-fs/requirements/dispatch-protocol/tests/007.test.mjs","name":"WHAT[dispatch-protocol-007] repeated registration of the same continuation callback gives independent leases and an old release preserves the current observer","fullName":"WHAT[dispatch-protocol-007] repeated registration of the same continuation callback gives independent leases and an old release preserves the current observer"}
[verification-test-start] {"pid":93206,"parentPid":93204,"entryFile":"/Users/yuanxi/Workwork/vibe-fs/requirements/dispatch-protocol/tests/007.test.mjs","name":"WHAT[dispatch-protocol-007] disposing an old continuation lease twice cannot remove a different later observer","fullName":"WHAT[dispatch-protocol-007] disposing an old continuation lease twice cannot remove a different later observer"}
[verification-test-start] {"pid":93206,"parentPid":93204,"entryFile":"/Users/yuanxi/Workwork/vibe-fs/requirements/dispatch-protocol/tests/007.test.mjs","name":"WHAT[dispatch-protocol-007] releasing a local continuation lease after Host Unknown preserves durable Pending bytes and other actual confirmation waiters","fullName":"WHAT[dispatch-protocol-007] releasing a local continuation lease after Host Unknown preserves durable Pending bytes and other actual confirmation waiters"}
[verification-test-start] {"pid":93206,"parentPid":93204,"entryFile":"/Users/yuanxi/Workwork/vibe-fs/requirements/dispatch-protocol/tests/007.test.mjs","name":"WHAT[dispatch-protocol-007] a current continuation lease callback exception preserves actual Accepted for every independent waiter","fullName":"WHAT[dispatch-protocol-007] a current continuation lease callback exception preserves actual Accepted for every independent waiter"}
[verification-test-start] {"pid":93205,"parentPid":93204,"entryFile":"/Users/yuanxi/Workwork/vibe-fs/requirements/delegation/tests/025.test.mjs","name":"WHAT[delegation-025] fallback-old-retry cannot deliver an earlier genuinely accepted retry to a reused same-root invocation","fullName":"WHAT[delegation-025] fallback-old-retry cannot deliver an earlier genuinely accepted retry to a reused same-root invocation"}
test at /Users/yuanxi/Workwork/vibe-fs/requirements/delegation/tests/025.test.mjs:21:3
✖ WHAT[delegation-025] old-retry cannot deliver an earlier genuinely accepted retry to a reused same-root invocation (455.373ms)
  Error: Selected tool identity probe failed
  node:internal/modules/run_main:123
      triggerUncaughtException(
      ^
  
  AssertionError [ERR_ASSERTION]: an actually accepted old retry cannot settle the new same-root call
  
  true !== false
  
      at file:///Users/yuanxi/Workwork/vibe-fs/requirements/delegation/tests/support/recovery-process.fixture.mjs:94:12 {
    generatedMessage: false,
    code: 'ERR_ASSERTION',
    actual: true,
    expected: false,
    operator: 'strictEqual',
    diff: 'simple'
  }
  
  Node.js v22.23.3
  
      at complete (file:///Users/yuanxi/Workwork/vibe-fs/scripts/lib/verification-tool-probe.mjs:42:30)

[verification-test-start] {"pid":93206,"parentPid":93204,"entryFile":"/Users/yuanxi/Workwork/vibe-fs/requirements/dispatch-protocol/tests/007.test.mjs","name":"WHAT[dispatch-protocol-007] one detached root confirmation timeout leaves another waiter and the real acceptance observer intact","fullName":"WHAT[dispatch-protocol-007] one detached root confirmation timeout leaves another waiter and the real acceptance observer intact"}
[verification-test-start] {"pid":93206,"parentPid":93204,"entryFile":"/Users/yuanxi/Workwork/vibe-fs/requirements/dispatch-protocol/tests/007.test.mjs","name":"WHAT[dispatch-protocol-007] detached root remains observable after both existing confirmation waiters time out","fullName":"WHAT[dispatch-protocol-007] detached root remains observable after both existing confirmation waiters time out"}
[verification-test-start] {"pid":93206,"parentPid":93204,"entryFile":"/Users/yuanxi/Workwork/vibe-fs/requirements/dispatch-protocol/tests/007.test.mjs","name":"WHAT[dispatch-protocol-007] one detached continuation confirmation timeout leaves another waiter and the real acceptance observer intact","fullName":"WHAT[dispatch-protocol-007] one detached continuation confirmation timeout leaves another waiter and the real acceptance observer intact"}
[verification-test-start] {"pid":93206,"parentPid":93204,"entryFile":"/Users/yuanxi/Workwork/vibe-fs/requirements/dispatch-protocol/tests/007.test.mjs","name":"WHAT[dispatch-protocol-007] detached continuation remains observable after both existing confirmation waiters time out","fullName":"WHAT[dispatch-protocol-007] detached continuation remains observable after both existing confirmation waiters time out"}
[verification-test-start] {"pid":93206,"parentPid":93204,"entryFile":"/Users/yuanxi/Workwork/vibe-fs/requirements/dispatch-protocol/tests/007.test.mjs","name":"WHAT[dispatch-protocol-007] observed AcceptanceUnknown retains its actual PromptKey and native verdict without resending or guessing from reason text","fullName":"WHAT[dispatch-protocol-007] observed AcceptanceUnknown retains its actual PromptKey and native verdict without resending or guessing from reason text"}
[verification-test-start] {"pid":93206,"parentPid":93204,"entryFile":"/Users/yuanxi/Workwork/vibe-fs/requirements/dispatch-protocol/tests/007.test.mjs","name":"WHAT[dispatch-protocol-007] observed Fatal retains its actual PromptKey and native verdict without resending or guessing from reason text","fullName":"WHAT[dispatch-protocol-007] observed Fatal retains its actual PromptKey and native verdict without resending or guessing from reason text"}
[verification-test-start] {"pid":93207,"parentPid":93204,"entryFile":"/Users/yuanxi/Workwork/vibe-fs/requirements/verification-system/tests/006.test.mjs","name":"WHAT[verification-system-006] owned tool monitoring preserves actual terminals and rejects missing control evidence","fullName":"WHAT[verification-system-006] owned tool monitoring preserves actual terminals and rejects missing control evidence"}
[verification-test-start] {"pid":93207,"parentPid":93204,"entryFile":"/Users/yuanxi/Workwork/vibe-fs/requirements/verification-system/tests/006.test.mjs","name":"WHAT[verification-system-006] empty PATH preserves exact selected environment and actual independent process group","fullName":"WHAT[verification-system-006] owned tool monitoring preserves actual terminals and rejects missing control evidence > WHAT[verification-system-006] empty PATH preserves exact selected environment and actual independent process group"}
[verification-test-start] {"pid":93206,"parentPid":93204,"entryFile":"/Users/yuanxi/Workwork/vibe-fs/requirements/dispatch-protocol/tests/007.test.mjs","name":"WHAT[dispatch-protocol-007] fresh claim projection begins with no observed runtime restarts","fullName":"WHAT[dispatch-protocol-007] fresh claim projection begins with no observed runtime restarts"}
[verification-test-start] {"pid":93206,"parentPid":93204,"entryFile":"/Users/yuanxi/Workwork/vibe-fs/requirements/dispatch-protocol/tests/007.test.mjs","name":"WHAT[dispatch-protocol-007] PROMPT_007_detached_refused_abandons_send_failed_without_resend","fullName":"WHAT[dispatch-protocol-007] PROMPT_007_detached_refused_abandons_send_failed_without_resend"}
[verification-test-start] {"pid":93207,"parentPid":93204,"entryFile":"/Users/yuanxi/Workwork/vibe-fs/requirements/verification-system/tests/006.test.mjs","name":"WHAT[verification-system-006] a selected nonzero exit is preserved instead of the monitor exit","fullName":"WHAT[verification-system-006] owned tool monitoring preserves actual terminals and rejects missing control evidence > WHAT[verification-system-006] a selected nonzero exit is preserved instead of the monitor exit"}
[verification-test-start] {"pid":93205,"parentPid":93204,"entryFile":"/Users/yuanxi/Workwork/vibe-fs/requirements/delegation/tests/025.test.mjs","name":"WHAT[delegation-025] late failure from a previous root cannot settle a reused sync call","fullName":"WHAT[delegation-025] late failure from a previous root cannot settle a reused sync call"}
test at /Users/yuanxi/Workwork/vibe-fs/requirements/delegation/tests/025.test.mjs:21:3
✖ WHAT[delegation-025] fallback-old-retry cannot deliver an earlier genuinely accepted retry to a reused same-root invocation (454.322ms)
  Error: Selected tool identity probe failed
  node:internal/modules/run_main:123
      triggerUncaughtException(
      ^
  
  AssertionError [ERR_ASSERTION]: an actually accepted old retry cannot settle the new same-root call
  
  true !== false
  
      at file:///Users/yuanxi/Workwork/vibe-fs/requirements/delegation/tests/support/recovery-process.fixture.mjs:94:12 {
    generatedMessage: false,
    code: 'ERR_ASSERTION',
    actual: true,
    expected: false,
    operator: 'strictEqual',
    diff: 'simple'
  }
  
  Node.js v22.23.3
  
      at complete (file:///Users/yuanxi/Workwork/vibe-fs/scripts/lib/verification-tool-probe.mjs:42:30)
      at process.processTicksAndRejections (node:internal/process/task_queues:103:5)

[verification-test-start] {"pid":93207,"parentPid":93204,"entryFile":"/Users/yuanxi/Workwork/vibe-fs/requirements/verification-system/tests/006.test.mjs","name":"WHAT[verification-system-006] a selected process signal is preserved instead of the monitor exit","fullName":"WHAT[verification-system-006] owned tool monitoring preserves actual terminals and rejects missing control evidence > WHAT[verification-system-006] a selected process signal is preserved instead of the monitor exit"}
[verification-test-start] {"pid":93207,"parentPid":93204,"entryFile":"/Users/yuanxi/Workwork/vibe-fs/requirements/verification-system/tests/006.test.mjs","name":"WHAT[verification-system-006] a real selected executable spawn failure retains its OS cause","fullName":"WHAT[verification-system-006] owned tool monitoring preserves actual terminals and rejects missing control evidence > WHAT[verification-system-006] a real selected executable spawn failure retains its OS cause"}
[verification-test-start] {"pid":93207,"parentPid":93204,"entryFile":"/Users/yuanxi/Workwork/vibe-fs/requirements/verification-system/tests/006.test.mjs","name":"WHAT[verification-system-006] missing monitor terminal before selected spawn rejects acceptance","fullName":"WHAT[verification-system-006] owned tool monitoring preserves actual terminals and rejects missing control evidence > WHAT[verification-system-006] missing monitor terminal before selected spawn rejects acceptance"}
[verification-test-start] {"pid":93205,"parentPid":93204,"entryFile":"/Users/yuanxi/Workwork/vibe-fs/requirements/delegation/tests/025.test.mjs","name":"WHAT[delegation-025] future Host subscriber excludes old terminal and retains new execution identity","fullName":"WHAT[delegation-025] future Host subscriber excludes old terminal and retains new execution identity"}
[verification-test-start] {"pid":93205,"parentPid":93204,"entryFile":"/Users/yuanxi/Workwork/vibe-fs/requirements/delegation/tests/025.test.mjs","name":"WHAT[delegation-025] actual fork execution rejects late run-scoped success failure and abort while preserving legitimate session-wide failures (GAP-153)","fullName":"WHAT[delegation-025] actual fork execution rejects late run-scoped success failure and abort while preserving legitimate session-wide failures (GAP-153)"}
[verification-test-start] {"pid":93205,"parentPid":93204,"entryFile":"/Users/yuanxi/Workwork/vibe-fs/requirements/delegation/tests/025.test.mjs","name":"WHAT[delegation-025] observed Engineer execution publishes the exact admitted prompt and causal formal terminal after the existing workflow","fullName":"WHAT[delegation-025] observed Engineer execution publishes the exact admitted prompt and causal formal terminal after the existing workflow"}
[verification-test-start] {"pid":93207,"parentPid":93204,"entryFile":"/Users/yuanxi/Workwork/vibe-fs/requirements/verification-system/tests/006.test.mjs","name":"WHAT[verification-system-006] malformed monitor terminal before selected spawn rejects acceptance","fullName":"WHAT[verification-system-006] owned tool monitoring preserves actual terminals and rejects missing control evidence > WHAT[verification-system-006] malformed monitor terminal before selected spawn rejects acceptance"}
[verification-test-start] {"pid":93207,"parentPid":93204,"entryFile":"/Users/yuanxi/Workwork/vibe-fs/requirements/verification-system/tests/006.test.mjs","name":"WHAT[verification-system-006] duplicate monitor terminal before selected spawn rejects acceptance","fullName":"WHAT[verification-system-006] owned tool monitoring preserves actual terminals and rejects missing control evidence > WHAT[verification-system-006] duplicate monitor terminal before selected spawn rejects acceptance"}
[verification-test-start] {"pid":93207,"parentPid":93204,"entryFile":"/Users/yuanxi/Workwork/vibe-fs/requirements/verification-system/tests/006.test.mjs","name":"WHAT[verification-system-006] event safety ceilings validate input and count actual non-heartbeat events","fullName":"WHAT[verification-system-006] event safety ceilings validate input and count actual non-heartbeat events"}
[verification-test-start] {"pid":93207,"parentPid":93204,"entryFile":"/Users/yuanxi/Workwork/vibe-fs/requirements/verification-system/tests/006.test.mjs","name":"WHAT[verification-system-006] diagnostics preserve the actual wait and monitored subject","fullName":"WHAT[verification-system-006] diagnostics preserve the actual wait and monitored subject"}
[verification-test-start] {"pid":93205,"parentPid":93204,"entryFile":"/Users/yuanxi/Workwork/vibe-fs/requirements/delegation/tests/025.test.mjs","name":"WHAT[delegation-025] observed invocations reuse a child while preserving distinct prompt and terminal identities and rejecting previous terminals","fullName":"WHAT[delegation-025] observed invocations reuse a child while preserving distinct prompt and terminal identities and rejecting previous terminals"}
[verification-test-start] {"pid":93207,"parentPid":93204,"entryFile":"/Users/yuanxi/Workwork/vibe-fs/requirements/verification-system/tests/006.test.mjs","name":"WHAT[verification-system-006] missing and corrupt wait snapshots disclose the diagnostic gap","fullName":"WHAT[verification-system-006] missing and corrupt wait snapshots disclose the diagnostic gap"}
[verification-test-start] {"pid":93207,"parentPid":93204,"entryFile":"/Users/yuanxi/Workwork/vibe-fs/requirements/verification-system/tests/006.test.mjs","name":"WHAT[verification-system-006] the initial silence window covers execution before its first progress","fullName":"WHAT[verification-system-006] the initial silence window covers execution before its first progress"}
[verification-test-start] {"pid":93207,"parentPid":93204,"entryFile":"/Users/yuanxi/Workwork/vibe-fs/requirements/verification-system/tests/006.test.mjs","name":"WHAT[verification-system-006] continuing progress outlives a window and silence is measured from its last advance","fullName":"WHAT[verification-system-006] continuing progress outlives a window and silence is measured from its last advance"}
[verification-test-start] {"pid":93207,"parentPid":93204,"entryFile":"/Users/yuanxi/Workwork/vibe-fs/requirements/verification-system/tests/006.test.mjs","name":"WHAT[verification-system-006] completed verdicts renew the window while repeated log traffic cannot","fullName":"WHAT[verification-system-006] completed verdicts renew the window while repeated log traffic cannot"}
[verification-test-start] {"pid":93207,"parentPid":93204,"entryFile":"/Users/yuanxi/Workwork/vibe-fs/requirements/verification-system/tests/006.test.mjs","name":"WHAT[verification-system-006] scheduling events do not renew the silence window","fullName":"WHAT[verification-system-006] scheduling events do not renew the silence window"}
[verification-test-start] {"pid":93206,"parentPid":93204,"entryFile":"/Users/yuanxi/Workwork/vibe-fs/requirements/dispatch-protocol/tests/007.test.mjs","name":"WHAT[dispatch-protocol-007] PROMPT_007_detached_outcome_unknown_keeps_claim_pending_never_resends","fullName":"WHAT[dispatch-protocol-007] PROMPT_007_detached_outcome_unknown_keeps_claim_pending_never_resends"}
[verification-test-start] {"pid":93206,"parentPid":93204,"entryFile":"/Users/yuanxi/Workwork/vibe-fs/requirements/dispatch-protocol/tests/007.test.mjs","name":"WHAT[dispatch-protocol-007] JNGD_nudge_releases_the_key_when_send_fails_and_retries","fullName":"WHAT[dispatch-protocol-007] JNGD_nudge_releases_the_key_when_send_fails_and_retries"}
[verification-test-start] {"pid":93207,"parentPid":93204,"entryFile":"/Users/yuanxi/Workwork/vibe-fs/requirements/verification-system/tests/006.test.mjs","name":"WHAT[verification-system-006] the real verdict transport records body entry with its actual parent test and process identity","fullName":"WHAT[verification-system-006] the real verdict transport records body entry with its actual parent test and process identity"}
[verification-test-start] {"pid":93207,"parentPid":93204,"entryFile":"/Users/yuanxi/Workwork/vibe-fs/requirements/verification-system/tests/006.test.mjs","name":"WHAT[verification-system-006] worker cost observations identify two actual file processes and leave an unobserved exit missing","fullName":"WHAT[verification-system-006] worker cost observations identify two actual file processes and leave an unobserved exit missing"}
[verification-test-start] {"pid":93205,"parentPid":93204,"entryFile":"/Users/yuanxi/Workwork/vibe-fs/requirements/delegation/tests/025.test.mjs","name":"WHAT[delegation-025] rejection before dispatch settles both observed tasks without another Host prompt","fullName":"WHAT[delegation-025] rejection before dispatch settles both observed tasks without another Host prompt"}
[verification-test-start] {"pid":93206,"parentPid":93204,"entryFile":"/Users/yuanxi/Workwork/vibe-fs/requirements/dispatch-protocol/tests/007.test.mjs","name":"WHAT[dispatch-protocol-007] JNGD_join_gate_dedupes_same_terminal_but_rearms_for_fresh_terminal","fullName":"WHAT[dispatch-protocol-007] JNGD_join_gate_dedupes_same_terminal_but_rearms_for_fresh_terminal"}
[verification-test-start] {"pid":93205,"parentPid":93204,"entryFile":"/Users/yuanxi/Workwork/vibe-fs/requirements/delegation/tests/025.test.mjs","name":"WHAT[delegation-025] owner disposal after proven admission fails the existing observed completion without inventing physical abort","fullName":"WHAT[delegation-025] owner disposal after proven admission fails the existing observed completion without inventing physical abort"}
[verification-test-start] {"pid":93206,"parentPid":93204,"entryFile":"/Users/yuanxi/Workwork/vibe-fs/requirements/dispatch-protocol/tests/007.test.mjs","name":"WHAT[dispatch-protocol-007] opening additional journal writers does not abandon an unresolved claim","fullName":"WHAT[dispatch-protocol-007] opening additional journal writers does not abandon an unresolved claim"}
[verification-test-start] {"pid":93207,"parentPid":93204,"entryFile":"/Users/yuanxi/Workwork/vibe-fs/requirements/verification-system/tests/006.test.mjs","name":"WHAT[verification-system-006] worker cost diagnostics preserve actual success and assertion failure with a closed exit sink","fullName":"WHAT[verification-system-006] worker cost diagnostics preserve actual success and assertion failure with a closed exit sink"}
[verification-test-start] {"pid":93205,"parentPid":93204,"entryFile":"/Users/yuanxi/Workwork/vibe-fs/requirements/delegation/tests/025.test.mjs","name":"WHAT[delegation-025] production completed-turn fallback rejects wrong-root instead of settling the reused observed invocation","fullName":"WHAT[delegation-025] production completed-turn fallback rejects wrong-root instead of settling the reused observed invocation"}
[verification-test-start] {"pid":93205,"parentPid":93204,"entryFile":"/Users/yuanxi/Workwork/vibe-fs/requirements/delegation/tests/025.test.mjs","name":"WHAT[delegation-025] production completed-turn fallback rejects previous-physical instead of settling the reused observed invocation","fullName":"WHAT[delegation-025] production completed-turn fallback rejects previous-physical instead of settling the reused observed invocation"}
[verification-test-start] {"pid":93205,"parentPid":93204,"entryFile":"/Users/yuanxi/Workwork/vibe-fs/requirements/delegation/tests/025.test.mjs","name":"WHAT[delegation-025] production completed-turn fallback settles its invocation once and preserves the first causal response","fullName":"WHAT[delegation-025] production completed-turn fallback settles its invocation once and preserves the first causal response"}
[verification-test-start] {"pid":93205,"parentPid":93204,"entryFile":"/Users/yuanxi/Workwork/vibe-fs/requirements/delegation/tests/025.test.mjs","name":"WHAT[delegation-025] a real preparation exception settles observed admission and completion without a Host send","fullName":"WHAT[delegation-025] a real preparation exception settles observed admission and completion without a Host send"}
[verification-test-start] {"pid":93205,"parentPid":93204,"entryFile":"/Users/yuanxi/Workwork/vibe-fs/requirements/delegation/tests/025.test.mjs","name":"WHAT[delegation-025] a real Host send promise exception preserves its actual key without fabricating an outcome","fullName":"WHAT[delegation-025] a real Host send promise exception preserves its actual key without fabricating an outcome"}
[verification-worker-cost] {"version":1,"phase":"exit","sequence":1,"entryFile":"/Users/yuanxi/Workwork/vibe-fs/requirements/delegation/tests/025.test.mjs","pid":93205,"parentPid":93204,"monotonicMs":2332.823583,"cpuUserMicros":998225,"cpuSystemMicros":131603,"exitCode":1}
runner: file lifecycle {"entryFile":"/Users/yuanxi/Workwork/vibe-fs/requirements/delegation/tests/025.test.mjs","type":"runner:file-drained","elapsedMs":2386.94625}
runner: worker cost {"version":1,"entryFile":"/Users/yuanxi/Workwork/vibe-fs/requirements/delegation/tests/025.test.mjs","enabled":true,"pid":93205,"status":"complete","reason":null,"preImport":{"version":1,"phase":"pre-import","sequence":0,"entryFile":"/Users/yuanxi/Workwork/vibe-fs/requirements/delegation/tests/025.test.mjs","pid":93205,"parentPid":93204,"monotonicMs":17.436666,"cpuUserMicros":23011,"cpuSystemMicros":4398},"exit":{"version":1,"phase":"exit","sequence":1,"entryFile":"/Users/yuanxi/Workwork/vibe-fs/requirements/delegation/tests/025.test.mjs","pid":93205,"parentPid":93204,"monotonicMs":2332.823583,"cpuUserMicros":998225,"cpuSystemMicros":131603,"exitCode":1},"interval":{"clockPid":93205,"wallMs":2315.386917,"cpuUserMicros":975214,"cpuSystemMicros":127205}}
[verification-test-start] {"pid":93207,"parentPid":93204,"entryFile":"/Users/yuanxi/Workwork/vibe-fs/requirements/verification-system/tests/006.test.mjs","name":"WHAT[verification-system-006] continuing worker cost IPC cannot renew a pending file after invalid diagnostic evidence","fullName":"WHAT[verification-system-006] continuing worker cost IPC cannot renew a pending file after invalid diagnostic evidence"}
[verification-test-start] {"pid":93207,"parentPid":93204,"entryFile":"/Users/yuanxi/Workwork/vibe-fs/requirements/verification-system/tests/006.test.mjs","name":"WHAT[verification-system-006] invalid worker cost IPC leaves actual runner verdicts and process cleanup unchanged","fullName":"WHAT[verification-system-006] invalid worker cost IPC leaves actual runner verdicts and process cleanup unchanged"}
[verification-test-start] {"pid":93207,"parentPid":93204,"entryFile":"/Users/yuanxi/Workwork/vibe-fs/requirements/verification-system/tests/006.test.mjs","name":"WHAT[verification-system-006] the worker cost collector rejects observations and invalid states presented as disabled","fullName":"WHAT[verification-system-006] the worker cost collector rejects observations and invalid states presented as disabled"}
[verification-test-start] {"pid":93207,"parentPid":93204,"entryFile":"/Users/yuanxi/Workwork/vibe-fs/requirements/verification-system/tests/006.test.mjs","name":"WHAT[verification-system-006] the worker cost collector preserves native cumulative units and only derives a same-process interval","fullName":"WHAT[verification-system-006] the worker cost collector preserves native cumulative units and only derives a same-process interval"}
[verification-test-start] {"pid":93207,"parentPid":93204,"entryFile":"/Users/yuanxi/Workwork/vibe-fs/requirements/verification-system/tests/006.test.mjs","name":"WHAT[verification-system-006] the worker cost collector invalidates forged, duplicate, reordered and wrongly attributed observations without a business verdict","fullName":"WHAT[verification-system-006] the worker cost collector invalidates forged, duplicate, reordered and wrongly attributed observations without a business verdict"}
[verification-test-start] {"pid":93207,"parentPid":93204,"entryFile":"/Users/yuanxi/Workwork/vibe-fs/requirements/verification-system/tests/006.test.mjs","name":"WHAT[verification-system-006] the worker cost collector bounds fragmented bytes and distinguishes disabled, missing and truncated observations","fullName":"WHAT[verification-system-006] the worker cost collector bounds fragmented bytes and distinguishes disabled, missing and truncated observations"}
[verification-test-start] {"pid":93207,"parentPid":93204,"entryFile":"/Users/yuanxi/Workwork/vibe-fs/requirements/verification-system/tests/006.test.mjs","name":"WHAT[verification-system-006] file waits distinguish queued, active and verdicts awaiting stream drain","fullName":"WHAT[verification-system-006] file waits distinguish queued, active and verdicts awaiting stream drain"}
[verification-test-start] {"pid":93207,"parentPid":93204,"entryFile":"/Users/yuanxi/Workwork/vibe-fs/requirements/verification-system/tests/006.test.mjs","name":"WHAT[verification-system-006] file lifecycle facts reject unknown entries and impossible transitions","fullName":"WHAT[verification-system-006] file lifecycle facts reject unknown entries and impossible transitions"}
[verification-test-start] {"pid":93207,"parentPid":93204,"entryFile":"/Users/yuanxi/Workwork/vibe-fs/requirements/verification-system/tests/006.test.mjs","name":"WHAT[verification-system-006] a pending runtime test start remains diagnostic evidence without becoming a verdict","fullName":"WHAT[verification-system-006] a pending runtime test start remains diagnostic evidence without becoming a verdict"}
[verification-test-start] {"pid":93207,"parentPid":93204,"entryFile":"/Users/yuanxi/Workwork/vibe-fs/requirements/verification-system/tests/006.test.mjs","name":"WHAT[verification-system-006] continuing body entry diagnostics cannot keep a genuinely pending test alive","fullName":"WHAT[verification-system-006] continuing body entry diagnostics cannot keep a genuinely pending test alive"}
[verification-test-start] {"pid":93207,"parentPid":93204,"entryFile":"/Users/yuanxi/Workwork/vibe-fs/requirements/verification-system/tests/006.test.mjs","name":"WHAT[verification-system-006] real tool diagnostics preserve stdout failure and complete cleanup without forwarding the control field","fullName":"WHAT[verification-system-006] real tool diagnostics preserve stdout failure and complete cleanup without forwarding the control field"}
[verification-test-start] {"pid":93207,"parentPid":93204,"entryFile":"/Users/yuanxi/Workwork/vibe-fs/requirements/verification-system/tests/006.test.mjs","name":"WHAT[verification-system-006] real silence diagnostics identify active waits separately from queued files","fullName":"WHAT[verification-system-006] real silence diagnostics identify active waits separately from queued files"}
[verification-test-start] {"pid":93207,"parentPid":93204,"entryFile":"/Users/yuanxi/Workwork/vibe-fs/requirements/verification-system/tests/006.test.mjs","name":"WHAT[verification-system-006] silence failure reclaims its process group before the caller catches it and completes cleanup","fullName":"WHAT[verification-system-006] silence failure reclaims its process group before the caller catches it and completes cleanup"}
[verification-test-start] {"pid":93207,"parentPid":93204,"entryFile":"/Users/yuanxi/Workwork/vibe-fs/requirements/verification-system/tests/006.test.mjs","name":"WHAT[verification-system-006] synchronous runner spawn failure preserves its cause and stops its watchdog","fullName":"WHAT[verification-system-006] synchronous runner spawn failure preserves its cause and stops its watchdog"}
[verification-test-start] {"pid":93207,"parentPid":93204,"entryFile":"/Users/yuanxi/Workwork/vibe-fs/requirements/verification-system/tests/006.test.mjs","name":"WHAT[verification-system-006] suite HOME cleanup failure preserves the original failed verdict and rejects acceptance","fullName":"WHAT[verification-system-006] suite HOME cleanup failure preserves the original failed verdict and rejects acceptance"}
[verification-test-start] {"pid":93207,"parentPid":93204,"entryFile":"/Users/yuanxi/Workwork/vibe-fs/requirements/verification-system/tests/006.test.mjs","name":"WHAT[verification-system-006] standalone inner owns only its allocated HOME and always releases it","fullName":"WHAT[verification-system-006] standalone inner owns only its allocated HOME and always releases it"}
[verification-test-start] {"pid":93207,"parentPid":93204,"entryFile":"/Users/yuanxi/Workwork/vibe-fs/requirements/verification-system/tests/006.test.mjs","name":"WHAT[verification-system-006] physical backstop diagnostics retain active verdicts and queued files while completed leaves continue advancing","fullName":"WHAT[verification-system-006] physical backstop diagnostics retain active verdicts and queued files while completed leaves continue advancing"}
[verification-test-start] {"pid":93207,"parentPid":93204,"entryFile":"/Users/yuanxi/Workwork/vibe-fs/requirements/verification-system/tests/006.test.mjs","name":"WHAT[verification-system-006] synchronous work and microtasks deliver completed verdicts before the file ends","fullName":"WHAT[verification-system-006] synchronous work and microtasks deliver completed verdicts before the file ends"}
[verification-worker-cost] {"version":1,"phase":"exit","sequence":1,"entryFile":"/Users/yuanxi/Workwork/vibe-fs/requirements/dispatch-protocol/tests/007.test.mjs","pid":93206,"parentPid":93204,"monotonicMs":10329.709625,"cpuUserMicros":1459303,"cpuSystemMicros":209550,"exitCode":1}
runner: file lifecycle {"entryFile":"/Users/yuanxi/Workwork/vibe-fs/requirements/dispatch-protocol/tests/007.test.mjs","type":"runner:file-drained","elapsedMs":10396.131208}
runner: worker cost {"version":1,"entryFile":"/Users/yuanxi/Workwork/vibe-fs/requirements/dispatch-protocol/tests/007.test.mjs","enabled":true,"pid":93206,"status":"complete","reason":null,"preImport":{"version":1,"phase":"pre-import","sequence":0,"entryFile":"/Users/yuanxi/Workwork/vibe-fs/requirements/dispatch-protocol/tests/007.test.mjs","pid":93206,"parentPid":93204,"monotonicMs":16.191334,"cpuUserMicros":22103,"cpuSystemMicros":3784},"exit":{"version":1,"phase":"exit","sequence":1,"entryFile":"/Users/yuanxi/Workwork/vibe-fs/requirements/dispatch-protocol/tests/007.test.mjs","pid":93206,"parentPid":93204,"monotonicMs":10329.709625,"cpuUserMicros":1459303,"cpuSystemMicros":209550,"exitCode":1},"interval":{"clockPid":93206,"wallMs":10313.518291,"cpuUserMicros":1437200,"cpuSystemMicros":205766}}
[verification-test-start] {"pid":93207,"parentPid":93204,"entryFile":"/Users/yuanxi/Workwork/vibe-fs/requirements/verification-system/tests/006.test.mjs","name":"WHAT[verification-system-006] transport scheduling cannot renew unfinished work or background noise","fullName":"WHAT[verification-system-006] transport scheduling cannot renew unfinished work or background noise"}
[verification-test-start] {"pid":93207,"parentPid":93204,"entryFile":"/Users/yuanxi/Workwork/vibe-fs/requirements/verification-system/tests/006.test.mjs","name":"WHAT[verification-system-006] transport scheduling preserves after-hook failure verdicts","fullName":"WHAT[verification-system-006] transport scheduling preserves after-hook failure verdicts"}
[verification-test-start] {"pid":93207,"parentPid":93204,"entryFile":"/Users/yuanxi/Workwork/vibe-fs/requirements/verification-system/tests/006.test.mjs","name":"WHAT[verification-system-006] repeat observations of one causal state do not renew twice","fullName":"WHAT[verification-system-006] repeat observations of one causal state do not renew twice"}
[verification-test-start] {"pid":93207,"parentPid":93204,"entryFile":"/Users/yuanxi/Workwork/vibe-fs/requirements/verification-system/tests/006.test.mjs","name":"WHAT[verification-system-006] stop cancels monitoring and late signals cannot resurrect it","fullName":"WHAT[verification-system-006] stop cancels monitoring and late signals cannot resurrect it"}
[verification-test-start] {"pid":93207,"parentPid":93204,"entryFile":"/Users/yuanxi/Workwork/vibe-fs/requirements/verification-system/tests/006.test.mjs","name":"WHAT[verification-system-006] changing the window does not invent new causal progress","fullName":"WHAT[verification-system-006] changing the window does not invent new causal progress"}
[verification-test-start] {"pid":93207,"parentPid":93204,"entryFile":"/Users/yuanxi/Workwork/vibe-fs/requirements/verification-system/tests/006.test.mjs","name":"WHAT[verification-system-006] restoring the default window retains the original last-progress time","fullName":"WHAT[verification-system-006] restoring the default window retains the original last-progress time"}
[verification-test-start] {"pid":93207,"parentPid":93204,"entryFile":"/Users/yuanxi/Workwork/vibe-fs/requirements/verification-system/tests/006.test.mjs","name":"WHAT[verification-system-006] failed diagnostic collection discloses its cause before exit","fullName":"WHAT[verification-system-006] failed diagnostic collection discloses its cause before exit"}
[verification-test-start] {"pid":93207,"parentPid":93204,"entryFile":"/Users/yuanxi/Workwork/vibe-fs/requirements/verification-system/tests/006.test.mjs","name":"WHAT[verification-system-006] hung diagnostic collection discloses missing information and cannot prevent exit","fullName":"WHAT[verification-system-006] hung diagnostic collection discloses missing information and cannot prevent exit"}
[verification-test-start] {"pid":93207,"parentPid":93204,"entryFile":"/Users/yuanxi/Workwork/vibe-fs/requirements/verification-system/tests/006.test.mjs","name":"WHAT[verification-system-006] successful diagnostic collection completes before a single exit","fullName":"WHAT[verification-system-006] successful diagnostic collection completes before a single exit"}
[verification-test-start] {"pid":93207,"parentPid":93204,"entryFile":"/Users/yuanxi/Workwork/vibe-fs/requirements/verification-system/tests/006.test.mjs","name":"WHAT[verification-system-006] a diagnostic output failure still terminates once and cannot restart monitoring","fullName":"WHAT[verification-system-006] a diagnostic output failure still terminates once and cannot restart monitoring"}
[verification-test-start] {"pid":93207,"parentPid":93204,"entryFile":"/Users/yuanxi/Workwork/vibe-fs/requirements/verification-system/tests/006.test.mjs","name":"WHAT[verification-system-006] consumed expectation observations preserve the matched physical attempt","fullName":"WHAT[verification-system-006] consumed expectation observations preserve the matched physical attempt"}
[verification-test-start] {"pid":93207,"parentPid":93204,"entryFile":"/Users/yuanxi/Workwork/vibe-fs/requirements/verification-system/tests/006.test.mjs","name":"WHAT[verification-system-006] turn observations keep session identity and forget pre-restart cursors","fullName":"WHAT[verification-system-006] turn observations keep session identity and forget pre-restart cursors"}
[verification-test-start] {"pid":93207,"parentPid":93204,"entryFile":"/Users/yuanxi/Workwork/vibe-fs/requirements/verification-system/tests/006.test.mjs","name":"WHAT[verification-system-006] alternative progress waits resolve the observed branch and release siblings","fullName":"WHAT[verification-system-006] alternative progress waits resolve the observed branch and release siblings"}
[verification-worker-cost] {"version":1,"phase":"exit","sequence":1,"entryFile":"/Users/yuanxi/Workwork/vibe-fs/requirements/verification-system/tests/006.test.mjs","pid":93207,"parentPid":93204,"monotonicMs":16859.050041,"cpuUserMicros":397146,"cpuSystemMicros":80649,"exitCode":0}
runner: file lifecycle {"entryFile":"/Users/yuanxi/Workwork/vibe-fs/requirements/verification-system/tests/006.test.mjs","type":"runner:file-drained","elapsedMs":16912.977958}
runner: worker cost {"version":1,"entryFile":"/Users/yuanxi/Workwork/vibe-fs/requirements/verification-system/tests/006.test.mjs","enabled":true,"pid":93207,"status":"complete","reason":null,"preImport":{"version":1,"phase":"pre-import","sequence":0,"entryFile":"/Users/yuanxi/Workwork/vibe-fs/requirements/verification-system/tests/006.test.mjs","pid":93207,"parentPid":93204,"monotonicMs":16.365333,"cpuUserMicros":22130,"cpuSystemMicros":4040},"exit":{"version":1,"phase":"exit","sequence":1,"entryFile":"/Users/yuanxi/Workwork/vibe-fs/requirements/verification-system/tests/006.test.mjs","pid":93207,"parentPid":93204,"monotonicMs":16859.050041,"cpuUserMicros":397146,"cpuSystemMicros":80649,"exitCode":0},"interval":{"clockPid":93207,"wallMs":16842.684707999997,"cpuUserMicros":375016,"cpuSystemMicros":76609}}

[test-summary] 3 file(s), 82 passed, 6 failed, 1 todo (16.88s wall, 21.02s test time)
  todo: /Users/yuanxi/Workwork/vibe-fs/requirements/delegation/tests/025.test.mjs:WHAT[delegation-025] actual fork execution rejects late run-scoped success failure and abort while preserving legitimate session-wide failures (GAP-153) — reason not supplied
runner: post-exit group verification/reclamation: pid=93204; elapsedMs=17.347; accepted=true
runner: 89 test(s), 21.0s of test time; max 3212ms, p90 598ms, median 58ms
runner:    3212ms  WHAT[verification-system-006] transport scheduling cannot renew unfinished work or background noise
runner:    2183ms  WHAT[verification-system-006] synchronous work and microtasks deliver completed verdicts before the file ends
runner:    2181ms  WHAT[verification-system-006] transport scheduling preserves after-hook failure verdicts
runner:    1591ms  WHAT[verification-system-006] physical backstop diagnostics retain active verdicts and queued files while completed leaves continue advancing
runner:    1255ms  WHAT[verification-system-006] silence termination reclaims an actual detached tool and its descendant while preserving the caller's foreign group

runner: 82 passed, 6 failed; 3/3 planned file(s) completed
Error: runner: supervised suite failed (exit 1)
    at fail (file:///Users/yuanxi/Workwork/vibe-fs/requirements/verification-system/tests/e2e/support/supervise-node-test.mjs:222:25)
    at superviseOwnedNodeTest (file:///Users/yuanxi/Workwork/vibe-fs/requirements/verification-system/tests/e2e/support/supervise-node-test.mjs:435:19)
    at process.processTicksAndRejections (node:internal/process/task_queues:103:5)
    at async superviseNodeTest (file:///Users/yuanxi/Workwork/vibe-fs/requirements/verification-system/tests/e2e/support/supervise-node-test.mjs:200:14)
    at async file:///Users/yuanxi/Workwork/vibe-fs/requirements/verification-system/tests/run.mjs:94:1 {
  exitCode: 1
}
