runner: scoped 使用 TESTS_MJS_FILES=3 files
runner: build is current (1798 sources, 884 artifacts)
runner: discovery OVERRIDDEN by TESTS_MJS_FILES (3 file(s))
runner: 3 test file(s), 5000ms verdict-silence window
runner: file lifecycle {"entryFile":"/Users/yuanxi/Workwork/vibe-fs/requirements/dispatch-protocol/tests/006.test.mjs","pid":10044,"parentPid":10023,"type":"runner:file-start","elapsedMs":33.39291700000001}
runner: file lifecycle {"entryFile":"/Users/yuanxi/Workwork/vibe-fs/requirements/dispatch-protocol/tests/007.test.mjs","pid":10044,"parentPid":10023,"type":"runner:file-start","elapsedMs":34.860667000000035}
runner: file lifecycle {"entryFile":"/Users/yuanxi/Workwork/vibe-fs/requirements/interaction-authority/tests/017.test.mjs","pid":10044,"parentPid":10023,"type":"runner:file-start","elapsedMs":36.181084}
[verification-worker-cost] {"version":1,"phase":"pre-import","sequence":0,"entryFile":"/Users/yuanxi/Workwork/vibe-fs/requirements/dispatch-protocol/tests/006.test.mjs","pid":10045,"parentPid":10044,"monotonicMs":17.881792,"cpuUserMicros":23831,"cpuSystemMicros":4094}
[verification-worker-cost] {"version":1,"phase":"pre-import","sequence":0,"entryFile":"/Users/yuanxi/Workwork/vibe-fs/requirements/dispatch-protocol/tests/007.test.mjs","pid":10046,"parentPid":10044,"monotonicMs":16.428334,"cpuUserMicros":22045,"cpuSystemMicros":3798}
[verification-worker-cost] {"version":1,"phase":"pre-import","sequence":0,"entryFile":"/Users/yuanxi/Workwork/vibe-fs/requirements/interaction-authority/tests/017.test.mjs","pid":10047,"parentPid":10044,"monotonicMs":20.309833,"cpuUserMicros":25904,"cpuSystemMicros":4119}
[verification-test-start] {"pid":10045,"parentPid":10044,"entryFile":"/Users/yuanxi/Workwork/vibe-fs/requirements/dispatch-protocol/tests/006.test.mjs","name":"WHAT[dispatch-protocol-006] DP_006_abandon_keeps_the_claim_sequence_consumed","fullName":"WHAT[dispatch-protocol-006] DP_006_abandon_keeps_the_claim_sequence_consumed"}
[verification-test-start] {"pid":10047,"parentPid":10044,"entryFile":"/Users/yuanxi/Workwork/vibe-fs/requirements/interaction-authority/tests/017.test.mjs","name":"WHAT[interaction-authority-017] real pure close removes previously accepted continuation lookup","fullName":"WHAT[interaction-authority-017] real pure close removes previously accepted continuation lookup"}
[verification-test-start] {"pid":10045,"parentPid":10044,"entryFile":"/Users/yuanxi/Workwork/vibe-fs/requirements/dispatch-protocol/tests/006.test.mjs","name":"WHAT[dispatch-protocol-006] DP_006_claim_sequence_advances_on_registration_not_on_resolution","fullName":"WHAT[dispatch-protocol-006] DP_006_claim_sequence_advances_on_registration_not_on_resolution"}
[verification-test-start] {"pid":10045,"parentPid":10044,"entryFile":"/Users/yuanxi/Workwork/vibe-fs/requirements/dispatch-protocol/tests/006.test.mjs","name":"WHAT[dispatch-protocol-006] DP_006_same_payload_landings_stay_exact_per_physical_message","fullName":"WHAT[dispatch-protocol-006] DP_006_same_payload_landings_stay_exact_per_physical_message"}
[verification-test-start] {"pid":10045,"parentPid":10044,"entryFile":"/Users/yuanxi/Workwork/vibe-fs/requirements/dispatch-protocol/tests/006.test.mjs","name":"WHAT[dispatch-protocol-006] an accepted None-root scope keeps its consumed sequence across new root","fullName":"WHAT[dispatch-protocol-006] an accepted None-root scope keeps its consumed sequence across new root"}
[verification-test-start] {"pid":10047,"parentPid":10044,"entryFile":"/Users/yuanxi/Workwork/vibe-fs/requirements/interaction-authority/tests/017.test.mjs","name":"WHAT[interaction-authority-017] dispatcher rejects a continuation with no active run at its target","fullName":"WHAT[interaction-authority-017] dispatcher rejects a continuation with no active run at its target"}
[verification-test-start] {"pid":10045,"parentPid":10044,"entryFile":"/Users/yuanxi/Workwork/vibe-fs/requirements/dispatch-protocol/tests/006.test.mjs","name":"WHAT[dispatch-protocol-006] an accepted None-root scope keeps its consumed sequence across exact run close","fullName":"WHAT[dispatch-protocol-006] an accepted None-root scope keeps its consumed sequence across exact run close"}
[verification-test-start] {"pid":10045,"parentPid":10044,"entryFile":"/Users/yuanxi/Workwork/vibe-fs/requirements/dispatch-protocol/tests/006.test.mjs","name":"WHAT[dispatch-protocol-006] exact close clears a Some continuation scope even when its run id equals the absence marker","fullName":"WHAT[dispatch-protocol-006] exact close clears a Some continuation scope even when its run id equals the absence marker"}

✖ failing tests:

test at /Users/yuanxi/Workwork/vibe-fs/requirements/dispatch-protocol/tests/006.test.mjs:165:1
✖ WHAT[dispatch-protocol-006] exact close clears a Some continuation scope even when its run id equals the absence marker (2.491ms)
  AssertionError [ERR_ASSERTION]: absence-marker: scope ownership is the typed Some run, not the spelling of its encoded prefix
  
  2 !== 1
  
      at TestContext.<anonymous> (file:///Users/yuanxi/Workwork/vibe-fs/requirements/dispatch-protocol/tests/006.test.mjs:186:12)
      at Test.runInAsyncScope (node:async_hooks:214:14)
      at Test.run (node:internal/test_runner/test:1047:25)
      at async Test.processPendingSubtests (node:internal/test_runner/test:744:7)

[verification-worker-cost] {"version":1,"phase":"exit","sequence":1,"entryFile":"/Users/yuanxi/Workwork/vibe-fs/requirements/dispatch-protocol/tests/006.test.mjs","pid":10045,"parentPid":10044,"monotonicMs":131.585167,"cpuUserMicros":188358,"cpuSystemMicros":23525,"exitCode":1}
runner: file lifecycle {"entryFile":"/Users/yuanxi/Workwork/vibe-fs/requirements/dispatch-protocol/tests/006.test.mjs","type":"runner:file-drained","elapsedMs":180.66012500000005}
runner: worker cost {"version":1,"entryFile":"/Users/yuanxi/Workwork/vibe-fs/requirements/dispatch-protocol/tests/006.test.mjs","enabled":true,"pid":10045,"status":"complete","reason":null,"preImport":{"version":1,"phase":"pre-import","sequence":0,"entryFile":"/Users/yuanxi/Workwork/vibe-fs/requirements/dispatch-protocol/tests/006.test.mjs","pid":10045,"parentPid":10044,"monotonicMs":17.881792,"cpuUserMicros":23831,"cpuSystemMicros":4094},"exit":{"version":1,"phase":"exit","sequence":1,"entryFile":"/Users/yuanxi/Workwork/vibe-fs/requirements/dispatch-protocol/tests/006.test.mjs","pid":10045,"parentPid":10044,"monotonicMs":131.585167,"cpuUserMicros":188358,"cpuSystemMicros":23525,"exitCode":1},"interval":{"clockPid":10045,"wallMs":113.70337500000001,"cpuUserMicros":164527,"cpuSystemMicros":19431}}
[verification-test-start] {"pid":10047,"parentPid":10044,"entryFile":"/Users/yuanxi/Workwork/vibe-fs/requirements/interaction-authority/tests/017.test.mjs","name":"WHAT[interaction-authority-017] dispatcher rejects a continuation whose supplied profile names another logical run","fullName":"WHAT[interaction-authority-017] dispatcher rejects a continuation whose supplied profile names another logical run"}
[verification-test-start] {"pid":10047,"parentPid":10044,"entryFile":"/Users/yuanxi/Workwork/vibe-fs/requirements/interaction-authority/tests/017.test.mjs","name":"WHAT[interaction-authority-017] dispatcher rejects a continuation whose supplied profile names another authority root","fullName":"WHAT[interaction-authority-017] dispatcher rejects a continuation whose supplied profile names another authority root"}
[verification-test-start] {"pid":10047,"parentPid":10044,"entryFile":"/Users/yuanxi/Workwork/vibe-fs/requirements/interaction-authority/tests/017.test.mjs","name":"WHAT[interaction-authority-017] dispatcher delivers a continuation to a target that has an active run","fullName":"WHAT[interaction-authority-017] dispatcher delivers a continuation to a target that has an active run"}
[verification-test-start] {"pid":10047,"parentPid":10044,"entryFile":"/Users/yuanxi/Workwork/vibe-fs/requirements/interaction-authority/tests/017.test.mjs","name":"WHAT[interaction-authority-017] dispatcher rejects a continuation whose target run is durably closed while its archived profile is still readable","fullName":"WHAT[interaction-authority-017] dispatcher rejects a continuation whose target run is durably closed while its archived profile is still readable"}
[verification-worker-cost] {"version":1,"phase":"exit","sequence":1,"entryFile":"/Users/yuanxi/Workwork/vibe-fs/requirements/interaction-authority/tests/017.test.mjs","pid":10047,"parentPid":10044,"monotonicMs":290.619458,"cpuUserMicros":436720,"cpuSystemMicros":43949,"exitCode":0}
runner: file lifecycle {"entryFile":"/Users/yuanxi/Workwork/vibe-fs/requirements/interaction-authority/tests/017.test.mjs","type":"runner:file-drained","elapsedMs":341.344584}
runner: worker cost {"version":1,"entryFile":"/Users/yuanxi/Workwork/vibe-fs/requirements/interaction-authority/tests/017.test.mjs","enabled":true,"pid":10047,"status":"complete","reason":null,"preImport":{"version":1,"phase":"pre-import","sequence":0,"entryFile":"/Users/yuanxi/Workwork/vibe-fs/requirements/interaction-authority/tests/017.test.mjs","pid":10047,"parentPid":10044,"monotonicMs":20.309833,"cpuUserMicros":25904,"cpuSystemMicros":4119},"exit":{"version":1,"phase":"exit","sequence":1,"entryFile":"/Users/yuanxi/Workwork/vibe-fs/requirements/interaction-authority/tests/017.test.mjs","pid":10047,"parentPid":10044,"monotonicMs":290.619458,"cpuUserMicros":436720,"cpuSystemMicros":43949,"exitCode":0},"interval":{"clockPid":10047,"wallMs":270.309625,"cpuUserMicros":410816,"cpuSystemMicros":39830}}
[verification-test-start] {"pid":10046,"parentPid":10044,"entryFile":"/Users/yuanxi/Workwork/vibe-fs/requirements/dispatch-protocol/tests/007.test.mjs","name":"WHAT[dispatch-protocol-007] accepting another real root preserves an earlier native Unknown root claim through cold reopen","fullName":"WHAT[dispatch-protocol-007] accepting another real root preserves an earlier native Unknown root claim through cold reopen"}
[verification-test-start] {"pid":10046,"parentPid":10044,"entryFile":"/Users/yuanxi/Workwork/vibe-fs/requirements/dispatch-protocol/tests/007.test.mjs","name":"WHAT[dispatch-protocol-007] the pure authority owner preserves an unlanded root when establishing and closing another exact run","fullName":"WHAT[dispatch-protocol-007] the pure authority owner preserves an unlanded root when establishing and closing another exact run"}
[verification-test-start] {"pid":10046,"parentPid":10044,"entryFile":"/Users/yuanxi/Workwork/vibe-fs/requirements/dispatch-protocol/tests/007.test.mjs","name":"WHAT[dispatch-protocol-007] the real root sender hands its exact local registration to the caller before entering the Host effect","fullName":"WHAT[dispatch-protocol-007] the real root sender hands its exact local registration to the caller before entering the Host effect"}
[verification-test-start] {"pid":10046,"parentPid":10044,"entryFile":"/Users/yuanxi/Workwork/vibe-fs/requirements/dispatch-protocol/tests/007.test.mjs","name":"WHAT[dispatch-protocol-007] a real Await root native Unknown result cannot reject another caller's waiter or alter its durable Pending claim","fullName":"WHAT[dispatch-protocol-007] a real Await root native Unknown result cannot reject another caller's waiter or alter its durable Pending claim"}
[verification-test-start] {"pid":10046,"parentPid":10044,"entryFile":"/Users/yuanxi/Workwork/vibe-fs/requirements/dispatch-protocol/tests/007.test.mjs","name":"WHAT[dispatch-protocol-007] the real continuation sender hands its exact local registration to the caller before entering the Host effect","fullName":"WHAT[dispatch-protocol-007] the real continuation sender hands its exact local registration to the caller before entering the Host effect"}
(node:10046) ExperimentalWarning: The MockTimers API is an experimental feature and might change at any time
(Use `node --trace-warnings ...` to show where the warning was created)
[verification-test-start] {"pid":10046,"parentPid":10044,"entryFile":"/Users/yuanxi/Workwork/vibe-fs/requirements/dispatch-protocol/tests/007.test.mjs","name":"WHAT[dispatch-protocol-007] a real Await continuation native Unknown result cannot reject another caller's waiter or alter its durable Pending claim","fullName":"WHAT[dispatch-protocol-007] a real Await continuation native Unknown result cannot reject another caller's waiter or alter its durable Pending claim"}
[verification-test-start] {"pid":10046,"parentPid":10044,"entryFile":"/Users/yuanxi/Workwork/vibe-fs/requirements/dispatch-protocol/tests/007.test.mjs","name":"WHAT[dispatch-protocol-007] repeated registration of the same root callback gives independent leases and an old release preserves the current observer","fullName":"WHAT[dispatch-protocol-007] repeated registration of the same root callback gives independent leases and an old release preserves the current observer"}
[verification-test-start] {"pid":10046,"parentPid":10044,"entryFile":"/Users/yuanxi/Workwork/vibe-fs/requirements/dispatch-protocol/tests/007.test.mjs","name":"WHAT[dispatch-protocol-007] disposing an old root lease twice cannot remove a different later observer","fullName":"WHAT[dispatch-protocol-007] disposing an old root lease twice cannot remove a different later observer"}
[verification-test-start] {"pid":10046,"parentPid":10044,"entryFile":"/Users/yuanxi/Workwork/vibe-fs/requirements/dispatch-protocol/tests/007.test.mjs","name":"WHAT[dispatch-protocol-007] releasing a local root lease after Host Unknown preserves durable Pending bytes and other actual confirmation waiters","fullName":"WHAT[dispatch-protocol-007] releasing a local root lease after Host Unknown preserves durable Pending bytes and other actual confirmation waiters"}
[verification-test-start] {"pid":10046,"parentPid":10044,"entryFile":"/Users/yuanxi/Workwork/vibe-fs/requirements/dispatch-protocol/tests/007.test.mjs","name":"WHAT[dispatch-protocol-007] a current root lease callback exception preserves actual Accepted for every independent waiter","fullName":"WHAT[dispatch-protocol-007] a current root lease callback exception preserves actual Accepted for every independent waiter"}
[verification-test-start] {"pid":10046,"parentPid":10044,"entryFile":"/Users/yuanxi/Workwork/vibe-fs/requirements/dispatch-protocol/tests/007.test.mjs","name":"WHAT[dispatch-protocol-007] repeated registration of the same continuation callback gives independent leases and an old release preserves the current observer","fullName":"WHAT[dispatch-protocol-007] repeated registration of the same continuation callback gives independent leases and an old release preserves the current observer"}
[verification-test-start] {"pid":10046,"parentPid":10044,"entryFile":"/Users/yuanxi/Workwork/vibe-fs/requirements/dispatch-protocol/tests/007.test.mjs","name":"WHAT[dispatch-protocol-007] disposing an old continuation lease twice cannot remove a different later observer","fullName":"WHAT[dispatch-protocol-007] disposing an old continuation lease twice cannot remove a different later observer"}
[verification-test-start] {"pid":10046,"parentPid":10044,"entryFile":"/Users/yuanxi/Workwork/vibe-fs/requirements/dispatch-protocol/tests/007.test.mjs","name":"WHAT[dispatch-protocol-007] releasing a local continuation lease after Host Unknown preserves durable Pending bytes and other actual confirmation waiters","fullName":"WHAT[dispatch-protocol-007] releasing a local continuation lease after Host Unknown preserves durable Pending bytes and other actual confirmation waiters"}
[verification-test-start] {"pid":10046,"parentPid":10044,"entryFile":"/Users/yuanxi/Workwork/vibe-fs/requirements/dispatch-protocol/tests/007.test.mjs","name":"WHAT[dispatch-protocol-007] a current continuation lease callback exception preserves actual Accepted for every independent waiter","fullName":"WHAT[dispatch-protocol-007] a current continuation lease callback exception preserves actual Accepted for every independent waiter"}
[verification-test-start] {"pid":10046,"parentPid":10044,"entryFile":"/Users/yuanxi/Workwork/vibe-fs/requirements/dispatch-protocol/tests/007.test.mjs","name":"WHAT[dispatch-protocol-007] one detached root confirmation timeout leaves another waiter and the real acceptance observer intact","fullName":"WHAT[dispatch-protocol-007] one detached root confirmation timeout leaves another waiter and the real acceptance observer intact"}
[verification-test-start] {"pid":10046,"parentPid":10044,"entryFile":"/Users/yuanxi/Workwork/vibe-fs/requirements/dispatch-protocol/tests/007.test.mjs","name":"WHAT[dispatch-protocol-007] detached root remains observable after both existing confirmation waiters time out","fullName":"WHAT[dispatch-protocol-007] detached root remains observable after both existing confirmation waiters time out"}
[verification-test-start] {"pid":10046,"parentPid":10044,"entryFile":"/Users/yuanxi/Workwork/vibe-fs/requirements/dispatch-protocol/tests/007.test.mjs","name":"WHAT[dispatch-protocol-007] one detached continuation confirmation timeout leaves another waiter and the real acceptance observer intact","fullName":"WHAT[dispatch-protocol-007] one detached continuation confirmation timeout leaves another waiter and the real acceptance observer intact"}
[verification-test-start] {"pid":10046,"parentPid":10044,"entryFile":"/Users/yuanxi/Workwork/vibe-fs/requirements/dispatch-protocol/tests/007.test.mjs","name":"WHAT[dispatch-protocol-007] detached continuation remains observable after both existing confirmation waiters time out","fullName":"WHAT[dispatch-protocol-007] detached continuation remains observable after both existing confirmation waiters time out"}
[verification-test-start] {"pid":10046,"parentPid":10044,"entryFile":"/Users/yuanxi/Workwork/vibe-fs/requirements/dispatch-protocol/tests/007.test.mjs","name":"WHAT[dispatch-protocol-007] observed AcceptanceUnknown retains its actual PromptKey and native verdict without resending or guessing from reason text","fullName":"WHAT[dispatch-protocol-007] observed AcceptanceUnknown retains its actual PromptKey and native verdict without resending or guessing from reason text"}
[verification-test-start] {"pid":10046,"parentPid":10044,"entryFile":"/Users/yuanxi/Workwork/vibe-fs/requirements/dispatch-protocol/tests/007.test.mjs","name":"WHAT[dispatch-protocol-007] observed Fatal retains its actual PromptKey and native verdict without resending or guessing from reason text","fullName":"WHAT[dispatch-protocol-007] observed Fatal retains its actual PromptKey and native verdict without resending or guessing from reason text"}
[verification-test-start] {"pid":10046,"parentPid":10044,"entryFile":"/Users/yuanxi/Workwork/vibe-fs/requirements/dispatch-protocol/tests/007.test.mjs","name":"WHAT[dispatch-protocol-007] fresh claim projection begins with no observed runtime restarts","fullName":"WHAT[dispatch-protocol-007] fresh claim projection begins with no observed runtime restarts"}
[verification-test-start] {"pid":10046,"parentPid":10044,"entryFile":"/Users/yuanxi/Workwork/vibe-fs/requirements/dispatch-protocol/tests/007.test.mjs","name":"WHAT[dispatch-protocol-007] PROMPT_007_detached_refused_abandons_send_failed_without_resend","fullName":"WHAT[dispatch-protocol-007] PROMPT_007_detached_refused_abandons_send_failed_without_resend"}
[verification-test-start] {"pid":10046,"parentPid":10044,"entryFile":"/Users/yuanxi/Workwork/vibe-fs/requirements/dispatch-protocol/tests/007.test.mjs","name":"WHAT[dispatch-protocol-007] PROMPT_007_detached_outcome_unknown_keeps_claim_pending_never_resends","fullName":"WHAT[dispatch-protocol-007] PROMPT_007_detached_outcome_unknown_keeps_claim_pending_never_resends"}
[verification-test-start] {"pid":10046,"parentPid":10044,"entryFile":"/Users/yuanxi/Workwork/vibe-fs/requirements/dispatch-protocol/tests/007.test.mjs","name":"WHAT[dispatch-protocol-007] JNGD_nudge_releases_the_key_when_send_fails_and_retries","fullName":"WHAT[dispatch-protocol-007] JNGD_nudge_releases_the_key_when_send_fails_and_retries"}
[verification-test-start] {"pid":10046,"parentPid":10044,"entryFile":"/Users/yuanxi/Workwork/vibe-fs/requirements/dispatch-protocol/tests/007.test.mjs","name":"WHAT[dispatch-protocol-007] JNGD_join_gate_dedupes_same_terminal_but_rearms_for_fresh_terminal","fullName":"WHAT[dispatch-protocol-007] JNGD_join_gate_dedupes_same_terminal_but_rearms_for_fresh_terminal"}
[verification-test-start] {"pid":10046,"parentPid":10044,"entryFile":"/Users/yuanxi/Workwork/vibe-fs/requirements/dispatch-protocol/tests/007.test.mjs","name":"WHAT[dispatch-protocol-007] opening additional journal writers does not abandon an unresolved claim","fullName":"WHAT[dispatch-protocol-007] opening additional journal writers does not abandon an unresolved claim"}
WATCHDOG: 'tests/unit' silent for 5001ms (limit 5000ms); 78 blocking progress update(s), last progress: test:pass:WHAT[dispatch-protocol-007] opening additional journal writers does not abandon an unresolved claim lane=/Users/yuanxi/Workwork/vibe-fs/requirements/dispatch-protocol/tests/007.test.mjs expectation=none
WATCHDOG: background progress 5029ms ago: test:stdout lane=/Users/yuanxi/Workwork/vibe-fs/requirements/dispatch-protocol/tests/007.test.mjs (61 background update(s), none of them renewals)
runner: 1 file(s) had not reported completion
runner: file streams: 2 drained, 1 active, 0 queued
runner: active file requirements/dispatch-protocol/tests/007.test.mjs; waiting for stream drain; last verdict: test:pass:WHAT[dispatch-protocol-007] opening additional journal writers does not abandon an unresolved claim
runner: worker cost {"version":1,"entryFile":"/Users/yuanxi/Workwork/vibe-fs/requirements/dispatch-protocol/tests/007.test.mjs","enabled":true,"pid":10046,"status":"missing","reason":"Exit observation not received","preImport":{"version":1,"phase":"pre-import","sequence":0,"entryFile":"/Users/yuanxi/Workwork/vibe-fs/requirements/dispatch-protocol/tests/007.test.mjs","pid":10046,"parentPid":10044,"monotonicMs":16.428334,"cpuUserMicros":22045,"cpuSystemMicros":3798},"exit":null,"interval":null}
runner: last runtime test start {"name":"WHAT[dispatch-protocol-007] opening additional journal writers does not abandon an unresolved claim","file":"/Users/yuanxi/Workwork/vibe-fs/requirements/dispatch-protocol/tests/007.test.mjs","entryFile":"/Users/yuanxi/Workwork/vibe-fs/requirements/dispatch-protocol/tests/007.test.mjs","line":816,"column":1,"nesting":0,"pid":10044,"parentPid":10023}
runner: verdict counts unavailable; no authoritative summary before the silence
runner: residual process group 10044 after inner exit; surviving pids: 10046
runner: process group 10044 reclaimed; the run still fails
runner: post-exit group verification/reclamation: pid=10044; elapsedMs=34.545; accepted=false

runner: verdict counts unavailable; no authoritative summary; 2/3 planned file(s) completed
Error: runner: supervised suite failed (exit 1)
    at fail (file:///Users/yuanxi/Workwork/vibe-fs/requirements/verification-system/tests/e2e/support/supervise-node-test.mjs:222:25)
    at superviseOwnedNodeTest (file:///Users/yuanxi/Workwork/vibe-fs/requirements/verification-system/tests/e2e/support/supervise-node-test.mjs:437:39)
    at process.processTicksAndRejections (node:internal/process/task_queues:103:5)
    at async superviseNodeTest (file:///Users/yuanxi/Workwork/vibe-fs/requirements/verification-system/tests/e2e/support/supervise-node-test.mjs:200:14)
    at async file:///Users/yuanxi/Workwork/vibe-fs/requirements/verification-system/tests/run.mjs:94:1 {
  exitCode: 1
}
