runner: scoped 使用 TESTS_MJS_FILES=1 files
runner: build is current (1798 sources, 884 artifacts)
runner: discovery OVERRIDDEN by TESTS_MJS_FILES (1 file(s))
runner: 1 test file(s), 5000ms verdict-silence window
runner: file lifecycle {"entryFile":"/Users/yuanxi/Workwork/vibe-fs/requirements/dispatch-protocol/tests/006.test.mjs","pid":10360,"parentPid":10339,"type":"runner:file-start","elapsedMs":32.07879200000002}
[verification-worker-cost] {"version":1,"phase":"pre-import","sequence":0,"entryFile":"/Users/yuanxi/Workwork/vibe-fs/requirements/dispatch-protocol/tests/006.test.mjs","pid":10361,"parentPid":10360,"monotonicMs":18.166209,"cpuUserMicros":23371,"cpuSystemMicros":4083}
[verification-test-start] {"pid":10361,"parentPid":10360,"entryFile":"/Users/yuanxi/Workwork/vibe-fs/requirements/dispatch-protocol/tests/006.test.mjs","name":"WHAT[dispatch-protocol-006] DP_006_abandon_keeps_the_claim_sequence_consumed","fullName":"WHAT[dispatch-protocol-006] DP_006_abandon_keeps_the_claim_sequence_consumed"}
[verification-test-start] {"pid":10361,"parentPid":10360,"entryFile":"/Users/yuanxi/Workwork/vibe-fs/requirements/dispatch-protocol/tests/006.test.mjs","name":"WHAT[dispatch-protocol-006] DP_006_claim_sequence_advances_on_registration_not_on_resolution","fullName":"WHAT[dispatch-protocol-006] DP_006_claim_sequence_advances_on_registration_not_on_resolution"}
[verification-test-start] {"pid":10361,"parentPid":10360,"entryFile":"/Users/yuanxi/Workwork/vibe-fs/requirements/dispatch-protocol/tests/006.test.mjs","name":"WHAT[dispatch-protocol-006] DP_006_same_payload_landings_stay_exact_per_physical_message","fullName":"WHAT[dispatch-protocol-006] DP_006_same_payload_landings_stay_exact_per_physical_message"}
[verification-test-start] {"pid":10361,"parentPid":10360,"entryFile":"/Users/yuanxi/Workwork/vibe-fs/requirements/dispatch-protocol/tests/006.test.mjs","name":"WHAT[dispatch-protocol-006] an accepted None-root scope keeps its consumed sequence across new root","fullName":"WHAT[dispatch-protocol-006] an accepted None-root scope keeps its consumed sequence across new root"}
[verification-test-start] {"pid":10361,"parentPid":10360,"entryFile":"/Users/yuanxi/Workwork/vibe-fs/requirements/dispatch-protocol/tests/006.test.mjs","name":"WHAT[dispatch-protocol-006] an accepted None-root scope keeps its consumed sequence across exact run close","fullName":"WHAT[dispatch-protocol-006] an accepted None-root scope keeps its consumed sequence across exact run close"}
[verification-test-start] {"pid":10361,"parentPid":10360,"entryFile":"/Users/yuanxi/Workwork/vibe-fs/requirements/dispatch-protocol/tests/006.test.mjs","name":"WHAT[dispatch-protocol-006] exact close clears a Some continuation scope even when its run id equals the absence marker","fullName":"WHAT[dispatch-protocol-006] exact close clears a Some continuation scope even when its run id equals the absence marker"}

✖ failing tests:

test at /Users/yuanxi/Workwork/vibe-fs/requirements/dispatch-protocol/tests/006.test.mjs:165:1
✖ WHAT[dispatch-protocol-006] exact close clears a Some continuation scope even when its run id equals the absence marker (1.507ms)
  AssertionError [ERR_ASSERTION]: absence-marker: scope ownership is the typed Some run, not the spelling of its encoded prefix
  
  2 !== 1
  
      at TestContext.<anonymous> (file:///Users/yuanxi/Workwork/vibe-fs/requirements/dispatch-protocol/tests/006.test.mjs:186:12)
      at Test.runInAsyncScope (node:async_hooks:214:14)
      at Test.run (node:internal/test_runner/test:1047:25)
      at async Test.processPendingSubtests (node:internal/test_runner/test:744:7)

[verification-worker-cost] {"version":1,"phase":"exit","sequence":1,"entryFile":"/Users/yuanxi/Workwork/vibe-fs/requirements/dispatch-protocol/tests/006.test.mjs","pid":10361,"parentPid":10360,"monotonicMs":124.726084,"cpuUserMicros":156400,"cpuSystemMicros":21223,"exitCode":1}
runner: file lifecycle {"entryFile":"/Users/yuanxi/Workwork/vibe-fs/requirements/dispatch-protocol/tests/006.test.mjs","type":"runner:file-drained","elapsedMs":170.04650000000004}

[test-summary] 1 file(s), 5 passed, 1 failed (0.14s wall, 0.01s test time)
runner: worker cost {"version":1,"entryFile":"/Users/yuanxi/Workwork/vibe-fs/requirements/dispatch-protocol/tests/006.test.mjs","enabled":true,"pid":10361,"status":"complete","reason":null,"preImport":{"version":1,"phase":"pre-import","sequence":0,"entryFile":"/Users/yuanxi/Workwork/vibe-fs/requirements/dispatch-protocol/tests/006.test.mjs","pid":10361,"parentPid":10360,"monotonicMs":18.166209,"cpuUserMicros":23371,"cpuSystemMicros":4083},"exit":{"version":1,"phase":"exit","sequence":1,"entryFile":"/Users/yuanxi/Workwork/vibe-fs/requirements/dispatch-protocol/tests/006.test.mjs","pid":10361,"parentPid":10360,"monotonicMs":124.726084,"cpuUserMicros":156400,"cpuSystemMicros":21223,"exitCode":1},"interval":{"clockPid":10361,"wallMs":106.559875,"cpuUserMicros":133029,"cpuSystemMicros":17140}}
runner: post-exit group verification/reclamation: pid=10360; elapsedMs=17.010; accepted=true
runner: 6 test(s), 0.0s of test time; max 6ms, p90 6ms, median 1ms

runner: 5 passed, 1 failed; 1/1 planned file(s) completed
Error: runner: supervised suite failed (exit 1)
    at fail (file:///Users/yuanxi/Workwork/vibe-fs/requirements/verification-system/tests/e2e/support/supervise-node-test.mjs:222:25)
    at superviseOwnedNodeTest (file:///Users/yuanxi/Workwork/vibe-fs/requirements/verification-system/tests/e2e/support/supervise-node-test.mjs:435:19)
    at process.processTicksAndRejections (node:internal/process/task_queues:103:5)
    at async superviseNodeTest (file:///Users/yuanxi/Workwork/vibe-fs/requirements/verification-system/tests/e2e/support/supervise-node-test.mjs:200:14)
    at async file:///Users/yuanxi/Workwork/vibe-fs/requirements/verification-system/tests/run.mjs:94:1 {
  exitCode: 1
}
