runner: scoped 使用 TESTS_MJS_FILES=3 files
runner: build is current (1798 sources, 884 artifacts)
runner: discovery OVERRIDDEN by TESTS_MJS_FILES (3 file(s))
runner: 3 test file(s), 5000ms verdict-silence window
runner: file lifecycle {"entryFile":"/Users/yuanxi/Workwork/vibe-fs/requirements/dispatch-protocol/tests/006.test.mjs","pid":11665,"parentPid":11644,"type":"runner:file-start","elapsedMs":31.583082999999988}
runner: file lifecycle {"entryFile":"/Users/yuanxi/Workwork/vibe-fs/requirements/dispatch-protocol/tests/007.test.mjs","pid":11665,"parentPid":11644,"type":"runner:file-start","elapsedMs":32.57037500000001}
runner: file lifecycle {"entryFile":"/Users/yuanxi/Workwork/vibe-fs/requirements/interaction-authority/tests/017.test.mjs","pid":11665,"parentPid":11644,"type":"runner:file-start","elapsedMs":34.003333}
[verification-worker-cost] {"version":1,"phase":"pre-import","sequence":0,"entryFile":"/Users/yuanxi/Workwork/vibe-fs/requirements/dispatch-protocol/tests/006.test.mjs","pid":11666,"parentPid":11665,"monotonicMs":16.993584,"cpuUserMicros":22850,"cpuSystemMicros":3628}
[verification-worker-cost] {"version":1,"phase":"pre-import","sequence":0,"entryFile":"/Users/yuanxi/Workwork/vibe-fs/requirements/dispatch-protocol/tests/007.test.mjs","pid":11667,"parentPid":11665,"monotonicMs":16.163583,"cpuUserMicros":22191,"cpuSystemMicros":2911}
[verification-worker-cost] {"version":1,"phase":"pre-import","sequence":0,"entryFile":"/Users/yuanxi/Workwork/vibe-fs/requirements/interaction-authority/tests/017.test.mjs","pid":11668,"parentPid":11665,"monotonicMs":15.325833,"cpuUserMicros":21276,"cpuSystemMicros":3090}
[verification-test-start] {"pid":11666,"parentPid":11665,"entryFile":"/Users/yuanxi/Workwork/vibe-fs/requirements/dispatch-protocol/tests/006.test.mjs","name":"WHAT[dispatch-protocol-006] DP_006_abandon_keeps_the_claim_sequence_consumed","fullName":"WHAT[dispatch-protocol-006] DP_006_abandon_keeps_the_claim_sequence_consumed"}
[verification-test-start] {"pid":11668,"parentPid":11665,"entryFile":"/Users/yuanxi/Workwork/vibe-fs/requirements/interaction-authority/tests/017.test.mjs","name":"WHAT[interaction-authority-017] real pure close removes previously accepted continuation lookup","fullName":"WHAT[interaction-authority-017] real pure close removes previously accepted continuation lookup"}
[verification-test-start] {"pid":11666,"parentPid":11665,"entryFile":"/Users/yuanxi/Workwork/vibe-fs/requirements/dispatch-protocol/tests/006.test.mjs","name":"WHAT[dispatch-protocol-006] DP_006_claim_sequence_advances_on_registration_not_on_resolution","fullName":"WHAT[dispatch-protocol-006] DP_006_claim_sequence_advances_on_registration_not_on_resolution"}
[verification-test-start] {"pid":11668,"parentPid":11665,"entryFile":"/Users/yuanxi/Workwork/vibe-fs/requirements/interaction-authority/tests/017.test.mjs","name":"WHAT[interaction-authority-017] dispatcher rejects a continuation with no active run at its target","fullName":"WHAT[interaction-authority-017] dispatcher rejects a continuation with no active run at its target"}
[verification-test-start] {"pid":11666,"parentPid":11665,"entryFile":"/Users/yuanxi/Workwork/vibe-fs/requirements/dispatch-protocol/tests/006.test.mjs","name":"WHAT[dispatch-protocol-006] DP_006_same_payload_landings_stay_exact_per_physical_message","fullName":"WHAT[dispatch-protocol-006] DP_006_same_payload_landings_stay_exact_per_physical_message"}
[verification-test-start] {"pid":11666,"parentPid":11665,"entryFile":"/Users/yuanxi/Workwork/vibe-fs/requirements/dispatch-protocol/tests/006.test.mjs","name":"WHAT[dispatch-protocol-006] an accepted None-root scope keeps its consumed sequence across new root","fullName":"WHAT[dispatch-protocol-006] an accepted None-root scope keeps its consumed sequence across new root"}
[verification-test-start] {"pid":11666,"parentPid":11665,"entryFile":"/Users/yuanxi/Workwork/vibe-fs/requirements/dispatch-protocol/tests/006.test.mjs","name":"WHAT[dispatch-protocol-006] an accepted None-root scope keeps its consumed sequence across exact run close","fullName":"WHAT[dispatch-protocol-006] an accepted None-root scope keeps its consumed sequence across exact run close"}
[verification-test-start] {"pid":11666,"parentPid":11665,"entryFile":"/Users/yuanxi/Workwork/vibe-fs/requirements/dispatch-protocol/tests/006.test.mjs","name":"WHAT[dispatch-protocol-006] exact close clears a Some continuation scope even when its run id equals the absence marker","fullName":"WHAT[dispatch-protocol-006] exact close clears a Some continuation scope even when its run id equals the absence marker"}
[verification-worker-cost] {"version":1,"phase":"exit","sequence":1,"entryFile":"/Users/yuanxi/Workwork/vibe-fs/requirements/dispatch-protocol/tests/006.test.mjs","pid":11666,"parentPid":11665,"monotonicMs":113.09625,"cpuUserMicros":168784,"cpuSystemMicros":17465,"exitCode":0}
runner: file lifecycle {"entryFile":"/Users/yuanxi/Workwork/vibe-fs/requirements/dispatch-protocol/tests/006.test.mjs","type":"runner:file-drained","elapsedMs":158.73595800000004}
runner: worker cost {"version":1,"entryFile":"/Users/yuanxi/Workwork/vibe-fs/requirements/dispatch-protocol/tests/006.test.mjs","enabled":true,"pid":11666,"status":"complete","reason":null,"preImport":{"version":1,"phase":"pre-import","sequence":0,"entryFile":"/Users/yuanxi/Workwork/vibe-fs/requirements/dispatch-protocol/tests/006.test.mjs","pid":11666,"parentPid":11665,"monotonicMs":16.993584,"cpuUserMicros":22850,"cpuSystemMicros":3628},"exit":{"version":1,"phase":"exit","sequence":1,"entryFile":"/Users/yuanxi/Workwork/vibe-fs/requirements/dispatch-protocol/tests/006.test.mjs","pid":11666,"parentPid":11665,"monotonicMs":113.09625,"cpuUserMicros":168784,"cpuSystemMicros":17465,"exitCode":0},"interval":{"clockPid":11666,"wallMs":96.102666,"cpuUserMicros":145934,"cpuSystemMicros":13837}}
[verification-test-start] {"pid":11668,"parentPid":11665,"entryFile":"/Users/yuanxi/Workwork/vibe-fs/requirements/interaction-authority/tests/017.test.mjs","name":"WHAT[interaction-authority-017] dispatcher rejects a continuation whose supplied profile names another logical run","fullName":"WHAT[interaction-authority-017] dispatcher rejects a continuation whose supplied profile names another logical run"}
[verification-test-start] {"pid":11668,"parentPid":11665,"entryFile":"/Users/yuanxi/Workwork/vibe-fs/requirements/interaction-authority/tests/017.test.mjs","name":"WHAT[interaction-authority-017] dispatcher rejects a continuation whose supplied profile names another authority root","fullName":"WHAT[interaction-authority-017] dispatcher rejects a continuation whose supplied profile names another authority root"}
[verification-test-start] {"pid":11668,"parentPid":11665,"entryFile":"/Users/yuanxi/Workwork/vibe-fs/requirements/interaction-authority/tests/017.test.mjs","name":"WHAT[interaction-authority-017] dispatcher delivers a continuation to a target that has an active run","fullName":"WHAT[interaction-authority-017] dispatcher delivers a continuation to a target that has an active run"}
[verification-test-start] {"pid":11668,"parentPid":11665,"entryFile":"/Users/yuanxi/Workwork/vibe-fs/requirements/interaction-authority/tests/017.test.mjs","name":"WHAT[interaction-authority-017] dispatcher rejects a continuation whose target run is durably closed while its archived profile is still readable","fullName":"WHAT[interaction-authority-017] dispatcher rejects a continuation whose target run is durably closed while its archived profile is still readable"}
[verification-worker-cost] {"version":1,"phase":"exit","sequence":1,"entryFile":"/Users/yuanxi/Workwork/vibe-fs/requirements/interaction-authority/tests/017.test.mjs","pid":11668,"parentPid":11665,"monotonicMs":254.39725,"cpuUserMicros":371132,"cpuSystemMicros":34337,"exitCode":0}
[verification-test-start] {"pid":11667,"parentPid":11665,"entryFile":"/Users/yuanxi/Workwork/vibe-fs/requirements/dispatch-protocol/tests/007.test.mjs","name":"WHAT[dispatch-protocol-007] accepting another real root preserves an earlier native Unknown root claim through cold reopen","fullName":"WHAT[dispatch-protocol-007] accepting another real root preserves an earlier native Unknown root claim through cold reopen"}
runner: file lifecycle {"entryFile":"/Users/yuanxi/Workwork/vibe-fs/requirements/interaction-authority/tests/017.test.mjs","type":"runner:file-drained","elapsedMs":301.371958}
runner: worker cost {"version":1,"entryFile":"/Users/yuanxi/Workwork/vibe-fs/requirements/interaction-authority/tests/017.test.mjs","enabled":true,"pid":11668,"status":"complete","reason":null,"preImport":{"version":1,"phase":"pre-import","sequence":0,"entryFile":"/Users/yuanxi/Workwork/vibe-fs/requirements/interaction-authority/tests/017.test.mjs","pid":11668,"parentPid":11665,"monotonicMs":15.325833,"cpuUserMicros":21276,"cpuSystemMicros":3090},"exit":{"version":1,"phase":"exit","sequence":1,"entryFile":"/Users/yuanxi/Workwork/vibe-fs/requirements/interaction-authority/tests/017.test.mjs","pid":11668,"parentPid":11665,"monotonicMs":254.39725,"cpuUserMicros":371132,"cpuSystemMicros":34337,"exitCode":0},"interval":{"clockPid":11668,"wallMs":239.07141700000003,"cpuUserMicros":349856,"cpuSystemMicros":31247}}
[verification-test-start] {"pid":11667,"parentPid":11665,"entryFile":"/Users/yuanxi/Workwork/vibe-fs/requirements/dispatch-protocol/tests/007.test.mjs","name":"WHAT[dispatch-protocol-007] the pure authority owner preserves an unlanded root when establishing and closing another exact run","fullName":"WHAT[dispatch-protocol-007] the pure authority owner preserves an unlanded root when establishing and closing another exact run"}
[verification-test-start] {"pid":11667,"parentPid":11665,"entryFile":"/Users/yuanxi/Workwork/vibe-fs/requirements/dispatch-protocol/tests/007.test.mjs","name":"WHAT[dispatch-protocol-007] the pure Manager Ledger close preserves unknown roots and consumed None scopes while clearing only Manager run resources","fullName":"WHAT[dispatch-protocol-007] the pure Manager Ledger close preserves unknown roots and consumed None scopes while clearing only Manager run resources"}
[verification-test-start] {"pid":11667,"parentPid":11665,"entryFile":"/Users/yuanxi/Workwork/vibe-fs/requirements/dispatch-protocol/tests/007.test.mjs","name":"WHAT[dispatch-protocol-007] the real root sender hands its exact local registration to the caller before entering the Host effect","fullName":"WHAT[dispatch-protocol-007] the real root sender hands its exact local registration to the caller before entering the Host effect"}

✖ failing tests:

test at /Users/yuanxi/Workwork/vibe-fs/requirements/dispatch-protocol/tests/007.test.mjs:162:1
✖ WHAT[dispatch-protocol-007] the pure Manager Ledger close preserves unknown roots and consumed None scopes while clearing only Manager run resources (3.632ms)
  AssertionError [ERR_ASSERTION]: Expected values to be strictly deep-equal:
  + actual - expected
  
  + []
  - [
  -   {
  -     authorityRoot: null,
  -     claimedAtRuntimeStartCount: 0,
  -     identitySeed: {
  -       kind: 'InheritedFromOwner',
  -       ownerAuthorityRoot: 'ledger-owner-physical-ledger-HumanRoot-manager',
  -       ownerLogicalRun: 'test-hash(authority-runtime\n' +
  -         'ledger-owner-ledger-HumanRoot-manager\n' +
  -         'ledger-owner-physical-ledger-HumanRoot-manager)',
  -       ownerSession: 'ledger-owner-ledger-HumanRoot-manager',
  -       participantIdentity: {
  -         origin: 'InheritedFromOwner',
  -         participant: 'engineer',
  -         persona: 'Lead',
  -         personaCatalogVersion: 1,
  -         role: 'engineer'
  -       }
  -     },
  -     logicalRun: null,
  -     origin: 'AuthorityRoot',
  -     originLabel: 'AgentOwnerRoot',
  -     payloadDigest: 'unknown-root',
  -     promptKey: 'manager-ledger-hash(ledger-HumanRoot-manager\x1F\x00absent\x1F\x00absent\x1FAgentOwnerRoot\x1Funknown-root\x1F1)',
  -     receipt: null,
  -     session: 'ledger-HumanRoot-manager'
  -   }
  - ]
  
      at TestContext.<anonymous> (file:///Users/yuanxi/Workwork/vibe-fs/requirements/dispatch-protocol/tests/007.test.mjs:221:20)
      at Test.runInAsyncScope (node:async_hooks:214:14)
      at Test.run (node:internal/test_runner/test:1047:25)
      at async Test.processPendingSubtests (node:internal/test_runner/test:744:7)

[verification-test-start] {"pid":11667,"parentPid":11665,"entryFile":"/Users/yuanxi/Workwork/vibe-fs/requirements/dispatch-protocol/tests/007.test.mjs","name":"WHAT[dispatch-protocol-007] a real Await root native Unknown result cannot reject another caller's waiter or alter its durable Pending claim","fullName":"WHAT[dispatch-protocol-007] a real Await root native Unknown result cannot reject another caller's waiter or alter its durable Pending claim"}
[verification-test-start] {"pid":11667,"parentPid":11665,"entryFile":"/Users/yuanxi/Workwork/vibe-fs/requirements/dispatch-protocol/tests/007.test.mjs","name":"WHAT[dispatch-protocol-007] the real continuation sender hands its exact local registration to the caller before entering the Host effect","fullName":"WHAT[dispatch-protocol-007] the real continuation sender hands its exact local registration to the caller before entering the Host effect"}
(node:11667) ExperimentalWarning: The MockTimers API is an experimental feature and might change at any time
(Use `node --trace-warnings ...` to show where the warning was created)
[verification-test-start] {"pid":11667,"parentPid":11665,"entryFile":"/Users/yuanxi/Workwork/vibe-fs/requirements/dispatch-protocol/tests/007.test.mjs","name":"WHAT[dispatch-protocol-007] a real Await continuation native Unknown result cannot reject another caller's waiter or alter its durable Pending claim","fullName":"WHAT[dispatch-protocol-007] a real Await continuation native Unknown result cannot reject another caller's waiter or alter its durable Pending claim"}
[verification-test-start] {"pid":11667,"parentPid":11665,"entryFile":"/Users/yuanxi/Workwork/vibe-fs/requirements/dispatch-protocol/tests/007.test.mjs","name":"WHAT[dispatch-protocol-007] repeated registration of the same root callback gives independent leases and an old release preserves the current observer","fullName":"WHAT[dispatch-protocol-007] repeated registration of the same root callback gives independent leases and an old release preserves the current observer"}
[verification-test-start] {"pid":11667,"parentPid":11665,"entryFile":"/Users/yuanxi/Workwork/vibe-fs/requirements/dispatch-protocol/tests/007.test.mjs","name":"WHAT[dispatch-protocol-007] disposing an old root lease twice cannot remove a different later observer","fullName":"WHAT[dispatch-protocol-007] disposing an old root lease twice cannot remove a different later observer"}
[verification-test-start] {"pid":11667,"parentPid":11665,"entryFile":"/Users/yuanxi/Workwork/vibe-fs/requirements/dispatch-protocol/tests/007.test.mjs","name":"WHAT[dispatch-protocol-007] releasing a local root lease after Host Unknown preserves durable Pending bytes and other actual confirmation waiters","fullName":"WHAT[dispatch-protocol-007] releasing a local root lease after Host Unknown preserves durable Pending bytes and other actual confirmation waiters"}
[verification-test-start] {"pid":11667,"parentPid":11665,"entryFile":"/Users/yuanxi/Workwork/vibe-fs/requirements/dispatch-protocol/tests/007.test.mjs","name":"WHAT[dispatch-protocol-007] a current root lease callback exception preserves actual Accepted for every independent waiter","fullName":"WHAT[dispatch-protocol-007] a current root lease callback exception preserves actual Accepted for every independent waiter"}
[verification-test-start] {"pid":11667,"parentPid":11665,"entryFile":"/Users/yuanxi/Workwork/vibe-fs/requirements/dispatch-protocol/tests/007.test.mjs","name":"WHAT[dispatch-protocol-007] repeated registration of the same continuation callback gives independent leases and an old release preserves the current observer","fullName":"WHAT[dispatch-protocol-007] repeated registration of the same continuation callback gives independent leases and an old release preserves the current observer"}
[verification-test-start] {"pid":11667,"parentPid":11665,"entryFile":"/Users/yuanxi/Workwork/vibe-fs/requirements/dispatch-protocol/tests/007.test.mjs","name":"WHAT[dispatch-protocol-007] disposing an old continuation lease twice cannot remove a different later observer","fullName":"WHAT[dispatch-protocol-007] disposing an old continuation lease twice cannot remove a different later observer"}
[verification-test-start] {"pid":11667,"parentPid":11665,"entryFile":"/Users/yuanxi/Workwork/vibe-fs/requirements/dispatch-protocol/tests/007.test.mjs","name":"WHAT[dispatch-protocol-007] releasing a local continuation lease after Host Unknown preserves durable Pending bytes and other actual confirmation waiters","fullName":"WHAT[dispatch-protocol-007] releasing a local continuation lease after Host Unknown preserves durable Pending bytes and other actual confirmation waiters"}
[verification-test-start] {"pid":11667,"parentPid":11665,"entryFile":"/Users/yuanxi/Workwork/vibe-fs/requirements/dispatch-protocol/tests/007.test.mjs","name":"WHAT[dispatch-protocol-007] a current continuation lease callback exception preserves actual Accepted for every independent waiter","fullName":"WHAT[dispatch-protocol-007] a current continuation lease callback exception preserves actual Accepted for every independent waiter"}
[verification-test-start] {"pid":11667,"parentPid":11665,"entryFile":"/Users/yuanxi/Workwork/vibe-fs/requirements/dispatch-protocol/tests/007.test.mjs","name":"WHAT[dispatch-protocol-007] one detached root confirmation timeout leaves another waiter and the real acceptance observer intact","fullName":"WHAT[dispatch-protocol-007] one detached root confirmation timeout leaves another waiter and the real acceptance observer intact"}
[verification-test-start] {"pid":11667,"parentPid":11665,"entryFile":"/Users/yuanxi/Workwork/vibe-fs/requirements/dispatch-protocol/tests/007.test.mjs","name":"WHAT[dispatch-protocol-007] detached root remains observable after both existing confirmation waiters time out","fullName":"WHAT[dispatch-protocol-007] detached root remains observable after both existing confirmation waiters time out"}
[verification-test-start] {"pid":11667,"parentPid":11665,"entryFile":"/Users/yuanxi/Workwork/vibe-fs/requirements/dispatch-protocol/tests/007.test.mjs","name":"WHAT[dispatch-protocol-007] one detached continuation confirmation timeout leaves another waiter and the real acceptance observer intact","fullName":"WHAT[dispatch-protocol-007] one detached continuation confirmation timeout leaves another waiter and the real acceptance observer intact"}
[verification-test-start] {"pid":11667,"parentPid":11665,"entryFile":"/Users/yuanxi/Workwork/vibe-fs/requirements/dispatch-protocol/tests/007.test.mjs","name":"WHAT[dispatch-protocol-007] detached continuation remains observable after both existing confirmation waiters time out","fullName":"WHAT[dispatch-protocol-007] detached continuation remains observable after both existing confirmation waiters time out"}
[verification-test-start] {"pid":11667,"parentPid":11665,"entryFile":"/Users/yuanxi/Workwork/vibe-fs/requirements/dispatch-protocol/tests/007.test.mjs","name":"WHAT[dispatch-protocol-007] observed AcceptanceUnknown retains its actual PromptKey and native verdict without resending or guessing from reason text","fullName":"WHAT[dispatch-protocol-007] observed AcceptanceUnknown retains its actual PromptKey and native verdict without resending or guessing from reason text"}
[verification-test-start] {"pid":11667,"parentPid":11665,"entryFile":"/Users/yuanxi/Workwork/vibe-fs/requirements/dispatch-protocol/tests/007.test.mjs","name":"WHAT[dispatch-protocol-007] observed Fatal retains its actual PromptKey and native verdict without resending or guessing from reason text","fullName":"WHAT[dispatch-protocol-007] observed Fatal retains its actual PromptKey and native verdict without resending or guessing from reason text"}
[verification-test-start] {"pid":11667,"parentPid":11665,"entryFile":"/Users/yuanxi/Workwork/vibe-fs/requirements/dispatch-protocol/tests/007.test.mjs","name":"WHAT[dispatch-protocol-007] fresh claim projection begins with no observed runtime restarts","fullName":"WHAT[dispatch-protocol-007] fresh claim projection begins with no observed runtime restarts"}
[verification-test-start] {"pid":11667,"parentPid":11665,"entryFile":"/Users/yuanxi/Workwork/vibe-fs/requirements/dispatch-protocol/tests/007.test.mjs","name":"WHAT[dispatch-protocol-007] PROMPT_007_detached_refused_abandons_send_failed_without_resend","fullName":"WHAT[dispatch-protocol-007] PROMPT_007_detached_refused_abandons_send_failed_without_resend"}
[verification-test-start] {"pid":11667,"parentPid":11665,"entryFile":"/Users/yuanxi/Workwork/vibe-fs/requirements/dispatch-protocol/tests/007.test.mjs","name":"WHAT[dispatch-protocol-007] PROMPT_007_detached_outcome_unknown_keeps_claim_pending_never_resends","fullName":"WHAT[dispatch-protocol-007] PROMPT_007_detached_outcome_unknown_keeps_claim_pending_never_resends"}
[verification-test-start] {"pid":11667,"parentPid":11665,"entryFile":"/Users/yuanxi/Workwork/vibe-fs/requirements/dispatch-protocol/tests/007.test.mjs","name":"WHAT[dispatch-protocol-007] JNGD_nudge_releases_the_key_when_send_fails_and_retries","fullName":"WHAT[dispatch-protocol-007] JNGD_nudge_releases_the_key_when_send_fails_and_retries"}
[verification-test-start] {"pid":11667,"parentPid":11665,"entryFile":"/Users/yuanxi/Workwork/vibe-fs/requirements/dispatch-protocol/tests/007.test.mjs","name":"WHAT[dispatch-protocol-007] JNGD_join_gate_dedupes_same_terminal_but_rearms_for_fresh_terminal","fullName":"WHAT[dispatch-protocol-007] JNGD_join_gate_dedupes_same_terminal_but_rearms_for_fresh_terminal"}
[verification-test-start] {"pid":11667,"parentPid":11665,"entryFile":"/Users/yuanxi/Workwork/vibe-fs/requirements/dispatch-protocol/tests/007.test.mjs","name":"WHAT[dispatch-protocol-007] opening additional journal writers does not abandon an unresolved claim","fullName":"WHAT[dispatch-protocol-007] opening additional journal writers does not abandon an unresolved claim"}
[verification-worker-cost] {"version":1,"phase":"exit","sequence":1,"entryFile":"/Users/yuanxi/Workwork/vibe-fs/requirements/dispatch-protocol/tests/007.test.mjs","pid":11667,"parentPid":11665,"monotonicMs":1796.574458,"cpuUserMicros":1216288,"cpuSystemMicros":152779,"exitCode":1}
runner: file lifecycle {"entryFile":"/Users/yuanxi/Workwork/vibe-fs/requirements/dispatch-protocol/tests/007.test.mjs","type":"runner:file-drained","elapsedMs":1844.3399580000003}
runner: worker cost {"version":1,"entryFile":"/Users/yuanxi/Workwork/vibe-fs/requirements/dispatch-protocol/tests/007.test.mjs","enabled":true,"pid":11667,"status":"complete","reason":null,"preImport":{"version":1,"phase":"pre-import","sequence":0,"entryFile":"/Users/yuanxi/Workwork/vibe-fs/requirements/dispatch-protocol/tests/007.test.mjs","pid":11667,"parentPid":11665,"monotonicMs":16.163583,"cpuUserMicros":22191,"cpuSystemMicros":2911},"exit":{"version":1,"phase":"exit","sequence":1,"entryFile":"/Users/yuanxi/Workwork/vibe-fs/requirements/dispatch-protocol/tests/007.test.mjs","pid":11667,"parentPid":11665,"monotonicMs":1796.574458,"cpuUserMicros":1216288,"cpuSystemMicros":152779,"exitCode":1},"interval":{"clockPid":11667,"wallMs":1780.410875,"cpuUserMicros":1194097,"cpuSystemMicros":149868}}

[test-summary] 3 file(s), 37 passed, 1 failed, 1 todo (1.82s wall, 1.71s test time)
  todo: /Users/yuanxi/Workwork/vibe-fs/requirements/interaction-authority/tests/017.test.mjs:WHAT[interaction-authority-017] dispatcher rejects a continuation whose target run is durably closed while its archived profile is still readable — reason not supplied
runner: post-exit group verification/reclamation: pid=11665; elapsedMs=16.140; accepted=true
runner: 39 test(s), 1.7s of test time; max 278ms, p90 75ms, median 41ms
runner:     278ms  WHAT[dispatch-protocol-007] PROMPT_007_detached_refused_abandons_send_failed_without_resend
runner:      96ms  WHAT[dispatch-protocol-007] accepting another real root preserves an earlier native Unknown root claim through cold reopen
runner:      78ms  WHAT[interaction-authority-017] dispatcher delivers a continuation to a target that has an active run
runner:      75ms  WHAT[dispatch-protocol-007] one detached continuation confirmation timeout leaves another waiter and the real acceptance observer intact
runner:      74ms  WHAT[dispatch-protocol-007] disposing an old continuation lease twice cannot remove a different later observer

runner: 37 passed, 1 failed; 3/3 planned file(s) completed
Error: runner: supervised suite failed (exit 1)
    at fail (file:///Users/yuanxi/Workwork/vibe-fs/requirements/verification-system/tests/e2e/support/supervise-node-test.mjs:222:25)
    at superviseOwnedNodeTest (file:///Users/yuanxi/Workwork/vibe-fs/requirements/verification-system/tests/e2e/support/supervise-node-test.mjs:435:19)
    at process.processTicksAndRejections (node:internal/process/task_queues:103:5)
    at async superviseNodeTest (file:///Users/yuanxi/Workwork/vibe-fs/requirements/verification-system/tests/e2e/support/supervise-node-test.mjs:200:14)
    at async file:///Users/yuanxi/Workwork/vibe-fs/requirements/verification-system/tests/run.mjs:94:1 {
  exitCode: 1
}
