TAP version 13
# Subtest: WHAT[cognitive-environment-015] B1_whitelisted_model_prefix_injects_exactly_one_bilingual_hint_before_frontier_user
ok 1 - WHAT[cognitive-environment-015] B1_whitelisted_model_prefix_injects_exactly_one_bilingual_hint_before_frontier_user
  ---
  duration_ms: 21.940958
  type: 'test'
  ...
# Subtest: WHAT[cognitive-environment-015] B2_non_whitelisted_model_prefix_performs_zero_injection
ok 2 - WHAT[cognitive-environment-015] B2_non_whitelisted_model_prefix_performs_zero_injection
  ---
  duration_ms: 4.1935
  type: 'test'
  ...
# Subtest: WHAT[cognitive-environment-015] B3_existing_same_text_assistant_message_is_deduplicated_not_reinjected
ok 3 - WHAT[cognitive-environment-015] B3_existing_same_text_assistant_message_is_deduplicated_not_reinjected
  ---
  duration_ms: 7.564875
  type: 'test'
  ...
# Subtest: WHAT[cognitive-environment-015] B4_injection_writes_no_durable_persistence
ok 4 - WHAT[cognitive-environment-015] B4_injection_writes_no_durable_persistence
  ---
  duration_ms: 8.7665
  type: 'test'
  ...
# Subtest: WHAT[cognitive-environment-015] B5_language_binding_selects_the_matching_resource_leaf
ok 5 - WHAT[cognitive-environment-015] B5_language_binding_selects_the_matching_resource_leaf
  ---
  duration_ms: 4.401917
  type: 'test'
  ...
# Subtest: WHAT[cognitive-environment-015] B6_missing_physical_identity_cannot_borrow_the_session_model
ok 6 - WHAT[cognitive-environment-015] B6_missing_physical_identity_cannot_borrow_the_session_model
  ---
  duration_ms: 2.467458
  type: 'test'
  ...
# Subtest: WHAT[cognitive-environment-015] registered companion projection keeps the original execution model gate
ok 7 - WHAT[cognitive-environment-015] registered companion projection keeps the original execution model gate
  ---
  duration_ms: 5420.508
  type: 'test'
  ...
1..7
# tests 7
# suites 0
# pass 7
# fail 0
# cancelled 0
# skipped 0
# todo 0
# duration_ms 6864.719208
