TAP version 13
# Subtest: WHAT[verification-system-006] real tool diagnostics preserve stdout failure and complete cleanup without forwarding the control field
not ok 1 - WHAT[verification-system-006] real tool diagnostics preserve stdout failure and complete cleanup without forwarding the control field
  ---
  duration_ms: 197.951708
  type: 'test'
  location: '/Users/yuanxi/Workwork/vibe-fs/requirements/verification-system/tests/006.test.mjs:313:1'
  failureType: 'testCodeFailure'
  error: 'monitor-spawned: '
  code: 'ERR_ASSERTION'
  name: 'AssertionError'
  expected: true
  actual: false
  operator: '=='
  stack: |-
    TestContext.<anonymous> (file:///Users/yuanxi/Workwork/vibe-fs/requirements/verification-system/tests/006.test.mjs:355:16)
    process.processTicksAndRejections (node:internal/process/task_queues:103:5)
    async Test.run (node:internal/test_runner/test:1054:7)
    async startSubtestAfterBootstrap (node:internal/test_runner/harness:296:3)
  ...
1..1
# tests 1
# suites 0
# pass 0
# fail 1
# cancelled 0
# skipped 0
# todo 0
# duration_ms 434.432458
