TAP version 13
# Subtest: WHAT[verification-system-006] scheduling events do not renew the silence window
ok 1 - WHAT[verification-system-006] scheduling events do not renew the silence window
  ---
  duration_ms: 2.423666
  type: 'test'
  ...
# Subtest: WHAT[verification-system-006] the real verdict transport records body entry with its actual parent test and process identity
ok 2 - WHAT[verification-system-006] the real verdict transport records body entry with its actual parent test and process identity
  ---
  duration_ms: 76.858583
  type: 'test'
  ...
# Subtest: WHAT[verification-system-006] file waits distinguish queued, active and verdicts awaiting stream drain
ok 3 - WHAT[verification-system-006] file waits distinguish queued, active and verdicts awaiting stream drain
  ---
  duration_ms: 0.863667
  type: 'test'
  ...
# Subtest: WHAT[verification-system-006] file lifecycle facts reject unknown entries and impossible transitions
ok 4 - WHAT[verification-system-006] file lifecycle facts reject unknown entries and impossible transitions
  ---
  duration_ms: 0.295917
  type: 'test'
  ...
# Subtest: WHAT[verification-system-006] a pending runtime test start remains diagnostic evidence without becoming a verdict
ok 5 - WHAT[verification-system-006] a pending runtime test start remains diagnostic evidence without becoming a verdict
  ---
  duration_ms: 0.1105
  type: 'test'
  ...
# Subtest: WHAT[verification-system-006] continuing body entry diagnostics cannot keep a genuinely pending test alive
ok 6 - WHAT[verification-system-006] continuing body entry diagnostics cannot keep a genuinely pending test alive
  ---
  duration_ms: 398.804334
  type: 'test'
  ...
# Subtest: WHAT[verification-system-006] real silence diagnostics identify active waits separately from queued files
ok 7 - WHAT[verification-system-006] real silence diagnostics identify active waits separately from queued files
  ---
  duration_ms: 1200.438584
  type: 'test'
  ...
1..7
# tests 7
# suites 0
# pass 7
# fail 0
# cancelled 0
# skipped 0
# todo 0
# duration_ms 1924.292167
