TAP version 13
# Subtest: WHAT[verification-system-006] a pending runtime test start remains diagnostic evidence without becoming a verdict
not ok 1 - WHAT[verification-system-006] a pending runtime test start remains diagnostic evidence without becoming a verdict
  ---
  duration_ms: 1.298917
  type: 'test'
  location: '/Users/yuanxi/Workwork/vibe-fs/requirements/verification-system/tests/006.test.mjs:262:1'
  failureType: 'testCodeFailure'
  error: |-
    Expected values to be strictly deep-equal:
    + actual - expected
    
    + undefined
    - {
    -   entryFile: '/Users/yuanxi/Workwork/vibe-fs/pending-runtime.mjs',
    -   file: '/Users/yuanxi/Workwork/vibe-fs/registration.mjs',
    -   name: 'pending child',
    -   nesting: 1,
    -   parentPid: 99,
    -   pid: 101,
    -   testId: 17,
    -   testNumber: 2
    - }
    
  code: 'ERR_ASSERTION'
  name: 'AssertionError'
  expected:
    entryFile: '/Users/yuanxi/Workwork/vibe-fs/pending-runtime.mjs'
    file: '/Users/yuanxi/Workwork/vibe-fs/registration.mjs'
    name: 'pending child'
    nesting: 1
    testId: 17
    testNumber: 2
    pid: 101
    parentPid: 99
  operator: 'deepStrictEqual'
  stack: |-
    TestContext.<anonymous> (file:///Users/yuanxi/Workwork/vibe-fs/requirements/verification-system/tests/006.test.mjs:272:10)
    Test.runInAsyncScope (node:async_hooks:214:14)
    Test.run (node:internal/test_runner/test:1047:25)
    Test.start (node:internal/test_runner/test:944:17)
    startSubtestAfterBootstrap (node:internal/test_runner/harness:296:17)
  ...
# Subtest: WHAT[verification-system-006] continuing body entry diagnostics cannot keep a genuinely pending test alive
not ok 2 - WHAT[verification-system-006] continuing body entry diagnostics cannot keep a genuinely pending test alive
  ---
  duration_ms: 366.087792
  type: 'test'
  location: '/Users/yuanxi/Workwork/vibe-fs/requirements/verification-system/tests/006.test.mjs:276:1'
  failureType: 'testCodeFailure'
  error: |-
    The input did not match the regular expression /accepted=true/. Input:
    
    'runner: 1 test file(s), 300ms verdict-silence window\n' +
      '[verification-test-start] {"pid":58686,"parentPid":58685,"name":"pending parent","fullName":"pending parent"}\n' +
      '[verification-test-start] {"pid":58686,"parentPid":58685,"name":"pending child","fullName":"pending parent > pending child"}\n' +
      '[verification-test-start] {"name":"pending child","fullName":"pending parent > pending child","pid":58686,"parentPid":58685}\n' +
      '[verification-test-start] {"name":"pending child","fullName":"pending parent > pending child","pid":58686,"parentPid":58685}\n' +
      '[verification-test-start] {"name":"pending child","fullName":"pending parent > pending child","pid":58686,"parentPid":58685}\n' +
      '[verification-test-start] {"name":"pending child","fullName":"pending parent > pending child","pid":58686,"parentPid":58685}\n' +
      '[verification-test-start] {"name":"pending child","fullName":"pending parent > pending child","pid":58686,"parentPid":58685}\n' +
      '[verification-test-start] {"name":"pending child","fullName":"pending parent > pending child","pid":58686,"parentPid":58685}\n' +
      '[verification-test-start] {"name":"pending child","fullName":"pending parent > pending child","pid":58686,"parentPid":58685}\n' +
      '[verification-test-start] {"name":"pending child","fullName":"pending parent > pending child","pid":58686,"parentPid":58685}\n' +
      '[verification-test-start] {"name":"pending child","fullName":"pending parent > pending child","pid":58686,"parentPid":58685}\n' +
      '[verification-test-start] {"name":"pending child","fullName":"pending parent > pending child","pid":58686,"parentPid":58685}\n' +
      '[verification-test-start] {"name":"pending child","fullName":"pending parent > pending child","pid":58686,"parentPid":58685}\n' +
      '[verification-test-start] {"name":"pending child","fullName":"pending parent > pending child","pid":58686,"parentPid":58685}\n' +
      '[verification-test-start] {"name":"pending child","fullName":"pending parent > pending child","pid":58686,"parentPid":58685}\n' +
      '[verification-test-start] {"name":"pending child","fullName":"pending parent > pending child","pid":58686,"parentPid":58685}\n' +
      '[verification-test-start] {"name":"pending child","fullName":"pending parent > pending child","pid":58686,"parentPid":58685}\n' +
      '[verification-test-start] {"name":"pending child","fullName":"pending parent > pending child","pid":58686,"parentPid":58685}\n' +
      '[verification-test-start] {"name":"pending child","fullName":"pending parent > pending child","pid":58686,"parentPid":58685}\n' +
      '[verification-test-start] {"name":"pending child","fullName":"pending parent > pending child","pid":58686,"parentPid":58685}\n' +
      '[verification-test-start] {"name":"pending child","fullName":"pending parent > pending child","pid":58686,"parentPid":58685}\n' +
      '[verification-test-start] {"name":"pending child","fullName":"pending parent > pending child","pid":58686,"parentPid":58685}\n' +
      "WATCHDOG: 'body-start-noise' silent for 303ms (limit 300ms); 0 blocking progress update(s), last progress: start lane=startup expectation=none\n" +
      'WATCHDOG: background progress 10ms ago: test:stdout lane=/var/folders/g_/3ydzn7kx5lg9ylq8fd9p_13r0000gn/T/body-start-noise-YmVEWA/pending.test.mjs (21 background update(s), none of them renewals)\n' +
      'runner: 1 file(s) had not reported completion\n' +
      'runner: file streams: 0 drained, 1 active, 0 queued\n' +
      'runner: active file ../../../../var/folders/g_/3ydzn7kx5lg9ylq8fd9p_13r0000gn/T/body-start-noise-YmVEWA/pending.test.mjs; waiting for stream drain; last verdict: none received\n' +
      'runner: verdict counts unavailable; no authoritative summary before the silence\n' +
      'runner: Could not complete owned runner termination: spawnSync ps EPERM\n' +
      'runner: could not verify process group 58685 after inner exit: spawnSync ps EPERM\n' +
      'runner: process group 58685 reclamation failed: spawnSync ps EPERM\n' +
      'runner: post-exit group verification/reclamation: pid=58685; elapsedMs=3.146; accepted=false\n' +
      '\n' +
      'runner: verdict counts unavailable; no authoritative summary; 0/1 planned file(s) completed\n' +
      'Error: runner: supervised suite failed (exit 1)\n' +
      '    at fail (file:///Users/yuanxi/Workwork/vibe-fs/requirements/verification-system/tests/e2e/support/supervise-node-test.mjs:217:25)\n' +
      '    at superviseOwnedNodeTest (file:///Users/yuanxi/Workwork/vibe-fs/requirements/verification-system/tests/e2e/support/supervise-node-test.mjs:393:39)\n' +
      '    at process.processTicksAndRejections (node:internal/process/task_queues:103:5)\n' +
      '    at async superviseNodeTest (file:///Users/yuanxi/Workwork/vibe-fs/requirements/verification-system/tests/e2e/support/supervise-node-test.mjs:195:14)\n' +
      '    at async file:///private/var/folders/g_/3ydzn7kx5lg9ylq8fd9p_13r0000gn/T/body-start-noise-YmVEWA/supervise.mjs:2:1 {\n' +
      '  exitCode: 1\n' +
      '}\n'
    
  code: 'ERR_ASSERTION'
  name: 'AssertionError'
  expected:
  actual: |-
    runner: 1 test file(s), 300ms verdict-silence window
    [verification-test-start] {"pid":58686,"parentPid":58685,"name":"pending parent","fullName":"pending parent"}
    [verification-test-start] {"pid":58686,"parentPid":58685,"name":"pending child","fullName":"pending parent > pending child"}
    [verification-test-start] {"name":"pending child","fullName":"pending parent > pending child","pid":58686,"parentPid":58685}
    [verification-test-start] {"name":"pending child","fullName":"pending parent > pending child","pid":58686,"parentPid":58685}
    [verification-test-start] {"name":"pending child","fullName":"pending parent > pending child","pid":58686,"parentPid":58685}
    [verification-test-start] {"name":"pending child","fullName":"pending parent > pending child","pid":58686,"parentPid":58685}
    [verification-test-start] {"name":"pending child","fullName":"pending parent > pending child","pid":58686,"parentPid":58685}
    [verification-test-start] {"name":"pending child","fullName":"pending parent > pending child","pid":58686,"parentPid":58685}
    [verification-test-start] {"name":"pending child","fullName":"pending parent > pending child","pid":58686,"parentPid":58685}
    [verification-test-start] {"name":"pending child","fullName":"pending parent > pending child","pid":58686,"parentPid":58685}
    [verification-test-start] {"name":"pending child","fullName":"pending parent > pending child","pid":58686,"parentPid":58685}
    [verification-test-start] {"name":"pending child","fullName":"pending parent > pending child","pid":58686,"parentPid":58685}
    [verification-test-start] {"name":"pending child","fullName":"pending parent > pending child","pid":58686,"parentPid":58685}
    [verification-test-start] {"name":"pending child","fullName":"pending parent > pending child","pid":58686,"parentPid":58685}
    [verification-test-start] {"name":"pending child","fullName":"pending parent > pending child","pid":58686,"parentPid":58685}
    [verification-test-start] {"name":"pending child","fullName":"pending parent > pending child","pid":58686,"parentPid":58685}
    [verification-test-start] {"name":"pending child","fullName":"pending parent > pending child","pid":58686,"parentPid":58685}
    [verification-test-start] {"name":"pending child","fullName":"pending parent > pending child","pid":58686,"parentPid":58685}
    [verification-test-start] {"name":"pending child","fullName":"pending parent > pending child","pid":58686,"parentPid":58685}
    [verification-test-start] {"name":"pending child","fullName":"pending parent > pending child","pid":58686,"parentPid":58685}
    [verification-test-start] {"name":"pending child","fullName":"pending parent > pending child","pid":58686,"parentPid":58685}
    [verification-test-start] {"name":"pending child","fullName":"pending parent > pending child","pid":58686,"parentPid":58685}
    WATCHDOG: 'body-start-noise' silent for 303ms (limit 300ms); 0 blocking progress update(s), last progress: start lane=startup expectation=none
    WATCHDOG: background progress 10ms ago: test:stdout lane=/var/folders/g_/3ydzn7kx5lg9ylq8fd9p_13r0000gn/T/body-start-noise-YmVEWA/pending.test.mjs (21 background update(s), none of them renewals)
    runner: 1 file(s) had not reported completion
    runner: file streams: 0 drained, 1 active, 0 queued
    runner: active file ../../../../var/folders/g_/3ydzn7kx5lg9ylq8fd9p_13r0000gn/T/body-start-noise-YmVEWA/pending.test.mjs; waiting for stream drain; last verdict: none received
    runner: verdict counts unavailable; no authoritative summary before the silence
    runner: Could not complete owned runner termination: spawnSync ps EPERM
    runner: could not verify process group 58685 after inner exit: spawnSync ps EPERM
    runner: process group 58685 reclamation failed: spawnSync ps EPERM
    runner: post-exit group verification/reclamation: pid=58685; elapsedMs=3.146; accepted=false
    
    runner: verdict counts unavailable; no authoritative summary; 0/1 planned file(s) completed
    Error: runner: supervised suite failed (exit 1)
        at fail (file:///Users/yuanxi/Workwork/vibe-fs/requirements/verification-system/tests/e2e/support/supervise-node-test.mjs:217:25)
        at superviseOwnedNodeTest (file:///Users/yuanxi/Workwork/vibe-fs/requirements/verification-system/tests/e2e/support/supervise-node-test.mjs:393:39)
        at process.processTicksAndRejections (node:internal/process/task_queues:103:5)
        at async superviseNodeTest (file:///Users/yuanxi/Workwork/vibe-fs/requirements/verification-system/tests/e2e/support/supervise-node-test.mjs:195:14)
        at async file:///private/var/folders/g_/3ydzn7kx5lg9ylq8fd9p_13r0000gn/T/body-start-noise-YmVEWA/supervise.mjs:2:1 {
      exitCode: 1
    }
    
  operator: 'match'
  stack: |-
    TestContext.<anonymous> (file:///Users/yuanxi/Workwork/vibe-fs/requirements/verification-system/tests/006.test.mjs:306:12)
    process.processTicksAndRejections (node:internal/process/task_queues:103:5)
    async Test.run (node:internal/test_runner/test:1054:7)
    async Test.processPendingSubtests (node:internal/test_runner/test:744:7)
  ...
1..2
# tests 2
# suites 0
# pass 0
# fail 2
# cancelled 0
# skipped 0
# todo 0
# duration_ms 602.546125
