TAP version 13
# [verification-fixture-phase] {"phase":"node-tools:archive-enter","pid":61938,"parentPid":61937,"elapsedMs":760.05575,"archivePath":"/var/folders/g_/3ydzn7kx5lg9ylq8fd9p_13r0000gn/T/verification-node-tools-fixture-Grfka1/tools.tar"}
# [verification-fixture-phase] {"phase":"node-tools:archive-written","pid":61938,"parentPid":61937,"elapsedMs":1004.459084,"archivePath":"/var/folders/g_/3ydzn7kx5lg9ylq8fd9p_13r0000gn/T/verification-node-tools-fixture-Grfka1/tools.tar","bytes":126579712}
# [verification-fixture-phase] {"phase":"node-tools:prepare-enter","pid":61938,"parentPid":61937,"elapsedMs":1048.163167,"archivePath":"/var/folders/g_/3ydzn7kx5lg9ylq8fd9p_13r0000gn/T/verification-node-tools-fixture-Grfka1/tools.tar"}
# [verification-fixture-phase] {"phase":"node-tools:prepare-settled","pid":61938,"parentPid":61937,"elapsedMs":1107.357667,"archivePath":"/var/folders/g_/3ydzn7kx5lg9ylq8fd9p_13r0000gn/T/verification-node-tools-fixture-Grfka1/tools.tar"}
# [verification-fixture-phase] {"phase":"node-tools:prepare-enter","pid":61938,"parentPid":61937,"elapsedMs":1108.495292,"archivePath":"/var/folders/g_/3ydzn7kx5lg9ylq8fd9p_13r0000gn/T/verification-node-tools-fixture-Grfka1/tools.tar"}
# [verification-fixture-phase] {"phase":"node-tools:prepare-settled","pid":61938,"parentPid":61937,"elapsedMs":1108.726625,"archivePath":"/var/folders/g_/3ydzn7kx5lg9ylq8fd9p_13r0000gn/T/verification-node-tools-fixture-Grfka1/tools.tar"}
# [verification-fixture-phase] {"phase":"node-tools:prepare-enter","pid":61938,"parentPid":61937,"elapsedMs":1108.7815,"archivePath":"/var/folders/g_/3ydzn7kx5lg9ylq8fd9p_13r0000gn/T/verification-node-tools-fixture-Grfka1/tools.tar"}
# [verification-fixture-phase] {"phase":"node-tools:prepare-settled","pid":61938,"parentPid":61937,"elapsedMs":1108.818334,"archivePath":"/var/folders/g_/3ydzn7kx5lg9ylq8fd9p_13r0000gn/T/verification-node-tools-fixture-Grfka1/tools.tar"}
# [verification-fixture-phase] {"phase":"node-tools:prepare-enter","pid":61938,"parentPid":61937,"elapsedMs":1108.875417,"archivePath":"/var/folders/g_/3ydzn7kx5lg9ylq8fd9p_13r0000gn/T/verification-node-tools-fixture-Grfka1/tools.tar"}
# [verification-fixture-phase] {"phase":"node-tools:prepare-settled","pid":61938,"parentPid":61937,"elapsedMs":1979.680334,"archivePath":"/var/folders/g_/3ydzn7kx5lg9ylq8fd9p_13r0000gn/T/verification-node-tools-fixture-Grfka1/tools.tar"}
# [verification-fixture-phase] {"phase":"node-tools:prepare-enter","pid":61938,"parentPid":61937,"elapsedMs":1980.288084,"archivePath":"/var/folders/g_/3ydzn7kx5lg9ylq8fd9p_13r0000gn/T/verification-node-tools-fixture-Grfka1/tools.tar"}
# Subtest: WHAT[verification-system-016] selected Node and complete npm bundle preparation binds actual probes without borrowing ambient configuration
    # Subtest: WHAT[verification-system-016] the formal fixture captures an explicit complete npm package and actual selected Node binary
    ok 1 - WHAT[verification-system-016] the formal fixture captures an explicit complete npm package and actual selected Node binary
      ---
      duration_ms: 965.643292
      type: 'test'
      ...
    # Subtest: WHAT[verification-system-016] wrong selected tool archive digest publishes no candidate
    ok 2 - WHAT[verification-system-016] wrong selected tool archive digest publishes no candidate
      ---
      duration_ms: 60.104084
      type: 'test'
      ...
    # Subtest: WHAT[verification-system-016] tool role paths reject aliases and npm entrypoints outside the selected npm package
    ok 3 - WHAT[verification-system-016] tool role paths reject aliases and npm entrypoints outside the selected npm package
      ---
      duration_ms: 871.527959
      type: 'test'
      ...
# [verification-tool-phase] {"phase":"monitor-spawned","pid":61938,"parentPid":61937,"at":1791187943942,"monitorPid":61953,"executable":"/private/var/folders/g_/3ydzn7kx5lg9ylq8fd9p_13r0000gn/T/verification-node-tools-fixture-Grfka1/candidates/verification-archive-7lu3UL/toolchain/node/bin/node"}
# [verification-tool-phase] {"phase":"tool-spawned","pid":61953,"parentPid":61938,"at":1791187943991,"toolPid":61954,"executable":"/private/var/folders/g_/3ydzn7kx5lg9ylq8fd9p_13r0000gn/T/verification-node-tools-fixture-Grfka1/candidates/verification-archive-7lu3UL/toolchain/node/bin/node"}
# [verification-tool-phase] {"phase":"tool-exited","pid":61953,"parentPid":61938,"at":1791187945751,"toolPid":61954,"exitCode":0,"signal":null}
# [verification-tool-phase] {"phase":"group-drained","pid":61953,"parentPid":61938,"at":1791187945778,"toolPid":61954}
# [verification-tool-phase] {"phase":"monitor-closed","pid":61938,"parentPid":61937,"at":1791187945780,"monitorPid":61953,"exitCode":0,"signal":null}
# [verification-tool-phase] {"phase":"monitor-spawned","pid":61938,"parentPid":61937,"at":1791187945925,"monitorPid":61958,"executable":"/private/var/folders/g_/3ydzn7kx5lg9ylq8fd9p_13r0000gn/T/verification-node-tools-fixture-Grfka1/candidates/verification-archive-7lu3UL/toolchain/node/bin/node"}
# [verification-tool-phase] {"phase":"tool-spawned","pid":61958,"parentPid":61938,"at":1791187945959,"toolPid":61959,"executable":"/private/var/folders/g_/3ydzn7kx5lg9ylq8fd9p_13r0000gn/T/verification-node-tools-fixture-Grfka1/candidates/verification-archive-7lu3UL/toolchain/node/bin/node"}
# [verification-tool-phase] {"phase":"tool-exited","pid":61958,"parentPid":61938,"at":1791187946086,"toolPid":61959,"exitCode":0,"signal":null}
# [verification-tool-phase] {"phase":"group-drained","pid":61958,"parentPid":61938,"at":1791187946108,"toolPid":61959}
# [verification-tool-phase] {"phase":"monitor-closed","pid":61938,"parentPid":61937,"at":1791187946110,"monitorPid":61958,"exitCode":0,"signal":null}
# [verification-fixture-phase] {"phase":"node-tools:prepare-settled","pid":61938,"parentPid":61937,"elapsedMs":5705.836542,"archivePath":"/var/folders/g_/3ydzn7kx5lg9ylq8fd9p_13r0000gn/T/verification-node-tools-fixture-Grfka1/tools.tar"}
# [verification-fixture-phase] {"phase":"node-tools:archive-enter","pid":61938,"parentPid":61937,"elapsedMs":6006.325667,"archivePath":"/var/folders/g_/3ydzn7kx5lg9ylq8fd9p_13r0000gn/T/verification-node-tools-fixture-Grfka1/tools.tar"}
    # Subtest: WHAT[verification-system-016] actual bundled Node and npm probes ignore hostile ambient HOME launchers and npm configuration
    ok 4 - WHAT[verification-system-016] actual bundled Node and npm probes ignore hostile ambient HOME launchers and npm configuration
      ---
      duration_ms: 4025.750834
      type: 'test'
      ...
# [verification-fixture-phase] {"phase":"node-tools:archive-written","pid":61938,"parentPid":61937,"elapsedMs":6178.237042,"archivePath":"/var/folders/g_/3ydzn7kx5lg9ylq8fd9p_13r0000gn/T/verification-node-tools-fixture-Grfka1/tools.tar","bytes":126546944}
# [verification-fixture-phase] {"phase":"node-tools:prepare-enter","pid":61938,"parentPid":61937,"elapsedMs":6221.500375,"archivePath":"/var/folders/g_/3ydzn7kx5lg9ylq8fd9p_13r0000gn/T/verification-node-tools-fixture-Grfka1/tools.tar"}
# [verification-fixture-phase] {"phase":"node-tools:prepare-settled","pid":61938,"parentPid":61937,"elapsedMs":7031.542875,"archivePath":"/var/folders/g_/3ydzn7kx5lg9ylq8fd9p_13r0000gn/T/verification-node-tools-fixture-Grfka1/tools.tar"}
# [verification-fixture-phase] {"phase":"node-tools:archive-enter","pid":61938,"parentPid":61937,"elapsedMs":7033.798667,"archivePath":"/var/folders/g_/3ydzn7kx5lg9ylq8fd9p_13r0000gn/T/verification-node-tools-fixture-Grfka1/tools.tar"}
    # Subtest: WHAT[verification-system-016] a missing declared npm library cannot be borrowed from the candidate parent directory by the actual npm CLI
    ok 5 - WHAT[verification-system-016] a missing declared npm library cannot be borrowed from the candidate parent directory by the actual npm CLI
      ---
      duration_ms: 1026.451375
      type: 'test'
      ...
# [verification-fixture-phase] {"phase":"node-tools:archive-written","pid":61938,"parentPid":61937,"elapsedMs":7161.16075,"archivePath":"/var/folders/g_/3ydzn7kx5lg9ylq8fd9p_13r0000gn/T/verification-node-tools-fixture-Grfka1/tools.tar","bytes":126558208}
# [verification-fixture-phase] {"phase":"node-tools:prepare-enter","pid":61938,"parentPid":61937,"elapsedMs":7201.900167,"archivePath":"/var/folders/g_/3ydzn7kx5lg9ylq8fd9p_13r0000gn/T/verification-node-tools-fixture-Grfka1/tools.tar"}
# [verification-fixture-phase] {"phase":"node-tools:prepare-settled","pid":61938,"parentPid":61937,"elapsedMs":8017.833959,"archivePath":"/var/folders/g_/3ydzn7kx5lg9ylq8fd9p_13r0000gn/T/verification-node-tools-fixture-Grfka1/tools.tar"}
# [verification-fixture-phase] {"phase":"node-tools:archive-enter","pid":61938,"parentPid":61937,"elapsedMs":8018.963959,"archivePath":"/var/folders/g_/3ydzn7kx5lg9ylq8fd9p_13r0000gn/T/verification-node-tools-fixture-Grfka1/tools.tar"}
    # Subtest: WHAT[verification-system-016] complete root npm dependencies cannot conceal a missing declared transitive production library
    ok 6 - WHAT[verification-system-016] complete root npm dependencies cannot conceal a missing declared transitive production library
      ---
      duration_ms: 986.045584
      type: 'test'
      ...
# [verification-fixture-phase] {"phase":"node-tools:archive-written","pid":61938,"parentPid":61937,"elapsedMs":8149.005167,"archivePath":"/var/folders/g_/3ydzn7kx5lg9ylq8fd9p_13r0000gn/T/verification-node-tools-fixture-Grfka1/tools.tar","bytes":126578688}
# [verification-fixture-phase] {"phase":"node-tools:prepare-enter","pid":61938,"parentPid":61937,"elapsedMs":8189.818542,"archivePath":"/var/folders/g_/3ydzn7kx5lg9ylq8fd9p_13r0000gn/T/verification-node-tools-fixture-Grfka1/tools.tar"}
# [verification-tool-phase] {"phase":"monitor-spawned","pid":61938,"parentPid":61937,"at":1791187949355,"monitorPid":61968,"executable":"/private/var/folders/g_/3ydzn7kx5lg9ylq8fd9p_13r0000gn/T/verification-node-tools-fixture-Grfka1/candidates/verification-archive-labjfH/toolchain/node/bin/node"}
# [verification-tool-phase] {"phase":"tool-spawned","pid":61968,"parentPid":61938,"at":1791187949388,"toolPid":61969,"executable":"/private/var/folders/g_/3ydzn7kx5lg9ylq8fd9p_13r0000gn/T/verification-node-tools-fixture-Grfka1/candidates/verification-archive-labjfH/toolchain/node/bin/node"}
# [verification-tool-phase] {"phase":"tool-exited","pid":61968,"parentPid":61938,"at":1791188901821,"toolPid":61969,"exitCode":0,"signal":null}
# [verification-tool-phase] {"phase":"group-drained","pid":61968,"parentPid":61938,"at":1791188901852,"toolPid":61969}
# [verification-tool-phase] {"phase":"monitor-closed","pid":61938,"parentPid":61937,"at":1791188901855,"monitorPid":61968,"exitCode":0,"signal":null}
# [verification-tool-phase] {"phase":"monitor-spawned","pid":61938,"parentPid":61937,"at":1791188902011,"monitorPid":61995,"executable":"/private/var/folders/g_/3ydzn7kx5lg9ylq8fd9p_13r0000gn/T/verification-node-tools-fixture-Grfka1/candidates/verification-archive-labjfH/toolchain/node/bin/node"}
# [verification-tool-phase] {"phase":"tool-spawned","pid":61995,"parentPid":61938,"at":1791188902039,"toolPid":61996,"executable":"/private/var/folders/g_/3ydzn7kx5lg9ylq8fd9p_13r0000gn/T/verification-node-tools-fixture-Grfka1/candidates/verification-archive-labjfH/toolchain/node/bin/node"}
# [verification-tool-phase] {"phase":"tool-exited","pid":61995,"parentPid":61938,"at":1791188902063,"toolPid":61996,"exitCode":1,"signal":null}
# [verification-tool-phase] {"phase":"group-drained","pid":61995,"parentPid":61938,"at":1791188902083,"toolPid":61996}
# [verification-tool-phase] {"phase":"monitor-closed","pid":61938,"parentPid":61937,"at":1791188902084,"monitorPid":61995,"exitCode":0,"signal":null}
# [verification-fixture-phase] {"phase":"node-tools:prepare-settled","pid":61938,"parentPid":61937,"elapsedMs":961694.011084,"archivePath":"/var/folders/g_/3ydzn7kx5lg9ylq8fd9p_13r0000gn/T/verification-node-tools-fixture-Grfka1/tools.tar"}
# [verification-fixture-phase] {"phase":"node-tools:archive-enter","pid":61938,"parentPid":61937,"elapsedMs":961695.141292,"archivePath":"/var/folders/g_/3ydzn7kx5lg9ylq8fd9p_13r0000gn/T/verification-node-tools-fixture-Grfka1/tools.tar"}
    # Subtest: WHAT[verification-system-016] a valid selected archive missing an npm required module fails the actual npm probe and reclaims its private resources
    ok 7 - WHAT[verification-system-016] a valid selected archive missing an npm required module fails the actual npm probe and reclaims its private resources
      ---
      duration_ms: 953675.974709
      type: 'test'
      ...
# [verification-fixture-phase] {"phase":"node-tools:archive-written","pid":61938,"parentPid":61937,"elapsedMs":961890.74175,"archivePath":"/var/folders/g_/3ydzn7kx5lg9ylq8fd9p_13r0000gn/T/verification-node-tools-fixture-Grfka1/tools.tar","bytes":126579200}
# [verification-fixture-phase] {"phase":"node-tools:prepare-enter","pid":61938,"parentPid":61937,"elapsedMs":961933.397709,"archivePath":"/var/folders/g_/3ydzn7kx5lg9ylq8fd9p_13r0000gn/T/verification-node-tools-fixture-Grfka1/tools.tar"}
# [verification-fixture-phase] {"phase":"node-tools:prepare-settled","pid":61938,"parentPid":61937,"elapsedMs":962768.191875,"archivePath":"/var/folders/g_/3ydzn7kx5lg9ylq8fd9p_13r0000gn/T/verification-node-tools-fixture-Grfka1/tools.tar"}
# [verification-fixture-phase] {"phase":"node-tools:archive-enter","pid":61938,"parentPid":61937,"elapsedMs":962769.262542,"archivePath":"/var/folders/g_/3ydzn7kx5lg9ylq8fd9p_13r0000gn/T/verification-node-tools-fixture-Grfka1/tools.tar"}
    # Subtest: WHAT[verification-system-016] an internal symbolic Node entrypoint cannot stand in for the selected executable file
    ok 8 - WHAT[verification-system-016] an internal symbolic Node entrypoint cannot stand in for the selected executable file
      ---
      duration_ms: 1074.016
      type: 'test'
      ...
# [verification-fixture-phase] {"phase":"node-tools:archive-written","pid":61938,"parentPid":61937,"elapsedMs":962920.347959,"archivePath":"/var/folders/g_/3ydzn7kx5lg9ylq8fd9p_13r0000gn/T/verification-node-tools-fixture-Grfka1/tools.tar","bytes":126579200}
# [verification-fixture-phase] {"phase":"node-tools:prepare-enter","pid":61938,"parentPid":61937,"elapsedMs":962961.948125,"archivePath":"/var/folders/g_/3ydzn7kx5lg9ylq8fd9p_13r0000gn/T/verification-node-tools-fixture-Grfka1/tools.tar"}
# [verification-fixture-phase] {"phase":"node-tools:prepare-settled","pid":61938,"parentPid":61937,"elapsedMs":963835.386167,"archivePath":"/var/folders/g_/3ydzn7kx5lg9ylq8fd9p_13r0000gn/T/verification-node-tools-fixture-Grfka1/tools.tar"}
# [verification-fixture-phase] {"phase":"node-tools:archive-enter","pid":61938,"parentPid":61937,"elapsedMs":963839.272375,"archivePath":"/var/folders/g_/3ydzn7kx5lg9ylq8fd9p_13r0000gn/T/verification-node-tools-fixture-Grfka1/tools.tar"}
    # Subtest: WHAT[verification-system-016] a non-executable selected Node file cannot authorize a tool probe
    ok 9 - WHAT[verification-system-016] a non-executable selected Node file cannot authorize a tool probe
      ---
      duration_ms: 1069.021
      type: 'test'
      ...
# [verification-fixture-phase] {"phase":"node-tools:archive-written","pid":61938,"parentPid":61937,"elapsedMs":964041.792709,"archivePath":"/var/folders/g_/3ydzn7kx5lg9ylq8fd9p_13r0000gn/T/verification-node-tools-fixture-Grfka1/tools.tar","bytes":126580224}
# [verification-fixture-phase] {"phase":"node-tools:prepare-enter","pid":61938,"parentPid":61937,"elapsedMs":964087.655709,"archivePath":"/var/folders/g_/3ydzn7kx5lg9ylq8fd9p_13r0000gn/T/verification-node-tools-fixture-Grfka1/tools.tar"}
# [verification-tool-phase] {"phase":"monitor-spawned","pid":61938,"parentPid":61937,"at":1791188905431,"monitorPid":62006,"executable":"/private/var/folders/g_/3ydzn7kx5lg9ylq8fd9p_13r0000gn/T/verification-node-tools-fixture-Grfka1/candidates/verification-archive-rpCaDE/toolchain/node/bin/node"}
# [verification-tool-phase] {"phase":"tool-spawned","pid":62006,"parentPid":61938,"at":1791188905477,"toolPid":62007,"executable":"/private/var/folders/g_/3ydzn7kx5lg9ylq8fd9p_13r0000gn/T/verification-node-tools-fixture-Grfka1/candidates/verification-archive-rpCaDE/toolchain/node/bin/node"}
# [verification-tool-phase] {"phase":"tool-exited","pid":62006,"parentPid":61938,"at":1791188908015,"toolPid":62007,"exitCode":0,"signal":null}
# [verification-tool-phase] {"phase":"group-drained","pid":62006,"parentPid":61938,"at":1791188908044,"toolPid":62007}
# [verification-tool-phase] {"phase":"monitor-closed","pid":61938,"parentPid":61937,"at":1791188908048,"monitorPid":62006,"exitCode":0,"signal":null}
# [verification-tool-phase] {"phase":"monitor-spawned","pid":61938,"parentPid":61937,"at":1791188908214,"monitorPid":62013,"executable":"/private/var/folders/g_/3ydzn7kx5lg9ylq8fd9p_13r0000gn/T/verification-node-tools-fixture-Grfka1/candidates/verification-archive-rpCaDE/toolchain/node/bin/node"}
# [verification-tool-phase] {"phase":"tool-spawned","pid":62013,"parentPid":61938,"at":1791188908245,"toolPid":62014,"executable":"/private/var/folders/g_/3ydzn7kx5lg9ylq8fd9p_13r0000gn/T/verification-node-tools-fixture-Grfka1/candidates/verification-archive-rpCaDE/toolchain/node/bin/node"}
# [verification-tool-phase] {"phase":"tool-exited","pid":62013,"parentPid":61938,"at":1791188908408,"toolPid":62014,"exitCode":0,"signal":null}
# [verification-tool-phase] {"phase":"group-drained","pid":62013,"parentPid":61938,"at":1791188908799,"toolPid":62014}
# [verification-tool-phase] {"phase":"monitor-closed","pid":61938,"parentPid":61937,"at":1791188908808,"monitorPid":62013,"exitCode":0,"signal":null}
# [verification-fixture-phase] {"phase":"node-tools:prepare-settled","pid":61938,"parentPid":61937,"elapsedMs":968563.058917,"archivePath":"/var/folders/g_/3ydzn7kx5lg9ylq8fd9p_13r0000gn/T/verification-node-tools-fixture-Grfka1/tools.tar"}
# [verification-fixture-phase] {"phase":"node-tools:archive-enter","pid":61938,"parentPid":61937,"elapsedMs":968564.637667,"archivePath":"/var/folders/g_/3ydzn7kx5lg9ylq8fd9p_13r0000gn/T/verification-node-tools-fixture-Grfka1/tools.tar"}
    # Subtest: WHAT[verification-system-016] an actual npm CLI that adds an unselected file before reporting its real version cannot publish the original bundle identity
    ok 10 - WHAT[verification-system-016] an actual npm CLI that adds an unselected file before reporting its real version cannot publish the original bundle identity
      ---
      duration_ms: 4725.414792
      type: 'test'
      ...
# [verification-fixture-phase] {"phase":"node-tools:archive-written","pid":61938,"parentPid":61937,"elapsedMs":968865.177334,"archivePath":"/var/folders/g_/3ydzn7kx5lg9ylq8fd9p_13r0000gn/T/verification-node-tools-fixture-Grfka1/tools.tar","bytes":126581248}
# [verification-fixture-phase] {"phase":"node-tools:prepare-enter","pid":61938,"parentPid":61937,"elapsedMs":968917.995417,"archivePath":"/var/folders/g_/3ydzn7kx5lg9ylq8fd9p_13r0000gn/T/verification-node-tools-fixture-Grfka1/tools.tar"}
# [verification-tool-phase] {"phase":"monitor-spawned","pid":61938,"parentPid":61937,"at":1791188910261,"monitorPid":62016,"executable":"/private/var/folders/g_/3ydzn7kx5lg9ylq8fd9p_13r0000gn/T/verification-node-tools-fixture-Grfka1/candidates/verification-archive-UzdiOK/toolchain/node/bin/node"}
# [verification-tool-phase] {"phase":"tool-spawned","pid":62016,"parentPid":61938,"at":1791188910306,"toolPid":62017,"executable":"/private/var/folders/g_/3ydzn7kx5lg9ylq8fd9p_13r0000gn/T/verification-node-tools-fixture-Grfka1/candidates/verification-archive-UzdiOK/toolchain/node/bin/node"}
# [verification-tool-phase] {"phase":"tool-exited","pid":62016,"parentPid":61938,"at":1791188911671,"toolPid":62017,"exitCode":0,"signal":null}
# [verification-tool-phase] {"phase":"group-drained","pid":62016,"parentPid":61938,"at":1791188911699,"toolPid":62017}
# [verification-tool-phase] {"phase":"monitor-closed","pid":61938,"parentPid":61937,"at":1791188911702,"monitorPid":62016,"exitCode":0,"signal":null}
# [verification-tool-phase] {"phase":"monitor-spawned","pid":61938,"parentPid":61937,"at":1791188911865,"monitorPid":62027,"executable":"/private/var/folders/g_/3ydzn7kx5lg9ylq8fd9p_13r0000gn/T/verification-node-tools-fixture-Grfka1/candidates/verification-archive-UzdiOK/toolchain/node/bin/node"}
# [verification-tool-phase] {"phase":"tool-spawned","pid":62027,"parentPid":61938,"at":1791188911896,"toolPid":62029,"executable":"/private/var/folders/g_/3ydzn7kx5lg9ylq8fd9p_13r0000gn/T/verification-node-tools-fixture-Grfka1/candidates/verification-archive-UzdiOK/toolchain/node/bin/node"}
# [verification-tool-phase] {"phase":"tool-exited","pid":62027,"parentPid":61938,"at":1791188911948,"toolPid":62029,"exitCode":null,"signal":"SIGKILL"}
# [verification-tool-phase] {"phase":"group-drained","pid":62027,"parentPid":61938,"at":1791188911969,"toolPid":62029}
# [verification-tool-phase] {"phase":"monitor-closed","pid":61938,"parentPid":61937,"at":1791188911971,"monitorPid":62027,"exitCode":0,"signal":null}
# [verification-fixture-phase] {"phase":"node-tools:prepare-settled","pid":61938,"parentPid":61937,"elapsedMs":971590.675584,"archivePath":"/var/folders/g_/3ydzn7kx5lg9ylq8fd9p_13r0000gn/T/verification-node-tools-fixture-Grfka1/tools.tar"}
# [verification-fixture-phase] {"phase":"node-tools:archive-enter","pid":61938,"parentPid":61937,"elapsedMs":971592.686834,"archivePath":"/var/folders/g_/3ydzn7kx5lg9ylq8fd9p_13r0000gn/T/verification-node-tools-fixture-Grfka1/tools.tar"}
    # Subtest: WHAT[verification-system-016] a held actual npm probe preserves Error cancellation and drains its process group
    ok 11 - WHAT[verification-system-016] a held actual npm probe preserves Error cancellation and drains its process group
      ---
      duration_ms: 3028.055875
      type: 'test'
      ...
# [verification-fixture-phase] {"phase":"node-tools:archive-written","pid":61938,"parentPid":61937,"elapsedMs":971736.429167,"archivePath":"/var/folders/g_/3ydzn7kx5lg9ylq8fd9p_13r0000gn/T/verification-node-tools-fixture-Grfka1/tools.tar","bytes":126581248}
# [verification-fixture-phase] {"phase":"node-tools:prepare-enter","pid":61938,"parentPid":61937,"elapsedMs":971782.266625,"archivePath":"/var/folders/g_/3ydzn7kx5lg9ylq8fd9p_13r0000gn/T/verification-node-tools-fixture-Grfka1/tools.tar"}
# [verification-tool-phase] {"phase":"monitor-spawned","pid":61938,"parentPid":61937,"at":1791188913367,"monitorPid":62038,"executable":"/private/var/folders/g_/3ydzn7kx5lg9ylq8fd9p_13r0000gn/T/verification-node-tools-fixture-Grfka1/candidates/verification-archive-qmJpsG/toolchain/node/bin/node"}
# [verification-tool-phase] {"phase":"tool-spawned","pid":62038,"parentPid":61938,"at":1791188913403,"toolPid":62039,"executable":"/private/var/folders/g_/3ydzn7kx5lg9ylq8fd9p_13r0000gn/T/verification-node-tools-fixture-Grfka1/candidates/verification-archive-qmJpsG/toolchain/node/bin/node"}
# [verification-tool-phase] {"phase":"tool-exited","pid":62038,"parentPid":61938,"at":1791188914731,"toolPid":62039,"exitCode":0,"signal":null}
# [verification-tool-phase] {"phase":"group-drained","pid":62038,"parentPid":61938,"at":1791188914910,"toolPid":62039}
# [verification-tool-phase] {"phase":"monitor-closed","pid":61938,"parentPid":61937,"at":1791188914920,"monitorPid":62038,"exitCode":0,"signal":null}
# [verification-tool-phase] {"phase":"monitor-spawned","pid":61938,"parentPid":61937,"at":1791188915296,"monitorPid":62044,"executable":"/private/var/folders/g_/3ydzn7kx5lg9ylq8fd9p_13r0000gn/T/verification-node-tools-fixture-Grfka1/candidates/verification-archive-qmJpsG/toolchain/node/bin/node"}
# [verification-tool-phase] {"phase":"tool-spawned","pid":62044,"parentPid":61938,"at":1791188915348,"toolPid":62045,"executable":"/private/var/folders/g_/3ydzn7kx5lg9ylq8fd9p_13r0000gn/T/verification-node-tools-fixture-Grfka1/candidates/verification-archive-qmJpsG/toolchain/node/bin/node"}
# [verification-tool-phase] {"phase":"tool-exited","pid":62044,"parentPid":61938,"at":1791188915462,"toolPid":62045,"exitCode":null,"signal":"SIGKILL"}
# [verification-tool-phase] {"phase":"group-drained","pid":62044,"parentPid":61938,"at":1791188915490,"toolPid":62045}
# [verification-tool-phase] {"phase":"monitor-closed","pid":61938,"parentPid":61937,"at":1791188915492,"monitorPid":62044,"exitCode":0,"signal":null}
# [verification-fixture-phase] {"phase":"node-tools:prepare-settled","pid":61938,"parentPid":61937,"elapsedMs":975144.33075,"archivePath":"/var/folders/g_/3ydzn7kx5lg9ylq8fd9p_13r0000gn/T/verification-node-tools-fixture-Grfka1/tools.tar"}
# [verification-fixture-phase] {"phase":"node-tools:prepare-enter","pid":61938,"parentPid":61937,"elapsedMs":975145.597625,"archivePath":"/var/folders/g_/3ydzn7kx5lg9ylq8fd9p_13r0000gn/T/verification-node-tools-fixture-Grfka1/missing-tools.tar"}
# [verification-fixture-phase] {"phase":"node-tools:prepare-settled","pid":61938,"parentPid":61937,"elapsedMs":975145.75375,"archivePath":"/var/folders/g_/3ydzn7kx5lg9ylq8fd9p_13r0000gn/T/verification-node-tools-fixture-Grfka1/missing-tools.tar"}
# [verification-fixture-phase] {"phase":"node-tools:prepare-enter","pid":61938,"parentPid":61937,"elapsedMs":975145.875667,"archivePath":"/var/folders/g_/3ydzn7kx5lg9ylq8fd9p_13r0000gn/T/verification-node-tools-fixture-Grfka1/missing-tools.tar"}
# [verification-fixture-phase] {"phase":"node-tools:prepare-settled","pid":61938,"parentPid":61937,"elapsedMs":975145.916792,"archivePath":"/var/folders/g_/3ydzn7kx5lg9ylq8fd9p_13r0000gn/T/verification-node-tools-fixture-Grfka1/missing-tools.tar"}
    # Subtest: WHAT[verification-system-016] a held actual npm probe preserves null cancellation and drains its process group
    ok 12 - WHAT[verification-system-016] a held actual npm probe preserves null cancellation and drains its process group
      ---
      duration_ms: 3552.813792
      type: 'test'
      ...
    # Subtest: WHAT[verification-system-016] already aborted tool preparation preserves Error before reading a missing archive
    ok 13 - WHAT[verification-system-016] already aborted tool preparation preserves Error before reading a missing archive
      ---
      duration_ms: 0.347875
      type: 'test'
      ...
    # Subtest: WHAT[verification-system-016] already aborted tool preparation preserves null before reading a missing archive
    ok 14 - WHAT[verification-system-016] already aborted tool preparation preserves null before reading a missing archive
      ---
      duration_ms: 0.108834
      type: 'test'
      ...
    1..14
ok 1 - WHAT[verification-system-016] selected Node and complete npm bundle preparation binds actual probes without borrowing ambient configuration
  ---
  duration_ms: 975283.889875
  type: 'test'
  ...
1..1
# tests 15
# suites 0
# pass 15
# fail 0
# cancelled 0
# skipped 0
# todo 0
# duration_ms 975421.894833
