TAP version 13
# Subtest: WHAT[verification-system-006] the real verdict transport records body entry with its actual parent test and process identity
not ok 1 - WHAT[verification-system-006] the real verdict transport records body entry with its actual parent test and process identity
  ---
  duration_ms: 79.087416
  type: 'test'
  location: '/Users/yuanxi/Workwork/vibe-fs/requirements/verification-system/tests/006.test.mjs:194:1'
  failureType: 'testCodeFailure'
  error: |-
    TAP version 13
    # Subtest: actual parent
        # Subtest: actual child
        ok 1 - actual child
          ---
          duration_ms: 0.656083
          type: 'test'
          ...
        1..1
    ok 1 - actual parent
      ---
      duration_ms: 2.36425
      type: 'test'
      ...
    1..1
    # tests 2
    # suites 0
    # pass 2
    # fail 0
    # cancelled 0
    # skipped 0
    # todo 0
    # duration_ms 42.550167
    
  code: 'ERR_ASSERTION'
  name: 'AssertionError'
  expected: true
  operator: '=='
  stack: |-
    TestContext.<anonymous> (file:///Users/yuanxi/Workwork/vibe-fs/requirements/verification-system/tests/006.test.mjs:216:12)
    process.processTicksAndRejections (node:internal/process/task_queues:103:5)
    async Test.run (node:internal/test_runner/test:1054:7)
    async startSubtestAfterBootstrap (node:internal/test_runner/harness:296:3)
  ...
1..1
# tests 1
# suites 0
# pass 0
# fail 1
# cancelled 0
# skipped 0
# todo 0
# duration_ms 301.313125
