{"phase":"launcher","execPath":"/private/tmp/node-v22.23.3-darwin-arm64/bin/node","version":"v22.23.3","context":"child-v8","execArgv":[]}
context-probe: 1 test file(s), 5000ms verdict-silence window
(node:34606) Warning: node:test run() is being called recursively within a test file. skipping running files.
(Use `node --trace-warnings ...` to show where the warning was created)

[test-summary] 0 file(s), 0 passed, 0 failed (0.00s wall, 0.00s test time)
context-probe: post-exit group verification/reclamation: pid=34606; elapsedMs=19.014; accepted=true

context-probe: 0 passed, 0 failed; 0/1 planned file(s) completed
context-probe: incomplete run; no completion for /Users/yuanxi/Workwork/vibe-fs/requirements/verification-system/tests/support/fixtures/all-pass.fixture.mjs
file:///Users/yuanxi/Workwork/vibe-fs/requirements/verification-system/tests/e2e/support/supervise-node-test.mjs:217
    throw Object.assign(new Error(`${logPrefix}: supervised suite failed (exit ${code})`), { exitCode: code })
                        ^

Error: context-probe: supervised suite failed (exit 1)
    at fail (file:///Users/yuanxi/Workwork/vibe-fs/requirements/verification-system/tests/e2e/support/supervise-node-test.mjs:217:25)
    at superviseOwnedNodeTest (file:///Users/yuanxi/Workwork/vibe-fs/requirements/verification-system/tests/e2e/support/supervise-node-test.mjs:432:5)
    at process.processTicksAndRejections (node:internal/process/task_queues:103:5)
    at async superviseNodeTest (file:///Users/yuanxi/Workwork/vibe-fs/requirements/verification-system/tests/e2e/support/supervise-node-test.mjs:195:14)
    at async file:///private/tmp/n00-original-runner-context-probe.mjs:3:1 {
  exitCode: 1
}

Node.js v22.23.3
