TAP version 13
# [verification-fixture-phase] {"phase":"node-tools:archive-enter","pid":59638,"parentPid":59637,"elapsedMs":87.887417,"archivePath":"/var/folders/g_/3ydzn7kx5lg9ylq8fd9p_13r0000gn/T/node-runtime-identity-fYmTjV/tools.tar"}
# [verification-fixture-phase] {"phase":"node-tools:archive-written","pid":59638,"parentPid":59637,"elapsedMs":94.322792,"archivePath":"/var/folders/g_/3ydzn7kx5lg9ylq8fd9p_13r0000gn/T/node-runtime-identity-fYmTjV/tools.tar","bytes":6144}
# [verification-fixture-phase] {"phase":"node-tools:prepare-enter","pid":59638,"parentPid":59637,"elapsedMs":95.065,"archivePath":"/var/folders/g_/3ydzn7kx5lg9ylq8fd9p_13r0000gn/T/node-runtime-identity-fYmTjV/tools.tar"}
# [verification-fixture-phase] {"phase":"node-tools:prepare-settled","pid":59638,"parentPid":59637,"elapsedMs":1834.217,"archivePath":"/var/folders/g_/3ydzn7kx5lg9ylq8fd9p_13r0000gn/T/node-runtime-identity-fYmTjV/tools.tar"}
# [verification-fixture-phase] {"phase":"node-tools:archive-enter","pid":59638,"parentPid":59637,"elapsedMs":1837.677584,"archivePath":"/var/folders/g_/3ydzn7kx5lg9ylq8fd9p_13r0000gn/T/node-runtime-identity-ie3EB4/tools.tar"}
# Subtest: WHAT[verification-system-016] controlled runtime probe protocol alone supplies Node version platform and architecture before npm admission
ok 1 - WHAT[verification-system-016] controlled runtime probe protocol alone supplies Node version platform and architecture before npm admission
  ---
  duration_ms: 1749.776667
  type: 'test'
  ...
# [verification-fixture-phase] {"phase":"node-tools:archive-written","pid":59638,"parentPid":59637,"elapsedMs":1839.367959,"archivePath":"/var/folders/g_/3ydzn7kx5lg9ylq8fd9p_13r0000gn/T/node-runtime-identity-ie3EB4/tools.tar","bytes":6144}
# [verification-fixture-phase] {"phase":"node-tools:prepare-enter","pid":59638,"parentPid":59637,"elapsedMs":1839.398417,"archivePath":"/var/folders/g_/3ydzn7kx5lg9ylq8fd9p_13r0000gn/T/node-runtime-identity-ie3EB4/tools.tar"}
# [verification-fixture-phase] {"phase":"node-tools:prepare-settled","pid":59638,"parentPid":59637,"elapsedMs":2664.457792,"archivePath":"/var/folders/g_/3ydzn7kx5lg9ylq8fd9p_13r0000gn/T/node-runtime-identity-ie3EB4/tools.tar"}
# Subtest: WHAT[verification-system-016] controlled runtime probe protocol rejects an invalid Node version before npm admission
ok 2 - WHAT[verification-system-016] controlled runtime probe protocol rejects an invalid Node version before npm admission
  ---
  duration_ms: 828.448291
  type: 'test'
  ...
1..2
# tests 2
# suites 0
# pass 2
# fail 0
# cancelled 0
# skipped 0
# todo 0
# duration_ms 2691.942333
