TAP version 13
# Subtest: WHAT[verification-system-006] owned tool monitoring preserves actual terminals and rejects missing control evidence
    # Subtest: WHAT[verification-system-006] empty PATH preserves exact selected environment and actual independent process group
    ok 1 - WHAT[verification-system-006] empty PATH preserves exact selected environment and actual independent process group
      ---
      duration_ms: 76.608125
      type: 'test'
      ...
    # Subtest: WHAT[verification-system-006] a selected nonzero exit is preserved instead of the monitor exit
    ok 2 - WHAT[verification-system-006] a selected nonzero exit is preserved instead of the monitor exit
      ---
      duration_ms: 69.604
      type: 'test'
      ...
    # Subtest: WHAT[verification-system-006] a selected process signal is preserved instead of the monitor exit
    ok 3 - WHAT[verification-system-006] a selected process signal is preserved instead of the monitor exit
      ---
      duration_ms: 63.062833
      type: 'test'
      ...
    # Subtest: WHAT[verification-system-006] a real selected executable spawn failure retains its OS cause
    ok 4 - WHAT[verification-system-006] a real selected executable spawn failure retains its OS cause
      ---
      duration_ms: 24.977584
      type: 'test'
      ...
    # Subtest: WHAT[verification-system-006] missing monitor terminal before selected spawn rejects acceptance
    ok 5 - WHAT[verification-system-006] missing monitor terminal before selected spawn rejects acceptance
      ---
      duration_ms: 22.93975
      type: 'test'
      ...
    # Subtest: WHAT[verification-system-006] malformed monitor terminal before selected spawn rejects acceptance
    ok 6 - WHAT[verification-system-006] malformed monitor terminal before selected spawn rejects acceptance
      ---
      duration_ms: 24.578
      type: 'test'
      ...
    # Subtest: WHAT[verification-system-006] duplicate monitor terminal before selected spawn rejects acceptance
    ok 7 - WHAT[verification-system-006] duplicate monitor terminal before selected spawn rejects acceptance
      ---
      duration_ms: 25.210375
      type: 'test'
      ...
    1..7
ok 1 - WHAT[verification-system-006] owned tool monitoring preserves actual terminals and rejects missing control evidence
  ---
  duration_ms: 308.469833
  type: 'test'
  ...
# Subtest: WHAT[verification-system-006] scheduling events do not renew the silence window
ok 2 - WHAT[verification-system-006] scheduling events do not renew the silence window
  ---
  duration_ms: 0.977959
  type: 'test'
  ...
# Subtest: WHAT[verification-system-006] the real verdict transport records body entry with its actual parent test and process identity
ok 3 - WHAT[verification-system-006] the real verdict transport records body entry with its actual parent test and process identity
  ---
  duration_ms: 64.209958
  type: 'test'
  ...
# Subtest: WHAT[verification-system-006] file waits distinguish queued, active and verdicts awaiting stream drain
ok 4 - WHAT[verification-system-006] file waits distinguish queued, active and verdicts awaiting stream drain
  ---
  duration_ms: 0.445792
  type: 'test'
  ...
# Subtest: WHAT[verification-system-006] file lifecycle facts reject unknown entries and impossible transitions
ok 5 - WHAT[verification-system-006] file lifecycle facts reject unknown entries and impossible transitions
  ---
  duration_ms: 0.272084
  type: 'test'
  ...
# Subtest: WHAT[verification-system-006] a pending runtime test start remains diagnostic evidence without becoming a verdict
ok 6 - WHAT[verification-system-006] a pending runtime test start remains diagnostic evidence without becoming a verdict
  ---
  duration_ms: 0.067666
  type: 'test'
  ...
# Subtest: WHAT[verification-system-006] continuing body entry diagnostics cannot keep a genuinely pending test alive
ok 7 - WHAT[verification-system-006] continuing body entry diagnostics cannot keep a genuinely pending test alive
  ---
  duration_ms: 401.983917
  type: 'test'
  ...
# Subtest: WHAT[verification-system-006] real tool diagnostics preserve stdout failure and complete cleanup without forwarding the control field
ok 8 - WHAT[verification-system-006] real tool diagnostics preserve stdout failure and complete cleanup without forwarding the control field
  ---
  duration_ms: 387.12675
  type: 'test'
  ...
# Subtest: WHAT[verification-system-006] real silence diagnostics identify active waits separately from queued files
ok 9 - WHAT[verification-system-006] real silence diagnostics identify active waits separately from queued files
  ---
  duration_ms: 1203.450167
  type: 'test'
  ...
1..9
# tests 16
# suites 0
# pass 16
# fail 0
# cancelled 0
# skipped 0
# todo 0
# duration_ms 2575.415625
