TAP version 13
# Subtest: WHAT[verification-system-016] a real readonly mount protects original role paths and rejects foreign or expired view capabilities
not ok 1 - WHAT[verification-system-016] a real readonly mount protects original role paths and rejects foreign or expired view capabilities
  ---
  duration_ms: 20.960166
  type: 'test'
  location: '/Users/yuanxi/Workwork/vibe-fs/requirements/verification-system/tests/support/tier-gate.mjs:26:12'
  failureType: 'testCodeFailure'
  error: 'Missing expected exception.'
  code: 'ERR_ASSERTION'
  name: 'AssertionError'
  expected:
    code: 'EROFS'
  operator: 'throws'
  stack: |-
    file:///Users/yuanxi/Workwork/vibe-fs/requirements/verification-system/tests/support/readonly-input-tests.mjs:42:14
    withDirectories (file:///Users/yuanxi/Workwork/vibe-fs/requirements/verification-system/tests/support/readonly-input-tests.mjs:26:11)
    TestContext.<anonymous> (file:///Users/yuanxi/Workwork/vibe-fs/requirements/verification-system/tests/support/readonly-input-tests.mjs:39:11)
    Test.runInAsyncScope (node:async_hooks:214:14)
    Test.run (node:internal/test_runner/test:1047:25)
    Test.start (node:internal/test_runner/test:944:17)
    startSubtestAfterBootstrap (node:internal/test_runner/harness:296:17)
  ...
1..1
# tests 1
# suites 0
# pass 0
# fail 1
# cancelled 0
# skipped 0
# todo 0
# duration_ms 1208.174042
