TAP version 13
# Subtest: WHAT[verification-system-016] a real readonly mount protects original role paths and rejects foreign or expired view capabilities
ok 1 - WHAT[verification-system-016] a real readonly mount protects original role paths and rejects foreign or expired view capabilities
  ---
  duration_ms: 12492.108208
  type: 'test'
  ...
# Subtest: WHAT[verification-system-016] an early Error action failure drains its actual Node consumer before readonly device recovery
ok 2 - WHAT[verification-system-016] an early Error action failure drains its actual Node consumer before readonly device recovery
  ---
  duration_ms: 11145.842042
  type: 'test'
  ...
# Subtest: WHAT[verification-system-016] actual readonly mount cleanup preserves Error operation failure and restores every original directory
ok 3 - WHAT[verification-system-016] actual readonly mount cleanup preserves Error operation failure and restores every original directory
  ---
  duration_ms: 13853.995292
  type: 'test'
  ...
# Subtest: WHAT[verification-system-016] cancellation of an attached readonly scope preserves Error and removes only its owned image
ok 4 - WHAT[verification-system-016] cancellation of an attached readonly scope preserves Error and removes only its owned image
  ---
  duration_ms: 13980.460709
  type: 'test'
  ...
# Subtest: WHAT[verification-system-016] an early null action failure drains its actual Node consumer before readonly device recovery
ok 5 - WHAT[verification-system-016] an early null action failure drains its actual Node consumer before readonly device recovery
  ---
  duration_ms: 13070.063583
  type: 'test'
  ...
# Subtest: WHAT[verification-system-016] actual readonly mount cleanup preserves null operation failure and restores every original directory
ok 6 - WHAT[verification-system-016] actual readonly mount cleanup preserves null operation failure and restores every original directory
  ---
  duration_ms: 11945.079833
  type: 'test'
  ...
# Subtest: WHAT[verification-system-016] cancellation of an attached readonly scope preserves null and removes only its owned image
ok 7 - WHAT[verification-system-016] cancellation of an attached readonly scope preserves null and removes only its owned image
  ---
  duration_ms: 10045.362291
  type: 'test'
  ...
# Subtest: WHAT[verification-system-016] a successful action omitting await drains and rejects its actual Node consumer before readonly device recovery
ok 8 - WHAT[verification-system-016] a successful action omitting await drains and rejects its actual Node consumer before readonly device recovery
  ---
  duration_ms: 14069.4015
  type: 'test'
  ...
1..8
# tests 8
# suites 0
# pass 8
# fail 0
# cancelled 0
# skipped 0
# todo 0
# duration_ms 100706.991625
