TAP version 13
# Subtest: WHAT[verification-system-016] malformed Fable admission preserves the public rejected Promise contract
ok 1 - WHAT[verification-system-016] malformed Fable admission preserves the public rejected Promise contract
  ---
  duration_ms: 2.087083
  type: 'test'
  ...
# Subtest: WHAT[verification-system-016] Fable compilation requires four prepared input owners before publishing an output
ok 2 - WHAT[verification-system-016] Fable compilation requires four prepared input owners before publishing an output
  ---
  duration_ms: 0.261542
  type: 'test'
  ...
# Subtest: WHAT[verification-system-016] Fable compilation rejects a mismatched source tree before executing
ok 3 - WHAT[verification-system-016] Fable compilation rejects a mismatched source tree before executing
  ---
  duration_ms: 191.320083
  type: 'test'
  ...
# Subtest: WHAT[verification-system-016] Fable compilation rejects a mismatched source digest before executing
ok 4 - WHAT[verification-system-016] Fable compilation rejects a mismatched source digest before executing
  ---
  duration_ms: 164.463625
  type: 'test'
  ...
# Subtest: WHAT[verification-system-016] Fable compilation rejects a mismatched project SDK before executing
ok 5 - WHAT[verification-system-016] Fable compilation rejects a mismatched project SDK before executing
  ---
  duration_ms: 177.010167
  type: 'test'
  ...
# Subtest: WHAT[verification-system-016] Fable compilation rejects a mismatched tools SDK before executing
ok 6 - WHAT[verification-system-016] Fable compilation rejects a mismatched tools SDK before executing
  ---
  duration_ms: 176.998375
  type: 'test'
  ...
# Subtest: WHAT[verification-system-016] Fable compilation rejects a mismatched original global before executing
ok 7 - WHAT[verification-system-016] Fable compilation rejects a mismatched original global before executing
  ---
  duration_ms: 170.318125
  type: 'test'
  ...
# Subtest: WHAT[verification-system-016] Fable compilation rejects a mismatched original tool manifest before executing
ok 8 - WHAT[verification-system-016] Fable compilation rejects a mismatched original tool manifest before executing
  ---
  duration_ms: 166.269
  type: 'test'
  ...
# Subtest: WHAT[verification-system-016] Fable compilation rejects a missing selected Fable role before executing
ok 9 - WHAT[verification-system-016] Fable compilation rejects a missing selected Fable role before executing
  ---
  duration_ms: 158.858542
  type: 'test'
  ...
# Subtest: WHAT[verification-system-016] Fable compilation rejects a duplicate selected Fable role before executing
ok 10 - WHAT[verification-system-016] Fable compilation rejects a duplicate selected Fable role before executing
  ---
  duration_ms: 165.591125
  type: 'test'
  ...
# Subtest: WHAT[verification-system-016] Fable compilation rejects a foreign selected Fable role before executing
ok 11 - WHAT[verification-system-016] Fable compilation rejects a foreign selected Fable role before executing
  ---
  duration_ms: 169.621042
  type: 'test'
  ...
# Subtest: WHAT[verification-system-016] selected Fable compilation preserves caller inputs and binds the seeded private output inventory
ok 12 - WHAT[verification-system-016] selected Fable compilation preserves caller inputs and binds the seeded private output inventory
  ---
  duration_ms: 1755.286209
  type: 'test'
  ...
# Subtest: WHAT[verification-system-016] Fable compilation rejects empty JavaScript output without publication
ok 13 - WHAT[verification-system-016] Fable compilation rejects empty JavaScript output without publication
  ---
  duration_ms: 836.427292
  type: 'test'
  ...
# Subtest: WHAT[verification-system-016] Fable compilation rejects linked JavaScript output without publication
ok 14 - WHAT[verification-system-016] Fable compilation rejects linked JavaScript output without publication
  ---
  duration_ms: 804.642667
  type: 'test'
  ...
# Subtest: WHAT[verification-system-016] Fable process failure retains its physical cause and reclaims only compile output
ok 15 - WHAT[verification-system-016] Fable process failure retains its physical cause and reclaims only compile output
  ---
  duration_ms: 809.537458
  type: 'test'
  ...
# Subtest: WHAT[verification-system-016] early Fable cancellation preserves Error without reading absent owners
ok 16 - WHAT[verification-system-016] early Fable cancellation preserves Error without reading absent owners
  ---
  duration_ms: 0.223667
  type: 'test'
  ...
# Subtest: WHAT[verification-system-016] early Fable cancellation preserves null without reading absent owners
ok 17 - WHAT[verification-system-016] early Fable cancellation preserves null without reading absent owners
  ---
  duration_ms: 0.090875
  type: 'test'
  ...
# Subtest: WHAT[verification-system-016] compilation rejects source input changed by the actual selected consumer without publication
ok 18 - WHAT[verification-system-016] compilation rejects source input changed by the actual selected consumer without publication
  ---
  duration_ms: 856.552083
  type: 'test'
  ...
# Subtest: WHAT[verification-system-016] compilation rejects sdk input changed by the actual selected consumer without publication
ok 19 - WHAT[verification-system-016] compilation rejects sdk input changed by the actual selected consumer without publication
  ---
  duration_ms: 956.28525
  type: 'test'
  ...
# Subtest: WHAT[verification-system-016] compilation rejects tools input changed by the actual selected consumer without publication
ok 20 - WHAT[verification-system-016] compilation rejects tools input changed by the actual selected consumer without publication
  ---
  duration_ms: 926.811917
  type: 'test'
  ...
# Subtest: WHAT[verification-system-016] compilation rejects project input changed by the actual selected consumer without publication
ok 21 - WHAT[verification-system-016] compilation rejects project input changed by the actual selected consumer without publication
  ---
  duration_ms: 884.311292
  type: 'test'
  ...
# Subtest: WHAT[verification-system-016] held Fable compilation preserves Error cancellation and drains the actual process group
ok 22 - WHAT[verification-system-016] held Fable compilation preserves Error cancellation and drains the actual process group
  ---
  duration_ms: 946.323125
  type: 'test'
  ...
# Subtest: WHAT[verification-system-016] held Fable compilation preserves null cancellation and drains the actual process group
ok 23 - WHAT[verification-system-016] held Fable compilation preserves null cancellation and drains the actual process group
  ---
  duration_ms: 857.283458
  type: 'test'
  ...
# Subtest: WHAT[verification-system-016] Fable namespace cancellation preserves Error and reports refused foreign cleanup
ok 24 - WHAT[verification-system-016] Fable namespace cancellation preserves Error and reports refused foreign cleanup
  ---
  duration_ms: 886.972334
  type: 'test'
  ...
# Subtest: WHAT[verification-system-016] Fable namespace cancellation preserves null and reports refused foreign cleanup
ok 25 - WHAT[verification-system-016] Fable namespace cancellation preserves null and reports refused foreign cleanup
  ---
  duration_ms: 891.343458
  type: 'test'
  ...
# Subtest: WHAT[verification-system-016] Fable namespace canonical parent replacement cannot authorize revalidation or foreign disposal
ok 26 - WHAT[verification-system-016] Fable namespace canonical parent replacement cannot authorize revalidation or foreign disposal
  ---
  duration_ms: 870.584292
  type: 'test'
  ...
# Subtest: WHAT[verification-system-016] Fable namespace ordinary root replacement cannot authorize revalidation or foreign disposal
ok 27 - WHAT[verification-system-016] Fable namespace ordinary root replacement cannot authorize revalidation or foreign disposal
  ---
  duration_ms: 864.690375
  type: 'test'
  ...
# Subtest: WHAT[verification-system-016] Fable namespace missing root under a replaced parent cannot claim completed disposal
ok 28 - WHAT[verification-system-016] Fable namespace missing root under a replaced parent cannot claim completed disposal
  ---
  duration_ms: 821.759792
  type: 'test'
  ...
# Subtest: WHAT[verification-system-016] compiled JavaScript revalidation rejects bytes, mode, added and missing output members
    # Subtest: bytes
    ok 1 - bytes
      ---
      duration_ms: 3.057083
      type: 'test'
      ...
    # Subtest: mode
    ok 2 - mode
      ---
      duration_ms: 2.907375
      type: 'test'
      ...
    # Subtest: added
    ok 3 - added
      ---
      duration_ms: 2.682584
      type: 'test'
      ...
    # Subtest: missing
    ok 4 - missing
      ---
      duration_ms: 2.642
      type: 'test'
      ...
    1..4
ok 29 - WHAT[verification-system-016] compiled JavaScript revalidation rejects bytes, mode, added and missing output members
  ---
  duration_ms: 856.902084
  type: 'test'
  ...
# Subtest: WHAT[verification-system-016] four selected input owners compile the original foundation identity project with Fable into isolated outputs
ok 30 - WHAT[verification-system-016] four selected input owners compile the original foundation identity project with Fable into isolated outputs # SKIP integration tier not enabled
  ---
  duration_ms: 0.025792
  type: 'test'
  ...
# Subtest: WHAT[verification-system-016] mac readonly views protect actual original-project Fable inputs and restore all prepared owners
ok 31 - WHAT[verification-system-016] mac readonly views protect actual original-project Fable inputs and restore all prepared owners # SKIP integration tier not enabled
  ---
  duration_ms: 0.016375
  type: 'test'
  ...
1..31
# tests 35
# suites 0
# pass 33
# fail 0
# cancelled 0
# skipped 2
# todo 0
# duration_ms 16478.865209
