TAP version 13
# Subtest: WHAT[verification-system-016] mac readonly views protect actual original-project Fable inputs and restore all prepared owners
    # Subtest: WHAT[verification-system-016] real Fable preparation selects a complete immutable Git tree and SDK archive without rewriting the original project
    ok 1 - WHAT[verification-system-016] real Fable preparation selects a complete immutable Git tree and SDK archive without rewriting the original project
      ---
      duration_ms: 17582.6905
      type: 'test'
      ...
    # Subtest: WHAT[verification-system-016] real selected Fable tools and original project restore produce independent prepared input owners
    ok 2 - WHAT[verification-system-016] real selected Fable tools and original project restore produce independent prepared input owners
      ---
      duration_ms: 10529.881625
      type: 'test'
      ...
    # Subtest: WHAT[verification-system-016] actual Fable compiles the original project into an owned seed and binds the complete output receipt
    ok 3 - WHAT[verification-system-016] actual Fable compiles the original project into an owned seed and binds the complete output receipt
      ---
      duration_ms: 19957.027042
      type: 'test'
      ...
    # Subtest: WHAT[verification-system-016] actual generated JavaScript preserves public Identity behavior and all prepared owner lifetimes
    ok 4 - WHAT[verification-system-016] actual generated JavaScript preserves public Identity behavior and all prepared owner lifetimes
      ---
      duration_ms: 9788.934792
      type: 'test'
      ...
    1..4
ok 1 - WHAT[verification-system-016] mac readonly views protect actual original-project Fable inputs and restore all prepared owners
  ---
  duration_ms: 102167.75975
  type: 'test'
  ...
# {"treeId":"35d495a725a9c3804885450ff6974f5d267354b0","sourceDigest":"06c9bcab8819ee02dd880714032c96d6714984a3d5a0743640a11ab103281d85","sdkDigest":"e05f113650fea2e9a5555367038c52dabf9dc1f58d104eb36dc3be65f940f248","projectPath":"src/Wanxiangshu/Wanxiangshu.Owner.dispatch-protocol.foundation-identity.fsproj","provenance":"explicit selected archive bytes; this fixture does not authenticate their publisher"}
# {"compileDigest":"0a8a4b467f895ed5a618004584c3bd0931a8bbed9fbba7f5b6b3cca750d3064f","entries":196,"fable":{"id":"fable","version":"5.13.0","command":"fable","executable":"packages/fable/5.13.0/tools/net10.0/any/fable.dll"},"actualJavaScriptConsumer":{"session":"selected-session","revision":"8","quiescenceLoaded":true,"nodeVersion":"v22.23.3"},"readOnlyMounted":true,"actualVerifyBound":false}
1..1
# tests 5
# suites 0
# pass 5
# fail 0
# cancelled 0
# skipped 0
# todo 0
# duration_ms 102296.606667
