TAP version 13
# (node:16409) ExperimentalWarning: `--experimental-loader` may be removed in the future; instead use `register()`:
# --import 'data:text/javascript,import { register } from "node:module"; import { pathToFileURL } from "node:url"; register("/private/tmp/n04-before-readonly-adapter-loader.mjs", pathToFileURL("./"));'
# (Use `node --trace-warnings ...` to show where the warning was created)
# Subtest: WHAT[verification-system-016] mac readonly views protect actual original-project Fable inputs and restore all prepared owners
    # Subtest: WHAT[verification-system-016] real Fable preparation selects a complete immutable Git tree and SDK archive without rewriting the original project
    ok 1 - WHAT[verification-system-016] real Fable preparation selects a complete immutable Git tree and SDK archive without rewriting the original project
      ---
      duration_ms: 130919.328083
      type: 'test'
      ...
    # Subtest: WHAT[verification-system-016] real selected Fable tools and original project restore produce independent prepared input owners
    ok 2 - WHAT[verification-system-016] real selected Fable tools and original project restore produce independent prepared input owners
      ---
      duration_ms: 100864.436084
      type: 'test'
      ...
    1..2
not ok 1 - WHAT[verification-system-016] mac readonly views protect actual original-project Fable inputs and restore all prepared owners
  ---
  duration_ms: 297191.18175
  type: 'test'
  location: '/Users/yuanxi/Workwork/vibe-fs/requirements/verification-system/tests/support/tier-gate.mjs:26:12'
  failureType: 'testCodeFailure'
  error: 'Readonly inputs and cleanup failed'
  code: 'ERR_TEST_FAILURE'
  name: 'AggregateError'
  stack: |-
    withReadonlyVerificationInputs (file:///Users/yuanxi/Workwork/vibe-fs/scripts/lib/verification-readonly-inputs.mjs:184:35)
    process.processTicksAndRejections (node:internal/process/task_queues:103:5)
    async repositoryFableProjectTest (file:///Users/yuanxi/Workwork/vibe-fs/requirements/verification-system/tests/support/repository-fable-project-tests.mjs:226:7)
    async Test.run (node:internal/test_runner/test:1054:7)
    async startSubtestAfterBootstrap (node:internal/test_runner/harness:296:3)
  ...
# {"treeId":"35d495a725a9c3804885450ff6974f5d267354b0","sourceDigest":"06c9bcab8819ee02dd880714032c96d6714984a3d5a0743640a11ab103281d85","sdkDigest":"e05f113650fea2e9a5555367038c52dabf9dc1f58d104eb36dc3be65f940f248","projectPath":"src/Wanxiangshu/Wanxiangshu.Owner.dispatch-protocol.foundation-identity.fsproj","provenance":"explicit selected archive bytes; this fixture does not authenticate their publisher"}
# Readonly handoff did not complete; retained resources at /private/var/folders/g_/3ydzn7kx5lg9ylq8fd9p_13r0000gn/T/verification-repository-fable-project-5oWJCa
1..1
# tests 3
# suites 0
# pass 2
# fail 1
# cancelled 0
# skipped 0
# todo 0
# duration_ms 298281.842417
