TAP version 13
# Subtest: WHAT[verification-system-016] a real readonly mount protects original role paths and rejects foreign or expired view capabilities
ok 1 - WHAT[verification-system-016] a real readonly mount protects original role paths and rejects foreign or expired view capabilities
  ---
  duration_ms: 10194.075792
  type: 'test'
  ...
# Subtest: WHAT[verification-system-016] an early Error action failure drains its actual Node consumer before readonly device recovery
ok 2 - WHAT[verification-system-016] an early Error action failure drains its actual Node consumer before readonly device recovery
  ---
  duration_ms: 13105.916583
  type: 'test'
  ...
# Subtest: WHAT[verification-system-016] actual readonly mount cleanup preserves Error operation failure and restores every original directory
ok 3 - WHAT[verification-system-016] actual readonly mount cleanup preserves Error operation failure and restores every original directory
  ---
  duration_ms: 12678.644084
  type: 'test'
  ...
# Subtest: WHAT[verification-system-016] cancellation of an attached readonly scope preserves Error and removes only its owned image
ok 4 - WHAT[verification-system-016] cancellation of an attached readonly scope preserves Error and removes only its owned image
  ---
  duration_ms: 13182.990917
  type: 'test'
  ...
# Subtest: WHAT[verification-system-016] an early null action failure drains its actual Node consumer before readonly device recovery
ok 5 - WHAT[verification-system-016] an early null action failure drains its actual Node consumer before readonly device recovery
  ---
  duration_ms: 13105.969959
  type: 'test'
  ...
# Subtest: WHAT[verification-system-016] actual readonly mount cleanup preserves null operation failure and restores every original directory
ok 6 - WHAT[verification-system-016] actual readonly mount cleanup preserves null operation failure and restores every original directory
  ---
  duration_ms: 14451.292125
  type: 'test'
  ...
# Subtest: WHAT[verification-system-016] cancellation of an attached readonly scope preserves null and removes only its owned image
ok 7 - WHAT[verification-system-016] cancellation of an attached readonly scope preserves null and removes only its owned image
  ---
  duration_ms: 14320.49375
  type: 'test'
  ...
1..7
# tests 7
# suites 0
# pass 7
# fail 0
# cancelled 0
# skipped 0
# todo 0
# duration_ms 91748.694083
