TAP version 13
# Subtest: WHAT[verification-system-016] an early Error action failure drains its actual Node consumer before readonly device recovery
ok 1 - WHAT[verification-system-016] an early Error action failure drains its actual Node consumer before readonly device recovery
  ---
  duration_ms: 13895.752584
  type: 'test'
  ...
# Subtest: WHAT[verification-system-016] an early null action failure drains its actual Node consumer before readonly device recovery
ok 2 - WHAT[verification-system-016] an early null action failure drains its actual Node consumer before readonly device recovery
  ---
  duration_ms: 14694.131209
  type: 'test'
  ...
# Subtest: WHAT[verification-system-016] a successful action omitting await drains and rejects its actual Node consumer before readonly device recovery
ok 3 - WHAT[verification-system-016] a successful action omitting await drains and rejects its actual Node consumer before readonly device recovery
  ---
  duration_ms: 13501.56975
  type: 'test'
  ...
1..3
# tests 3
# suites 0
# pass 3
# fail 0
# cancelled 0
# skipped 0
# todo 0
# duration_ms 42627.112917
