TAP version 13
# (node:22781) ExperimentalWarning: `--experimental-loader` may be removed in the future; instead use `register()`:
# --import 'data:text/javascript,import { register } from "node:module"; import { pathToFileURL } from "node:url"; register("/private/tmp/n04-before-readonly-adapter-loader.mjs", pathToFileURL("./"));'
# (Use `node --trace-warnings ...` to show where the warning was created)
# Subtest: WHAT[verification-system-016] mac readonly views protect actual original-project Fable inputs and restore all prepared owners
    # Subtest: WHAT[verification-system-016] real Fable preparation selects a complete immutable Git tree and SDK archive without rewriting the original project
    ok 1 - WHAT[verification-system-016] real Fable preparation selects a complete immutable Git tree and SDK archive without rewriting the original project
      ---
      duration_ms: 19178.597333
      type: 'test'
      ...
    # Subtest: WHAT[verification-system-016] real selected Fable tools and original project restore produce independent prepared input owners
    ok 2 - WHAT[verification-system-016] real selected Fable tools and original project restore produce independent prepared input owners
      ---
      duration_ms: 10939.101834
      type: 'test'
      ...
    # Subtest: WHAT[verification-system-016] actual Fable compiles the original project into an owned seed and binds the complete output receipt
    not ok 3 - WHAT[verification-system-016] actual Fable compiles the original project into an owned seed and binds the complete output receipt
      ---
      duration_ms: 8.225458
      type: 'test'
      location: '/Users/yuanxi/Workwork/vibe-fs/requirements/verification-system/tests/support/repository-fable-project-tests.mjs:178:15'
      failureType: 'testCodeFailure'
      error: 'Cannot verify owned identity of the source directory: /private/var/folders/g_/3ydzn7kx5lg9ylq8fd9p_13r0000gn/T/verification-repository-fable-project-GhuWO4/candidates'
      code: 'source-candidate-entry-invalid'
      stack: |-
        failure (file:///Users/yuanxi/Workwork/vibe-fs/scripts/lib/verification-source-candidate.mjs:8:24)
        invalidEntry (file:///Users/yuanxi/Workwork/vibe-fs/scripts/lib/verification-source-candidate.mjs:84:35)
        assertOwnedRoot (file:///Users/yuanxi/Workwork/vibe-fs/scripts/lib/verification-source-candidate.mjs:99:105)
        Object.revalidate (file:///Users/yuanxi/Workwork/vibe-fs/scripts/lib/verification-source-candidate.mjs:138:9)
        compileVerificationFableProject (file:///Users/yuanxi/Workwork/vibe-fs/scripts/lib/verification-fable-project.mjs:21:60)
        TestContext.<anonymous> (file:///Users/yuanxi/Workwork/vibe-fs/requirements/verification-system/tests/support/repository-fable-project-tests.mjs:182:26)
        async Test.run (node:internal/test_runner/test:1054:7)
        async compileAndConsume (file:///Users/yuanxi/Workwork/vibe-fs/requirements/verification-system/tests/support/repository-fable-project-tests.mjs:178:7)
        async file:///Users/yuanxi/Workwork/vibe-fs/requirements/verification-system/tests/support/repository-fable-project-tests.mjs:243:11
        async withReadonlyVerificationInputs (file:///Users/yuanxi/Workwork/vibe-fs/scripts/lib/verification-readonly-inputs.mjs:169:14)
      ...
    1..3
not ok 1 - WHAT[verification-system-016] mac readonly views protect actual original-project Fable inputs and restore all prepared owners
  ---
  duration_ms: 76076.557833
  type: 'test'
  location: '/Users/yuanxi/Workwork/vibe-fs/requirements/verification-system/tests/support/tier-gate.mjs:26:12'
  failureType: 'subtestsFailed'
  error: '1 subtest failed'
  code: 'ERR_TEST_FAILURE'
  ...
# {"treeId":"35d495a725a9c3804885450ff6974f5d267354b0","sourceDigest":"06c9bcab8819ee02dd880714032c96d6714984a3d5a0743640a11ab103281d85","sdkDigest":"e05f113650fea2e9a5555367038c52dabf9dc1f58d104eb36dc3be65f940f248","projectPath":"src/Wanxiangshu/Wanxiangshu.Owner.dispatch-protocol.foundation-identity.fsproj","provenance":"explicit selected archive bytes; this fixture does not authenticate their publisher"}
1..1
# tests 4
# suites 0
# pass 2
# fail 2
# cancelled 0
# skipped 0
# todo 0
# duration_ms 76258.523583
