✖ WHAT[requirement-grounding-006] an actual file read through an outside-workspace symlink is denied without an observation (40.943916ms)
ℹ tests 1
ℹ suites 0
ℹ pass 0
ℹ fail 1
ℹ cancelled 0
ℹ skipped 0
ℹ todo 0
ℹ duration_ms 201.007208

✖ failing tests:

test at requirements/requirement-grounding/tests/006.test.mjs:248:1
✖ WHAT[requirement-grounding-006] an actual file read through an outside-workspace symlink is denied without an observation (40.943916ms)
  AssertionError [ERR_ASSERTION]: Expected values to be strictly equal:
  + actual - expected
  
  + 'Succeeded'
  - 'Failed'
  
      at TestContext.<anonymous> (file:///Users/yuanxi/Workwork/vibe-fs/requirements/requirement-grounding/tests/006.test.mjs:260:12)
      at async Test.run (node:internal/test_runner/test:1404:7)
      at async startSubtestAfterBootstrap (node:internal/test_runner/harness:387:3) {
    generatedMessage: true,
    code: 'ERR_ASSERTION',
    actual: 'Succeeded',
    expected: 'Failed',
    operator: 'strictEqual',
    diff: 'simple'
  }
