runner: scoped 使用 TESTS_MJS_FILES=137 files
runner: build is current (1796 sources, 885 artifacts)
runner: discovery OVERRIDDEN by TESTS_MJS_FILES (137 file(s))
runner: 137 test file(s), 5000ms verdict-silence window
{"operation":"plugin-hook-chat-message-failed","result":"Managed chat admission failed: TransactionFailed (LeaseHandoffFailed (external input supersession failed to drain the old Host attempt: Host rejected session abort: { message = \"controlled SDK abort rejection\" }, TerminalCommitted (Settled Applied)))"}
HOOK CHAT MESSAGE FAILED: ChatAdmissionHookException {
  message: 'Managed chat admission failed: TransactionStopped (Superseded (ManagedChatAcceptanceWitness ({ SessionId = SessionId "review-manager"\n' +
    '  PhysicalUserMessageId = PhysicalUserMessageId "msg-review-manager-3" }, { SessionId = SessionId "review-manager"\n' +
    '  LogicalRunId = LogicalRunId "e929c790d7d888fc2b27832d28acc5b981d942a0150e9d64ad8941c4f91a8202"\n' +
    '  AuthorityRootUserMessageId = AuthorityRootUserMessageId "user-root"\n' +
    '  AuthorityKind = HumanRoot\n' +
    '  IdentitySeed = RootSelection ({ Identity = { SelectedAgent = PersonaName "manager"\n' +
    '  Kind = ManagedRole Manager\n' +
    '  Persona = "Lead"\n' +
    '  PersonaCatalogVersion = PersonaCatalogVersion 1\n' +
    '  Origin = ResolvedAtRoot } })\n' +
    '  PhysicalUserMessageId = PhysicalUserMessageId "msg-review-manager-3"\n' +
    '  Origin = Continuation ManagerGuard })))',
  innerException: undefined,
  failure: ChatAdmissionHookFailure {
    tag: 2,
    fields: [ [ChatAdmissionTransactionOutcome] ]
  },
  executionKey: ChatExecutionKey {
    SessionId: SessionId { tag: 0, fields: [Array] },
    PhysicalUserMessageId: PhysicalUserMessageId { tag: 0, fields: [Array] }
  }
}
js-boundary-gate: 2 violation(s) across 1 file(s)
  ../../../../var/folders/g_/3ydzn7kx5lg9ylq8fd9p_13r0000gn/T/boundary-gate-red-tr1ZkJ/requirements/sample-pkg/tests/debt.test.mjs:1 [deep-dist-import] import * as mod from '../../../dist/Internal/UnregisteredModule.js'
  ../../../../var/folders/g_/3ydzn7kx5lg9ylq8fd9p_13r0000gn/T/boundary-gate-red-tr1ZkJ/requirements/sample-pkg/tests/debt.test.mjs:2 [export-discovery] const names = Object.keys(mod)
js-boundary-gate: OK — 0 debt line(s) across 0 file(s)
js-boundary-gate: OK — 0 debt line(s) across 0 file(s)
js-boundary-gate: 1 violation(s) across 1 file(s)
  ../../../../var/folders/g_/3ydzn7kx5lg9ylq8fd9p_13r0000gn/T/boundary-environment-8Mpqyf/requirements/sample/tests/001.test.mjs:3 [mangled-lookup] const name = 'Example__run'; name.startsWith('Example__')
js-boundary-gate: 1 violation(s) across 1 file(s)
  ../../../../var/folders/g_/3ydzn7kx5lg9ylq8fd9p_13r0000gn/T/boundary-environment-8Mpqyf/requirements/sample/tests/001.test.mjs:3 [mangled-lookup] const name = '_Method'; name.endsWith('_Method')
js-boundary-gate: 1 violation(s) across 1 file(s)
  ../../../../var/folders/g_/3ydzn7kx5lg9ylq8fd9p_13r0000gn/T/boundary-environment-8Mpqyf/requirements/sample/tests/001.test.mjs:3 [mangled-lookup] Object.keys(process.env).filter((env) => { const name = 'Example__run'; return name.startsWith('Example__') })
coverage: running tests with NODE_V8_COVERAGE in /private/var/folders/g_/3ydzn7kx5lg9ylq8fd9p_13r0000gn/T/coverage-permission-runner-G1ZwgF/.fable-build/coverage/1791185102983-38211/raw...

coverage: OK (2 production modules covered, report in /private/var/folders/g_/3ydzn7kx5lg9ylq8fd9p_13r0000gn/T/coverage-permission-runner-G1ZwgF/.fable-build/coverage/1791185102983-38211/report)
coverage: running tests with NODE_V8_COVERAGE in /private/var/folders/g_/3ydzn7kx5lg9ylq8fd9p_13r0000gn/T/coverage-permission-reporter-zCwAgS/.fable-build/coverage/1791185103291-38211/raw...

coverage: OK (2 production modules covered, report in /private/var/folders/g_/3ydzn7kx5lg9ylq8fd9p_13r0000gn/T/coverage-permission-reporter-zCwAgS/.fable-build/coverage/1791185103291-38211/report)
coverage: running tests with NODE_V8_COVERAGE in /private/var/folders/g_/3ydzn7kx5lg9ylq8fd9p_13r0000gn/T/coverage-empty-input-runner-PsVS3o/.fable-build/coverage/1791185103517-38211/raw...

coverage: OK (2 production modules covered, report in /private/var/folders/g_/3ydzn7kx5lg9ylq8fd9p_13r0000gn/T/coverage-empty-input-runner-PsVS3o/.fable-build/coverage/1791185103517-38211/report)
coverage: running tests with NODE_V8_COVERAGE in /private/var/folders/g_/3ydzn7kx5lg9ylq8fd9p_13r0000gn/T/coverage-empty-input-reporter-bhubOX/.fable-build/coverage/1791185103706-38211/raw...

coverage: OK (2 production modules covered, report in /private/var/folders/g_/3ydzn7kx5lg9ylq8fd9p_13r0000gn/T/coverage-empty-input-reporter-bhubOX/.fable-build/coverage/1791185103706-38211/report)
coverage: running tests with NODE_V8_COVERAGE in /private/var/folders/g_/3ydzn7kx5lg9ylq8fd9p_13r0000gn/T/coverage-report-signal-e80Brk/.fable-build/coverage/signalled-report/raw...
coverage: c8 report generation failed
coverage: running tests with NODE_V8_COVERAGE in /private/var/folders/g_/3ydzn7kx5lg9ylq8fd9p_13r0000gn/T/cov-root-alias-rFNQoC/actual/.fable-build/coverage/1791185104137-38211/raw...

coverage: OK (2 production modules covered, report in /private/var/folders/g_/3ydzn7kx5lg9ylq8fd9p_13r0000gn/T/cov-root-alias-rFNQoC/actual/.fable-build/coverage/1791185104137-38211/report)
coverage: running tests with NODE_V8_COVERAGE in /private/var/folders/g_/3ydzn7kx5lg9ylq8fd9p_13r0000gn/T/cov-test-1-QSQlFm/.fable-build/coverage/1791185104299-38211/raw...

coverage: OK (2 production modules covered, report in /private/var/folders/g_/3ydzn7kx5lg9ylq8fd9p_13r0000gn/T/cov-test-1-QSQlFm/.fable-build/coverage/1791185104299-38211/report)
coverage: running tests with NODE_V8_COVERAGE in /private/var/folders/g_/3ydzn7kx5lg9ylq8fd9p_13r0000gn/T/cov-test-2-zhDZMU/.fable-build/coverage/1791185104466-38211/raw...

coverage: OK (2 production modules covered, report in /private/var/folders/g_/3ydzn7kx5lg9ylq8fd9p_13r0000gn/T/cov-test-2-zhDZMU/.fable-build/coverage/1791185104466-38211/report)
coverage: running tests with NODE_V8_COVERAGE in /private/var/folders/g_/3ydzn7kx5lg9ylq8fd9p_13r0000gn/T/cov-test-3-faI6T9/.fable-build/coverage/1791185104617-38211/raw...

coverage: OK (3 production modules covered, report in /private/var/folders/g_/3ydzn7kx5lg9ylq8fd9p_13r0000gn/T/cov-test-3-faI6T9/.fable-build/coverage/1791185104617-38211/report)
coverage: running tests with NODE_V8_COVERAGE in /private/var/folders/g_/3ydzn7kx5lg9ylq8fd9p_13r0000gn/T/cov-test-4-T3hxEB/.fable-build/coverage/1791185104743-38211/raw...

coverage: OK (2 production modules covered, report in /private/var/folders/g_/3ydzn7kx5lg9ylq8fd9p_13r0000gn/T/cov-test-4-T3hxEB/.fable-build/coverage/1791185104743-38211/report)
coverage: running tests with NODE_V8_COVERAGE in /private/var/folders/g_/3ydzn7kx5lg9ylq8fd9p_13r0000gn/T/cov-test-5-gOsZpz/.fable-build/coverage/1791185104916-38211/raw...
coverage: unit tests failed (status 1)
coverage: running tests with NODE_V8_COVERAGE in /private/var/folders/g_/3ydzn7kx5lg9ylq8fd9p_13r0000gn/T/cov-test-6-wg0I65/.fable-build/coverage/1791185105047-38211/raw...
coverage: unit tests failed (status 1)
coverage: running tests with NODE_V8_COVERAGE in /var/folders/g_/3ydzn7kx5lg9ylq8fd9p_13r0000gn/T/cov-test-7-5WQkcy/.fable-build/coverage/corrupt-run-id/raw...
coverage: raw coverage file is corrupted: coverage-corrupt.json (Unexpected token 'C', "CORRUPTED "... is not valid JSON)
coverage: running tests with NODE_V8_COVERAGE in /private/var/folders/g_/3ydzn7kx5lg9ylq8fd9p_13r0000gn/T/cov-test-8-nxDjc7/.fable-build/coverage/1791185105218-38211/raw...
coverage: reported files do not match build receipt outputs
coverage: running tests with NODE_V8_COVERAGE in /private/var/folders/g_/3ydzn7kx5lg9ylq8fd9p_13r0000gn/T/cov-test-9-CGwjRP/.fable-build/coverage/1791185105380-38211/raw...
coverage: input files changed during coverage run (INPUT_CHANGED):
  compiler: 31982ddbf25b7345e2b756eb4bf03a12b62988a8d0ef229dc62c38d201930e87 -> 0bc8f5fea0c00f156c9f8080052074b9aa82bb2069fbba5f80918620844a91ba
  generated: 31982ddbf25b7345e2b756eb4bf03a12b62988a8d0ef229dc62c38d201930e87 -> 0bc8f5fea0c00f156c9f8080052074b9aa82bb2069fbba5f80918620844a91ba
  artifact: 31982ddbf25b7345e2b756eb4bf03a12b62988a8d0ef229dc62c38d201930e87 -> 0bc8f5fea0c00f156c9f8080052074b9aa82bb2069fbba5f80918620844a91ba
runner: 1 test file(s), 10000ms verdict-silence window
check.mjs: FAILED with 1 issue(s) across 1 gate(s)

Gate: /var/folders/g_/3ydzn7kx5lg9ylq8fd9p_13r0000gn/T/gate-failure-vgUpDy/gate.mjs (1 issue(s))
  - [fail] controlled violation

check.mjs: fatal error: Cannot find module '/var/folders/g_/3ydzn7kx5lg9ylq8fd9p_13r0000gn/T/gate-failure-vgUpDy/missing.mjs' imported from /Users/yuanxi/Workwork/vibe-fs/scripts/check.mjs
check.mjs: fatal error: controlled failure
runner: post-exit group verification/reclamation: pid=39192; elapsedMs=22.947; accepted=true

runner: 1 passed, 0 failed; 0/1 planned file(s) completed
runner: incomplete run; no completion for /Users/yuanxi/Workwork/vibe-fs/requirements/verification-system/tests/support/fixtures/two-leaf.fixture.mjs
runner: 1 test file(s), 1000ms verdict-silence window
runner: post-exit group verification/reclamation: pid=39212; elapsedMs=20.616; accepted=true

runner: 1 passed, 0 failed; 1/1 planned file(s) completed
runner: incomplete run; not every planned file stream drained
runner: 1 test file(s), 10000ms verdict-silence window
TAP version 13
# Subtest: leaf one
ok 1 - leaf one
  ---
  duration_ms: 0.368125
  type: 'test'
  ...
# Subtest: leaf two
ok 2 - leaf two
  ---
  duration_ms: 0.057292
  type: 'test'
  ...
1..2
# tests 2
# suites 0
# pass 2
# fail 0
# cancelled 0
# skipped 0
# todo 0
# duration_ms 4.177792
runner: post-exit group verification/reclamation: pid=39223; elapsedMs=21.348; accepted=true
runner: inner runner failed to provide authoritative summary

runner: verdict counts unavailable; no authoritative summary; 0/1 planned file(s) completed
runner: 1 test file(s), 10000ms verdict-silence window
runner: post-exit group verification/reclamation: pid=39247; elapsedMs=21.986; accepted=true

runner: 1 passed, 0 failed; 1/1 planned file(s) completed
runner: partial evidence; 0 skipped, 1 TODO; excluded cases are not passes
runner: pending proof prevents complete acceptance
runner: 1 test file(s), 10000ms verdict-silence window
runner: post-exit group verification/reclamation: pid=39260; elapsedMs=21.264; accepted=true

runner: 1 passed, 0 failed; 1/1 planned file(s) completed
runner: partial evidence; 0 skipped, 1 TODO; excluded cases are not passes
runner: pending proof prevents complete acceptance
runner: 2 test file(s), 10000ms verdict-silence window
node:internal/test_runner/harness:99
      throw err;
      ^

Error [ERR_MODULE_NOT_FOUND]: Cannot find module '/var/folders/g_/3ydzn7kx5lg9ylq8fd9p_13r0000gn/T/failed-test-file-jiCyHq/missing.fixture.mjs' imported from /Users/yuanxi/Workwork/vibe-fs/
    at finalizeResolution (node:internal/modules/esm/resolve:275:11)
    at moduleResolve (node:internal/modules/esm/resolve:865:10)
    at defaultResolve (node:internal/modules/esm/resolve:989:11)
    at #cachedDefaultResolve (node:internal/modules/esm/loader:747:20)
    at ModuleLoader.resolve (node:internal/modules/esm/loader:724:38)
    at ModuleLoader.getModuleJobForImport (node:internal/modules/esm/loader:320:38)
    at onImport.tracePromise.__proto__ (node:internal/modules/esm/loader:680:36)
    at TracingChannel.tracePromise (node:diagnostics_channel:350:14)
    at ModuleLoader.import (node:internal/modules/esm/loader:679:21)
    at node:internal/modules/run_main:179:35 {
  code: 'ERR_MODULE_NOT_FOUND',
  url: 'file:///var/folders/g_/3ydzn7kx5lg9ylq8fd9p_13r0000gn/T/failed-test-file-jiCyHq/missing.fixture.mjs'
}

Node.js v22.23.3

✖ failing tests:

test at /var/folders/g_/3ydzn7kx5lg9ylq8fd9p_13r0000gn/T/failed-test-file-jiCyHq/missing.fixture.mjs:1:1
✖ /var/folders/g_/3ydzn7kx5lg9ylq8fd9p_13r0000gn/T/failed-test-file-jiCyHq/missing.fixture.mjs (34.830ms)
  'test failed'


[test-summary] 2 file(s), 2 passed, 0 failed, 1 failed containers (0.04s wall, 0.00s test time)
runner: post-exit group verification/reclamation: pid=39280; elapsedMs=21.020; accepted=true
runner: 2 test(s), 0.0s of test time; max 2ms, p90 2ms, median 1ms

runner: 2 passed, 0 failed; 2/2 planned file(s) completed
runner: cancelled tests or failed containers prevent complete acceptance
runner: 2 test file(s), 10000ms verdict-silence window
node:internal/test_runner/harness:99
      throw err;
      ^

Error: fixture failed before registering any test
    at file:///private/var/folders/g_/3ydzn7kx5lg9ylq8fd9p_13r0000gn/T/failed-test-file-jiCyHq/broken.fixture.mjs:1:7
    at ModuleJob.run (node:internal/modules/esm/module_job:343:25)
    at async onImport.tracePromise.__proto__ (node:internal/modules/esm/loader:681:26)
    at async asyncRunEntryPointWithESMLoader (node:internal/modules/run_main:117:5)

Node.js v22.23.3

✖ failing tests:

test at /var/folders/g_/3ydzn7kx5lg9ylq8fd9p_13r0000gn/T/failed-test-file-jiCyHq/broken.fixture.mjs:1:1
✖ /var/folders/g_/3ydzn7kx5lg9ylq8fd9p_13r0000gn/T/failed-test-file-jiCyHq/broken.fixture.mjs (31.411ms)
  'test failed'


[test-summary] 2 file(s), 2 passed, 0 failed, 1 failed containers (0.04s wall, 0.00s test time)
runner: post-exit group verification/reclamation: pid=39293; elapsedMs=20.577; accepted=true
runner: 2 test(s), 0.0s of test time; max 2ms, p90 2ms, median 1ms

runner: 2 passed, 0 failed; 2/2 planned file(s) completed
runner: cancelled tests or failed containers prevent complete acceptance
fatal: .git/index: index file smaller than expected
fatal: .git/index: index file smaller than expected
fatal: .git/index: index file smaller than expected

[test-summary] 137 file(s), 1041 passed, 0 failed, 19 skipped, 72 todo (162.23s wall, 376.05s test time)
  todo: /Users/yuanxi/Workwork/vibe-fs/requirements/cognitive-environment/tests/004.test.mjs:WHAT[cognitive-environment-004] system prompt is not a full tool inventory and tool availability grants no additional authority; absence of keywords is insufficient (GAP-076) — reason not supplied
  todo: /Users/yuanxi/Workwork/vibe-fs/requirements/cognitive-environment/tests/001.test.mjs:WHAT[cognitive-environment-001] every delivered material has one semantic authority owner; catalog size does not prove ownership (GAP-076) — reason not supplied
  todo: /Users/yuanxi/Workwork/vibe-fs/requirements/cognitive-environment/tests/002.test.mjs:WHAT[cognitive-environment-002] conflicting materials follow domain ownership without impersonation; requires semantic cases and actual delivery evidence (GAP-076) — reason not supplied
  todo: /Users/yuanxi/Workwork/vibe-fs/requirements/cognitive-environment/tests/007.test.mjs:WHAT[cognitive-environment-007] receiving another office technical knowledge leaves actual action authority unchanged (GAP-076) — reason not supplied
  todo: /Users/yuanxi/Workwork/vibe-fs/requirements/cognitive-environment/tests/006.test.mjs:WHAT[cognitive-environment-006] library advice yields to mission needs and cannot define axioms or powers; requires semantic counterexamples (GAP-076) — reason not supplied
  todo: /Users/yuanxi/Workwork/vibe-fs/requirements/cognitive-environment/tests/008.test.mjs:WHAT[cognitive-environment-008] library material has Class, Delivery and Audience with role/request rather than reasoning-depth selection; classification evidence is missing (GAP-076) — reason not supplied
  todo: /Users/yuanxi/Workwork/vibe-fs/requirements/cognitive-environment/tests/010.test.mjs:WHAT[cognitive-environment-010] actual lifecycle delivery orients without repeated education or replacing the system prompt (GAP-076) — reason not supplied
  todo: /Users/yuanxi/Workwork/vibe-fs/requirements/cognitive-environment/tests/009.test.mjs:WHAT[cognitive-environment-009] library selection avoids omnipotent manuals, tier variants and hidden review orchestration; wording scans cannot prove these boundaries (GAP-076) — reason not supplied
  todo: /Users/yuanxi/Workwork/vibe-fs/requirements/cognitive-environment/tests/005.test.mjs:WHAT[cognitive-environment-005] real model-binding changes preserve the complete Role Law and self-model; retired tier input checks only cover planner compatibility (GAP-076) — reason not supplied
  todo: /Users/yuanxi/Workwork/vibe-fs/requirements/cognitive-environment/tests/003.test.mjs:WHAT[cognitive-environment-003] actual request keeps tools, lifecycle and mission in their designated channels (GAP-076) — reason not supplied
  todo: /Users/yuanxi/Workwork/vibe-fs/requirements/cognitive-environment/tests/011.test.mjs:WHAT[cognitive-environment-011] real runtime and mission changes use message channels without fake activation or Role Law replacement (GAP-076) — reason not supplied
  todo: /Users/yuanxi/Workwork/vibe-fs/requirements/cognitive-environment/tests/012.test.mjs:WHAT[cognitive-environment-012] assessment actually judges current evidence independently and honestly without hidden-process influence; resource inclusion does not prove behavior (GAP-076) — reason not supplied
  todo: /Users/yuanxi/Workwork/vibe-fs/requirements/execution-model-routing/tests/004.test.mjs:WHAT[execution-model-routing-004] unaccepted speculative intent must not preoccupy capacity — GAP-130: optional reservation currently occupies a token before chat.message; 34-D2 needs decision
  todo: /Users/yuanxi/Workwork/vibe-fs/requirements/execution-model-routing/tests/007.test.mjs:WHAT[execution-model-routing-007] actual Host event closes the physical execution only after durable terminal and idle/business events leave binding intact (GAP-128) — reason not supplied
  todo: /Users/yuanxi/Workwork/vibe-fs/requirements/execution-model-routing/tests/011.test.mjs:WHAT[execution-model-routing-011] actual admission proves target resolution, durable Accepted, exact capacity, binding and Host projection order, with zero later effects on failure (GAP-128/131) — reason not supplied
  todo: /Users/yuanxi/Workwork/vibe-fs/requirements/execution-model-routing/tests/016.test.mjs:WHAT[execution-model-routing-016] actual routing fatal rejects missing settlement, stale fence and coarse identity before touching injected fuse (GAP-128) — reason not supplied
  todo: /Users/yuanxi/Workwork/vibe-fs/requirements/execution-model-routing/tests/016.test.mjs:WHAT[execution-model-routing-016] actual incident reports and kills once through injected capability without altering capacity (GAP-128) — reason not supplied
  todo: /Users/yuanxi/Workwork/vibe-fs/requirements/execution-model-routing/tests/012.test.mjs:WHAT[execution-model-routing-012] compiler rejects fabricated exact opaque capacity fences and direct foreign custody construction (GAP-128: F# type-level opacity proof pending — the runtime fail-closed test above is retained but does not prove compile-time rejection) — reason not supplied
  skip: /Users/yuanxi/Workwork/vibe-fs/requirements/cognitive-environment/tests/015.test.mjs:WHAT[cognitive-environment-015] installed Host delivers ephemeral Blogger hints in two actual provider requests — integration tier not enabled
  skip: /Users/yuanxi/Workwork/vibe-fs/requirements/cognitive-environment/tests/015.test.mjs:WHAT[cognitive-environment-015] a late actual provider callback failure cannot turn into a successful canary — integration tier not enabled
  todo: /Users/yuanxi/Workwork/vibe-fs/requirements/execution-model-routing/tests/019.test.mjs:WHAT[execution-model-routing-019] changed scheduler cannot overwrite a previously bound DevOps target — GAP-129: current availability check allows changing the supposedly immutable binding; 34-D1 needs decision
  todo: /Users/yuanxi/Workwork/vibe-fs/requirements/execution-model-routing/tests/019.test.mjs:WHAT[execution-model-routing-019] fixed road binding persists across real restart and physical-session replacement without model drift (GAP-129) — reason not supplied
  todo: /Users/yuanxi/Workwork/vibe-fs/requirements/host-boundary/tests/019.test.mjs:WHAT[host-boundary-019] every required Host capability needs a real supported-Host canary; injected transform ports prove only composition — reason not supplied
  todo: /Users/yuanxi/Workwork/vibe-fs/requirements/prefix-stability/tests/005.test.mjs:WHAT[prefix-stability-005] actual next-attempt seal observes a durably committed rebase and refuses progression after append failure; GAP-106 — reason not supplied
  todo: /Users/yuanxi/Workwork/vibe-fs/requirements/prefix-stability/tests/001.test.mjs:WHAT[prefix-stability-001] capture actual outbound provider wires from the reused delegation and verify their prefix identity; locally constructed transcript is not transport evidence; GAP-106 — reason not supplied
  todo: /Users/yuanxi/Workwork/vibe-fs/requirements/prefix-stability/tests/008.test.mjs:WHAT[prefix-stability-008] review actual provider memory block for explicit low-trust status and separation from human authority; current responsibility wording is not that evidence; GAP-107 — reason not supplied
  todo: /Users/yuanxi/Workwork/vibe-fs/requirements/prefix-stability/tests/011.test.mjs:WHAT[prefix-stability-011] actual history drift fails without minting an epoch, and replayed markers keep their original elapsed-time bytes; missing export names do not establish either property; GAP-106 — reason not supplied
  todo: /Users/yuanxi/Workwork/vibe-fs/requirements/prefix-stability/tests/009.test.mjs:WHAT[prefix-stability-009] actual Host transform derives proof and writeback identities from canonical XTrace despite request-local presentation changes; GAP-106 — reason not supplied
  todo: /Users/yuanxi/Workwork/vibe-fs/requirements/prefix-stability/tests/007.test.mjs:WHAT[prefix-stability-007] one actual Life keeps identical system bytes and Persona through delegation, failure, review and compaction; role IDs alone do not prove byte identity; GAP-106 — reason not supplied
  todo: /Users/yuanxi/Workwork/vibe-fs/requirements/prefix-stability/tests/014.test.mjs:WHAT[prefix-stability-014] injected wire fed directly to durable capture excludes guidance and preserves ordinary quotation — GAP-108: direct capture retains suffix bytes; verify and close the actual Host admission path without teaching semantic capture to guess prose
  todo: /Users/yuanxi/Workwork/vibe-fs/requirements/provider-attempt-recovery/tests/006.test.mjs:WHAT[provider-attempt-recovery-006] actual retry with changed target preserves durable identity and full system prompt through Host submission (GAP-139) — reason not supplied
  skip: /Users/yuanxi/Workwork/vibe-fs/requirements/host-boundary/tests/033.test.mjs:WHAT[host-boundary-033] installed Host drains a superseded Guard and answers the exact fresh human input — integration tier not enabled
  skip: /Users/yuanxi/Workwork/vibe-fs/requirements/host-boundary/tests/033.test.mjs:WHAT[host-boundary-033] installed Host drains a held Guard before waiting for its only capacity slot — integration tier not enabled
  todo: /Users/yuanxi/Workwork/vibe-fs/requirements/provider-attempt-recovery/tests/008.test.mjs:WHAT[provider-attempt-recovery-008] actual unfinished Manager and other repairable roles reach one repair without spending provider budget (GAP-139) — reason not supplied
  todo: /Users/yuanxi/Workwork/vibe-fs/requirements/provider-attempt-recovery/tests/007.test.mjs:WHAT[provider-attempt-recovery-007] a new failure fact after exhaustion stops durable replay — GAP-140: the fold currently absorbs AlreadyExhausted instead of rejecting a new failure fact
  todo: /Users/yuanxi/Workwork/vibe-fs/requirements/provider-attempt-recovery/tests/007.test.mjs:WHAT[provider-attempt-recovery-007] durable replay refuses a count above its failure limit — GAP-140 / 37-D1: persisted facts do not establish a limit and the fold accepts the over-budget successor
  todo: /Users/yuanxi/Workwork/vibe-fs/requirements/provider-attempt-recovery/tests/010.test.mjs:WHAT[provider-attempt-recovery-010] actual licensed Blogger retry sends Squash before Main when eligible and accounts for Squash outcome without success reset (GAP-139) — reason not supplied
  todo: /Users/yuanxi/Workwork/vibe-fs/requirements/provider-attempt-recovery/tests/005.test.mjs:WHAT[provider-attempt-recovery-005] full recovery workflow reaches exhaustion without an extra physical Host send (GAP-139) — reason not supplied
  todo: /Users/yuanxi/Workwork/vibe-fs/requirements/provider-attempt-recovery/tests/009.test.mjs:WHAT[provider-attempt-recovery-009] varying Host transport retry numbers cannot change domain count identity or physical recovery permission (GAP-139) — reason not supplied
  todo: /Users/yuanxi/Workwork/vibe-fs/requirements/provider-attempt-recovery/tests/012.test.mjs:WHAT[provider-attempt-recovery-012] actual aborted Host tool residue leaves provider budget unchanged through reconciliation (GAP-139) — reason not supplied
  todo: /Users/yuanxi/Workwork/vibe-fs/requirements/provider-attempt-recovery/tests/013.test.mjs:WHAT[provider-attempt-recovery-013] actual retries and restart preserve complete durable Persona provenance language authority and provider horizon (GAP-139) — reason not supplied
  todo: /Users/yuanxi/Workwork/vibe-fs/requirements/provider-attempt-recovery/tests/011.test.mjs:WHAT[provider-attempt-recovery-011] actual render observes the admitted immutable plan and cannot consume a transient recovery permission (GAP-139) — reason not supplied
  todo: /Users/yuanxi/Workwork/vibe-fs/requirements/provider-attempt-recovery/tests/016.test.mjs:WHAT[provider-attempt-recovery-016] real ordinary and Blogger completion use durable kind evidence and write SuccessRecorded only for eligible successes (GAP-139) — reason not supplied
  todo: /Users/yuanxi/Workwork/vibe-fs/requirements/provider-attempt-recovery/tests/017.test.mjs:WHAT[provider-attempt-recovery-017] actual Main→Main Main→Squash and Squash→Main recovery commits old abandonment before fresh materialization and PromptKey binding (GAP-139) — reason not supplied
  todo: /Users/yuanxi/Workwork/vibe-fs/requirements/provider-attempt-recovery/tests/018.test.mjs:WHAT[provider-attempt-recovery-018] actual WorkMain recovery waits on an open Blogger request until committed close or strictly newer coverage; unrelated facts cannot unlock it (GAP-139) — reason not supplied
  todo: /Users/yuanxi/Workwork/vibe-fs/requirements/provider-attempt-recovery/tests/018.test.mjs:WHAT[provider-attempt-recovery-018] real recovery proceeds without an open producer and cancellation releases an existing durable-event wait (GAP-139) — reason not supplied
  todo: /Users/yuanxi/Workwork/vibe-fs/requirements/provider-attempt-recovery/tests/015.test.mjs:WHAT[provider-attempt-recovery-015] actual speculative success and failure leave the owner journal budget unchanged (GAP-139) — reason not supplied
  todo: /Users/yuanxi/Workwork/vibe-fs/requirements/provider-attempt-recovery/tests/014.test.mjs:WHAT[provider-attempt-recovery-014] actual continuation waits for exact Host stop after failure admission and never spends budget by sending (GAP-139) — reason not supplied
  todo: /Users/yuanxi/Workwork/vibe-fs/requirements/provider-attempt-recovery/tests/022.test.mjs:WHAT[provider-attempt-recovery-022] actual Host terminal observation alone releases recovery while coarse error and idle cannot; fresh process inherits no stop permission (GAP-139) — reason not supplied
  todo: /Users/yuanxi/Workwork/vibe-fs/requirements/provider-projection/tests/001.test.mjs:WHAT[provider-projection-001] real online and durable replay use the same pipeline; cloning the same input is not a replay execution (GAP-082) — reason not supplied
  todo: /Users/yuanxi/Workwork/vibe-fs/requirements/provider-attempt-recovery/tests/020.test.mjs:WHAT[provider-attempt-recovery-020] real journal replay without exact licence produces no provider retry or resume side effect (GAP-139) — reason not supplied
  todo: /Users/yuanxi/Workwork/vibe-fs/requirements/provider-attempt-recovery/tests/019.test.mjs:WHAT[provider-attempt-recovery-019] all production callers and wrong-attempt ledger inputs enforce the opaque licence without alternate retry owners (GAP-139) — reason not supplied
  todo: /Users/yuanxi/Workwork/vibe-fs/requirements/provider-attempt-recovery/tests/023.test.mjs:WHAT[provider-attempt-recovery-023] real boot sweep after process restart resolves only Accepted-without-start and preserves exact accepted material without replacement send (GAP-139) — reason not supplied
  todo: /Users/yuanxi/Workwork/vibe-fs/requirements/provider-attempt-recovery/tests/021.test.mjs:WHAT[provider-attempt-recovery-021] actual ordinary and sync-delegate recovery combine exact durable LWR evidence and target settlement after licensing and before send (GAP-139) — reason not supplied
  todo: /Users/yuanxi/Workwork/vibe-fs/requirements/provider-projection/tests/010.test.mjs:WHAT[provider-projection-010] synthetic text cannot authorize an operation or certify completion; renderer export presence and unchanged Host message count do not prove authority isolation (GAP-082) — reason not supplied
  todo: /Users/yuanxi/Workwork/vibe-fs/requirements/provider-projection/tests/013.test.mjs:WHAT[provider-projection-013] all synthetic payloads use the common typed representation owner; the gate currently checks direct SyntheticToml access only (GAP-082) — reason not supplied
  todo: /Users/yuanxi/Workwork/vibe-fs/requirements/relay-context-projection/tests/004.test.mjs:WHAT[relay-context-projection-004] first and successor Managers independently investigate the actual inherited work and never fabricate predecessor evidence — reason not supplied
  todo: /Users/yuanxi/Workwork/vibe-fs/requirements/relay-context-projection/tests/003.test.mjs:WHAT[relay-context-projection-003] complete provider serialization carries no private control identifiers secrets or synthetic workspace narrative — reason not supplied
  todo: /Users/yuanxi/Workwork/vibe-fs/requirements/provider-projection/tests/014.test.mjs:WHAT[provider-projection-014] all physical payload call paths compose once; the tested Join and warm-start outputs do not prove every caller (GAP-082) — reason not supplied
  todo: /Users/yuanxi/Workwork/vibe-fs/requirements/relay-context-projection/tests/007.test.mjs:WHAT[relay-context-projection-007] crash recovery and Accepted-certificate invalidation keep the committed retired request identity without filtering physical history — reason not supplied
  todo: /Users/yuanxi/Workwork/vibe-fs/requirements/relay-context-projection/tests/009.test.mjs:WHAT[relay-context-projection-009] fixed DevOps execution facts and predecessor interactions reach the successor through their real owners without synthesized conclusions — reason not supplied
  todo: /Users/yuanxi/Workwork/vibe-fs/requirements/relay-retirement/tests/001.test.mjs:WHAT[relay-retirement-001] ordinary assistant stop does not retire Manager and exceptional terminals are not forged suicide — GAP-197: requires actual Manager terminal workflow; removed test merely returned Retire for an empty array
  todo: /Users/yuanxi/Workwork/vibe-fs/requirements/relay-context-projection/tests/001.test.mjs:WHAT[relay-context-projection-001] Host physical transcript and durable audit survive actual process restart without loss — reason not supplied
  todo: /Users/yuanxi/Workwork/vibe-fs/requirements/relay-context-projection/tests/008.test.mjs:WHAT[relay-context-projection-008] every accepted physical authority revision is retained across restart and successor projection — reason not supplied
  todo: /Users/yuanxi/Workwork/vibe-fs/requirements/relay-retirement/tests/007.test.mjs:WHAT[relay-retirement-007] real durable retirement is atomic across crash points and cleanup retry — GAP-197: pure fold transition does not persist a transaction or clear actual resource blockers
  todo: /Users/yuanxi/Workwork/vibe-fs/requirements/relay-retirement/tests/007.test.mjs:WHAT[relay-retirement-007] retirement ends incumbent obligations without rewriting independent context-compression history — reason not supplied
  todo: /Users/yuanxi/Workwork/vibe-fs/requirements/requirement-grounding/tests/002.test.mjs:WHAT[requirement-grounding-002] self-subtree declarations are configuration errors even when they do not match WHAT.md — GAP-085: rule validation currently probes only the WHAT.md path
  todo: /Users/yuanxi/Workwork/vibe-fs/requirements/relay-retirement/tests/009.test.mjs:WHAT[relay-retirement-009] actual Continue transfers fixed DevOps work and processes while Accepted or exceptional termination physically closes them — reason not supplied
  todo: /Users/yuanxi/Workwork/vibe-fs/requirements/relay-retirement/tests/002.test.mjs:WHAT[relay-retirement-002] unmerged changes failed tests and open obligations do not independently block actual retirement — GAP-197: actual assessed dirty-workspace path is covered; remaining conditions require actual owned fixtures
  todo: /Users/yuanxi/Workwork/vibe-fs/requirements/requirement-grounding/tests/007.test.mjs:WHAT[requirement-grounding-007] original Markdown bytes survive the actual result suffix unchanged — GAP-086: current LlmFacing instruction rendering adds comments and normalizes newlines; resolve the representation contract
  todo: /Users/yuanxi/Workwork/vibe-fs/requirements/requirement-grounding/tests/006.test.mjs:WHAT[requirement-grounding-006] a read returning old bytes does not mark the newer disk version visible — GAP-085: observation records the current disk content from its path instead of the actual returned bytes
  todo: /Users/yuanxi/Workwork/vibe-fs/requirements/relay-retirement/tests/004.test.mjs:WHAT[relay-retirement-004] exact-incumbency freeze precedes recursive observation and never leaks into next incarnation of the same session — GAP-197: a sequential child blocker does not prove an admission race or same-session successor fence
  todo: /Users/yuanxi/Workwork/vibe-fs/requirements/relay-retirement/tests/003.test.mjs:WHAT[relay-retirement-003] recursive descendants PTYs leases active tools and unobserved cancellation all block by current incumbent ownership — GAP-197: one actual Engineer child does not establish every ownership kind or recursive cancellation boundary
  todo: /Users/yuanxi/Workwork/vibe-fs/requirements/relay-retirement/tests/008.test.mjs:WHAT[relay-retirement-008] a controlled in-flight Host interrupt prevents successor dispatch until exact provider-step release and physical interruption complete — reason not supplied
  skip: /Users/yuanxi/Workwork/vibe-fs/requirements/verification-system/tests/014.test.mjs:WHAT[verification-system-014] Long Stroke 真实物理验收环境 — release tier not enabled
  skip: /Users/yuanxi/Workwork/vibe-fs/requirements/verification-system/tests/016.test.mjs:WHAT[verification-system-016] a real readonly mount protects original role paths and rejects foreign or expired view capabilities — integration tier not enabled
  skip: /Users/yuanxi/Workwork/vibe-fs/requirements/verification-system/tests/016.test.mjs:WHAT[verification-system-016] an early Error action failure drains its actual Node consumer before readonly device recovery — integration tier not enabled
  skip: /Users/yuanxi/Workwork/vibe-fs/requirements/verification-system/tests/016.test.mjs:WHAT[verification-system-016] actual readonly mount cleanup preserves Error operation failure and restores every original directory — integration tier not enabled
  skip: /Users/yuanxi/Workwork/vibe-fs/requirements/verification-system/tests/016.test.mjs:WHAT[verification-system-016] cancellation of an attached readonly scope preserves Error and removes only its owned image — integration tier not enabled
  skip: /Users/yuanxi/Workwork/vibe-fs/requirements/verification-system/tests/016.test.mjs:WHAT[verification-system-016] an early null action failure drains its actual Node consumer before readonly device recovery — integration tier not enabled
  skip: /Users/yuanxi/Workwork/vibe-fs/requirements/verification-system/tests/016.test.mjs:WHAT[verification-system-016] actual readonly mount cleanup preserves null operation failure and restores every original directory — integration tier not enabled
  skip: /Users/yuanxi/Workwork/vibe-fs/requirements/verification-system/tests/016.test.mjs:WHAT[verification-system-016] cancellation of an attached readonly scope preserves null and removes only its owned image — integration tier not enabled
  skip: /Users/yuanxi/Workwork/vibe-fs/requirements/verification-system/tests/016.test.mjs:WHAT[verification-system-016] a successful action omitting await drains and rejects its actual Node consumer before readonly device recovery — integration tier not enabled
  skip: /Users/yuanxi/Workwork/vibe-fs/requirements/verification-system/tests/016.test.mjs:WHAT[verification-system-016] exact repository Git inputs install through a selected npm 11.12.1 bundle and real JavaScript consumers — integration tier not enabled
  skip: /Users/yuanxi/Workwork/vibe-fs/requirements/verification-system/tests/016.test.mjs:WHAT[verification-system-016] a complete selected SDK archive resolves the captured repository global.json and reclaims its owned roots — integration tier not enabled
  skip: /Users/yuanxi/Workwork/vibe-fs/requirements/verification-system/tests/016.test.mjs:WHAT[verification-system-016] selected complete SDK restores original repository local tools from explicitly identified NuGet archives — integration tier not enabled
  skip: /Users/yuanxi/Workwork/vibe-fs/requirements/verification-system/tests/016.test.mjs:WHAT[verification-system-016] selected complete Git source and SDK restore the original foundation identity project through a fresh-cache locked NuGet graph — integration tier not enabled
  skip: /Users/yuanxi/Workwork/vibe-fs/requirements/verification-system/tests/016.test.mjs:WHAT[verification-system-016] four selected input owners compile the original foundation identity project with Fable into isolated outputs — integration tier not enabled
  skip: /Users/yuanxi/Workwork/vibe-fs/requirements/verification-system/tests/016.test.mjs:WHAT[verification-system-016] mac readonly views protect actual original-project Fable inputs and restore all prepared owners — integration tier not enabled
  todo: /Users/yuanxi/Workwork/vibe-fs/requirements/verification-system/tests/016.test.mjs:WHAT[verification-system-016] the actual verification run binds its evidence to the same immutable candidate snapshot — reason not supplied
  todo: /Users/yuanxi/Workwork/vibe-fs/requirements/verification-system/tests/016.test.mjs:WHAT[verification-system-016] a mutation restored within one step still invalidates the run — D2: fixed isolated inputs selected; current runner still uses mutable inputs and step-boundary hashes miss this counterexample
runner: post-exit group verification/reclamation: pid=34677; elapsedMs=19.511; accepted=true
runner: 1132 test(s), 376.1s of test time; max 28396ms, p90 962ms, median 5ms
runner:   28396ms  WHAT[verification-system-016] npm tool archive installation owns selected complete tools and locked dependencies through publication
runner:   17274ms  WHAT[verification-system-016] selected Node and complete npm bundle preparation binds actual probes without borrowing ambient configuration
runner:    5988ms  WHAT[requirement-grounding-012] separate registered producer and restarted processes replay inline occurrence bytes at their original anchors
runner:    5671ms  WHAT[execution-model-routing-014] seeded bounded admission soak preserves fairness and exact reconciliation after every operation
runner:    4875ms  WHAT[verification-system-016] two actual locked registry packages preserve modes use the selected bundle layout and bind its complete identity after tools cleanup

runner: 1041 passed, 0 failed; 137/137 planned file(s) completed
runner: partial evidence; 19 skipped, 72 TODO; excluded cases are not passes
runner: pending proof prevents complete acceptance
Error: runner: supervised suite failed (exit 1)
    at fail (file:///Users/yuanxi/Workwork/vibe-fs/requirements/verification-system/tests/e2e/support/supervise-node-test.mjs:217:25)
    at superviseOwnedNodeTest (file:///Users/yuanxi/Workwork/vibe-fs/requirements/verification-system/tests/e2e/support/supervise-node-test.mjs:446:5)
    at process.processTicksAndRejections (node:internal/process/task_queues:103:5)
    at async superviseNodeTest (file:///Users/yuanxi/Workwork/vibe-fs/requirements/verification-system/tests/e2e/support/supervise-node-test.mjs:195:14)
    at async file:///Users/yuanxi/Workwork/vibe-fs/requirements/verification-system/tests/run.mjs:94:1 {
  exitCode: 1
}
