▶ WHAT[prefix-stability-003] the registered failure proof rejects production promotion of Failed candidates
  ✔ the production mutant passes registered authority and Host history create the real Blogger request (1478.913167ms)
  ✔ the production mutant passes actual Chronicle execution and Host transcript commit the covered frame (235.344291ms)
  ✔ the production mutant passes native checkpoint tool completion opens the real phase window (287.659125ms)
  ✔ the production mutant passes exact first provider failure establishes the retry budget without promotion (0.284875ms)
  ✔ the production mutant passes admitted retry renders its candidate without changing committed state (0.077625ms)
  ✔ the real retry settlement detects the wrong production promotion (0.447875ms)
  ✔ the production mutant finishes and releases its owned test process (16.912375ms)
✔ WHAT[prefix-stability-003] the registered failure proof rejects production promotion of Failed candidates (2162.875125ms)
✔ WHAT[prefix-stability-003] absent candidate selects the supplied committed snapshot (1.424042ms)
✔ WHAT[prefix-stability-003] CTX_010_a_probe_plan_and_a_committed_plan_are_built_the_same_way (0.483125ms)
✔ WHAT[prefix-stability-003] CTX_010_the_required_blob_follows_the_choice_not_the_committed_state (0.144709ms)
▶ WHAT[prefix-stability-003] an actual admitted retry candidate is discarded on exact provider failure and stays discarded after reopen
  ▶ registered producer commits the covered material
    ✔ registered authority and Host history create the real Blogger request (242.083292ms)
    ✔ actual Chronicle execution and Host transcript commit the covered frame (232.109916ms)
    ✔ native checkpoint tool completion opens the real phase window (25.325958ms)
  ✔ registered producer commits the covered material (503.593375ms)
  ✔ exact first provider failure establishes the retry budget without promotion (97.266792ms)
  ✔ admitted retry renders its candidate without changing committed state (64.132875ms)
  ✔ exact retry failure discards its candidate without a prefix commit or rollback (73.56975ms)
  ✔ reopened journal preserves state and a normal request receives its own admission (63.420125ms)
  ✔ only the new successful provider run commits the later rebase (47.125541ms)
✔ WHAT[prefix-stability-003] an actual admitted retry candidate is discarded on exact provider failure and stays discarded after reopen (1444.900417ms)
ℹ tests 21
ℹ suites 0
ℹ pass 21
ℹ fail 0
ℹ cancelled 0
ℹ skipped 0
ℹ todo 0
ℹ duration_ms 3718.452292
