✔ WHAT[requirement-grounding-006] an actual program file-read failure cannot produce visible read facts (27.273583ms)
✖ WHAT[requirement-grounding-006] a symlink replaced after the actual read preserves the read-time resolved path at observation (7.574125ms)
✔ WHAT[requirement-grounding-006] historical material observations retain their original decode and horizon semantics (50.157459ms)
ℹ tests 3
ℹ suites 0
ℹ pass 2
ℹ fail 1
ℹ cancelled 0
ℹ skipped 0
ℹ todo 0
ℹ duration_ms 240.631416

✖ failing tests:

test at requirements/requirement-grounding/tests/006.test.mjs:205:1
✖ WHAT[requirement-grounding-006] a symlink replaced after the actual read preserves the read-time resolved path at observation (7.574125ms)
  AssertionError [ERR_ASSERTION]: Expected values to be strictly deep-equal:
  + actual - expected
  
    [
      {
        effects: [],
        reads: [
  +       'src/alias.txt'
  -       {
  -         path: '/private/var/folders/g_/3ydzn7kx5lg9ylq8fd9p_13r0000gn/T/wanxiang-grounding-delivery-R9wZKK/src/old.txt',
  -         resultBytes: 'same-bytes\n'
  -       }
        ]
      }
    ]
  
      at TestContext.<anonymous> (file:///Users/yuanxi/Workwork/vibe-fs/requirements/requirement-grounding/tests/006.test.mjs:238:12)
      at async Test.run (node:internal/test_runner/test:1404:7)
      at async Test.processPendingSubtests (node:internal/test_runner/test:969:7) {
    generatedMessage: true,
    code: 'ERR_ASSERTION',
    actual: [ { reads: [Array], effects: [] } ],
    expected: [ { reads: [Array], effects: [] } ],
    operator: 'deepStrictEqual',
    diff: 'simple'
  }
