TAP version 13
# Subtest: WHAT[sphinx-v2-017] unexecuted work cannot publish an answer or its valid batch prefix
not ok 1 - WHAT[sphinx-v2-017] unexecuted work cannot publish an answer or its valid batch prefix
  ---
  duration_ms: 18.061292
  type: 'test'
  location: '/Users/yuanxi/Workwork/vibe-fs/requirements/sphinx-v2/tests/017.test.mjs:159:3'
  failureType: 'testCodeFailure'
  error: 'rejection must come from the answer provenance guard'
  code: 'ERR_ASSERTION'
  name: 'AssertionError'
  expected:
  actual: |-
    Error at: `sphinx-transition@2.events.[1].payload`
    The following `failure` occurred with the decoder: DTO fields are missing or unknown
  operator: 'match'
  stack: |-
    file:///Users/yuanxi/Workwork/vibe-fs/requirements/sphinx-v2/tests/017.test.mjs:168:14
    async withStore (file:///Users/yuanxi/Workwork/vibe-fs/requirements/sphinx-v2/tests/persistence-support.mjs:83:16)
    async TestContext.<anonymous> (file:///Users/yuanxi/Workwork/vibe-fs/requirements/sphinx-v2/tests/017.test.mjs:160:5)
    async Test.run (node:internal/test_runner/test:1054:7)
    async startSubtestAfterBootstrap (node:internal/test_runner/harness:296:3)
  ...
# Subtest: WHAT[sphinx-v2-017] running work cannot publish an answer or its valid batch prefix
not ok 2 - WHAT[sphinx-v2-017] running work cannot publish an answer or its valid batch prefix
  ---
  duration_ms: 7.931416
  type: 'test'
  location: '/Users/yuanxi/Workwork/vibe-fs/requirements/sphinx-v2/tests/017.test.mjs:159:3'
  failureType: 'testCodeFailure'
  error: 'rejection must come from the answer provenance guard'
  code: 'ERR_ASSERTION'
  name: 'AssertionError'
  expected:
  actual: |-
    Error at: `sphinx-transition@2.events.[2].payload`
    The following `failure` occurred with the decoder: DTO fields are missing or unknown
  operator: 'match'
  stack: |-
    file:///Users/yuanxi/Workwork/vibe-fs/requirements/sphinx-v2/tests/017.test.mjs:168:14
    async withStore (file:///Users/yuanxi/Workwork/vibe-fs/requirements/sphinx-v2/tests/persistence-support.mjs:83:16)
    async TestContext.<anonymous> (file:///Users/yuanxi/Workwork/vibe-fs/requirements/sphinx-v2/tests/017.test.mjs:160:5)
    async Test.run (node:internal/test_runner/test:1054:7)
    async Test.processPendingSubtests (node:internal/test_runner/test:744:7)
  ...
# Subtest: WHAT[sphinx-v2-017] failed work cannot publish an answer or its valid batch prefix
not ok 3 - WHAT[sphinx-v2-017] failed work cannot publish an answer or its valid batch prefix
  ---
  duration_ms: 7.542667
  type: 'test'
  location: '/Users/yuanxi/Workwork/vibe-fs/requirements/sphinx-v2/tests/017.test.mjs:159:3'
  failureType: 'testCodeFailure'
  error: 'rejection must come from the answer provenance guard'
  code: 'ERR_ASSERTION'
  name: 'AssertionError'
  expected:
  actual: |-
    Error at: `sphinx-transition@2.events.[3].payload`
    The following `failure` occurred with the decoder: DTO fields are missing or unknown
  operator: 'match'
  stack: |-
    file:///Users/yuanxi/Workwork/vibe-fs/requirements/sphinx-v2/tests/017.test.mjs:168:14
    async withStore (file:///Users/yuanxi/Workwork/vibe-fs/requirements/sphinx-v2/tests/persistence-support.mjs:83:16)
    async TestContext.<anonymous> (file:///Users/yuanxi/Workwork/vibe-fs/requirements/sphinx-v2/tests/017.test.mjs:160:5)
    async Test.run (node:internal/test_runner/test:1054:7)
    async Test.processPendingSubtests (node:internal/test_runner/test:744:7)
  ...
# Subtest: WHAT[sphinx-v2-017] cancelled work cannot publish an answer or its valid batch prefix
not ok 4 - WHAT[sphinx-v2-017] cancelled work cannot publish an answer or its valid batch prefix
  ---
  duration_ms: 4.971708
  type: 'test'
  location: '/Users/yuanxi/Workwork/vibe-fs/requirements/sphinx-v2/tests/017.test.mjs:159:3'
  failureType: 'testCodeFailure'
  error: 'rejection must come from the answer provenance guard'
  code: 'ERR_ASSERTION'
  name: 'AssertionError'
  expected:
  actual: |-
    Error at: `sphinx-transition@2.events.[3].payload`
    The following `failure` occurred with the decoder: DTO fields are missing or unknown
  operator: 'match'
  stack: |-
    file:///Users/yuanxi/Workwork/vibe-fs/requirements/sphinx-v2/tests/017.test.mjs:168:14
    async withStore (file:///Users/yuanxi/Workwork/vibe-fs/requirements/sphinx-v2/tests/persistence-support.mjs:83:16)
    async TestContext.<anonymous> (file:///Users/yuanxi/Workwork/vibe-fs/requirements/sphinx-v2/tests/017.test.mjs:160:5)
    async Test.run (node:internal/test_runner/test:1054:7)
    async Test.processPendingSubtests (node:internal/test_runner/test:744:7)
  ...
# Subtest: WHAT[sphinx-v2-017] success tagged with a different attempt cannot publish an answer or its valid batch prefix
not ok 5 - WHAT[sphinx-v2-017] success tagged with a different attempt cannot publish an answer or its valid batch prefix
  ---
  duration_ms: 4.519459
  type: 'test'
  location: '/Users/yuanxi/Workwork/vibe-fs/requirements/sphinx-v2/tests/017.test.mjs:159:3'
  failureType: 'testCodeFailure'
  error: 'rejection must come from the answer provenance guard'
  code: 'ERR_ASSERTION'
  name: 'AssertionError'
  expected:
  actual: |-
    Error at: `sphinx-transition@2.events.[3].payload`
    The following `failure` occurred with the decoder: DTO fields are missing or unknown
  operator: 'match'
  stack: |-
    file:///Users/yuanxi/Workwork/vibe-fs/requirements/sphinx-v2/tests/017.test.mjs:168:14
    async withStore (file:///Users/yuanxi/Workwork/vibe-fs/requirements/sphinx-v2/tests/persistence-support.mjs:83:16)
    async TestContext.<anonymous> (file:///Users/yuanxi/Workwork/vibe-fs/requirements/sphinx-v2/tests/017.test.mjs:160:5)
    async Test.run (node:internal/test_runner/test:1054:7)
    async Test.processPendingSubtests (node:internal/test_runner/test:744:7)
  ...
1..5
# tests 5
# suites 0
# pass 0
# fail 5
# cancelled 0
# skipped 0
# todo 0
# duration_ms 213.625125
