TAP version 13
# Subtest: WHAT[sphinx-v2-017] an unexecuted work cannot publish an answer in a canonical batch
not ok 1 - WHAT[sphinx-v2-017] an unexecuted work cannot publish an answer in a canonical batch
  ---
  duration_ms: 19.03225
  type: 'test'
  location: '/Users/yuanxi/Workwork/vibe-fs/requirements/sphinx-v2/tests/017.test.mjs:80:1'
  failureType: 'testCodeFailure'
  error: |-
    canonical fold must reject an answer from work that never succeeded
    
    true !== false
    
  code: 'ERR_ASSERTION'
  name: 'AssertionError'
  expected: false
  actual: true
  operator: 'strictEqual'
  stack: |-
    file:///Users/yuanxi/Workwork/vibe-fs/requirements/sphinx-v2/tests/017.test.mjs:90:12
    async withStore (file:///Users/yuanxi/Workwork/vibe-fs/requirements/sphinx-v2/tests/persistence-support.mjs:83:16)
    async TestContext.<anonymous> (file:///Users/yuanxi/Workwork/vibe-fs/requirements/sphinx-v2/tests/017.test.mjs:81:3)
    async Test.run (node:internal/test_runner/test:1054:7)
    async startSubtestAfterBootstrap (node:internal/test_runner/harness:296:3)
  ...
1..1
# tests 1
# suites 0
# pass 0
# fail 1
# cancelled 0
# skipped 0
# todo 0
# duration_ms 179.852042
