TAP version 13
# Subtest: WHAT[repository-programming-014] JS_EDIT_target_read_is_observed_and_external_change_wins
ok 1 - WHAT[repository-programming-014] JS_EDIT_target_read_is_observed_and_external_change_wins
  ---
  duration_ms: 25.146541
  type: 'test'
  ...
# Subtest: WHAT[repository-programming-014] JS014_commitPlan_rejects_a_create_race_without_overwriting
ok 2 - WHAT[repository-programming-014] JS014_commitPlan_rejects_a_create_race_without_overwriting
  ---
  duration_ms: 0.816417
  type: 'test'
  ...
# Subtest: WHAT[repository-programming-014] JS014_commitPlan_rejects_a_stale_rewrite_without_overwriting
ok 3 - WHAT[repository-programming-014] JS014_commitPlan_rejects_a_stale_rewrite_without_overwriting
  ---
  duration_ms: 0.505208
  type: 'test'
  ...
# Subtest: WHAT[repository-programming-014] JS014_stale_rewrite_is_a_conflict_with_no_retry
ok 4 - WHAT[repository-programming-014] JS014_stale_rewrite_is_a_conflict_with_no_retry
  ---
  duration_ms: 0.217542
  type: 'test'
  ...
# Subtest: WHAT[repository-programming-014] JS014_preflight_covers_read_only_snapshots_and_create_absence
ok 5 - WHAT[repository-programming-014] JS014_preflight_covers_read_only_snapshots_and_create_absence
  ---
  duration_ms: 0.397625
  type: 'test'
  ...
# Subtest: WHAT[repository-programming-014] JS014_workflow_rejects_a_changed_read_only_dependency
ok 6 - WHAT[repository-programming-014] JS014_workflow_rejects_a_changed_read_only_dependency
  ---
  duration_ms: 9.753333
  type: 'test'
  ...
# Subtest: WHAT[repository-programming-014] JS014_workflow_rejects_a_create_target_added_after_staging
ok 7 - WHAT[repository-programming-014] JS014_workflow_rejects_a_create_target_added_after_staging
  ---
  duration_ms: 25.432459
  type: 'test'
  ...
# Subtest: WHAT[repository-programming-014] JS014_workflow_tracks_every_file_scanned_by_grep
ok 8 - WHAT[repository-programming-014] JS014_workflow_tracks_every_file_scanned_by_grep
  ---
  duration_ms: 17.271375
  type: 'test'
  ...
# Subtest: WHAT[requirement-grounding-006] an unclassified native read wrapper conservatively keeps the complete material eligible
ok 9 - WHAT[requirement-grounding-006] an unclassified native read wrapper conservatively keeps the complete material eligible
  ---
  duration_ms: 124.826125
  type: 'test'
  ...
# Subtest: WHAT[requirement-grounding-006] deduplicates material content versions and re-grounds only the changed Markdown sibling
ok 10 - WHAT[requirement-grounding-006] deduplicates material content versions and re-grounds only the changed Markdown sibling
  ---
  duration_ms: 80.588375
  type: 'test'
  ...
# Subtest: WHAT[requirement-grounding-006] reanchor_resets_horizon_coverage_so_the_same_digest_must_ground_again
ok 11 - WHAT[requirement-grounding-006] reanchor_resets_horizon_coverage_so_the_same_digest_must_ground_again
  ---
  duration_ms: 58.563959
  type: 'test'
  ...
# Subtest: WHAT[requirement-grounding-006] a read returning old bytes does not mark the newer disk version visible
ok 12 - WHAT[requirement-grounding-006] a read returning old bytes does not mark the newer disk version visible
  ---
  duration_ms: 36.629333
  type: 'test'
  ...
# Subtest: WHAT[requirement-grounding-006] a partial returned read does not mark the complete disk material visible
ok 13 - WHAT[requirement-grounding-006] a partial returned read does not mark the complete disk material visible
  ---
  duration_ms: 47.941334
  type: 'test'
  ...
# Subtest: WHAT[requirement-grounding-006] a non-content native observation protocol input does not mint a successful read fact
ok 14 - WHAT[requirement-grounding-006] a non-content native observation protocol input does not mint a successful read fact
  ---
  duration_ms: 20.081166
  type: 'test'
  ...
# Subtest: WHAT[requirement-grounding-006] an actual program file-read failure cannot produce visible read facts
ok 15 - WHAT[requirement-grounding-006] an actual program file-read failure cannot produce visible read facts
  ---
  duration_ms: 27.158667
  type: 'test'
  ...
# Subtest: WHAT[requirement-grounding-006] a symlink replaced after the actual read preserves the read-time resolved path at observation
ok 16 - WHAT[requirement-grounding-006] a symlink replaced after the actual read preserves the read-time resolved path at observation
  ---
  duration_ms: 8.918292
  type: 'test'
  ...
# Subtest: WHAT[requirement-grounding-006] an actual file read through an outside-workspace symlink is denied without an observation
ok 17 - WHAT[requirement-grounding-006] an actual file read through an outside-workspace symlink is denied without an observation
  ---
  duration_ms: 12.302666
  type: 'test'
  ...
# Subtest: WHAT[requirement-grounding-006] actual pinned native read output cannot honestly establish complete original file bytes
ok 18 - WHAT[requirement-grounding-006] actual pinned native read output cannot honestly establish complete original file bytes # SKIP integration tier not enabled
  ---
  duration_ms: 0.280833
  type: 'test'
  ...
# Subtest: WHAT[requirement-grounding-006] registered program grep keeps scan freshness without claiming explicit visible file contents
ok 19 - WHAT[requirement-grounding-006] registered program grep keeps scan freshness without claiming explicit visible file contents
  ---
  duration_ms: 1133.802583
  type: 'test'
  ...
# Subtest: WHAT[requirement-grounding-006] registered complete file reads preserve exact versions, deduplicate, replay, and reset after reanchor
ok 20 - WHAT[requirement-grounding-006] registered complete file reads preserve exact versions, deduplicate, replay, and reset after reanchor
  ---
  duration_ms: 371.404417
  type: 'test'
  ...
# Subtest: WHAT[requirement-grounding-006] historical material observations retain their original decode and horizon semantics
ok 21 - WHAT[requirement-grounding-006] historical material observations retain their original decode and horizon semantics
  ---
  duration_ms: 60.864292
  type: 'test'
  ...
# Subtest: WHAT[sphinx-v2-017] stop reasons stay distinguishable
ok 22 - WHAT[sphinx-v2-017] stop reasons stay distinguishable
  ---
  duration_ms: 0.48125
  type: 'test'
  ...
# Subtest: WHAT[sphinx-v2-017] a newly created inquiry classifies as having no runnable work
ok 23 - WHAT[sphinx-v2-017] a newly created inquiry classifies as having no runnable work
  ---
  duration_ms: 1.305375
  type: 'test'
  ...
# Subtest: WHAT[sphinx-v2-017] runtime completion requires an accepted renderer result and durable AnswerCommitted
ok 24 - WHAT[sphinx-v2-017] runtime completion requires an accepted renderer result and durable AnswerCommitted # TODO
  ---
  duration_ms: 0.089167
  type: 'test'
  ...
# Subtest: WHAT[sphinx-v2-017] unexecuted work cannot publish an answer or its valid batch prefix
ok 25 - WHAT[sphinx-v2-017] unexecuted work cannot publish an answer or its valid batch prefix
  ---
  duration_ms: 45.383875
  type: 'test'
  ...
# Subtest: WHAT[sphinx-v2-017] running work cannot publish an answer or its valid batch prefix
ok 26 - WHAT[sphinx-v2-017] running work cannot publish an answer or its valid batch prefix
  ---
  duration_ms: 25.002625
  type: 'test'
  ...
# Subtest: WHAT[sphinx-v2-017] failed work cannot publish an answer or its valid batch prefix
ok 27 - WHAT[sphinx-v2-017] failed work cannot publish an answer or its valid batch prefix
  ---
  duration_ms: 21.358125
  type: 'test'
  ...
# Subtest: WHAT[sphinx-v2-017] cancelled work cannot publish an answer or its valid batch prefix
ok 28 - WHAT[sphinx-v2-017] cancelled work cannot publish an answer or its valid batch prefix
  ---
  duration_ms: 22.745541
  type: 'test'
  ...
# Subtest: WHAT[sphinx-v2-017] success tagged with a different attempt cannot publish an answer or its valid batch prefix
ok 29 - WHAT[sphinx-v2-017] success tagged with a different attempt cannot publish an answer or its valid batch prefix
  ---
  duration_ms: 17.877208
  type: 'test'
  ...
# Subtest: WHAT[sphinx-v2-017] missing accepted observation cannot publish an answer or its valid batch prefix
ok 30 - WHAT[sphinx-v2-017] missing accepted observation cannot publish an answer or its valid batch prefix
  ---
  duration_ms: 13.492334
  type: 'test'
  ...
# Subtest: WHAT[sphinx-v2-017] another successful work observation cannot publish an answer or its valid batch prefix
ok 31 - WHAT[sphinx-v2-017] another successful work observation cannot publish an answer or its valid batch prefix
  ---
  duration_ms: 23.71075
  type: 'test'
  ...
# Subtest: WHAT[sphinx-v2-017] accepted result with a different output schema cannot publish an answer or its valid batch prefix
ok 32 - WHAT[sphinx-v2-017] accepted result with a different output schema cannot publish an answer or its valid batch prefix
  ---
  duration_ms: 18.688709
  type: 'test'
  ...
# Subtest: WHAT[sphinx-v2-017] an answer preserves its exact successful work and accepted result after a cold reopen
ok 33 - WHAT[sphinx-v2-017] an answer preserves its exact successful work and accepted result after a cold reopen
  ---
  duration_ms: 37.061208
  type: 'test'
  ...
# Subtest: WHAT[sphinx-v2-019] an older answer without an observation reference is a durable strict DTO cut
ok 34 - WHAT[sphinx-v2-019] an older answer without an observation reference is a durable strict DTO cut
  ---
  duration_ms: 17.055
  type: 'test'
  ...
# Subtest: WHAT[sphinx-v2-019] a rejected multi-body preparation never publishes its valid prefix
ok 35 - WHAT[sphinx-v2-019] a rejected multi-body preparation never publishes its valid prefix
  ---
  duration_ms: 22.730375
  type: 'test'
  ...
# Subtest: WHAT[sphinx-v2-019] an unknown body after a valid body produces a durable semantic cut and no partial Current even after reopen
ok 36 - WHAT[sphinx-v2-019] an unknown body after a valid body produces a durable semantic cut and no partial Current even after reopen
  ---
  duration_ms: 20.067833
  type: 'test'
  ...
# Subtest: WHAT[sphinx-v2-019] internal and external parent edges must agree and foreign valid history is not silently used as the base
ok 37 - WHAT[sphinx-v2-019] internal and external parent edges must agree and foreign valid history is not silently used as the base
  ---
  duration_ms: 33.651917
  type: 'test'
  ...
# Subtest: WHAT[sphinx-v2-019] an absent outer parent is StorageInvalid and cannot publish any transition
ok 38 - WHAT[sphinx-v2-019] an absent outer parent is StorageInvalid and cannot publish any transition
  ---
  duration_ms: 24.050041
  type: 'test'
  ...
# Subtest: WHAT[sphinx-v2-019] identical event identity with changed payload is a storage collision rather than a rewrite
ok 39 - WHAT[sphinx-v2-019] identical event identity with changed payload is a storage collision rather than a rewrite
  ---
  duration_ms: 18.454667
  type: 'test'
  ...
# Subtest: WHAT[sphinx-v2-019] legal same-parent forks preserve both writers and canonical Current refuses to pick a winner
ok 40 - WHAT[sphinx-v2-019] legal same-parent forks preserve both writers and canonical Current refuses to pick a winner
  ---
  duration_ms: 57.307042
  type: 'test'
  ...
# Subtest: WHAT[sphinx-v2-019] a later legitimate child of an accepted ancestor is not rejected by a global last-state check
ok 41 - WHAT[sphinx-v2-019] a later legitimate child of an accepted ancestor is not rejected by a global last-state check
  ---
  duration_ms: 27.659667
  type: 'test'
  ...
# Subtest: WHAT[sphinx-v2-019] post-state verification checks actual complete state, not array sizes or the old incomplete stateHash
ok 42 - WHAT[sphinx-v2-019] post-state verification checks actual complete state, not array sizes or the old incomplete stateHash
  ---
  duration_ms: 31.58675
  type: 'test'
  ...
# Subtest: WHAT[sphinx-v2-019] canonical replay honors the parent when a child identity sorts before it
ok 43 - WHAT[sphinx-v2-019] canonical replay honors the parent when a child identity sorts before it
  ---
  duration_ms: 21.675167
  type: 'test'
  ...
# Subtest: WHAT[sphinx-v2-019] strict ingress rejects malformed fields and arrays without silently dropping them
ok 44 - WHAT[sphinx-v2-019] strict ingress rejects malformed fields and arrays without silently dropping them
  ---
  duration_ms: 1.561125
  type: 'test'
  ...
# Subtest: WHAT[sphinx-v2-019] frozen @1 material is preserved and explicitly cut, never silently restored as an empty inquiry
ok 45 - WHAT[sphinx-v2-019] frozen @1 material is preserved and explicitly cut, never silently restored as an empty inquiry
  ---
  duration_ms: 6.42475
  type: 'test'
  ...
# Subtest: WHAT[sphinx-v2-019] creation and multi-body work transition append atomically at one revision and survive a new writer
ok 46 - WHAT[sphinx-v2-019] creation and multi-body work transition append atomically at one revision and survive a new writer
  ---
  duration_ms: 18.501541
  type: 'test'
  ...
# Subtest: WHAT[sphinx-v2-019] cancellation and a late cancel remain honest across writer close and canonical cold replay
ok 47 - WHAT[sphinx-v2-019] cancellation and a late cancel remain honest across writer close and canonical cold replay
  ---
  duration_ms: 23.300875
  type: 'test'
  ...
# Subtest: WHAT[sphinx-v2-019] all 30 body cases cross real encoding append and new-writer canonical replay without losing public DTO fields
ok 48 - WHAT[sphinx-v2-019] all 30 body cases cross real encoding append and new-writer canonical replay without losing public DTO fields
  ---
  duration_ms: 411.90275
  type: 'test'
  ...
1..48
# tests 48
# suites 0
# pass 46
# fail 0
# cancelled 0
# skipped 1
# todo 1
# duration_ms 2235.619417
