▶ WHAT[prefix-stability-003] the registered failure proof rejects production promotion of Failed candidates
  ✔ the production mutant passes registered authority and Host history create the real Blogger request (15074.957625ms)
  ✔ the production mutant passes actual Chronicle execution and Host transcript commit the covered frame (1663.630292ms)
  ✔ the production mutant passes native checkpoint tool completion opens the real phase window (3.319083ms)
  ✔ the production mutant passes exact first provider failure establishes the retry budget without promotion (3.008208ms)
  ✔ the production mutant passes admitted retry renders its candidate without changing committed state (0.731792ms)

Interrupted while running:

⚠ requirements/prefix-stability/tests/003.test.mjs (requirements/prefix-stability/tests/003.test.mjs:1:1)
✖ requirements/prefix-stability/tests/003.test.mjs (109098.383833ms)
ℹ tests 6
ℹ suites 0
ℹ pass 5
ℹ fail 0
ℹ cancelled 1
ℹ skipped 0
ℹ todo 0
ℹ duration_ms 109127.935125

✖ failing tests:

test at requirements/prefix-stability/tests/003.test.mjs:1:1
✖ requirements/prefix-stability/tests/003.test.mjs (109098.383833ms)
  'Promise resolution is still pending but the event loop has already resolved'
