▶ WHAT[prefix-stability-003] the registered failure proof rejects production promotion of Failed candidates
  ✔ the production mutant passes registered authority and Host history create the real Blogger request (1340.285958ms)
  ✔ the production mutant passes actual Chronicle execution and Host transcript commit the covered frame (252.945625ms)
  ✔ the production mutant passes native checkpoint tool completion opens the real phase window (309.867583ms)
  ✔ the production mutant passes exact first provider failure establishes the retry budget without promotion (0.280334ms)
  ✔ the production mutant passes admitted retry renders its candidate without changing committed state (0.070334ms)
  ✔ the real retry settlement detects the wrong production promotion (0.957375ms)
  ✔ the production mutant finishes and releases its owned test process (18.408375ms)
✔ WHAT[prefix-stability-003] the registered failure proof rejects production promotion of Failed candidates (2035.934791ms)
✔ WHAT[prefix-stability-003] absent candidate selects the supplied committed snapshot (1.512291ms)
✔ WHAT[prefix-stability-003] CTX_010_a_probe_plan_and_a_committed_plan_are_built_the_same_way (0.566209ms)
✔ WHAT[prefix-stability-003] CTX_010_the_required_blob_follows_the_choice_not_the_committed_state (0.161875ms)
▶ WHAT[prefix-stability-003] an actual admitted retry candidate is discarded on exact provider failure and stays discarded after reopen
  ▶ registered producer commits the covered material
    ✔ registered authority and Host history create the real Blogger request (274.144583ms)
    ✔ actual Chronicle execution and Host transcript commit the covered frame (236.398375ms)
    ✔ native checkpoint tool completion opens the real phase window (12.413875ms)
  ✔ registered producer commits the covered material (525.10625ms)
  ✔ exact first provider failure establishes the retry budget without promotion (83.111584ms)
  ✔ admitted retry renders its candidate without changing committed state (68.98875ms)
  ✔ exact retry failure discards its candidate without a prefix commit or rollback (81.978375ms)
  ✔ reopened journal preserves state and a normal request receives its own admission (77.075708ms)
  ✔ only the new successful provider run commits the later rebase (64.171125ms)
✔ WHAT[prefix-stability-003] an actual admitted retry candidate is discarded on exact provider failure and stays discarded after reopen (1587.023042ms)
✔ WHAT[prefix-stability-012] invalid later prefix facts leave the supplied committed projection unchanged (1.659959ms)
▶ WHAT[prefix-stability-012] a registered committed rebase survives later Failed, journal reopen and a new legitimate request
  ✔ registered authority and Host history create the real Blogger request (318.04225ms)
  ✔ actual Chronicle execution and Host transcript commit the covered frame (259.930291ms)
  ✔ native checkpoint tool completion opens the real phase window (9.951916ms)
  ✔ registered successful provider attempt durably commits its own rebase (117.840166ms)
  ✔ new admitted attempt reaches exact Failed settlement without changing committed prefix facts (195.949666ms)
  ✔ cold journal replay preserves the original boundary and the next legitimate request (84.220833ms)
✔ WHAT[prefix-stability-012] a registered committed rebase survives later Failed, journal reopen and a new legitimate request (2109.802208ms)
▶ WHAT[prefix-stability-012] a registered committed rebase survives later Aborted, journal reopen and a new legitimate request
  ✔ registered authority and Host history create the real Blogger request (220.324ms)
  ✔ actual Chronicle execution and Host transcript commit the covered frame (225.160125ms)
  ✔ native checkpoint tool completion opens the real phase window (8.486083ms)
  ✔ registered successful provider attempt durably commits its own rebase (122.996834ms)
  ✔ new admitted attempt reaches exact Aborted settlement without changing committed prefix facts (91.829208ms)
  ✔ cold journal replay preserves the original boundary and the next legitimate request (72.269042ms)
✔ WHAT[prefix-stability-012] a registered committed rebase survives later Aborted, journal reopen and a new legitimate request (1028.265875ms)
▶ WHAT[prefix-stability-012] a registered committed reanchor survives later Failed, journal reopen and a new legitimate request
  ✔ registered authority and Host history create the real Blogger request (233.959208ms)
  ✔ actual Chronicle execution and Host transcript commit the covered frame (232.966041ms)
  ✔ native checkpoint tool completion opens the real phase window (9.92475ms)
  ✔ registered successful provider attempt durably commits its own rebase (126.199625ms)
  ✔ the pending real Blogger request commits coverage beyond the existing rebase (183.089584ms)
  ✔ fresh real producer coverage lets normal exact reconciliation settle before manual compaction (100.904625ms)
  ✔ Host snapshot observer commits the real compaction reanchor (96.981125ms)
  ✔ new admitted attempt reaches exact Failed settlement without changing committed prefix facts (258.736667ms)
  ✔ cold journal replay preserves the original boundary and the next legitimate request (78.1225ms)
✔ WHAT[prefix-stability-012] a registered committed reanchor survives later Failed, journal reopen and a new legitimate request (1597.505125ms)
▶ WHAT[prefix-stability-012] a registered committed reanchor survives later Aborted, journal reopen and a new legitimate request
  ✔ registered authority and Host history create the real Blogger request (210.96775ms)
  ✔ actual Chronicle execution and Host transcript commit the covered frame (218.501792ms)
  ✔ native checkpoint tool completion opens the real phase window (8.102584ms)
  ✔ registered successful provider attempt durably commits its own rebase (102.131625ms)
  ✔ the pending real Blogger request commits coverage beyond the existing rebase (180.982083ms)
  ✔ fresh real producer coverage lets normal exact reconciliation settle before manual compaction (104.071958ms)
  ✔ Host snapshot observer commits the real compaction reanchor (99.912625ms)
  ✔ new admitted attempt reaches exact Aborted settlement without changing committed prefix facts (174.585459ms)
  ✔ cold journal replay preserves the original boundary and the next legitimate request (76.902625ms)
✔ WHAT[prefix-stability-012] a registered committed reanchor survives later Aborted, journal reopen and a new legitimate request (1461.645334ms)
ℹ tests 56
ℹ suites 0
ℹ pass 56
ℹ fail 0
ℹ cancelled 0
ℹ skipped 0
ℹ todo 0
ℹ duration_ms 6281.904333
