runner: scoped 使用 TESTS_MJS_FILES=10 files
runner: build is current (1796 sources, 885 artifacts)
runner: discovery OVERRIDDEN by TESTS_MJS_FILES (10 file(s))
runner: 10 test file(s), 5000ms verdict-silence window
WATCHDOG: 'tests/unit' silent for 5018ms (limit 5000ms); 12 blocking progress update(s), last progress: test:complete:/Users/yuanxi/Workwork/vibe-fs/requirements/relay-context-projection/tests/009.test.mjs lane=/Users/yuanxi/Workwork/vibe-fs/requirements/relay-context-projection/tests/009.test.mjs expectation=none
WATCHDOG: background progress 5022ms ago: test:diagnostic lane=/Users/yuanxi/Workwork/vibe-fs/requirements/relay-context-projection/tests/009.test.mjs (32 background update(s), none of them renewals)
runner: 6 file(s) had not reported completion
runner: file streams: 4 drained, 6 active, 0 queued
runner: active file requirements/relay-context-projection/tests/001.test.mjs; waiting for stream drain; last verdict: none received
runner: active file requirements/relay-context-projection/tests/002.test.mjs; waiting for stream drain; last verdict: none received
runner: active file requirements/relay-context-projection/tests/005.test.mjs; waiting for stream drain; last verdict: none received
runner: active file requirements/relay-context-projection/tests/006.test.mjs; waiting for stream drain; last verdict: none received
runner: active file requirements/relay-context-projection/tests/008.test.mjs; waiting for stream drain; last verdict: none received
runner: active file requirements/host-boundary/tests/019.test.mjs; waiting for stream drain; last verdict: none received
runner: verdict counts unavailable; no authoritative summary before the silence
runner: post-exit group verification/reclamation: pid=8039; elapsedMs=133.488; accepted=true

runner: verdict counts unavailable; no authoritative summary; 4/10 planned file(s) completed
Error: runner: supervised suite failed (exit 1)
    at fail (file:///Users/yuanxi/Workwork/vibe-fs/requirements/verification-system/tests/e2e/support/supervise-node-test.mjs:217:25)
    at superviseOwnedNodeTest (file:///Users/yuanxi/Workwork/vibe-fs/requirements/verification-system/tests/e2e/support/supervise-node-test.mjs:393:39)
    at process.processTicksAndRejections (node:internal/process/task_queues:103:5)
    at async superviseNodeTest (file:///Users/yuanxi/Workwork/vibe-fs/requirements/verification-system/tests/e2e/support/supervise-node-test.mjs:195:14)
    at async file:///Users/yuanxi/Workwork/vibe-fs/requirements/verification-system/tests/run.mjs:94:1 {
  exitCode: 1
}
