✖ WHAT[requirement-grounding-006] an actual program file-read failure cannot produce visible read facts (24.107541ms)
ℹ tests 1
ℹ suites 0
ℹ pass 0
ℹ fail 1
ℹ cancelled 0
ℹ skipped 0
ℹ todo 0
ℹ duration_ms 187.26725

✖ failing tests:

test at requirements/requirement-grounding/tests/006.test.mjs:191:1
✖ WHAT[requirement-grounding-006] an actual program file-read failure cannot produce visible read facts (24.107541ms)
  AssertionError [ERR_ASSERTION]: Expected values to be strictly equal:
  + actual - expected
  
  + 'unknown'
  - 'program_failed'
  
      at TestContext.<anonymous> (file:///Users/yuanxi/Workwork/vibe-fs/requirements/requirement-grounding/tests/006.test.mjs:197:12)
      at async Test.run (node:internal/test_runner/test:1404:7)
      at async startSubtestAfterBootstrap (node:internal/test_runner/harness:387:3) {
    generatedMessage: true,
    code: 'ERR_ASSERTION',
    actual: 'unknown',
    expected: 'program_failed',
    operator: 'strictEqual',
    diff: 'simple'
  }
