✖ WHAT[requirement-grounding-006] a read returning old bytes does not mark the newer disk version visible (66.917166ms)
✖ WHAT[requirement-grounding-006] a partial returned read does not mark the complete disk material visible (35.167625ms)
✖ WHAT[requirement-grounding-006] registered program grep keeps scan freshness without claiming explicit visible file contents (1065.3535ms)
ℹ tests 3
ℹ suites 0
ℹ pass 0
ℹ fail 3
ℹ cancelled 0
ℹ skipped 0
ℹ todo 0
ℹ duration_ms 1386.880125

✖ failing tests:

test at requirements/requirement-grounding/tests/006.test.mjs:115:1
✖ WHAT[requirement-grounding-006] a read returning old bytes does not mark the newer disk version visible (66.917166ms)
  AssertionError [ERR_ASSERTION]: The expression evaluated to a falsy value:
  
    assert.ok(result.value.at(-1).parts[0].state.output.includes('what-v2'))
  
      at TestContext.<anonymous> (file:///Users/yuanxi/Workwork/vibe-fs/requirements/requirement-grounding/tests/006.test.mjs:125:12)
      at async Test.run (node:internal/test_runner/test:1404:7)
      at async startSubtestAfterBootstrap (node:internal/test_runner/harness:387:3) {
    generatedMessage: true,
    code: 'ERR_ASSERTION',
    actual: false,
    expected: true,
    operator: '==',
    diff: 'simple'
  }

test at requirements/requirement-grounding/tests/006.test.mjs:132:1
✖ WHAT[requirement-grounding-006] a partial returned read does not mark the complete disk material visible (35.167625ms)
  AssertionError [ERR_ASSERTION]: a partial read cannot suppress the complete material
      at TestContext.<anonymous> (file:///Users/yuanxi/Workwork/vibe-fs/requirements/requirement-grounding/tests/006.test.mjs:141:12)
      at async Test.run (node:internal/test_runner/test:1404:7)
      at async Test.processPendingSubtests (node:internal/test_runner/test:969:7) {
    generatedMessage: false,
    code: 'ERR_ASSERTION',
    actual: false,
    expected: true,
    operator: '==',
    diff: 'simple'
  }

test at requirements/requirement-grounding/tests/006.test.mjs:149:1
✖ WHAT[requirement-grounding-006] registered program grep keeps scan freshness without claiming explicit visible file contents (1065.3535ms)
  AssertionError [ERR_ASSERTION]: grep must not mint a complete material observation
  
  true !== false
  
      at file:///Users/yuanxi/Workwork/vibe-fs/requirements/requirement-grounding/tests/006.test.mjs:165:12
      at async withExecutablePlugin (file:///Users/yuanxi/Workwork/vibe-fs/requirements/verification-system/tests/support/plugin-fixture.mjs:276:7)
      at async TestContext.<anonymous> (file:///Users/yuanxi/Workwork/vibe-fs/requirements/requirement-grounding/tests/006.test.mjs:151:3)
      at async Test.run (node:internal/test_runner/test:1404:7)
      at async Test.processPendingSubtests (node:internal/test_runner/test:969:7) {
    generatedMessage: false,
    code: 'ERR_ASSERTION',
    actual: true,
    expected: false,
    operator: 'strictEqual',
    diff: 'simple'
  }
