▶ WHAT[prefix-stability-003] the registered failure proof rejects production promotion of Failed candidates
  ✔ the production mutant passes registered authority and Host history create the real Blogger request (1249.491709ms)
  ✔ the production mutant passes actual Chronicle execution and Host transcript commit the covered frame (229.219167ms)
  ✔ the production mutant passes native checkpoint tool completion opens the real phase window (277.366125ms)
  ✔ the production mutant passes exact first provider failure establishes the retry budget without promotion (0.274375ms)
  ✔ the production mutant passes admitted retry renders its candidate without changing committed state (0.071708ms)
  ✔ the real retry settlement detects the wrong production promotion (0.443416ms)
  ✔ the production mutant finishes and releases its owned test process (19.344917ms)
✔ WHAT[prefix-stability-003] the registered failure proof rejects production promotion of Failed candidates (1886.629125ms)
✔ WHAT[prefix-stability-003] absent candidate selects the supplied committed snapshot (1.412084ms)
✔ WHAT[prefix-stability-003] CTX_010_a_probe_plan_and_a_committed_plan_are_built_the_same_way (0.523917ms)
✔ WHAT[prefix-stability-003] CTX_010_the_required_blob_follows_the_choice_not_the_committed_state (0.154375ms)
▶ WHAT[prefix-stability-003] an actual admitted retry candidate is discarded on exact provider failure and stays discarded after reopen
  ▶ registered producer commits the covered material
    ✔ registered authority and Host history create the real Blogger request (259.021708ms)
    ✔ actual Chronicle execution and Host transcript commit the covered frame (247.193583ms)
    ✔ native checkpoint tool completion opens the real phase window (10.642917ms)
  ✔ registered producer commits the covered material (518.758ms)
  ✔ exact first provider failure establishes the retry budget without promotion (105.187042ms)
  ✔ admitted retry renders its candidate without changing committed state (67.793792ms)
  ✔ exact retry failure discards its candidate without a prefix commit or rollback (77.886125ms)
  ✔ reopened journal preserves state and a normal request receives its own admission (77.526584ms)
  ✔ only the new successful provider run commits the later rebase (61.504875ms)
✔ WHAT[prefix-stability-003] an actual admitted retry candidate is discarded on exact provider failure and stays discarded after reopen (1495.942875ms)
✔ WHAT[prefix-stability-012] invalid later prefix facts leave the supplied committed projection unchanged (1.68675ms)
▶ WHAT[prefix-stability-012] a registered committed rebase survives later Failed, journal reopen and a new legitimate request
  ✔ registered authority and Host history create the real Blogger request (303.715709ms)
  ✔ actual Chronicle execution and Host transcript commit the covered frame (248.311958ms)
  ✔ native checkpoint tool completion opens the real phase window (9.310334ms)
  ✔ registered successful provider attempt durably commits its own rebase (111.394667ms)
  ✔ new admitted attempt reaches exact Failed settlement without changing committed prefix facts (191.137333ms)
  ✔ cold journal replay preserves the original boundary and the next legitimate request (77.76725ms)
✔ WHAT[prefix-stability-012] a registered committed rebase survives later Failed, journal reopen and a new legitimate request (2015.1015ms)
▶ WHAT[prefix-stability-012] a registered committed rebase survives later Aborted, journal reopen and a new legitimate request
  ✔ registered authority and Host history create the real Blogger request (221.419583ms)
  ✔ actual Chronicle execution and Host transcript commit the covered frame (228.298625ms)
  ✔ native checkpoint tool completion opens the real phase window (11.478583ms)
  ✔ registered successful provider attempt durably commits its own rebase (121.99025ms)
  ✔ new admitted attempt reaches exact Aborted settlement without changing committed prefix facts (77.9945ms)
  ✔ cold journal replay preserves the original boundary and the next legitimate request (88.116792ms)
✔ WHAT[prefix-stability-012] a registered committed rebase survives later Aborted, journal reopen and a new legitimate request (1027.528459ms)
▶ WHAT[prefix-stability-012] a registered committed reanchor survives later Failed, journal reopen and a new legitimate request
  ✔ registered authority and Host history create the real Blogger request (242.169583ms)
  ✔ actual Chronicle execution and Host transcript commit the covered frame (221.550958ms)
  ✔ native checkpoint tool completion opens the real phase window (7.388209ms)
  ✔ registered successful provider attempt durably commits its own rebase (96.6045ms)
  ✔ the pending real Blogger request commits coverage beyond the existing rebase (176.882583ms)
  ✔ fresh real producer coverage lets normal exact reconciliation settle before manual compaction (105.616542ms)
  ✔ Host snapshot observer commits the real compaction reanchor (101.092209ms)
  ✔ new admitted attempt reaches exact Failed settlement without changing committed prefix facts (253.482916ms)
  ✔ cold journal replay preserves the original boundary and the next legitimate request (94.962875ms)
✔ WHAT[prefix-stability-012] a registered committed reanchor survives later Failed, journal reopen and a new legitimate request (1633.119ms)
▶ WHAT[prefix-stability-012] a registered committed reanchor survives later Aborted, journal reopen and a new legitimate request
  ✔ registered authority and Host history create the real Blogger request (226.619041ms)
  ✔ actual Chronicle execution and Host transcript commit the covered frame (223.257875ms)
  ✔ native checkpoint tool completion opens the real phase window (12.473875ms)
  ✔ registered successful provider attempt durably commits its own rebase (119.46575ms)
  ✔ the pending real Blogger request commits coverage beyond the existing rebase (184.93125ms)
  ✔ fresh real producer coverage lets normal exact reconciliation settle before manual compaction (108.944583ms)
  ✔ Host snapshot observer commits the real compaction reanchor (105.130958ms)
  ✔ new admitted attempt reaches exact Aborted settlement without changing committed prefix facts (165.568958ms)
  ✔ cold journal replay preserves the original boundary and the next legitimate request (78.156292ms)
✔ WHAT[prefix-stability-012] a registered committed reanchor survives later Aborted, journal reopen and a new legitimate request (1553.578917ms)
ℹ tests 56
ℹ suites 0
ℹ pass 56
ℹ fail 0
ℹ cancelled 0
ℹ skipped 0
ℹ todo 0
ℹ duration_ms 6312.779792
