▶ WHAT[prefix-stability-003] an actual admitted retry candidate is discarded on exact provider failure and stays discarded after reopen
  ▶ registered producer commits the covered material
    ✔ registered authority and Host history create the real Blogger request (310.858292ms)
    ✔ actual Chronicle execution and Host transcript commit the covered frame (229.143792ms)
    ✔ native checkpoint tool completion opens the real phase window (9.923834ms)
  ✔ registered producer commits the covered material (552.522833ms)
  ✔ exact first provider failure establishes the retry budget without promotion (85.884375ms)
  ✔ admitted retry renders its candidate without changing committed state (77.411542ms)
  ✔ exact retry failure discards its candidate without a prefix commit or rollback (86.062083ms)
  ✔ reopened journal preserves state and a normal request receives its own admission (94.0135ms)
  ✔ only the new successful provider run commits the later rebase (55.654791ms)
✔ WHAT[prefix-stability-003] an actual admitted retry candidate is discarded on exact provider failure and stays discarded after reopen (2021.177667ms)
ℹ tests 10
ℹ suites 0
ℹ pass 10
ℹ fail 0
ℹ cancelled 0
ℹ skipped 0
ℹ todo 0
ℹ duration_ms 2159.596208
