TAP version 13
# HOOK CHAT MESSAGE FAILED: ChatAdmissionHookException {
#   message: 'Managed chat admission failed: TransactionStopped (Superseded (ManagedChatAcceptanceWitness ({ SessionId = SessionId "review-manager"\\n' +
#     '  PhysicalUserMessageId = PhysicalUserMessageId "msg-review-manager-3" }, { SessionId = SessionId "review-manager"\\n' +
#     '  LogicalRunId = LogicalRunId "f610da39a45f2388d655f13caa48becddb3321d3235ac3d3b3d3c5daace9b39e"\\n' +
#     '  AuthorityRootUserMessageId = AuthorityRootUserMessageId "user-root"\\n' +
#     '  AuthorityKind = HumanRoot\\n' +
#     '  IdentitySeed = RootSelection ({ Identity = { SelectedAgent = PersonaName "manager"\\n' +
#     '  Kind = ManagedRole Manager\\n' +
#     '  Persona = "Lead"\\n' +
#     '  PersonaCatalogVersion = PersonaCatalogVersion 1\\n' +
#     '  Origin = ResolvedAtRoot } })\\n' +
#     '  PhysicalUserMessageId = PhysicalUserMessageId "msg-review-manager-3"\\n' +
#     '  Origin = Continuation ManagerGuard })))',
#   innerException: undefined,
#   failure: ChatAdmissionHookFailure {
#     tag: 2,
#     fields: [ [ChatAdmissionTransactionOutcome] ]
#   },
#   executionKey: ChatExecutionKey {
#     SessionId: SessionId { tag: 0, fields: [Array] },
#     PhysicalUserMessageId: PhysicalUserMessageId { tag: 0, fields: [Array] }
#   }
# }
# Subtest: WHAT[relay-context-projection-002] real cut rejects an old request but accepts the owner-issued successor identity
ok 1 - WHAT[relay-context-projection-002] real cut rejects an old request but accepts the owner-issued successor identity
  ---
  duration_ms: 10194.343792
  type: 'test'
  ...
# Subtest: WHAT[relay-context-projection-002] the registered transform accepts an admitted successor retry and rejects an unadmitted physical key
ok 2 - WHAT[relay-context-projection-002] the registered transform accepts an admitted successor retry and rejects an unadmitted physical key
  ---
  duration_ms: 6411.54425
  type: 'test'
  ...
# Subtest: WHAT[relay-context-projection-002] a terminal successor cannot reenter the registered provider boundary through its retained acceptance record
ok 3 - WHAT[relay-context-projection-002] a terminal successor cannot reenter the registered provider boundary through its retained acceptance record
  ---
  duration_ms: 24322.061
  type: 'test'
  ...
1..3
# tests 3
# suites 0
# pass 3
# fail 0
# cancelled 0
# skipped 0
# todo 0
# duration_ms 42622.162541
