TAP version 13
# Subtest: WHAT[requirement-grounding-012] reopening the durable journal replays exact messages and appends changed content only to a new terminal result
ok 1 - WHAT[requirement-grounding-012] reopening the durable journal replays exact messages and appends changed content only to a new terminal result
  ---
  duration_ms: 662.107
  type: 'test'
  ...
# Subtest: WHAT[requirement-grounding-012] separate registered producer and restarted processes replay inline occurrence bytes at their original anchors
    # Subtest: WHAT[requirement-grounding-012] the registered producer anchors a real covered read and persists its inline occurrence
    ok 1 - WHAT[requirement-grounding-012] the registered producer anchors a real covered read and persists its inline occurrence
      ---
      duration_ms: 9141.835542
      type: 'test'
      ...
    # Subtest: WHAT[requirement-grounding-012] an independent normal boot replays exact prior messages while the original material is absent
    ok 2 - WHAT[requirement-grounding-012] an independent normal boot replays exact prior messages while the original material is absent
      ---
      duration_ms: 6950.588667
      type: 'test'
      ...
    # Subtest: WHAT[requirement-grounding-012] a fresh actual read in an independent process appends changed material after the frozen prefix
    ok 3 - WHAT[requirement-grounding-012] a fresh actual read in an independent process appends changed material after the frozen prefix
      ---
      duration_ms: 6592.641834
      type: 'test'
      ...
    # Subtest: WHAT[requirement-grounding-012] another normal process replays both saved inline versions with stable anchors and no source package
    ok 4 - WHAT[requirement-grounding-012] another normal process replays both saved inline versions with stable anchors and no source package
      ---
      duration_ms: 5159.216709
      type: 'test'
      ...
    # Subtest: WHAT[requirement-grounding-012] corruption of the actual persisted occurrence prevents a fresh normal boot from reporting replay success
    not ok 5 - WHAT[requirement-grounding-012] corruption of the actual persisted occurrence prevents a fresh normal boot from reporting replay success
      ---
      duration_ms: 5433.371417
      type: 'test'
      location: '/Users/yuanxi/Workwork/vibe-fs/requirements/requirement-grounding/tests/012.test.mjs:137:13'
      failureType: 'testCodeFailure'
      error: |-
        
        node:internal/modules/run_main:123
            triggerUncaughtException(
            ^
        Exception {
          message: `local EventStore boot failed: local event history read failed: MalformedEnvelope ("Expected property name or '}' in JSON at position 1 (line 1 column 2)")`,
          innerException: undefined
        }
        
        Node.js v22.23.3
        
        
        1 !== 0
        
      code: 'ERR_ASSERTION'
      name: 'AssertionError'
      expected: 0
      actual: 1
      operator: 'strictEqual'
      stack: |-
        run (file:///Users/yuanxi/Workwork/vibe-fs/requirements/requirement-grounding/tests/012.test.mjs:83:12)
        TestContext.<anonymous> (file:///Users/yuanxi/Workwork/vibe-fs/requirements/requirement-grounding/tests/012.test.mjs:138:24)
        Test.runInAsyncScope (node:async_hooks:214:14)
        Test.run (node:internal/test_runner/test:1047:25)
        Test.start (node:internal/test_runner/test:944:17)
        TestContext.test (node:internal/test_runner/test:373:20)
        TestContext.<anonymous> (file:///Users/yuanxi/Workwork/vibe-fs/requirements/requirement-grounding/tests/012.test.mjs:137:13)
        async Test.run (node:internal/test_runner/test:1054:7)
        async Test.processPendingSubtests (node:internal/test_runner/test:744:7)
      ...
    1..5
not ok 2 - WHAT[requirement-grounding-012] separate registered producer and restarted processes replay inline occurrence bytes at their original anchors
  ---
  duration_ms: 33534.934083
  type: 'test'
  location: '/Users/yuanxi/Workwork/vibe-fs/requirements/requirement-grounding/tests/012.test.mjs:72:1'
  failureType: 'subtestsFailed'
  error: '1 subtest failed'
  code: 'ERR_TEST_FAILURE'
  ...
1..2
# tests 7
# suites 0
# pass 5
# fail 2
# cancelled 0
# skipped 0
# todo 0
# duration_ms 35472.900667
