TAP version 13
# Subtest: WHAT[requirement-grounding-012] reopening the durable journal replays exact messages and appends changed content only to a new terminal result
ok 1 - WHAT[requirement-grounding-012] reopening the durable journal replays exact messages and appends changed content only to a new terminal result
  ---
  duration_ms: 773.743541
  type: 'test'
  ...
# Subtest: WHAT[requirement-grounding-012] separate registered producer and restarted processes replay inline occurrence bytes at their original anchors
    # Subtest: WHAT[requirement-grounding-012] the registered producer anchors a real covered read and persists its inline occurrence
    ok 1 - WHAT[requirement-grounding-012] the registered producer anchors a real covered read and persists its inline occurrence
      ---
      duration_ms: 11580.423625
      type: 'test'
      ...
    # Subtest: WHAT[requirement-grounding-012] an independent normal boot replays exact prior messages while the original material is absent
    ok 2 - WHAT[requirement-grounding-012] an independent normal boot replays exact prior messages while the original material is absent
      ---
      duration_ms: 8376.738916
      type: 'test'
      ...
    # Subtest: WHAT[requirement-grounding-012] a fresh actual read in an independent process appends changed material after the frozen prefix
    ok 3 - WHAT[requirement-grounding-012] a fresh actual read in an independent process appends changed material after the frozen prefix
      ---
      duration_ms: 6529.580375
      type: 'test'
      ...
    # Subtest: WHAT[requirement-grounding-012] another normal process replays both saved inline versions with stable anchors and no source package
    ok 4 - WHAT[requirement-grounding-012] another normal process replays both saved inline versions with stable anchors and no source package
      ---
      duration_ms: 6603.598667
      type: 'test'
      ...
    # Subtest: WHAT[requirement-grounding-012] corruption of the actual persisted occurrence prevents a fresh normal boot from reporting replay success
    ok 5 - WHAT[requirement-grounding-012] corruption of the actual persisted occurrence prevents a fresh normal boot from reporting replay success
      ---
      duration_ms: 6631.966333
      type: 'test'
      ...
    1..5
ok 2 - WHAT[requirement-grounding-012] separate registered producer and restarted processes replay inline occurrence bytes at their original anchors
  ---
  duration_ms: 39988.286583
  type: 'test'
  ...
1..2
# tests 7
# suites 0
# pass 7
# fail 0
# cancelled 0
# skipped 0
# todo 0
# duration_ms 41976.173417
