TAP version 13
# Subtest: WHAT[requirement-grounding-006] actual pinned native read output cannot honestly establish complete original file bytes
    # Subtest: WHAT[requirement-grounding-006] actual Host after-hook, SDK transcript, and next provider agree despite lossy native read formatting
    ok 1 - WHAT[requirement-grounding-006] actual Host after-hook, SDK transcript, and next provider agree despite lossy native read formatting
      ---
      duration_ms: 3200.7105
      type: 'test'
      ...
    # Subtest: WHAT[requirement-grounding-006] an actual late provider callback failure prevents a successful native protocol receipt
    ok 2 - WHAT[requirement-grounding-006] an actual late provider callback failure prevents a successful native protocol receipt
      ---
      duration_ms: 2342.402
      type: 'test'
      ...
    1..2
ok 1 - WHAT[requirement-grounding-006] actual pinned native read output cannot honestly establish complete original file bytes
  ---
  duration_ms: 5543.440834
  type: 'test'
  ...
1..1
# tests 3
# suites 0
# pass 3
# fail 0
# cancelled 0
# skipped 0
# todo 0
# duration_ms 5713.433875
