runner: scoped 使用 TESTS_MJS_FILES=122 files
runner: build is current (1796 sources, 885 artifacts)
runner: discovery OVERRIDDEN by TESTS_MJS_FILES (122 file(s))
runner: 122 test file(s), 5000ms verdict-silence window
WATCHDOG: 'tests/unit' silent for 5032ms (limit 5000ms); 335 blocking progress update(s), last progress: test:complete:/Users/yuanxi/Workwork/vibe-fs/requirements/provider-attempt-recovery/tests/001.test.mjs lane=/Users/yuanxi/Workwork/vibe-fs/requirements/provider-attempt-recovery/tests/001.test.mjs expectation=none
WATCHDOG: background progress 5037ms ago: test:diagnostic lane=/Users/yuanxi/Workwork/vibe-fs/requirements/provider-attempt-recovery/tests/001.test.mjs (249 background update(s), none of them renewals)
runner: 91 file(s) had not reported completion
runner: file streams: 31 drained, 10 active, 81 queued
runner: active file requirements/cognitive-environment/tests/015.test.mjs; waiting for stream drain; last verdict: test:pass:WHAT[cognitive-environment-015] B6_missing_physical_identity_cannot_borrow_the_session_model
runner: active file requirements/execution-model-routing/tests/003.test.mjs; waiting for stream drain; last verdict: none received
runner: active file requirements/execution-model-routing/tests/008.test.mjs; waiting for stream drain; last verdict: test:pass:WHAT[execution-model-routing-008] EMR_008_distinct_current_roles_may_hold_the_same_physical_target
runner: active file requirements/execution-model-routing/tests/009.test.mjs; waiting for stream drain; last verdict: test:pass:WHAT[execution-model-routing-009] SDK target encoding separates model identity from reasoning variant
runner: active file requirements/execution-model-routing/tests/010.test.mjs; waiting for stream drain; last verdict: test:pass:WHAT[execution-model-routing-010] EMR_010_model_capacity_private_knowledge_is_exclusive_to_owner
runner: active file requirements/execution-model-routing/tests/014.test.mjs; waiting for stream drain; last verdict: test:pass:WHAT[execution-model-routing-014] a full pending queue does not reject a fresh execution that can acquire immediately
runner: active file requirements/host-boundary/tests/003.test.mjs; waiting for stream drain; last verdict: test:pass:WHAT[host-boundary-003] HOST_003_retry_signal_is_a_typed_wake_never_a_run_identity_carrier
runner: active file requirements/host-boundary/tests/019.test.mjs; waiting for stream drain; last verdict: none received
runner: active file requirements/host-boundary/tests/033.test.mjs; waiting for stream drain; last verdict: none received
runner: active file requirements/provider-attempt-recovery/tests/002.test.mjs; waiting for stream drain; last verdict: none received
runner: 81 queued file(s) have not started
runner: verdict counts unavailable; no authoritative summary before the silence
runner: post-exit group verification/reclamation: pid=7656; elapsedMs=125.997; accepted=true

runner: verdict counts unavailable; no authoritative summary; 31/122 planned file(s) completed
Error: runner: supervised suite failed (exit 1)
    at fail (file:///Users/yuanxi/Workwork/vibe-fs/requirements/verification-system/tests/e2e/support/supervise-node-test.mjs:217:25)
    at superviseOwnedNodeTest (file:///Users/yuanxi/Workwork/vibe-fs/requirements/verification-system/tests/e2e/support/supervise-node-test.mjs:393:39)
    at process.processTicksAndRejections (node:internal/process/task_queues:103:5)
    at async superviseNodeTest (file:///Users/yuanxi/Workwork/vibe-fs/requirements/verification-system/tests/e2e/support/supervise-node-test.mjs:195:14)
    at async file:///Users/yuanxi/Workwork/vibe-fs/requirements/verification-system/tests/run.mjs:94:1 {
  exitCode: 1
}
