✖ WHAT[requirement-grounding-006] an actual program file-read failure cannot produce visible read facts (21.7055ms)
✔ WHAT[requirement-grounding-006] historical material observations retain their original decode and horizon semantics (57.3375ms)
ℹ tests 2
ℹ suites 0
ℹ pass 1
ℹ fail 1
ℹ cancelled 0
ℹ skipped 0
ℹ todo 0
ℹ duration_ms 245.102375

✖ failing tests:

test at requirements/requirement-grounding/tests/006.test.mjs:191:1
✖ WHAT[requirement-grounding-006] an actual program file-read failure cannot produce visible read facts (21.7055ms)
  Error: ENOENT: no such file or directory, scandir '/var/folders/g_/3ydzn7kx5lg9ylq8fd9p_13r0000gn/T/wanxiang-grounding-delivery-OdOPn7/wanxiang/events'
      at readdirSync (node:fs:1884:26)
      at readFacts (file:///Users/yuanxi/Workwork/vibe-fs/requirements/requirement-grounding/tests/006.test.mjs:31:32)
      at TestContext.<anonymous> (file:///Users/yuanxi/Workwork/vibe-fs/requirements/requirement-grounding/tests/006.test.mjs:199:22)
      at async Test.run (node:internal/test_runner/test:1404:7)
      at async startSubtestAfterBootstrap (node:internal/test_runner/harness:387:3) {
    errno: -2,
    code: 'ENOENT',
    syscall: 'scandir',
    path: '/var/folders/g_/3ydzn7kx5lg9ylq8fd9p_13r0000gn/T/wanxiang-grounding-delivery-OdOPn7/wanxiang/events'
  }
