▶ WHAT[prefix-stability-003] an actual admitted retry candidate is discarded on exact provider failure and stays discarded after reopen
  ▶ registered producer commits the covered material
    ✔ registered authority and Host history create the real Blogger request (282.127667ms)
    ✔ actual Chronicle execution and Host transcript commit the covered frame (232.794166ms)
    ✔ native checkpoint tool completion opens the real phase window (11.959833ms)
  ✔ registered producer commits the covered material (531.405458ms)

Interrupted while running:

⚠ requirements/prefix-stability/tests/003.test.mjs (requirements/prefix-stability/tests/003.test.mjs:1:1)
✖ requirements/prefix-stability/tests/003.test.mjs (63232.380417ms)
ℹ tests 5
ℹ suites 0
ℹ pass 4
ℹ fail 0
ℹ cancelled 1
ℹ skipped 0
ℹ todo 0
ℹ duration_ms 63235.048334

✖ failing tests:

test at requirements/prefix-stability/tests/003.test.mjs:1:1
✖ requirements/prefix-stability/tests/003.test.mjs (63232.380417ms)
  'Promise resolution is still pending but the event loop has already resolved'
