✖ WHAT[verification-system-006] native freeze inspection failure preserves its original cause and drains known owned resources while retaining a foreign group (1220.297583ms)
✖ WHAT[verification-system-006] native drain inspection failure preserves its original cause and drains captured owned resources while retaining a foreign group (1224.922458ms)
ℹ tests 2
ℹ suites 0
ℹ pass 0
ℹ fail 2
ℹ cancelled 0
ℹ skipped 0
ℹ todo 0
ℹ duration_ms 2705.964375

✖ failing tests:

test at requirements/verification-system/tests/support/supervised-tool-reclamation-tests.mjs:50:3
✖ WHAT[verification-system-006] native freeze inspection failure preserves its original cause and drains known owned resources while retaining a foreign group (1220.297583ms)
  AssertionError [ERR_ASSERTION]: runner: 1 test file(s), 1000ms verdict-silence window
  runner: file lifecycle {"entryFile":"/var/folders/g_/3ydzn7kx5lg9ylq8fd9p_13r0000gn/T/supervised-tool-reclamation-CHptbe/held.fixture.mjs","pid":35728,"parentPid":35716,"type":"runner:file-start","elapsedMs":42.59}
  [verification-worker-cost] {"version":1,"phase":"pre-import","sequence":0,"entryFile":"/var/folders/g_/3ydzn7kx5lg9ylq8fd9p_13r0000gn/T/supervised-tool-reclamation-CHptbe/held.fixture.mjs","pid":35729,"parentPid":35728,"monotonicMs":19.867875,"cpuUserMicros":28867,"cpuSystemMicros":9866}
  [verification-test-start] {"pid":35729,"parentPid":35728,"entryFile":"/var/folders/g_/3ydzn7kx5lg9ylq8fd9p_13r0000gn/T/supervised-tool-reclamation-CHptbe/held.fixture.mjs","name":"actual detached selected tool remains unfinished","fullName":"actual detached selected tool remains unfinished"}
  WATCHDOG: 'detached-tool-reclamation' silent for 1002ms (limit 1000ms); 0 blocking progress update(s), last progress: start lane=startup expectation=none
  WATCHDOG: background progress 914ms ago: test:stdout lane=/var/folders/g_/3ydzn7kx5lg9ylq8fd9p_13r0000gn/T/supervised-tool-reclamation-CHptbe/held.fixture.mjs (2 background update(s), none of them renewals)
  runner: 1 file(s) had not reported completion
  runner: file streams: 0 drained, 1 active, 0 queued
  runner: active file ../../../../var/folders/g_/3ydzn7kx5lg9ylq8fd9p_13r0000gn/T/supervised-tool-reclamation-CHptbe/held.fixture.mjs; waiting for stream drain; last verdict: none received
  runner: worker cost {"version":1,"entryFile":"/var/folders/g_/3ydzn7kx5lg9ylq8fd9p_13r0000gn/T/supervised-tool-reclamation-CHptbe/held.fixture.mjs","enabled":true,"pid":35729,"status":"missing","reason":"Exit observation not received","preImport":{"version":1,"phase":"pre-import","sequence":0,"entryFile":"/var/folders/g_/3ydzn7kx5lg9ylq8fd9p_13r0000gn/T/supervised-tool-reclamation-CHptbe/held.fixture.mjs","pid":35729,"parentPid":35728,"monotonicMs":19.867875,"cpuUserMicros":28867,"cpuSystemMicros":9866},"exit":null,"interval":null}
  runner: verdict counts unavailable; no authoritative summary before the silence
  ps: invalid_verification_column: keyword not found
  ps: no valid keywords; valid keywords:
  runner: Could not complete owned runner termination: Command failed: /bin/ps -eo invalid_verification_column=
  ps: invalid_verification_column: keyword not found
  ps: no valid keywords; valid keywords:
  
  runner: post-exit group verification/reclamation: pid=35728; elapsedMs=18.316; accepted=true
  
  runner: verdict counts unavailable; no authoritative summary; 0/1 planned file(s) completed
  file:///Users/yuanxi/Workwork/vibe-fs/requirements/verification-system/tests/e2e/support/supervise-node-test.mjs:227
      throw Object.assign(new Error(`${logPrefix}: supervised suite failed (exit ${code})`), { exitCode: code })
                          ^
  
  Error: runner: supervised suite failed (exit 1)
      at fail (file:///Users/yuanxi/Workwork/vibe-fs/requirements/verification-system/tests/e2e/support/supervise-node-test.mjs:227:25)
      at superviseOwnedNodeTest (file:///Users/yuanxi/Workwork/vibe-fs/requirements/verification-system/tests/e2e/support/supervise-node-test.mjs:442:39)
      at process.processTicksAndRejections (node:internal/process/task_queues:104:5)
      at async superviseNodeTest (file:///Users/yuanxi/Workwork/vibe-fs/requirements/verification-system/tests/e2e/support/supervise-node-test.mjs:205:14)
      at async file:///private/var/folders/g_/3ydzn7kx5lg9ylq8fd9p_13r0000gn/T/supervised-tool-reclamation-CHptbe/supervise.mjs:70:5 {
    exitCode: 1
  }
  
  Node.js v26.6.0
  
  + actual - expected
  
    {
      monitorMembers: [],
  +   nativeErrorPreserved: false,
  -   nativeErrorPreserved: true,
      toolMembers: []
    }
  
      at TestContext.<anonymous> (file:///Users/yuanxi/Workwork/vibe-fs/requirements/verification-system/tests/support/supervised-tool-reclamation-tests.mjs:233:16)
      at async Test.run (node:internal/test_runner/test:1404:7)
      at async startSubtestAfterBootstrap (node:internal/test_runner/harness:387:3) {
    generatedMessage: false,
    code: 'ERR_ASSERTION',
    actual: { nativeErrorPreserved: false, toolMembers: [], monitorMembers: [] },
    expected: { nativeErrorPreserved: true, toolMembers: [], monitorMembers: [] },
    operator: 'deepStrictEqual',
    diff: 'simple'
  }

test at requirements/verification-system/tests/support/supervised-tool-reclamation-tests.mjs:50:3
✖ WHAT[verification-system-006] native drain inspection failure preserves its original cause and drains captured owned resources while retaining a foreign group (1224.922458ms)
  AssertionError [ERR_ASSERTION]: runner: 1 test file(s), 1000ms verdict-silence window
  runner: file lifecycle {"entryFile":"/var/folders/g_/3ydzn7kx5lg9ylq8fd9p_13r0000gn/T/supervised-tool-reclamation-hhARV8/held.fixture.mjs","pid":35845,"parentPid":35833,"type":"runner:file-start","elapsedMs":44.913667}
  [verification-worker-cost] {"version":1,"phase":"pre-import","sequence":0,"entryFile":"/var/folders/g_/3ydzn7kx5lg9ylq8fd9p_13r0000gn/T/supervised-tool-reclamation-hhARV8/held.fixture.mjs","pid":35846,"parentPid":35845,"monotonicMs":17.826333,"cpuUserMicros":28681,"cpuSystemMicros":7850}
  [verification-test-start] {"pid":35846,"parentPid":35845,"entryFile":"/var/folders/g_/3ydzn7kx5lg9ylq8fd9p_13r0000gn/T/supervised-tool-reclamation-hhARV8/held.fixture.mjs","name":"actual detached selected tool remains unfinished","fullName":"actual detached selected tool remains unfinished"}
  WATCHDOG: 'detached-tool-reclamation' silent for 1002ms (limit 1000ms); 0 blocking progress update(s), last progress: start lane=startup expectation=none
  WATCHDOG: background progress 914ms ago: test:stdout lane=/var/folders/g_/3ydzn7kx5lg9ylq8fd9p_13r0000gn/T/supervised-tool-reclamation-hhARV8/held.fixture.mjs (2 background update(s), none of them renewals)
  runner: 1 file(s) had not reported completion
  runner: file streams: 0 drained, 1 active, 0 queued
  runner: active file ../../../../var/folders/g_/3ydzn7kx5lg9ylq8fd9p_13r0000gn/T/supervised-tool-reclamation-hhARV8/held.fixture.mjs; waiting for stream drain; last verdict: none received
  runner: worker cost {"version":1,"entryFile":"/var/folders/g_/3ydzn7kx5lg9ylq8fd9p_13r0000gn/T/supervised-tool-reclamation-hhARV8/held.fixture.mjs","enabled":true,"pid":35846,"status":"missing","reason":"Exit observation not received","preImport":{"version":1,"phase":"pre-import","sequence":0,"entryFile":"/var/folders/g_/3ydzn7kx5lg9ylq8fd9p_13r0000gn/T/supervised-tool-reclamation-hhARV8/held.fixture.mjs","pid":35846,"parentPid":35845,"monotonicMs":17.826333,"cpuUserMicros":28681,"cpuSystemMicros":7850},"exit":null,"interval":null}
  runner: verdict counts unavailable; no authoritative summary before the silence
  ps: invalid_verification_column: keyword not found
  ps: no valid keywords; valid keywords:
  runner: Could not complete owned runner termination: Command failed: /bin/ps -eo invalid_verification_column=
  ps: invalid_verification_column: keyword not found
  ps: no valid keywords; valid keywords:
  
  runner: post-exit group verification/reclamation: pid=35845; elapsedMs=20.879; accepted=true
  
  runner: verdict counts unavailable; no authoritative summary; 0/1 planned file(s) completed
  file:///Users/yuanxi/Workwork/vibe-fs/requirements/verification-system/tests/e2e/support/supervise-node-test.mjs:227
      throw Object.assign(new Error(`${logPrefix}: supervised suite failed (exit ${code})`), { exitCode: code })
                          ^
  
  Error: runner: supervised suite failed (exit 1)
      at fail (file:///Users/yuanxi/Workwork/vibe-fs/requirements/verification-system/tests/e2e/support/supervise-node-test.mjs:227:25)
      at superviseOwnedNodeTest (file:///Users/yuanxi/Workwork/vibe-fs/requirements/verification-system/tests/e2e/support/supervise-node-test.mjs:442:39)
      at process.processTicksAndRejections (node:internal/process/task_queues:104:5)
      at async superviseNodeTest (file:///Users/yuanxi/Workwork/vibe-fs/requirements/verification-system/tests/e2e/support/supervise-node-test.mjs:205:14)
      at async file:///private/var/folders/g_/3ydzn7kx5lg9ylq8fd9p_13r0000gn/T/supervised-tool-reclamation-hhARV8/supervise.mjs:70:5 {
    exitCode: 1
  }
  
  Node.js v26.6.0
  
  + actual - expected
  
    {
      monitorMembers: [],
  +   nativeErrorPreserved: false,
  -   nativeErrorPreserved: true,
      toolMembers: []
    }
  
      at TestContext.<anonymous> (file:///Users/yuanxi/Workwork/vibe-fs/requirements/verification-system/tests/support/supervised-tool-reclamation-tests.mjs:233:16)
      at process.processTicksAndRejections (node:internal/process/task_queues:104:5)
      at async Test.run (node:internal/test_runner/test:1404:7)
      at async Test.processPendingSubtests (node:internal/test_runner/test:969:7) {
    generatedMessage: false,
    code: 'ERR_ASSERTION',
    actual: { nativeErrorPreserved: false, toolMembers: [], monitorMembers: [] },
    expected: { nativeErrorPreserved: true, toolMembers: [], monitorMembers: [] },
    operator: 'deepStrictEqual',
    diff: 'simple'
  }
