▶ WHAT[verification-system-006] owned tool monitoring preserves actual terminals and rejects missing control evidence
  ✔ WHAT[verification-system-006] empty PATH preserves exact selected environment and actual independent process group (103.625125ms)
  ✔ WHAT[verification-system-006] a selected nonzero exit is preserved instead of the monitor exit (84.489375ms)
  ✔ WHAT[verification-system-006] a selected process signal is preserved instead of the monitor exit (100.298ms)
  ✔ WHAT[verification-system-006] a real selected executable spawn failure retains its OS cause (37.171125ms)
  ✔ WHAT[verification-system-006] missing monitor terminal before selected spawn rejects acceptance (35.525375ms)
  ✔ WHAT[verification-system-006] malformed monitor terminal before selected spawn rejects acceptance (33.565625ms)
  ✔ WHAT[verification-system-006] duplicate monitor terminal before selected spawn rejects acceptance (33.424166ms)
✔ WHAT[verification-system-006] owned tool monitoring preserves actual terminals and rejects missing control evidence (429.951667ms)
✔ WHAT[verification-system-006] worker cost diagnostics preserve actual success and assertion failure with a closed exit sink (1152.315625ms)
✔ WHAT[verification-system-006] invalid worker cost IPC leaves actual runner verdicts and process cleanup unchanged (283.974083ms)
✔ WHAT[verification-system-006] real tool diagnostics preserve stdout failure and complete cleanup without forwarding the control field (731.194708ms)
✔ WHAT[verification-system-006] silence failure reclaims its process group before the caller catches it and completes cleanup (1101.493333ms)
✔ WHAT[verification-system-006] synchronous runner spawn failure preserves its cause and stops its watchdog (448.394209ms)
✔ WHAT[verification-system-006] suite HOME cleanup failure preserves the original failed verdict and rejects acceptance (154.563083ms)
✔ WHAT[verification-system-006] standalone inner owns only its allocated HOME and always releases it (210.29325ms)
ℹ tests 15
ℹ suites 0
ℹ pass 15
ℹ fail 0
ℹ cancelled 0
ℹ skipped 0
ℹ todo 0
ℹ duration_ms 4740.192
