runner: scoped 使用 TESTS_MJS_FILES=2 files
runner: build is current (1796 sources, 884 artifacts)
runner: discovery OVERRIDDEN by TESTS_MJS_FILES (2 file(s))
runner: 2 test file(s), 5000ms verdict-silence window
runner: file lifecycle {"entryFile":"/Users/yuanxi/Workwork/vibe-fs/requirements/sphinx-v2/tests/023.test.mjs","pid":40659,"parentPid":40638,"type":"runner:file-start","elapsedMs":37.766542000000015}
runner: file lifecycle {"entryFile":"/Users/yuanxi/Workwork/vibe-fs/requirements/sphinx-v2/tests/034.test.mjs","pid":40659,"parentPid":40638,"type":"runner:file-start","elapsedMs":38.99150000000003}
[verification-worker-cost] {"version":1,"phase":"pre-import","sequence":0,"entryFile":"/Users/yuanxi/Workwork/vibe-fs/requirements/sphinx-v2/tests/023.test.mjs","pid":40660,"parentPid":40659,"monotonicMs":18.403042,"cpuUserMicros":23356,"cpuSystemMicros":4800}
[verification-worker-cost] {"version":1,"phase":"pre-import","sequence":0,"entryFile":"/Users/yuanxi/Workwork/vibe-fs/requirements/sphinx-v2/tests/034.test.mjs","pid":40661,"parentPid":40659,"monotonicMs":17.778417,"cpuUserMicros":23263,"cpuSystemMicros":4156}
[verification-test-start] {"pid":40661,"parentPid":40659,"entryFile":"/Users/yuanxi/Workwork/vibe-fs/requirements/sphinx-v2/tests/034.test.mjs","name":"WHAT[sphinx-v2-034] recovery classifies an unconfirmed cancellation as awaiting terminal","fullName":"WHAT[sphinx-v2-034] recovery classifies an unconfirmed cancellation as awaiting terminal"}
[verification-test-start] {"pid":40660,"parentPid":40659,"entryFile":"/Users/yuanxi/Workwork/vibe-fs/requirements/sphinx-v2/tests/023.test.mjs","name":"WHAT[sphinx-v2-023] a label outside the presented set is refused","fullName":"WHAT[sphinx-v2-023] a label outside the presented set is refused"}
[verification-test-start] {"pid":40661,"parentPid":40659,"entryFile":"/Users/yuanxi/Workwork/vibe-fs/requirements/sphinx-v2/tests/034.test.mjs","name":"WHAT[sphinx-v2-034] the work identity is checked rather than carried over from a receipt","fullName":"WHAT[sphinx-v2-034] the work identity is checked rather than carried over from a receipt"}
[verification-test-start] {"pid":40660,"parentPid":40659,"entryFile":"/Users/yuanxi/Workwork/vibe-fs/requirements/sphinx-v2/tests/023.test.mjs","name":"WHAT[sphinx-v2-023] private label map bytes never enter the actual Host prompt","fullName":"WHAT[sphinx-v2-023] private label map bytes never enter the actual Host prompt"}
[verification-test-start] {"pid":40661,"parentPid":40659,"entryFile":"/Users/yuanxi/Workwork/vibe-fs/requirements/sphinx-v2/tests/034.test.mjs","name":"WHAT[sphinx-v2-034] the adapter declares only its owned dispatch boundary","fullName":"WHAT[sphinx-v2-034] the adapter declares only its owned dispatch boundary"}
[verification-test-start] {"pid":40661,"parentPid":40659,"entryFile":"/Users/yuanxi/Workwork/vibe-fs/requirements/sphinx-v2/tests/034.test.mjs","name":"WHAT[sphinx-v2-034] actual Host receipts bind work identity and cancel awaits real child resource termination while late results cannot enter semantic state","fullName":"WHAT[sphinx-v2-034] actual Host receipts bind work identity and cancel awaits real child resource termination while late results cannot enter semantic state"}
[verification-test-start] {"pid":40661,"parentPid":40659,"entryFile":"/Users/yuanxi/Workwork/vibe-fs/requirements/sphinx-v2/tests/034.test.mjs","name":"WHAT[sphinx-v2-034] actual Adapter uses the captured nested Host owner independently of InquiryId","fullName":"WHAT[sphinx-v2-034] actual Adapter uses the captured nested Host owner independently of InquiryId"}
[verification-worker-cost] {"version":1,"phase":"exit","sequence":1,"entryFile":"/Users/yuanxi/Workwork/vibe-fs/requirements/sphinx-v2/tests/023.test.mjs","pid":40660,"parentPid":40659,"monotonicMs":501.245959,"cpuUserMicros":690771,"cpuSystemMicros":74193,"exitCode":0}
[verification-test-start] {"pid":40661,"parentPid":40659,"entryFile":"/Users/yuanxi/Workwork/vibe-fs/requirements/sphinx-v2/tests/034.test.mjs","name":"WHAT[sphinx-v2-034] a captured owner without active durable authority cannot create or send a child","fullName":"WHAT[sphinx-v2-034] a captured owner without active durable authority cannot create or send a child"}
runner: file lifecycle {"entryFile":"/Users/yuanxi/Workwork/vibe-fs/requirements/sphinx-v2/tests/023.test.mjs","type":"runner:file-drained","elapsedMs":557.973875}
runner: worker cost {"version":1,"entryFile":"/Users/yuanxi/Workwork/vibe-fs/requirements/sphinx-v2/tests/023.test.mjs","enabled":true,"pid":40660,"status":"complete","reason":null,"preImport":{"version":1,"phase":"pre-import","sequence":0,"entryFile":"/Users/yuanxi/Workwork/vibe-fs/requirements/sphinx-v2/tests/023.test.mjs","pid":40660,"parentPid":40659,"monotonicMs":18.403042,"cpuUserMicros":23356,"cpuSystemMicros":4800},"exit":{"version":1,"phase":"exit","sequence":1,"entryFile":"/Users/yuanxi/Workwork/vibe-fs/requirements/sphinx-v2/tests/023.test.mjs","pid":40660,"parentPid":40659,"monotonicMs":501.245959,"cpuUserMicros":690771,"cpuSystemMicros":74193,"exitCode":0},"interval":{"clockPid":40660,"wallMs":482.84291700000006,"cpuUserMicros":667415,"cpuSystemMicros":69393}}
[verification-test-start] {"pid":40661,"parentPid":40659,"entryFile":"/Users/yuanxi/Workwork/vibe-fs/requirements/sphinx-v2/tests/034.test.mjs","name":"WHAT[sphinx-v2-034] a transport receipt remains pending until actual managed physical ingress and its exact terminal","fullName":"WHAT[sphinx-v2-034] a transport receipt remains pending until actual managed physical ingress and its exact terminal"}
[verification-test-start] {"pid":40661,"parentPid":40659,"entryFile":"/Users/yuanxi/Workwork/vibe-fs/requirements/sphinx-v2/tests/034.test.mjs","name":"WHAT[sphinx-v2-034] nonaccepted Host outcomes retain their own key and never fabricate physical acceptance","fullName":"WHAT[sphinx-v2-034] nonaccepted Host outcomes retain their own key and never fabricate physical acceptance"}
[verification-test-start] {"pid":40661,"parentPid":40659,"entryFile":"/Users/yuanxi/Workwork/vibe-fs/requirements/sphinx-v2/tests/034.test.mjs","name":"WHAT[sphinx-v2-034] retryable retains the original Host evidence","fullName":"WHAT[sphinx-v2-034] nonaccepted Host outcomes retain their own key and never fabricate physical acceptance > WHAT[sphinx-v2-034] retryable retains the original Host evidence"}
[verification-test-start] {"pid":40661,"parentPid":40659,"entryFile":"/Users/yuanxi/Workwork/vibe-fs/requirements/sphinx-v2/tests/034.test.mjs","name":"WHAT[sphinx-v2-034] fatal retains the original Host evidence","fullName":"WHAT[sphinx-v2-034] nonaccepted Host outcomes retain their own key and never fabricate physical acceptance > WHAT[sphinx-v2-034] fatal retains the original Host evidence"}
[verification-test-start] {"pid":40661,"parentPid":40659,"entryFile":"/Users/yuanxi/Workwork/vibe-fs/requirements/sphinx-v2/tests/034.test.mjs","name":"WHAT[sphinx-v2-034] unknown retains the original Host evidence","fullName":"WHAT[sphinx-v2-034] nonaccepted Host outcomes retain their own key and never fabricate physical acceptance > WHAT[sphinx-v2-034] unknown retains the original Host evidence"}
[verification-worker-cost] {"version":1,"phase":"exit","sequence":1,"entryFile":"/Users/yuanxi/Workwork/vibe-fs/requirements/sphinx-v2/tests/034.test.mjs","pid":40661,"parentPid":40659,"monotonicMs":731.095125,"cpuUserMicros":915115,"cpuSystemMicros":103830,"exitCode":0}
runner: file lifecycle {"entryFile":"/Users/yuanxi/Workwork/vibe-fs/requirements/sphinx-v2/tests/034.test.mjs","type":"runner:file-drained","elapsedMs":788.6450840000001}
runner: worker cost {"version":1,"entryFile":"/Users/yuanxi/Workwork/vibe-fs/requirements/sphinx-v2/tests/034.test.mjs","enabled":true,"pid":40661,"status":"complete","reason":null,"preImport":{"version":1,"phase":"pre-import","sequence":0,"entryFile":"/Users/yuanxi/Workwork/vibe-fs/requirements/sphinx-v2/tests/034.test.mjs","pid":40661,"parentPid":40659,"monotonicMs":17.778417,"cpuUserMicros":23263,"cpuSystemMicros":4156},"exit":{"version":1,"phase":"exit","sequence":1,"entryFile":"/Users/yuanxi/Workwork/vibe-fs/requirements/sphinx-v2/tests/034.test.mjs","pid":40661,"parentPid":40659,"monotonicMs":731.095125,"cpuUserMicros":915115,"cpuSystemMicros":103830,"exitCode":0},"interval":{"clockPid":40661,"wallMs":713.3167080000001,"cpuUserMicros":891852,"cpuSystemMicros":99674}}

[test-summary] 2 file(s), 12 passed, 0 failed, 1 todo (0.76s wall, 0.69s test time)
  todo: /Users/yuanxi/Workwork/vibe-fs/requirements/sphinx-v2/tests/034.test.mjs:WHAT[sphinx-v2-034] actual Host receipts bind work identity and cancel awaits real child resource termination while late results cannot enter semantic state — reason not supplied
runner: post-exit group verification/reclamation: pid=40659; elapsedMs=16.932; accepted=true
runner: 13 test(s), 0.7s of test time; max 162ms, p90 161ms, median 33ms

runner: 12 passed, 0 failed; 2/2 planned file(s) completed
runner: partial evidence; 0 skipped, 1 TODO; excluded cases are not passes
runner: pending proof prevents complete acceptance
Error: runner: supervised suite failed (exit 1)
    at fail (file:///Users/yuanxi/Workwork/vibe-fs/requirements/verification-system/tests/e2e/support/supervise-node-test.mjs:228:25)
    at superviseOwnedNodeTest (file:///Users/yuanxi/Workwork/vibe-fs/requirements/verification-system/tests/e2e/support/supervise-node-test.mjs:499:5)
    at process.processTicksAndRejections (node:internal/process/task_queues:103:5)
    at async superviseNodeTest (file:///Users/yuanxi/Workwork/vibe-fs/requirements/verification-system/tests/e2e/support/supervise-node-test.mjs:205:14)
    at async file:///Users/yuanxi/Workwork/vibe-fs/requirements/verification-system/tests/run.mjs:94:1 {
  exitCode: 1,
  [cause]: undefined
}
