runner: scoped 使用 TESTS_MJS_FILES=1 files
runner: build is current (1796 sources, 884 artifacts)
runner: discovery OVERRIDDEN by TESTS_MJS_FILES (1 file(s))
runner: 1 test file(s), 5000ms verdict-silence window
runner: file lifecycle {"entryFile":"/Users/yuanxi/Workwork/vibe-fs/requirements/sphinx-v2/tests/034.test.mjs","pid":43225,"parentPid":43204,"type":"runner:file-start","elapsedMs":40.831083000000035}
[verification-worker-cost] {"version":1,"phase":"pre-import","sequence":0,"entryFile":"/Users/yuanxi/Workwork/vibe-fs/requirements/sphinx-v2/tests/034.test.mjs","pid":43226,"parentPid":43225,"monotonicMs":17.913333,"cpuUserMicros":22287,"cpuSystemMicros":4441}
[verification-test-start] {"pid":43226,"parentPid":43225,"entryFile":"/Users/yuanxi/Workwork/vibe-fs/requirements/sphinx-v2/tests/034.test.mjs","name":"WHAT[sphinx-v2-034] recovery classifies an unconfirmed cancellation as awaiting terminal","fullName":"WHAT[sphinx-v2-034] recovery classifies an unconfirmed cancellation as awaiting terminal"}
[verification-test-start] {"pid":43226,"parentPid":43225,"entryFile":"/Users/yuanxi/Workwork/vibe-fs/requirements/sphinx-v2/tests/034.test.mjs","name":"WHAT[sphinx-v2-034] the work identity is checked rather than carried over from a receipt","fullName":"WHAT[sphinx-v2-034] the work identity is checked rather than carried over from a receipt"}
[verification-test-start] {"pid":43226,"parentPid":43225,"entryFile":"/Users/yuanxi/Workwork/vibe-fs/requirements/sphinx-v2/tests/034.test.mjs","name":"WHAT[sphinx-v2-034] the adapter declares only its owned dispatch boundary","fullName":"WHAT[sphinx-v2-034] the adapter declares only its owned dispatch boundary"}
[verification-test-start] {"pid":43226,"parentPid":43225,"entryFile":"/Users/yuanxi/Workwork/vibe-fs/requirements/sphinx-v2/tests/034.test.mjs","name":"WHAT[sphinx-v2-034] actual Host receipts bind work identity and cancel awaits real child resource termination while late results cannot enter semantic state","fullName":"WHAT[sphinx-v2-034] actual Host receipts bind work identity and cancel awaits real child resource termination while late results cannot enter semantic state"}
[verification-test-start] {"pid":43226,"parentPid":43225,"entryFile":"/Users/yuanxi/Workwork/vibe-fs/requirements/sphinx-v2/tests/034.test.mjs","name":"WHAT[sphinx-v2-034] actual Adapter uses the captured nested Host owner independently of InquiryId","fullName":"WHAT[sphinx-v2-034] actual Adapter uses the captured nested Host owner independently of InquiryId"}
[verification-test-start] {"pid":43226,"parentPid":43225,"entryFile":"/Users/yuanxi/Workwork/vibe-fs/requirements/sphinx-v2/tests/034.test.mjs","name":"WHAT[sphinx-v2-034] a captured owner without active durable authority cannot create or send a child","fullName":"WHAT[sphinx-v2-034] a captured owner without active durable authority cannot create or send a child"}
[verification-test-start] {"pid":43226,"parentPid":43225,"entryFile":"/Users/yuanxi/Workwork/vibe-fs/requirements/sphinx-v2/tests/034.test.mjs","name":"WHAT[sphinx-v2-034] a transport receipt remains pending until actual managed physical ingress and its exact terminal","fullName":"WHAT[sphinx-v2-034] a transport receipt remains pending until actual managed physical ingress and its exact terminal"}

✖ failing tests:

test at /Users/yuanxi/Workwork/vibe-fs/requirements/sphinx-v2/tests/034.test.mjs:123:1
✖ WHAT[sphinx-v2-034] a captured owner without active durable authority cannot create or send a child (14.930ms)
  AssertionError [ERR_ASSERTION]: Expected values to be strictly deep-equal:
  + actual - expected
  
  + [
  +   {
  +     agent: 'engineer',
  +     parentSessionId: 'unadmitted-owner',
  +     sessionId: 'unadmitted-owner-child-1',
  +     title: 'wanxiangshu:sync-delegate:v1:scope=unadmitted-owner:role=engineer:agent=engineer'
  +   }
  + ]
  - []
  
      at file:///Users/yuanxi/Workwork/vibe-fs/requirements/sphinx-v2/tests/034.test.mjs:134:12
      at async withHost (file:///Users/yuanxi/Workwork/vibe-fs/requirements/sphinx-v2/tests/host-support.mjs:16:12)
      at async TestContext.<anonymous> (file:///Users/yuanxi/Workwork/vibe-fs/requirements/sphinx-v2/tests/034.test.mjs:124:3)
      at async Test.run (node:internal/test_runner/test:1054:7)
      at async Test.processPendingSubtests (node:internal/test_runner/test:744:7)

[verification-test-start] {"pid":43226,"parentPid":43225,"entryFile":"/Users/yuanxi/Workwork/vibe-fs/requirements/sphinx-v2/tests/034.test.mjs","name":"WHAT[sphinx-v2-034] nonaccepted Host outcomes retain their own key and never fabricate physical acceptance","fullName":"WHAT[sphinx-v2-034] nonaccepted Host outcomes retain their own key and never fabricate physical acceptance"}
[verification-test-start] {"pid":43226,"parentPid":43225,"entryFile":"/Users/yuanxi/Workwork/vibe-fs/requirements/sphinx-v2/tests/034.test.mjs","name":"WHAT[sphinx-v2-034] retryable retains the original Host evidence","fullName":"WHAT[sphinx-v2-034] nonaccepted Host outcomes retain their own key and never fabricate physical acceptance > WHAT[sphinx-v2-034] retryable retains the original Host evidence"}
[verification-test-start] {"pid":43226,"parentPid":43225,"entryFile":"/Users/yuanxi/Workwork/vibe-fs/requirements/sphinx-v2/tests/034.test.mjs","name":"WHAT[sphinx-v2-034] fatal retains the original Host evidence","fullName":"WHAT[sphinx-v2-034] nonaccepted Host outcomes retain their own key and never fabricate physical acceptance > WHAT[sphinx-v2-034] fatal retains the original Host evidence"}
[verification-test-start] {"pid":43226,"parentPid":43225,"entryFile":"/Users/yuanxi/Workwork/vibe-fs/requirements/sphinx-v2/tests/034.test.mjs","name":"WHAT[sphinx-v2-034] unknown retains the original Host evidence","fullName":"WHAT[sphinx-v2-034] nonaccepted Host outcomes retain their own key and never fabricate physical acceptance > WHAT[sphinx-v2-034] unknown retains the original Host evidence"}
[verification-worker-cost] {"version":1,"phase":"exit","sequence":1,"entryFile":"/Users/yuanxi/Workwork/vibe-fs/requirements/sphinx-v2/tests/034.test.mjs","pid":43226,"parentPid":43225,"monotonicMs":624.793625,"cpuUserMicros":785326,"cpuSystemMicros":86522,"exitCode":1}
runner: file lifecycle {"entryFile":"/Users/yuanxi/Workwork/vibe-fs/requirements/sphinx-v2/tests/034.test.mjs","type":"runner:file-drained","elapsedMs":682.8303330000001}

[test-summary] 1 file(s), 9 passed, 1 failed, 1 todo (0.65s wall, 0.44s test time)
  todo: /Users/yuanxi/Workwork/vibe-fs/requirements/sphinx-v2/tests/034.test.mjs:WHAT[sphinx-v2-034] actual Host receipts bind work identity and cancel awaits real child resource termination while late results cannot enter semantic state — reason not supplied
runner: worker cost {"version":1,"entryFile":"/Users/yuanxi/Workwork/vibe-fs/requirements/sphinx-v2/tests/034.test.mjs","enabled":true,"pid":43226,"status":"complete","reason":null,"preImport":{"version":1,"phase":"pre-import","sequence":0,"entryFile":"/Users/yuanxi/Workwork/vibe-fs/requirements/sphinx-v2/tests/034.test.mjs","pid":43226,"parentPid":43225,"monotonicMs":17.913333,"cpuUserMicros":22287,"cpuSystemMicros":4441},"exit":{"version":1,"phase":"exit","sequence":1,"entryFile":"/Users/yuanxi/Workwork/vibe-fs/requirements/sphinx-v2/tests/034.test.mjs","pid":43226,"parentPid":43225,"monotonicMs":624.793625,"cpuUserMicros":785326,"cpuSystemMicros":86522,"exitCode":1},"interval":{"clockPid":43226,"wallMs":606.880292,"cpuUserMicros":763039,"cpuSystemMicros":82081}}
runner: post-exit group verification/reclamation: pid=43225; elapsedMs=17.145; accepted=true
runner: 11 test(s), 0.4s of test time; max 119ms, p90 108ms, median 28ms

runner: 9 passed, 1 failed; 1/1 planned file(s) completed
Error: runner: supervised suite failed (exit 1)
    at fail (file:///Users/yuanxi/Workwork/vibe-fs/requirements/verification-system/tests/e2e/support/supervise-node-test.mjs:228:25)
    at superviseOwnedNodeTest (file:///Users/yuanxi/Workwork/vibe-fs/requirements/verification-system/tests/e2e/support/supervise-node-test.mjs:444:19)
    at process.processTicksAndRejections (node:internal/process/task_queues:103:5)
    at async superviseNodeTest (file:///Users/yuanxi/Workwork/vibe-fs/requirements/verification-system/tests/e2e/support/supervise-node-test.mjs:205:14)
    at async file:///Users/yuanxi/Workwork/vibe-fs/requirements/verification-system/tests/run.mjs:94:1 {
  exitCode: 1,
  [cause]: undefined
}
