runner: scoped 使用 TESTS_MJS_FILES=2 files
runner: build is current (1798 sources, 884 artifacts)
runner: discovery OVERRIDDEN by TESTS_MJS_FILES (2 file(s))
runner: 2 test file(s), 5000ms verdict-silence window
runner: file lifecycle {"entryFile":"/Users/yuanxi/Workwork/vibe-fs/requirements/sphinx-v2/tests/023.test.mjs","pid":37654,"parentPid":37633,"type":"runner:file-start","elapsedMs":35.041292}
runner: file lifecycle {"entryFile":"/Users/yuanxi/Workwork/vibe-fs/requirements/sphinx-v2/tests/034.test.mjs","pid":37654,"parentPid":37633,"type":"runner:file-start","elapsedMs":36.096292000000005}
[verification-worker-cost] {"version":1,"phase":"pre-import","sequence":0,"entryFile":"/Users/yuanxi/Workwork/vibe-fs/requirements/sphinx-v2/tests/023.test.mjs","pid":37655,"parentPid":37654,"monotonicMs":16.641709,"cpuUserMicros":22156,"cpuSystemMicros":4317}
[verification-worker-cost] {"version":1,"phase":"pre-import","sequence":0,"entryFile":"/Users/yuanxi/Workwork/vibe-fs/requirements/sphinx-v2/tests/034.test.mjs","pid":37656,"parentPid":37654,"monotonicMs":16.16475,"cpuUserMicros":21881,"cpuSystemMicros":3410}
[verification-test-start] {"pid":37655,"parentPid":37654,"entryFile":"/Users/yuanxi/Workwork/vibe-fs/requirements/sphinx-v2/tests/023.test.mjs","name":"WHAT[sphinx-v2-023] a label outside the presented set is refused","fullName":"WHAT[sphinx-v2-023] a label outside the presented set is refused"}
[verification-test-start] {"pid":37656,"parentPid":37654,"entryFile":"/Users/yuanxi/Workwork/vibe-fs/requirements/sphinx-v2/tests/034.test.mjs","name":"WHAT[sphinx-v2-034] recovery classifies an unconfirmed cancellation as awaiting terminal","fullName":"WHAT[sphinx-v2-034] recovery classifies an unconfirmed cancellation as awaiting terminal"}
[verification-test-start] {"pid":37655,"parentPid":37654,"entryFile":"/Users/yuanxi/Workwork/vibe-fs/requirements/sphinx-v2/tests/023.test.mjs","name":"WHAT[sphinx-v2-023] private label map bytes never enter the actual Host prompt","fullName":"WHAT[sphinx-v2-023] private label map bytes never enter the actual Host prompt"}
[verification-test-start] {"pid":37656,"parentPid":37654,"entryFile":"/Users/yuanxi/Workwork/vibe-fs/requirements/sphinx-v2/tests/034.test.mjs","name":"WHAT[sphinx-v2-034] the work identity is checked rather than carried over from a receipt","fullName":"WHAT[sphinx-v2-034] the work identity is checked rather than carried over from a receipt"}
[verification-test-start] {"pid":37656,"parentPid":37654,"entryFile":"/Users/yuanxi/Workwork/vibe-fs/requirements/sphinx-v2/tests/034.test.mjs","name":"WHAT[sphinx-v2-034] the adapter declares dispatch and cancel but not unobservable reads","fullName":"WHAT[sphinx-v2-034] the adapter declares dispatch and cancel but not unobservable reads"}
[verification-test-start] {"pid":37656,"parentPid":37654,"entryFile":"/Users/yuanxi/Workwork/vibe-fs/requirements/sphinx-v2/tests/034.test.mjs","name":"WHAT[sphinx-v2-034] actual Host receipts bind work identity and cancel awaits real child resource termination while late results cannot enter semantic state","fullName":"WHAT[sphinx-v2-034] actual Host receipts bind work identity and cancel awaits real child resource termination while late results cannot enter semantic state"}
[verification-test-start] {"pid":37656,"parentPid":37654,"entryFile":"/Users/yuanxi/Workwork/vibe-fs/requirements/sphinx-v2/tests/034.test.mjs","name":"WHAT[sphinx-v2-034] actual Adapter uses the captured nested Host owner independently of InquiryId","fullName":"WHAT[sphinx-v2-034] actual Adapter uses the captured nested Host owner independently of InquiryId"}
[verification-test-start] {"pid":37656,"parentPid":37654,"entryFile":"/Users/yuanxi/Workwork/vibe-fs/requirements/sphinx-v2/tests/034.test.mjs","name":"WHAT[sphinx-v2-034] a captured owner without active durable authority cannot create or send a child","fullName":"WHAT[sphinx-v2-034] a captured owner without active durable authority cannot create or send a child"}

✖ failing tests:

test at /Users/yuanxi/Workwork/vibe-fs/requirements/sphinx-v2/tests/023.test.mjs:83:1
✖ WHAT[sphinx-v2-023] private label map bytes never enter the actual Host prompt (55.796ms)
  AssertionError [ERR_ASSERTION]: host-private author mapping must stay private
  
  true !== false
  
      at file:///Users/yuanxi/Workwork/vibe-fs/requirements/sphinx-v2/tests/023.test.mjs:91:12
      at async withHost (file:///Users/yuanxi/Workwork/vibe-fs/requirements/sphinx-v2/tests/host-support.mjs:14:16)
      at async TestContext.<anonymous> (file:///Users/yuanxi/Workwork/vibe-fs/requirements/sphinx-v2/tests/023.test.mjs:84:3)
      at async Test.run (node:internal/test_runner/test:1054:7)
      at async Test.processPendingSubtests (node:internal/test_runner/test:744:7)

test at /Users/yuanxi/Workwork/vibe-fs/requirements/sphinx-v2/tests/034.test.mjs:102:1
✖ WHAT[sphinx-v2-034] actual Adapter uses the captured nested Host owner independently of InquiryId (51.401ms)
  AssertionError [ERR_ASSERTION]: the real owner uses the managed delegation child path
  + actual - expected
  
  + [
  +   {
  +     agent: null,
  +     ownerSessionId: 'inquiry-is-not-owner',
  +     physicalParentId: null,
  +     sessionId: 'inquiry-is-not-owner-sibling-1',
  +     title: 'sphinx-owned-work'
  +   }
  + ]
  - []
  
      at file:///Users/yuanxi/Workwork/vibe-fs/requirements/sphinx-v2/tests/034.test.mjs:110:12
      at async withHost (file:///Users/yuanxi/Workwork/vibe-fs/requirements/sphinx-v2/tests/host-support.mjs:14:16)
      at async TestContext.<anonymous> (file:///Users/yuanxi/Workwork/vibe-fs/requirements/sphinx-v2/tests/034.test.mjs:103:3)
      at async Test.run (node:internal/test_runner/test:1054:7)
      at async Test.processPendingSubtests (node:internal/test_runner/test:744:7)

[verification-worker-cost] {"version":1,"phase":"exit","sequence":1,"entryFile":"/Users/yuanxi/Workwork/vibe-fs/requirements/sphinx-v2/tests/023.test.mjs","pid":37655,"parentPid":37654,"monotonicMs":379.473209,"cpuUserMicros":509801,"cpuSystemMicros":58790,"exitCode":1}
runner: file lifecycle {"entryFile":"/Users/yuanxi/Workwork/vibe-fs/requirements/sphinx-v2/tests/023.test.mjs","type":"runner:file-drained","elapsedMs":435.1085}
runner: worker cost {"version":1,"entryFile":"/Users/yuanxi/Workwork/vibe-fs/requirements/sphinx-v2/tests/023.test.mjs","enabled":true,"pid":37655,"status":"complete","reason":null,"preImport":{"version":1,"phase":"pre-import","sequence":0,"entryFile":"/Users/yuanxi/Workwork/vibe-fs/requirements/sphinx-v2/tests/023.test.mjs","pid":37655,"parentPid":37654,"monotonicMs":16.641709,"cpuUserMicros":22156,"cpuSystemMicros":4317},"exit":{"version":1,"phase":"exit","sequence":1,"entryFile":"/Users/yuanxi/Workwork/vibe-fs/requirements/sphinx-v2/tests/023.test.mjs","pid":37655,"parentPid":37654,"monotonicMs":379.473209,"cpuUserMicros":509801,"cpuSystemMicros":58790,"exitCode":1},"interval":{"clockPid":37655,"wallMs":362.8315,"cpuUserMicros":487645,"cpuSystemMicros":54473}}
test at /Users/yuanxi/Workwork/vibe-fs/requirements/sphinx-v2/tests/034.test.mjs:120:1
✖ WHAT[sphinx-v2-034] a captured owner without active durable authority cannot create or send a child (26.324ms)
  AssertionError [ERR_ASSERTION]: Expected values to be strictly equal:
  + actual - expected
  
  + 'Accepted'
  - 'NotDispatched'
  
      at file:///Users/yuanxi/Workwork/vibe-fs/requirements/sphinx-v2/tests/034.test.mjs:128:12
      at async withHost (file:///Users/yuanxi/Workwork/vibe-fs/requirements/sphinx-v2/tests/host-support.mjs:14:16)
      at async TestContext.<anonymous> (file:///Users/yuanxi/Workwork/vibe-fs/requirements/sphinx-v2/tests/034.test.mjs:121:3)
      at async Test.run (node:internal/test_runner/test:1054:7)
      at async Test.processPendingSubtests (node:internal/test_runner/test:744:7)

[verification-worker-cost] {"version":1,"phase":"exit","sequence":1,"entryFile":"/Users/yuanxi/Workwork/vibe-fs/requirements/sphinx-v2/tests/034.test.mjs","pid":37656,"parentPid":37654,"monotonicMs":405.611083,"cpuUserMicros":573904,"cpuSystemMicros":60795,"exitCode":1}
runner: file lifecycle {"entryFile":"/Users/yuanxi/Workwork/vibe-fs/requirements/sphinx-v2/tests/034.test.mjs","type":"runner:file-drained","elapsedMs":457.407083}
runner: worker cost {"version":1,"entryFile":"/Users/yuanxi/Workwork/vibe-fs/requirements/sphinx-v2/tests/034.test.mjs","enabled":true,"pid":37656,"status":"complete","reason":null,"preImport":{"version":1,"phase":"pre-import","sequence":0,"entryFile":"/Users/yuanxi/Workwork/vibe-fs/requirements/sphinx-v2/tests/034.test.mjs","pid":37656,"parentPid":37654,"monotonicMs":16.16475,"cpuUserMicros":21881,"cpuSystemMicros":3410},"exit":{"version":1,"phase":"exit","sequence":1,"entryFile":"/Users/yuanxi/Workwork/vibe-fs/requirements/sphinx-v2/tests/034.test.mjs","pid":37656,"parentPid":37654,"monotonicMs":405.611083,"cpuUserMicros":573904,"cpuSystemMicros":60795,"exitCode":1},"interval":{"clockPid":37656,"wallMs":389.446333,"cpuUserMicros":552023,"cpuSystemMicros":57385}}

[test-summary] 2 file(s), 4 passed, 3 failed, 1 todo (0.43s wall, 0.14s test time)
  todo: /Users/yuanxi/Workwork/vibe-fs/requirements/sphinx-v2/tests/034.test.mjs:WHAT[sphinx-v2-034] actual Host receipts bind work identity and cancel awaits real child resource termination while late results cannot enter semantic state — reason not supplied
runner: post-exit group verification/reclamation: pid=37654; elapsedMs=16.317; accepted=true
runner: 8 test(s), 0.1s of test time; max 56ms, p90 56ms, median 2ms

runner: 4 passed, 3 failed; 2/2 planned file(s) completed
Error: runner: supervised suite failed (exit 1)
    at fail (file:///Users/yuanxi/Workwork/vibe-fs/requirements/verification-system/tests/e2e/support/supervise-node-test.mjs:228:25)
    at superviseOwnedNodeTest (file:///Users/yuanxi/Workwork/vibe-fs/requirements/verification-system/tests/e2e/support/supervise-node-test.mjs:444:19)
    at process.processTicksAndRejections (node:internal/process/task_queues:103:5)
    at async superviseNodeTest (file:///Users/yuanxi/Workwork/vibe-fs/requirements/verification-system/tests/e2e/support/supervise-node-test.mjs:205:14)
    at async file:///Users/yuanxi/Workwork/vibe-fs/requirements/verification-system/tests/run.mjs:94:1 {
  exitCode: 1,
  [cause]: undefined
}
