runner: scoped 使用 TESTS_MJS_FILES=3 files
runner: build is current (1798 sources, 884 artifacts)
runner: discovery OVERRIDDEN by TESTS_MJS_FILES (3 file(s))
runner: 3 test file(s), 5000ms verdict-silence window
runner: file lifecycle {"entryFile":"/Users/yuanxi/Workwork/vibe-fs/requirements/dispatch-protocol/tests/004.test.mjs","pid":48158,"parentPid":48136,"type":"runner:file-start","elapsedMs":34.282708000000014}
runner: file lifecycle {"entryFile":"/Users/yuanxi/Workwork/vibe-fs/requirements/dispatch-protocol/tests/007.test.mjs","pid":48158,"parentPid":48136,"type":"runner:file-start","elapsedMs":35.13604099999998}
runner: file lifecycle {"entryFile":"/Users/yuanxi/Workwork/vibe-fs/requirements/dispatch-protocol/tests/009.test.mjs","pid":48158,"parentPid":48136,"type":"runner:file-start","elapsedMs":36.660416}
[verification-test-start] {"pid":48161,"parentPid":48158,"entryFile":"/Users/yuanxi/Workwork/vibe-fs/requirements/dispatch-protocol/tests/009.test.mjs","name":"WHAT[dispatch-protocol-009] PROMPT_007_detached_claims_and_persists_without_physical_accepted","fullName":"WHAT[dispatch-protocol-009] PROMPT_007_detached_claims_and_persists_without_physical_accepted"}
[verification-test-start] {"pid":48159,"parentPid":48158,"entryFile":"/Users/yuanxi/Workwork/vibe-fs/requirements/dispatch-protocol/tests/004.test.mjs","name":"WHAT[dispatch-protocol-004] a detached root observer exception propagates without losing actual acceptance or other confirmation results","fullName":"WHAT[dispatch-protocol-004] a detached root observer exception propagates without losing actual acceptance or other confirmation results"}
[verification-test-start] {"pid":48160,"parentPid":48158,"entryFile":"/Users/yuanxi/Workwork/vibe-fs/requirements/dispatch-protocol/tests/007.test.mjs","name":"WHAT[dispatch-protocol-007] one detached root confirmation timeout leaves another waiter and the real acceptance observer intact","fullName":"WHAT[dispatch-protocol-007] one detached root confirmation timeout leaves another waiter and the real acceptance observer intact"}
[verification-test-start] {"pid":48161,"parentPid":48158,"entryFile":"/Users/yuanxi/Workwork/vibe-fs/requirements/dispatch-protocol/tests/009.test.mjs","name":"WHAT[dispatch-protocol-009] PROMPT_007_detached_sdk_physical_id_does_not_race_chat_message_acceptance","fullName":"WHAT[dispatch-protocol-009] PROMPT_007_detached_sdk_physical_id_does_not_race_chat_message_acceptance"}
[verification-test-start] {"pid":48161,"parentPid":48158,"entryFile":"/Users/yuanxi/Workwork/vibe-fs/requirements/dispatch-protocol/tests/009.test.mjs","name":"WHAT[dispatch-protocol-009] PROMPT_007_detached_returns_even_when_session_send_task_never_settles","fullName":"WHAT[dispatch-protocol-009] PROMPT_007_detached_returns_even_when_session_send_task_never_settles"}
[verification-test-start] {"pid":48159,"parentPid":48158,"entryFile":"/Users/yuanxi/Workwork/vibe-fs/requirements/dispatch-protocol/tests/004.test.mjs","name":"WHAT[dispatch-protocol-004] a detached continuation observer exception propagates without losing actual acceptance or other confirmation results","fullName":"WHAT[dispatch-protocol-004] a detached continuation observer exception propagates without losing actual acceptance or other confirmation results"}
(node:48159) ExperimentalWarning: The MockTimers API is an experimental feature and might change at any time
(Use `node --trace-warnings ...` to show where the warning was created)
[verification-test-start] {"pid":48161,"parentPid":48158,"entryFile":"/Users/yuanxi/Workwork/vibe-fs/requirements/dispatch-protocol/tests/009.test.mjs","name":"WHAT[dispatch-protocol-009] PROMPT_007_detached_continuation_same_claim_path","fullName":"WHAT[dispatch-protocol-009] PROMPT_007_detached_continuation_same_claim_path"}
[verification-test-start] {"pid":48160,"parentPid":48158,"entryFile":"/Users/yuanxi/Workwork/vibe-fs/requirements/dispatch-protocol/tests/007.test.mjs","name":"WHAT[dispatch-protocol-007] detached root remains observable after both existing confirmation waiters time out","fullName":"WHAT[dispatch-protocol-007] detached root remains observable after both existing confirmation waiters time out"}
(node:48160) ExperimentalWarning: The MockTimers API is an experimental feature and might change at any time
(Use `node --trace-warnings ...` to show where the warning was created)
[verification-test-start] {"pid":48161,"parentPid":48158,"entryFile":"/Users/yuanxi/Workwork/vibe-fs/requirements/dispatch-protocol/tests/009.test.mjs","name":"WHAT[dispatch-protocol-009] PROMPT_007_detached_late_listener_verdict_routes_to_exact_owner","fullName":"WHAT[dispatch-protocol-009] PROMPT_007_detached_late_listener_verdict_routes_to_exact_owner"}
[verification-test-start] {"pid":48159,"parentPid":48158,"entryFile":"/Users/yuanxi/Workwork/vibe-fs/requirements/dispatch-protocol/tests/004.test.mjs","name":"WHAT[dispatch-protocol-004] ingress_accepts_the_exact_nonblank_Host_identity","fullName":"WHAT[dispatch-protocol-004] ingress_accepts_the_exact_nonblank_Host_identity"}
[verification-test-start] {"pid":48159,"parentPid":48158,"entryFile":"/Users/yuanxi/Workwork/vibe-fs/requirements/dispatch-protocol/tests/004.test.mjs","name":"WHAT[dispatch-protocol-004] ingress_rejects_missing_or_blank_Host_identity","fullName":"WHAT[dispatch-protocol-004] ingress_rejects_missing_or_blank_Host_identity"}
[verification-test-start] {"pid":48159,"parentPid":48158,"entryFile":"/Users/yuanxi/Workwork/vibe-fs/requirements/dispatch-protocol/tests/004.test.mjs","name":"WHAT[dispatch-protocol-004] ingress_rejects_conflicting_Host_identity_carriers","fullName":"WHAT[dispatch-protocol-004] ingress_rejects_conflicting_Host_identity_carriers"}
[verification-test-start] {"pid":48159,"parentPid":48158,"entryFile":"/Users/yuanxi/Workwork/vibe-fs/requirements/dispatch-protocol/tests/004.test.mjs","name":"WHAT[dispatch-protocol-004] ingress_ignores_non_contract_identity_decoys","fullName":"WHAT[dispatch-protocol-004] ingress_ignores_non_contract_identity_decoys"}
[verification-test-start] {"pid":48159,"parentPid":48158,"entryFile":"/Users/yuanxi/Workwork/vibe-fs/requirements/dispatch-protocol/tests/004.test.mjs","name":"WHAT[dispatch-protocol-004] DP_004_physical_acceptance_is_proven_only_by_physical_message","fullName":"WHAT[dispatch-protocol-004] DP_004_physical_acceptance_is_proven_only_by_physical_message"}
[verification-test-start] {"pid":48160,"parentPid":48158,"entryFile":"/Users/yuanxi/Workwork/vibe-fs/requirements/dispatch-protocol/tests/007.test.mjs","name":"WHAT[dispatch-protocol-007] one detached continuation confirmation timeout leaves another waiter and the real acceptance observer intact","fullName":"WHAT[dispatch-protocol-007] one detached continuation confirmation timeout leaves another waiter and the real acceptance observer intact"}
[verification-test-start] {"pid":48159,"parentPid":48158,"entryFile":"/Users/yuanxi/Workwork/vibe-fs/requirements/dispatch-protocol/tests/004.test.mjs","name":"WHAT[dispatch-protocol-004] actual process restart matches exact durable PromptKey including read-only historical agent-bearing keys without re-encoding them (GAP-136)","fullName":"WHAT[dispatch-protocol-004] actual process restart matches exact durable PromptKey including read-only historical agent-bearing keys without re-encoding them (GAP-136)"}
runner: file lifecycle {"entryFile":"/Users/yuanxi/Workwork/vibe-fs/requirements/dispatch-protocol/tests/004.test.mjs","type":"runner:file-drained","elapsedMs":459.82733299999995}
[verification-test-start] {"pid":48160,"parentPid":48158,"entryFile":"/Users/yuanxi/Workwork/vibe-fs/requirements/dispatch-protocol/tests/007.test.mjs","name":"WHAT[dispatch-protocol-007] detached continuation remains observable after both existing confirmation waiters time out","fullName":"WHAT[dispatch-protocol-007] detached continuation remains observable after both existing confirmation waiters time out"}
[verification-test-start] {"pid":48160,"parentPid":48158,"entryFile":"/Users/yuanxi/Workwork/vibe-fs/requirements/dispatch-protocol/tests/007.test.mjs","name":"WHAT[dispatch-protocol-007] observed AcceptanceUnknown retains its actual PromptKey and native verdict without resending or guessing from reason text","fullName":"WHAT[dispatch-protocol-007] observed AcceptanceUnknown retains its actual PromptKey and native verdict without resending or guessing from reason text"}
[verification-test-start] {"pid":48160,"parentPid":48158,"entryFile":"/Users/yuanxi/Workwork/vibe-fs/requirements/dispatch-protocol/tests/007.test.mjs","name":"WHAT[dispatch-protocol-007] observed Fatal retains its actual PromptKey and native verdict without resending or guessing from reason text","fullName":"WHAT[dispatch-protocol-007] observed Fatal retains its actual PromptKey and native verdict without resending or guessing from reason text"}
[verification-test-start] {"pid":48160,"parentPid":48158,"entryFile":"/Users/yuanxi/Workwork/vibe-fs/requirements/dispatch-protocol/tests/007.test.mjs","name":"WHAT[dispatch-protocol-007] fresh claim projection begins with no observed runtime restarts","fullName":"WHAT[dispatch-protocol-007] fresh claim projection begins with no observed runtime restarts"}
[verification-test-start] {"pid":48160,"parentPid":48158,"entryFile":"/Users/yuanxi/Workwork/vibe-fs/requirements/dispatch-protocol/tests/007.test.mjs","name":"WHAT[dispatch-protocol-007] PROMPT_007_detached_refused_abandons_send_failed_without_resend","fullName":"WHAT[dispatch-protocol-007] PROMPT_007_detached_refused_abandons_send_failed_without_resend"}
[verification-test-start] {"pid":48161,"parentPid":48158,"entryFile":"/Users/yuanxi/Workwork/vibe-fs/requirements/dispatch-protocol/tests/009.test.mjs","name":"WHAT[dispatch-protocol-009] PROMPT_007_detached_late_unknown_keeps_claim_then_refused_abandons","fullName":"WHAT[dispatch-protocol-009] PROMPT_007_detached_late_unknown_keeps_claim_then_refused_abandons"}
[verification-test-start] {"pid":48160,"parentPid":48158,"entryFile":"/Users/yuanxi/Workwork/vibe-fs/requirements/dispatch-protocol/tests/007.test.mjs","name":"WHAT[dispatch-protocol-007] PROMPT_007_detached_outcome_unknown_keeps_claim_pending_never_resends","fullName":"WHAT[dispatch-protocol-007] PROMPT_007_detached_outcome_unknown_keeps_claim_pending_never_resends"}
[verification-test-start] {"pid":48161,"parentPid":48158,"entryFile":"/Users/yuanxi/Workwork/vibe-fs/requirements/dispatch-protocol/tests/009.test.mjs","name":"WHAT[dispatch-protocol-009] PROMPT_007_detached_owned_settled_late_delivery_writes_no_fact","fullName":"WHAT[dispatch-protocol-009] PROMPT_007_detached_owned_settled_late_delivery_writes_no_fact"}
[verification-test-start] {"pid":48160,"parentPid":48158,"entryFile":"/Users/yuanxi/Workwork/vibe-fs/requirements/dispatch-protocol/tests/007.test.mjs","name":"WHAT[dispatch-protocol-007] JNGD_nudge_releases_the_key_when_send_fails_and_retries","fullName":"WHAT[dispatch-protocol-007] JNGD_nudge_releases_the_key_when_send_fails_and_retries"}
[verification-test-start] {"pid":48161,"parentPid":48158,"entryFile":"/Users/yuanxi/Workwork/vibe-fs/requirements/dispatch-protocol/tests/009.test.mjs","name":"WHAT[dispatch-protocol-009] definite refusal of a detached root still cancels all confirmation waits for the abandoned key","fullName":"WHAT[dispatch-protocol-009] definite refusal of a detached root still cancels all confirmation waits for the abandoned key"}
[verification-test-start] {"pid":48160,"parentPid":48158,"entryFile":"/Users/yuanxi/Workwork/vibe-fs/requirements/dispatch-protocol/tests/007.test.mjs","name":"WHAT[dispatch-protocol-007] JNGD_join_gate_dedupes_same_terminal_but_rearms_for_fresh_terminal","fullName":"WHAT[dispatch-protocol-007] JNGD_join_gate_dedupes_same_terminal_but_rearms_for_fresh_terminal"}
[verification-test-start] {"pid":48161,"parentPid":48158,"entryFile":"/Users/yuanxi/Workwork/vibe-fs/requirements/dispatch-protocol/tests/009.test.mjs","name":"WHAT[dispatch-protocol-009] detached root returns while SDK is unresolved and observes actual managed acceptance","fullName":"WHAT[dispatch-protocol-009] detached root returns while SDK is unresolved and observes actual managed acceptance"}
[verification-test-start] {"pid":48160,"parentPid":48158,"entryFile":"/Users/yuanxi/Workwork/vibe-fs/requirements/dispatch-protocol/tests/007.test.mjs","name":"WHAT[dispatch-protocol-007] opening additional journal writers does not abandon an unresolved claim","fullName":"WHAT[dispatch-protocol-007] opening additional journal writers does not abandon an unresolved claim"}
[verification-test-start] {"pid":48161,"parentPid":48158,"entryFile":"/Users/yuanxi/Workwork/vibe-fs/requirements/dispatch-protocol/tests/009.test.mjs","name":"WHAT[dispatch-protocol-009] detached root OwnedSettled delivery retains its observer without proving physical acceptance","fullName":"WHAT[dispatch-protocol-009] detached root OwnedSettled delivery retains its observer without proving physical acceptance"}
runner: file lifecycle {"entryFile":"/Users/yuanxi/Workwork/vibe-fs/requirements/dispatch-protocol/tests/007.test.mjs","type":"runner:file-drained","elapsedMs":934.2830829999999}
[verification-test-start] {"pid":48161,"parentPid":48158,"entryFile":"/Users/yuanxi/Workwork/vibe-fs/requirements/dispatch-protocol/tests/009.test.mjs","name":"WHAT[dispatch-protocol-009] detached root retains its observer after a real Host Unknown delivery until actual physical evidence","fullName":"WHAT[dispatch-protocol-009] detached root retains its observer after a real Host Unknown delivery until actual physical evidence"}
[verification-test-start] {"pid":48161,"parentPid":48158,"entryFile":"/Users/yuanxi/Workwork/vibe-fs/requirements/dispatch-protocol/tests/009.test.mjs","name":"WHAT[dispatch-protocol-009] detached root definite Host refusal rejects later acceptance of the abandoned key without notifying","fullName":"WHAT[dispatch-protocol-009] detached root definite Host refusal rejects later acceptance of the abandoned key without notifying"}
[verification-test-start] {"pid":48161,"parentPid":48158,"entryFile":"/Users/yuanxi/Workwork/vibe-fs/requirements/dispatch-protocol/tests/009.test.mjs","name":"WHAT[dispatch-protocol-009] definite refusal of a detached continuation still cancels all confirmation waits for the abandoned key","fullName":"WHAT[dispatch-protocol-009] definite refusal of a detached continuation still cancels all confirmation waits for the abandoned key"}
[verification-test-start] {"pid":48161,"parentPid":48158,"entryFile":"/Users/yuanxi/Workwork/vibe-fs/requirements/dispatch-protocol/tests/009.test.mjs","name":"WHAT[dispatch-protocol-009] detached continuation returns while SDK is unresolved and observes actual managed acceptance","fullName":"WHAT[dispatch-protocol-009] detached continuation returns while SDK is unresolved and observes actual managed acceptance"}
[verification-test-start] {"pid":48161,"parentPid":48158,"entryFile":"/Users/yuanxi/Workwork/vibe-fs/requirements/dispatch-protocol/tests/009.test.mjs","name":"WHAT[dispatch-protocol-009] detached continuation OwnedSettled delivery retains its observer without proving physical acceptance","fullName":"WHAT[dispatch-protocol-009] detached continuation OwnedSettled delivery retains its observer without proving physical acceptance"}
[verification-test-start] {"pid":48161,"parentPid":48158,"entryFile":"/Users/yuanxi/Workwork/vibe-fs/requirements/dispatch-protocol/tests/009.test.mjs","name":"WHAT[dispatch-protocol-009] detached continuation retains its observer after a real Host Unknown delivery until actual physical evidence","fullName":"WHAT[dispatch-protocol-009] detached continuation retains its observer after a real Host Unknown delivery until actual physical evidence"}
[verification-test-start] {"pid":48161,"parentPid":48158,"entryFile":"/Users/yuanxi/Workwork/vibe-fs/requirements/dispatch-protocol/tests/009.test.mjs","name":"WHAT[dispatch-protocol-009] detached continuation definite Host refusal rejects later acceptance of the abandoned key without notifying","fullName":"WHAT[dispatch-protocol-009] detached continuation definite Host refusal rejects later acceptance of the abandoned key without notifying"}
runner: file lifecycle {"entryFile":"/Users/yuanxi/Workwork/vibe-fs/requirements/dispatch-protocol/tests/009.test.mjs","type":"runner:file-drained","elapsedMs":1428.6447910000002}

[test-summary] 3 file(s), 36 passed, 0 failed, 1 todo (1.40s wall, 2.27s test time)
  todo: /Users/yuanxi/Workwork/vibe-fs/requirements/dispatch-protocol/tests/004.test.mjs:WHAT[dispatch-protocol-004] actual process restart matches exact durable PromptKey including read-only historical agent-bearing keys without re-encoding them (GAP-136) — reason not supplied
runner: post-exit group verification/reclamation: pid=48158; elapsedMs=16.541; accepted=true
runner: 37 test(s), 2.3s of test time; max 308ms, p90 109ms, median 60ms
runner:     308ms  WHAT[dispatch-protocol-009] PROMPT_007_detached_late_listener_verdict_routes_to_exact_owner
runner:     135ms  WHAT[dispatch-protocol-007] one detached root confirmation timeout leaves another waiter and the real acceptance observer intact
runner:     128ms  WHAT[dispatch-protocol-004] a detached root observer exception propagates without losing actual acceptance or other confirmation results
runner:     109ms  WHAT[dispatch-protocol-004] a detached continuation observer exception propagates without losing actual acceptance or other confirmation results
runner:      91ms  WHAT[dispatch-protocol-009] PROMPT_007_detached_claims_and_persists_without_physical_accepted

runner: 36 passed, 0 failed; 3/3 planned file(s) completed
runner: partial evidence; 0 skipped, 1 TODO; excluded cases are not passes
runner: pending proof prevents complete acceptance
Error: runner: supervised suite failed (exit 1)
    at fail (file:///Users/yuanxi/Workwork/vibe-fs/requirements/verification-system/tests/e2e/support/supervise-node-test.mjs:221:25)
    at superviseOwnedNodeTest (file:///Users/yuanxi/Workwork/vibe-fs/requirements/verification-system/tests/e2e/support/supervise-node-test.mjs:455:5)
    at process.processTicksAndRejections (node:internal/process/task_queues:103:5)
    at async superviseNodeTest (file:///Users/yuanxi/Workwork/vibe-fs/requirements/verification-system/tests/e2e/support/supervise-node-test.mjs:199:14)
    at async file:///Users/yuanxi/Workwork/vibe-fs/requirements/verification-system/tests/run.mjs:94:1 {
  exitCode: 1
}
