TAP version 13
# Subtest: WHAT[sphinx-v2-010] two stale handles can both append the same intent under different commands and cold replay retains the legal fork
ok 1 - WHAT[sphinx-v2-010] two stale handles can both append the same intent under different commands and cold replay retains the legal fork
  ---
  duration_ms: 188.20025
  type: 'test'
  ...
# {"kind":"raw-append-capability-boundary","mode":"two-handles","parentPid":34402,"coldPid":34404,"eventIds":["ev0d838a48837748d4b854d66e20ed19c9828256593524a0fb7fe72e570b9aa3de","ev499412cc49df81ac12e1ed195e67b77b990b9a8f63a4d64214475c9096ad472c"],"heads":["ev0d838a48837748d4b854d66e20ed19c9828256593524a0fb7fe72e570b9aa3de","ev499412cc49df81ac12e1ed195e67b77b990b9a8f63a4d64214475c9096ad472c"]}
# Subtest: WHAT[sphinx-v2-010] two actual processes seal the same base before either raw append and independent cold replay retains both intent branches
ok 2 - WHAT[sphinx-v2-010] two actual processes seal the same base before either raw append and independent cold replay retains both intent branches
  ---
  duration_ms: 449.323417
  type: 'test'
  ...
# {"kind":"raw-append-capability-boundary","mode":"two-processes","parentPid":34402,"coordinatorPid":34407,"writerPids":[34408,34409],"coldPid":34412,"eventIds":["eva453dff6996811802e684baf1259243d2f86b1a5957b67dd6691667f0b019160","eva5eee4d86806181b3f0f56a761ecee99f72137f64c7f8529759874099ca099c8"],"trace":[{"phase":"sealed","writerId":"h0b-left-71d64f3e-1aec-481e-8994-0cdb2c9c7a77","pid":34408},{"phase":"sealed","writerId":"h0b-right-71d64f3e-1aec-481e-8994-0cdb2c9c7a77","pid":34409},{"phase":"go","writerId":"h0b-left-71d64f3e-1aec-481e-8994-0cdb2c9c7a77","pid":34408},{"phase":"go","writerId":"h0b-right-71d64f3e-1aec-481e-8994-0cdb2c9c7a77","pid":34409},{"phase":"appended","writerId":"h0b-left-71d64f3e-1aec-481e-8994-0cdb2c9c7a77","pid":34408},{"phase":"appended","writerId":"h0b-right-71d64f3e-1aec-481e-8994-0cdb2c9c7a77","pid":34409}],"heads":["eva453dff6996811802e684baf1259243d2f86b1a5957b67dd6691667f0b019160","eva5eee4d86806181b3f0f56a761ecee99f72137f64c7f8529759874099ca099c8"]}
1..2
# tests 2
# suites 0
# pass 2
# fail 0
# cancelled 0
# skipped 0
# todo 0
# duration_ms 741.754125
