runner: scoped 使用 TESTS_MJS_FILES=6 files
runner: build is current (1798 sources, 886 artifacts)
runner: discovery OVERRIDDEN by TESTS_MJS_FILES (6 file(s))
runner: 6 test file(s), 5000ms verdict-silence window
runner: file lifecycle {"entryFile":"/Users/yuanxi/Workwork/vibe-fs/requirements/delegation/tests/025.test.mjs","pid":94641,"parentPid":94619,"type":"runner:file-start","elapsedMs":32.48608300000001}
runner: file lifecycle {"entryFile":"/Users/yuanxi/Workwork/vibe-fs/requirements/dispatch-protocol/tests/003.test.mjs","pid":94641,"parentPid":94619,"type":"runner:file-start","elapsedMs":33.232708}
runner: file lifecycle {"entryFile":"/Users/yuanxi/Workwork/vibe-fs/requirements/dispatch-protocol/tests/007.test.mjs","pid":94641,"parentPid":94619,"type":"runner:file-start","elapsedMs":34.53783299999998}
runner: file lifecycle {"entryFile":"/Users/yuanxi/Workwork/vibe-fs/requirements/durable-events/tests/014.test.mjs","pid":94641,"parentPid":94619,"type":"runner:file-start","elapsedMs":35.21266600000001}
runner: file lifecycle {"entryFile":"/Users/yuanxi/Workwork/vibe-fs/requirements/sphinx-v2/tests/002.test.mjs","pid":94641,"parentPid":94619,"type":"runner:file-start","elapsedMs":36.61620799999997}
runner: file lifecycle {"entryFile":"/Users/yuanxi/Workwork/vibe-fs/requirements/sphinx-v2/tests/029.test.mjs","pid":94641,"parentPid":94619,"type":"runner:file-start","elapsedMs":37.73316599999998}
[verification-test-start] {"pid":94646,"parentPid":94641,"entryFile":"/Users/yuanxi/Workwork/vibe-fs/requirements/sphinx-v2/tests/002.test.mjs","name":"WHAT[sphinx-v2-002] the profile config hash input carries no ranking terms","fullName":"WHAT[sphinx-v2-002] the profile config hash input carries no ranking terms"}
[verification-test-start] {"pid":94646,"parentPid":94641,"entryFile":"/Users/yuanxi/Workwork/vibe-fs/requirements/sphinx-v2/tests/002.test.mjs","name":"WHAT[sphinx-v2-002] an invalid profile is refused","fullName":"WHAT[sphinx-v2-002] an invalid profile is refused"}
[verification-test-start] {"pid":94646,"parentPid":94641,"entryFile":"/Users/yuanxi/Workwork/vibe-fs/requirements/sphinx-v2/tests/002.test.mjs","name":"WHAT[sphinx-v2-002] the declared default profile is admissible","fullName":"WHAT[sphinx-v2-002] the declared default profile is admissible"}
[verification-test-start] {"pid":94646,"parentPid":94641,"entryFile":"/Users/yuanxi/Workwork/vibe-fs/requirements/sphinx-v2/tests/002.test.mjs","name":"WHAT[sphinx-v2-002] delegated execution claims no independence","fullName":"WHAT[sphinx-v2-002] delegated execution claims no independence"}
[verification-test-start] {"pid":94646,"parentPid":94641,"entryFile":"/Users/yuanxi/Workwork/vibe-fs/requirements/sphinx-v2/tests/002.test.mjs","name":"WHAT[sphinx-v2-002] an Unestimated plan cannot gain a usable estimate from supplied Rank or Location","fullName":"WHAT[sphinx-v2-002] an Unestimated plan cannot gain a usable estimate from supplied Rank or Location"}
[verification-test-start] {"pid":94646,"parentPid":94641,"entryFile":"/Users/yuanxi/Workwork/vibe-fs/requirements/sphinx-v2/tests/002.test.mjs","name":"WHAT[sphinx-v2-002] a collection of only Unestimated plans has no selected alternative","fullName":"WHAT[sphinx-v2-002] a collection of only Unestimated plans has no selected alternative"}

✖ failing tests:

test at /Users/yuanxi/Workwork/vibe-fs/requirements/sphinx-v2/tests/002.test.mjs:113:1
✖ WHAT[sphinx-v2-002] an Unestimated plan cannot gain a usable estimate from supplied Rank or Location (4.464ms)
  AssertionError [ERR_ASSERTION]: Expected values to be strictly deep-equal:
  + actual - expected
  
    [
      {
  +     Kind: 'unestimated',
  +     PlanId: 'never-compared',
  +     Rank: 0,
  +     ScopeId: 'scope-unestimated-guard'
  +   },
  +   {
        Kind: 'ordinal-only',
        PlanId: 'compared-plan',
        Rank: 2,
        ScopeId: 'scope-unestimated-guard'
      }
  
      at TestContext.<anonymous> (file:///Users/yuanxi/Workwork/vibe-fs/requirements/sphinx-v2/tests/002.test.mjs:118:14)
      at Test.runInAsyncScope (node:async_hooks:214:14)
      at Test.run (node:internal/test_runner/test:1047:25)
      at async Test.processPendingSubtests (node:internal/test_runner/test:744:7)

[verification-test-start] {"pid":94646,"parentPid":94641,"entryFile":"/Users/yuanxi/Workwork/vibe-fs/requirements/sphinx-v2/tests/002.test.mjs","name":"WHAT[sphinx-v2-002] declared estimates retain the existing zero-rank convention","fullName":"WHAT[sphinx-v2-002] declared estimates retain the existing zero-rank convention"}
test at /Users/yuanxi/Workwork/vibe-fs/requirements/sphinx-v2/tests/002.test.mjs:126:1
✖ WHAT[sphinx-v2-002] a collection of only Unestimated plans has no selected alternative (1.319ms)
  AssertionError [ERR_ASSERTION]: Expected values to be strictly deep-equal:
  + actual - expected
  
  + [
  +   {
  +     Kind: 'unestimated',
  +     PlanId: 'never-compared-zero',
  +     Rank: 0,
  +     ScopeId: 'scope-unestimated-guard'
  +   },
  +   {
  +     Kind: 'unestimated',
  +     PlanId: 'never-compared-one',
  +     Rank: 1,
  +     ScopeId: 'scope-unestimated-guard'
  +   }
  + ]
  - []
  
      at TestContext.<anonymous> (file:///Users/yuanxi/Workwork/vibe-fs/requirements/sphinx-v2/tests/002.test.mjs:131:10)
      at Test.runInAsyncScope (node:async_hooks:214:14)
      at Test.run (node:internal/test_runner/test:1047:25)
      at async Test.processPendingSubtests (node:internal/test_runner/test:744:7)

[verification-test-start] {"pid":94645,"parentPid":94641,"entryFile":"/Users/yuanxi/Workwork/vibe-fs/requirements/durable-events/tests/014.test.mjs","name":"WHAT[durable-events-014] PERSIST_001_ordering_is_by_local_seq_inside_a_runtime_and_by_time_across","fullName":"WHAT[durable-events-014] PERSIST_001_ordering_is_by_local_seq_inside_a_runtime_and_by_time_across"}
[verification-test-start] {"pid":94647,"parentPid":94641,"entryFile":"/Users/yuanxi/Workwork/vibe-fs/requirements/sphinx-v2/tests/029.test.mjs","name":"WHAT[sphinx-v2-029] answer.now wins when it is estimated highest","fullName":"WHAT[sphinx-v2-029] answer.now wins when it is estimated highest"}
[verification-test-start] {"pid":94646,"parentPid":94641,"entryFile":"/Users/yuanxi/Workwork/vibe-fs/requirements/sphinx-v2/tests/002.test.mjs","name":"WHAT[sphinx-v2-002] an empty comparison or missing estimates cannot claim numerical comparability","fullName":"WHAT[sphinx-v2-002] an empty comparison or missing estimates cannot claim numerical comparability"}
test at /Users/yuanxi/Workwork/vibe-fs/requirements/sphinx-v2/tests/002.test.mjs:148:1
✖ WHAT[sphinx-v2-002] an empty comparison or missing estimates cannot claim numerical comparability (1.830ms)
  AssertionError [ERR_ASSERTION]: Expected values to be strictly equal:
  
  true !== false
  
      at TestContext.<anonymous> (file:///Users/yuanxi/Workwork/vibe-fs/requirements/sphinx-v2/tests/002.test.mjs:149:10)
      at Test.runInAsyncScope (node:async_hooks:214:14)
      at Test.run (node:internal/test_runner/test:1047:25)
      at async Test.processPendingSubtests (node:internal/test_runner/test:744:7)

[verification-test-start] {"pid":94647,"parentPid":94641,"entryFile":"/Users/yuanxi/Workwork/vibe-fs/requirements/sphinx-v2/tests/029.test.mjs","name":"WHAT[sphinx-v2-029] an investigation wins when it is estimated highest","fullName":"WHAT[sphinx-v2-029] an investigation wins when it is estimated highest"}
[verification-test-start] {"pid":94647,"parentPid":94641,"entryFile":"/Users/yuanxi/Workwork/vibe-fs/requirements/sphinx-v2/tests/029.test.mjs","name":"WHAT[sphinx-v2-029] answer.now receives no default advantage when it is Unestimated","fullName":"WHAT[sphinx-v2-029] answer.now receives no default advantage when it is Unestimated"}
[verification-test-start] {"pid":94647,"parentPid":94641,"entryFile":"/Users/yuanxi/Workwork/vibe-fs/requirements/sphinx-v2/tests/029.test.mjs","name":"WHAT[sphinx-v2-029] an estimated answer.now may win against an Unestimated investigation","fullName":"WHAT[sphinx-v2-029] an estimated answer.now may win against an Unestimated investigation"}
test at /Users/yuanxi/Workwork/vibe-fs/requirements/sphinx-v2/tests/029.test.mjs:89:1
✖ WHAT[sphinx-v2-029] answer.now receives no default advantage when it is Unestimated (1.817ms)
  AssertionError [ERR_ASSERTION]: Expected values to be strictly equal:
  + actual - expected
  
  + 'answer.now'
  - 'investigation'
  
      at TestContext.<anonymous> (file:///Users/yuanxi/Workwork/vibe-fs/requirements/sphinx-v2/tests/029.test.mjs:94:14)
      at Test.runInAsyncScope (node:async_hooks:214:14)
      at Test.run (node:internal/test_runner/test:1047:25)
      at async Test.processPendingSubtests (node:internal/test_runner/test:744:7)

[verification-test-start] {"pid":94647,"parentPid":94641,"entryFile":"/Users/yuanxi/Workwork/vibe-fs/requirements/sphinx-v2/tests/029.test.mjs","name":"WHAT[sphinx-v2-029] selected ordinal and provisional answers retain their actual estimate kind","fullName":"WHAT[sphinx-v2-029] selected ordinal and provisional answers retain their actual estimate kind"}
test at /Users/yuanxi/Workwork/vibe-fs/requirements/sphinx-v2/tests/029.test.mjs:99:1
✖ WHAT[sphinx-v2-029] an estimated answer.now may win against an Unestimated investigation (2.007ms)
  AssertionError [ERR_ASSERTION]: Expected values to be strictly equal:
  + actual - expected
  
  + 'investigation'
  - 'answer.now'
  
      at TestContext.<anonymous> (file:///Users/yuanxi/Workwork/vibe-fs/requirements/sphinx-v2/tests/029.test.mjs:103:12)
      at Test.runInAsyncScope (node:async_hooks:214:14)
      at Test.run (node:internal/test_runner/test:1047:25)
      at async Test.processPendingSubtests (node:internal/test_runner/test:744:7)

test at /Users/yuanxi/Workwork/vibe-fs/requirements/sphinx-v2/tests/029.test.mjs:107:1
✖ WHAT[sphinx-v2-029] selected ordinal and provisional answers retain their actual estimate kind (1.068ms)
  AssertionError [ERR_ASSERTION]: Expected values to be strictly equal:
  + actual - expected
  
  + undefined
  - 'ordinal-only'
  
      at TestContext.<anonymous> (file:///Users/yuanxi/Workwork/vibe-fs/requirements/sphinx-v2/tests/029.test.mjs:113:12)
      at Test.runInAsyncScope (node:async_hooks:214:14)
      at Test.run (node:internal/test_runner/test:1047:25)
      at async Test.processPendingSubtests (node:internal/test_runner/test:744:7)

runner: file lifecycle {"entryFile":"/Users/yuanxi/Workwork/vibe-fs/requirements/sphinx-v2/tests/002.test.mjs","type":"runner:file-drained","elapsedMs":126.84200000000004}
runner: file lifecycle {"entryFile":"/Users/yuanxi/Workwork/vibe-fs/requirements/sphinx-v2/tests/029.test.mjs","type":"runner:file-drained","elapsedMs":129.76679099999996}
[verification-test-start] {"pid":94645,"parentPid":94641,"entryFile":"/Users/yuanxi/Workwork/vibe-fs/requirements/durable-events/tests/014.test.mjs","name":"WHAT[durable-events-014] PERSIST_001_same_instant_across_runtimes_breaks_the_tie_by_runtime_id","fullName":"WHAT[durable-events-014] PERSIST_001_same_instant_across_runtimes_breaks_the_tie_by_runtime_id"}
[verification-test-start] {"pid":94645,"parentPid":94641,"entryFile":"/Users/yuanxi/Workwork/vibe-fs/requirements/durable-events/tests/014.test.mjs","name":"WHAT[durable-events-014] PERSIST_001_k_way_merge_is_a_total_order_regardless_of_input_order","fullName":"WHAT[durable-events-014] PERSIST_001_k_way_merge_is_a_total_order_regardless_of_input_order"}
[verification-test-start] {"pid":94645,"parentPid":94641,"entryFile":"/Users/yuanxi/Workwork/vibe-fs/requirements/durable-events/tests/014.test.mjs","name":"WHAT[durable-events-014] DURABLE_EVENTS_014_k_way_merge_is_deterministic_with_EventId_tiebreak","fullName":"WHAT[durable-events-014] DURABLE_EVENTS_014_k_way_merge_is_deterministic_with_EventId_tiebreak"}
[verification-test-start] {"pid":94645,"parentPid":94641,"entryFile":"/Users/yuanxi/Workwork/vibe-fs/requirements/durable-events/tests/014.test.mjs","name":"WHAT[durable-events-014] DURABLE_EVENTS_014_k_way_merge_is_writer_enumeration_independent","fullName":"WHAT[durable-events-014] DURABLE_EVENTS_014_k_way_merge_is_writer_enumeration_independent"}
[verification-test-start] {"pid":94645,"parentPid":94641,"entryFile":"/Users/yuanxi/Workwork/vibe-fs/requirements/durable-events/tests/014.test.mjs","name":"WHAT[durable-events-014] k-way merge bounds actual ready-cursor comparisons","fullName":"WHAT[durable-events-014] k-way merge bounds actual ready-cursor comparisons"}
test at /Users/yuanxi/Workwork/vibe-fs/requirements/durable-events/tests/014.test.mjs:163:1
✖ WHAT[durable-events-014] k-way merge bounds actual ready-cursor comparisons (3.167ms)
  AssertionError [ERR_ASSERTION]: the native merge owner must report comparisons from its actual execution
  + actual - expected
  
  + 'undefined'
  - 'function'
  
      at TestContext.<anonymous> (file:///Users/yuanxi/Workwork/vibe-fs/requirements/durable-events/tests/014.test.mjs:177:10)
      at Test.runInAsyncScope (node:async_hooks:214:14)
      at Test.run (node:internal/test_runner/test:1047:25)
      at async Test.processPendingSubtests (node:internal/test_runner/test:744:7)

runner: file lifecycle {"entryFile":"/Users/yuanxi/Workwork/vibe-fs/requirements/durable-events/tests/014.test.mjs","type":"runner:file-drained","elapsedMs":199.39129099999997}
[verification-test-start] {"pid":94642,"parentPid":94641,"entryFile":"/Users/yuanxi/Workwork/vibe-fs/requirements/delegation/tests/025.test.mjs","name":"WHAT[delegation-025] late failure from a previous root cannot settle a reused sync call","fullName":"WHAT[delegation-025] late failure from a previous root cannot settle a reused sync call"}
[verification-test-start] {"pid":94644,"parentPid":94641,"entryFile":"/Users/yuanxi/Workwork/vibe-fs/requirements/dispatch-protocol/tests/007.test.mjs","name":"WHAT[dispatch-protocol-007] observed AcceptanceUnknown retains its actual PromptKey and native verdict without resending or guessing from reason text","fullName":"WHAT[dispatch-protocol-007] observed AcceptanceUnknown retains its actual PromptKey and native verdict without resending or guessing from reason text"}
[verification-test-start] {"pid":94643,"parentPid":94641,"entryFile":"/Users/yuanxi/Workwork/vibe-fs/requirements/dispatch-protocol/tests/003.test.mjs","name":"WHAT[dispatch-protocol-003] typed transport receipt accepted-queue-entry remains pending and grants no authority after journal reopen","fullName":"WHAT[dispatch-protocol-003] typed transport receipt accepted-queue-entry remains pending and grants no authority after journal reopen"}
[verification-test-start] {"pid":94644,"parentPid":94641,"entryFile":"/Users/yuanxi/Workwork/vibe-fs/requirements/dispatch-protocol/tests/007.test.mjs","name":"WHAT[dispatch-protocol-007] observed Fatal retains its actual PromptKey and native verdict without resending or guessing from reason text","fullName":"WHAT[dispatch-protocol-007] observed Fatal retains its actual PromptKey and native verdict without resending or guessing from reason text"}
test at /Users/yuanxi/Workwork/vibe-fs/requirements/dispatch-protocol/tests/007.test.mjs:11:3
✖ WHAT[dispatch-protocol-007] observed AcceptanceUnknown retains its actual PromptKey and native verdict without resending or guessing from reason text (12.388ms)
  AssertionError [ERR_ASSERTION]: new observed API missing; capability red, not an existing business failure
  + actual - expected
  
  + 'undefined'
  - 'function'
  
      at TestContext.<anonymous> (file:///Users/yuanxi/Workwork/vibe-fs/requirements/dispatch-protocol/tests/007.test.mjs:12:20)
      at Test.runInAsyncScope (node:async_hooks:214:14)
      at Test.run (node:internal/test_runner/test:1047:25)
      at async startSubtestAfterBootstrap (node:internal/test_runner/harness:296:3)

[verification-test-start] {"pid":94644,"parentPid":94641,"entryFile":"/Users/yuanxi/Workwork/vibe-fs/requirements/dispatch-protocol/tests/007.test.mjs","name":"WHAT[dispatch-protocol-007] fresh claim projection begins with no observed runtime restarts","fullName":"WHAT[dispatch-protocol-007] fresh claim projection begins with no observed runtime restarts"}
test at /Users/yuanxi/Workwork/vibe-fs/requirements/dispatch-protocol/tests/007.test.mjs:11:3
✖ WHAT[dispatch-protocol-007] observed Fatal retains its actual PromptKey and native verdict without resending or guessing from reason text (1.073ms)
  AssertionError [ERR_ASSERTION]: new observed API missing; capability red, not an existing business failure
  + actual - expected
  
  + 'undefined'
  - 'function'
  
      at TestContext.<anonymous> (file:///Users/yuanxi/Workwork/vibe-fs/requirements/dispatch-protocol/tests/007.test.mjs:12:20)
      at Test.runInAsyncScope (node:async_hooks:214:14)
      at Test.run (node:internal/test_runner/test:1047:25)
      at async Test.processPendingSubtests (node:internal/test_runner/test:744:7)

[verification-test-start] {"pid":94644,"parentPid":94641,"entryFile":"/Users/yuanxi/Workwork/vibe-fs/requirements/dispatch-protocol/tests/007.test.mjs","name":"WHAT[dispatch-protocol-007] PROMPT_007_detached_refused_abandons_send_failed_without_resend","fullName":"WHAT[dispatch-protocol-007] PROMPT_007_detached_refused_abandons_send_failed_without_resend"}
[verification-test-start] {"pid":94643,"parentPid":94641,"entryFile":"/Users/yuanxi/Workwork/vibe-fs/requirements/dispatch-protocol/tests/003.test.mjs","name":"WHAT[dispatch-protocol-003] typed transport receipt msg-looks-like-physical remains pending and grants no authority after journal reopen","fullName":"WHAT[dispatch-protocol-003] typed transport receipt msg-looks-like-physical remains pending and grants no authority after journal reopen"}
[verification-test-start] {"pid":94643,"parentPid":94641,"entryFile":"/Users/yuanxi/Workwork/vibe-fs/requirements/dispatch-protocol/tests/003.test.mjs","name":"WHAT[dispatch-protocol-003] observed receipt-only send stays unaccepted until true physical ingress while preserving the original receipt carrier","fullName":"WHAT[dispatch-protocol-003] observed receipt-only send stays unaccepted until true physical ingress while preserving the original receipt carrier"}
test at /Users/yuanxi/Workwork/vibe-fs/requirements/dispatch-protocol/tests/003.test.mjs:26:1
✖ WHAT[dispatch-protocol-003] observed receipt-only send stays unaccepted until true physical ingress while preserving the original receipt carrier (1.727ms)
  AssertionError [ERR_ASSERTION]: new observed API missing; capability red, not an existing business failure
  + actual - expected
  
  + 'undefined'
  - 'function'
  
      at TestContext.<anonymous> (file:///Users/yuanxi/Workwork/vibe-fs/requirements/dispatch-protocol/tests/003.test.mjs:27:10)
      at Test.runInAsyncScope (node:async_hooks:214:14)
      at Test.run (node:internal/test_runner/test:1047:25)
      at async Test.processPendingSubtests (node:internal/test_runner/test:744:7)

runner: file lifecycle {"entryFile":"/Users/yuanxi/Workwork/vibe-fs/requirements/dispatch-protocol/tests/003.test.mjs","type":"runner:file-drained","elapsedMs":381.16524999999996}
[verification-test-start] {"pid":94642,"parentPid":94641,"entryFile":"/Users/yuanxi/Workwork/vibe-fs/requirements/delegation/tests/025.test.mjs","name":"WHAT[delegation-025] future Host subscriber excludes old terminal and retains new execution identity","fullName":"WHAT[delegation-025] future Host subscriber excludes old terminal and retains new execution identity"}
[verification-test-start] {"pid":94642,"parentPid":94641,"entryFile":"/Users/yuanxi/Workwork/vibe-fs/requirements/delegation/tests/025.test.mjs","name":"WHAT[delegation-025] actual fork execution rejects late run-scoped success failure and abort while preserving legitimate session-wide failures (GAP-153)","fullName":"WHAT[delegation-025] actual fork execution rejects late run-scoped success failure and abort while preserving legitimate session-wide failures (GAP-153)"}
[verification-test-start] {"pid":94642,"parentPid":94641,"entryFile":"/Users/yuanxi/Workwork/vibe-fs/requirements/delegation/tests/025.test.mjs","name":"WHAT[delegation-025] observed Engineer execution publishes the exact admitted prompt and causal formal terminal after the existing workflow","fullName":"WHAT[delegation-025] observed Engineer execution publishes the exact admitted prompt and causal formal terminal after the existing workflow"}
[verification-test-start] {"pid":94642,"parentPid":94641,"entryFile":"/Users/yuanxi/Workwork/vibe-fs/requirements/delegation/tests/025.test.mjs","name":"WHAT[delegation-025] observed invocations reuse a child while preserving distinct prompt and terminal identities and rejecting previous terminals","fullName":"WHAT[delegation-025] observed invocations reuse a child while preserving distinct prompt and terminal identities and rejecting previous terminals"}
test at /Users/yuanxi/Workwork/vibe-fs/requirements/delegation/tests/025.test.mjs:64:1
✖ WHAT[delegation-025] observed Engineer execution publishes the exact admitted prompt and causal formal terminal after the existing workflow (0.684ms)
  AssertionError [ERR_ASSERTION]: new observed-execution API is not implemented; this red proves missing new capability, not an existing business failure
  + actual - expected
  
  + 'undefined'
  - 'function'
  
      at observedApiRequired (file:///Users/yuanxi/Workwork/vibe-fs/requirements/delegation/tests/025.test.mjs:54:42)
      at TestContext.<anonymous> (file:///Users/yuanxi/Workwork/vibe-fs/requirements/delegation/tests/025.test.mjs:65:3)
      at Test.runInAsyncScope (node:async_hooks:214:14)
      at Test.run (node:internal/test_runner/test:1047:25)
      at async Test.processPendingSubtests (node:internal/test_runner/test:744:7)

[verification-test-start] {"pid":94642,"parentPid":94641,"entryFile":"/Users/yuanxi/Workwork/vibe-fs/requirements/delegation/tests/025.test.mjs","name":"WHAT[delegation-025] rejection before dispatch settles both observed tasks without another Host prompt","fullName":"WHAT[delegation-025] rejection before dispatch settles both observed tasks without another Host prompt"}
test at /Users/yuanxi/Workwork/vibe-fs/requirements/delegation/tests/025.test.mjs:107:1
✖ WHAT[delegation-025] observed invocations reuse a child while preserving distinct prompt and terminal identities and rejecting previous terminals (0.830ms)
  AssertionError [ERR_ASSERTION]: new observed-execution API is not implemented; this red proves missing new capability, not an existing business failure
  + actual - expected
  
  + 'undefined'
  - 'function'
  
      at observedApiRequired (file:///Users/yuanxi/Workwork/vibe-fs/requirements/delegation/tests/025.test.mjs:54:42)
      at TestContext.<anonymous> (file:///Users/yuanxi/Workwork/vibe-fs/requirements/delegation/tests/025.test.mjs:108:3)
      at Test.runInAsyncScope (node:async_hooks:214:14)
      at Test.run (node:internal/test_runner/test:1047:25)
      at async Test.processPendingSubtests (node:internal/test_runner/test:744:7)

[verification-test-start] {"pid":94642,"parentPid":94641,"entryFile":"/Users/yuanxi/Workwork/vibe-fs/requirements/delegation/tests/025.test.mjs","name":"WHAT[delegation-025] owner disposal after proven admission fails the existing observed completion without inventing physical abort","fullName":"WHAT[delegation-025] owner disposal after proven admission fails the existing observed completion without inventing physical abort"}
test at /Users/yuanxi/Workwork/vibe-fs/requirements/delegation/tests/025.test.mjs:144:1
✖ WHAT[delegation-025] rejection before dispatch settles both observed tasks without another Host prompt (0.398ms)
  AssertionError [ERR_ASSERTION]: new observed-execution API is not implemented; this red proves missing new capability, not an existing business failure
  + actual - expected
  
  + 'undefined'
  - 'function'
  
      at observedApiRequired (file:///Users/yuanxi/Workwork/vibe-fs/requirements/delegation/tests/025.test.mjs:54:42)
      at TestContext.<anonymous> (file:///Users/yuanxi/Workwork/vibe-fs/requirements/delegation/tests/025.test.mjs:145:3)
      at Test.runInAsyncScope (node:async_hooks:214:14)
      at Test.run (node:internal/test_runner/test:1047:25)
      at async Test.processPendingSubtests (node:internal/test_runner/test:744:7)

test at /Users/yuanxi/Workwork/vibe-fs/requirements/delegation/tests/025.test.mjs:164:1
✖ WHAT[delegation-025] owner disposal after proven admission fails the existing observed completion without inventing physical abort (0.392ms)
  AssertionError [ERR_ASSERTION]: new observed-execution API is not implemented; this red proves missing new capability, not an existing business failure
  + actual - expected
  
  + 'undefined'
  - 'function'
  
      at observedApiRequired (file:///Users/yuanxi/Workwork/vibe-fs/requirements/delegation/tests/025.test.mjs:54:42)
      at TestContext.<anonymous> (file:///Users/yuanxi/Workwork/vibe-fs/requirements/delegation/tests/025.test.mjs:165:3)
      at Test.runInAsyncScope (node:async_hooks:214:14)
      at Test.run (node:internal/test_runner/test:1047:25)
      at async Test.processPendingSubtests (node:internal/test_runner/test:744:7)

runner: file lifecycle {"entryFile":"/Users/yuanxi/Workwork/vibe-fs/requirements/delegation/tests/025.test.mjs","type":"runner:file-drained","elapsedMs":406.10945799999996}
[verification-test-start] {"pid":94644,"parentPid":94641,"entryFile":"/Users/yuanxi/Workwork/vibe-fs/requirements/dispatch-protocol/tests/007.test.mjs","name":"WHAT[dispatch-protocol-007] PROMPT_007_detached_outcome_unknown_keeps_claim_pending_never_resends","fullName":"WHAT[dispatch-protocol-007] PROMPT_007_detached_outcome_unknown_keeps_claim_pending_never_resends"}
[verification-test-start] {"pid":94644,"parentPid":94641,"entryFile":"/Users/yuanxi/Workwork/vibe-fs/requirements/dispatch-protocol/tests/007.test.mjs","name":"WHAT[dispatch-protocol-007] JNGD_nudge_releases_the_key_when_send_fails_and_retries","fullName":"WHAT[dispatch-protocol-007] JNGD_nudge_releases_the_key_when_send_fails_and_retries"}
[verification-test-start] {"pid":94644,"parentPid":94641,"entryFile":"/Users/yuanxi/Workwork/vibe-fs/requirements/dispatch-protocol/tests/007.test.mjs","name":"WHAT[dispatch-protocol-007] JNGD_join_gate_dedupes_same_terminal_but_rearms_for_fresh_terminal","fullName":"WHAT[dispatch-protocol-007] JNGD_join_gate_dedupes_same_terminal_but_rearms_for_fresh_terminal"}
[verification-test-start] {"pid":94644,"parentPid":94641,"entryFile":"/Users/yuanxi/Workwork/vibe-fs/requirements/dispatch-protocol/tests/007.test.mjs","name":"WHAT[dispatch-protocol-007] opening additional journal writers does not abandon an unresolved claim","fullName":"WHAT[dispatch-protocol-007] opening additional journal writers does not abandon an unresolved claim"}
runner: file lifecycle {"entryFile":"/Users/yuanxi/Workwork/vibe-fs/requirements/dispatch-protocol/tests/007.test.mjs","type":"runner:file-drained","elapsedMs":745.654333}

[test-summary] 6 file(s), 22 passed, 14 failed, 1 todo (0.72s wall, 0.93s test time)
  todo: /Users/yuanxi/Workwork/vibe-fs/requirements/delegation/tests/025.test.mjs:WHAT[delegation-025] actual fork execution rejects late run-scoped success failure and abort while preserving legitimate session-wide failures (GAP-153) — reason not supplied
runner: post-exit group verification/reclamation: pid=94641; elapsedMs=16.334; accepted=true
runner: 37 test(s), 0.9s of test time; max 319ms, p90 65ms, median 2ms

runner: 22 passed, 14 failed; 6/6 planned file(s) completed
Error: runner: supervised suite failed (exit 1)
    at fail (file:///Users/yuanxi/Workwork/vibe-fs/requirements/verification-system/tests/e2e/support/supervise-node-test.mjs:221:25)
    at superviseOwnedNodeTest (file:///Users/yuanxi/Workwork/vibe-fs/requirements/verification-system/tests/e2e/support/supervise-node-test.mjs:400:19)
    at process.processTicksAndRejections (node:internal/process/task_queues:103:5)
    at async superviseNodeTest (file:///Users/yuanxi/Workwork/vibe-fs/requirements/verification-system/tests/e2e/support/supervise-node-test.mjs:199:14)
    at async file:///Users/yuanxi/Workwork/vibe-fs/requirements/verification-system/tests/run.mjs:94:1 {
  exitCode: 1
}
