[36m[build][0m Compiling F# (focused)...
[37mFable 5.13.0: F# to JavaScript compiler
[39m[22m[37mMinimum @fable-org/fable-library-js version (when installed from npm): 2.5.1
[39m[22m[37m
Thanks to the contributor! @SCullman
[39m[22m[37mStand with Ukraine! https://standwithukraine.com.ua/

[39m[22m[37mParsing src/Wanxiangshu/.fable-build/output-compile/9f95120dbaad3d685a530492838a0ebcda925e8eade8adbd419805c6b26938b8/Wanxiangshu.Impact.fsproj...
[39m[22m[37mProject and references (1554 source files) parsed in 986ms

[39m[22m[37mStarted Fable compilation...
[39m[22m[37m
Fable compilation finished in 49140ms

[39m[22m[31m./src/Wanxiangshu/Execution/Delegation/SyncDelegate/Model.fsi(7,29): (7,36) error FSHARP: The namespace 'Outcome' is not defined. (code 39)
[39m[22m[31m./src/Wanxiangshu/Execution/Delegation/SyncDelegate/Model.fsi(36,20): (36,31) error FSHARP: The type 'SendOutcome' is not defined. (code 39)
[39m[22m[31m./src/Wanxiangshu/Execution/Delegation/SyncDelegate/Model.fs(8,29): (8,36) error FSHARP: The namespace 'Outcome' is not defined. (code 39)
[39m[22m[31m./src/Wanxiangshu/Execution/Delegation/SyncDelegate/Model.fs(45,20): (45,31) error FSHARP: The type 'SendOutcome' is not defined. (code 39)
[39m[22m[31m./src/Wanxiangshu/Execution/Delegation/SyncDelegate/Surface.fs(895,20): (895,53) error FSHARP: Type mismatch. Expecting a    'obj -> obj option'    but given a    'SendOutcome option -> objnull option'    The type 'SendOutcome option' does not match the type 'obj' (code 1)
[39m[22m[31m./src/Wanxiangshu/Execution/Delegation/SyncDelegate/Surface.fs(908,24): (908,57) error FSHARP: Type mismatch. Expecting a    'obj -> obj option'    but given a    'SendOutcome option -> objnull option'    The type 'SendOutcome option' does not match the type 'obj' (code 1)
[39m[22m[31mCompilation failed
[39m[22m[31m════════════════════════════════════════════════════════════════════════════════
  BUILD FAILED
════════════════════════════════════════════════════════════════════════════════[0m
Fable compilation failed with exit code 1
