runner: scoped 使用 TESTS_MJS_FILES=6 files
runner: build is current (1798 sources, 886 artifacts)
runner: discovery OVERRIDDEN by TESTS_MJS_FILES (6 file(s))
runner: 6 test file(s), 5000ms verdict-silence window
runner: file lifecycle {"entryFile":"/Users/yuanxi/Workwork/vibe-fs/requirements/delegation/tests/025.test.mjs","pid":2887,"parentPid":2866,"type":"runner:file-start","elapsedMs":34.67833300000001}
runner: file lifecycle {"entryFile":"/Users/yuanxi/Workwork/vibe-fs/requirements/dispatch-protocol/tests/003.test.mjs","pid":2887,"parentPid":2866,"type":"runner:file-start","elapsedMs":35.394499999999994}
runner: file lifecycle {"entryFile":"/Users/yuanxi/Workwork/vibe-fs/requirements/dispatch-protocol/tests/007.test.mjs","pid":2887,"parentPid":2866,"type":"runner:file-start","elapsedMs":36.68675000000002}
runner: file lifecycle {"entryFile":"/Users/yuanxi/Workwork/vibe-fs/requirements/durable-events/tests/014.test.mjs","pid":2887,"parentPid":2866,"type":"runner:file-start","elapsedMs":37.32974999999999}
runner: file lifecycle {"entryFile":"/Users/yuanxi/Workwork/vibe-fs/requirements/sphinx-v2/tests/002.test.mjs","pid":2887,"parentPid":2866,"type":"runner:file-start","elapsedMs":38.360833000000014}
runner: file lifecycle {"entryFile":"/Users/yuanxi/Workwork/vibe-fs/requirements/sphinx-v2/tests/029.test.mjs","pid":2887,"parentPid":2866,"type":"runner:file-start","elapsedMs":38.69541700000002}
[verification-test-start] {"pid":2893,"parentPid":2887,"entryFile":"/Users/yuanxi/Workwork/vibe-fs/requirements/sphinx-v2/tests/029.test.mjs","name":"WHAT[sphinx-v2-029] answer.now wins when it is estimated highest","fullName":"WHAT[sphinx-v2-029] answer.now wins when it is estimated highest"}
[verification-test-start] {"pid":2893,"parentPid":2887,"entryFile":"/Users/yuanxi/Workwork/vibe-fs/requirements/sphinx-v2/tests/029.test.mjs","name":"WHAT[sphinx-v2-029] an investigation wins when it is estimated highest","fullName":"WHAT[sphinx-v2-029] an investigation wins when it is estimated highest"}
[verification-test-start] {"pid":2893,"parentPid":2887,"entryFile":"/Users/yuanxi/Workwork/vibe-fs/requirements/sphinx-v2/tests/029.test.mjs","name":"WHAT[sphinx-v2-029] answer.now receives no default advantage when it is Unestimated","fullName":"WHAT[sphinx-v2-029] answer.now receives no default advantage when it is Unestimated"}
[verification-test-start] {"pid":2893,"parentPid":2887,"entryFile":"/Users/yuanxi/Workwork/vibe-fs/requirements/sphinx-v2/tests/029.test.mjs","name":"WHAT[sphinx-v2-029] an estimated answer.now may win against an Unestimated investigation","fullName":"WHAT[sphinx-v2-029] an estimated answer.now may win against an Unestimated investigation"}
[verification-test-start] {"pid":2893,"parentPid":2887,"entryFile":"/Users/yuanxi/Workwork/vibe-fs/requirements/sphinx-v2/tests/029.test.mjs","name":"WHAT[sphinx-v2-029] selected ordinal and provisional answers retain their actual estimate kind","fullName":"WHAT[sphinx-v2-029] selected ordinal and provisional answers retain their actual estimate kind"}
[verification-test-start] {"pid":2892,"parentPid":2887,"entryFile":"/Users/yuanxi/Workwork/vibe-fs/requirements/sphinx-v2/tests/002.test.mjs","name":"WHAT[sphinx-v2-002] the profile config hash input carries no ranking terms","fullName":"WHAT[sphinx-v2-002] the profile config hash input carries no ranking terms"}
[verification-test-start] {"pid":2892,"parentPid":2887,"entryFile":"/Users/yuanxi/Workwork/vibe-fs/requirements/sphinx-v2/tests/002.test.mjs","name":"WHAT[sphinx-v2-002] an invalid profile is refused","fullName":"WHAT[sphinx-v2-002] an invalid profile is refused"}
[verification-test-start] {"pid":2892,"parentPid":2887,"entryFile":"/Users/yuanxi/Workwork/vibe-fs/requirements/sphinx-v2/tests/002.test.mjs","name":"WHAT[sphinx-v2-002] the declared default profile is admissible","fullName":"WHAT[sphinx-v2-002] the declared default profile is admissible"}
[verification-test-start] {"pid":2892,"parentPid":2887,"entryFile":"/Users/yuanxi/Workwork/vibe-fs/requirements/sphinx-v2/tests/002.test.mjs","name":"WHAT[sphinx-v2-002] delegated execution claims no independence","fullName":"WHAT[sphinx-v2-002] delegated execution claims no independence"}
[verification-test-start] {"pid":2892,"parentPid":2887,"entryFile":"/Users/yuanxi/Workwork/vibe-fs/requirements/sphinx-v2/tests/002.test.mjs","name":"WHAT[sphinx-v2-002] an Unestimated plan cannot gain a usable estimate from supplied Rank or Location","fullName":"WHAT[sphinx-v2-002] an Unestimated plan cannot gain a usable estimate from supplied Rank or Location"}
[verification-test-start] {"pid":2891,"parentPid":2887,"entryFile":"/Users/yuanxi/Workwork/vibe-fs/requirements/durable-events/tests/014.test.mjs","name":"WHAT[durable-events-014] PERSIST_001_ordering_is_by_local_seq_inside_a_runtime_and_by_time_across","fullName":"WHAT[durable-events-014] PERSIST_001_ordering_is_by_local_seq_inside_a_runtime_and_by_time_across"}
[verification-test-start] {"pid":2892,"parentPid":2887,"entryFile":"/Users/yuanxi/Workwork/vibe-fs/requirements/sphinx-v2/tests/002.test.mjs","name":"WHAT[sphinx-v2-002] a collection of only Unestimated plans has no selected alternative","fullName":"WHAT[sphinx-v2-002] a collection of only Unestimated plans has no selected alternative"}
[verification-test-start] {"pid":2892,"parentPid":2887,"entryFile":"/Users/yuanxi/Workwork/vibe-fs/requirements/sphinx-v2/tests/002.test.mjs","name":"WHAT[sphinx-v2-002] declared estimates retain the existing zero-rank convention","fullName":"WHAT[sphinx-v2-002] declared estimates retain the existing zero-rank convention"}
[verification-test-start] {"pid":2892,"parentPid":2887,"entryFile":"/Users/yuanxi/Workwork/vibe-fs/requirements/sphinx-v2/tests/002.test.mjs","name":"WHAT[sphinx-v2-002] an empty comparison or missing estimates cannot claim numerical comparability","fullName":"WHAT[sphinx-v2-002] an empty comparison or missing estimates cannot claim numerical comparability"}
runner: file lifecycle {"entryFile":"/Users/yuanxi/Workwork/vibe-fs/requirements/sphinx-v2/tests/029.test.mjs","type":"runner:file-drained","elapsedMs":131.69712499999997}
runner: file lifecycle {"entryFile":"/Users/yuanxi/Workwork/vibe-fs/requirements/sphinx-v2/tests/002.test.mjs","type":"runner:file-drained","elapsedMs":137.71975000000003}
[verification-test-start] {"pid":2891,"parentPid":2887,"entryFile":"/Users/yuanxi/Workwork/vibe-fs/requirements/durable-events/tests/014.test.mjs","name":"WHAT[durable-events-014] PERSIST_001_same_instant_across_runtimes_breaks_the_tie_by_runtime_id","fullName":"WHAT[durable-events-014] PERSIST_001_same_instant_across_runtimes_breaks_the_tie_by_runtime_id"}
[verification-test-start] {"pid":2891,"parentPid":2887,"entryFile":"/Users/yuanxi/Workwork/vibe-fs/requirements/durable-events/tests/014.test.mjs","name":"WHAT[durable-events-014] PERSIST_001_k_way_merge_is_a_total_order_regardless_of_input_order","fullName":"WHAT[durable-events-014] PERSIST_001_k_way_merge_is_a_total_order_regardless_of_input_order"}
[verification-test-start] {"pid":2891,"parentPid":2887,"entryFile":"/Users/yuanxi/Workwork/vibe-fs/requirements/durable-events/tests/014.test.mjs","name":"WHAT[durable-events-014] DURABLE_EVENTS_014_k_way_merge_is_deterministic_with_EventId_tiebreak","fullName":"WHAT[durable-events-014] DURABLE_EVENTS_014_k_way_merge_is_deterministic_with_EventId_tiebreak"}
[verification-test-start] {"pid":2891,"parentPid":2887,"entryFile":"/Users/yuanxi/Workwork/vibe-fs/requirements/durable-events/tests/014.test.mjs","name":"WHAT[durable-events-014] DURABLE_EVENTS_014_k_way_merge_is_writer_enumeration_independent","fullName":"WHAT[durable-events-014] DURABLE_EVENTS_014_k_way_merge_is_writer_enumeration_independent"}
[verification-test-start] {"pid":2891,"parentPid":2887,"entryFile":"/Users/yuanxi/Workwork/vibe-fs/requirements/durable-events/tests/014.test.mjs","name":"WHAT[durable-events-014] k-way merge bounds actual ready-cursor comparisons","fullName":"WHAT[durable-events-014] k-way merge bounds actual ready-cursor comparisons"}
[verification-test-start] {"pid":2888,"parentPid":2887,"entryFile":"/Users/yuanxi/Workwork/vibe-fs/requirements/delegation/tests/025.test.mjs","name":"WHAT[delegation-025] late failure from a previous root cannot settle a reused sync call","fullName":"WHAT[delegation-025] late failure from a previous root cannot settle a reused sync call"}
[verification-test-start] {"pid":2890,"parentPid":2887,"entryFile":"/Users/yuanxi/Workwork/vibe-fs/requirements/dispatch-protocol/tests/007.test.mjs","name":"WHAT[dispatch-protocol-007] observed AcceptanceUnknown retains its actual PromptKey and native verdict without resending or guessing from reason text","fullName":"WHAT[dispatch-protocol-007] observed AcceptanceUnknown retains its actual PromptKey and native verdict without resending or guessing from reason text"}
[verification-test-start] {"pid":2889,"parentPid":2887,"entryFile":"/Users/yuanxi/Workwork/vibe-fs/requirements/dispatch-protocol/tests/003.test.mjs","name":"WHAT[dispatch-protocol-003] typed transport receipt accepted-queue-entry remains pending and grants no authority after journal reopen","fullName":"WHAT[dispatch-protocol-003] typed transport receipt accepted-queue-entry remains pending and grants no authority after journal reopen"}
[verification-test-start] {"pid":2889,"parentPid":2887,"entryFile":"/Users/yuanxi/Workwork/vibe-fs/requirements/dispatch-protocol/tests/003.test.mjs","name":"WHAT[dispatch-protocol-003] typed transport receipt msg-looks-like-physical remains pending and grants no authority after journal reopen","fullName":"WHAT[dispatch-protocol-003] typed transport receipt msg-looks-like-physical remains pending and grants no authority after journal reopen"}
[verification-test-start] {"pid":2890,"parentPid":2887,"entryFile":"/Users/yuanxi/Workwork/vibe-fs/requirements/dispatch-protocol/tests/007.test.mjs","name":"WHAT[dispatch-protocol-007] observed Fatal retains its actual PromptKey and native verdict without resending or guessing from reason text","fullName":"WHAT[dispatch-protocol-007] observed Fatal retains its actual PromptKey and native verdict without resending or guessing from reason text"}
[verification-test-start] {"pid":2889,"parentPid":2887,"entryFile":"/Users/yuanxi/Workwork/vibe-fs/requirements/dispatch-protocol/tests/003.test.mjs","name":"WHAT[dispatch-protocol-003] observed receipt-only send stays unaccepted until true physical ingress while preserving the original receipt carrier","fullName":"WHAT[dispatch-protocol-003] observed receipt-only send stays unaccepted until true physical ingress while preserving the original receipt carrier"}
[verification-test-start] {"pid":2890,"parentPid":2887,"entryFile":"/Users/yuanxi/Workwork/vibe-fs/requirements/dispatch-protocol/tests/007.test.mjs","name":"WHAT[dispatch-protocol-007] fresh claim projection begins with no observed runtime restarts","fullName":"WHAT[dispatch-protocol-007] fresh claim projection begins with no observed runtime restarts"}
[verification-test-start] {"pid":2890,"parentPid":2887,"entryFile":"/Users/yuanxi/Workwork/vibe-fs/requirements/dispatch-protocol/tests/007.test.mjs","name":"WHAT[dispatch-protocol-007] PROMPT_007_detached_refused_abandons_send_failed_without_resend","fullName":"WHAT[dispatch-protocol-007] PROMPT_007_detached_refused_abandons_send_failed_without_resend"}

✖ failing tests:

test at /Users/yuanxi/Workwork/vibe-fs/requirements/durable-events/tests/014.test.mjs:163:1
✖ WHAT[durable-events-014] k-way merge bounds actual ready-cursor comparisons (234.281ms)
  AssertionError [ERR_ASSERTION]: 8192-event / 512-writer merge used 3605957 ready-cursor comparisons; bound 222208
      at TestContext.<anonymous> (file:///Users/yuanxi/Workwork/vibe-fs/requirements/durable-events/tests/014.test.mjs:194:10)
      at Test.runInAsyncScope (node:async_hooks:214:14)
      at Test.run (node:internal/test_runner/test:1047:25)
      at async Test.processPendingSubtests (node:internal/test_runner/test:744:7)

runner: file lifecycle {"entryFile":"/Users/yuanxi/Workwork/vibe-fs/requirements/durable-events/tests/014.test.mjs","type":"runner:file-drained","elapsedMs":434.619583}
[verification-test-start] {"pid":2888,"parentPid":2887,"entryFile":"/Users/yuanxi/Workwork/vibe-fs/requirements/delegation/tests/025.test.mjs","name":"WHAT[delegation-025] future Host subscriber excludes old terminal and retains new execution identity","fullName":"WHAT[delegation-025] future Host subscriber excludes old terminal and retains new execution identity"}
[verification-test-start] {"pid":2888,"parentPid":2887,"entryFile":"/Users/yuanxi/Workwork/vibe-fs/requirements/delegation/tests/025.test.mjs","name":"WHAT[delegation-025] actual fork execution rejects late run-scoped success failure and abort while preserving legitimate session-wide failures (GAP-153)","fullName":"WHAT[delegation-025] actual fork execution rejects late run-scoped success failure and abort while preserving legitimate session-wide failures (GAP-153)"}
[verification-test-start] {"pid":2888,"parentPid":2887,"entryFile":"/Users/yuanxi/Workwork/vibe-fs/requirements/delegation/tests/025.test.mjs","name":"WHAT[delegation-025] observed Engineer execution publishes the exact admitted prompt and causal formal terminal after the existing workflow","fullName":"WHAT[delegation-025] observed Engineer execution publishes the exact admitted prompt and causal formal terminal after the existing workflow"}
runner: file lifecycle {"entryFile":"/Users/yuanxi/Workwork/vibe-fs/requirements/dispatch-protocol/tests/003.test.mjs","type":"runner:file-drained","elapsedMs":506.95762500000006}
[verification-test-start] {"pid":2888,"parentPid":2887,"entryFile":"/Users/yuanxi/Workwork/vibe-fs/requirements/delegation/tests/025.test.mjs","name":"WHAT[delegation-025] observed invocations reuse a child while preserving distinct prompt and terminal identities and rejecting previous terminals","fullName":"WHAT[delegation-025] observed invocations reuse a child while preserving distinct prompt and terminal identities and rejecting previous terminals"}
[verification-test-start] {"pid":2888,"parentPid":2887,"entryFile":"/Users/yuanxi/Workwork/vibe-fs/requirements/delegation/tests/025.test.mjs","name":"WHAT[delegation-025] rejection before dispatch settles both observed tasks without another Host prompt","fullName":"WHAT[delegation-025] rejection before dispatch settles both observed tasks without another Host prompt"}
[verification-test-start] {"pid":2888,"parentPid":2887,"entryFile":"/Users/yuanxi/Workwork/vibe-fs/requirements/delegation/tests/025.test.mjs","name":"WHAT[delegation-025] owner disposal after proven admission fails the existing observed completion without inventing physical abort","fullName":"WHAT[delegation-025] owner disposal after proven admission fails the existing observed completion without inventing physical abort"}
[verification-test-start] {"pid":2890,"parentPid":2887,"entryFile":"/Users/yuanxi/Workwork/vibe-fs/requirements/dispatch-protocol/tests/007.test.mjs","name":"WHAT[dispatch-protocol-007] PROMPT_007_detached_outcome_unknown_keeps_claim_pending_never_resends","fullName":"WHAT[dispatch-protocol-007] PROMPT_007_detached_outcome_unknown_keeps_claim_pending_never_resends"}
[verification-test-start] {"pid":2888,"parentPid":2887,"entryFile":"/Users/yuanxi/Workwork/vibe-fs/requirements/delegation/tests/025.test.mjs","name":"WHAT[delegation-025] production completed-turn fallback rejects wrong-root instead of settling the reused observed invocation","fullName":"WHAT[delegation-025] production completed-turn fallback rejects wrong-root instead of settling the reused observed invocation"}
[verification-test-start] {"pid":2890,"parentPid":2887,"entryFile":"/Users/yuanxi/Workwork/vibe-fs/requirements/dispatch-protocol/tests/007.test.mjs","name":"WHAT[dispatch-protocol-007] JNGD_nudge_releases_the_key_when_send_fails_and_retries","fullName":"WHAT[dispatch-protocol-007] JNGD_nudge_releases_the_key_when_send_fails_and_retries"}
[verification-test-start] {"pid":2890,"parentPid":2887,"entryFile":"/Users/yuanxi/Workwork/vibe-fs/requirements/dispatch-protocol/tests/007.test.mjs","name":"WHAT[dispatch-protocol-007] JNGD_join_gate_dedupes_same_terminal_but_rearms_for_fresh_terminal","fullName":"WHAT[dispatch-protocol-007] JNGD_join_gate_dedupes_same_terminal_but_rearms_for_fresh_terminal"}
[verification-test-start] {"pid":2888,"parentPid":2887,"entryFile":"/Users/yuanxi/Workwork/vibe-fs/requirements/delegation/tests/025.test.mjs","name":"WHAT[delegation-025] production completed-turn fallback rejects previous-physical instead of settling the reused observed invocation","fullName":"WHAT[delegation-025] production completed-turn fallback rejects previous-physical instead of settling the reused observed invocation"}
test at /Users/yuanxi/Workwork/vibe-fs/requirements/delegation/tests/025.test.mjs:183:3
✖ WHAT[delegation-025] production completed-turn fallback rejects wrong-root instead of settling the reused observed invocation (111.439ms)
  AssertionError [ERR_ASSERTION]: Expected values to be strictly equal:
  
  true !== false
  
      at file:///Users/yuanxi/Workwork/vibe-fs/requirements/delegation/tests/025.test.mjs:201:14
      at async withSyncRuntime (file:///Users/yuanxi/Workwork/vibe-fs/requirements/delegation/tests/support/sync-runtime.mjs:10:12)
      at async TestContext.<anonymous> (file:///Users/yuanxi/Workwork/vibe-fs/requirements/delegation/tests/025.test.mjs:186:5)
      at async Test.run (node:internal/test_runner/test:1054:7)
      at async Test.processPendingSubtests (node:internal/test_runner/test:744:7)

[verification-test-start] {"pid":2890,"parentPid":2887,"entryFile":"/Users/yuanxi/Workwork/vibe-fs/requirements/dispatch-protocol/tests/007.test.mjs","name":"WHAT[dispatch-protocol-007] opening additional journal writers does not abandon an unresolved claim","fullName":"WHAT[dispatch-protocol-007] opening additional journal writers does not abandon an unresolved claim"}
runner: file lifecycle {"entryFile":"/Users/yuanxi/Workwork/vibe-fs/requirements/dispatch-protocol/tests/007.test.mjs","type":"runner:file-drained","elapsedMs":935.4493750000001}
[verification-test-start] {"pid":2888,"parentPid":2887,"entryFile":"/Users/yuanxi/Workwork/vibe-fs/requirements/delegation/tests/025.test.mjs","name":"WHAT[delegation-025] production completed-turn fallback settles its invocation once and preserves the first causal response","fullName":"WHAT[delegation-025] production completed-turn fallback settles its invocation once and preserves the first causal response"}
test at /Users/yuanxi/Workwork/vibe-fs/requirements/delegation/tests/025.test.mjs:183:3
✖ WHAT[delegation-025] production completed-turn fallback rejects previous-physical instead of settling the reused observed invocation (102.368ms)
  AssertionError [ERR_ASSERTION]: Expected values to be strictly equal:
  
  true !== false
  
      at file:///Users/yuanxi/Workwork/vibe-fs/requirements/delegation/tests/025.test.mjs:201:14
      at async withSyncRuntime (file:///Users/yuanxi/Workwork/vibe-fs/requirements/delegation/tests/support/sync-runtime.mjs:10:12)
      at async TestContext.<anonymous> (file:///Users/yuanxi/Workwork/vibe-fs/requirements/delegation/tests/025.test.mjs:186:5)
      at async Test.run (node:internal/test_runner/test:1054:7)
      at async Test.processPendingSubtests (node:internal/test_runner/test:744:7)

[verification-test-start] {"pid":2888,"parentPid":2887,"entryFile":"/Users/yuanxi/Workwork/vibe-fs/requirements/delegation/tests/025.test.mjs","name":"WHAT[delegation-025] a real preparation exception settles observed admission and completion without a Host send","fullName":"WHAT[delegation-025] a real preparation exception settles observed admission and completion without a Host send"}
test at /Users/yuanxi/Workwork/vibe-fs/requirements/delegation/tests/025.test.mjs:214:1
✖ WHAT[delegation-025] production completed-turn fallback settles its invocation once and preserves the first causal response (47.922ms)
  AssertionError [ERR_ASSERTION]: Expected values to be strictly equal:
  
  true !== false
  
      at file:///Users/yuanxi/Workwork/vibe-fs/requirements/delegation/tests/025.test.mjs:224:12
      at async withSyncRuntime (file:///Users/yuanxi/Workwork/vibe-fs/requirements/delegation/tests/support/sync-runtime.mjs:10:12)
      at async TestContext.<anonymous> (file:///Users/yuanxi/Workwork/vibe-fs/requirements/delegation/tests/025.test.mjs:217:3)
      at async Test.run (node:internal/test_runner/test:1054:7)
      at async Test.processPendingSubtests (node:internal/test_runner/test:744:7)

[verification-test-start] {"pid":2888,"parentPid":2887,"entryFile":"/Users/yuanxi/Workwork/vibe-fs/requirements/delegation/tests/025.test.mjs","name":"WHAT[delegation-025] a real Host send promise exception preserves its actual key without fabricating an outcome","fullName":"WHAT[delegation-025] a real Host send promise exception preserves its actual key without fabricating an outcome"}
test at /Users/yuanxi/Workwork/vibe-fs/requirements/delegation/tests/025.test.mjs:234:1
✖ WHAT[delegation-025] a real preparation exception settles observed admission and completion without a Host send (29.237ms)
  AssertionError [ERR_ASSERTION]: failed observed preparation must not dispatch a fallback charge
  + actual - expected
  
  + 'UnexpectedHostSend'
  - 'Admission'
  
      at file:///Users/yuanxi/Workwork/vibe-fs/requirements/delegation/tests/025.test.mjs:243:12
      at async withSyncRuntime (file:///Users/yuanxi/Workwork/vibe-fs/requirements/delegation/tests/support/sync-runtime.mjs:10:12)
      at async TestContext.<anonymous> (file:///Users/yuanxi/Workwork/vibe-fs/requirements/delegation/tests/025.test.mjs:237:3)
      at async Test.run (node:internal/test_runner/test:1054:7)
      at async Test.processPendingSubtests (node:internal/test_runner/test:744:7)

runner: file lifecycle {"entryFile":"/Users/yuanxi/Workwork/vibe-fs/requirements/delegation/tests/025.test.mjs","type":"runner:file-drained","elapsedMs":1080.54175}

[test-summary] 6 file(s), 36 passed, 5 failed, 1 todo (1.05s wall, 2.12s test time)
  todo: /Users/yuanxi/Workwork/vibe-fs/requirements/delegation/tests/025.test.mjs:WHAT[delegation-025] actual fork execution rejects late run-scoped success failure and abort while preserving legitimate session-wide failures (GAP-153) — reason not supplied
runner: post-exit group verification/reclamation: pid=2887; elapsedMs=16.693; accepted=true
runner: 42 test(s), 2.1s of test time; max 299ms, p90 111ms, median 23ms
runner:     299ms  WHAT[dispatch-protocol-007] PROMPT_007_detached_refused_abandons_send_failed_without_resend
runner:     234ms  WHAT[durable-events-014] k-way merge bounds actual ready-cursor comparisons
runner:     207ms  WHAT[delegation-025] late failure from a previous root cannot settle a reused sync call
runner:     120ms  WHAT[dispatch-protocol-007] observed AcceptanceUnknown retains its actual PromptKey and native verdict without resending or guessing from reason text
runner:     111ms  WHAT[delegation-025] production completed-turn fallback rejects wrong-root instead of settling the reused observed invocation

runner: 36 passed, 5 failed; 6/6 planned file(s) completed
Error: runner: supervised suite failed (exit 1)
    at fail (file:///Users/yuanxi/Workwork/vibe-fs/requirements/verification-system/tests/e2e/support/supervise-node-test.mjs:221:25)
    at superviseOwnedNodeTest (file:///Users/yuanxi/Workwork/vibe-fs/requirements/verification-system/tests/e2e/support/supervise-node-test.mjs:400:19)
    at process.processTicksAndRejections (node:internal/process/task_queues:103:5)
    at async superviseNodeTest (file:///Users/yuanxi/Workwork/vibe-fs/requirements/verification-system/tests/e2e/support/supervise-node-test.mjs:199:14)
    at async file:///Users/yuanxi/Workwork/vibe-fs/requirements/verification-system/tests/run.mjs:94:1 {
  exitCode: 1
}
