runner: scoped 使用 TESTS_MJS_FILES=6 files
runner: build is current (1798 sources, 886 artifacts)
runner: discovery OVERRIDDEN by TESTS_MJS_FILES (6 file(s))
runner: 6 test file(s), 5000ms verdict-silence window
runner: file lifecycle {"entryFile":"/Users/yuanxi/Workwork/vibe-fs/requirements/delegation/tests/025.test.mjs","pid":1048,"parentPid":1013,"type":"runner:file-start","elapsedMs":33.37650000000002}
runner: file lifecycle {"entryFile":"/Users/yuanxi/Workwork/vibe-fs/requirements/dispatch-protocol/tests/003.test.mjs","pid":1048,"parentPid":1013,"type":"runner:file-start","elapsedMs":34.145624999999995}
runner: file lifecycle {"entryFile":"/Users/yuanxi/Workwork/vibe-fs/requirements/dispatch-protocol/tests/007.test.mjs","pid":1048,"parentPid":1013,"type":"runner:file-start","elapsedMs":35.482416}
runner: file lifecycle {"entryFile":"/Users/yuanxi/Workwork/vibe-fs/requirements/durable-events/tests/014.test.mjs","pid":1048,"parentPid":1013,"type":"runner:file-start","elapsedMs":36.30150000000003}
runner: file lifecycle {"entryFile":"/Users/yuanxi/Workwork/vibe-fs/requirements/sphinx-v2/tests/002.test.mjs","pid":1048,"parentPid":1013,"type":"runner:file-start","elapsedMs":37.965666}
runner: file lifecycle {"entryFile":"/Users/yuanxi/Workwork/vibe-fs/requirements/sphinx-v2/tests/029.test.mjs","pid":1048,"parentPid":1013,"type":"runner:file-start","elapsedMs":38.879665999999986}
[verification-test-start] {"pid":1054,"parentPid":1048,"entryFile":"/Users/yuanxi/Workwork/vibe-fs/requirements/sphinx-v2/tests/002.test.mjs","name":"WHAT[sphinx-v2-002] the profile config hash input carries no ranking terms","fullName":"WHAT[sphinx-v2-002] the profile config hash input carries no ranking terms"}
[verification-test-start] {"pid":1055,"parentPid":1048,"entryFile":"/Users/yuanxi/Workwork/vibe-fs/requirements/sphinx-v2/tests/029.test.mjs","name":"WHAT[sphinx-v2-029] answer.now wins when it is estimated highest","fullName":"WHAT[sphinx-v2-029] answer.now wins when it is estimated highest"}
[verification-test-start] {"pid":1054,"parentPid":1048,"entryFile":"/Users/yuanxi/Workwork/vibe-fs/requirements/sphinx-v2/tests/002.test.mjs","name":"WHAT[sphinx-v2-002] an invalid profile is refused","fullName":"WHAT[sphinx-v2-002] an invalid profile is refused"}
[verification-test-start] {"pid":1055,"parentPid":1048,"entryFile":"/Users/yuanxi/Workwork/vibe-fs/requirements/sphinx-v2/tests/029.test.mjs","name":"WHAT[sphinx-v2-029] an investigation wins when it is estimated highest","fullName":"WHAT[sphinx-v2-029] an investigation wins when it is estimated highest"}
[verification-test-start] {"pid":1054,"parentPid":1048,"entryFile":"/Users/yuanxi/Workwork/vibe-fs/requirements/sphinx-v2/tests/002.test.mjs","name":"WHAT[sphinx-v2-002] the declared default profile is admissible","fullName":"WHAT[sphinx-v2-002] the declared default profile is admissible"}
[verification-test-start] {"pid":1054,"parentPid":1048,"entryFile":"/Users/yuanxi/Workwork/vibe-fs/requirements/sphinx-v2/tests/002.test.mjs","name":"WHAT[sphinx-v2-002] delegated execution claims no independence","fullName":"WHAT[sphinx-v2-002] delegated execution claims no independence"}
[verification-test-start] {"pid":1055,"parentPid":1048,"entryFile":"/Users/yuanxi/Workwork/vibe-fs/requirements/sphinx-v2/tests/029.test.mjs","name":"WHAT[sphinx-v2-029] answer.now receives no default advantage when it is Unestimated","fullName":"WHAT[sphinx-v2-029] answer.now receives no default advantage when it is Unestimated"}
[verification-test-start] {"pid":1055,"parentPid":1048,"entryFile":"/Users/yuanxi/Workwork/vibe-fs/requirements/sphinx-v2/tests/029.test.mjs","name":"WHAT[sphinx-v2-029] an estimated answer.now may win against an Unestimated investigation","fullName":"WHAT[sphinx-v2-029] an estimated answer.now may win against an Unestimated investigation"}
[verification-test-start] {"pid":1055,"parentPid":1048,"entryFile":"/Users/yuanxi/Workwork/vibe-fs/requirements/sphinx-v2/tests/029.test.mjs","name":"WHAT[sphinx-v2-029] selected ordinal and provisional answers retain their actual estimate kind","fullName":"WHAT[sphinx-v2-029] selected ordinal and provisional answers retain their actual estimate kind"}
[verification-test-start] {"pid":1054,"parentPid":1048,"entryFile":"/Users/yuanxi/Workwork/vibe-fs/requirements/sphinx-v2/tests/002.test.mjs","name":"WHAT[sphinx-v2-002] an Unestimated plan cannot gain a usable estimate from supplied Rank or Location","fullName":"WHAT[sphinx-v2-002] an Unestimated plan cannot gain a usable estimate from supplied Rank or Location"}
[verification-test-start] {"pid":1054,"parentPid":1048,"entryFile":"/Users/yuanxi/Workwork/vibe-fs/requirements/sphinx-v2/tests/002.test.mjs","name":"WHAT[sphinx-v2-002] a collection of only Unestimated plans has no selected alternative","fullName":"WHAT[sphinx-v2-002] a collection of only Unestimated plans has no selected alternative"}
[verification-test-start] {"pid":1052,"parentPid":1048,"entryFile":"/Users/yuanxi/Workwork/vibe-fs/requirements/durable-events/tests/014.test.mjs","name":"WHAT[durable-events-014] PERSIST_001_ordering_is_by_local_seq_inside_a_runtime_and_by_time_across","fullName":"WHAT[durable-events-014] PERSIST_001_ordering_is_by_local_seq_inside_a_runtime_and_by_time_across"}
[verification-test-start] {"pid":1054,"parentPid":1048,"entryFile":"/Users/yuanxi/Workwork/vibe-fs/requirements/sphinx-v2/tests/002.test.mjs","name":"WHAT[sphinx-v2-002] declared estimates retain the existing zero-rank convention","fullName":"WHAT[sphinx-v2-002] declared estimates retain the existing zero-rank convention"}
[verification-test-start] {"pid":1054,"parentPid":1048,"entryFile":"/Users/yuanxi/Workwork/vibe-fs/requirements/sphinx-v2/tests/002.test.mjs","name":"WHAT[sphinx-v2-002] an empty comparison or missing estimates cannot claim numerical comparability","fullName":"WHAT[sphinx-v2-002] an empty comparison or missing estimates cannot claim numerical comparability"}
runner: file lifecycle {"entryFile":"/Users/yuanxi/Workwork/vibe-fs/requirements/sphinx-v2/tests/029.test.mjs","type":"runner:file-drained","elapsedMs":125.096833}
runner: file lifecycle {"entryFile":"/Users/yuanxi/Workwork/vibe-fs/requirements/sphinx-v2/tests/002.test.mjs","type":"runner:file-drained","elapsedMs":128.70579100000003}
[verification-test-start] {"pid":1052,"parentPid":1048,"entryFile":"/Users/yuanxi/Workwork/vibe-fs/requirements/durable-events/tests/014.test.mjs","name":"WHAT[durable-events-014] PERSIST_001_same_instant_across_runtimes_breaks_the_tie_by_runtime_id","fullName":"WHAT[durable-events-014] PERSIST_001_same_instant_across_runtimes_breaks_the_tie_by_runtime_id"}
[verification-test-start] {"pid":1052,"parentPid":1048,"entryFile":"/Users/yuanxi/Workwork/vibe-fs/requirements/durable-events/tests/014.test.mjs","name":"WHAT[durable-events-014] PERSIST_001_k_way_merge_is_a_total_order_regardless_of_input_order","fullName":"WHAT[durable-events-014] PERSIST_001_k_way_merge_is_a_total_order_regardless_of_input_order"}
[verification-test-start] {"pid":1052,"parentPid":1048,"entryFile":"/Users/yuanxi/Workwork/vibe-fs/requirements/durable-events/tests/014.test.mjs","name":"WHAT[durable-events-014] DURABLE_EVENTS_014_k_way_merge_is_deterministic_with_EventId_tiebreak","fullName":"WHAT[durable-events-014] DURABLE_EVENTS_014_k_way_merge_is_deterministic_with_EventId_tiebreak"}
[verification-test-start] {"pid":1052,"parentPid":1048,"entryFile":"/Users/yuanxi/Workwork/vibe-fs/requirements/durable-events/tests/014.test.mjs","name":"WHAT[durable-events-014] DURABLE_EVENTS_014_k_way_merge_is_writer_enumeration_independent","fullName":"WHAT[durable-events-014] DURABLE_EVENTS_014_k_way_merge_is_writer_enumeration_independent"}
[verification-test-start] {"pid":1052,"parentPid":1048,"entryFile":"/Users/yuanxi/Workwork/vibe-fs/requirements/durable-events/tests/014.test.mjs","name":"WHAT[durable-events-014] k-way merge bounds actual ready-cursor comparisons","fullName":"WHAT[durable-events-014] k-way merge bounds actual ready-cursor comparisons"}
[verification-test-start] {"pid":1050,"parentPid":1048,"entryFile":"/Users/yuanxi/Workwork/vibe-fs/requirements/dispatch-protocol/tests/003.test.mjs","name":"WHAT[dispatch-protocol-003] typed transport receipt accepted-queue-entry remains pending and grants no authority after journal reopen","fullName":"WHAT[dispatch-protocol-003] typed transport receipt accepted-queue-entry remains pending and grants no authority after journal reopen"}
[verification-test-start] {"pid":1049,"parentPid":1048,"entryFile":"/Users/yuanxi/Workwork/vibe-fs/requirements/delegation/tests/025.test.mjs","name":"WHAT[delegation-025] late failure from a previous root cannot settle a reused sync call","fullName":"WHAT[delegation-025] late failure from a previous root cannot settle a reused sync call"}
[verification-test-start] {"pid":1051,"parentPid":1048,"entryFile":"/Users/yuanxi/Workwork/vibe-fs/requirements/dispatch-protocol/tests/007.test.mjs","name":"WHAT[dispatch-protocol-007] observed AcceptanceUnknown retains its actual PromptKey and native verdict without resending or guessing from reason text","fullName":"WHAT[dispatch-protocol-007] observed AcceptanceUnknown retains its actual PromptKey and native verdict without resending or guessing from reason text"}
runner: file lifecycle {"entryFile":"/Users/yuanxi/Workwork/vibe-fs/requirements/durable-events/tests/014.test.mjs","type":"runner:file-drained","elapsedMs":281.61162500000006}
[verification-test-start] {"pid":1050,"parentPid":1048,"entryFile":"/Users/yuanxi/Workwork/vibe-fs/requirements/dispatch-protocol/tests/003.test.mjs","name":"WHAT[dispatch-protocol-003] typed transport receipt msg-looks-like-physical remains pending and grants no authority after journal reopen","fullName":"WHAT[dispatch-protocol-003] typed transport receipt msg-looks-like-physical remains pending and grants no authority after journal reopen"}
[verification-test-start] {"pid":1050,"parentPid":1048,"entryFile":"/Users/yuanxi/Workwork/vibe-fs/requirements/dispatch-protocol/tests/003.test.mjs","name":"WHAT[dispatch-protocol-003] observed receipt-only send stays unaccepted until true physical ingress while preserving the original receipt carrier","fullName":"WHAT[dispatch-protocol-003] observed receipt-only send stays unaccepted until true physical ingress while preserving the original receipt carrier"}
[verification-test-start] {"pid":1051,"parentPid":1048,"entryFile":"/Users/yuanxi/Workwork/vibe-fs/requirements/dispatch-protocol/tests/007.test.mjs","name":"WHAT[dispatch-protocol-007] observed Fatal retains its actual PromptKey and native verdict without resending or guessing from reason text","fullName":"WHAT[dispatch-protocol-007] observed Fatal retains its actual PromptKey and native verdict without resending or guessing from reason text"}

✖ failing tests:

test at /Users/yuanxi/Workwork/vibe-fs/requirements/dispatch-protocol/tests/007.test.mjs:11:3
✖ WHAT[dispatch-protocol-007] observed AcceptanceUnknown retains its actual PromptKey and native verdict without resending or guessing from reason text (117.654ms)
  AssertionError [ERR_ASSERTION]: Expected values to be strictly equal:
  
  2 !== 0
  
      at file:///Users/yuanxi/Workwork/vibe-fs/requirements/dispatch-protocol/tests/007.test.mjs:27:22
      at async withSyncRuntime (file:///Users/yuanxi/Workwork/vibe-fs/requirements/delegation/tests/support/sync-runtime.mjs:10:12)
      at async TestContext.<anonymous> (file:///Users/yuanxi/Workwork/vibe-fs/requirements/dispatch-protocol/tests/007.test.mjs:14:5)
      at async Test.run (node:internal/test_runner/test:1054:7)
      at async startSubtestAfterBootstrap (node:internal/test_runner/harness:296:3)

[verification-test-start] {"pid":1051,"parentPid":1048,"entryFile":"/Users/yuanxi/Workwork/vibe-fs/requirements/dispatch-protocol/tests/007.test.mjs","name":"WHAT[dispatch-protocol-007] fresh claim projection begins with no observed runtime restarts","fullName":"WHAT[dispatch-protocol-007] fresh claim projection begins with no observed runtime restarts"}
test at /Users/yuanxi/Workwork/vibe-fs/requirements/dispatch-protocol/tests/007.test.mjs:11:3
✖ WHAT[dispatch-protocol-007] observed Fatal retains its actual PromptKey and native verdict without resending or guessing from reason text (52.269ms)
  AssertionError [ERR_ASSERTION]: Expected values to be strictly equal:
  
  2 !== 0
  
      at file:///Users/yuanxi/Workwork/vibe-fs/requirements/dispatch-protocol/tests/007.test.mjs:27:22
      at async withSyncRuntime (file:///Users/yuanxi/Workwork/vibe-fs/requirements/delegation/tests/support/sync-runtime.mjs:10:12)
      at async TestContext.<anonymous> (file:///Users/yuanxi/Workwork/vibe-fs/requirements/dispatch-protocol/tests/007.test.mjs:14:5)
      at async Test.run (node:internal/test_runner/test:1054:7)
      at async Test.processPendingSubtests (node:internal/test_runner/test:744:7)

[verification-test-start] {"pid":1051,"parentPid":1048,"entryFile":"/Users/yuanxi/Workwork/vibe-fs/requirements/dispatch-protocol/tests/007.test.mjs","name":"WHAT[dispatch-protocol-007] PROMPT_007_detached_refused_abandons_send_failed_without_resend","fullName":"WHAT[dispatch-protocol-007] PROMPT_007_detached_refused_abandons_send_failed_without_resend"}
[verification-test-start] {"pid":1049,"parentPid":1048,"entryFile":"/Users/yuanxi/Workwork/vibe-fs/requirements/delegation/tests/025.test.mjs","name":"WHAT[delegation-025] future Host subscriber excludes old terminal and retains new execution identity","fullName":"WHAT[delegation-025] future Host subscriber excludes old terminal and retains new execution identity"}
[verification-test-start] {"pid":1049,"parentPid":1048,"entryFile":"/Users/yuanxi/Workwork/vibe-fs/requirements/delegation/tests/025.test.mjs","name":"WHAT[delegation-025] actual fork execution rejects late run-scoped success failure and abort while preserving legitimate session-wide failures (GAP-153)","fullName":"WHAT[delegation-025] actual fork execution rejects late run-scoped success failure and abort while preserving legitimate session-wide failures (GAP-153)"}
[verification-test-start] {"pid":1049,"parentPid":1048,"entryFile":"/Users/yuanxi/Workwork/vibe-fs/requirements/delegation/tests/025.test.mjs","name":"WHAT[delegation-025] observed Engineer execution publishes the exact admitted prompt and causal formal terminal after the existing workflow","fullName":"WHAT[delegation-025] observed Engineer execution publishes the exact admitted prompt and causal formal terminal after the existing workflow"}
test at /Users/yuanxi/Workwork/vibe-fs/requirements/dispatch-protocol/tests/003.test.mjs:26:1
✖ WHAT[dispatch-protocol-003] observed receipt-only send stays unaccepted until true physical ingress while preserving the original receipt carrier (105.921ms)
  AssertionError [ERR_ASSERTION]: Expected values to be strictly equal:
  
  2 !== 0
  
      at file:///Users/yuanxi/Workwork/vibe-fs/requirements/dispatch-protocol/tests/003.test.mjs:53:12
      at async withSyncRuntime (file:///Users/yuanxi/Workwork/vibe-fs/requirements/delegation/tests/support/sync-runtime.mjs:10:12)
      at async TestContext.<anonymous> (file:///Users/yuanxi/Workwork/vibe-fs/requirements/dispatch-protocol/tests/003.test.mjs:29:3)
      at async Test.run (node:internal/test_runner/test:1054:7)
      at async Test.processPendingSubtests (node:internal/test_runner/test:744:7)

runner: file lifecycle {"entryFile":"/Users/yuanxi/Workwork/vibe-fs/requirements/dispatch-protocol/tests/003.test.mjs","type":"runner:file-drained","elapsedMs":480.95933299999996}
[verification-test-start] {"pid":1049,"parentPid":1048,"entryFile":"/Users/yuanxi/Workwork/vibe-fs/requirements/delegation/tests/025.test.mjs","name":"WHAT[delegation-025] observed invocations reuse a child while preserving distinct prompt and terminal identities and rejecting previous terminals","fullName":"WHAT[delegation-025] observed invocations reuse a child while preserving distinct prompt and terminal identities and rejecting previous terminals"}
test at /Users/yuanxi/Workwork/vibe-fs/requirements/delegation/tests/025.test.mjs:64:1
✖ WHAT[delegation-025] observed Engineer execution publishes the exact admitted prompt and causal formal terminal after the existing workflow (80.026ms)
  AssertionError [ERR_ASSERTION]: Expected values to be strictly equal:
  
  2 !== 0
  
      at file:///Users/yuanxi/Workwork/vibe-fs/requirements/delegation/tests/025.test.mjs:103:12
      at async withSyncRuntime (file:///Users/yuanxi/Workwork/vibe-fs/requirements/delegation/tests/support/sync-runtime.mjs:10:12)
      at async TestContext.<anonymous> (file:///Users/yuanxi/Workwork/vibe-fs/requirements/delegation/tests/025.test.mjs:67:3)
      at async Test.run (node:internal/test_runner/test:1054:7)
      at async Test.processPendingSubtests (node:internal/test_runner/test:744:7)

[verification-test-start] {"pid":1049,"parentPid":1048,"entryFile":"/Users/yuanxi/Workwork/vibe-fs/requirements/delegation/tests/025.test.mjs","name":"WHAT[delegation-025] rejection before dispatch settles both observed tasks without another Host prompt","fullName":"WHAT[delegation-025] rejection before dispatch settles both observed tasks without another Host prompt"}
test at /Users/yuanxi/Workwork/vibe-fs/requirements/delegation/tests/025.test.mjs:107:1
✖ WHAT[delegation-025] observed invocations reuse a child while preserving distinct prompt and terminal identities and rejecting previous terminals (105.973ms)
  AssertionError [ERR_ASSERTION]: Expected values to be strictly equal:
  
  4 !== 0
  
      at file:///Users/yuanxi/Workwork/vibe-fs/requirements/delegation/tests/025.test.mjs:140:12
      at async withSyncRuntime (file:///Users/yuanxi/Workwork/vibe-fs/requirements/delegation/tests/support/sync-runtime.mjs:10:12)
      at async TestContext.<anonymous> (file:///Users/yuanxi/Workwork/vibe-fs/requirements/delegation/tests/025.test.mjs:110:3)
      at async Test.run (node:internal/test_runner/test:1054:7)
      at async Test.processPendingSubtests (node:internal/test_runner/test:744:7)

[verification-test-start] {"pid":1049,"parentPid":1048,"entryFile":"/Users/yuanxi/Workwork/vibe-fs/requirements/delegation/tests/025.test.mjs","name":"WHAT[delegation-025] owner disposal after proven admission fails the existing observed completion without inventing physical abort","fullName":"WHAT[delegation-025] owner disposal after proven admission fails the existing observed completion without inventing physical abort"}
test at /Users/yuanxi/Workwork/vibe-fs/requirements/delegation/tests/025.test.mjs:144:1
✖ WHAT[delegation-025] rejection before dispatch settles both observed tasks without another Host prompt (70.770ms)
  AssertionError [ERR_ASSERTION]: Expected values to be strictly equal:
  
  2 !== 0
  
      at file:///Users/yuanxi/Workwork/vibe-fs/requirements/delegation/tests/025.test.mjs:160:12
      at async withSyncRuntime (file:///Users/yuanxi/Workwork/vibe-fs/requirements/delegation/tests/support/sync-runtime.mjs:10:12)
      at async TestContext.<anonymous> (file:///Users/yuanxi/Workwork/vibe-fs/requirements/delegation/tests/025.test.mjs:147:3)
      at async Test.run (node:internal/test_runner/test:1054:7)
      at async Test.processPendingSubtests (node:internal/test_runner/test:744:7)

[verification-test-start] {"pid":1051,"parentPid":1048,"entryFile":"/Users/yuanxi/Workwork/vibe-fs/requirements/dispatch-protocol/tests/007.test.mjs","name":"WHAT[dispatch-protocol-007] PROMPT_007_detached_outcome_unknown_keeps_claim_pending_never_resends","fullName":"WHAT[dispatch-protocol-007] PROMPT_007_detached_outcome_unknown_keeps_claim_pending_never_resends"}
[verification-test-start] {"pid":1049,"parentPid":1048,"entryFile":"/Users/yuanxi/Workwork/vibe-fs/requirements/delegation/tests/025.test.mjs","name":"WHAT[delegation-025] production completed-turn fallback rejects wrong-root instead of settling the reused observed invocation","fullName":"WHAT[delegation-025] production completed-turn fallback rejects wrong-root instead of settling the reused observed invocation"}
test at /Users/yuanxi/Workwork/vibe-fs/requirements/delegation/tests/025.test.mjs:164:1
✖ WHAT[delegation-025] owner disposal after proven admission fails the existing observed completion without inventing physical abort (55.924ms)
  AssertionError [ERR_ASSERTION]: Expected values to be strictly equal:
  
  2 !== 0
  
      at file:///Users/yuanxi/Workwork/vibe-fs/requirements/delegation/tests/025.test.mjs:177:12
      at async withSyncRuntime (file:///Users/yuanxi/Workwork/vibe-fs/requirements/delegation/tests/support/sync-runtime.mjs:10:12)
      at async TestContext.<anonymous> (file:///Users/yuanxi/Workwork/vibe-fs/requirements/delegation/tests/025.test.mjs:167:3)
      at async Test.run (node:internal/test_runner/test:1054:7)
      at async Test.processPendingSubtests (node:internal/test_runner/test:744:7)

[verification-test-start] {"pid":1051,"parentPid":1048,"entryFile":"/Users/yuanxi/Workwork/vibe-fs/requirements/dispatch-protocol/tests/007.test.mjs","name":"WHAT[dispatch-protocol-007] JNGD_nudge_releases_the_key_when_send_fails_and_retries","fullName":"WHAT[dispatch-protocol-007] JNGD_nudge_releases_the_key_when_send_fails_and_retries"}
[verification-test-start] {"pid":1051,"parentPid":1048,"entryFile":"/Users/yuanxi/Workwork/vibe-fs/requirements/dispatch-protocol/tests/007.test.mjs","name":"WHAT[dispatch-protocol-007] JNGD_join_gate_dedupes_same_terminal_but_rearms_for_fresh_terminal","fullName":"WHAT[dispatch-protocol-007] JNGD_join_gate_dedupes_same_terminal_but_rearms_for_fresh_terminal"}
[verification-test-start] {"pid":1049,"parentPid":1048,"entryFile":"/Users/yuanxi/Workwork/vibe-fs/requirements/delegation/tests/025.test.mjs","name":"WHAT[delegation-025] production completed-turn fallback rejects previous-physical instead of settling the reused observed invocation","fullName":"WHAT[delegation-025] production completed-turn fallback rejects previous-physical instead of settling the reused observed invocation"}
test at /Users/yuanxi/Workwork/vibe-fs/requirements/delegation/tests/025.test.mjs:182:3
✖ WHAT[delegation-025] production completed-turn fallback rejects wrong-root instead of settling the reused observed invocation (105.070ms)
  AssertionError [ERR_ASSERTION]: Expected values to be strictly equal:
  
  true !== false
  
      at file:///Users/yuanxi/Workwork/vibe-fs/requirements/delegation/tests/025.test.mjs:200:14
      at async withSyncRuntime (file:///Users/yuanxi/Workwork/vibe-fs/requirements/delegation/tests/support/sync-runtime.mjs:10:12)
      at async TestContext.<anonymous> (file:///Users/yuanxi/Workwork/vibe-fs/requirements/delegation/tests/025.test.mjs:185:5)
      at async Test.run (node:internal/test_runner/test:1054:7)
      at async Test.processPendingSubtests (node:internal/test_runner/test:744:7)

[verification-test-start] {"pid":1051,"parentPid":1048,"entryFile":"/Users/yuanxi/Workwork/vibe-fs/requirements/dispatch-protocol/tests/007.test.mjs","name":"WHAT[dispatch-protocol-007] opening additional journal writers does not abandon an unresolved claim","fullName":"WHAT[dispatch-protocol-007] opening additional journal writers does not abandon an unresolved claim"}
runner: file lifecycle {"entryFile":"/Users/yuanxi/Workwork/vibe-fs/requirements/dispatch-protocol/tests/007.test.mjs","type":"runner:file-drained","elapsedMs":948.315875}
[verification-test-start] {"pid":1049,"parentPid":1048,"entryFile":"/Users/yuanxi/Workwork/vibe-fs/requirements/delegation/tests/025.test.mjs","name":"WHAT[delegation-025] production completed-turn fallback settles its invocation once and preserves the first causal response","fullName":"WHAT[delegation-025] production completed-turn fallback settles its invocation once and preserves the first causal response"}
test at /Users/yuanxi/Workwork/vibe-fs/requirements/delegation/tests/025.test.mjs:182:3
✖ WHAT[delegation-025] production completed-turn fallback rejects previous-physical instead of settling the reused observed invocation (100.644ms)
  AssertionError [ERR_ASSERTION]: Expected values to be strictly equal:
  
  true !== false
  
      at file:///Users/yuanxi/Workwork/vibe-fs/requirements/delegation/tests/025.test.mjs:200:14
      at async withSyncRuntime (file:///Users/yuanxi/Workwork/vibe-fs/requirements/delegation/tests/support/sync-runtime.mjs:10:12)
      at async TestContext.<anonymous> (file:///Users/yuanxi/Workwork/vibe-fs/requirements/delegation/tests/025.test.mjs:185:5)
      at async Test.run (node:internal/test_runner/test:1054:7)
      at async Test.processPendingSubtests (node:internal/test_runner/test:744:7)

[verification-test-start] {"pid":1049,"parentPid":1048,"entryFile":"/Users/yuanxi/Workwork/vibe-fs/requirements/delegation/tests/025.test.mjs","name":"WHAT[delegation-025] a real preparation exception settles observed admission and completion without a Host send","fullName":"WHAT[delegation-025] a real preparation exception settles observed admission and completion without a Host send"}
test at /Users/yuanxi/Workwork/vibe-fs/requirements/delegation/tests/025.test.mjs:213:1
✖ WHAT[delegation-025] production completed-turn fallback settles its invocation once and preserves the first causal response (49.590ms)
  AssertionError [ERR_ASSERTION]: Expected values to be strictly equal:
  
  true !== false
  
      at file:///Users/yuanxi/Workwork/vibe-fs/requirements/delegation/tests/025.test.mjs:223:12
      at async withSyncRuntime (file:///Users/yuanxi/Workwork/vibe-fs/requirements/delegation/tests/support/sync-runtime.mjs:10:12)
      at async TestContext.<anonymous> (file:///Users/yuanxi/Workwork/vibe-fs/requirements/delegation/tests/025.test.mjs:216:3)
      at async Test.run (node:internal/test_runner/test:1054:7)
      at async Test.processPendingSubtests (node:internal/test_runner/test:744:7)

[verification-test-start] {"pid":1049,"parentPid":1048,"entryFile":"/Users/yuanxi/Workwork/vibe-fs/requirements/delegation/tests/025.test.mjs","name":"WHAT[delegation-025] a real Host send promise exception preserves its actual key without fabricating an outcome","fullName":"WHAT[delegation-025] a real Host send promise exception preserves its actual key without fabricating an outcome"}
test at /Users/yuanxi/Workwork/vibe-fs/requirements/delegation/tests/025.test.mjs:233:1
✖ WHAT[delegation-025] a real preparation exception settles observed admission and completion without a Host send (32.986ms)
  AssertionError [ERR_ASSERTION]: failed observed preparation must not dispatch a fallback charge
  + actual - expected
  
  + 'UnexpectedHostSend'
  - 'Admission'
  
      at file:///Users/yuanxi/Workwork/vibe-fs/requirements/delegation/tests/025.test.mjs:242:12
      at async withSyncRuntime (file:///Users/yuanxi/Workwork/vibe-fs/requirements/delegation/tests/support/sync-runtime.mjs:10:12)
      at async TestContext.<anonymous> (file:///Users/yuanxi/Workwork/vibe-fs/requirements/delegation/tests/025.test.mjs:236:3)
      at async Test.run (node:internal/test_runner/test:1054:7)
      at async Test.processPendingSubtests (node:internal/test_runner/test:744:7)

test at /Users/yuanxi/Workwork/vibe-fs/requirements/delegation/tests/025.test.mjs:251:1
✖ WHAT[delegation-025] a real Host send promise exception preserves its actual key without fabricating an outcome (29.197ms)
  AssertionError [ERR_ASSERTION]: Expected values to be strictly equal:
  
  2 !== 0
  
      at file:///Users/yuanxi/Workwork/vibe-fs/requirements/delegation/tests/025.test.mjs:270:12
      at async withSyncRuntime (file:///Users/yuanxi/Workwork/vibe-fs/requirements/delegation/tests/support/sync-runtime.mjs:10:12)
      at async TestContext.<anonymous> (file:///Users/yuanxi/Workwork/vibe-fs/requirements/delegation/tests/025.test.mjs:254:3)
      at async Test.run (node:internal/test_runner/test:1054:7)
      at async Test.processPendingSubtests (node:internal/test_runner/test:744:7)

WATCHDOG: 'tests/unit' silent for 5002ms (limit 5000ms); 89 blocking progress update(s), last progress: test:fail:WHAT[delegation-025] a real Host send promise exception preserves its actual key without fabricating an outcome lane=/Users/yuanxi/Workwork/vibe-fs/requirements/delegation/tests/025.test.mjs expectation=none
WATCHDOG: background progress 5031ms ago: test:stdout lane=/Users/yuanxi/Workwork/vibe-fs/requirements/delegation/tests/025.test.mjs (84 background update(s), none of them renewals)
runner: 1 file(s) had not reported completion
runner: file streams: 5 drained, 1 active, 0 queued
runner: active file requirements/delegation/tests/025.test.mjs; waiting for stream drain; last verdict: test:fail:WHAT[delegation-025] a real Host send promise exception preserves its actual key without fabricating an outcome
runner: last runtime test start {"name":"WHAT[delegation-025] a real Host send promise exception preserves its actual key without fabricating an outcome","file":"/Users/yuanxi/Workwork/vibe-fs/requirements/delegation/tests/025.test.mjs","entryFile":"/Users/yuanxi/Workwork/vibe-fs/requirements/delegation/tests/025.test.mjs","line":251,"column":1,"nesting":0,"pid":1048,"parentPid":1013}
runner: verdict counts unavailable; no authoritative summary before the silence
runner: post-exit group verification/reclamation: pid=1048; elapsedMs=22.232; accepted=true

runner: verdict counts unavailable; no authoritative summary; 5/6 planned file(s) completed
Error: runner: supervised suite failed (exit 1)
    at fail (file:///Users/yuanxi/Workwork/vibe-fs/requirements/verification-system/tests/e2e/support/supervise-node-test.mjs:221:25)
    at superviseOwnedNodeTest (file:///Users/yuanxi/Workwork/vibe-fs/requirements/verification-system/tests/e2e/support/supervise-node-test.mjs:402:39)
    at process.processTicksAndRejections (node:internal/process/task_queues:103:5)
    at async superviseNodeTest (file:///Users/yuanxi/Workwork/vibe-fs/requirements/verification-system/tests/e2e/support/supervise-node-test.mjs:199:14)
    at async file:///Users/yuanxi/Workwork/vibe-fs/requirements/verification-system/tests/run.mjs:94:1 {
  exitCode: 1
}
