grounding-provider-canary-failure: {"evidenceDir":"/var/folders/g_/3ydzn7kx5lg9ylq8fd9p_13r0000gn/T/wanxiang-grounding-provider-evidence-h5LB09","requests":2,"failures":[{"name":"AssertionError","message":"the next actual provider POST must preserve the complete independently expected payload\n+ actual - expected\n... Skipped lines\n\n+ Buffer(1216) [Uint8Array] [\n- Buffer(1213) [Uint8Array] [\n    60,\n    112,\n    97,\n    116,\n    104,\n...\n    191,\n+   35,\n+   32,\n    79,\n    76,\n    68,\n    32,\n    77,\n...\n    76,\n-   13,\n    10,\n+   35,\n+   32,\n    111,\n    108,\n    100,\n    32,\n    116,\n"}],"providerErrors":[{"name":"AssertionError","message":"the next actual provider POST must preserve the complete independently expected payload\n+ actual - expected\n... Skipped lines\n\n+ Buffer(1216) [Uint8Array] [\n- Buffer(1213) [Uint8Array] [\n    60,\n    112,\n    97,\n    116,\n    104,\n...\n    191,\n+   35,\n+   32,\n    79,\n    76,\n    68,\n    32,\n    77,\n...\n    76,\n-   13,\n    10,\n+   35,\n+   32,\n    111,\n    108,\n    100,\n    32,\n    116,\n"}],"cleanupErrors":[]}
node:internal/modules/run_main:123
    triggerUncaughtException(
    ^

AssertionError [ERR_ASSERTION]: the next actual provider POST must preserve the complete independently expected payload
+ actual - expected
... Skipped lines

+ Buffer(1216) [Uint8Array] [
- Buffer(1213) [Uint8Array] [
    60,
    112,
    97,
    116,
    104,
...
    191,
+   35,
+   32,
    79,
    76,
    68,
    32,
    77,
...
    76,
-   13,
    10,
+   35,
+   32,
    111,
    108,
    100,
    32,
    116,

    at handleProviderRequest (file:///Users/yuanxi/Workwork/vibe-fs/requirements/requirement-grounding/tests/support/run-grounding-provider-canary.mjs:96:14)
    at process.processTicksAndRejections (node:internal/process/task_queues:103:5) {
  generatedMessage: false,
  code: 'ERR_ASSERTION',
  actual: Buffer(1216) [Uint8Array] [
     60, 112,  97, 116, 104,  62,  47, 112, 114, 105, 118,  97,
    116, 101,  47, 118,  97, 114,  47, 102, 111, 108, 100, 101,
    114, 115,  47, 103,  95,  47,  51, 121, 100, 122, 110,  55,
    107, 120,  53, 108, 103,  57, 121, 108, 113,  56, 102, 100,
     57, 112,  95,  49,  51, 114,  48,  48,  48,  48, 103, 110,
     47,  84,  47, 119,  97, 110, 120, 105,  97, 110, 103,  45,
    103, 114, 111, 117, 110, 100, 105, 110, 103,  45, 112, 114,
    111, 118, 105, 100, 101, 114,  45, 118,  73, 103, 113,  90,
     67,  47, 119, 111,
    ... 1116 more items
  ],
  expected: Buffer(1213) [Uint8Array] [
     60, 112,  97, 116, 104,  62,  47, 112, 114, 105, 118,  97,
    116, 101,  47, 118,  97, 114,  47, 102, 111, 108, 100, 101,
    114, 115,  47, 103,  95,  47,  51, 121, 100, 122, 110,  55,
    107, 120,  53, 108, 103,  57, 121, 108, 113,  56, 102, 100,
     57, 112,  95,  49,  51, 114,  48,  48,  48,  48, 103, 110,
     47,  84,  47, 119,  97, 110, 120, 105,  97, 110, 103,  45,
    103, 114, 111, 117, 110, 100, 105, 110, 103,  45, 112, 114,
    111, 118, 105, 100, 101, 114,  45, 118,  73, 103, 113,  90,
     67,  47, 119, 111,
    ... 1113 more items
  ],
  operator: 'deepStrictEqual',
  diff: 'simple'
}

Node.js v22.23.3
