TAP version 13
# Subtest: WHAT[managed-session-lifecycle-022] original child and owner deletion archive the completed Engineer and same-scope dispose awaits actual Bookkeeper completion
not ok 1 - WHAT[managed-session-lifecycle-022] original child and owner deletion archive the completed Engineer and same-scope dispose awaits actual Bookkeeper completion
  ---
  duration_ms: 679.249833
  type: 'test'
  location: '/Users/yuanxi/Workwork/vibe-fs/requirements/managed-session-lifecycle/tests/022.test.mjs:287:1'
  failureType: 'testCodeFailure'
  error: |-
    Expected values to be strictly equal:
    + actual - expected
    
    + 'fulfilled'
    - 'pending'
    
  code: 'ERR_ASSERTION'
  name: 'AssertionError'
  expected: 'pending'
  actual: 'fulfilled'
  operator: 'strictEqual'
  stack: |-
    file:///Users/yuanxi/Workwork/vibe-fs/requirements/managed-session-lifecycle/tests/022.test.mjs:404:14
    async file:///Users/yuanxi/Workwork/vibe-fs/requirements/managed-session-lifecycle/tests/022.test.mjs:242:7
    async withExecutablePlugin (file:///Users/yuanxi/Workwork/vibe-fs/requirements/verification-system/tests/support/plugin-fixture.mjs:276:7)
    async withCompletedEngineer (file:///Users/yuanxi/Workwork/vibe-fs/requirements/managed-session-lifecycle/tests/022.test.mjs:128:3)
    async TestContext.<anonymous> (file:///Users/yuanxi/Workwork/vibe-fs/requirements/managed-session-lifecycle/tests/022.test.mjs:293:3)
    async Test.run (node:internal/test_runner/test:1054:7)
    async startSubtestAfterBootstrap (node:internal/test_runner/harness:296:3)
  ...
1..1
# tests 1
# suites 0
# pass 0
# fail 1
# cancelled 0
# skipped 0
# todo 0
# duration_ms 1035.703084
