runner: scoped 使用 TESTS_MJS_FILES=1 files
runner: build is current (1815 sources, 891 artifacts)
runner: discovery OVERRIDDEN by TESTS_MJS_FILES (1 file(s))
runner: 1 test file(s), 5000ms verdict-silence window
runner: file lifecycle {"entryFile":"/Users/yuanxi/Workwork/vibe-fs/requirements/managed-session-lifecycle/tests/022.test.mjs","pid":48072,"parentPid":48050,"type":"runner:file-start","elapsedMs":32.32858399999998}
[verification-worker-cost] {"version":1,"phase":"pre-import","sequence":0,"entryFile":"/Users/yuanxi/Workwork/vibe-fs/requirements/managed-session-lifecycle/tests/022.test.mjs","pid":48073,"parentPid":48072,"monotonicMs":17.55325,"cpuUserMicros":22901,"cpuSystemMicros":4177}
[verification-test-start] {"pid":48073,"parentPid":48072,"entryFile":"/Users/yuanxi/Workwork/vibe-fs/requirements/managed-session-lifecycle/tests/022.test.mjs","name":"WHAT[managed-session-lifecycle-022] CASE_SETTLE_uncommitted_finalize_does_not_publish_a_case","fullName":"WHAT[managed-session-lifecycle-022] CASE_SETTLE_uncommitted_finalize_does_not_publish_a_case"}
[verification-test-start] {"pid":48073,"parentPid":48072,"entryFile":"/Users/yuanxi/Workwork/vibe-fs/requirements/managed-session-lifecycle/tests/022.test.mjs","name":"WHAT[managed-session-lifecycle-022] archive commits once and duplicate finalize creates no second Bookkeeper child","fullName":"WHAT[managed-session-lifecycle-022] archive commits once and duplicate finalize creates no second Bookkeeper child"}
[verification-test-start] {"pid":48073,"parentPid":48072,"entryFile":"/Users/yuanxi/Workwork/vibe-fs/requirements/managed-session-lifecycle/tests/022.test.mjs","name":"WHAT[managed-session-lifecycle-022] no draft finalizes successfully without creating a Bookkeeper child","fullName":"WHAT[managed-session-lifecycle-022] no draft finalizes successfully without creating a Bookkeeper child"}
[verification-test-start] {"pid":48073,"parentPid":48072,"entryFile":"/Users/yuanxi/Workwork/vibe-fs/requirements/managed-session-lifecycle/tests/022.test.mjs","name":"WHAT[managed-session-lifecycle-022] finalize prerequisite uses the original plugin scope for Manager admission, attached Engineer completion and its production draft","fullName":"WHAT[managed-session-lifecycle-022] finalize prerequisite uses the original plugin scope for Manager admission, attached Engineer completion and its production draft"}
[verification-test-start] {"pid":48073,"parentPid":48072,"entryFile":"/Users/yuanxi/Workwork/vibe-fs/requirements/managed-session-lifecycle/tests/022.test.mjs","name":"WHAT[managed-session-lifecycle-022] original child and owner deletion archive the completed Engineer and same-scope dispose awaits actual Bookkeeper completion","fullName":"WHAT[managed-session-lifecycle-022] original child and owner deletion archive the completed Engineer and same-scope dispose awaits actual Bookkeeper completion"}
[verification-test-start] {"pid":48073,"parentPid":48072,"entryFile":"/Users/yuanxi/Workwork/vibe-fs/requirements/managed-session-lifecycle/tests/022.test.mjs","name":"WHAT[managed-session-lifecycle-022] real deletion preserves exact Inspector identity for NotCommitted, Unknown and PhaseConflict; only committed or empty finalization releases it (GAP-133)","fullName":"WHAT[managed-session-lifecycle-022] real deletion preserves exact Inspector identity for NotCommitted, Unknown and PhaseConflict; only committed or empty finalization releases it (GAP-133)"}
[verification-worker-cost] {"version":1,"phase":"exit","sequence":1,"entryFile":"/Users/yuanxi/Workwork/vibe-fs/requirements/managed-session-lifecycle/tests/022.test.mjs","pid":48073,"parentPid":48072,"monotonicMs":1814.403208,"cpuUserMicros":1385553,"cpuSystemMicros":180052,"exitCode":0}
runner: file lifecycle {"entryFile":"/Users/yuanxi/Workwork/vibe-fs/requirements/managed-session-lifecycle/tests/022.test.mjs","type":"runner:file-drained","elapsedMs":1865.4885840000002}
runner: worker cost {"version":1,"entryFile":"/Users/yuanxi/Workwork/vibe-fs/requirements/managed-session-lifecycle/tests/022.test.mjs","enabled":true,"pid":48073,"status":"complete","reason":null,"preImport":{"version":1,"phase":"pre-import","sequence":0,"entryFile":"/Users/yuanxi/Workwork/vibe-fs/requirements/managed-session-lifecycle/tests/022.test.mjs","pid":48073,"parentPid":48072,"monotonicMs":17.55325,"cpuUserMicros":22901,"cpuSystemMicros":4177},"exit":{"version":1,"phase":"exit","sequence":1,"entryFile":"/Users/yuanxi/Workwork/vibe-fs/requirements/managed-session-lifecycle/tests/022.test.mjs","pid":48073,"parentPid":48072,"monotonicMs":1814.403208,"cpuUserMicros":1385553,"cpuSystemMicros":180052,"exitCode":0},"interval":{"clockPid":48073,"wallMs":1796.849958,"cpuUserMicros":1362652,"cpuSystemMicros":175875}}

[test-summary] 1 file(s), 5 passed, 0 failed, 1 todo (1.84s wall, 1.47s test time)
  todo: /Users/yuanxi/Workwork/vibe-fs/requirements/managed-session-lifecycle/tests/022.test.mjs:WHAT[managed-session-lifecycle-022] real deletion preserves exact Inspector identity for NotCommitted, Unknown and PhaseConflict; only committed or empty finalization releases it (GAP-133) — reason not supplied
runner: post-exit group verification/reclamation: pid=48072; elapsedMs=17.717; accepted=true
runner: 6 test(s), 1.5s of test time; max 614ms, p90 614ms, median 56ms
runner:     614ms  WHAT[managed-session-lifecycle-022] finalize prerequisite uses the original plugin scope for Manager admission, attached Engineer completion and its production draft
runner:     565ms  WHAT[managed-session-lifecycle-022] original child and owner deletion archive the completed Engineer and same-scope dispose awaits actual Bookkeeper completion
runner:     197ms  WHAT[managed-session-lifecycle-022] CASE_SETTLE_uncommitted_finalize_does_not_publish_a_case
runner:      56ms  WHAT[managed-session-lifecycle-022] archive commits once and duplicate finalize creates no second Bookkeeper child
runner:      41ms  WHAT[managed-session-lifecycle-022] no draft finalizes successfully without creating a Bookkeeper child

runner: 5 passed, 0 failed; 1/1 planned file(s) completed
runner: partial evidence; 0 skipped, 1 TODO; excluded cases are not passes
runner: pending proof prevents complete acceptance
Error: runner: supervised suite failed (exit 1)
    at fail (file:///Users/yuanxi/Workwork/vibe-fs/requirements/verification-system/tests/e2e/support/supervise-node-test.mjs:258:25)
    at superviseOwnedNodeTest (file:///Users/yuanxi/Workwork/vibe-fs/requirements/verification-system/tests/e2e/support/supervise-node-test.mjs:541:5)
    at process.processTicksAndRejections (node:internal/process/task_queues:103:5)
    at async superviseNodeTest (file:///Users/yuanxi/Workwork/vibe-fs/requirements/verification-system/tests/e2e/support/supervise-node-test.mjs:235:14)
    at async file:///Users/yuanxi/Workwork/vibe-fs/requirements/verification-system/tests/run.mjs:94:1 {
  exitCode: 1,
  [cause]: undefined
}
