runner: scoped 使用 TESTS_MJS_FILES=5 files
runner: build is current (1803 sources, 885 artifacts)
runner: discovery OVERRIDDEN by TESTS_MJS_FILES (5 file(s))
runner: 5 test file(s), 5000ms verdict-silence window
runner: file lifecycle {"entryFile":"/Users/yuanxi/Workwork/vibe-fs/requirements/verification-system/tests/004.test.mjs","pid":98836,"parentPid":98814,"type":"runner:file-start","elapsedMs":32.097624999999994}
runner: file lifecycle {"entryFile":"/Users/yuanxi/Workwork/vibe-fs/requirements/verification-system/tests/006.test.mjs","pid":98836,"parentPid":98814,"type":"runner:file-start","elapsedMs":33.052832999999964}
runner: file lifecycle {"entryFile":"/Users/yuanxi/Workwork/vibe-fs/requirements/verification-system/tests/007.test.mjs","pid":98836,"parentPid":98814,"type":"runner:file-start","elapsedMs":34.5151249999999}
runner: file lifecycle {"entryFile":"/Users/yuanxi/Workwork/vibe-fs/requirements/verification-system/tests/010.test.mjs","pid":98836,"parentPid":98814,"type":"runner:file-start","elapsedMs":35.034374999999955}
runner: file lifecycle {"entryFile":"/Users/yuanxi/Workwork/vibe-fs/requirements/structural-wiring/tests/014.test.mjs","pid":98836,"parentPid":98814,"type":"runner:file-start","elapsedMs":36.08674999999994}
[verification-worker-cost] {"version":1,"phase":"pre-import","sequence":0,"entryFile":"/Users/yuanxi/Workwork/vibe-fs/requirements/verification-system/tests/004.test.mjs","pid":98837,"parentPid":98836,"monotonicMs":16.902417,"cpuUserMicros":22609,"cpuSystemMicros":3859}
[verification-worker-cost] {"version":1,"phase":"pre-import","sequence":0,"entryFile":"/Users/yuanxi/Workwork/vibe-fs/requirements/verification-system/tests/006.test.mjs","pid":98838,"parentPid":98836,"monotonicMs":16.815041,"cpuUserMicros":22587,"cpuSystemMicros":3247}
[verification-worker-cost] {"version":1,"phase":"pre-import","sequence":0,"entryFile":"/Users/yuanxi/Workwork/vibe-fs/requirements/verification-system/tests/007.test.mjs","pid":98839,"parentPid":98836,"monotonicMs":18.518375,"cpuUserMicros":23346,"cpuSystemMicros":4385}
[verification-worker-cost] {"version":1,"phase":"pre-import","sequence":0,"entryFile":"/Users/yuanxi/Workwork/vibe-fs/requirements/structural-wiring/tests/014.test.mjs","pid":98841,"parentPid":98836,"monotonicMs":16.111542,"cpuUserMicros":22280,"cpuSystemMicros":3964}
[verification-worker-cost] {"version":1,"phase":"pre-import","sequence":0,"entryFile":"/Users/yuanxi/Workwork/vibe-fs/requirements/verification-system/tests/010.test.mjs","pid":98840,"parentPid":98836,"monotonicMs":18.602042,"cpuUserMicros":24162,"cpuSystemMicros":3546}
node:internal/test_runner/harness:99
      throw err;
      ^

Error [ERR_MODULE_NOT_FOUND]: Cannot find module '/Users/yuanxi/Workwork/vibe-fs/requirements/structural-wiring/tests/014.test.mjs' imported from /Users/yuanxi/Workwork/vibe-fs/
    at finalizeResolution (node:internal/modules/esm/resolve:275:11)
    at moduleResolve (node:internal/modules/esm/resolve:865:10)
    at defaultResolve (node:internal/modules/esm/resolve:989:11)
    at #cachedDefaultResolve (node:internal/modules/esm/loader:747:20)
    at ModuleLoader.resolve (node:internal/modules/esm/loader:724:38)
    at ModuleLoader.getModuleJobForImport (node:internal/modules/esm/loader:320:38)
    at onImport.tracePromise.__proto__ (node:internal/modules/esm/loader:680:36)
    at TracingChannel.tracePromise (node:diagnostics_channel:350:14)
    at ModuleLoader.import (node:internal/modules/esm/loader:679:21)
    at node:internal/modules/run_main:179:35 {
  code: 'ERR_MODULE_NOT_FOUND',
  url: 'file:///Users/yuanxi/Workwork/vibe-fs/requirements/structural-wiring/tests/014.test.mjs'
}

Node.js v22.23.3
[verification-test-start] {"pid":98837,"parentPid":98836,"entryFile":"/Users/yuanxi/Workwork/vibe-fs/requirements/verification-system/tests/004.test.mjs","name":"WHAT[verification-system-004] module loadability verifier is red when a dist module fails to load","fullName":"WHAT[verification-system-004] module loadability verifier is red when a dist module fails to load"}

✖ failing tests:

test at /Users/yuanxi/Workwork/vibe-fs/requirements/structural-wiring/tests/014.test.mjs:1:1
✖ /Users/yuanxi/Workwork/vibe-fs/requirements/structural-wiring/tests/014.test.mjs (32.789ms)
  'test failed'

runner: file lifecycle {"entryFile":"/Users/yuanxi/Workwork/vibe-fs/requirements/structural-wiring/tests/014.test.mjs","type":"runner:file-drained","elapsedMs":69.34849999999994}
runner: worker cost {"version":1,"entryFile":"/Users/yuanxi/Workwork/vibe-fs/requirements/structural-wiring/tests/014.test.mjs","enabled":true,"pid":98841,"status":"missing","reason":"Exit observation not received","preImport":{"version":1,"phase":"pre-import","sequence":0,"entryFile":"/Users/yuanxi/Workwork/vibe-fs/requirements/structural-wiring/tests/014.test.mjs","pid":98841,"parentPid":98836,"monotonicMs":16.111542,"cpuUserMicros":22280,"cpuSystemMicros":3964},"exit":null,"interval":null}
[verification-test-start] {"pid":98837,"parentPid":98836,"entryFile":"/Users/yuanxi/Workwork/vibe-fs/requirements/verification-system/tests/004.test.mjs","name":"WHAT[verification-system-004] parseConcurrency accepts unset, empty, and boolean values","fullName":"WHAT[verification-system-004] parseConcurrency accepts unset, empty, and boolean values"}
[verification-test-start] {"pid":98837,"parentPid":98836,"entryFile":"/Users/yuanxi/Workwork/vibe-fs/requirements/verification-system/tests/004.test.mjs","name":"WHAT[verification-system-004] parseConcurrency treats false as 1 alias","fullName":"WHAT[verification-system-004] parseConcurrency treats false as 1 alias"}
[verification-test-start] {"pid":98837,"parentPid":98836,"entryFile":"/Users/yuanxi/Workwork/vibe-fs/requirements/verification-system/tests/004.test.mjs","name":"WHAT[verification-system-004] parseConcurrency accepts positive integers","fullName":"WHAT[verification-system-004] parseConcurrency accepts positive integers"}
[verification-test-start] {"pid":98837,"parentPid":98836,"entryFile":"/Users/yuanxi/Workwork/vibe-fs/requirements/verification-system/tests/004.test.mjs","name":"WHAT[verification-system-004] parseConcurrency throws input error on non-positive, NaN, or non-integer","fullName":"WHAT[verification-system-004] parseConcurrency throws input error on non-positive, NaN, or non-integer"}
[verification-test-start] {"pid":98837,"parentPid":98836,"entryFile":"/Users/yuanxi/Workwork/vibe-fs/requirements/verification-system/tests/004.test.mjs","name":"WHAT[verification-system-004] assertConcurrency forwards to parseConcurrency","fullName":"WHAT[verification-system-004] assertConcurrency forwards to parseConcurrency"}
[verification-test-start] {"pid":98837,"parentPid":98836,"entryFile":"/Users/yuanxi/Workwork/vibe-fs/requirements/verification-system/tests/004.test.mjs","name":"WHAT[verification-system-004] integration entry coverage goes red for an unwired integration test","fullName":"WHAT[verification-system-004] integration entry coverage goes red for an unwired integration test"}
[verification-test-start] {"pid":98837,"parentPid":98836,"entryFile":"/Users/yuanxi/Workwork/vibe-fs/requirements/verification-system/tests/004.test.mjs","name":"WHAT[verification-system-004] integration entry coverage goes red for stale or duplicate wiring","fullName":"WHAT[verification-system-004] integration entry coverage goes red for stale or duplicate wiring"}
[verification-test-start] {"pid":98837,"parentPid":98836,"entryFile":"/Users/yuanxi/Workwork/vibe-fs/requirements/verification-system/tests/004.test.mjs","name":"WHAT[verification-system-004] integration entry coverage goes red when a child-owned test is not declared","fullName":"WHAT[verification-system-004] integration entry coverage goes red when a child-owned test is not declared"}
[verification-test-start] {"pid":98837,"parentPid":98836,"entryFile":"/Users/yuanxi/Workwork/vibe-fs/requirements/verification-system/tests/004.test.mjs","name":"WHAT[verification-system-004] spec gate rejects duplicate CHATEXEC identifiers","fullName":"WHAT[verification-system-004] spec gate rejects duplicate CHATEXEC identifiers"}
[verification-test-start] {"pid":98837,"parentPid":98836,"entryFile":"/Users/yuanxi/Workwork/vibe-fs/requirements/verification-system/tests/004.test.mjs","name":"WHAT[verification-system-004] js-boundary-gate verifier is red on controlled A-D semantic debt","fullName":"WHAT[verification-system-004] js-boundary-gate verifier is red on controlled A-D semantic debt"}
js-boundary-gate: 2 violation(s) across 1 file(s)
  ../../../../var/folders/g_/3ydzn7kx5lg9ylq8fd9p_13r0000gn/T/boundary-gate-red-0mOTxg/requirements/sample-pkg/tests/debt.test.mjs:1 [deep-dist-import] import * as mod from '../../../dist/Internal/UnregisteredModule.js'
  ../../../../var/folders/g_/3ydzn7kx5lg9ylq8fd9p_13r0000gn/T/boundary-gate-red-0mOTxg/requirements/sample-pkg/tests/debt.test.mjs:2 [export-discovery] const names = Object.keys(mod)
js-boundary-gate: OK — 0 debt line(s) across 0 file(s)
[verification-test-start] {"pid":98837,"parentPid":98836,"entryFile":"/Users/yuanxi/Workwork/vibe-fs/requirements/verification-system/tests/004.test.mjs","name":"WHAT[verification-system-004] boundary guard distinguishes environment keys from compiler-name lookups","fullName":"WHAT[verification-system-004] boundary guard distinguishes environment keys from compiler-name lookups"}
js-boundary-gate: OK — 0 debt line(s) across 0 file(s)
js-boundary-gate: 1 violation(s) across 1 file(s)
  ../../../../var/folders/g_/3ydzn7kx5lg9ylq8fd9p_13r0000gn/T/boundary-environment-W1SYaG/requirements/sample/tests/001.test.mjs:3 [mangled-lookup] const name = 'Example__run'; name.startsWith('Example__')
js-boundary-gate: 1 violation(s) across 1 file(s)
  ../../../../var/folders/g_/3ydzn7kx5lg9ylq8fd9p_13r0000gn/T/boundary-environment-W1SYaG/requirements/sample/tests/001.test.mjs:3 [mangled-lookup] const name = '_Method'; name.endsWith('_Method')
js-boundary-gate: 1 violation(s) across 1 file(s)
  ../../../../var/folders/g_/3ydzn7kx5lg9ylq8fd9p_13r0000gn/T/boundary-environment-W1SYaG/requirements/sample/tests/001.test.mjs:3 [mangled-lookup] Object.keys(process.env).filter((env) => { const name = 'Example__run'; return name.startsWith('Example__') })
[verification-worker-cost] {"version":1,"phase":"exit","sequence":1,"entryFile":"/Users/yuanxi/Workwork/vibe-fs/requirements/verification-system/tests/004.test.mjs","pid":98837,"parentPid":98836,"monotonicMs":55.284375,"cpuUserMicros":60901,"cpuSystemMicros":10401,"exitCode":0}
runner: file lifecycle {"entryFile":"/Users/yuanxi/Workwork/vibe-fs/requirements/verification-system/tests/004.test.mjs","type":"runner:file-drained","elapsedMs":99.80212499999993}
runner: worker cost {"version":1,"entryFile":"/Users/yuanxi/Workwork/vibe-fs/requirements/verification-system/tests/004.test.mjs","enabled":true,"pid":98837,"status":"complete","reason":null,"preImport":{"version":1,"phase":"pre-import","sequence":0,"entryFile":"/Users/yuanxi/Workwork/vibe-fs/requirements/verification-system/tests/004.test.mjs","pid":98837,"parentPid":98836,"monotonicMs":16.902417,"cpuUserMicros":22609,"cpuSystemMicros":3859},"exit":{"version":1,"phase":"exit","sequence":1,"entryFile":"/Users/yuanxi/Workwork/vibe-fs/requirements/verification-system/tests/004.test.mjs","pid":98837,"parentPid":98836,"monotonicMs":55.284375,"cpuUserMicros":60901,"cpuSystemMicros":10401,"exitCode":0},"interval":{"clockPid":98837,"wallMs":38.381958,"cpuUserMicros":38292,"cpuSystemMicros":6542}}
[verification-test-start] {"pid":98840,"parentPid":98836,"entryFile":"/Users/yuanxi/Workwork/vibe-fs/requirements/verification-system/tests/010.test.mjs","name":"WHAT[verification-system-010] frozen event budgets reject invalid limits and count only substantive SSE events","fullName":"WHAT[verification-system-010] frozen event budgets reject invalid limits and count only substantive SSE events"}
[verification-test-start] {"pid":98840,"parentPid":98836,"entryFile":"/Users/yuanxi/Workwork/vibe-fs/requirements/verification-system/tests/010.test.mjs","name":"WHAT[verification-system-010] exceeding an event budget fails instead of extending its limit","fullName":"WHAT[verification-system-010] exceeding an event budget fails instead of extending its limit"}
[verification-test-start] {"pid":98840,"parentPid":98836,"entryFile":"/Users/yuanxi/Workwork/vibe-fs/requirements/verification-system/tests/010.test.mjs","name":"WHAT[verification-system-010] the Long Stroke retains its existing acceptance event ceilings","fullName":"WHAT[verification-system-010] the Long Stroke retains its existing acceptance event ceilings"}
[verification-worker-cost] {"version":1,"phase":"exit","sequence":1,"entryFile":"/Users/yuanxi/Workwork/vibe-fs/requirements/verification-system/tests/010.test.mjs","pid":98840,"parentPid":98836,"monotonicMs":132.997708,"cpuUserMicros":183503,"cpuSystemMicros":21470,"exitCode":0}
runner: file lifecycle {"entryFile":"/Users/yuanxi/Workwork/vibe-fs/requirements/verification-system/tests/010.test.mjs","type":"runner:file-drained","elapsedMs":182.6585829999999}
runner: worker cost {"version":1,"entryFile":"/Users/yuanxi/Workwork/vibe-fs/requirements/verification-system/tests/010.test.mjs","enabled":true,"pid":98840,"status":"complete","reason":null,"preImport":{"version":1,"phase":"pre-import","sequence":0,"entryFile":"/Users/yuanxi/Workwork/vibe-fs/requirements/verification-system/tests/010.test.mjs","pid":98840,"parentPid":98836,"monotonicMs":18.602042,"cpuUserMicros":24162,"cpuSystemMicros":3546},"exit":{"version":1,"phase":"exit","sequence":1,"entryFile":"/Users/yuanxi/Workwork/vibe-fs/requirements/verification-system/tests/010.test.mjs","pid":98840,"parentPid":98836,"monotonicMs":132.997708,"cpuUserMicros":183503,"cpuSystemMicros":21470,"exitCode":0},"interval":{"clockPid":98840,"wallMs":114.39566599999999,"cpuUserMicros":159341,"cpuSystemMicros":17924}}
[verification-test-start] {"pid":98839,"parentPid":98836,"entryFile":"/Users/yuanxi/Workwork/vibe-fs/requirements/verification-system/tests/007.test.mjs","name":"WHAT[verification-system-007] explicit virtual time and cancellation replay the same causal trace","fullName":"WHAT[verification-system-007] explicit virtual time and cancellation replay the same causal trace"}
[verification-test-start] {"pid":98838,"parentPid":98836,"entryFile":"/Users/yuanxi/Workwork/vibe-fs/requirements/verification-system/tests/006.test.mjs","name":"WHAT[verification-system-006] silence termination reclaims an actual detached tool and its descendant while preserving the caller's foreign group","fullName":"WHAT[verification-system-006] silence termination reclaims an actual detached tool and its descendant while preserving the caller's foreign group"}
[verification-test-start] {"pid":98839,"parentPid":98836,"entryFile":"/Users/yuanxi/Workwork/vibe-fs/requirements/verification-system/tests/007.test.mjs","name":"WHAT[verification-system-007] deterministic families preserve replay, restart, identity, and fence laws","fullName":"WHAT[verification-system-007] deterministic families preserve replay, restart, identity, and fence laws"}
[verification-test-start] {"pid":98839,"parentPid":98836,"entryFile":"/Users/yuanxi/Workwork/vibe-fs/requirements/verification-system/tests/007.test.mjs","name":"WHAT[verification-system-007] executes every valid identity/admission/capacity causal interleaving","fullName":"WHAT[verification-system-007] executes every valid identity/admission/capacity causal interleaving"}
[verification-test-start] {"pid":98839,"parentPid":98836,"entryFile":"/Users/yuanxi/Workwork/vibe-fs/requirements/verification-system/tests/007.test.mjs","name":"WHAT[verification-system-007] deterministic queue enumerates races explicitly","fullName":"WHAT[verification-system-007] deterministic queue enumerates races explicitly"}
[verification-test-start] {"pid":98839,"parentPid":98836,"entryFile":"/Users/yuanxi/Workwork/vibe-fs/requirements/verification-system/tests/007.test.mjs","name":"WHAT[verification-system-007] completion source order is explicit","fullName":"WHAT[verification-system-007] completion source order is explicit"}
[verification-test-start] {"pid":98839,"parentPid":98836,"entryFile":"/Users/yuanxi/Workwork/vibe-fs/requirements/verification-system/tests/007.test.mjs","name":"WHAT[verification-system-007] runTrace advances clock and appends durably","fullName":"WHAT[verification-system-007] runTrace advances clock and appends durably"}
[verification-test-start] {"pid":98839,"parentPid":98836,"entryFile":"/Users/yuanxi/Workwork/vibe-fs/requirements/verification-system/tests/007.test.mjs","name":"WHAT[verification-system-007] recorded provider port replays in enqueued order","fullName":"WHAT[verification-system-007] recorded provider port replays in enqueued order"}
[verification-test-start] {"pid":98839,"parentPid":98836,"entryFile":"/Users/yuanxi/Workwork/vibe-fs/requirements/verification-system/tests/007.test.mjs","name":"WHAT[verification-system-007] journal release drains accepted append prefix and rejects later admission","fullName":"WHAT[verification-system-007] journal release drains accepted append prefix and rejects later admission"}
[verification-test-start] {"pid":98839,"parentPid":98836,"entryFile":"/Users/yuanxi/Workwork/vibe-fs/requirements/verification-system/tests/007.test.mjs","name":"WHAT[verification-system-007] journal poison preserves the first physical failure and stops storage traffic","fullName":"WHAT[verification-system-007] journal poison preserves the first physical failure and stops storage traffic"}
[verification-test-start] {"pid":98839,"parentPid":98836,"entryFile":"/Users/yuanxi/Workwork/vibe-fs/requirements/verification-system/tests/007.test.mjs","name":"WHAT[verification-system-007] reconcile shutdown closes admission and waits for the running pass","fullName":"WHAT[verification-system-007] reconcile shutdown closes admission and waits for the running pass"}
[verification-test-start] {"pid":98839,"parentPid":98836,"entryFile":"/Users/yuanxi/Workwork/vibe-fs/requirements/verification-system/tests/007.test.mjs","name":"WHAT[verification-system-007] poisoned durable substrate rejects new reconcile admission","fullName":"WHAT[verification-system-007] poisoned durable substrate rejects new reconcile admission"}
[verification-test-start] {"pid":98839,"parentPid":98836,"entryFile":"/Users/yuanxi/Workwork/vibe-fs/requirements/verification-system/tests/007.test.mjs","name":"WHAT[verification-system-007] plugin scope drains reconcile and admitted Host work before disposal","fullName":"WHAT[verification-system-007] plugin scope drains reconcile and admitted Host work before disposal"}
[verification-test-start] {"pid":98839,"parentPid":98836,"entryFile":"/Users/yuanxi/Workwork/vibe-fs/requirements/verification-system/tests/007.test.mjs","name":"WHAT[verification-system-007] plugin scope preserves detached background failure instead of swallowing it","fullName":"WHAT[verification-system-007] plugin scope preserves detached background failure instead of swallowing it"}
[verification-worker-cost] {"version":1,"phase":"exit","sequence":1,"entryFile":"/Users/yuanxi/Workwork/vibe-fs/requirements/verification-system/tests/007.test.mjs","pid":98839,"parentPid":98836,"monotonicMs":266.748542,"cpuUserMicros":400409,"cpuSystemMicros":33837,"exitCode":0}
runner: file lifecycle {"entryFile":"/Users/yuanxi/Workwork/vibe-fs/requirements/verification-system/tests/007.test.mjs","type":"runner:file-drained","elapsedMs":315.7199579999999}
runner: worker cost {"version":1,"entryFile":"/Users/yuanxi/Workwork/vibe-fs/requirements/verification-system/tests/007.test.mjs","enabled":true,"pid":98839,"status":"complete","reason":null,"preImport":{"version":1,"phase":"pre-import","sequence":0,"entryFile":"/Users/yuanxi/Workwork/vibe-fs/requirements/verification-system/tests/007.test.mjs","pid":98839,"parentPid":98836,"monotonicMs":18.518375,"cpuUserMicros":23346,"cpuSystemMicros":4385},"exit":{"version":1,"phase":"exit","sequence":1,"entryFile":"/Users/yuanxi/Workwork/vibe-fs/requirements/verification-system/tests/007.test.mjs","pid":98839,"parentPid":98836,"monotonicMs":266.748542,"cpuUserMicros":400409,"cpuSystemMicros":33837,"exitCode":0},"interval":{"clockPid":98839,"wallMs":248.230167,"cpuUserMicros":377063,"cpuSystemMicros":29452}}
[verification-test-start] {"pid":98838,"parentPid":98836,"entryFile":"/Users/yuanxi/Workwork/vibe-fs/requirements/verification-system/tests/006.test.mjs","name":"WHAT[verification-system-006] native initial inspection failure preserves its cause and drains actual frozen descendants before rejection","fullName":"WHAT[verification-system-006] native initial inspection failure preserves its cause and drains actual frozen descendants before rejection"}
[verification-test-start] {"pid":98838,"parentPid":98836,"entryFile":"/Users/yuanxi/Workwork/vibe-fs/requirements/verification-system/tests/006.test.mjs","name":"WHAT[verification-system-006] native initial and frozen inspection failures preserve both causes without claiming complete inventory","fullName":"WHAT[verification-system-006] native initial and frozen inspection failures preserve both causes without claiming complete inventory"}
[verification-test-start] {"pid":98838,"parentPid":98836,"entryFile":"/Users/yuanxi/Workwork/vibe-fs/requirements/verification-system/tests/006.test.mjs","name":"WHAT[verification-system-006] native incomplete snapshot cannot certify a missing root as fully captured","fullName":"WHAT[verification-system-006] native incomplete snapshot cannot certify a missing root as fully captured"}
[verification-test-start] {"pid":98838,"parentPid":98836,"entryFile":"/Users/yuanxi/Workwork/vibe-fs/requirements/verification-system/tests/006.test.mjs","name":"WHAT[verification-system-006] native freeze inspection failure preserves its original cause and drains known owned resources while retaining a foreign group","fullName":"WHAT[verification-system-006] native freeze inspection failure preserves its original cause and drains known owned resources while retaining a foreign group"}
[verification-test-start] {"pid":98838,"parentPid":98836,"entryFile":"/Users/yuanxi/Workwork/vibe-fs/requirements/verification-system/tests/006.test.mjs","name":"WHAT[verification-system-006] native drain inspection failure preserves its original cause and drains captured owned resources while retaining a foreign group","fullName":"WHAT[verification-system-006] native drain inspection failure preserves its original cause and drains captured owned resources while retaining a foreign group"}
[verification-test-start] {"pid":98838,"parentPid":98836,"entryFile":"/Users/yuanxi/Workwork/vibe-fs/requirements/verification-system/tests/006.test.mjs","name":"WHAT[verification-system-006] native double inspection failure preserves both original causes and reports incomplete owned cleanup","fullName":"WHAT[verification-system-006] native double inspection failure preserves both original causes and reports incomplete owned cleanup"}
[verification-test-start] {"pid":98838,"parentPid":98836,"entryFile":"/Users/yuanxi/Workwork/vibe-fs/requirements/verification-system/tests/006.test.mjs","name":"WHAT[verification-system-006] probe consumer setup failure settles its already running native owner before rejection","fullName":"WHAT[verification-system-006] probe consumer setup failure settles its already running native owner before rejection"}
[verification-test-start] {"pid":98838,"parentPid":98836,"entryFile":"/Users/yuanxi/Workwork/vibe-fs/requirements/verification-system/tests/006.test.mjs","name":"WHAT[verification-system-006] probe consumer setup and native cleanup failure preserve both causes after actual owner settlement","fullName":"WHAT[verification-system-006] probe consumer setup and native cleanup failure preserve both causes after actual owner settlement"}
[verification-test-start] {"pid":98838,"parentPid":98836,"entryFile":"/Users/yuanxi/Workwork/vibe-fs/requirements/verification-system/tests/006.test.mjs","name":"WHAT[verification-system-006] owned tool monitoring preserves actual terminals and rejects missing control evidence","fullName":"WHAT[verification-system-006] owned tool monitoring preserves actual terminals and rejects missing control evidence"}
[verification-test-start] {"pid":98838,"parentPid":98836,"entryFile":"/Users/yuanxi/Workwork/vibe-fs/requirements/verification-system/tests/006.test.mjs","name":"WHAT[verification-system-006] empty PATH preserves exact selected environment and actual independent process group","fullName":"WHAT[verification-system-006] owned tool monitoring preserves actual terminals and rejects missing control evidence > WHAT[verification-system-006] empty PATH preserves exact selected environment and actual independent process group"}
[verification-test-start] {"pid":98838,"parentPid":98836,"entryFile":"/Users/yuanxi/Workwork/vibe-fs/requirements/verification-system/tests/006.test.mjs","name":"WHAT[verification-system-006] a selected nonzero exit is preserved instead of the monitor exit","fullName":"WHAT[verification-system-006] owned tool monitoring preserves actual terminals and rejects missing control evidence > WHAT[verification-system-006] a selected nonzero exit is preserved instead of the monitor exit"}
[verification-test-start] {"pid":98838,"parentPid":98836,"entryFile":"/Users/yuanxi/Workwork/vibe-fs/requirements/verification-system/tests/006.test.mjs","name":"WHAT[verification-system-006] a selected process signal is preserved instead of the monitor exit","fullName":"WHAT[verification-system-006] owned tool monitoring preserves actual terminals and rejects missing control evidence > WHAT[verification-system-006] a selected process signal is preserved instead of the monitor exit"}
[verification-test-start] {"pid":98838,"parentPid":98836,"entryFile":"/Users/yuanxi/Workwork/vibe-fs/requirements/verification-system/tests/006.test.mjs","name":"WHAT[verification-system-006] a real selected executable spawn failure retains its OS cause","fullName":"WHAT[verification-system-006] owned tool monitoring preserves actual terminals and rejects missing control evidence > WHAT[verification-system-006] a real selected executable spawn failure retains its OS cause"}
[verification-test-start] {"pid":98838,"parentPid":98836,"entryFile":"/Users/yuanxi/Workwork/vibe-fs/requirements/verification-system/tests/006.test.mjs","name":"WHAT[verification-system-006] missing monitor terminal before selected spawn rejects acceptance","fullName":"WHAT[verification-system-006] owned tool monitoring preserves actual terminals and rejects missing control evidence > WHAT[verification-system-006] missing monitor terminal before selected spawn rejects acceptance"}
[verification-test-start] {"pid":98838,"parentPid":98836,"entryFile":"/Users/yuanxi/Workwork/vibe-fs/requirements/verification-system/tests/006.test.mjs","name":"WHAT[verification-system-006] malformed monitor terminal before selected spawn rejects acceptance","fullName":"WHAT[verification-system-006] owned tool monitoring preserves actual terminals and rejects missing control evidence > WHAT[verification-system-006] malformed monitor terminal before selected spawn rejects acceptance"}
[verification-test-start] {"pid":98838,"parentPid":98836,"entryFile":"/Users/yuanxi/Workwork/vibe-fs/requirements/verification-system/tests/006.test.mjs","name":"WHAT[verification-system-006] duplicate monitor terminal before selected spawn rejects acceptance","fullName":"WHAT[verification-system-006] owned tool monitoring preserves actual terminals and rejects missing control evidence > WHAT[verification-system-006] duplicate monitor terminal before selected spawn rejects acceptance"}
[verification-test-start] {"pid":98838,"parentPid":98836,"entryFile":"/Users/yuanxi/Workwork/vibe-fs/requirements/verification-system/tests/006.test.mjs","name":"WHAT[verification-system-006] event safety ceilings validate input and count actual non-heartbeat events","fullName":"WHAT[verification-system-006] event safety ceilings validate input and count actual non-heartbeat events"}
[verification-test-start] {"pid":98838,"parentPid":98836,"entryFile":"/Users/yuanxi/Workwork/vibe-fs/requirements/verification-system/tests/006.test.mjs","name":"WHAT[verification-system-006] diagnostics preserve the actual wait and monitored subject","fullName":"WHAT[verification-system-006] diagnostics preserve the actual wait and monitored subject"}
[verification-test-start] {"pid":98838,"parentPid":98836,"entryFile":"/Users/yuanxi/Workwork/vibe-fs/requirements/verification-system/tests/006.test.mjs","name":"WHAT[verification-system-006] missing and corrupt wait snapshots disclose the diagnostic gap","fullName":"WHAT[verification-system-006] missing and corrupt wait snapshots disclose the diagnostic gap"}
[verification-test-start] {"pid":98838,"parentPid":98836,"entryFile":"/Users/yuanxi/Workwork/vibe-fs/requirements/verification-system/tests/006.test.mjs","name":"WHAT[verification-system-006] the initial silence window covers execution before its first progress","fullName":"WHAT[verification-system-006] the initial silence window covers execution before its first progress"}
[verification-test-start] {"pid":98838,"parentPid":98836,"entryFile":"/Users/yuanxi/Workwork/vibe-fs/requirements/verification-system/tests/006.test.mjs","name":"WHAT[verification-system-006] continuing progress outlives a window and silence is measured from its last advance","fullName":"WHAT[verification-system-006] continuing progress outlives a window and silence is measured from its last advance"}
[verification-test-start] {"pid":98838,"parentPid":98836,"entryFile":"/Users/yuanxi/Workwork/vibe-fs/requirements/verification-system/tests/006.test.mjs","name":"WHAT[verification-system-006] completed verdicts renew the window while repeated log traffic cannot","fullName":"WHAT[verification-system-006] completed verdicts renew the window while repeated log traffic cannot"}
[verification-test-start] {"pid":98838,"parentPid":98836,"entryFile":"/Users/yuanxi/Workwork/vibe-fs/requirements/verification-system/tests/006.test.mjs","name":"WHAT[verification-system-006] scheduling events do not renew the silence window","fullName":"WHAT[verification-system-006] scheduling events do not renew the silence window"}
[verification-test-start] {"pid":98838,"parentPid":98836,"entryFile":"/Users/yuanxi/Workwork/vibe-fs/requirements/verification-system/tests/006.test.mjs","name":"WHAT[verification-system-006] the real verdict transport records body entry with its actual parent test and process identity","fullName":"WHAT[verification-system-006] the real verdict transport records body entry with its actual parent test and process identity"}
[verification-test-start] {"pid":98838,"parentPid":98836,"entryFile":"/Users/yuanxi/Workwork/vibe-fs/requirements/verification-system/tests/006.test.mjs","name":"WHAT[verification-system-006] worker cost observations identify two actual file processes and leave an unobserved exit missing","fullName":"WHAT[verification-system-006] worker cost observations identify two actual file processes and leave an unobserved exit missing"}
[verification-test-start] {"pid":98838,"parentPid":98836,"entryFile":"/Users/yuanxi/Workwork/vibe-fs/requirements/verification-system/tests/006.test.mjs","name":"WHAT[verification-system-006] worker cost diagnostics preserve actual success and assertion failure with a closed exit sink","fullName":"WHAT[verification-system-006] worker cost diagnostics preserve actual success and assertion failure with a closed exit sink"}
[verification-test-start] {"pid":98838,"parentPid":98836,"entryFile":"/Users/yuanxi/Workwork/vibe-fs/requirements/verification-system/tests/006.test.mjs","name":"WHAT[verification-system-006] continuing worker cost IPC cannot renew a pending file after invalid diagnostic evidence","fullName":"WHAT[verification-system-006] continuing worker cost IPC cannot renew a pending file after invalid diagnostic evidence"}
[verification-test-start] {"pid":98838,"parentPid":98836,"entryFile":"/Users/yuanxi/Workwork/vibe-fs/requirements/verification-system/tests/006.test.mjs","name":"WHAT[verification-system-006] invalid worker cost IPC leaves actual runner verdicts and process cleanup unchanged","fullName":"WHAT[verification-system-006] invalid worker cost IPC leaves actual runner verdicts and process cleanup unchanged"}
[verification-test-start] {"pid":98838,"parentPid":98836,"entryFile":"/Users/yuanxi/Workwork/vibe-fs/requirements/verification-system/tests/006.test.mjs","name":"WHAT[verification-system-006] the worker cost collector rejects observations and invalid states presented as disabled","fullName":"WHAT[verification-system-006] the worker cost collector rejects observations and invalid states presented as disabled"}
[verification-test-start] {"pid":98838,"parentPid":98836,"entryFile":"/Users/yuanxi/Workwork/vibe-fs/requirements/verification-system/tests/006.test.mjs","name":"WHAT[verification-system-006] the worker cost collector preserves native cumulative units and only derives a same-process interval","fullName":"WHAT[verification-system-006] the worker cost collector preserves native cumulative units and only derives a same-process interval"}
[verification-test-start] {"pid":98838,"parentPid":98836,"entryFile":"/Users/yuanxi/Workwork/vibe-fs/requirements/verification-system/tests/006.test.mjs","name":"WHAT[verification-system-006] the worker cost collector invalidates forged, duplicate, reordered and wrongly attributed observations without a business verdict","fullName":"WHAT[verification-system-006] the worker cost collector invalidates forged, duplicate, reordered and wrongly attributed observations without a business verdict"}
[verification-test-start] {"pid":98838,"parentPid":98836,"entryFile":"/Users/yuanxi/Workwork/vibe-fs/requirements/verification-system/tests/006.test.mjs","name":"WHAT[verification-system-006] the worker cost collector bounds fragmented bytes and distinguishes disabled, missing and truncated observations","fullName":"WHAT[verification-system-006] the worker cost collector bounds fragmented bytes and distinguishes disabled, missing and truncated observations"}
[verification-test-start] {"pid":98838,"parentPid":98836,"entryFile":"/Users/yuanxi/Workwork/vibe-fs/requirements/verification-system/tests/006.test.mjs","name":"WHAT[verification-system-006] file waits distinguish queued, active and verdicts awaiting stream drain","fullName":"WHAT[verification-system-006] file waits distinguish queued, active and verdicts awaiting stream drain"}
[verification-test-start] {"pid":98838,"parentPid":98836,"entryFile":"/Users/yuanxi/Workwork/vibe-fs/requirements/verification-system/tests/006.test.mjs","name":"WHAT[verification-system-006] file lifecycle facts reject unknown entries and impossible transitions","fullName":"WHAT[verification-system-006] file lifecycle facts reject unknown entries and impossible transitions"}
[verification-test-start] {"pid":98838,"parentPid":98836,"entryFile":"/Users/yuanxi/Workwork/vibe-fs/requirements/verification-system/tests/006.test.mjs","name":"WHAT[verification-system-006] a pending runtime test start remains diagnostic evidence without becoming a verdict","fullName":"WHAT[verification-system-006] a pending runtime test start remains diagnostic evidence without becoming a verdict"}
[verification-test-start] {"pid":98838,"parentPid":98836,"entryFile":"/Users/yuanxi/Workwork/vibe-fs/requirements/verification-system/tests/006.test.mjs","name":"WHAT[verification-system-006] continuing body entry diagnostics cannot keep a genuinely pending test alive","fullName":"WHAT[verification-system-006] continuing body entry diagnostics cannot keep a genuinely pending test alive"}
[verification-test-start] {"pid":98838,"parentPid":98836,"entryFile":"/Users/yuanxi/Workwork/vibe-fs/requirements/verification-system/tests/006.test.mjs","name":"WHAT[verification-system-006] real tool diagnostics preserve stdout failure and complete cleanup without forwarding the control field","fullName":"WHAT[verification-system-006] real tool diagnostics preserve stdout failure and complete cleanup without forwarding the control field"}
[verification-test-start] {"pid":98838,"parentPid":98836,"entryFile":"/Users/yuanxi/Workwork/vibe-fs/requirements/verification-system/tests/006.test.mjs","name":"WHAT[verification-system-006] real silence diagnostics identify active waits separately from queued files","fullName":"WHAT[verification-system-006] real silence diagnostics identify active waits separately from queued files"}
[verification-test-start] {"pid":98838,"parentPid":98836,"entryFile":"/Users/yuanxi/Workwork/vibe-fs/requirements/verification-system/tests/006.test.mjs","name":"WHAT[verification-system-006] silence failure reclaims its process group before the caller catches it and completes cleanup","fullName":"WHAT[verification-system-006] silence failure reclaims its process group before the caller catches it and completes cleanup"}
[verification-test-start] {"pid":98838,"parentPid":98836,"entryFile":"/Users/yuanxi/Workwork/vibe-fs/requirements/verification-system/tests/006.test.mjs","name":"WHAT[verification-system-006] synchronous runner spawn failure preserves its cause and stops its watchdog","fullName":"WHAT[verification-system-006] synchronous runner spawn failure preserves its cause and stops its watchdog"}
[verification-test-start] {"pid":98838,"parentPid":98836,"entryFile":"/Users/yuanxi/Workwork/vibe-fs/requirements/verification-system/tests/006.test.mjs","name":"WHAT[verification-system-006] suite HOME cleanup failure preserves the original failed verdict and rejects acceptance","fullName":"WHAT[verification-system-006] suite HOME cleanup failure preserves the original failed verdict and rejects acceptance"}
[verification-test-start] {"pid":98838,"parentPid":98836,"entryFile":"/Users/yuanxi/Workwork/vibe-fs/requirements/verification-system/tests/006.test.mjs","name":"WHAT[verification-system-006] standalone inner owns only its allocated HOME and always releases it","fullName":"WHAT[verification-system-006] standalone inner owns only its allocated HOME and always releases it"}
[verification-test-start] {"pid":98838,"parentPid":98836,"entryFile":"/Users/yuanxi/Workwork/vibe-fs/requirements/verification-system/tests/006.test.mjs","name":"WHAT[verification-system-006] physical backstop diagnostics retain active verdicts and queued files while completed leaves continue advancing","fullName":"WHAT[verification-system-006] physical backstop diagnostics retain active verdicts and queued files while completed leaves continue advancing"}
[verification-test-start] {"pid":98838,"parentPid":98836,"entryFile":"/Users/yuanxi/Workwork/vibe-fs/requirements/verification-system/tests/006.test.mjs","name":"WHAT[verification-system-006] synchronous work and microtasks deliver completed verdicts before the file ends","fullName":"WHAT[verification-system-006] synchronous work and microtasks deliver completed verdicts before the file ends"}
[verification-test-start] {"pid":98838,"parentPid":98836,"entryFile":"/Users/yuanxi/Workwork/vibe-fs/requirements/verification-system/tests/006.test.mjs","name":"WHAT[verification-system-006] transport scheduling cannot renew unfinished work or background noise","fullName":"WHAT[verification-system-006] transport scheduling cannot renew unfinished work or background noise"}
[verification-test-start] {"pid":98838,"parentPid":98836,"entryFile":"/Users/yuanxi/Workwork/vibe-fs/requirements/verification-system/tests/006.test.mjs","name":"WHAT[verification-system-006] transport scheduling preserves after-hook failure verdicts","fullName":"WHAT[verification-system-006] transport scheduling preserves after-hook failure verdicts"}
[verification-test-start] {"pid":98838,"parentPid":98836,"entryFile":"/Users/yuanxi/Workwork/vibe-fs/requirements/verification-system/tests/006.test.mjs","name":"WHAT[verification-system-006] repeat observations of one causal state do not renew twice","fullName":"WHAT[verification-system-006] repeat observations of one causal state do not renew twice"}
[verification-test-start] {"pid":98838,"parentPid":98836,"entryFile":"/Users/yuanxi/Workwork/vibe-fs/requirements/verification-system/tests/006.test.mjs","name":"WHAT[verification-system-006] stop cancels monitoring and late signals cannot resurrect it","fullName":"WHAT[verification-system-006] stop cancels monitoring and late signals cannot resurrect it"}
[verification-test-start] {"pid":98838,"parentPid":98836,"entryFile":"/Users/yuanxi/Workwork/vibe-fs/requirements/verification-system/tests/006.test.mjs","name":"WHAT[verification-system-006] changing the window does not invent new causal progress","fullName":"WHAT[verification-system-006] changing the window does not invent new causal progress"}
[verification-test-start] {"pid":98838,"parentPid":98836,"entryFile":"/Users/yuanxi/Workwork/vibe-fs/requirements/verification-system/tests/006.test.mjs","name":"WHAT[verification-system-006] restoring the default window retains the original last-progress time","fullName":"WHAT[verification-system-006] restoring the default window retains the original last-progress time"}
[verification-test-start] {"pid":98838,"parentPid":98836,"entryFile":"/Users/yuanxi/Workwork/vibe-fs/requirements/verification-system/tests/006.test.mjs","name":"WHAT[verification-system-006] failed diagnostic collection discloses its cause before exit","fullName":"WHAT[verification-system-006] failed diagnostic collection discloses its cause before exit"}
[verification-test-start] {"pid":98838,"parentPid":98836,"entryFile":"/Users/yuanxi/Workwork/vibe-fs/requirements/verification-system/tests/006.test.mjs","name":"WHAT[verification-system-006] hung diagnostic collection discloses missing information and cannot prevent exit","fullName":"WHAT[verification-system-006] hung diagnostic collection discloses missing information and cannot prevent exit"}
[verification-test-start] {"pid":98838,"parentPid":98836,"entryFile":"/Users/yuanxi/Workwork/vibe-fs/requirements/verification-system/tests/006.test.mjs","name":"WHAT[verification-system-006] successful diagnostic collection completes before a single exit","fullName":"WHAT[verification-system-006] successful diagnostic collection completes before a single exit"}
[verification-test-start] {"pid":98838,"parentPid":98836,"entryFile":"/Users/yuanxi/Workwork/vibe-fs/requirements/verification-system/tests/006.test.mjs","name":"WHAT[verification-system-006] a diagnostic output failure still terminates once and cannot restart monitoring","fullName":"WHAT[verification-system-006] a diagnostic output failure still terminates once and cannot restart monitoring"}
[verification-test-start] {"pid":98838,"parentPid":98836,"entryFile":"/Users/yuanxi/Workwork/vibe-fs/requirements/verification-system/tests/006.test.mjs","name":"WHAT[verification-system-006] consumed expectation observations preserve the matched physical attempt","fullName":"WHAT[verification-system-006] consumed expectation observations preserve the matched physical attempt"}
[verification-test-start] {"pid":98838,"parentPid":98836,"entryFile":"/Users/yuanxi/Workwork/vibe-fs/requirements/verification-system/tests/006.test.mjs","name":"WHAT[verification-system-006] turn observations keep session identity and forget pre-restart cursors","fullName":"WHAT[verification-system-006] turn observations keep session identity and forget pre-restart cursors"}
[verification-test-start] {"pid":98838,"parentPid":98836,"entryFile":"/Users/yuanxi/Workwork/vibe-fs/requirements/verification-system/tests/006.test.mjs","name":"WHAT[verification-system-006] alternative progress waits resolve the observed branch and release siblings","fullName":"WHAT[verification-system-006] alternative progress waits resolve the observed branch and release siblings"}
[verification-worker-cost] {"version":1,"phase":"exit","sequence":1,"entryFile":"/Users/yuanxi/Workwork/vibe-fs/requirements/verification-system/tests/006.test.mjs","pid":98838,"parentPid":98836,"monotonicMs":24923.830291,"cpuUserMicros":415038,"cpuSystemMicros":115618,"exitCode":0}
runner: file lifecycle {"entryFile":"/Users/yuanxi/Workwork/vibe-fs/requirements/verification-system/tests/006.test.mjs","type":"runner:file-drained","elapsedMs":24970.252249999998}
runner: worker cost {"version":1,"entryFile":"/Users/yuanxi/Workwork/vibe-fs/requirements/verification-system/tests/006.test.mjs","enabled":true,"pid":98838,"status":"complete","reason":null,"preImport":{"version":1,"phase":"pre-import","sequence":0,"entryFile":"/Users/yuanxi/Workwork/vibe-fs/requirements/verification-system/tests/006.test.mjs","pid":98838,"parentPid":98836,"monotonicMs":16.815041,"cpuUserMicros":22587,"cpuSystemMicros":3247},"exit":{"version":1,"phase":"exit","sequence":1,"entryFile":"/Users/yuanxi/Workwork/vibe-fs/requirements/verification-system/tests/006.test.mjs","pid":98838,"parentPid":98836,"monotonicMs":24923.830291,"cpuUserMicros":415038,"cpuSystemMicros":115618,"exitCode":0},"interval":{"clockPid":98838,"wallMs":24907.015249999997,"cpuUserMicros":392451,"cpuSystemMicros":112371}}

[test-summary] 5 file(s), 86 passed, 0 failed, 1 failed containers (24.94s wall, 25.23s test time)
runner: post-exit group verification/reclamation: pid=98836; elapsedMs=16.239; accepted=true
runner: 86 test(s), 25.2s of test time; max 3261ms, p90 1285ms, median 6ms
runner:    3261ms  WHAT[verification-system-006] transport scheduling cannot renew unfinished work or background noise
runner:    2216ms  WHAT[verification-system-006] transport scheduling preserves after-hook failure verdicts
runner:    2196ms  WHAT[verification-system-006] synchronous work and microtasks deliver completed verdicts before the file ends
runner:    1620ms  WHAT[verification-system-006] physical backstop diagnostics retain active verdicts and queued files while completed leaves continue advancing
runner:    1309ms  WHAT[verification-system-006] native initial inspection failure preserves its cause and drains actual frozen descendants before rejection

runner: 86 passed, 0 failed; 5/5 planned file(s) completed
runner: cancelled tests or failed containers prevent complete acceptance
Error: runner: supervised suite failed (exit 1)
    at fail (file:///Users/yuanxi/Workwork/vibe-fs/requirements/verification-system/tests/e2e/support/supervise-node-test.mjs:258:25)
    at superviseOwnedNodeTest (file:///Users/yuanxi/Workwork/vibe-fs/requirements/verification-system/tests/e2e/support/supervise-node-test.mjs:532:5)
    at process.processTicksAndRejections (node:internal/process/task_queues:103:5)
    at async superviseNodeTest (file:///Users/yuanxi/Workwork/vibe-fs/requirements/verification-system/tests/e2e/support/supervise-node-test.mjs:235:14)
    at async file:///Users/yuanxi/Workwork/vibe-fs/requirements/verification-system/tests/run.mjs:94:1 {
  exitCode: 1,
  [cause]: undefined
}
