runner: scoped 使用 TESTS_MJS_FILES=1 files
runner: build is current (1803 sources, 885 artifacts)
runner: discovery OVERRIDDEN by TESTS_MJS_FILES (1 file(s))
runner: 1 test file(s), 5000ms verdict-silence window
runner: file lifecycle {"entryFile":"/Users/yuanxi/Workwork/vibe-fs/requirements/structured-workflow/tests/014.test.mjs","pid":795,"parentPid":762,"type":"runner:file-start","elapsedMs":29.905750000000012}
[verification-worker-cost] {"version":1,"phase":"pre-import","sequence":0,"entryFile":"/Users/yuanxi/Workwork/vibe-fs/requirements/structured-workflow/tests/014.test.mjs","pid":797,"parentPid":795,"monotonicMs":14.893583,"cpuUserMicros":20200,"cpuSystemMicros":3452}
[verification-test-start] {"pid":797,"parentPid":795,"entryFile":"/Users/yuanxi/Workwork/vibe-fs/requirements/structured-workflow/tests/014.test.mjs","name":"WHAT[structured-workflow-014] one capability or traversal mutation yields its exact violation","fullName":"WHAT[structured-workflow-014] one capability or traversal mutation yields its exact violation"}
[verification-test-start] {"pid":797,"parentPid":795,"entryFile":"/Users/yuanxi/Workwork/vibe-fs/requirements/structured-workflow/tests/014.test.mjs","name":"WHAT[structured-workflow-014] capability observations and JavaScript traversal fail closed with exact codes","fullName":"WHAT[structured-workflow-014] capability observations and JavaScript traversal fail closed with exact codes"}
[verification-test-start] {"pid":797,"parentPid":795,"entryFile":"/Users/yuanxi/Workwork/vibe-fs/requirements/structured-workflow/tests/014.test.mjs","name":"WHAT[structured-workflow-014] JavaScript visitor closes dynamic computed CommonJS and parameterless Date capabilities","fullName":"WHAT[structured-workflow-014] JavaScript visitor closes dynamic computed CommonJS and parameterless Date capabilities"}
[verification-test-start] {"pid":797,"parentPid":795,"entryFile":"/Users/yuanxi/Workwork/vibe-fs/requirements/structured-workflow/tests/014.test.mjs","name":"WHAT[structured-workflow-014] JavaScript visitor uses resolved binding provenance and never guesses from a root name","fullName":"WHAT[structured-workflow-014] JavaScript visitor uses resolved binding provenance and never guesses from a root name"}
[verification-test-start] {"pid":797,"parentPid":795,"entryFile":"/Users/yuanxi/Workwork/vibe-fs/requirements/structured-workflow/tests/014.test.mjs","name":"WHAT[structured-workflow-014] JavaScript traversal rejects empty AST and every open visit-result shape","fullName":"WHAT[structured-workflow-014] JavaScript traversal rejects empty AST and every open visit-result shape"}
[verification-test-start] {"pid":797,"parentPid":795,"entryFile":"/Users/yuanxi/Workwork/vibe-fs/requirements/structured-workflow/tests/014.test.mjs","name":"WHAT[structured-workflow-014] traversal derives the complete node universe from AST and every array boundary is total","fullName":"WHAT[structured-workflow-014] traversal derives the complete node universe from AST and every array boundary is total"}
[verification-test-start] {"pid":797,"parentPid":795,"entryFile":"/Users/yuanxi/Workwork/vibe-fs/requirements/structured-workflow/tests/014.test.mjs","name":"WHAT[structured-workflow-014] NodeFs physical port and tool contracts have isolated compiler boundaries","fullName":"WHAT[structured-workflow-014] NodeFs physical port and tool contracts have isolated compiler boundaries"}
[verification-worker-cost] {"version":1,"phase":"exit","sequence":1,"entryFile":"/Users/yuanxi/Workwork/vibe-fs/requirements/structured-workflow/tests/014.test.mjs","pid":797,"parentPid":795,"monotonicMs":597.348833,"cpuUserMicros":721247,"cpuSystemMicros":23608,"exitCode":0}
runner: file lifecycle {"entryFile":"/Users/yuanxi/Workwork/vibe-fs/requirements/structured-workflow/tests/014.test.mjs","type":"runner:file-drained","elapsedMs":639.6558339999999}
runner: worker cost {"version":1,"entryFile":"/Users/yuanxi/Workwork/vibe-fs/requirements/structured-workflow/tests/014.test.mjs","enabled":true,"pid":797,"status":"complete","reason":null,"preImport":{"version":1,"phase":"pre-import","sequence":0,"entryFile":"/Users/yuanxi/Workwork/vibe-fs/requirements/structured-workflow/tests/014.test.mjs","pid":797,"parentPid":795,"monotonicMs":14.893583,"cpuUserMicros":20200,"cpuSystemMicros":3452},"exit":{"version":1,"phase":"exit","sequence":1,"entryFile":"/Users/yuanxi/Workwork/vibe-fs/requirements/structured-workflow/tests/014.test.mjs","pid":797,"parentPid":795,"monotonicMs":597.348833,"cpuUserMicros":721247,"cpuSystemMicros":23608,"exitCode":0},"interval":{"clockPid":797,"wallMs":582.45525,"cpuUserMicros":701047,"cpuSystemMicros":20156}}

[test-summary] 1 file(s), 7 passed, 0 failed (0.61s wall, 0.57s test time)
runner: post-exit group verification/reclamation: pid=795; elapsedMs=14.948; accepted=true
runner: 7 test(s), 0.6s of test time; max 560ms, p90 560ms, median 1ms

runner: 7 passed, 0 failed; 1/1 planned file(s) completed
