TAP version 13
# Subtest: WHAT[delegation-027] root affinity also rejects old Failed without a prepared handoff
ok 1 - WHAT[delegation-027] root affinity also rejects old Failed without a prepared handoff
  ---
  duration_ms: 154.422917
  type: 'test'
  ...
# Subtest: WHAT[delegation-027] root affinity also rejects old Aborted without a prepared handoff
ok 2 - WHAT[delegation-027] root affinity also rejects old Aborted without a prepared handoff
  ---
  duration_ms: 82.394416
  type: 'test'
  ...
# Subtest: WHAT[delegation-027] busy guidance preserves the original work and completion before an idle resume starts new work
ok 3 - WHAT[delegation-027] busy guidance preserves the original work and completion before an idle resume starts new work
  ---
  duration_ms: 181.219584
  type: 'test'
  ...
# Subtest: WHAT[delegation-027] installed Host releases Manager Join and appends guidance after the child tool step
ok 4 - WHAT[delegation-027] installed Host releases Manager Join and appends guidance after the child tool step
  ---
  duration_ms: 5720.504833
  type: 'test'
  ...
# Subtest: WHAT[delegation-027] installed Host releases Manager Join and appends guidance after the child final output
ok 5 - WHAT[delegation-027] installed Host releases Manager Join and appends guidance after the child final output
  ---
  duration_ms: 4273.484209
  type: 'test'
  ...
# Subtest: WHAT[host-boundary-033] HumanMessage preserves the old lease until the visible input enters its next provider step
ok 6 - WHAT[host-boundary-033] HumanMessage preserves the old lease until the visible input enters its next provider step
  ---
  duration_ms: 733.634792
  type: 'test'
  ...
# Subtest: WHAT[host-boundary-033] BusyAgentNudge preserves the old lease until the visible input enters its next provider step
ok 7 - WHAT[host-boundary-033] BusyAgentNudge preserves the old lease until the visible input enters its next provider step
  ---
  duration_ms: 408.037209
  type: 'test'
  ...
# Subtest: WHAT[host-boundary-033] a later human input replaces queued demand with no live lease without interrupting the Host
ok 8 - WHAT[host-boundary-033] a later human input replaces queued demand with no live lease without interrupting the Host
  ---
  duration_ms: 223.469875
  type: 'test'
  ...
# Subtest: WHAT[host-boundary-033] P2A_repeated_params_hooks_are_observations_without_durable_evidence
ok 9 - WHAT[host-boundary-033] P2A_repeated_params_hooks_are_observations_without_durable_evidence
  ---
  duration_ms: 0.190708
  type: 'test'
  ...
# Subtest: WHAT[host-boundary-033] P2A_interleaved_messages_do_not_cross_validate
ok 10 - WHAT[host-boundary-033] P2A_interleaved_messages_do_not_cross_validate
  ---
  duration_ms: 0.086917
  type: 'test'
  ...
# Subtest: WHAT[host-boundary-033] P2A_unmanaged_auxiliary_child_is_exempt_not_managed
ok 11 - WHAT[host-boundary-033] P2A_unmanaged_auxiliary_child_is_exempt_not_managed
  ---
  duration_ms: 0.041459
  type: 'test'
  ...
# Subtest: WHAT[host-boundary-033] installed Host preserves streaming and non-join tools until the next human request
ok 12 - WHAT[host-boundary-033] installed Host preserves streaming and non-join tools until the next human request
  ---
  duration_ms: 7725.601917
  type: 'test'
  ...
# Subtest: WHAT[host-boundary-033] one-slot Host preserves streaming and non-join tools until the next human request
ok 13 - WHAT[host-boundary-033] one-slot Host preserves streaming and non-join tools until the next human request
  ---
  duration_ms: 7866.065416
  type: 'test'
  ...
1..13
# tests 13
# suites 0
# pass 13
# fail 0
# cancelled 0
# skipped 0
# todo 0
# duration_ms 27729.948375
