check	Run verification	﻿2026-10-07T04:56:31.2495521Z ##[group]Run set -x
check	Run verification	2026-10-07T04:56:31.2495789Z ^[[36;1mset -x^[[0m
check	Run verification	2026-10-07T04:56:31.2496041Z ^[[36;1mif node scripts/verify.mjs --release; then^[[0m
check	Run verification	2026-10-07T04:56:31.2496354Z ^[[36;1m  exit 0^[[0m
check	Run verification	2026-10-07T04:56:31.2496545Z ^[[36;1melse^[[0m
check	Run verification	2026-10-07T04:56:31.2496730Z ^[[36;1m  CODE=$?^[[0m
check	Run verification	2026-10-07T04:56:31.2496987Z ^[[36;1m  echo "::error::verify:release exited with $CODE"^[[0m
check	Run verification	2026-10-07T04:56:31.2497496Z ^[[36;1m  find .fable-build/verify-logs/ -type f -name "*.log" | sort | while read -r file; do^[[0m
check	Run verification	2026-10-07T04:56:31.2498049Z ^[[36;1m    echo "::error file=$file::$(head -n 1 "$file") | $(tail -n 1 "$file")"^[[0m
check	Run verification	2026-10-07T04:56:31.2498427Z ^[[36;1m  done^[[0m
check	Run verification	2026-10-07T04:56:31.2498623Z ^[[36;1m  exit $CODE^[[0m
check	Run verification	2026-10-07T04:56:31.2498823Z ^[[36;1mfi^[[0m
check	Run verification	2026-10-07T04:56:31.2562610Z shell: /usr/bin/bash -e {0}
check	Run verification	2026-10-07T04:56:31.2562859Z env:
check	Run verification	2026-10-07T04:56:31.2563061Z   DOTNET_ROOT: /usr/share/dotnet
check	Run verification	2026-10-07T04:56:31.2563322Z   NODE_TEST_CONCURRENCY: 2
check	Run verification	2026-10-07T04:56:31.2563945Z   UNIT_VERDICT_SILENCE_MS: 30000
check	Run verification	2026-10-07T04:56:31.2564416Z ##[endgroup]
check	Run verification	2026-10-07T04:56:31.2647534Z + node scripts/verify.mjs --release
check	Run verification	2026-10-07T04:56:32.2858363Z 
check	Run verification	2026-10-07T04:56:32.2859446Z === verify: release  inputs=d3b4868b9b22aba1 snapshot=d3b4868b9b22aba1 ===
check	Run verification	2026-10-07T04:56:32.4810631Z Analyzing
check	Run verification	2026-10-07T04:56:33.4821553Z   0% [0 / 1] [1 running] format:check
check	Run verification	2026-10-07T04:56:47.0716343Z 
check	Run verification	2026-10-07T04:56:47.0717456Z ❌ [format:check] exited with exit code 99.
check	Run verification	2026-10-07T04:56:47.0721185Z ❌ 1 script failed.
check	Run verification	2026-10-07T04:56:47.0860308Z 
check	Run verification	2026-10-07T04:56:47.0861166Z --- [format:check] 错误诊断日志转储 (最后 14 行) ---
check	Run verification	2026-10-07T04:56:47.0861911Z > wanxiangshu@0.9.0 format:check
check	Run verification	2026-10-07T04:56:47.0862375Z > wireit
check	Run verification	2026-10-07T04:56:47.0862578Z 
check	Run verification	2026-10-07T04:56:47.0862798Z Analyzing
check	Run verification	2026-10-07T04:56:47.0863213Z   0% [0 / 1] [1 running] format:check
check	Run verification	2026-10-07T04:56:47.0864486Z src/Wanxiangshu/Interaction/Dispatch/Dispatcher.fs needs formatting
check	Run verification	2026-10-07T04:56:47.0865697Z src/Wanxiangshu/Interaction/Repair/InteractionRepair.fs needs formatting
check	Run verification	2026-10-07T04:56:47.0866912Z src/Wanxiangshu/Interaction/Authority/Child.fs needs formatting
check	Run verification	2026-10-07T04:56:47.0868186Z src/Wanxiangshu/Composition/Durable/AgentJournalPortAdapter.fs needs formatting
check	Run verification	2026-10-07T04:56:47.0869609Z src/Wanxiangshu/Execution/Delegation/LinkageProjection.fs needs formatting
check	Run verification	2026-10-07T04:56:47.0870859Z src/Wanxiangshu/OpenCode/Host/HostSignalBootstrap.fs needs formatting
check	Run verification	2026-10-07T04:56:47.0871468Z 
check	Run verification	2026-10-07T04:56:47.0872006Z ❌ [format:check] exited with exit code 99.
check	Run verification	2026-10-07T04:56:47.0872686Z ❌ 1 script failed.
check	Run verification	2026-10-07T04:56:47.0873968Z --- [format:check] 完整日志见: .fable-build/verify-logs/2026-10-07T04-56-31-310Z/format-check.log ---
check	Run verification	2026-10-07T04:56:47.0874410Z 
check	Run verification	2026-10-07T04:56:47.0874617Z   format:check   FAIL(1)  14.8s
check	Run verification	2026-10-07T04:56:47.9216481Z FAIL  verify release  16.6s
check	Run verification	2026-10-07T04:56:47.9331476Z + CODE=1
check	Run verification	2026-10-07T04:56:47.9332315Z + echo '::error::verify:release exited with 1'
check	Run verification	2026-10-07T04:56:47.9358894Z ##[error]verify:release exited with 1
check	Run verification	2026-10-07T04:56:47.9367778Z + sort
check	Run verification	2026-10-07T04:56:47.9368202Z + find .fable-build/verify-logs/ -type f -name '*.log'
check	Run verification	2026-10-07T04:56:47.9368544Z + read -r file
check	Run verification	2026-10-07T04:56:47.9369037Z ++ head -n 1 .fable-build/verify-logs/2026-10-07T04-56-31-310Z/format-check.log
check	Run verification	2026-10-07T04:56:47.9374563Z ++ tail -n 1 .fable-build/verify-logs/2026-10-07T04-56-31-310Z/format-check.log
check	Run verification	2026-10-07T04:56:47.9384754Z + echo '::error file=.fable-build/verify-logs/2026-10-07T04-56-31-310Z/format-check.log:: | ❌ 1 script failed.'
check	Run verification	2026-10-07T04:56:47.9389034Z ##[error] | ❌ 1 script failed.
check	Run verification	2026-10-07T04:56:47.9390327Z + read -r file
check	Run verification	2026-10-07T04:56:47.9390560Z + exit 1
check	Run verification	2026-10-07T04:56:47.9392191Z ##[error]Process completed with exit code 1.
