runner: scoped 使用 TESTS_MJS_FILES=1 files
runner: build is current (1803 sources, 885 artifacts)
runner: discovery OVERRIDDEN by TESTS_MJS_FILES (1 file(s))
runner: 1 test file(s), 5000ms verdict-silence window
runner: file lifecycle {"entryFile":"/Users/yuanxi/Workwork/vibe-fs/requirements/requirement-system/tests/017.test.mjs","pid":94804,"parentPid":94782,"type":"runner:file-start","elapsedMs":32.27112500000004}
[verification-worker-cost] {"version":1,"phase":"pre-import","sequence":0,"entryFile":"/Users/yuanxi/Workwork/vibe-fs/requirements/requirement-system/tests/017.test.mjs","pid":94805,"parentPid":94804,"monotonicMs":14.093292,"cpuUserMicros":19679,"cpuSystemMicros":3197}
[verification-test-start] {"pid":94805,"parentPid":94804,"entryFile":"/Users/yuanxi/Workwork/vibe-fs/requirements/requirement-system/tests/017.test.mjs","name":"WHAT[requirement-system-017] the executable verifier scans the complete requirements tree","fullName":"WHAT[requirement-system-017] the executable verifier scans the complete requirements tree"}
[verification-test-start] {"pid":94805,"parentPid":94804,"entryFile":"/Users/yuanxi/Workwork/vibe-fs/requirements/requirement-system/tests/017.test.mjs","name":"WHAT[requirement-system-017] a deleted clause reports its surviving test, including nested files","fullName":"WHAT[requirement-system-017] a deleted clause reports its surviving test, including nested files"}

✖ failing tests:

test at /Users/yuanxi/Workwork/vibe-fs/requirements/requirement-system/tests/017.test.mjs:9:1
✖ WHAT[requirement-system-017] the executable verifier scans the complete requirements tree (462.660ms)
  AssertionError [ERR_ASSERTION]: requirements/execution-model-routing/tests/006.test.mjs:82: expected exactly WHAT[execution-model-routing-006], got ["execution-model-routing-006","execution-model-routing-010"]
  requirements/delegation/tests/027.test.mjs:66: expected exactly WHAT[delegation-027], got ["delegation-027","delegation-015"]
  + actual - expected
  
  + [
  +   'requirements/execution-model-routing/tests/006.test.mjs:82: expected exactly WHAT[execution-model-routing-006], got ["execution-model-routing-006","execution-model-routing-010"]',
  +   'requirements/delegation/tests/027.test.mjs:66: expected exactly WHAT[delegation-027], got ["delegation-027","delegation-015"]'
  + ]
  - []
  
      at TestContext.<anonymous> (file:///Users/yuanxi/Workwork/vibe-fs/requirements/requirement-system/tests/017.test.mjs:11:10)
      at Test.runInAsyncScope (node:async_hooks:214:14)
      at Test.run (node:internal/test_runner/test:1047:25)
      at async startSubtestAfterBootstrap (node:internal/test_runner/harness:296:3)

[verification-worker-cost] {"version":1,"phase":"exit","sequence":1,"entryFile":"/Users/yuanxi/Workwork/vibe-fs/requirements/requirement-system/tests/017.test.mjs","pid":94805,"parentPid":94804,"monotonicMs":487.832542,"cpuUserMicros":806324,"cpuSystemMicros":30698,"exitCode":1}
runner: file lifecycle {"entryFile":"/Users/yuanxi/Workwork/vibe-fs/requirements/requirement-system/tests/017.test.mjs","type":"runner:file-drained","elapsedMs":532.349125}

[test-summary] 1 file(s), 1 passed, 1 failed (0.50s wall, 0.47s test time)
runner: worker cost {"version":1,"entryFile":"/Users/yuanxi/Workwork/vibe-fs/requirements/requirement-system/tests/017.test.mjs","enabled":true,"pid":94805,"status":"complete","reason":null,"preImport":{"version":1,"phase":"pre-import","sequence":0,"entryFile":"/Users/yuanxi/Workwork/vibe-fs/requirements/requirement-system/tests/017.test.mjs","pid":94805,"parentPid":94804,"monotonicMs":14.093292,"cpuUserMicros":19679,"cpuSystemMicros":3197},"exit":{"version":1,"phase":"exit","sequence":1,"entryFile":"/Users/yuanxi/Workwork/vibe-fs/requirements/requirement-system/tests/017.test.mjs","pid":94805,"parentPid":94804,"monotonicMs":487.832542,"cpuUserMicros":806324,"cpuSystemMicros":30698,"exitCode":1},"interval":{"clockPid":94805,"wallMs":473.73924999999997,"cpuUserMicros":786645,"cpuSystemMicros":27501}}
runner: post-exit group verification/reclamation: pid=94804; elapsedMs=15.013; accepted=true
runner: 2 test(s), 0.5s of test time; max 463ms, p90 463ms, median 3ms

runner: 1 passed, 1 failed; 1/1 planned file(s) completed
Error: runner: supervised suite failed (exit 1)
    at fail (file:///Users/yuanxi/Workwork/vibe-fs/requirements/verification-system/tests/e2e/support/supervise-node-test.mjs:258:25)
    at superviseOwnedNodeTest (file:///Users/yuanxi/Workwork/vibe-fs/requirements/verification-system/tests/e2e/support/supervise-node-test.mjs:486:19)
    at process.processTicksAndRejections (node:internal/process/task_queues:103:5)
    at async superviseNodeTest (file:///Users/yuanxi/Workwork/vibe-fs/requirements/verification-system/tests/e2e/support/supervise-node-test.mjs:235:14)
    at async file:///Users/yuanxi/Workwork/vibe-fs/requirements/verification-system/tests/run.mjs:94:1 {
  exitCode: 1,
  [cause]: undefined
}
