runner: scoped 使用 TESTS_MJS_FILES=1 files
runner: build is current (1798 sources, 886 artifacts)
runner: discovery OVERRIDDEN by TESTS_MJS_FILES (1 file(s))
runner: 1 test file(s), 5000ms verdict-silence window
runner: file lifecycle {"entryFile":"/Users/yuanxi/Workwork/vibe-fs/requirements/dispatch-protocol/tests/009.test.mjs","pid":16199,"parentPid":16177,"type":"runner:file-start","elapsedMs":33.69441599999999}
[verification-test-start] {"pid":16200,"parentPid":16199,"entryFile":"/Users/yuanxi/Workwork/vibe-fs/requirements/dispatch-protocol/tests/009.test.mjs","name":"WHAT[dispatch-protocol-009] PROMPT_007_detached_claims_and_persists_without_physical_accepted","fullName":"WHAT[dispatch-protocol-009] PROMPT_007_detached_claims_and_persists_without_physical_accepted"}
[verification-test-start] {"pid":16200,"parentPid":16199,"entryFile":"/Users/yuanxi/Workwork/vibe-fs/requirements/dispatch-protocol/tests/009.test.mjs","name":"WHAT[dispatch-protocol-009] PROMPT_007_detached_sdk_physical_id_does_not_race_chat_message_acceptance","fullName":"WHAT[dispatch-protocol-009] PROMPT_007_detached_sdk_physical_id_does_not_race_chat_message_acceptance"}
[verification-test-start] {"pid":16200,"parentPid":16199,"entryFile":"/Users/yuanxi/Workwork/vibe-fs/requirements/dispatch-protocol/tests/009.test.mjs","name":"WHAT[dispatch-protocol-009] PROMPT_007_detached_returns_even_when_session_send_task_never_settles","fullName":"WHAT[dispatch-protocol-009] PROMPT_007_detached_returns_even_when_session_send_task_never_settles"}
[verification-test-start] {"pid":16200,"parentPid":16199,"entryFile":"/Users/yuanxi/Workwork/vibe-fs/requirements/dispatch-protocol/tests/009.test.mjs","name":"WHAT[dispatch-protocol-009] PROMPT_007_detached_continuation_same_claim_path","fullName":"WHAT[dispatch-protocol-009] PROMPT_007_detached_continuation_same_claim_path"}
[verification-test-start] {"pid":16200,"parentPid":16199,"entryFile":"/Users/yuanxi/Workwork/vibe-fs/requirements/dispatch-protocol/tests/009.test.mjs","name":"WHAT[dispatch-protocol-009] PROMPT_007_detached_late_listener_verdict_routes_to_exact_owner","fullName":"WHAT[dispatch-protocol-009] PROMPT_007_detached_late_listener_verdict_routes_to_exact_owner"}
[verification-test-start] {"pid":16200,"parentPid":16199,"entryFile":"/Users/yuanxi/Workwork/vibe-fs/requirements/dispatch-protocol/tests/009.test.mjs","name":"WHAT[dispatch-protocol-009] PROMPT_007_detached_late_unknown_keeps_claim_then_refused_abandons","fullName":"WHAT[dispatch-protocol-009] PROMPT_007_detached_late_unknown_keeps_claim_then_refused_abandons"}
[verification-test-start] {"pid":16200,"parentPid":16199,"entryFile":"/Users/yuanxi/Workwork/vibe-fs/requirements/dispatch-protocol/tests/009.test.mjs","name":"WHAT[dispatch-protocol-009] PROMPT_007_detached_owned_settled_late_delivery_writes_no_fact","fullName":"WHAT[dispatch-protocol-009] PROMPT_007_detached_owned_settled_late_delivery_writes_no_fact"}
[verification-test-start] {"pid":16200,"parentPid":16199,"entryFile":"/Users/yuanxi/Workwork/vibe-fs/requirements/dispatch-protocol/tests/009.test.mjs","name":"WHAT[dispatch-protocol-009] WHAT[dispatch-protocol-004] detached root returns while SDK is unresolved and observes actual managed acceptance","fullName":"WHAT[dispatch-protocol-009] WHAT[dispatch-protocol-004] detached root returns while SDK is unresolved and observes actual managed acceptance"}
[verification-test-start] {"pid":16200,"parentPid":16199,"entryFile":"/Users/yuanxi/Workwork/vibe-fs/requirements/dispatch-protocol/tests/009.test.mjs","name":"WHAT[dispatch-protocol-003] WHAT[dispatch-protocol-009] detached root OwnedSettled delivery retains its observer without proving physical acceptance","fullName":"WHAT[dispatch-protocol-003] WHAT[dispatch-protocol-009] detached root OwnedSettled delivery retains its observer without proving physical acceptance"}

✖ failing tests:

test at /Users/yuanxi/Workwork/vibe-fs/requirements/dispatch-protocol/tests/009.test.mjs:386:3
✖ WHAT[dispatch-protocol-009] WHAT[dispatch-protocol-004] detached root returns while SDK is unresolved and observes actual managed acceptance (46.005ms)
  AssertionError [ERR_ASSERTION]: Expected values to be strictly deep-equal:
  + actual - expected
  
  + []
  - [
  -   {
  -     accepted: true,
  -     pending: 0,
  -     physical: 'actual-d0-root-pending-sdk'
  -   }
  - ]
  
      at file:///Users/yuanxi/Workwork/vibe-fs/requirements/dispatch-protocol/tests/009.test.mjs:405:16
      at async withJournal (file:///Users/yuanxi/Workwork/vibe-fs/requirements/dispatch-protocol/tests/support/authority.mjs:38:16)
      at async TestContext.<anonymous> (file:///Users/yuanxi/Workwork/vibe-fs/requirements/dispatch-protocol/tests/009.test.mjs:387:5)
      at async Test.run (node:internal/test_runner/test:1054:7)
      at async Test.processPendingSubtests (node:internal/test_runner/test:744:7)

[verification-test-start] {"pid":16200,"parentPid":16199,"entryFile":"/Users/yuanxi/Workwork/vibe-fs/requirements/dispatch-protocol/tests/009.test.mjs","name":"WHAT[dispatch-protocol-007] WHAT[dispatch-protocol-009] detached root retains its observer after a real Host Unknown delivery until actual physical evidence","fullName":"WHAT[dispatch-protocol-007] WHAT[dispatch-protocol-009] detached root retains its observer after a real Host Unknown delivery until actual physical evidence"}
test at /Users/yuanxi/Workwork/vibe-fs/requirements/dispatch-protocol/tests/009.test.mjs:411:3
✖ WHAT[dispatch-protocol-003] WHAT[dispatch-protocol-009] detached root OwnedSettled delivery retains its observer without proving physical acceptance (51.390ms)
  AssertionError [ERR_ASSERTION]: Expected values to be strictly deep-equal:
  + actual - expected
  
  + []
  - [
  -   {
  -     accepted: true,
  -     pending: 0,
  -     physical: 'ingress-d0-root-owned'
  -   }
  - ]
  
      at file:///Users/yuanxi/Workwork/vibe-fs/requirements/dispatch-protocol/tests/009.test.mjs:431:16
      at async withJournal (file:///Users/yuanxi/Workwork/vibe-fs/requirements/dispatch-protocol/tests/support/authority.mjs:38:16)
      at async TestContext.<anonymous> (file:///Users/yuanxi/Workwork/vibe-fs/requirements/dispatch-protocol/tests/009.test.mjs:412:5)
      at async Test.run (node:internal/test_runner/test:1054:7)
      at async Test.processPendingSubtests (node:internal/test_runner/test:744:7)

[verification-test-start] {"pid":16200,"parentPid":16199,"entryFile":"/Users/yuanxi/Workwork/vibe-fs/requirements/dispatch-protocol/tests/009.test.mjs","name":"WHAT[dispatch-protocol-007] detached root definite Host refusal clears its observer and rejects later acceptance of the abandoned key","fullName":"WHAT[dispatch-protocol-007] detached root definite Host refusal clears its observer and rejects later acceptance of the abandoned key"}
test at /Users/yuanxi/Workwork/vibe-fs/requirements/dispatch-protocol/tests/009.test.mjs:436:3
✖ WHAT[dispatch-protocol-007] WHAT[dispatch-protocol-009] detached root retains its observer after a real Host Unknown delivery until actual physical evidence (46.645ms)
  AssertionError [ERR_ASSERTION]: Expected values to be strictly deep-equal:
  + actual - expected
  
  + []
  - [
  -   {
  -     accepted: true,
  -     pending: 0,
  -     physical: 'proven-after-unknown-d0-root-unknown'
  -   }
  - ]
  
      at file:///Users/yuanxi/Workwork/vibe-fs/requirements/dispatch-protocol/tests/009.test.mjs:455:16
      at async withJournal (file:///Users/yuanxi/Workwork/vibe-fs/requirements/dispatch-protocol/tests/support/authority.mjs:38:16)
      at async TestContext.<anonymous> (file:///Users/yuanxi/Workwork/vibe-fs/requirements/dispatch-protocol/tests/009.test.mjs:437:5)
      at async Test.run (node:internal/test_runner/test:1054:7)
      at async Test.processPendingSubtests (node:internal/test_runner/test:744:7)

[verification-test-start] {"pid":16200,"parentPid":16199,"entryFile":"/Users/yuanxi/Workwork/vibe-fs/requirements/dispatch-protocol/tests/009.test.mjs","name":"WHAT[dispatch-protocol-009] WHAT[dispatch-protocol-004] detached continuation returns while SDK is unresolved and observes actual managed acceptance","fullName":"WHAT[dispatch-protocol-009] WHAT[dispatch-protocol-004] detached continuation returns while SDK is unresolved and observes actual managed acceptance"}
[verification-test-start] {"pid":16200,"parentPid":16199,"entryFile":"/Users/yuanxi/Workwork/vibe-fs/requirements/dispatch-protocol/tests/009.test.mjs","name":"WHAT[dispatch-protocol-003] WHAT[dispatch-protocol-009] detached continuation OwnedSettled delivery retains its observer without proving physical acceptance","fullName":"WHAT[dispatch-protocol-003] WHAT[dispatch-protocol-009] detached continuation OwnedSettled delivery retains its observer without proving physical acceptance"}
test at /Users/yuanxi/Workwork/vibe-fs/requirements/dispatch-protocol/tests/009.test.mjs:386:3
✖ WHAT[dispatch-protocol-009] WHAT[dispatch-protocol-004] detached continuation returns while SDK is unresolved and observes actual managed acceptance (71.163ms)
  AssertionError [ERR_ASSERTION]: Expected values to be strictly deep-equal:
  + actual - expected
  
  + []
  - [
  -   {
  -     accepted: true,
  -     pending: 0,
  -     physical: 'actual-d0-continuation-pending-sdk'
  -   }
  - ]
  
      at file:///Users/yuanxi/Workwork/vibe-fs/requirements/dispatch-protocol/tests/009.test.mjs:405:16
      at async withJournal (file:///Users/yuanxi/Workwork/vibe-fs/requirements/dispatch-protocol/tests/support/authority.mjs:38:16)
      at async TestContext.<anonymous> (file:///Users/yuanxi/Workwork/vibe-fs/requirements/dispatch-protocol/tests/009.test.mjs:387:5)
      at async Test.run (node:internal/test_runner/test:1054:7)
      at async Test.processPendingSubtests (node:internal/test_runner/test:744:7)

[verification-test-start] {"pid":16200,"parentPid":16199,"entryFile":"/Users/yuanxi/Workwork/vibe-fs/requirements/dispatch-protocol/tests/009.test.mjs","name":"WHAT[dispatch-protocol-007] WHAT[dispatch-protocol-009] detached continuation retains its observer after a real Host Unknown delivery until actual physical evidence","fullName":"WHAT[dispatch-protocol-007] WHAT[dispatch-protocol-009] detached continuation retains its observer after a real Host Unknown delivery until actual physical evidence"}
test at /Users/yuanxi/Workwork/vibe-fs/requirements/dispatch-protocol/tests/009.test.mjs:411:3
✖ WHAT[dispatch-protocol-003] WHAT[dispatch-protocol-009] detached continuation OwnedSettled delivery retains its observer without proving physical acceptance (71.721ms)
  AssertionError [ERR_ASSERTION]: Expected values to be strictly deep-equal:
  + actual - expected
  
  + []
  - [
  -   {
  -     accepted: true,
  -     pending: 0,
  -     physical: 'ingress-d0-continuation-owned'
  -   }
  - ]
  
      at file:///Users/yuanxi/Workwork/vibe-fs/requirements/dispatch-protocol/tests/009.test.mjs:431:16
      at async withJournal (file:///Users/yuanxi/Workwork/vibe-fs/requirements/dispatch-protocol/tests/support/authority.mjs:38:16)
      at async TestContext.<anonymous> (file:///Users/yuanxi/Workwork/vibe-fs/requirements/dispatch-protocol/tests/009.test.mjs:412:5)
      at async Test.run (node:internal/test_runner/test:1054:7)
      at async Test.processPendingSubtests (node:internal/test_runner/test:744:7)

[verification-test-start] {"pid":16200,"parentPid":16199,"entryFile":"/Users/yuanxi/Workwork/vibe-fs/requirements/dispatch-protocol/tests/009.test.mjs","name":"WHAT[dispatch-protocol-007] detached continuation definite Host refusal clears its observer and rejects later acceptance of the abandoned key","fullName":"WHAT[dispatch-protocol-007] detached continuation definite Host refusal clears its observer and rejects later acceptance of the abandoned key"}
test at /Users/yuanxi/Workwork/vibe-fs/requirements/dispatch-protocol/tests/009.test.mjs:436:3
✖ WHAT[dispatch-protocol-007] WHAT[dispatch-protocol-009] detached continuation retains its observer after a real Host Unknown delivery until actual physical evidence (66.097ms)
  AssertionError [ERR_ASSERTION]: Expected values to be strictly deep-equal:
  + actual - expected
  
  + []
  - [
  -   {
  -     accepted: true,
  -     pending: 0,
  -     physical: 'proven-after-unknown-d0-continuation-unknown'
  -   }
  - ]
  
      at file:///Users/yuanxi/Workwork/vibe-fs/requirements/dispatch-protocol/tests/009.test.mjs:455:16
      at async withJournal (file:///Users/yuanxi/Workwork/vibe-fs/requirements/dispatch-protocol/tests/support/authority.mjs:38:16)
      at async TestContext.<anonymous> (file:///Users/yuanxi/Workwork/vibe-fs/requirements/dispatch-protocol/tests/009.test.mjs:437:5)
      at async Test.run (node:internal/test_runner/test:1054:7)
      at async Test.processPendingSubtests (node:internal/test_runner/test:744:7)

runner: file lifecycle {"entryFile":"/Users/yuanxi/Workwork/vibe-fs/requirements/dispatch-protocol/tests/009.test.mjs","type":"runner:file-drained","elapsedMs":1101.141291}

[test-summary] 1 file(s), 9 passed, 6 failed (1.07s wall, 0.95s test time)
runner: post-exit group verification/reclamation: pid=16199; elapsedMs=17.310; accepted=true
runner: 15 test(s), 1.0s of test time; max 220ms, p90 75ms, median 53ms

runner: 9 passed, 6 failed; 1/1 planned file(s) completed
Error: runner: supervised suite failed (exit 1)
    at fail (file:///Users/yuanxi/Workwork/vibe-fs/requirements/verification-system/tests/e2e/support/supervise-node-test.mjs:221:25)
    at superviseOwnedNodeTest (file:///Users/yuanxi/Workwork/vibe-fs/requirements/verification-system/tests/e2e/support/supervise-node-test.mjs:400:19)
    at process.processTicksAndRejections (node:internal/process/task_queues:103:5)
    at async superviseNodeTest (file:///Users/yuanxi/Workwork/vibe-fs/requirements/verification-system/tests/e2e/support/supervise-node-test.mjs:199:14)
    at async file:///Users/yuanxi/Workwork/vibe-fs/requirements/verification-system/tests/run.mjs:94:1 {
  exitCode: 1
}
