TAP version 13
# Subtest: WHAT[durable-events-024] original AgentJournal business valid preserves legal initialization before its physical terminal and cold replay
ok 1 - WHAT[durable-events-024] original AgentJournal business valid preserves legal initialization before its physical terminal and cold replay
  ---
  duration_ms: 1008.404959
  type: 'test'
  ...
# {"scenario":"business-valid","measuredPid":8198,"coldPid":8226,"physicalAndCold":true,"initId":"8f947e611f9e499787254827bc49ee59","businessId":"1bcdb19517334576b47a599e40d5c12d","counts":{"append":2,"fsync":2,"close":2,"release":2,"injected":0},"cutIds":[]}
# Subtest: WHAT[durable-events-024] original AgentJournal business valid-release preserves legal initialization before its physical terminal and cold replay
ok 2 - WHAT[durable-events-024] original AgentJournal business valid-release preserves legal initialization before its physical terminal and cold replay
  ---
  duration_ms: 945.911375
  type: 'test'
  ...
# {"scenario":"business-valid-release","measuredPid":8255,"coldPid":8279,"physicalAndCold":true,"initId":"83ffdaebb59047c99cfa82f00439e8f5","businessId":"a5b711cae026434b952f8a93c2f62826","counts":{"append":2,"fsync":2,"close":2,"release":2,"injected":1},"cutIds":[]}
# Subtest: WHAT[durable-events-024] original AgentJournal business malformed preserves legal initialization before its physical terminal and cold replay
ok 3 - WHAT[durable-events-024] original AgentJournal business malformed preserves legal initialization before its physical terminal and cold replay
  ---
  duration_ms: 715.781584
  type: 'test'
  ...
# {"scenario":"business-malformed","measuredPid":8302,"coldPid":8328,"physicalAndCold":true,"initId":"671a30272b1849c798155f74ee5213ea","businessId":"7482afd772f746af958eea78827ffbce","counts":{"append":2,"fsync":2,"close":2,"release":2,"injected":0},"cutIds":["c57ebb4922614776a35e85310b2d21de"]}
# Subtest: WHAT[durable-events-024] original AgentJournal business malformed-release preserves legal initialization before its physical terminal and cold replay
ok 4 - WHAT[durable-events-024] original AgentJournal business malformed-release preserves legal initialization before its physical terminal and cold replay
  ---
  duration_ms: 640.200125
  type: 'test'
  ...
# {"scenario":"business-malformed-release","measuredPid":8358,"coldPid":8387,"physicalAndCold":true,"initId":"1578e1f8c256429091108c7d7e17b5bf","businessId":"1626c94cb1fc4906aeed971e338db1f9","counts":{"append":2,"fsync":2,"close":2,"release":2,"injected":1},"cutIds":["48c14e7a3e3942ba9730cf6fcb0cdeca"]}
1..4
# tests 4
# suites 0
# pass 4
# fail 0
# cancelled 0
# skipped 0
# todo 0
# duration_ms 3838.554625
