runner: scoped 使用 TESTS_MJS_FILES=4 files
runner: build is current (1803 sources, 885 artifacts)
runner: discovery OVERRIDDEN by TESTS_MJS_FILES (4 file(s))
runner: 4 test file(s), 5000ms verdict-silence window
runner: file lifecycle {"entryFile":"/Users/yuanxi/Workwork/vibe-fs/requirements/repository-programming/tests/013.test.mjs","pid":86984,"parentPid":86962,"type":"runner:file-start","elapsedMs":34.08729099999999}
runner: file lifecycle {"entryFile":"/Users/yuanxi/Workwork/vibe-fs/requirements/durable-events/tests/013.test.mjs","pid":86984,"parentPid":86962,"type":"runner:file-start","elapsedMs":35.076707999999996}
runner: file lifecycle {"entryFile":"/Users/yuanxi/Workwork/vibe-fs/requirements/durable-events/tests/023.test.mjs","pid":86984,"parentPid":86962,"type":"runner:file-start","elapsedMs":36.37216599999999}
runner: file lifecycle {"entryFile":"/Users/yuanxi/Workwork/vibe-fs/requirements/delegation/tests/029.test.mjs","pid":86984,"parentPid":86962,"type":"runner:file-start","elapsedMs":36.797708}
[verification-worker-cost] {"version":1,"phase":"pre-import","sequence":0,"entryFile":"/Users/yuanxi/Workwork/vibe-fs/requirements/repository-programming/tests/013.test.mjs","pid":86985,"parentPid":86984,"monotonicMs":16.890625,"cpuUserMicros":22114,"cpuSystemMicros":4312}
[verification-worker-cost] {"version":1,"phase":"pre-import","sequence":0,"entryFile":"/Users/yuanxi/Workwork/vibe-fs/requirements/durable-events/tests/013.test.mjs","pid":86986,"parentPid":86984,"monotonicMs":15.67025,"cpuUserMicros":21210,"cpuSystemMicros":3619}
[verification-worker-cost] {"version":1,"phase":"pre-import","sequence":0,"entryFile":"/Users/yuanxi/Workwork/vibe-fs/requirements/delegation/tests/029.test.mjs","pid":86988,"parentPid":86984,"monotonicMs":15.579916,"cpuUserMicros":20871,"cpuSystemMicros":3780}
[verification-worker-cost] {"version":1,"phase":"pre-import","sequence":0,"entryFile":"/Users/yuanxi/Workwork/vibe-fs/requirements/durable-events/tests/023.test.mjs","pid":86987,"parentPid":86984,"monotonicMs":17.039958,"cpuUserMicros":22462,"cpuSystemMicros":3854}
[verification-test-start] {"pid":86988,"parentPid":86984,"entryFile":"/Users/yuanxi/Workwork/vibe-fs/requirements/delegation/tests/029.test.mjs","name":"WHAT[delegation-029] current recovery compile inventory and lexical audit exclude known foreign implementations","fullName":"WHAT[delegation-029] current recovery compile inventory and lexical audit exclude known foreign implementations"}
[verification-test-start] {"pid":86985,"parentPid":86984,"entryFile":"/Users/yuanxi/Workwork/vibe-fs/requirements/repository-programming/tests/013.test.mjs","name":"WHAT[repository-programming-013] JS Prepared actual EventStore port valid bad-input defense settles bytes before semantic-cut fatal","fullName":"WHAT[repository-programming-013] JS Prepared actual EventStore port valid bad-input defense settles bytes before semantic-cut fatal"}
[verification-test-start] {"pid":86987,"parentPid":86984,"entryFile":"/Users/yuanxi/Workwork/vibe-fs/requirements/durable-events/tests/023.test.mjs","name":"WHAT[durable-events-023] canonical codec surface keeps encode decode UTF-8 identity and merge in one fail-closed protocol","fullName":"WHAT[durable-events-023] canonical codec surface keeps encode decode UTF-8 identity and merge in one fail-closed protocol"}
[verification-test-start] {"pid":86988,"parentPid":86984,"entryFile":"/Users/yuanxi/Workwork/vibe-fs/requirements/delegation/tests/029.test.mjs","name":"WHAT[delegation-029] current PTY adapter inventory and lexical audit locate its delegation-owned capability","fullName":"WHAT[delegation-029] current PTY adapter inventory and lexical audit locate its delegation-owned capability"}
[verification-test-start] {"pid":86986,"parentPid":86984,"entryFile":"/Users/yuanxi/Workwork/vibe-fs/requirements/durable-events/tests/013.test.mjs","name":"WHAT[durable-events-013] before-append directory failure leaves bytes event and structural Current unchanged","fullName":"WHAT[durable-events-013] before-append directory failure leaves bytes event and structural Current unchanged"}
[verification-test-start] {"pid":86987,"parentPid":86984,"entryFile":"/Users/yuanxi/Workwork/vibe-fs/requirements/durable-events/tests/023.test.mjs","name":"WHAT[durable-events-023] single-field family folds own their slice and declare no aggregate dependency","fullName":"WHAT[durable-events-023] single-field family folds own their slice and declare no aggregate dependency"}
[verification-test-start] {"pid":86988,"parentPid":86984,"entryFile":"/Users/yuanxi/Workwork/vibe-fs/requirements/delegation/tests/029.test.mjs","name":"WHAT[delegation-029] independently compiled workflow boundaries and real injected effects establish confinement beyond current source spellings (GAP-153)","fullName":"WHAT[delegation-029] independently compiled workflow boundaries and real injected effects establish confinement beyond current source spellings (GAP-153)"}
[verification-worker-cost] {"version":1,"phase":"exit","sequence":1,"entryFile":"/Users/yuanxi/Workwork/vibe-fs/requirements/delegation/tests/029.test.mjs","pid":86988,"parentPid":86984,"monotonicMs":124.615333,"cpuUserMicros":103109,"cpuSystemMicros":41300,"exitCode":0}
runner: file lifecycle {"entryFile":"/Users/yuanxi/Workwork/vibe-fs/requirements/delegation/tests/029.test.mjs","type":"runner:file-drained","elapsedMs":177.139208}
runner: worker cost {"version":1,"entryFile":"/Users/yuanxi/Workwork/vibe-fs/requirements/delegation/tests/029.test.mjs","enabled":true,"pid":86988,"status":"complete","reason":null,"preImport":{"version":1,"phase":"pre-import","sequence":0,"entryFile":"/Users/yuanxi/Workwork/vibe-fs/requirements/delegation/tests/029.test.mjs","pid":86988,"parentPid":86984,"monotonicMs":15.579916,"cpuUserMicros":20871,"cpuSystemMicros":3780},"exit":{"version":1,"phase":"exit","sequence":1,"entryFile":"/Users/yuanxi/Workwork/vibe-fs/requirements/delegation/tests/029.test.mjs","pid":86988,"parentPid":86984,"monotonicMs":124.615333,"cpuUserMicros":103109,"cpuSystemMicros":41300,"exitCode":0},"interval":{"clockPid":86988,"wallMs":109.03541700000001,"cpuUserMicros":82238,"cpuSystemMicros":37520}}
[verification-test-start] {"pid":86986,"parentPid":86984,"entryFile":"/Users/yuanxi/Workwork/vibe-fs/requirements/durable-events/tests/013.test.mjs","name":"WHAT[durable-events-013] restart_replays_prior_writer_files_then_fresh_runtime_starts_LocalSeq_at_1","fullName":"WHAT[durable-events-013] restart_replays_prior_writer_files_then_fresh_runtime_starts_LocalSeq_at_1"}
[verification-test-start] {"pid":86987,"parentPid":86984,"entryFile":"/Users/yuanxi/Workwork/vibe-fs/requirements/durable-events/tests/023.test.mjs","name":"WHAT[durable-events-023] prompt provider companion and context folds decide on their own slices while composition owns the aggregate write","fullName":"WHAT[durable-events-023] prompt provider companion and context folds decide on their own slices while composition owns the aggregate write"}
[verification-test-start] {"pid":86987,"parentPid":86984,"entryFile":"/Users/yuanxi/Workwork/vibe-fs/requirements/durable-events/tests/023.test.mjs","name":"WHAT[durable-events-023] EXEC_port_members_read_journal_at_call_time","fullName":"WHAT[durable-events-023] EXEC_port_members_read_journal_at_call_time"}
[verification-test-start] {"pid":86986,"parentPid":86984,"entryFile":"/Users/yuanxi/Workwork/vibe-fs/requirements/durable-events/tests/013.test.mjs","name":"WHAT[durable-events-013] boot_and_live_use_one_CanonicalIntegrator_program","fullName":"WHAT[durable-events-013] boot_and_live_use_one_CanonicalIntegrator_program"}
[verification-test-start] {"pid":86986,"parentPid":86984,"entryFile":"/Users/yuanxi/Workwork/vibe-fs/requirements/durable-events/tests/013.test.mjs","name":"WHAT[durable-events-013] journal_surface_does_not_mint_terminal_proof_from_forged_strings","fullName":"WHAT[durable-events-013] journal_surface_does_not_mint_terminal_proof_from_forged_strings"}
[verification-test-start] {"pid":86986,"parentPid":86984,"entryFile":"/Users/yuanxi/Workwork/vibe-fs/requirements/durable-events/tests/013.test.mjs","name":"WHAT[durable-events-013] EXEC_journal_revision_advances_only_on_successful_fold","fullName":"WHAT[durable-events-013] EXEC_journal_revision_advances_only_on_successful_fold"}
[verification-test-start] {"pid":86987,"parentPid":86984,"entryFile":"/Users/yuanxi/Workwork/vibe-fs/requirements/durable-events/tests/023.test.mjs","name":"WHAT[durable-events-023] EXEC_one_commit_moves_every_related_view_together","fullName":"WHAT[durable-events-023] EXEC_one_commit_moves_every_related_view_together"}
[verification-test-start] {"pid":86986,"parentPid":86984,"entryFile":"/Users/yuanxi/Workwork/vibe-fs/requirements/durable-events/tests/013.test.mjs","name":"WHAT[durable-events-013] EXEC_AwaitChangeFrom_after_append_returns_promptly","fullName":"WHAT[durable-events-013] EXEC_AwaitChangeFrom_after_append_returns_promptly"}
[verification-test-start] {"pid":86985,"parentPid":86984,"entryFile":"/Users/yuanxi/Workwork/vibe-fs/requirements/repository-programming/tests/013.test.mjs","name":"WHAT[repository-programming-013] JS Prepared actual EventStore port malformed bad-input defense settles bytes before semantic-cut fatal","fullName":"WHAT[repository-programming-013] JS Prepared actual EventStore port malformed bad-input defense settles bytes before semantic-cut fatal"}
[verification-test-start] {"pid":86986,"parentPid":86984,"entryFile":"/Users/yuanxi/Workwork/vibe-fs/requirements/durable-events/tests/013.test.mjs","name":"WHAT[durable-events-013] EXEC_AwaitChangeFrom_before_append_waits_then_completes","fullName":"WHAT[durable-events-013] EXEC_AwaitChangeFrom_before_append_waits_then_completes"}
[verification-test-start] {"pid":86987,"parentPid":86984,"entryFile":"/Users/yuanxi/Workwork/vibe-fs/requirements/durable-events/tests/023.test.mjs","name":"WHAT[durable-events-023] EXEC_revision_waiter_wakes_on_next_commit","fullName":"WHAT[durable-events-023] EXEC_revision_waiter_wakes_on_next_commit"}
[verification-test-start] {"pid":86986,"parentPid":86984,"entryFile":"/Users/yuanxi/Workwork/vibe-fs/requirements/durable-events/tests/013.test.mjs","name":"WHAT[durable-events-013] EXEC_cancelled_revision_subscription_unregisters_without_a_fact","fullName":"WHAT[durable-events-013] EXEC_cancelled_revision_subscription_unregisters_without_a_fact"}
[verification-test-start] {"pid":86987,"parentPid":86984,"entryFile":"/Users/yuanxi/Workwork/vibe-fs/requirements/durable-events/tests/023.test.mjs","name":"WHAT[durable-events-023] EXEC_cancelled_waiter_releases_without_stealing_a_commit","fullName":"WHAT[durable-events-023] EXEC_cancelled_waiter_releases_without_stealing_a_commit"}
[verification-test-start] {"pid":86986,"parentPid":86984,"entryFile":"/Users/yuanxi/Workwork/vibe-fs/requirements/durable-events/tests/013.test.mjs","name":"WHAT[durable-events-013] PERSIST_008_both_directions_answer_from_one_map_without_a_scan","fullName":"WHAT[durable-events-013] PERSIST_008_both_directions_answer_from_one_map_without_a_scan"}
[verification-test-start] {"pid":86986,"parentPid":86984,"entryFile":"/Users/yuanxi/Workwork/vibe-fs/requirements/durable-events/tests/013.test.mjs","name":"WHAT[durable-events-013] canonical shape requires one-envelope rule and shared boot live program","fullName":"WHAT[durable-events-013] canonical shape requires one-envelope rule and shared boot live program"}
[verification-test-start] {"pid":86986,"parentPid":86984,"entryFile":"/Users/yuanxi/Workwork/vibe-fs/requirements/durable-events/tests/013.test.mjs","name":"WHAT[durable-events-013] production CanonicalIntegrator has the shared one-envelope program shape","fullName":"WHAT[durable-events-013] production CanonicalIntegrator has the shared one-envelope program shape"}
[verification-test-start] {"pid":86987,"parentPid":86984,"entryFile":"/Users/yuanxi/Workwork/vibe-fs/requirements/durable-events/tests/023.test.mjs","name":"WHAT[durable-events-023] EXEC_missing_payload_is_known_not_attempted_and_poisons_with_the_original_rejection","fullName":"WHAT[durable-events-023] EXEC_missing_payload_is_known_not_attempted_and_poisons_with_the_original_rejection"}
[verification-worker-cost] {"version":1,"phase":"exit","sequence":1,"entryFile":"/Users/yuanxi/Workwork/vibe-fs/requirements/durable-events/tests/013.test.mjs","pid":86986,"parentPid":86984,"monotonicMs":602.937417,"cpuUserMicros":433796,"cpuSystemMicros":81384,"exitCode":0}
runner: file lifecycle {"entryFile":"/Users/yuanxi/Workwork/vibe-fs/requirements/durable-events/tests/013.test.mjs","type":"runner:file-drained","elapsedMs":652.8401250000002}
runner: worker cost {"version":1,"entryFile":"/Users/yuanxi/Workwork/vibe-fs/requirements/durable-events/tests/013.test.mjs","enabled":true,"pid":86986,"status":"complete","reason":null,"preImport":{"version":1,"phase":"pre-import","sequence":0,"entryFile":"/Users/yuanxi/Workwork/vibe-fs/requirements/durable-events/tests/013.test.mjs","pid":86986,"parentPid":86984,"monotonicMs":15.67025,"cpuUserMicros":21210,"cpuSystemMicros":3619},"exit":{"version":1,"phase":"exit","sequence":1,"entryFile":"/Users/yuanxi/Workwork/vibe-fs/requirements/durable-events/tests/013.test.mjs","pid":86986,"parentPid":86984,"monotonicMs":602.937417,"cpuUserMicros":433796,"cpuSystemMicros":81384,"exitCode":0},"interval":{"clockPid":86986,"wallMs":587.267167,"cpuUserMicros":412586,"cpuSystemMicros":77765}}
[verification-worker-cost] {"version":1,"phase":"exit","sequence":1,"entryFile":"/Users/yuanxi/Workwork/vibe-fs/requirements/durable-events/tests/023.test.mjs","pid":86987,"parentPid":86984,"monotonicMs":612.04075,"cpuUserMicros":486927,"cpuSystemMicros":99385,"exitCode":0}
runner: file lifecycle {"entryFile":"/Users/yuanxi/Workwork/vibe-fs/requirements/durable-events/tests/023.test.mjs","type":"runner:file-drained","elapsedMs":662.6766250000001}
runner: worker cost {"version":1,"entryFile":"/Users/yuanxi/Workwork/vibe-fs/requirements/durable-events/tests/023.test.mjs","enabled":true,"pid":86987,"status":"complete","reason":null,"preImport":{"version":1,"phase":"pre-import","sequence":0,"entryFile":"/Users/yuanxi/Workwork/vibe-fs/requirements/durable-events/tests/023.test.mjs","pid":86987,"parentPid":86984,"monotonicMs":17.039958,"cpuUserMicros":22462,"cpuSystemMicros":3854},"exit":{"version":1,"phase":"exit","sequence":1,"entryFile":"/Users/yuanxi/Workwork/vibe-fs/requirements/durable-events/tests/023.test.mjs","pid":86987,"parentPid":86984,"monotonicMs":612.04075,"cpuUserMicros":486927,"cpuSystemMicros":99385,"exitCode":0},"interval":{"clockPid":86987,"wallMs":595.000792,"cpuUserMicros":464465,"cpuSystemMicros":95531}}
[verification-test-start] {"pid":86985,"parentPid":86984,"entryFile":"/Users/yuanxi/Workwork/vibe-fs/requirements/repository-programming/tests/013.test.mjs","name":"WHAT[repository-programming-013] JS Prepared actual EventStore port malformed-release bad-input defense settles bytes before semantic-cut fatal","fullName":"WHAT[repository-programming-013] JS Prepared actual EventStore port malformed-release bad-input defense settles bytes before semantic-cut fatal"}
[verification-test-start] {"pid":86985,"parentPid":86984,"entryFile":"/Users/yuanxi/Workwork/vibe-fs/requirements/repository-programming/tests/013.test.mjs","name":"WHAT[repository-programming-013] JS Committed actual EventStore port valid bad-input defense settles bytes before semantic-cut fatal","fullName":"WHAT[repository-programming-013] JS Committed actual EventStore port valid bad-input defense settles bytes before semantic-cut fatal"}

✖ failing tests:

test at /Users/yuanxi/Workwork/vibe-fs/requirements/repository-programming/tests/013.test.mjs:15:5
✖ WHAT[repository-programming-013] JS Prepared actual EventStore port malformed-release bad-input defense settles bytes before semantic-cut fatal (280.149ms)
  AssertionError [ERR_ASSERTION]: actual JS rule cut must terminate through the physical fatal owner after settlement
  
  null !== 'SIGKILL'
  
      at TestContext.<anonymous> (file:///Users/yuanxi/Workwork/vibe-fs/requirements/repository-programming/tests/013.test.mjs:49:16)
      at process.processTicksAndRejections (node:internal/process/task_queues:103:5)
      at async Test.run (node:internal/test_runner/test:1054:7)
      at async Test.processPendingSubtests (node:internal/test_runner/test:744:7)

[verification-test-start] {"pid":86985,"parentPid":86984,"entryFile":"/Users/yuanxi/Workwork/vibe-fs/requirements/repository-programming/tests/013.test.mjs","name":"WHAT[repository-programming-013] JS Committed actual EventStore port malformed bad-input defense settles bytes before semantic-cut fatal","fullName":"WHAT[repository-programming-013] JS Committed actual EventStore port malformed bad-input defense settles bytes before semantic-cut fatal"}
[verification-test-start] {"pid":86985,"parentPid":86984,"entryFile":"/Users/yuanxi/Workwork/vibe-fs/requirements/repository-programming/tests/013.test.mjs","name":"WHAT[repository-programming-013] JS Committed actual EventStore port malformed-release bad-input defense settles bytes before semantic-cut fatal","fullName":"WHAT[repository-programming-013] JS Committed actual EventStore port malformed-release bad-input defense settles bytes before semantic-cut fatal"}
[verification-test-start] {"pid":86985,"parentPid":86984,"entryFile":"/Users/yuanxi/Workwork/vibe-fs/requirements/repository-programming/tests/013.test.mjs","name":"WHAT[repository-programming-013] JS013_commitPlan_all_or_nothing","fullName":"WHAT[repository-programming-013] JS013_commitPlan_all_or_nothing"}
test at /Users/yuanxi/Workwork/vibe-fs/requirements/repository-programming/tests/013.test.mjs:15:5
✖ WHAT[repository-programming-013] JS Committed actual EventStore port malformed-release bad-input defense settles bytes before semantic-cut fatal (274.877ms)
  AssertionError [ERR_ASSERTION]: actual JS rule cut must terminate through the physical fatal owner after settlement
  
  null !== 'SIGKILL'
  
      at TestContext.<anonymous> (file:///Users/yuanxi/Workwork/vibe-fs/requirements/repository-programming/tests/013.test.mjs:49:16)
      at process.processTicksAndRejections (node:internal/process/task_queues:103:5)
      at async Test.run (node:internal/test_runner/test:1054:7)
      at async Test.processPendingSubtests (node:internal/test_runner/test:744:7)

[verification-test-start] {"pid":86985,"parentPid":86984,"entryFile":"/Users/yuanxi/Workwork/vibe-fs/requirements/repository-programming/tests/013.test.mjs","name":"WHAT[repository-programming-013] JS013_commitPlan_aborts_before_write_when_snapshot_fails","fullName":"WHAT[repository-programming-013] JS013_commitPlan_aborts_before_write_when_snapshot_fails"}
[verification-test-start] {"pid":86985,"parentPid":86984,"entryFile":"/Users/yuanxi/Workwork/vibe-fs/requirements/repository-programming/tests/013.test.mjs","name":"WHAT[repository-programming-013] JS013_commitPlan_rolls_back_written_files_on_write_failure","fullName":"WHAT[repository-programming-013] JS013_commitPlan_rolls_back_written_files_on_write_failure"}
[verification-test-start] {"pid":86985,"parentPid":86984,"entryFile":"/Users/yuanxi/Workwork/vibe-fs/requirements/repository-programming/tests/013.test.mjs","name":"WHAT[repository-programming-013] JS013_preflight_orders_rules_and_short_circuits","fullName":"WHAT[repository-programming-013] JS013_preflight_orders_rules_and_short_circuits"}
[verification-test-start] {"pid":86985,"parentPid":86984,"entryFile":"/Users/yuanxi/Workwork/vibe-fs/requirements/repository-programming/tests/013.test.mjs","name":"WHAT[repository-programming-013] JS013_commit_plan_is_exact","fullName":"WHAT[repository-programming-013] JS013_commit_plan_is_exact"}
[verification-test-start] {"pid":86985,"parentPid":86984,"entryFile":"/Users/yuanxi/Workwork/vibe-fs/requirements/repository-programming/tests/013.test.mjs","name":"WHAT[repository-programming-013] typed adapter mapping Prepared AppendNotAttempted refuses success and preserves append identity and causes","fullName":"WHAT[repository-programming-013] typed adapter mapping Prepared AppendNotAttempted refuses success and preserves append identity and causes"}
[verification-test-start] {"pid":86985,"parentPid":86984,"entryFile":"/Users/yuanxi/Workwork/vibe-fs/requirements/repository-programming/tests/013.test.mjs","name":"WHAT[repository-programming-013] typed adapter mapping Committed AppendNotAttempted refuses success and preserves append identity and causes","fullName":"WHAT[repository-programming-013] typed adapter mapping Committed AppendNotAttempted refuses success and preserves append identity and causes"}
[verification-test-start] {"pid":86985,"parentPid":86984,"entryFile":"/Users/yuanxi/Workwork/vibe-fs/requirements/repository-programming/tests/013.test.mjs","name":"WHAT[repository-programming-013] typed adapter mapping Prepared CommitUnknown refuses success and preserves append identity and causes","fullName":"WHAT[repository-programming-013] typed adapter mapping Prepared CommitUnknown refuses success and preserves append identity and causes"}
[verification-test-start] {"pid":86985,"parentPid":86984,"entryFile":"/Users/yuanxi/Workwork/vibe-fs/requirements/repository-programming/tests/013.test.mjs","name":"WHAT[repository-programming-013] typed adapter mapping Committed CommitUnknown refuses success and preserves append identity and causes","fullName":"WHAT[repository-programming-013] typed adapter mapping Committed CommitUnknown refuses success and preserves append identity and causes"}
[verification-test-start] {"pid":86985,"parentPid":86984,"entryFile":"/Users/yuanxi/Workwork/vibe-fs/requirements/repository-programming/tests/013.test.mjs","name":"WHAT[repository-programming-013] typed adapter mapping Prepared NoNewWriteReleaseFailed refuses success and preserves append identity and causes","fullName":"WHAT[repository-programming-013] typed adapter mapping Prepared NoNewWriteReleaseFailed refuses success and preserves append identity and causes"}
[verification-test-start] {"pid":86985,"parentPid":86984,"entryFile":"/Users/yuanxi/Workwork/vibe-fs/requirements/repository-programming/tests/013.test.mjs","name":"WHAT[repository-programming-013] typed adapter mapping Committed NoNewWriteReleaseFailed refuses success and preserves append identity and causes","fullName":"WHAT[repository-programming-013] typed adapter mapping Committed NoNewWriteReleaseFailed refuses success and preserves append identity and causes"}
[verification-test-start] {"pid":86985,"parentPid":86984,"entryFile":"/Users/yuanxi/Workwork/vibe-fs/requirements/repository-programming/tests/013.test.mjs","name":"WHAT[repository-programming-013] JS085_workflow_reads_and_commits_rewrite","fullName":"WHAT[repository-programming-013] JS085_workflow_reads_and_commits_rewrite"}
[verification-test-start] {"pid":86985,"parentPid":86984,"entryFile":"/Users/yuanxi/Workwork/vibe-fs/requirements/repository-programming/tests/013.test.mjs","name":"WHAT[repository-programming-013] JS085_workflow_commits_create_and_reports","fullName":"WHAT[repository-programming-013] JS085_workflow_commits_create_and_reports"}
[verification-worker-cost] {"version":1,"phase":"exit","sequence":1,"entryFile":"/Users/yuanxi/Workwork/vibe-fs/requirements/repository-programming/tests/013.test.mjs","pid":86985,"parentPid":86984,"monotonicMs":1948.993958,"cpuUserMicros":248877,"cpuSystemMicros":55533,"exitCode":1}
runner: file lifecycle {"entryFile":"/Users/yuanxi/Workwork/vibe-fs/requirements/repository-programming/tests/013.test.mjs","type":"runner:file-drained","elapsedMs":1995.580625}
runner: worker cost {"version":1,"entryFile":"/Users/yuanxi/Workwork/vibe-fs/requirements/repository-programming/tests/013.test.mjs","enabled":true,"pid":86985,"status":"complete","reason":null,"preImport":{"version":1,"phase":"pre-import","sequence":0,"entryFile":"/Users/yuanxi/Workwork/vibe-fs/requirements/repository-programming/tests/013.test.mjs","pid":86985,"parentPid":86984,"monotonicMs":16.890625,"cpuUserMicros":22114,"cpuSystemMicros":4312},"exit":{"version":1,"phase":"exit","sequence":1,"entryFile":"/Users/yuanxi/Workwork/vibe-fs/requirements/repository-programming/tests/013.test.mjs","pid":86985,"parentPid":86984,"monotonicMs":1948.993958,"cpuUserMicros":248877,"cpuSystemMicros":55533,"exitCode":1},"interval":{"clockPid":86985,"wallMs":1932.103333,"cpuUserMicros":226763,"cpuSystemMicros":51221}}

[test-summary] 4 file(s), 38 passed, 2 failed, 2 skipped, 1 todo (1.97s wall, 3.08s test time)
  todo: /Users/yuanxi/Workwork/vibe-fs/requirements/delegation/tests/029.test.mjs:WHAT[delegation-029] independently compiled workflow boundaries and real injected effects establish confinement beyond current source spellings (GAP-153) — reason not supplied
  skip: /Users/yuanxi/Workwork/vibe-fs/requirements/durable-events/tests/023.test.mjs:WHAT[durable-events-023] isolated compilation rejects physical-store authority in the codec closure — integration tier not enabled
  skip: /Users/yuanxi/Workwork/vibe-fs/requirements/durable-events/tests/023.test.mjs:WHAT[durable-events-023] isolated compilation rejects aggregate authority in domain folds — integration tier not enabled
runner: post-exit group verification/reclamation: pid=86984; elapsedMs=15.645; accepted=true
runner: 43 test(s), 3.1s of test time; max 430ms, p90 275ms, median 21ms
runner:     430ms  WHAT[repository-programming-013] JS Prepared actual EventStore port valid bad-input defense settles bytes before semantic-cut fatal
runner:     304ms  WHAT[repository-programming-013] JS Prepared actual EventStore port malformed bad-input defense settles bytes before semantic-cut fatal
runner:     280ms  WHAT[repository-programming-013] JS Prepared actual EventStore port malformed-release bad-input defense settles bytes before semantic-cut fatal
runner:     277ms  WHAT[repository-programming-013] JS Committed actual EventStore port malformed bad-input defense settles bytes before semantic-cut fatal
runner:     275ms  WHAT[repository-programming-013] JS Committed actual EventStore port malformed-release bad-input defense settles bytes before semantic-cut fatal

runner: 38 passed, 2 failed; 4/4 planned file(s) completed
Error: runner: supervised suite failed (exit 1)
    at fail (file:///Users/yuanxi/Workwork/vibe-fs/requirements/verification-system/tests/e2e/support/supervise-node-test.mjs:258:25)
    at superviseOwnedNodeTest (file:///Users/yuanxi/Workwork/vibe-fs/requirements/verification-system/tests/e2e/support/supervise-node-test.mjs:486:19)
    at process.processTicksAndRejections (node:internal/process/task_queues:103:5)
    at async superviseNodeTest (file:///Users/yuanxi/Workwork/vibe-fs/requirements/verification-system/tests/e2e/support/supervise-node-test.mjs:235:14)
    at async file:///Users/yuanxi/Workwork/vibe-fs/requirements/verification-system/tests/run.mjs:94:1 {
  exitCode: 1,
  [cause]: undefined
}
