runner: scoped 使用 TESTS_MJS_FILES=3 files
runner: build is current (1803 sources, 885 artifacts)
runner: discovery OVERRIDDEN by TESTS_MJS_FILES (3 file(s))
runner: 3 test file(s), 5000ms verdict-silence window
runner: file lifecycle {"entryFile":"/Users/yuanxi/Workwork/vibe-fs/requirements/speculative-investigation/tests/008.test.mjs","pid":81694,"parentPid":81672,"type":"runner:file-start","elapsedMs":32.47283299999998}
runner: file lifecycle {"entryFile":"/Users/yuanxi/Workwork/vibe-fs/requirements/speculative-investigation/tests/006.test.mjs","pid":81694,"parentPid":81672,"type":"runner:file-start","elapsedMs":33.547167}
runner: file lifecycle {"entryFile":"/Users/yuanxi/Workwork/vibe-fs/requirements/durable-events/tests/006.test.mjs","pid":81694,"parentPid":81672,"type":"runner:file-start","elapsedMs":34.77574999999996}
[verification-worker-cost] {"version":1,"phase":"pre-import","sequence":0,"entryFile":"/Users/yuanxi/Workwork/vibe-fs/requirements/speculative-investigation/tests/006.test.mjs","pid":81696,"parentPid":81694,"monotonicMs":16.498125,"cpuUserMicros":22389,"cpuSystemMicros":3140}
[verification-worker-cost] {"version":1,"phase":"pre-import","sequence":0,"entryFile":"/Users/yuanxi/Workwork/vibe-fs/requirements/speculative-investigation/tests/008.test.mjs","pid":81695,"parentPid":81694,"monotonicMs":17.837917,"cpuUserMicros":23714,"cpuSystemMicros":3767}
[verification-worker-cost] {"version":1,"phase":"pre-import","sequence":0,"entryFile":"/Users/yuanxi/Workwork/vibe-fs/requirements/durable-events/tests/006.test.mjs","pid":81697,"parentPid":81694,"monotonicMs":15.660167,"cpuUserMicros":21796,"cpuSystemMicros":3147}
[verification-test-start] {"pid":81697,"parentPid":81694,"entryFile":"/Users/yuanxi/Workwork/vibe-fs/requirements/durable-events/tests/006.test.mjs","name":"WHAT[durable-events-006] actual_gate-directory_preserves_preparation_rejection_and_independent_cold_facts","fullName":"WHAT[durable-events-006] actual_gate-directory_preserves_preparation_rejection_and_independent_cold_facts"}
[verification-test-start] {"pid":81696,"parentPid":81694,"entryFile":"/Users/yuanxi/Workwork/vibe-fs/requirements/speculative-investigation/tests/006.test.mjs","name":"WHAT[speculative-investigation-006] STRENGTH_006_prepared_commit_unknown_is_resolved_without_guessing","fullName":"WHAT[speculative-investigation-006] STRENGTH_006_prepared_commit_unknown_is_resolved_without_guessing"}
[verification-test-start] {"pid":81695,"parentPid":81694,"entryFile":"/Users/yuanxi/Workwork/vibe-fs/requirements/speculative-investigation/tests/008.test.mjs","name":"WHAT[speculative-investigation-008] STRENGTH_006_008_replay_excludes_Prepared_and_rebuilds_only_Promoted_at_exact_target_anchor","fullName":"WHAT[speculative-investigation-008] STRENGTH_006_008_replay_excludes_Prepared_and_rebuilds_only_Promoted_at_exact_target_anchor"}
[verification-test-start] {"pid":81696,"parentPid":81694,"entryFile":"/Users/yuanxi/Workwork/vibe-fs/requirements/speculative-investigation/tests/006.test.mjs","name":"WHAT[speculative-investigation-006] STRENGTH_006_requested_is_written_before_any_outbound_and_carries_the_full_authorization","fullName":"WHAT[speculative-investigation-006] STRENGTH_006_requested_is_written_before_any_outbound_and_carries_the_full_authorization"}
[verification-test-start] {"pid":81696,"parentPid":81694,"entryFile":"/Users/yuanxi/Workwork/vibe-fs/requirements/speculative-investigation/tests/006.test.mjs","name":"WHAT[speculative-investigation-006] STRENGTH_006_prepared_material_precedes_any_owner_visible_consumption","fullName":"WHAT[speculative-investigation-006] STRENGTH_006_prepared_material_precedes_any_owner_visible_consumption"}
[verification-test-start] {"pid":81696,"parentPid":81694,"entryFile":"/Users/yuanxi/Workwork/vibe-fs/requirements/speculative-investigation/tests/006.test.mjs","name":"WHAT[speculative-investigation-006] STRENGTH_006_prepared_before_bound_is_refused","fullName":"WHAT[speculative-investigation-006] STRENGTH_006_prepared_before_bound_is_refused"}
[verification-test-start] {"pid":81696,"parentPid":81694,"entryFile":"/Users/yuanxi/Workwork/vibe-fs/requirements/speculative-investigation/tests/006.test.mjs","name":"WHAT[speculative-investigation-006] STRENGTH_006_repeated_identical_request_and_bound_are_idempotent","fullName":"WHAT[speculative-investigation-006] STRENGTH_006_repeated_identical_request_and_bound_are_idempotent"}
[verification-test-start] {"pid":81696,"parentPid":81694,"entryFile":"/Users/yuanxi/Workwork/vibe-fs/requirements/speculative-investigation/tests/006.test.mjs","name":"WHAT[speculative-investigation-006] STRENGTH_006_same_source_with_a_different_authorization_is_a_conflict","fullName":"WHAT[speculative-investigation-006] STRENGTH_006_same_source_with_a_different_authorization_is_a_conflict"}
[verification-test-start] {"pid":81696,"parentPid":81694,"entryFile":"/Users/yuanxi/Workwork/vibe-fs/requirements/speculative-investigation/tests/006.test.mjs","name":"WHAT[speculative-investigation-006] STRENGTH_006_a_second_child_for_one_authorization_is_refused","fullName":"WHAT[speculative-investigation-006] STRENGTH_006_a_second_child_for_one_authorization_is_refused"}
[verification-test-start] {"pid":81696,"parentPid":81694,"entryFile":"/Users/yuanxi/Workwork/vibe-fs/requirements/speculative-investigation/tests/006.test.mjs","name":"WHAT[speculative-investigation-006] STRENGTH_006_prepared_candidate_cannot_be_traced_or_raw_replayed","fullName":"WHAT[speculative-investigation-006] STRENGTH_006_prepared_candidate_cannot_be_traced_or_raw_replayed"}
[verification-test-start] {"pid":81696,"parentPid":81694,"entryFile":"/Users/yuanxi/Workwork/vibe-fs/requirements/speculative-investigation/tests/006.test.mjs","name":"WHAT[speculative-investigation-006] STRENGTH_006_durability_port_persists_the_full_chain_and_reloads_the_same_bundle","fullName":"WHAT[speculative-investigation-006] STRENGTH_006_durability_port_persists_the_full_chain_and_reloads_the_same_bundle"}
[verification-test-start] {"pid":81696,"parentPid":81694,"entryFile":"/Users/yuanxi/Workwork/vibe-fs/requirements/speculative-investigation/tests/006.test.mjs","name":"WHAT[speculative-investigation-006] STRENGTH_006_durability_port_rejects_conflicting_Prepared_identity","fullName":"WHAT[speculative-investigation-006] STRENGTH_006_durability_port_rejects_conflicting_Prepared_identity"}
[verification-test-start] {"pid":81696,"parentPid":81694,"entryFile":"/Users/yuanxi/Workwork/vibe-fs/requirements/speculative-investigation/tests/006.test.mjs","name":"WHAT[speculative-investigation-006] prepared_cut_reopen_observes_only_durable_receipts","fullName":"WHAT[speculative-investigation-006] prepared_cut_reopen_observes_only_durable_receipts"}
[verification-test-start] {"pid":81696,"parentPid":81694,"entryFile":"/Users/yuanxi/Workwork/vibe-fs/requirements/speculative-investigation/tests/006.test.mjs","name":"WHAT[speculative-investigation-006] prepared_cut_has_no_optional_fatal_handler_path","fullName":"WHAT[speculative-investigation-006] prepared_cut_has_no_optional_fatal_handler_path"}
[verification-test-start] {"pid":81696,"parentPid":81694,"entryFile":"/Users/yuanxi/Workwork/vibe-fs/requirements/speculative-investigation/tests/006.test.mjs","name":"WHAT[speculative-investigation-006] STRENGTH_006_017_strength_event_types_are_authoritative_store_vocabulary","fullName":"WHAT[speculative-investigation-006] STRENGTH_006_017_strength_event_types_are_authoritative_store_vocabulary"}
[verification-test-start] {"pid":81696,"parentPid":81694,"entryFile":"/Users/yuanxi/Workwork/vibe-fs/requirements/speculative-investigation/tests/006.test.mjs","name":"WHAT[speculative-investigation-006] STRENGTH_006_store_envelope_puts_large_material_only_in_payload_refs","fullName":"WHAT[speculative-investigation-006] STRENGTH_006_store_envelope_puts_large_material_only_in_payload_refs"}
[verification-test-start] {"pid":81696,"parentPid":81694,"entryFile":"/Users/yuanxi/Workwork/vibe-fs/requirements/speculative-investigation/tests/006.test.mjs","name":"WHAT[speculative-investigation-006] STRENGTH_006_same_decision_different_prepared_material_is_identity_collision","fullName":"WHAT[speculative-investigation-006] STRENGTH_006_same_decision_different_prepared_material_is_identity_collision"}
[verification-test-start] {"pid":81696,"parentPid":81694,"entryFile":"/Users/yuanxi/Workwork/vibe-fs/requirements/speculative-investigation/tests/006.test.mjs","name":"WHAT[speculative-investigation-006] STRENGTH_006_payload_bytes_are_local_content_addressed_payloads","fullName":"WHAT[speculative-investigation-006] STRENGTH_006_payload_bytes_are_local_content_addressed_payloads"}
[verification-test-start] {"pid":81696,"parentPid":81694,"entryFile":"/Users/yuanxi/Workwork/vibe-fs/requirements/speculative-investigation/tests/006.test.mjs","name":"WHAT[speculative-investigation-006] STRENGTH_006_integrator_Current_reflects_the_authorization_without_history_scan","fullName":"WHAT[speculative-investigation-006] STRENGTH_006_integrator_Current_reflects_the_authorization_without_history_scan"}
[verification-test-start] {"pid":81696,"parentPid":81694,"entryFile":"/Users/yuanxi/Workwork/vibe-fs/requirements/speculative-investigation/tests/006.test.mjs","name":"WHAT[speculative-investigation-006] STRENGTH_006_authorization_payload_has_no_estimation_or_prediction_fields","fullName":"WHAT[speculative-investigation-006] STRENGTH_006_authorization_payload_has_no_estimation_or_prediction_fields"}
[verification-test-start] {"pid":81696,"parentPid":81694,"entryFile":"/Users/yuanxi/Workwork/vibe-fs/requirements/speculative-investigation/tests/006.test.mjs","name":"WHAT[speculative-investigation-006] actual_store_release_failure_keeps_strength_settlement_evidence","fullName":"WHAT[speculative-investigation-006] actual_store_release_failure_keeps_strength_settlement_evidence"}
[verification-test-start] {"pid":81695,"parentPid":81694,"entryFile":"/Users/yuanxi/Workwork/vibe-fs/requirements/speculative-investigation/tests/008.test.mjs","name":"WHAT[speculative-investigation-008] STRENGTH_008_replay_loads_each_selected_plan_once_in_decision_order_and_stops_on_load_failure","fullName":"WHAT[speculative-investigation-008] STRENGTH_008_replay_loads_each_selected_plan_once_in_decision_order_and_stops_on_load_failure"}
[verification-test-start] {"pid":81695,"parentPid":81694,"entryFile":"/Users/yuanxi/Workwork/vibe-fs/requirements/speculative-investigation/tests/008.test.mjs","name":"WHAT[speculative-investigation-008] STRENGTH_008_compaction_does_not_retire_raw_replay_without_xtrace_coverage","fullName":"WHAT[speculative-investigation-008] STRENGTH_008_compaction_does_not_retire_raw_replay_without_xtrace_coverage"}
[verification-test-start] {"pid":81695,"parentPid":81694,"entryFile":"/Users/yuanxi/Workwork/vibe-fs/requirements/speculative-investigation/tests/008.test.mjs","name":"WHAT[speculative-investigation-008] STRENGTH_008_shortened_conversation_never_erases_the_authorization","fullName":"WHAT[speculative-investigation-008] STRENGTH_008_shortened_conversation_never_erases_the_authorization"}
[verification-test-start] {"pid":81695,"parentPid":81694,"entryFile":"/Users/yuanxi/Workwork/vibe-fs/requirements/speculative-investigation/tests/008.test.mjs","name":"WHAT[speculative-investigation-008] STRENGTH_008_trace_recovery_requires_one_exact_contiguous_canonical_match","fullName":"WHAT[speculative-investigation-008] STRENGTH_008_trace_recovery_requires_one_exact_contiguous_canonical_match"}
[verification-test-start] {"pid":81695,"parentPid":81694,"entryFile":"/Users/yuanxi/Workwork/vibe-fs/requirements/speculative-investigation/tests/008.test.mjs","name":"WHAT[speculative-investigation-008] STRENGTH_008_integrator_Current_reflects_Traced_range_without_history_scan","fullName":"WHAT[speculative-investigation-008] STRENGTH_008_integrator_Current_reflects_Traced_range_without_history_scan"}
[verification-test-start] {"pid":81695,"parentPid":81694,"entryFile":"/Users/yuanxi/Workwork/vibe-fs/requirements/speculative-investigation/tests/008.test.mjs","name":"WHAT[speculative-investigation-008] actual Boot to Replay uncompleted Prepared request performs no consumption append","fullName":"WHAT[speculative-investigation-008] actual Boot to Replay uncompleted Prepared request performs no consumption append"}
[verification-test-start] {"pid":81697,"parentPid":81694,"entryFile":"/Users/yuanxi/Workwork/vibe-fs/requirements/durable-events/tests/006.test.mjs","name":"WHAT[durable-events-006] actual_before-directory_preserves_preparation_rejection_and_independent_cold_facts","fullName":"WHAT[durable-events-006] actual_before-directory_preserves_preparation_rejection_and_independent_cold_facts"}
[verification-test-start] {"pid":81696,"parentPid":81694,"entryFile":"/Users/yuanxi/Workwork/vibe-fs/requirements/speculative-investigation/tests/006.test.mjs","name":"WHAT[speculative-investigation-006] actual_append_release_failure_keeps_strength_settlement_evidence","fullName":"WHAT[speculative-investigation-006] actual_append_release_failure_keeps_strength_settlement_evidence"}
[verification-test-start] {"pid":81697,"parentPid":81694,"entryFile":"/Users/yuanxi/Workwork/vibe-fs/requirements/durable-events/tests/006.test.mjs","name":"WHAT[durable-events-006] actual_mixed-release_preserves_preparation_rejection_and_independent_cold_facts","fullName":"WHAT[durable-events-006] actual_mixed-release_preserves_preparation_rejection_and_independent_cold_facts"}
[verification-test-start] {"pid":81696,"parentPid":81694,"entryFile":"/Users/yuanxi/Workwork/vibe-fs/requirements/speculative-investigation/tests/006.test.mjs","name":"WHAT[speculative-investigation-006] actual_prepared_release_failure_keeps_strength_settlement_evidence","fullName":"WHAT[speculative-investigation-006] actual_prepared_release_failure_keeps_strength_settlement_evidence"}
[verification-test-start] {"pid":81695,"parentPid":81694,"entryFile":"/Users/yuanxi/Workwork/vibe-fs/requirements/speculative-investigation/tests/008.test.mjs","name":"WHAT[speculative-investigation-008] actual Boot to Replay completed Prepared request preserves typed append settlement through the real fuse","fullName":"WHAT[speculative-investigation-008] actual Boot to Replay completed Prepared request preserves typed append settlement through the real fuse"}
[verification-test-start] {"pid":81697,"parentPid":81694,"entryFile":"/Users/yuanxi/Workwork/vibe-fs/requirements/durable-events/tests/006.test.mjs","name":"WHAT[durable-events-006] actual_cut-release_preserves_preparation_rejection_and_independent_cold_facts","fullName":"WHAT[durable-events-006] actual_cut-release_preserves_preparation_rejection_and_independent_cold_facts"}
[verification-test-start] {"pid":81695,"parentPid":81694,"entryFile":"/Users/yuanxi/Workwork/vibe-fs/requirements/speculative-investigation/tests/008.test.mjs","name":"WHAT[speculative-investigation-008] demoted predictor text survives durable reopen and exact reasoning trace recovery","fullName":"WHAT[speculative-investigation-008] demoted predictor text survives durable reopen and exact reasoning trace recovery"}

✖ failing tests:

test at /Users/yuanxi/Workwork/vibe-fs/requirements/speculative-investigation/tests/008.test.mjs:191:3
✖ WHAT[speculative-investigation-008] actual Boot to Replay completed Prepared request preserves typed append settlement through the real fuse (230.769ms)
  AssertionError [ERR_ASSERTION]: Boot fuse must not replace StrengthAppendException with a generic exception
  
  false !== true
  
      at file:///Users/yuanxi/Workwork/vibe-fs/requirements/speculative-investigation/tests/008.test.mjs:227:16
      at async withExecutablePlugin (file:///Users/yuanxi/Workwork/vibe-fs/requirements/verification-system/tests/support/plugin-fixture.mjs:276:7)
      at async TestContext.<anonymous> (file:///Users/yuanxi/Workwork/vibe-fs/requirements/speculative-investigation/tests/008.test.mjs:192:5)
      at async Test.run (node:internal/test_runner/test:1054:7)
      at async Test.processPendingSubtests (node:internal/test_runner/test:744:7)

[verification-test-start] {"pid":81695,"parentPid":81694,"entryFile":"/Users/yuanxi/Workwork/vibe-fs/requirements/speculative-investigation/tests/008.test.mjs","name":"WHAT[speculative-investigation-008] H03_replica_identity_flag_yields_Ineligible_eligibility_and_Skip_decision","fullName":"WHAT[speculative-investigation-008] H03_replica_identity_flag_yields_Ineligible_eligibility_and_Skip_decision"}
[verification-worker-cost] {"version":1,"phase":"exit","sequence":1,"entryFile":"/Users/yuanxi/Workwork/vibe-fs/requirements/speculative-investigation/tests/008.test.mjs","pid":81695,"parentPid":81694,"monotonicMs":1272.754042,"cpuUserMicros":1103849,"cpuSystemMicros":166823,"exitCode":1}
runner: file lifecycle {"entryFile":"/Users/yuanxi/Workwork/vibe-fs/requirements/speculative-investigation/tests/008.test.mjs","type":"runner:file-drained","elapsedMs":1323.790458}
runner: worker cost {"version":1,"entryFile":"/Users/yuanxi/Workwork/vibe-fs/requirements/speculative-investigation/tests/008.test.mjs","enabled":true,"pid":81695,"status":"complete","reason":null,"preImport":{"version":1,"phase":"pre-import","sequence":0,"entryFile":"/Users/yuanxi/Workwork/vibe-fs/requirements/speculative-investigation/tests/008.test.mjs","pid":81695,"parentPid":81694,"monotonicMs":17.837917,"cpuUserMicros":23714,"cpuSystemMicros":3767},"exit":{"version":1,"phase":"exit","sequence":1,"entryFile":"/Users/yuanxi/Workwork/vibe-fs/requirements/speculative-investigation/tests/008.test.mjs","pid":81695,"parentPid":81694,"monotonicMs":1272.754042,"cpuUserMicros":1103849,"cpuSystemMicros":166823,"exitCode":1},"interval":{"clockPid":81695,"wallMs":1254.916125,"cpuUserMicros":1080135,"cpuSystemMicros":163056}}
[verification-test-start] {"pid":81696,"parentPid":81694,"entryFile":"/Users/yuanxi/Workwork/vibe-fs/requirements/speculative-investigation/tests/006.test.mjs","name":"WHAT[speculative-investigation-006] actual_duplicate_release_failure_keeps_strength_settlement_evidence","fullName":"WHAT[speculative-investigation-006] actual_duplicate_release_failure_keeps_strength_settlement_evidence"}
[verification-test-start] {"pid":81697,"parentPid":81694,"entryFile":"/Users/yuanxi/Workwork/vibe-fs/requirements/durable-events/tests/006.test.mjs","name":"WHAT[durable-events-006] actual_validation-release_preserves_preparation_rejection_and_independent_cold_facts","fullName":"WHAT[durable-events-006] actual_validation-release_preserves_preparation_rejection_and_independent_cold_facts"}
[verification-test-start] {"pid":81697,"parentPid":81694,"entryFile":"/Users/yuanxi/Workwork/vibe-fs/requirements/durable-events/tests/006.test.mjs","name":"WHAT[durable-events-006] actual_preparation-random_preserves_preparation_rejection_and_independent_cold_facts","fullName":"WHAT[durable-events-006] actual_preparation-random_preserves_preparation_rejection_and_independent_cold_facts"}
[verification-worker-cost] {"version":1,"phase":"exit","sequence":1,"entryFile":"/Users/yuanxi/Workwork/vibe-fs/requirements/speculative-investigation/tests/006.test.mjs","pid":81696,"parentPid":81694,"monotonicMs":1682.525208,"cpuUserMicros":227058,"cpuSystemMicros":47097,"exitCode":0}
runner: file lifecycle {"entryFile":"/Users/yuanxi/Workwork/vibe-fs/requirements/speculative-investigation/tests/006.test.mjs","type":"runner:file-drained","elapsedMs":1729.121708}
runner: worker cost {"version":1,"entryFile":"/Users/yuanxi/Workwork/vibe-fs/requirements/speculative-investigation/tests/006.test.mjs","enabled":true,"pid":81696,"status":"complete","reason":null,"preImport":{"version":1,"phase":"pre-import","sequence":0,"entryFile":"/Users/yuanxi/Workwork/vibe-fs/requirements/speculative-investigation/tests/006.test.mjs","pid":81696,"parentPid":81694,"monotonicMs":16.498125,"cpuUserMicros":22389,"cpuSystemMicros":3140},"exit":{"version":1,"phase":"exit","sequence":1,"entryFile":"/Users/yuanxi/Workwork/vibe-fs/requirements/speculative-investigation/tests/006.test.mjs","pid":81696,"parentPid":81694,"monotonicMs":1682.525208,"cpuUserMicros":227058,"cpuSystemMicros":47097,"exitCode":0},"interval":{"clockPid":81696,"wallMs":1666.027083,"cpuUserMicros":204669,"cpuSystemMicros":43957}}
[verification-test-start] {"pid":81697,"parentPid":81694,"entryFile":"/Users/yuanxi/Workwork/vibe-fs/requirements/durable-events/tests/006.test.mjs","name":"WHAT[durable-events-006] actual_journal_initialization-release_keeps_business_fate_poison_and_waiters_separate","fullName":"WHAT[durable-events-006] actual_journal_initialization-release_keeps_business_fate_poison_and_waiters_separate"}
[verification-test-start] {"pid":81697,"parentPid":81694,"entryFile":"/Users/yuanxi/Workwork/vibe-fs/requirements/durable-events/tests/006.test.mjs","name":"WHAT[durable-events-006] actual_journal_business-release_keeps_business_fate_poison_and_waiters_separate","fullName":"WHAT[durable-events-006] actual_journal_business-release_keeps_business_fate_poison_and_waiters_separate"}
[verification-test-start] {"pid":81697,"parentPid":81694,"entryFile":"/Users/yuanxi/Workwork/vibe-fs/requirements/durable-events/tests/006.test.mjs","name":"WHAT[durable-events-006] actual_journal_initialization-fsync_keeps_business_fate_poison_and_waiters_separate","fullName":"WHAT[durable-events-006] actual_journal_initialization-fsync_keeps_business_fate_poison_and_waiters_separate"}
[verification-test-start] {"pid":81697,"parentPid":81694,"entryFile":"/Users/yuanxi/Workwork/vibe-fs/requirements/durable-events/tests/006.test.mjs","name":"WHAT[durable-events-006] actual_journal_business-fsync_keeps_business_fate_poison_and_waiters_separate","fullName":"WHAT[durable-events-006] actual_journal_business-fsync_keeps_business_fate_poison_and_waiters_separate"}
[verification-test-start] {"pid":81697,"parentPid":81694,"entryFile":"/Users/yuanxi/Workwork/vibe-fs/requirements/durable-events/tests/006.test.mjs","name":"WHAT[durable-events-006] duplicate_same_identity_is_idempotent_but_collision_is_rejected","fullName":"WHAT[durable-events-006] duplicate_same_identity_is_idempotent_but_collision_is_rejected"}
[verification-test-start] {"pid":81697,"parentPid":81694,"entryFile":"/Users/yuanxi/Workwork/vibe-fs/requirements/durable-events/tests/006.test.mjs","name":"WHAT[durable-events-006] append_adds_one_local_line_and_Current_is_already_integrated","fullName":"WHAT[durable-events-006] append_adds_one_local_line_and_Current_is_already_integrated"}
[verification-test-start] {"pid":81697,"parentPid":81694,"entryFile":"/Users/yuanxi/Workwork/vibe-fs/requirements/durable-events/tests/006.test.mjs","name":"WHAT[durable-events-006] actual_append_settlement_preserves_normal_physical_facts_and_cause","fullName":"WHAT[durable-events-006] actual_append_settlement_preserves_normal_physical_facts_and_cause"}
[verification-test-start] {"pid":81697,"parentPid":81694,"entryFile":"/Users/yuanxi/Workwork/vibe-fs/requirements/durable-events/tests/006.test.mjs","name":"WHAT[durable-events-006] actual_append_settlement_preserves_fresh-release_physical_facts_and_cause","fullName":"WHAT[durable-events-006] actual_append_settlement_preserves_fresh-release_physical_facts_and_cause"}
[verification-test-start] {"pid":81697,"parentPid":81694,"entryFile":"/Users/yuanxi/Workwork/vibe-fs/requirements/durable-events/tests/006.test.mjs","name":"WHAT[durable-events-006] actual_append_settlement_preserves_duplicate-release_physical_facts_and_cause","fullName":"WHAT[durable-events-006] actual_append_settlement_preserves_duplicate-release_physical_facts_and_cause"}
[verification-test-start] {"pid":81697,"parentPid":81694,"entryFile":"/Users/yuanxi/Workwork/vibe-fs/requirements/durable-events/tests/006.test.mjs","name":"WHAT[durable-events-006] actual_append_settlement_preserves_empty-release_physical_facts_and_cause","fullName":"WHAT[durable-events-006] actual_append_settlement_preserves_empty-release_physical_facts_and_cause"}
[verification-test-start] {"pid":81697,"parentPid":81694,"entryFile":"/Users/yuanxi/Workwork/vibe-fs/requirements/durable-events/tests/006.test.mjs","name":"WHAT[durable-events-006] actual_append_settlement_preserves_append_physical_facts_and_cause","fullName":"WHAT[durable-events-006] actual_append_settlement_preserves_append_physical_facts_and_cause"}
[verification-test-start] {"pid":81697,"parentPid":81694,"entryFile":"/Users/yuanxi/Workwork/vibe-fs/requirements/durable-events/tests/006.test.mjs","name":"WHAT[durable-events-006] actual_append_settlement_preserves_open_physical_facts_and_cause","fullName":"WHAT[durable-events-006] actual_append_settlement_preserves_open_physical_facts_and_cause"}
[verification-test-start] {"pid":81697,"parentPid":81694,"entryFile":"/Users/yuanxi/Workwork/vibe-fs/requirements/durable-events/tests/006.test.mjs","name":"WHAT[durable-events-006] actual_append_settlement_preserves_fsync_physical_facts_and_cause","fullName":"WHAT[durable-events-006] actual_append_settlement_preserves_fsync_physical_facts_and_cause"}
[verification-test-start] {"pid":81697,"parentPid":81694,"entryFile":"/Users/yuanxi/Workwork/vibe-fs/requirements/durable-events/tests/006.test.mjs","name":"WHAT[durable-events-006] actual_append_settlement_preserves_close_physical_facts_and_cause","fullName":"WHAT[durable-events-006] actual_append_settlement_preserves_close_physical_facts_and_cause"}
[verification-test-start] {"pid":81697,"parentPid":81694,"entryFile":"/Users/yuanxi/Workwork/vibe-fs/requirements/durable-events/tests/006.test.mjs","name":"WHAT[durable-events-006] actual_append_settlement_preserves_current-before_physical_facts_and_cause","fullName":"WHAT[durable-events-006] actual_append_settlement_preserves_current-before_physical_facts_and_cause"}
[verification-test-start] {"pid":81697,"parentPid":81694,"entryFile":"/Users/yuanxi/Workwork/vibe-fs/requirements/durable-events/tests/006.test.mjs","name":"WHAT[durable-events-006] actual_append_settlement_preserves_current-after_physical_facts_and_cause","fullName":"WHAT[durable-events-006] actual_append_settlement_preserves_current-after_physical_facts_and_cause"}
[verification-test-start] {"pid":81697,"parentPid":81694,"entryFile":"/Users/yuanxi/Workwork/vibe-fs/requirements/durable-events/tests/006.test.mjs","name":"WHAT[durable-events-006] actual_append_settlement_preserves_fsync-close-release_physical_facts_and_cause","fullName":"WHAT[durable-events-006] actual_append_settlement_preserves_fsync-close-release_physical_facts_and_cause"}
[verification-worker-cost] {"version":1,"phase":"exit","sequence":1,"entryFile":"/Users/yuanxi/Workwork/vibe-fs/requirements/durable-events/tests/006.test.mjs","pid":81697,"parentPid":81694,"monotonicMs":6458.90275,"cpuUserMicros":279165,"cpuSystemMicros":54754,"exitCode":0}
runner: file lifecycle {"entryFile":"/Users/yuanxi/Workwork/vibe-fs/requirements/durable-events/tests/006.test.mjs","type":"runner:file-drained","elapsedMs":6507.001458}
runner: worker cost {"version":1,"entryFile":"/Users/yuanxi/Workwork/vibe-fs/requirements/durable-events/tests/006.test.mjs","enabled":true,"pid":81697,"status":"complete","reason":null,"preImport":{"version":1,"phase":"pre-import","sequence":0,"entryFile":"/Users/yuanxi/Workwork/vibe-fs/requirements/durable-events/tests/006.test.mjs","pid":81697,"parentPid":81694,"monotonicMs":15.660167,"cpuUserMicros":21796,"cpuSystemMicros":3147},"exit":{"version":1,"phase":"exit","sequence":1,"entryFile":"/Users/yuanxi/Workwork/vibe-fs/requirements/durable-events/tests/006.test.mjs","pid":81697,"parentPid":81694,"monotonicMs":6458.90275,"cpuUserMicros":279165,"cpuSystemMicros":54754,"exitCode":0},"interval":{"clockPid":81697,"wallMs":6443.242583,"cpuUserMicros":257369,"cpuSystemMicros":51607}}

[test-summary] 3 file(s), 54 passed, 1 failed, 1 skipped (6.48s wall, 9.23s test time)
  skip: /Users/yuanxi/Workwork/vibe-fs/requirements/speculative-investigation/tests/008.test.mjs:WHAT[speculative-investigation-008] STRENGTH_INTEGRATION_Authorization_Bound_Prepared_consumption_Promoted_restart_replay_Traced — integration tier not enabled
runner: post-exit group verification/reclamation: pid=81694; elapsedMs=15.801; accepted=true
runner: 56 test(s), 9.2s of test time; max 616ms, p90 359ms, median 95ms
runner:     616ms  WHAT[speculative-investigation-008] actual Boot to Replay uncompleted Prepared request performs no consumption append
runner:     419ms  WHAT[durable-events-006] actual_gate-directory_preserves_preparation_rejection_and_independent_cold_facts
runner:     369ms  WHAT[speculative-investigation-006] actual_prepared_release_failure_keeps_strength_settlement_evidence
runner:     367ms  WHAT[speculative-investigation-006] actual_store_release_failure_keeps_strength_settlement_evidence
runner:     361ms  WHAT[speculative-investigation-006] actual_append_release_failure_keeps_strength_settlement_evidence

runner: 54 passed, 1 failed; 3/3 planned file(s) completed
Error: runner: supervised suite failed (exit 1)
    at fail (file:///Users/yuanxi/Workwork/vibe-fs/requirements/verification-system/tests/e2e/support/supervise-node-test.mjs:258:25)
    at superviseOwnedNodeTest (file:///Users/yuanxi/Workwork/vibe-fs/requirements/verification-system/tests/e2e/support/supervise-node-test.mjs:486:19)
    at process.processTicksAndRejections (node:internal/process/task_queues:103:5)
    at async superviseNodeTest (file:///Users/yuanxi/Workwork/vibe-fs/requirements/verification-system/tests/e2e/support/supervise-node-test.mjs:235:14)
    at async file:///Users/yuanxi/Workwork/vibe-fs/requirements/verification-system/tests/run.mjs:94:1 {
  exitCode: 1,
  [cause]: undefined
}
