runner: scoped 使用 TESTS_MJS_FILES=3 files
runner: build is current (1803 sources, 885 artifacts)
runner: discovery OVERRIDDEN by TESTS_MJS_FILES (3 file(s))
runner: 3 test file(s), 5000ms verdict-silence window
runner: file lifecycle {"entryFile":"/Users/yuanxi/Workwork/vibe-fs/requirements/execution-failure-policy/tests/014.test.mjs","pid":94329,"parentPid":94286,"type":"runner:file-start","elapsedMs":30.554791000000023}
runner: file lifecycle {"entryFile":"/Users/yuanxi/Workwork/vibe-fs/requirements/requirement-system/tests/017.test.mjs","pid":94329,"parentPid":94286,"type":"runner:file-start","elapsedMs":31.52895799999999}
runner: file lifecycle {"entryFile":"/Users/yuanxi/Workwork/vibe-fs/requirements/js-semantic-surface/tests/002.test.mjs","pid":94329,"parentPid":94286,"type":"runner:file-start","elapsedMs":32.74808300000001}
[verification-worker-cost] {"version":1,"phase":"pre-import","sequence":0,"entryFile":"/Users/yuanxi/Workwork/vibe-fs/requirements/requirement-system/tests/017.test.mjs","pid":94331,"parentPid":94329,"monotonicMs":15.73275,"cpuUserMicros":21432,"cpuSystemMicros":3194}
[verification-worker-cost] {"version":1,"phase":"pre-import","sequence":0,"entryFile":"/Users/yuanxi/Workwork/vibe-fs/requirements/execution-failure-policy/tests/014.test.mjs","pid":94330,"parentPid":94329,"monotonicMs":16.787542,"cpuUserMicros":22473,"cpuSystemMicros":3868}
[verification-worker-cost] {"version":1,"phase":"pre-import","sequence":0,"entryFile":"/Users/yuanxi/Workwork/vibe-fs/requirements/js-semantic-surface/tests/002.test.mjs","pid":94332,"parentPid":94329,"monotonicMs":18.4335,"cpuUserMicros":23805,"cpuSystemMicros":3461}
[verification-test-start] {"pid":94330,"parentPid":94329,"entryFile":"/Users/yuanxi/Workwork/vibe-fs/requirements/execution-failure-policy/tests/014.test.mjs","name":"WHAT[execution-failure-policy-014] scanner finds direct FatalProcess and Diagnostic call sites","fullName":"WHAT[execution-failure-policy-014] scanner finds direct FatalProcess and Diagnostic call sites"}
[verification-test-start] {"pid":94331,"parentPid":94329,"entryFile":"/Users/yuanxi/Workwork/vibe-fs/requirements/requirement-system/tests/017.test.mjs","name":"WHAT[requirement-system-017] the executable verifier scans the complete requirements tree","fullName":"WHAT[requirement-system-017] the executable verifier scans the complete requirements tree"}
[verification-test-start] {"pid":94330,"parentPid":94329,"entryFile":"/Users/yuanxi/Workwork/vibe-fs/requirements/execution-failure-policy/tests/014.test.mjs","name":"WHAT[execution-failure-policy-014] scanner ignores comments, strings, and point-free bindings","fullName":"WHAT[execution-failure-policy-014] scanner ignores comments, strings, and point-free bindings"}
[verification-test-start] {"pid":94330,"parentPid":94329,"entryFile":"/Users/yuanxi/Workwork/vibe-fs/requirements/execution-failure-policy/tests/014.test.mjs","name":"WHAT[execution-failure-policy-014] scanner resolves a point-free alias one hop to its use","fullName":"WHAT[execution-failure-policy-014] scanner resolves a point-free alias one hop to its use"}
[verification-test-start] {"pid":94330,"parentPid":94329,"entryFile":"/Users/yuanxi/Workwork/vibe-fs/requirements/execution-failure-policy/tests/014.test.mjs","name":"WHAT[execution-failure-policy-014] scanner resolves a ReportFatalDiagnostic forwarder one hop","fullName":"WHAT[execution-failure-policy-014] scanner resolves a ReportFatalDiagnostic forwarder one hop"}
[verification-test-start] {"pid":94330,"parentPid":94329,"entryFile":"/Users/yuanxi/Workwork/vibe-fs/requirements/execution-failure-policy/tests/014.test.mjs","name":"WHAT[execution-failure-policy-014] gate fails on a fatal call site with no inventory row","fullName":"WHAT[execution-failure-policy-014] gate fails on a fatal call site with no inventory row"}
[verification-test-start] {"pid":94330,"parentPid":94329,"entryFile":"/Users/yuanxi/Workwork/vibe-fs/requirements/execution-failure-policy/tests/014.test.mjs","name":"WHAT[execution-failure-policy-014] gate fails on an alias invocation with no inventory row","fullName":"WHAT[execution-failure-policy-014] gate fails on an alias invocation with no inventory row"}
[verification-test-start] {"pid":94330,"parentPid":94329,"entryFile":"/Users/yuanxi/Workwork/vibe-fs/requirements/execution-failure-policy/tests/014.test.mjs","name":"WHAT[execution-failure-policy-014] gate fails when the row operation left its source file","fullName":"WHAT[execution-failure-policy-014] gate fails when the row operation left its source file"}
[verification-test-start] {"pid":94330,"parentPid":94329,"entryFile":"/Users/yuanxi/Workwork/vibe-fs/requirements/execution-failure-policy/tests/014.test.mjs","name":"WHAT[execution-failure-policy-014] gate fails when FixedWithRegression names a missing test","fullName":"WHAT[execution-failure-policy-014] gate fails when FixedWithRegression names a missing test"}
[verification-test-start] {"pid":94330,"parentPid":94329,"entryFile":"/Users/yuanxi/Workwork/vibe-fs/requirements/execution-failure-policy/tests/014.test.mjs","name":"WHAT[execution-failure-policy-014] gate passes FixedWithRegression when the named test exists","fullName":"WHAT[execution-failure-policy-014] gate passes FixedWithRegression when the named test exists"}
[verification-test-start] {"pid":94330,"parentPid":94329,"entryFile":"/Users/yuanxi/Workwork/vibe-fs/requirements/execution-failure-policy/tests/014.test.mjs","name":"WHAT[execution-failure-policy-014] gate passes when every site has a row and no row is stale","fullName":"WHAT[execution-failure-policy-014] gate passes when every site has a row and no row is stale"}
[verification-test-start] {"pid":94332,"parentPid":94329,"entryFile":"/Users/yuanxi/Workwork/vibe-fs/requirements/js-semantic-surface/tests/002.test.mjs","name":"WHAT[js-semantic-surface-002] the current semantic zone passes the implemented boundary gate","fullName":"WHAT[js-semantic-surface-002] the current semantic zone passes the implemented boundary gate"}
[verification-test-start] {"pid":94330,"parentPid":94329,"entryFile":"/Users/yuanxi/Workwork/vibe-fs/requirements/execution-failure-policy/tests/014.test.mjs","name":"WHAT[execution-failure-policy-014] retired-fuse migration anchored on its regression test stays green","fullName":"WHAT[execution-failure-policy-014] retired-fuse migration anchored on its regression test stays green"}
[verification-test-start] {"pid":94330,"parentPid":94329,"entryFile":"/Users/yuanxi/Workwork/vibe-fs/requirements/execution-failure-policy/tests/014.test.mjs","name":"WHAT[execution-failure-policy-014] retired-fuse migration without its regression test still fails","fullName":"WHAT[execution-failure-policy-014] retired-fuse migration without its regression test still fails"}
[verification-test-start] {"pid":94330,"parentPid":94329,"entryFile":"/Users/yuanxi/Workwork/vibe-fs/requirements/execution-failure-policy/tests/014.test.mjs","name":"WHAT[execution-failure-policy-014] FixedWithRegression cannot omit the regression identity","fullName":"WHAT[execution-failure-policy-014] FixedWithRegression cannot omit the regression identity"}
[verification-worker-cost] {"version":1,"phase":"exit","sequence":1,"entryFile":"/Users/yuanxi/Workwork/vibe-fs/requirements/execution-failure-policy/tests/014.test.mjs","pid":94330,"parentPid":94329,"monotonicMs":32.882,"cpuUserMicros":38118,"cpuSystemMicros":5321,"exitCode":0}
runner: file lifecycle {"entryFile":"/Users/yuanxi/Workwork/vibe-fs/requirements/execution-failure-policy/tests/014.test.mjs","type":"runner:file-drained","elapsedMs":76.425791}
runner: worker cost {"version":1,"entryFile":"/Users/yuanxi/Workwork/vibe-fs/requirements/execution-failure-policy/tests/014.test.mjs","enabled":true,"pid":94330,"status":"complete","reason":null,"preImport":{"version":1,"phase":"pre-import","sequence":0,"entryFile":"/Users/yuanxi/Workwork/vibe-fs/requirements/execution-failure-policy/tests/014.test.mjs","pid":94330,"parentPid":94329,"monotonicMs":16.787542,"cpuUserMicros":22473,"cpuSystemMicros":3868},"exit":{"version":1,"phase":"exit","sequence":1,"entryFile":"/Users/yuanxi/Workwork/vibe-fs/requirements/execution-failure-policy/tests/014.test.mjs","pid":94330,"parentPid":94329,"monotonicMs":32.882,"cpuUserMicros":38118,"cpuSystemMicros":5321,"exitCode":0},"interval":{"clockPid":94330,"wallMs":16.094458,"cpuUserMicros":15645,"cpuSystemMicros":1453}}
[verification-test-start] {"pid":94331,"parentPid":94329,"entryFile":"/Users/yuanxi/Workwork/vibe-fs/requirements/requirement-system/tests/017.test.mjs","name":"WHAT[requirement-system-017] a deleted clause reports its surviving test, including nested files","fullName":"WHAT[requirement-system-017] a deleted clause reports its surviving test, including nested files"}
[verification-worker-cost] {"version":1,"phase":"exit","sequence":1,"entryFile":"/Users/yuanxi/Workwork/vibe-fs/requirements/requirement-system/tests/017.test.mjs","pid":94331,"parentPid":94329,"monotonicMs":536.83375,"cpuUserMicros":913533,"cpuSystemMicros":37950,"exitCode":0}
runner: file lifecycle {"entryFile":"/Users/yuanxi/Workwork/vibe-fs/requirements/requirement-system/tests/017.test.mjs","type":"runner:file-drained","elapsedMs":581.54725}
runner: worker cost {"version":1,"entryFile":"/Users/yuanxi/Workwork/vibe-fs/requirements/requirement-system/tests/017.test.mjs","enabled":true,"pid":94331,"status":"complete","reason":null,"preImport":{"version":1,"phase":"pre-import","sequence":0,"entryFile":"/Users/yuanxi/Workwork/vibe-fs/requirements/requirement-system/tests/017.test.mjs","pid":94331,"parentPid":94329,"monotonicMs":15.73275,"cpuUserMicros":21432,"cpuSystemMicros":3194},"exit":{"version":1,"phase":"exit","sequence":1,"entryFile":"/Users/yuanxi/Workwork/vibe-fs/requirements/requirement-system/tests/017.test.mjs","pid":94331,"parentPid":94329,"monotonicMs":536.83375,"cpuUserMicros":913533,"cpuSystemMicros":37950,"exitCode":0},"interval":{"clockPid":94331,"wallMs":521.101,"cpuUserMicros":892101,"cpuSystemMicros":34756}}
js-boundary-gate: OK — 0 debt line(s) across 0 file(s)
[verification-test-start] {"pid":94332,"parentPid":94329,"entryFile":"/Users/yuanxi/Workwork/vibe-fs/requirements/js-semantic-surface/tests/002.test.mjs","name":"WHAT[js-semantic-surface-002] the same gate accepts a registered public import and rejects an internal module","fullName":"WHAT[js-semantic-surface-002] the same gate accepts a registered public import and rejects an internal module"}
js-boundary-gate: OK — 0 debt line(s) across 0 file(s)
js-boundary-gate: 1 violation(s) across 1 file(s)
  ../../../../var/folders/g_/3ydzn7kx5lg9ylq8fd9p_13r0000gn/T/js-surface-TmZA86/requirements/consumer/tests/support/api.mjs:1 [deep-dist-import] import * as api from '../../../../dist/Internal/Unregistered.js'
[verification-test-start] {"pid":94332,"parentPid":94329,"entryFile":"/Users/yuanxi/Workwork/vibe-fs/requirements/js-semantic-surface/tests/002.test.mjs","name":"WHAT[js-semantic-surface-002] module discovery, generated-name probing and runtime representation access are detected","fullName":"WHAT[js-semantic-surface-002] module discovery, generated-name probing and runtime representation access are detected"}
[verification-test-start] {"pid":94332,"parentPid":94329,"entryFile":"/Users/yuanxi/Workwork/vibe-fs/requirements/js-semantic-surface/tests/002.test.mjs","name":"WHAT[js-semantic-surface-002] a template that chooses an unregistered compiled module is detected","fullName":"WHAT[js-semantic-surface-002] a template that chooses an unregistered compiled module is detected"}
[verification-test-start] {"pid":94332,"parentPid":94329,"entryFile":"/Users/yuanxi/Workwork/vibe-fs/requirements/js-semantic-surface/tests/002.test.mjs","name":"WHAT[js-semantic-surface-002] ordinary data enumeration and standard function binding remain legal","fullName":"WHAT[js-semantic-surface-002] ordinary data enumeration and standard function binding remain legal"}
[verification-test-start] {"pid":94332,"parentPid":94329,"entryFile":"/Users/yuanxi/Workwork/vibe-fs/requirements/js-semantic-surface/tests/002.test.mjs","name":"WHAT[js-semantic-surface-002] native fixture fields and standard object spread are not runtime representation access","fullName":"WHAT[js-semantic-surface-002] native fixture fields and standard object spread are not runtime representation access"}
[verification-test-start] {"pid":94332,"parentPid":94329,"entryFile":"/Users/yuanxi/Workwork/vibe-fs/requirements/js-semantic-surface/tests/002.test.mjs","name":"WHAT[js-semantic-surface-002] accepts plain DTO through the actual gate","fullName":"WHAT[js-semantic-surface-002] native fixture fields and standard object spread are not runtime representation access > WHAT[js-semantic-surface-002] accepts plain DTO through the actual gate"}
js-boundary-gate: OK — 0 debt line(s) across 0 file(s)
[verification-test-start] {"pid":94332,"parentPid":94329,"entryFile":"/Users/yuanxi/Workwork/vibe-fs/requirements/js-semantic-surface/tests/002.test.mjs","name":"WHAT[js-semantic-surface-002] accepts object spread through the actual gate","fullName":"WHAT[js-semantic-surface-002] native fixture fields and standard object spread are not runtime representation access > WHAT[js-semantic-surface-002] accepts object spread through the actual gate"}
js-boundary-gate: OK — 0 debt line(s) across 0 file(s)
[verification-test-start] {"pid":94332,"parentPid":94329,"entryFile":"/Users/yuanxi/Workwork/vibe-fs/requirements/js-semantic-surface/tests/002.test.mjs","name":"WHAT[js-semantic-surface-002] accepts static fixture loop through the actual gate","fullName":"WHAT[js-semantic-surface-002] native fixture fields and standard object spread are not runtime representation access > WHAT[js-semantic-surface-002] accepts static fixture loop through the actual gate"}
js-boundary-gate: OK — 0 debt line(s) across 0 file(s)
[verification-test-start] {"pid":94332,"parentPid":94329,"entryFile":"/Users/yuanxi/Workwork/vibe-fs/requirements/js-semantic-surface/tests/002.test.mjs","name":"WHAT[js-semantic-surface-002] imported runtime and unproved fields receivers remain forbidden","fullName":"WHAT[js-semantic-surface-002] imported runtime and unproved fields receivers remain forbidden"}
[verification-test-start] {"pid":94332,"parentPid":94329,"entryFile":"/Users/yuanxi/Workwork/vibe-fs/requirements/js-semantic-surface/tests/002.test.mjs","name":"WHAT[js-semantic-surface-002] rejects imported namespace at the representation boundary","fullName":"WHAT[js-semantic-surface-002] imported runtime and unproved fields receivers remain forbidden > WHAT[js-semantic-surface-002] rejects imported namespace at the representation boundary"}
js-boundary-gate: 1 violation(s) across 1 file(s)
  ../../../../var/folders/g_/3ydzn7kx5lg9ylq8fd9p_13r0000gn/T/js-surface-Chw1i2/requirements/consumer/tests/001.test.mjs:3 [du-shape] export const value = api.fields
[verification-test-start] {"pid":94332,"parentPid":94329,"entryFile":"/Users/yuanxi/Workwork/vibe-fs/requirements/js-semantic-surface/tests/002.test.mjs","name":"WHAT[js-semantic-surface-002] rejects imported result at the representation boundary","fullName":"WHAT[js-semantic-surface-002] imported runtime and unproved fields receivers remain forbidden > WHAT[js-semantic-surface-002] rejects imported result at the representation boundary"}
js-boundary-gate: 1 violation(s) across 1 file(s)
  ../../../../var/folders/g_/3ydzn7kx5lg9ylq8fd9p_13r0000gn/T/js-surface-bVu3LC/requirements/consumer/tests/001.test.mjs:4 [du-shape] export const value = data.fields
[verification-test-start] {"pid":94332,"parentPid":94329,"entryFile":"/Users/yuanxi/Workwork/vibe-fs/requirements/js-semantic-surface/tests/002.test.mjs","name":"WHAT[js-semantic-surface-002] rejects unknown parameter at the representation boundary","fullName":"WHAT[js-semantic-surface-002] imported runtime and unproved fields receivers remain forbidden > WHAT[js-semantic-surface-002] rejects unknown parameter at the representation boundary"}
js-boundary-gate: 1 violation(s) across 1 file(s)
  ../../../../var/folders/g_/3ydzn7kx5lg9ylq8fd9p_13r0000gn/T/js-surface-bPlQ8j/requirements/consumer/tests/001.test.mjs:1 [du-shape] export const read = value => value.fields
[verification-test-start] {"pid":94332,"parentPid":94329,"entryFile":"/Users/yuanxi/Workwork/vibe-fs/requirements/js-semantic-surface/tests/002.test.mjs","name":"WHAT[js-semantic-surface-002] rejects shadowed native name at the representation boundary","fullName":"WHAT[js-semantic-surface-002] imported runtime and unproved fields receivers remain forbidden > WHAT[js-semantic-surface-002] rejects shadowed native name at the representation boundary"}
js-boundary-gate: 1 violation(s) across 1 file(s)
  ../../../../var/folders/g_/3ydzn7kx5lg9ylq8fd9p_13r0000gn/T/js-surface-K7m7YF/requirements/consumer/tests/001.test.mjs:2 [du-shape] export function read(data) { return data.fields }
[verification-test-start] {"pid":94332,"parentPid":94329,"entryFile":"/Users/yuanxi/Workwork/vibe-fs/requirements/js-semantic-surface/tests/002.test.mjs","name":"WHAT[js-semantic-surface-002] rejects mixed fixture array at the representation boundary","fullName":"WHAT[js-semantic-surface-002] imported runtime and unproved fields receivers remain forbidden > WHAT[js-semantic-surface-002] rejects mixed fixture array at the representation boundary"}
js-boundary-gate: 1 violation(s) across 1 file(s)
  ../../../../var/folders/g_/3ydzn7kx5lg9ylq8fd9p_13r0000gn/T/js-surface-VO5HIa/requirements/consumer/tests/001.test.mjs:4 [du-shape] for (const scenario of scenarios) console.log(scenario.fields)
[verification-test-start] {"pid":94332,"parentPid":94329,"entryFile":"/Users/yuanxi/Workwork/vibe-fs/requirements/js-semantic-surface/tests/002.test.mjs","name":"WHAT[js-semantic-surface-002] rejects mutated fixture array at the representation boundary","fullName":"WHAT[js-semantic-surface-002] imported runtime and unproved fields receivers remain forbidden > WHAT[js-semantic-surface-002] rejects mutated fixture array at the representation boundary"}
js-boundary-gate: 1 violation(s) across 1 file(s)
  ../../../../var/folders/g_/3ydzn7kx5lg9ylq8fd9p_13r0000gn/T/js-surface-MTpOp3/requirements/consumer/tests/001.test.mjs:5 [du-shape] for (const scenario of scenarios) console.log(scenario.fields)
[verification-test-start] {"pid":94332,"parentPid":94329,"entryFile":"/Users/yuanxi/Workwork/vibe-fs/requirements/js-semantic-surface/tests/002.test.mjs","name":"WHAT[js-semantic-surface-002] rejects aliased runtime insertion at the representation boundary","fullName":"WHAT[js-semantic-surface-002] imported runtime and unproved fields receivers remain forbidden > WHAT[js-semantic-surface-002] rejects aliased runtime insertion at the representation boundary"}
js-boundary-gate: 1 violation(s) across 1 file(s)
  ../../../../var/folders/g_/3ydzn7kx5lg9ylq8fd9p_13r0000gn/T/js-surface-SRfegw/requirements/consumer/tests/001.test.mjs:6 [du-shape] for (const scenario of scenarios) console.log(scenario.fields)
[verification-test-start] {"pid":94332,"parentPid":94329,"entryFile":"/Users/yuanxi/Workwork/vibe-fs/requirements/js-semantic-surface/tests/002.test.mjs","name":"WHAT[js-semantic-surface-002] rejects assigned alias runtime insertion at the representation boundary","fullName":"WHAT[js-semantic-surface-002] imported runtime and unproved fields receivers remain forbidden > WHAT[js-semantic-surface-002] rejects assigned alias runtime insertion at the representation boundary"}
js-boundary-gate: 1 violation(s) across 1 file(s)
  ../../../../var/folders/g_/3ydzn7kx5lg9ylq8fd9p_13r0000gn/T/js-surface-mA8LXl/requirements/consumer/tests/001.test.mjs:7 [du-shape] for (const scenario of scenarios) console.log(scenario.fields)
[verification-test-start] {"pid":94332,"parentPid":94329,"entryFile":"/Users/yuanxi/Workwork/vibe-fs/requirements/js-semantic-surface/tests/002.test.mjs","name":"WHAT[js-semantic-surface-002] rejects implicit return alias runtime insertion at the representation boundary","fullName":"WHAT[js-semantic-surface-002] imported runtime and unproved fields receivers remain forbidden > WHAT[js-semantic-surface-002] rejects implicit return alias runtime insertion at the representation boundary"}
js-boundary-gate: 1 violation(s) across 1 file(s)
  ../../../../var/folders/g_/3ydzn7kx5lg9ylq8fd9p_13r0000gn/T/js-surface-o63v2M/requirements/consumer/tests/001.test.mjs:7 [du-shape] for (const scenario of scenarios) console.log(scenario.fields)
[verification-test-start] {"pid":94332,"parentPid":94329,"entryFile":"/Users/yuanxi/Workwork/vibe-fs/requirements/js-semantic-surface/tests/002.test.mjs","name":"WHAT[js-semantic-surface-002] rejects escaped fixture container at the representation boundary","fullName":"WHAT[js-semantic-surface-002] imported runtime and unproved fields receivers remain forbidden > WHAT[js-semantic-surface-002] rejects escaped fixture container at the representation boundary"}
js-boundary-gate: 1 violation(s) across 1 file(s)
  ../../../../var/folders/g_/3ydzn7kx5lg9ylq8fd9p_13r0000gn/T/js-surface-Ps9DGC/requirements/consumer/tests/001.test.mjs:5 [du-shape] for (const scenario of scenarios) console.log(scenario.fields)
[verification-test-start] {"pid":94332,"parentPid":94329,"entryFile":"/Users/yuanxi/Workwork/vibe-fs/requirements/js-semantic-surface/tests/002.test.mjs","name":"WHAT[js-semantic-surface-002] rejects computed runtime access at the representation boundary","fullName":"WHAT[js-semantic-surface-002] imported runtime and unproved fields receivers remain forbidden > WHAT[js-semantic-surface-002] rejects computed runtime access at the representation boundary"}
js-boundary-gate: 1 violation(s) across 1 file(s)
  ../../../../var/folders/g_/3ydzn7kx5lg9ylq8fd9p_13r0000gn/T/js-surface-tKgORc/requirements/consumer/tests/001.test.mjs:4 [du-shape] export const value = data["fields"]
[verification-worker-cost] {"version":1,"phase":"exit","sequence":1,"entryFile":"/Users/yuanxi/Workwork/vibe-fs/requirements/js-semantic-surface/tests/002.test.mjs","pid":94332,"parentPid":94329,"monotonicMs":1218.239959,"cpuUserMicros":1773835,"cpuSystemMicros":67036,"exitCode":0}
runner: file lifecycle {"entryFile":"/Users/yuanxi/Workwork/vibe-fs/requirements/js-semantic-surface/tests/002.test.mjs","type":"runner:file-drained","elapsedMs":1264.291416}
runner: worker cost {"version":1,"entryFile":"/Users/yuanxi/Workwork/vibe-fs/requirements/js-semantic-surface/tests/002.test.mjs","enabled":true,"pid":94332,"status":"complete","reason":null,"preImport":{"version":1,"phase":"pre-import","sequence":0,"entryFile":"/Users/yuanxi/Workwork/vibe-fs/requirements/js-semantic-surface/tests/002.test.mjs","pid":94332,"parentPid":94329,"monotonicMs":18.4335,"cpuUserMicros":23805,"cpuSystemMicros":3461},"exit":{"version":1,"phase":"exit","sequence":1,"entryFile":"/Users/yuanxi/Workwork/vibe-fs/requirements/js-semantic-surface/tests/002.test.mjs","pid":94332,"parentPid":94329,"monotonicMs":1218.239959,"cpuUserMicros":1773835,"cpuSystemMicros":67036,"exitCode":0},"interval":{"clockPid":94332,"wallMs":1199.806459,"cpuUserMicros":1750030,"cpuSystemMicros":63575}}

[test-summary] 3 file(s), 36 passed, 0 failed (1.24s wall, 1.73s test time)
runner: post-exit group verification/reclamation: pid=94329; elapsedMs=15.402; accepted=true
runner: 36 test(s), 1.7s of test time; max 1161ms, p90 5ms, median 1ms
runner:    1161ms  WHAT[js-semantic-surface-002] the current semantic zone passes the implemented boundary gate
runner:     509ms  WHAT[requirement-system-017] the executable verifier scans the complete requirements tree
runner:      16ms  WHAT[js-semantic-surface-002] imported runtime and unproved fields receivers remain forbidden
runner:       5ms  WHAT[js-semantic-surface-002] native fixture fields and standard object spread are not runtime representation access
runner:       4ms  WHAT[execution-failure-policy-014] scanner finds direct FatalProcess and Diagnostic call sites

runner: 36 passed, 0 failed; 3/3 planned file(s) completed
