runner: scoped 使用 TESTS_MJS_FILES=1 files
runner: build is current (1801 sources, 884 artifacts)
runner: discovery OVERRIDDEN by TESTS_MJS_FILES (1 file(s))
runner: 1 test file(s), 5000ms verdict-silence window
runner: file lifecycle {"entryFile":"/Users/yuanxi/Workwork/vibe-fs/requirements/durable-events/tests/006.test.mjs","pid":74563,"parentPid":74512,"type":"runner:file-start","elapsedMs":36.72700000000003}
[verification-worker-cost] {"version":1,"phase":"pre-import","sequence":0,"entryFile":"/Users/yuanxi/Workwork/vibe-fs/requirements/durable-events/tests/006.test.mjs","pid":74564,"parentPid":74563,"monotonicMs":18.286167,"cpuUserMicros":23249,"cpuSystemMicros":4809}
[verification-test-start] {"pid":74564,"parentPid":74563,"entryFile":"/Users/yuanxi/Workwork/vibe-fs/requirements/durable-events/tests/006.test.mjs","name":"WHAT[durable-events-006] duplicate_same_identity_is_idempotent_but_collision_is_rejected","fullName":"WHAT[durable-events-006] duplicate_same_identity_is_idempotent_but_collision_is_rejected"}
[verification-test-start] {"pid":74564,"parentPid":74563,"entryFile":"/Users/yuanxi/Workwork/vibe-fs/requirements/durable-events/tests/006.test.mjs","name":"WHAT[durable-events-006] append_adds_one_local_line_and_Current_is_already_integrated","fullName":"WHAT[durable-events-006] append_adds_one_local_line_and_Current_is_already_integrated"}
[verification-test-start] {"pid":74564,"parentPid":74563,"entryFile":"/Users/yuanxi/Workwork/vibe-fs/requirements/durable-events/tests/006.test.mjs","name":"WHAT[durable-events-006] actual_append_settlement_preserves_normal_physical_facts_and_cause","fullName":"WHAT[durable-events-006] actual_append_settlement_preserves_normal_physical_facts_and_cause"}
[verification-test-start] {"pid":74564,"parentPid":74563,"entryFile":"/Users/yuanxi/Workwork/vibe-fs/requirements/durable-events/tests/006.test.mjs","name":"WHAT[durable-events-006] actual_append_settlement_preserves_fresh-release_physical_facts_and_cause","fullName":"WHAT[durable-events-006] actual_append_settlement_preserves_fresh-release_physical_facts_and_cause"}
[verification-test-start] {"pid":74564,"parentPid":74563,"entryFile":"/Users/yuanxi/Workwork/vibe-fs/requirements/durable-events/tests/006.test.mjs","name":"WHAT[durable-events-006] actual_append_settlement_preserves_duplicate-release_physical_facts_and_cause","fullName":"WHAT[durable-events-006] actual_append_settlement_preserves_duplicate-release_physical_facts_and_cause"}

✖ failing tests:

test at /Users/yuanxi/Workwork/vibe-fs/requirements/durable-events/tests/006.test.mjs:125:3
✖ WHAT[durable-events-006] actual_append_settlement_preserves_fresh-release_physical_facts_and_cause (311.830ms)
  AssertionError [ERR_ASSERTION]: Physical preconditions passed; append must return a typed settlement: {"pid":74583,"scenario":"fresh-release","observed":{"appendCalls":1,"fsyncCalls":1,"syncedCloseCalls":1,"releaseCalls":1,"injectedCalls":1},"bytesBase64":"eyJldmVudF9pZCI6Ijc3Nzc3Nzc3Nzc3Nzc3Nzc3Nzc3Nzc3Nzc3Nzc3Nzc3Nzc3Nzc3NzciLCJldmVudF90eXBlIjoiSm9iUmVxdWVzdGVkIiwicGFyZW50cyI6W10sInBheWxvYWQiOnsiZGV0YWlsIjp7InJlYWR5Ijp0cnVlfSwidGV4dCI6Iuecn+WunuiQveebmC3DqSJ9LCJwYXlsb2FkX3JlZnMiOltdLCJzdHJlYW1faWQiOiJwcm9vZi9hcHBlbmQtc2V0dGxlbWVudCJ9Cg==","beforeBase64":"","event":{"id":"7777777777777777777777777777777777777777","parents":[],"payload":{"detail":{"ready":true},"text":"真实落盘-é"},"payloadRefs":[],"stream":"proof/append-settlement","type":"JobRequested"},"head":"7777777777777777777777777777777777777777","heads":["7777777777777777777777777777777777777777"],"lockReleased":true,"settled":false,"thrownIsInjected":true,"result":null}
  
  false !== true
  
      at TestContext.<anonymous> (file:///Users/yuanxi/Workwork/vibe-fs/requirements/durable-events/tests/006.test.mjs:163:14)
      at process.processTicksAndRejections (node:internal/process/task_queues:103:5)
      at async Test.run (node:internal/test_runner/test:1054:7)
      at async Test.processPendingSubtests (node:internal/test_runner/test:744:7)

[verification-test-start] {"pid":74564,"parentPid":74563,"entryFile":"/Users/yuanxi/Workwork/vibe-fs/requirements/durable-events/tests/006.test.mjs","name":"WHAT[durable-events-006] actual_append_settlement_preserves_empty-release_physical_facts_and_cause","fullName":"WHAT[durable-events-006] actual_append_settlement_preserves_empty-release_physical_facts_and_cause"}
test at /Users/yuanxi/Workwork/vibe-fs/requirements/durable-events/tests/006.test.mjs:125:3
✖ WHAT[durable-events-006] actual_append_settlement_preserves_duplicate-release_physical_facts_and_cause (385.610ms)
  AssertionError [ERR_ASSERTION]: Physical preconditions passed; append must return a typed settlement: {"pid":74589,"scenario":"duplicate-release","observed":{"appendCalls":0,"fsyncCalls":0,"syncedCloseCalls":0,"releaseCalls":1,"injectedCalls":1},"bytesBase64":"eyJldmVudF9pZCI6Ijc3Nzc3Nzc3Nzc3Nzc3Nzc3Nzc3Nzc3Nzc3Nzc3Nzc3Nzc3Nzc3NzciLCJldmVudF90eXBlIjoiSm9iUmVxdWVzdGVkIiwicGFyZW50cyI6W10sInBheWxvYWQiOnsiZGV0YWlsIjp7InJlYWR5Ijp0cnVlfSwidGV4dCI6Iuecn+WunuiQveebmC3DqSJ9LCJwYXlsb2FkX3JlZnMiOltdLCJzdHJlYW1faWQiOiJwcm9vZi9hcHBlbmQtc2V0dGxlbWVudCJ9Cg==","beforeBase64":"eyJldmVudF9pZCI6Ijc3Nzc3Nzc3Nzc3Nzc3Nzc3Nzc3Nzc3Nzc3Nzc3Nzc3Nzc3Nzc3NzciLCJldmVudF90eXBlIjoiSm9iUmVxdWVzdGVkIiwicGFyZW50cyI6W10sInBheWxvYWQiOnsiZGV0YWlsIjp7InJlYWR5Ijp0cnVlfSwidGV4dCI6Iuecn+WunuiQveebmC3DqSJ9LCJwYXlsb2FkX3JlZnMiOltdLCJzdHJlYW1faWQiOiJwcm9vZi9hcHBlbmQtc2V0dGxlbWVudCJ9Cg==","event":{"id":"7777777777777777777777777777777777777777","parents":[],"payload":{"detail":{"ready":true},"text":"真实落盘-é"},"payloadRefs":[],"stream":"proof/append-settlement","type":"JobRequested"},"head":"7777777777777777777777777777777777777777","heads":["7777777777777777777777777777777777777777"],"lockReleased":true,"settled":false,"thrownIsInjected":true,"result":null}
  
  false !== true
  
      at TestContext.<anonymous> (file:///Users/yuanxi/Workwork/vibe-fs/requirements/durable-events/tests/006.test.mjs:163:14)
      at process.processTicksAndRejections (node:internal/process/task_queues:103:5)
      at async Test.run (node:internal/test_runner/test:1054:7)
      at async Test.processPendingSubtests (node:internal/test_runner/test:744:7)

[verification-test-start] {"pid":74564,"parentPid":74563,"entryFile":"/Users/yuanxi/Workwork/vibe-fs/requirements/durable-events/tests/006.test.mjs","name":"WHAT[durable-events-006] actual_append_settlement_preserves_fsync_physical_facts_and_cause","fullName":"WHAT[durable-events-006] actual_append_settlement_preserves_fsync_physical_facts_and_cause"}
test at /Users/yuanxi/Workwork/vibe-fs/requirements/durable-events/tests/006.test.mjs:125:3
✖ WHAT[durable-events-006] actual_append_settlement_preserves_empty-release_physical_facts_and_cause (312.184ms)
  AssertionError [ERR_ASSERTION]: Physical preconditions passed; append must return a typed settlement: {"pid":74595,"scenario":"empty-release","observed":{"appendCalls":0,"fsyncCalls":0,"syncedCloseCalls":0,"releaseCalls":1,"injectedCalls":1},"bytesBase64":"eyJldmVudF9pZCI6Ijc3Nzc3Nzc3Nzc3Nzc3Nzc3Nzc3Nzc3Nzc3Nzc3Nzc3Nzc3Nzc3NzciLCJldmVudF90eXBlIjoiSm9iUmVxdWVzdGVkIiwicGFyZW50cyI6W10sInBheWxvYWQiOnsiZGV0YWlsIjp7InJlYWR5Ijp0cnVlfSwidGV4dCI6Iuecn+WunuiQveebmC3DqSJ9LCJwYXlsb2FkX3JlZnMiOltdLCJzdHJlYW1faWQiOiJwcm9vZi9hcHBlbmQtc2V0dGxlbWVudCJ9Cg==","beforeBase64":"eyJldmVudF9pZCI6Ijc3Nzc3Nzc3Nzc3Nzc3Nzc3Nzc3Nzc3Nzc3Nzc3Nzc3Nzc3Nzc3NzciLCJldmVudF90eXBlIjoiSm9iUmVxdWVzdGVkIiwicGFyZW50cyI6W10sInBheWxvYWQiOnsiZGV0YWlsIjp7InJlYWR5Ijp0cnVlfSwidGV4dCI6Iuecn+WunuiQveebmC3DqSJ9LCJwYXlsb2FkX3JlZnMiOltdLCJzdHJlYW1faWQiOiJwcm9vZi9hcHBlbmQtc2V0dGxlbWVudCJ9Cg==","event":{"id":"7777777777777777777777777777777777777777","parents":[],"payload":{"detail":{"ready":true},"text":"真实落盘-é"},"payloadRefs":[],"stream":"proof/append-settlement","type":"JobRequested"},"head":"7777777777777777777777777777777777777777","heads":["7777777777777777777777777777777777777777"],"lockReleased":true,"settled":false,"thrownIsInjected":true,"result":null}
  
  false !== true
  
      at TestContext.<anonymous> (file:///Users/yuanxi/Workwork/vibe-fs/requirements/durable-events/tests/006.test.mjs:163:14)
      at process.processTicksAndRejections (node:internal/process/task_queues:103:5)
      at async Test.run (node:internal/test_runner/test:1054:7)
      at async Test.processPendingSubtests (node:internal/test_runner/test:744:7)

test at /Users/yuanxi/Workwork/vibe-fs/requirements/durable-events/tests/006.test.mjs:125:3
✖ WHAT[durable-events-006] actual_append_settlement_preserves_fsync_physical_facts_and_cause (333.914ms)
  AssertionError [ERR_ASSERTION]: Expected values to be strictly deep-equal:
  + actual - expected
  
    {
      error: {
  +     causeIsInjected: false,
  +     cleanupFailures: null,
  +     code: 'AppendFailed',
  +     reason: 'Actual owned fsync completed before its response failed'
  -     causeIsInjected: true,
  -     cleanupFailures: [],
  -     code: 'CommitUnknown',
  -     phase: 'DurabilityBarrier',
  -     prepared: {
  -       cuts: [],
  -       durableEvents: [
  -         {
  -           id: '7777777777777777777777777777777777777777',
  -           parents: [],
  -           payload: {
  -             detail: {
  -               ready: true
  -             },
  -             text: '真实落盘-é'
  -           },
  -           payloadRefs: [],
  -           stream: 'proof/append-settlement',
  -           type: 'JobRequested'
  -         }
  -       ]
  -     },
  -     priorRejection: null,
  -     requested: [
  -       {
  -         id: '7777777777777777777777777777777777777777',
  -         parents: [],
  -         payload: {
  -           detail: {
  -             ready: true
  -           },
  -           text: '真实落盘-é'
  -         },
  -         payloadRefs: [],
  -         stream: 'proof/append-settlement',
  -         type: 'JobRequested'
  -       }
  -     ]
      },
      ok: false
    }
  
      at TestContext.<anonymous> (file:///Users/yuanxi/Workwork/vibe-fs/requirements/durable-events/tests/006.test.mjs:167:16)
      at process.processTicksAndRejections (node:internal/process/task_queues:103:5)
      at async Test.run (node:internal/test_runner/test:1054:7)
      at async Test.processPendingSubtests (node:internal/test_runner/test:744:7)

[verification-worker-cost] {"version":1,"phase":"exit","sequence":1,"entryFile":"/Users/yuanxi/Workwork/vibe-fs/requirements/durable-events/tests/006.test.mjs","pid":74564,"parentPid":74563,"monotonicMs":2032.942209,"cpuUserMicros":249802,"cpuSystemMicros":38507,"exitCode":1}
runner: file lifecycle {"entryFile":"/Users/yuanxi/Workwork/vibe-fs/requirements/durable-events/tests/006.test.mjs","type":"runner:file-drained","elapsedMs":2084.5858329999996}
runner: worker cost {"version":1,"entryFile":"/Users/yuanxi/Workwork/vibe-fs/requirements/durable-events/tests/006.test.mjs","enabled":true,"pid":74564,"status":"complete","reason":null,"preImport":{"version":1,"phase":"pre-import","sequence":0,"entryFile":"/Users/yuanxi/Workwork/vibe-fs/requirements/durable-events/tests/006.test.mjs","pid":74564,"parentPid":74563,"monotonicMs":18.286167,"cpuUserMicros":23249,"cpuSystemMicros":4809},"exit":{"version":1,"phase":"exit","sequence":1,"entryFile":"/Users/yuanxi/Workwork/vibe-fs/requirements/durable-events/tests/006.test.mjs","pid":74564,"parentPid":74563,"monotonicMs":2032.942209,"cpuUserMicros":249802,"cpuSystemMicros":38507,"exitCode":1},"interval":{"clockPid":74564,"wallMs":2014.656042,"cpuUserMicros":226553,"cpuSystemMicros":33698}}

[test-summary] 1 file(s), 3 passed, 4 failed (2.05s wall, 1.93s test time)
runner: post-exit group verification/reclamation: pid=74563; elapsedMs=18.100; accepted=true
runner: 7 test(s), 1.9s of test time; max 386ms, p90 386ms, median 312ms
runner:     386ms  WHAT[durable-events-006] actual_append_settlement_preserves_duplicate-release_physical_facts_and_cause
runner:     334ms  WHAT[durable-events-006] actual_append_settlement_preserves_fsync_physical_facts_and_cause
runner:     312ms  WHAT[durable-events-006] actual_append_settlement_preserves_empty-release_physical_facts_and_cause
runner:     312ms  WHAT[durable-events-006] actual_append_settlement_preserves_normal_physical_facts_and_cause
runner:     312ms  WHAT[durable-events-006] actual_append_settlement_preserves_fresh-release_physical_facts_and_cause

runner: 3 passed, 4 failed; 1/1 planned file(s) completed
Error: runner: supervised suite failed (exit 1)
    at fail (file:///Users/yuanxi/Workwork/vibe-fs/requirements/verification-system/tests/e2e/support/supervise-node-test.mjs:258:25)
    at superviseOwnedNodeTest (file:///Users/yuanxi/Workwork/vibe-fs/requirements/verification-system/tests/e2e/support/supervise-node-test.mjs:486:19)
    at process.processTicksAndRejections (node:internal/process/task_queues:103:5)
    at async superviseNodeTest (file:///Users/yuanxi/Workwork/vibe-fs/requirements/verification-system/tests/e2e/support/supervise-node-test.mjs:235:14)
    at async file:///Users/yuanxi/Workwork/vibe-fs/requirements/verification-system/tests/run.mjs:94:1 {
  exitCode: 1,
  [cause]: undefined
}
