TAP version 13
# Subtest: WHAT[requirement-system-017] the executable verifier scans the complete requirements tree
ok 1 - WHAT[requirement-system-017] the executable verifier scans the complete requirements tree
  ---
  duration_ms: 476.97175
  type: 'test'
  ...
# Subtest: WHAT[requirement-system-017] a deleted clause reports its surviving test, including nested files
ok 2 - WHAT[requirement-system-017] a deleted clause reports its surviving test, including nested files
  ---
  duration_ms: 2.071334
  type: 'test'
  ...
1..2
# tests 2
# suites 0
# pass 2
# fail 0
# cancelled 0
# skipped 0
# todo 0
# duration_ms 520.323125
