TAP version 13
# Subtest: WHAT[requirement-system-017] the executable verifier scans the complete requirements tree
not ok 1 - WHAT[requirement-system-017] the executable verifier scans the complete requirements tree
  ---
  duration_ms: 601.985708
  type: 'test'
  location: '/Users/yuanxi/Workwork/vibe-fs/requirements/requirement-system/tests/017.test.mjs:9:1'
  failureType: 'testCodeFailure'
  error: |-
    requirements/host-boundary/tests/033.test.mjs:182: expected exactly WHAT[host-boundary-033], got ["host-boundary-033","managed-session-lifecycle-016"]
    requirements/host-boundary/tests/033.test.mjs:183: expected exactly WHAT[host-boundary-033], got ["host-boundary-033","managed-session-lifecycle-016"]
    + actual - expected
    
    + [
    +   'requirements/host-boundary/tests/033.test.mjs:182: expected exactly WHAT[host-boundary-033], got ["host-boundary-033","managed-session-lifecycle-016"]',
    +   'requirements/host-boundary/tests/033.test.mjs:183: expected exactly WHAT[host-boundary-033], got ["host-boundary-033","managed-session-lifecycle-016"]'
    + ]
    - []
    
  code: 'ERR_ASSERTION'
  name: 'AssertionError'
  expected:
  actual:
    0: 'requirements/host-boundary/tests/033.test.mjs:182: expected exactly WHAT[host-boundary-033], got ["host-boundary-033","managed-session-lifecycle-016"]'
    1: 'requirements/host-boundary/tests/033.test.mjs:183: expected exactly WHAT[host-boundary-033], got ["host-boundary-033","managed-session-lifecycle-016"]'
  operator: 'deepStrictEqual'
  stack: |-
    TestContext.<anonymous> (file:///Users/yuanxi/Workwork/vibe-fs/requirements/requirement-system/tests/017.test.mjs:11:10)
    Test.runInAsyncScope (node:async_hooks:214:14)
    Test.run (node:internal/test_runner/test:1047:25)
    Test.start (node:internal/test_runner/test:944:17)
    startSubtestAfterBootstrap (node:internal/test_runner/harness:296:17)
  ...
# Subtest: WHAT[requirement-system-017] a deleted clause reports its surviving test, including nested files
ok 2 - WHAT[requirement-system-017] a deleted clause reports its surviving test, including nested files
  ---
  duration_ms: 2.386625
  type: 'test'
  ...
1..2
# tests 2
# suites 0
# pass 1
# fail 1
# cancelled 0
# skipped 0
# todo 0
# duration_ms 658.046875
