runner: scoped 使用 TESTS_MJS_FILES=2 files
runner: build is current (1796 sources, 885 artifacts)
runner: discovery OVERRIDDEN by TESTS_MJS_FILES (2 file(s))
runner: 2 test file(s), 5000ms verdict-silence window
fatal: .git/index: index file smaller than expected
fatal: .git/index: index file smaller than expected
fatal: .git/index: index file smaller than expected

[test-summary] 2 file(s), 26 passed, 0 failed, 1 skipped, 3 todo (1.94s wall, 2.30s test time)
  todo: /Users/yuanxi/Workwork/vibe-fs/requirements/verification-system/tests/016.test.mjs:WHAT[verification-system-016] the actual verification run binds its evidence to the same immutable candidate snapshot — reason not supplied
  skip: /Users/yuanxi/Workwork/vibe-fs/requirements/degeneration-guard/tests/004.test.mjs:WHAT[degeneration-guard-004] current runtime envelope matches a fresh repository derivation and the self-consistent prior — integration tier not enabled
  todo: /Users/yuanxi/Workwork/vibe-fs/requirements/degeneration-guard/tests/004.test.mjs:WHAT[degeneration-guard-004] actual build binds generator selector selected bytes and runtime traversal to one staged input (GAP-145) — reason not supplied
  todo: /Users/yuanxi/Workwork/vibe-fs/requirements/verification-system/tests/016.test.mjs:WHAT[verification-system-016] a mutation restored within one step still invalidates the run — D2: fixed isolated inputs selected; current runner still uses mutable inputs and step-boundary hashes miss this counterexample
runner: post-exit group verification/reclamation: pid=45484; elapsedMs=21.593; accepted=true
runner: 30 test(s), 2.3s of test time; max 253ms, p90 183ms, median 66ms
runner:     253ms  WHAT[verification-system-016] verification rejects an unsealed symbolic input at src before running stages
runner:     222ms  WHAT[verification-system-016] verify detects mid-flight inputs change via runStep perturbation and halts with fail
runner:     204ms  WHAT[degeneration-guard-004] parallel tokenization equals whole-stream tokenization across safe and unsafe newline candidates
runner:     183ms  WHAT[degeneration-guard-004] selector admits tracked source documents and excludes generated vendor fixture structured deleted and untracked paths
runner:     128ms  WHAT[verification-system-016] a mutation restored within one step still invalidates the run

runner: 26 passed, 0 failed; 2/2 planned file(s) completed
runner: partial evidence; 1 skipped, 3 TODO; excluded cases are not passes
runner: pending proof prevents complete acceptance
