fatal: .git/index: index file smaller than expected
fatal: .git/index: index file smaller than expected
fatal: .git/index: index file smaller than expected
✔ WHAT[verification-system-016] the actual verification run binds its evidence to the same immutable candidate snapshot (3.673292ms) # TODO
✔ WHAT[verification-system-016] verification rejects an unsealed symbolic input at src before running stages (311.243208ms)
✔ WHAT[verification-system-016] verification rejects an unsealed symbolic input at .github before running stages (340.021958ms)
✔ WHAT[verification-system-016] verification rejects an unsealed symbolic input at package.json before running stages (274.250958ms)
✔ WHAT[verification-system-016] verification rejects an unsealed symbolic input at resources/linked.txt before running stages (247.635209ms)
✔ WHAT[verification-system-016] verification rejects an unsealed symbolic input at requirements/p/linked before running stages (173.341083ms)
✔ WHAT[verification-system-016] verification rejects an unsealed symbolic input at resources/obj before running stages (289.293667ms)
✔ WHAT[verification-system-016] output directory names do not exclude ordinary input files, while root output links stay outside the closure (508.595125ms)
✔ WHAT[verification-system-016] tracked corpus rejects a symbolic file outside ordinary input roots (668.487083ms)
✔ WHAT[verification-system-016] tracked corpus rejects a symbolic ancestor outside ordinary input roots (622.365959ms)
✔ WHAT[verification-system-016] tracked corpus rejects a dangling symbolic file outside ordinary input roots (584.858834ms)
✔ WHAT[verification-system-016] tracked corpus rejects a dangling symbolic ancestor outside ordinary input roots (640.917625ms)
✔ WHAT[verification-system-016] tracked corpus proposals contribute their actual content to verification inputs (900.419166ms)
✔ WHAT[verification-system-016] corpus tracking addition changes verification identity without changing file bytes (922.924375ms)
✔ WHAT[verification-system-016] corpus tracking removal changes verification identity without changing file bytes (1228.494584ms)
✔ WHAT[verification-system-016] collectGeneratedInputs rejects failed Git corpus inventory (480.105625ms)
✔ WHAT[verification-system-016] collectVerificationInputs rejects failed Git corpus inventory (468.593375ms)
✔ WHAT[verification-system-016] failed Git corpus inventory stops verification before any stage starts (1013.866084ms)
✔ WHAT[verification-system-016] collectVerificationInputs collects expected relative paths and diff detects mutations (1147.185042ms)
✔ WHAT[verification-system-016] verify detects mid-flight inputs change via runStep perturbation and halts with fail (2878.8225ms)
✔ WHAT[verification-system-016] verify with isolated logDirectory creates run dir and latest link without touching repo root (2140.7845ms)
✔ WHAT[verification-system-016] a detected step-boundary mutation prevents later steps (1232.112958ms)
⚠ WHAT[verification-system-016] a mutation restored within one step still invalidates the run (1519.721666ms) # D2: fixed isolated inputs selected; current runner still uses mutable inputs and step-boundary hashes miss this counterexample
ℹ tests 23
ℹ suites 0
ℹ pass 21
ℹ fail 0
ℹ cancelled 0
ℹ skipped 0
ℹ todo 2
ℹ duration_ms 19314.970916

✖ failing tests:

test at requirements/verification-system/tests/016.test.mjs:413:1
⚠ WHAT[verification-system-016] a mutation restored within one step still invalidates the run (1519.721666ms) # D2: fixed isolated inputs selected; current runner still uses mutable inputs and step-boundary hashes miss this counterexample
  AssertionError [ERR_ASSERTION]: changing and restoring an input is not a stable verification run
  
  0 !== 1
  
      at TestContext.<anonymous> (file:///Users/yuanxi/Workwork/vibe-fs/requirements/verification-system/tests/016.test.mjs:431:12)
      at async Test.run (node:internal/test_runner/test:1404:7)
      at async Test.processPendingSubtests (node:internal/test_runner/test:969:7) {
    generatedMessage: false,
    code: 'ERR_ASSERTION',
    actual: 0,
    expected: 1,
    operator: 'strictEqual',
    diff: 'simple'
  }
