TAP version 13
# Subtest: WHAT[execution-model-routing-014] valid immutable snapshot is a reconciliation no-op with traceable tokens and waiters
ok 1 - WHAT[execution-model-routing-014] valid immutable snapshot is a reconciliation no-op with traceable tokens and waiters
  ---
  duration_ms: 6.566958
  type: 'test'
  ...
# Subtest: WHAT[execution-model-routing-014] duplicate release never decrements twice
ok 2 - WHAT[execution-model-routing-014] duplicate release never decrements twice
  ---
  duration_ms: 0.866834
  type: 'test'
  ...
# Subtest: WHAT[execution-model-routing-014] stale fence cannot touch a newer execution
ok 3 - WHAT[execution-model-routing-014] stale fence cannot touch a newer execution
  ---
  duration_ms: 0.561458
  type: 'test'
  ...
# Subtest: WHAT[execution-model-routing-014] opposite terminal transition is a monotonic conflict
ok 4 - WHAT[execution-model-routing-014] opposite terminal transition is a monotonic conflict
  ---
  duration_ms: 0.411542
  type: 'test'
  ...
# Subtest: WHAT[execution-model-routing-014] reconciliation fails closed on map ledger divergence without repair
ok 5 - WHAT[execution-model-routing-014] reconciliation fails closed on map ledger divergence without repair
  ---
  duration_ms: 1.231583
  type: 'test'
  ...
# Subtest: WHAT[execution-model-routing-014] queue-full fresh admission preserves the exact active execution and all capacity evidence
not ok 6 - WHAT[execution-model-routing-014] queue-full fresh admission preserves the exact active execution and all capacity evidence
  ---
  duration_ms: 7.190167
  type: 'test'
  location: '/Users/yuanxi/Workwork/vibe-fs/requirements/execution-model-routing/tests/014.test.mjs:133:1'
  failureType: 'testCodeFailure'
  error: |-
    a human demand that cannot enter the full queue must not supersede the owned Guard
    + actual - expected
    
    + null
    - [Object: null prototype] {}
    
  code: 'ERR_ASSERTION'
  name: 'AssertionError'
  expected:
  actual: ~
  operator: 'strictEqual'
  stack: |-
    TestContext.<anonymous> (file:///Users/yuanxi/Workwork/vibe-fs/requirements/execution-model-routing/tests/014.test.mjs:150:12)
    async Test.run (node:internal/test_runner/test:1054:7)
    async Test.processPendingSubtests (node:internal/test_runner/test:744:7)
  ...
# Subtest: WHAT[execution-model-routing-014] a full pending queue does not reject a fresh execution that can acquire immediately
ok 7 - WHAT[execution-model-routing-014] a full pending queue does not reject a fresh execution that can acquire immediately
  ---
  duration_ms: 6.029666
  type: 'test'
  ...
# Subtest: WHAT[execution-model-routing-014] seeded bounded admission soak preserves fairness and exact reconciliation after every operation
ok 8 - WHAT[execution-model-routing-014] seeded bounded admission soak preserves fairness and exact reconciliation after every operation
  ---
  duration_ms: 1989.996708
  type: 'test'
  ...
# task36 admission seed=918618094 rounds=32 queueWidth=32 operations=3840 maxRetained=84 retainedBound=84
1..8
# tests 8
# suites 0
# pass 7
# fail 1
# cancelled 0
# skipped 0
# todo 0
# duration_ms 2103.093375
