{
  "mode": "new",
  "concurrency": 8,
  "stageBudgetMs": 5000,
  "results": [
    {
      "index": 0,
      "status": "ready",
      "elapsed": 4329,
      "stages": [
        {
          "stage": "bootstrapped",
          "elapsed": 1087
        },
        {
          "stage": "listening",
          "elapsed": 1546
        },
        {
          "stage": "global-healthy",
          "elapsed": 1551
        },
        {
          "stage": "project-events",
          "elapsed": 4329
        },
        {
          "stage": "healthy",
          "elapsed": 4329
        }
      ]
    },
    {
      "index": 1,
      "status": "ready",
      "elapsed": 4305,
      "stages": [
        {
          "stage": "bootstrapped",
          "elapsed": 1146
        },
        {
          "stage": "listening",
          "elapsed": 1549
        },
        {
          "stage": "global-healthy",
          "elapsed": 1568
        },
        {
          "stage": "project-events",
          "elapsed": 4305
        },
        {
          "stage": "healthy",
          "elapsed": 4305
        }
      ]
    },
    {
      "index": 2,
      "status": "ready",
      "elapsed": 4443,
      "stages": [
        {
          "stage": "bootstrapped",
          "elapsed": 1041
        },
        {
          "stage": "listening",
          "elapsed": 1487
        },
        {
          "stage": "global-healthy",
          "elapsed": 1526
        },
        {
          "stage": "project-events",
          "elapsed": 4443
        },
        {
          "stage": "healthy",
          "elapsed": 4443
        }
      ]
    },
    {
      "index": 3,
      "status": "ready",
      "elapsed": 3987,
      "stages": [
        {
          "stage": "bootstrapped",
          "elapsed": 1058
        },
        {
          "stage": "listening",
          "elapsed": 1456
        },
        {
          "stage": "global-healthy",
          "elapsed": 1497
        },
        {
          "stage": "project-events",
          "elapsed": 3987
        },
        {
          "stage": "healthy",
          "elapsed": 3987
        }
      ]
    },
    {
      "index": 4,
      "status": "ready",
      "elapsed": 4428,
      "stages": [
        {
          "stage": "bootstrapped",
          "elapsed": 1052
        },
        {
          "stage": "listening",
          "elapsed": 1411
        },
        {
          "stage": "global-healthy",
          "elapsed": 1428
        },
        {
          "stage": "project-events",
          "elapsed": 4428
        },
        {
          "stage": "healthy",
          "elapsed": 4428
        }
      ]
    },
    {
      "index": 5,
      "status": "ready",
      "elapsed": 4391,
      "stages": [
        {
          "stage": "bootstrapped",
          "elapsed": 1052
        },
        {
          "stage": "listening",
          "elapsed": 1511
        },
        {
          "stage": "global-healthy",
          "elapsed": 1536
        },
        {
          "stage": "project-events",
          "elapsed": 4391
        },
        {
          "stage": "healthy",
          "elapsed": 4391
        }
      ]
    },
    {
      "index": 6,
      "status": "ready",
      "elapsed": 4094,
      "stages": [
        {
          "stage": "bootstrapped",
          "elapsed": 1103
        },
        {
          "stage": "listening",
          "elapsed": 1516
        },
        {
          "stage": "global-healthy",
          "elapsed": 1530
        },
        {
          "stage": "project-events",
          "elapsed": 4094
        },
        {
          "stage": "healthy",
          "elapsed": 4094
        }
      ]
    },
    {
      "index": 7,
      "status": "ready",
      "elapsed": 4101,
      "stages": [
        {
          "stage": "bootstrapped",
          "elapsed": 931
        },
        {
          "stage": "listening",
          "elapsed": 1299
        },
        {
          "stage": "global-healthy",
          "elapsed": 1375
        },
        {
          "stage": "project-events",
          "elapsed": 4101
        },
        {
          "stage": "healthy",
          "elapsed": 4101
        }
      ]
    }
  ],
  "observations": [
    {
      "mode": "new",
      "url": "http://127.0.0.1:50753/global/health",
      "started": 1989,
      "elapsed": 65,
      "status": 200
    },
    {
      "mode": "new",
      "url": "http://127.0.0.1:50753/path",
      "started": 2059,
      "elapsed": 2724,
      "status": 200
    },
    {
      "mode": "new",
      "url": "http://127.0.0.1:50757/global/health",
      "started": 2089,
      "elapsed": 17,
      "status": 200
    },
    {
      "mode": "new",
      "url": "http://127.0.0.1:50757/path",
      "started": 2106,
      "elapsed": 2999,
      "status": 200
    },
    {
      "mode": "new",
      "url": "http://127.0.0.1:50756/global/health",
      "started": 2134,
      "elapsed": 39,
      "status": 200
    },
    {
      "mode": "new",
      "url": "http://127.0.0.1:50755/global/health",
      "started": 2162,
      "elapsed": 38,
      "status": 200
    },
    {
      "mode": "new",
      "url": "http://127.0.0.1:50756/path",
      "started": 2174,
      "elapsed": 2479,
      "status": 200
    },
    {
      "mode": "new",
      "url": "http://127.0.0.1:50754/global/health",
      "started": 2191,
      "elapsed": 24,
      "status": 200
    },
    {
      "mode": "new",
      "url": "http://127.0.0.1:50759/global/health",
      "started": 2197,
      "elapsed": 13,
      "status": 200
    },
    {
      "mode": "new",
      "url": "http://127.0.0.1:50755/path",
      "started": 2201,
      "elapsed": 2916,
      "status": 200
    },
    {
      "mode": "new",
      "url": "http://127.0.0.1:50759/path",
      "started": 2211,
      "elapsed": 2563,
      "status": 200
    },
    {
      "mode": "new",
      "url": "http://127.0.0.1:50754/path",
      "started": 2216,
      "elapsed": 2854,
      "status": 200
    },
    {
      "mode": "new",
      "url": "http://127.0.0.1:50758/global/health",
      "started": 2216,
      "elapsed": 4,
      "status": 200
    },
    {
      "mode": "new",
      "url": "http://127.0.0.1:50758/path",
      "started": 2221,
      "elapsed": 2778,
      "status": 200
    },
    {
      "mode": "new",
      "url": "http://127.0.0.1:50760/global/health",
      "started": 2223,
      "elapsed": 17,
      "status": 200
    },
    {
      "mode": "new",
      "url": "http://127.0.0.1:50760/path",
      "started": 2242,
      "elapsed": 2737,
      "status": 200
    }
  ]
}
{"cleanup":[{"status":"fulfilled"},{"status":"fulfilled"},{"status":"fulfilled"},{"status":"fulfilled"},{"status":"fulfilled"},{"status":"fulfilled"},{"status":"fulfilled"},{"status":"fulfilled"}]}
