FAIL WHAT[verification-system-005] ProcessHost CANARY_VERBOSE startup diagnostics preserve protocol stdout and report progress on stderr AssertionError [ERR_ASSERTION]: CANARY_VERBOSE diagnostics must not enter the caller's protocol stdout
    at processHostDiagnosticChannels (file:///Users/yuanxi/Workwork/vibe-fs/requirements/verification-system/tests/integration/harness/readiness-cases.mjs:129:12)
    at process.processTicksAndRejections (node:internal/process/task_queues:103:5)
    at async file:///Users/yuanxi/Workwork/vibe-fs/[eval1]:3:9 {
  generatedMessage: false,
  code: 'ERR_ASSERTION',
  actual: '[host.start] bootstrap observed\n' +
    '[host.start] _waitForListening took 1544ms\n' +
    '[host.start] _waitForGlobalHealth took 27ms\n' +
    '[host.start] project event source observed\n' +
    '[host.start] _waitForHealth took 2ms\n' +
    '{"phases":["bootstrapped","listening","global-healthy","project-events","healthy"],"hostOutputCaptured":true,"released":true}\n',
  expected: /\[host\.start\]|opencode server listening|OPENCODE_SERVER_PASSWORD/,
  operator: 'doesNotMatch',
  diff: 'simple'
}
FAIL WHAT[verification-system-005] ProcessHost DEBUG startup diagnostics preserve protocol stdout and report progress on stderr AssertionError [ERR_ASSERTION]: DEBUG diagnostics must not enter the caller's protocol stdout
    at processHostDiagnosticChannels (file:///Users/yuanxi/Workwork/vibe-fs/requirements/verification-system/tests/integration/harness/readiness-cases.mjs:129:12)
    at process.processTicksAndRejections (node:internal/process/task_queues:103:5)
    at async file:///Users/yuanxi/Workwork/vibe-fs/[eval1]:3:9 {
  generatedMessage: false,
  code: 'ERR_ASSERTION',
  actual: 'Warning: OPENCODE_SERVER_PASSWORD is not set; server is unsecured.\n' +
    '[host.start] bootstrap observed\n' +
    'opencode server listening on http://127.0.0.1:62009\n' +
    '[host.start] _waitForListening took 403ms\n' +
    '[host.start] _waitForGlobalHealth took 19ms\n' +
    '[host.start] project event source observed\n' +
    '[host.start] _waitForHealth took 3ms\n' +
    '{"phases":["bootstrapped","listening","global-healthy","project-events","healthy"],"hostOutputCaptured":true,"released":true}\n',
  expected: /\[host\.start\]|opencode server listening|OPENCODE_SERVER_PASSWORD/,
  operator: 'doesNotMatch',
  diff: 'simple'
}
