runner: scoped 使用 TESTS_MJS_FILES=19 files
runner: build is current (1796 sources, 885 artifacts)
runner: discovery OVERRIDDEN by TESTS_MJS_FILES (19 file(s))
runner: 19 test file(s), 5000ms verdict-silence window
js-boundary-gate: 2 violation(s) across 1 file(s)
  ../../../../var/folders/g_/3ydzn7kx5lg9ylq8fd9p_13r0000gn/T/boundary-gate-red-ZroX94/requirements/sample-pkg/tests/debt.test.mjs:1 [deep-dist-import] import * as mod from '../../../dist/Internal/UnregisteredModule.js'
  ../../../../var/folders/g_/3ydzn7kx5lg9ylq8fd9p_13r0000gn/T/boundary-gate-red-ZroX94/requirements/sample-pkg/tests/debt.test.mjs:2 [export-discovery] const names = Object.keys(mod)
js-boundary-gate: OK — 0 debt line(s) across 0 file(s)
js-boundary-gate: OK — 0 debt line(s) across 0 file(s)
js-boundary-gate: 1 violation(s) across 1 file(s)
  ../../../../var/folders/g_/3ydzn7kx5lg9ylq8fd9p_13r0000gn/T/boundary-environment-YnaFYy/requirements/sample/tests/001.test.mjs:3 [mangled-lookup] const name = 'Example__run'; name.startsWith('Example__')
js-boundary-gate: 1 violation(s) across 1 file(s)
  ../../../../var/folders/g_/3ydzn7kx5lg9ylq8fd9p_13r0000gn/T/boundary-environment-YnaFYy/requirements/sample/tests/001.test.mjs:3 [mangled-lookup] const name = '_Method'; name.endsWith('_Method')
coverage: running tests with NODE_V8_COVERAGE in /private/var/folders/g_/3ydzn7kx5lg9ylq8fd9p_13r0000gn/T/cov-root-alias-fzbgxH/actual/.fable-build/coverage/1791031653309-42754/raw...
js-boundary-gate: 1 violation(s) across 1 file(s)
  ../../../../var/folders/g_/3ydzn7kx5lg9ylq8fd9p_13r0000gn/T/boundary-environment-YnaFYy/requirements/sample/tests/001.test.mjs:3 [mangled-lookup] Object.keys(process.env).filter((env) => { const name = 'Example__run'; return name.startsWith('Example__') })

coverage: OK (2 production modules covered, report in /private/var/folders/g_/3ydzn7kx5lg9ylq8fd9p_13r0000gn/T/cov-root-alias-fzbgxH/actual/.fable-build/coverage/1791031653309-42754/report)
coverage: running tests with NODE_V8_COVERAGE in /private/var/folders/g_/3ydzn7kx5lg9ylq8fd9p_13r0000gn/T/cov-test-1-QlPS9v/.fable-build/coverage/1791031656891-42754/raw...

coverage: OK (2 production modules covered, report in /private/var/folders/g_/3ydzn7kx5lg9ylq8fd9p_13r0000gn/T/cov-test-1-QlPS9v/.fable-build/coverage/1791031656891-42754/report)
coverage: running tests with NODE_V8_COVERAGE in /private/var/folders/g_/3ydzn7kx5lg9ylq8fd9p_13r0000gn/T/cov-test-2-wi21tZ/.fable-build/coverage/1791031662701-42754/raw...

coverage: OK (2 production modules covered, report in /private/var/folders/g_/3ydzn7kx5lg9ylq8fd9p_13r0000gn/T/cov-test-2-wi21tZ/.fable-build/coverage/1791031662701-42754/report)
coverage: running tests with NODE_V8_COVERAGE in /private/var/folders/g_/3ydzn7kx5lg9ylq8fd9p_13r0000gn/T/cov-test-3-W1bnew/.fable-build/coverage/1791031670540-42754/raw...
runner: 1 test file(s), 10000ms verdict-silence window

coverage: OK (3 production modules covered, report in /private/var/folders/g_/3ydzn7kx5lg9ylq8fd9p_13r0000gn/T/cov-test-3-W1bnew/.fable-build/coverage/1791031670540-42754/report)
coverage: running tests with NODE_V8_COVERAGE in /private/var/folders/g_/3ydzn7kx5lg9ylq8fd9p_13r0000gn/T/cov-test-4-U3YoEF/.fable-build/coverage/1791031676512-42754/raw...
runner: post-exit group verification/reclamation: pid=43226; elapsedMs=877.773; accepted=true

runner: 1 passed, 0 failed; 0/1 planned file(s) completed
runner: incomplete run; no completion for /Users/yuanxi/Workwork/vibe-fs/requirements/verification-system/tests/support/fixtures/two-leaf.fixture.mjs
runner: 1 test file(s), 1000ms verdict-silence window
WATCHDOG: 'missing-file-drain' silent for 1006ms (limit 1000ms); 0 blocking progress update(s), last progress: start lane=startup expectation=none
runner: 1 file(s) had not reported completion
runner: file streams: 0 drained, 0 active, 1 queued
runner: 1 queued file(s) have not started
runner: verdict counts unavailable; no authoritative summary before the silence

coverage: OK (2 production modules covered, report in /private/var/folders/g_/3ydzn7kx5lg9ylq8fd9p_13r0000gn/T/cov-test-4-U3YoEF/.fable-build/coverage/1791031676512-42754/report)
coverage: running tests with NODE_V8_COVERAGE in /private/var/folders/g_/3ydzn7kx5lg9ylq8fd9p_13r0000gn/T/cov-test-5-UWiUto/.fable-build/coverage/1791031682757-42754/raw...
fatal: .git/index: index file smaller than expected
fatal: .git/index: index file smaller than expected
fatal: .git/index: index file smaller than expected
coverage: unit tests failed (status 1)
coverage: running tests with NODE_V8_COVERAGE in /private/var/folders/g_/3ydzn7kx5lg9ylq8fd9p_13r0000gn/T/cov-test-6-nIPmTO/.fable-build/coverage/1791031685451-42754/raw...
coverage: unit tests failed (status 1)
coverage: running tests with NODE_V8_COVERAGE in /var/folders/g_/3ydzn7kx5lg9ylq8fd9p_13r0000gn/T/cov-test-7-Lr8PYs/.fable-build/coverage/corrupt-run-id/raw...
coverage: raw coverage file is corrupted: coverage-corrupt.json (Unexpected token 'C', "CORRUPTED "... is not valid JSON)
coverage: running tests with NODE_V8_COVERAGE in /private/var/folders/g_/3ydzn7kx5lg9ylq8fd9p_13r0000gn/T/cov-test-8-0IJXhx/.fable-build/coverage/1791031691644-42754/raw...
coverage: reported files do not match build receipt outputs
coverage: running tests with NODE_V8_COVERAGE in /private/var/folders/g_/3ydzn7kx5lg9ylq8fd9p_13r0000gn/T/cov-test-9-dI4C20/.fable-build/coverage/1791031695074-42754/raw...
coverage: input files changed during coverage run (INPUT_CHANGED):
  compiler: 3f1d371fef6099fda8acbf64907411c5ff97d8050a177c9f38ad336185022d53 -> 114e6a64d7e098893e8c5cda89eed907914bcb7930741be111eddc0f51c2cc78
  generated: 3f1d371fef6099fda8acbf64907411c5ff97d8050a177c9f38ad336185022d53 -> 114e6a64d7e098893e8c5cda89eed907914bcb7930741be111eddc0f51c2cc78
  artifact: 3f1d371fef6099fda8acbf64907411c5ff97d8050a177c9f38ad336185022d53 -> 114e6a64d7e098893e8c5cda89eed907914bcb7930741be111eddc0f51c2cc78
WATCHDOG: 'tests/unit' silent for 5019ms (limit 5000ms); 341 blocking progress update(s), last progress: test:pass:WHAT[verification-system-009] every ladder step target exists as a real file lane=/Users/yuanxi/Workwork/vibe-fs/requirements/verification-system/tests/009.test.mjs expectation=none
WATCHDOG: background progress 6090ms ago: test:diagnostic lane=/Users/yuanxi/Workwork/vibe-fs/requirements/verification-system/tests/017.test.mjs (176 background update(s), none of them renewals)
runner: 3 file(s) had not reported completion
runner: file streams: 16 drained, 3 active, 0 queued
runner: active file requirements/verification-system/tests/005.test.mjs; waiting for stream drain; last verdict: test:pass:WHAT[verification-system-005] unused plugin fixtures defer production entry failures until activation
runner: active file requirements/verification-system/tests/008.test.mjs; waiting for stream drain; last verdict: test:pass:WHAT[verification-system-008] untracked new production source fails compile-shard inventory
runner: active file requirements/verification-system/tests/009.test.mjs; waiting for stream drain; last verdict: test:pass:WHAT[verification-system-009] every ladder step target exists as a real file
runner: verdict counts unavailable; no authoritative summary before the silence
