TAP version 13
# Subtest: WHAT[managed-chat-execution-003] an exact admission joining after committed Host projection receives its own complete model
not ok 1 - WHAT[managed-chat-execution-003] an exact admission joining after committed Host projection receives its own complete model
  ---
  duration_ms: 786.434166
  type: 'test'
  location: '/Users/yuanxi/Workwork/vibe-fs/requirements/managed-chat-execution/tests/003.test.mjs:57:1'
  failureType: 'testCodeFailure'
  error: |-
    Expected values to be strictly deep-equal:
    + actual - expected
    
      {
    +   modelID: 'placeholder',
    +   providerID: 'host'
    -   modelID: 'engineer-model',
    -   providerID: 'provider',
    -   variant: 'none'
      }
    
  code: 'ERR_ASSERTION'
  name: 'AssertionError'
  expected:
    providerID: 'provider'
    modelID: 'engineer-model'
    variant: 'none'
  actual:
    providerID: 'host'
    modelID: 'placeholder'
  operator: 'deepStrictEqual'
  stack: |-
    file:///Users/yuanxi/Workwork/vibe-fs/requirements/managed-chat-execution/tests/003.test.mjs:90:14
    async withExecutablePlugin (file:///Users/yuanxi/Workwork/vibe-fs/requirements/verification-system/tests/support/plugin-fixture.mjs:274:7)
    async TestContext.<anonymous> (file:///Users/yuanxi/Workwork/vibe-fs/requirements/managed-chat-execution/tests/003.test.mjs:58:3)
    async Test.run (node:internal/test_runner/test:1054:7)
    async startSubtestAfterBootstrap (node:internal/test_runner/harness:296:3)
  ...
1..1
# tests 1
# suites 0
# pass 0
# fail 1
# cancelled 0
# skipped 0
# todo 0
# duration_ms 971.349792
