TAP version 13
# {"operation":"strength-delegation-skip","session_id":"shared-instance-owner","result":"no-completed-source-batch"}
# {"operation":"strength-delegation-requested","session_id":"shared-instance-owner","result":"1"}
# {"operation":"strength-delegation-requested","session_id":"shared-instance-owner","result":"1"}
# {"operation":"strength-replica-prepare-failed","session_id":"shared-instance-owner","result":"StrengthReplica owner already has an active decision"}
# {"operation":"session-abort","session_id":"host-child-1-4cf5cd7119a6"}
# {"operation":"strength-delegation-skip","session_id":"ses-delegate-tail-mismatch","result":"no-completed-source-batch"}
# {"operation":"strength-delegation-skip","session_id":"ses-delegate-tail-mismatch","result":"no-completed-source-batch"}
# {"operation":"session-abort","session_id":"host-child-1-8119ad15b0df6"}
# Subtest: WHAT[speculative-investigation-013] shared common-dir instances prepare one resident and unloading one preserves its lease and next decision
not ok 1 - WHAT[speculative-investigation-013] shared common-dir instances prepare one resident and unloading one preserves its lease and next decision
  ---
  duration_ms: 714.937166
  type: 'test'
  location: '/Users/yuanxi/Workwork/vibe-fs/requirements/speculative-investigation/tests/013.test.mjs:567:1'
  failureType: 'testCodeFailure'
  error: 'Strength DelegationClosed storage invalid: IdentityCollision (EventId "e5b3fb1e2c85b9c08856cc9347936476f794be3940c8b0728220574591236951")'
  code: 'ERR_TEST_FAILURE'
  ...
# Subtest: WHAT[speculative-investigation-013] SPEC_INV_013_real_transform_refuses_to_misidentify_incomplete_trailing_batch_matching_earlier_batch
ok 2 - WHAT[speculative-investigation-013] SPEC_INV_013_real_transform_refuses_to_misidentify_incomplete_trailing_batch_matching_earlier_batch
  ---
  duration_ms: 338.239042
  type: 'test'
  ...
1..2
# tests 2
# suites 0
# pass 1
# fail 1
# cancelled 0
# skipped 0
# todo 0
# duration_ms 1216.556167
