✔ WHAT[managed-chat-execution-005] ProviderStarted enforces acceptance provider run and terminal fences (10.582875ms)
✔ WHAT[managed-chat-execution-005] equal start and terminal duplicates are semantic no-ops (5.135ms)
✔ WHAT[managed-chat-execution-005] ProviderStarted before Accepted rejects (0.433542ms)
✔ WHAT[managed-chat-execution-005] exact public assistant observation alone establishes provider start (1.089959ms)
HOOK CHAT MESSAGE FAILED: ChatAdmissionHookException {
  message: 'Managed chat admission failed: TransactionFailed (LeaseCommitFailed (Conflict, Settled Conflict))',
  innerException: undefined,
  failure: ChatAdmissionHookFailure {
    tag: 1,
    fields: [ [ChatAdmissionTransactionError] ]
  },
  executionKey: ChatExecutionKey {
    SessionId: SessionId { tag: 0, fields: [Array] },
    PhysicalUserMessageId: PhysicalUserMessageId { tag: 0, fields: [Array] }
  }
}
HOOK CHAT MESSAGE FAILED: ChatAdmissionHookException {
  message: 'Managed chat admission failed: TransactionFailed (LeaseCommitFailed (Conflict, Settled Conflict))',
  innerException: undefined,
  failure: ChatAdmissionHookFailure {
    tag: 1,
    fields: [ [ChatAdmissionTransactionError] ]
  },
  executionKey: ChatExecutionKey {
    SessionId: SessionId { tag: 0, fields: [Array] },
    PhysicalUserMessageId: PhysicalUserMessageId { tag: 0, fields: [Array] }
  }
}
✔ WHAT[managed-chat-execution-005] transform durably starts the real assistant observed before its attempt plan existed (1035.058166ms)
✔ WHAT[managed-chat-execution-005] transform rejects missing or foreign public assistant identity before the provider boundary (578.087042ms)
ℹ tests 6
ℹ suites 0
ℹ pass 6
ℹ fail 0
ℹ cancelled 0
ℹ skipped 0
ℹ todo 0
ℹ duration_ms 1822.595792
