TAP version 13
# Subtest: WHAT[managed-chat-execution-003] concurrent exact chat admissions and their replay project one committed target into every Host request
not ok 1 - WHAT[managed-chat-execution-003] concurrent exact chat admissions and their replay project one committed target into every Host request
  ---
  duration_ms: 881.780166
  type: 'test'
  location: '/Users/yuanxi/Workwork/vibe-fs/requirements/managed-chat-execution/tests/003.test.mjs:7:1'
  failureType: 'testCodeFailure'
  error: |-
    Expected values to be strictly deep-equal:
    + actual - expected
    
      [
        'fulfilled',
    +   'rejected'
    -   'fulfilled'
      ]
    
  code: 'ERR_ASSERTION'
  name: 'AssertionError'
  expected:
    0: 'fulfilled'
    1: 'fulfilled'
  actual:
    0: 'fulfilled'
    1: 'rejected'
  operator: 'deepStrictEqual'
  stack: |-
    file:///Users/yuanxi/Workwork/vibe-fs/requirements/managed-chat-execution/tests/003.test.mjs:18:12
    async withExecutablePlugin (file:///Users/yuanxi/Workwork/vibe-fs/requirements/verification-system/tests/support/plugin-fixture.mjs:274:7)
    async TestContext.<anonymous> (file:///Users/yuanxi/Workwork/vibe-fs/requirements/managed-chat-execution/tests/003.test.mjs:8:3)
    async Test.run (node:internal/test_runner/test:1054:7)
    async startSubtestAfterBootstrap (node:internal/test_runner/harness:296:3)
  ...
# Subtest: WHAT[managed-chat-execution-003] managed admission has one fixed success order
ok 2 - WHAT[managed-chat-execution-003] managed admission has one fixed success order
  ---
  duration_ms: 1.190375
  type: 'test'
  ...
# Subtest: WHAT[managed-chat-execution-003] append failure performs zero downstream effects
ok 3 - WHAT[managed-chat-execution-003] append failure performs zero downstream effects
  ---
  duration_ms: 0.387208
  type: 'test'
  ...
# Subtest: WHAT[managed-chat-execution-003] acquisition failure crosses no later boundary
ok 4 - WHAT[managed-chat-execution-003] acquisition failure crosses no later boundary
  ---
  duration_ms: 0.58975
  type: 'test'
  ...
# Subtest: WHAT[managed-chat-execution-003] superseded demand is a typed nonfatal short-circuit
ok 5 - WHAT[managed-chat-execution-003] superseded demand is a typed nonfatal short-circuit
  ---
  duration_ms: 0.209584
  type: 'test'
  ...
# Subtest: WHAT[managed-chat-execution-003] already-started replay performs no duplicate admission effect
ok 6 - WHAT[managed-chat-execution-003] already-started replay performs no duplicate admission effect
  ---
  duration_ms: 0.080709
  type: 'test'
  ...
# Subtest: WHAT[managed-chat-execution-003] HostInternal physical input creates no managed admission or provider send
ok 7 - WHAT[managed-chat-execution-003] HostInternal physical input creates no managed admission or provider send
  ---
  duration_ms: 180.820542
  type: 'test'
  ...
# Subtest: WHAT[managed-chat-execution-003] rejected participant identity stops the registered Host hook before acceptance, capacity or projection
ok 8 - WHAT[managed-chat-execution-003] rejected participant identity stops the registered Host hook before acceptance, capacity or projection
  ---
  duration_ms: 184.982667
  type: 'test'
  ...
1..8
# tests 8
# suites 0
# pass 7
# fail 1
# cancelled 0
# skipped 0
# todo 0
# duration_ms 1453.848417
