TAP version 13
# Subtest: WHAT[delegation-003] a parent cancellation episode rejects new ordinary ingress before physical placement
not ok 1 - WHAT[delegation-003] a parent cancellation episode rejects new ordinary ingress before physical placement
  ---
  duration_ms: 289.87575
  type: 'test'
  location: '/Users/yuanxi/Workwork/vibe-fs/requirements/delegation/tests/003.test.mjs:347:1'
  failureType: 'testCodeFailure'
  error: |-
    The input was expected to not match the regular expression /carries this charge now|现已接下这项托付/i. Input:
    
    '# Bea carries this charge now.\n'
    
  code: 'ERR_ASSERTION'
  name: 'AssertionError'
  expected:
  actual: |-
    # Bea carries this charge now.
    
  operator: 'doesNotMatch'
  stack: |-
    TestContext.<anonymous> (file:///Users/yuanxi/Workwork/vibe-fs/requirements/delegation/tests/003.test.mjs:376:12)
    async Test.run (node:internal/test_runner/test:1054:7)
    async startSubtestAfterBootstrap (node:internal/test_runner/harness:296:3)
  ...
# Subtest: WHAT[delegation-003] a failed in-flight cancellation cannot skip scope detach of the original fixed callback
not ok 2 - WHAT[delegation-003] a failed in-flight cancellation cannot skip scope detach of the original fixed callback
  ---
  duration_ms: 228.11225
  type: 'test'
  location: '/Users/yuanxi/Workwork/vibe-fs/requirements/delegation/tests/003.test.mjs:396:1'
  failureType: 'testCodeFailure'
  error: |-
    detach releases original fixed subscriptions even when physical cancellation rejects
    
    2 !== 0
    
  code: 'ERR_ASSERTION'
  name: 'AssertionError'
  expected: 0
  actual: 2
  operator: 'strictEqual'
  stack: |-
    TestContext.<anonymous> (file:///Users/yuanxi/Workwork/vibe-fs/requirements/delegation/tests/003.test.mjs:435:12)
    async Test.run (node:internal/test_runner/test:1054:7)
    async Test.processPendingSubtests (node:internal/test_runner/test:744:7)
  ...
# Subtest: WHAT[delegation-003] a synchronous cancellation signal failure releases the episode for a later real cancellation
not ok 3 - WHAT[delegation-003] a synchronous cancellation signal failure releases the episode for a later real cancellation
  ---
  duration_ms: 65.175292
  type: 'test'
  location: '/Users/yuanxi/Workwork/vibe-fs/requirements/delegation/tests/003.test.mjs:449:1'
  failureType: 'testCodeFailure'
  error: 'EXACT-SYNCHRONOUS-CANCEL-SIGNAL-FAILURE'
  code: 'ERR_TEST_FAILURE'
  stack: |-
    TestContext.<anonymous> (file:///Users/yuanxi/Workwork/vibe-fs/requirements/delegation/tests/003.test.mjs:452:25)
    Test.runInAsyncScope (node:async_hooks:214:14)
    Test.run (node:internal/test_runner/test:1047:25)
    Test.processPendingSubtests (node:internal/test_runner/test:744:18)
    Test.postRun (node:internal/test_runner/test:1173:19)
    Test.run (node:internal/test_runner/test:1101:12)
    async Test.processPendingSubtests (node:internal/test_runner/test:744:7)
  ...
1..3
# tests 3
# suites 0
# pass 0
# fail 3
# cancelled 0
# skipped 0
# todo 0
# duration_ms 826.197917
