TAP version 13
# Subtest: WHAT[managed-session-lifecycle-009] public scoped work snapshot is lossless JSON data
not ok 1 - WHAT[managed-session-lifecycle-009] public scoped work snapshot is lossless JSON data
  ---
  duration_ms: 204.651584
  type: 'test'
  location: '/Users/yuanxi/Workwork/vibe-fs/requirements/managed-session-lifecycle/tests/009.test.mjs:145:1'
  failureType: 'testCodeFailure'
  error: 'revision retains the exact canonical decimal value'
  code: 'ERR_ASSERTION'
  name: 'AssertionError'
  expected:
  actual: 7n
  operator: 'match'
  stack: |-
    file:///Users/yuanxi/Workwork/vibe-fs/requirements/managed-session-lifecycle/tests/009.test.mjs:150:12
    file:///Users/yuanxi/Workwork/vibe-fs/requirements/managed-session-lifecycle/tests/support/admitted-child-work.mjs:30:12
    async withJournal (file:///Users/yuanxi/Workwork/vibe-fs/requirements/interaction-authority/tests/support/authority.mjs:45:16)
    async TestContext.<anonymous> (file:///Users/yuanxi/Workwork/vibe-fs/requirements/managed-session-lifecycle/tests/009.test.mjs:146:3)
    async Test.run (node:internal/test_runner/test:1054:7)
    async startSubtestAfterBootstrap (node:internal/test_runner/harness:296:3)
  ...
1..1
# tests 1
# suites 0
# pass 0
# fail 1
# cancelled 0
# skipped 0
# todo 0
# duration_ms 500.070458
