TAP version 13
# Subtest: WHAT[degeneration-guard-004] selector admits tracked source documents and excludes generated vendor fixture structured deleted and untracked paths
ok 1 - WHAT[degeneration-guard-004] selector admits tracked source documents and excludes generated vendor fixture structured deleted and untracked paths
  ---
  duration_ms: 153.786959
  type: 'test'
  ...
# Subtest: WHAT[degeneration-guard-004] selected bytes are tracked before UTF-8 and generated-marker filtering
ok 2 - WHAT[degeneration-guard-004] selected bytes are tracked before UTF-8 and generated-marker filtering
  ---
  duration_ms: 1.357708
  type: 'test'
  ...
# Subtest: WHAT[degeneration-guard-004] tracked input byte changes affect derived input digests without a numeric snapshot
ok 3 - WHAT[degeneration-guard-004] tracked input byte changes affect derived input digests without a numeric snapshot
  ---
  duration_ms: 3.8405
  type: 'test'
  ...
# Subtest: WHAT[degeneration-guard-004] parallel tokenization equals whole-stream tokenization across safe and unsafe newline candidates
ok 4 - WHAT[degeneration-guard-004] parallel tokenization equals whole-stream tokenization across safe and unsafe newline candidates
  ---
  duration_ms: 309.133709
  type: 'test'
  ...
# Subtest: WHAT[degeneration-guard-004] worker failure rejects only after all spawned workers have terminated
ok 5 - WHAT[degeneration-guard-004] worker failure rejects only after all spawned workers have terminated
  ---
  duration_ms: 43.112584
  type: 'test'
  ...
# Subtest: WHAT[degeneration-guard-004] current runtime envelope matches a fresh repository derivation and the self-consistent prior
ok 6 - WHAT[degeneration-guard-004] current runtime envelope matches a fresh repository derivation and the self-consistent prior
  ---
  duration_ms: 7209.409958
  type: 'test'
  ...
# Subtest: WHAT[degeneration-guard-004] actual build binds generator selector selected bytes and runtime traversal to one staged input (GAP-145)
ok 7 - WHAT[degeneration-guard-004] actual build binds generator selector selected bytes and runtime traversal to one staged input (GAP-145) # TODO
  ---
  duration_ms: 0.113583
  type: 'test'
  ...
1..7
# tests 7
# suites 0
# pass 6
# fail 0
# cancelled 0
# skipped 0
# todo 1
# duration_ms 8395.426833
