{
  "mode": "old",
  "concurrency": 8,
  "stageBudgetMs": 5000,
  "results": [
    {
      "index": 0,
      "status": "ready",
      "elapsed": 4433,
      "stages": [
        {
          "stage": "bootstrapped",
          "elapsed": 1064
        },
        {
          "stage": "listening",
          "elapsed": 1451
        },
        {
          "stage": "global-healthy",
          "elapsed": 1475
        },
        {
          "stage": "project-events",
          "elapsed": 4433
        },
        {
          "stage": "healthy",
          "elapsed": 4433
        }
      ]
    },
    {
      "index": 1,
      "status": "ready",
      "elapsed": 4633,
      "stages": [
        {
          "stage": "bootstrapped",
          "elapsed": 1144
        },
        {
          "stage": "listening",
          "elapsed": 1501
        },
        {
          "stage": "global-healthy",
          "elapsed": 1535
        },
        {
          "stage": "project-events",
          "elapsed": 4633
        },
        {
          "stage": "healthy",
          "elapsed": 4633
        }
      ]
    },
    {
      "index": 2,
      "status": "ready",
      "elapsed": 4545,
      "stages": [
        {
          "stage": "bootstrapped",
          "elapsed": 1111
        },
        {
          "stage": "listening",
          "elapsed": 1377
        },
        {
          "stage": "global-healthy",
          "elapsed": 1436
        },
        {
          "stage": "project-events",
          "elapsed": 4545
        },
        {
          "stage": "healthy",
          "elapsed": 4545
        }
      ]
    },
    {
      "index": 3,
      "status": "ready",
      "elapsed": 4486,
      "stages": [
        {
          "stage": "bootstrapped",
          "elapsed": 1186
        },
        {
          "stage": "listening",
          "elapsed": 1508
        },
        {
          "stage": "global-healthy",
          "elapsed": 1532
        },
        {
          "stage": "project-events",
          "elapsed": 4486
        },
        {
          "stage": "healthy",
          "elapsed": 4486
        }
      ]
    },
    {
      "index": 4,
      "status": "ready",
      "elapsed": 4507,
      "stages": [
        {
          "stage": "bootstrapped",
          "elapsed": 1181
        },
        {
          "stage": "listening",
          "elapsed": 1511
        },
        {
          "stage": "global-healthy",
          "elapsed": 1533
        },
        {
          "stage": "project-events",
          "elapsed": 4507
        },
        {
          "stage": "healthy",
          "elapsed": 4507
        }
      ]
    },
    {
      "index": 5,
      "status": "ready",
      "elapsed": 4434,
      "stages": [
        {
          "stage": "bootstrapped",
          "elapsed": 1179
        },
        {
          "stage": "listening",
          "elapsed": 1527
        },
        {
          "stage": "global-healthy",
          "elapsed": 1533
        },
        {
          "stage": "project-events",
          "elapsed": 4434
        },
        {
          "stage": "healthy",
          "elapsed": 4434
        }
      ]
    },
    {
      "index": 6,
      "status": "ready",
      "elapsed": 4444,
      "stages": [
        {
          "stage": "bootstrapped",
          "elapsed": 1106
        },
        {
          "stage": "listening",
          "elapsed": 1483
        },
        {
          "stage": "global-healthy",
          "elapsed": 1518
        },
        {
          "stage": "project-events",
          "elapsed": 4444
        },
        {
          "stage": "healthy",
          "elapsed": 4444
        }
      ]
    },
    {
      "index": 7,
      "status": "ready",
      "elapsed": 4587,
      "stages": [
        {
          "stage": "bootstrapped",
          "elapsed": 1148
        },
        {
          "stage": "listening",
          "elapsed": 1508
        },
        {
          "stage": "global-healthy",
          "elapsed": 1520
        },
        {
          "stage": "project-events",
          "elapsed": 4587
        },
        {
          "stage": "healthy",
          "elapsed": 4587
        }
      ]
    }
  ],
  "observations": [
    {
      "mode": "old",
      "url": "http://127.0.0.1:49891/global/health",
      "started": 2033,
      "elapsed": 57,
      "status": 200
    },
    {
      "mode": "old",
      "url": "http://127.0.0.1:49891/path",
      "started": 2091,
      "elapsed": 102,
      "error": "TimeoutError: The operation was aborted due to timeout"
    },
    {
      "mode": "old",
      "url": "http://127.0.0.1:49890/global/health",
      "started": 2101,
      "elapsed": 23,
      "status": 200
    },
    {
      "mode": "old",
      "url": "http://127.0.0.1:49890/path",
      "started": 2125,
      "elapsed": 104,
      "error": "TimeoutError: The operation was aborted due to timeout"
    },
    {
      "mode": "old",
      "url": "http://127.0.0.1:49892/global/health",
      "started": 2144,
      "elapsed": 35,
      "status": 200
    },
    {
      "mode": "old",
      "url": "http://127.0.0.1:49893/global/health",
      "started": 2155,
      "elapsed": 34,
      "status": 200
    },
    {
      "mode": "old",
      "url": "http://127.0.0.1:49897/global/health",
      "started": 2165,
      "elapsed": 23,
      "status": 200
    },
    {
      "mode": "old",
      "url": "http://127.0.0.1:49896/global/health",
      "started": 2169,
      "elapsed": 22,
      "status": 200
    },
    {
      "mode": "old",
      "url": "http://127.0.0.1:49894/global/health",
      "started": 2172,
      "elapsed": 12,
      "status": 200
    },
    {
      "mode": "old",
      "url": "http://127.0.0.1:49892/path",
      "started": 2179,
      "elapsed": 104,
      "error": "TimeoutError: The operation was aborted due to timeout"
    },
    {
      "mode": "old",
      "url": "http://127.0.0.1:49894/path",
      "started": 2185,
      "elapsed": 102,
      "error": "TimeoutError: The operation was aborted due to timeout"
    },
    {
      "mode": "old",
      "url": "http://127.0.0.1:49895/global/health",
      "started": 2187,
      "elapsed": 6,
      "status": 200
    },
    {
      "mode": "old",
      "url": "http://127.0.0.1:49897/path",
      "started": 2189,
      "elapsed": 103,
      "error": "TimeoutError: The operation was aborted due to timeout"
    },
    {
      "mode": "old",
      "url": "http://127.0.0.1:49893/path",
      "started": 2189,
      "elapsed": 103,
      "error": "TimeoutError: The operation was aborted due to timeout"
    },
    {
      "mode": "old",
      "url": "http://127.0.0.1:49896/path",
      "started": 2191,
      "elapsed": 102,
      "error": "TimeoutError: The operation was aborted due to timeout"
    },
    {
      "mode": "old",
      "url": "http://127.0.0.1:49895/path",
      "started": 2193,
      "elapsed": 102,
      "error": "TimeoutError: The operation was aborted due to timeout"
    },
    {
      "mode": "old",
      "url": "http://127.0.0.1:49891/path",
      "started": 2294,
      "elapsed": 103,
      "error": "TimeoutError: The operation was aborted due to timeout"
    },
    {
      "mode": "old",
      "url": "http://127.0.0.1:49890/path",
      "started": 2330,
      "elapsed": 101,
      "error": "TimeoutError: The operation was aborted due to timeout"
    },
    {
      "mode": "old",
      "url": "http://127.0.0.1:49892/path",
      "started": 2383,
      "elapsed": 101,
      "error": "TimeoutError: The operation was aborted due to timeout"
    },
    {
      "mode": "old",
      "url": "http://127.0.0.1:49894/path",
      "started": 2387,
      "elapsed": 101,
      "error": "TimeoutError: The operation was aborted due to timeout"
    },
    {
      "mode": "old",
      "url": "http://127.0.0.1:49897/path",
      "started": 2396,
      "elapsed": 102,
      "error": "TimeoutError: The operation was aborted due to timeout"
    },
    {
      "mode": "old",
      "url": "http://127.0.0.1:49893/path",
      "started": 2396,
      "elapsed": 103,
      "error": "TimeoutError: The operation was aborted due to timeout"
    },
    {
      "mode": "old",
      "url": "http://127.0.0.1:49896/path",
      "started": 2396,
      "elapsed": 103,
      "error": "TimeoutError: The operation was aborted due to timeout"
    },
    {
      "mode": "old",
      "url": "http://127.0.0.1:49895/path",
      "started": 2397,
      "elapsed": 103,
      "error": "TimeoutError: The operation was aborted due to timeout"
    },
    {
      "mode": "old",
      "url": "http://127.0.0.1:49891/path",
      "started": 2499,
      "elapsed": 102,
      "error": "TimeoutError: The operation was aborted due to timeout"
    },
    {
      "mode": "old",
      "url": "http://127.0.0.1:49890/path",
      "started": 2533,
      "elapsed": 103,
      "error": "TimeoutError: The operation was aborted due to timeout"
    },
    {
      "mode": "old",
      "url": "http://127.0.0.1:49892/path",
      "started": 2586,
      "elapsed": 101,
      "error": "TimeoutError: The operation was aborted due to timeout"
    },
    {
      "mode": "old",
      "url": "http://127.0.0.1:49894/path",
      "started": 2588,
      "elapsed": 100,
      "error": "TimeoutError: The operation was aborted due to timeout"
    },
    {
      "mode": "old",
      "url": "http://127.0.0.1:49897/path",
      "started": 2599,
      "elapsed": 102,
      "error": "TimeoutError: The operation was aborted due to timeout"
    },
    {
      "mode": "old",
      "url": "http://127.0.0.1:49893/path",
      "started": 2600,
      "elapsed": 102,
      "error": "TimeoutError: The operation was aborted due to timeout"
    },
    {
      "mode": "old",
      "url": "http://127.0.0.1:49896/path",
      "started": 2600,
      "elapsed": 102,
      "error": "TimeoutError: The operation was aborted due to timeout"
    },
    {
      "mode": "old",
      "url": "http://127.0.0.1:49895/path",
      "started": 2601,
      "elapsed": 102,
      "error": "TimeoutError: The operation was aborted due to timeout"
    },
    {
      "mode": "old",
      "url": "http://127.0.0.1:49891/path",
      "started": 2702,
      "elapsed": 102,
      "error": "TimeoutError: The operation was aborted due to timeout"
    },
    {
      "mode": "old",
      "url": "http://127.0.0.1:49890/path",
      "started": 2741,
      "elapsed": 101,
      "error": "TimeoutError: The operation was aborted due to timeout"
    },
    {
      "mode": "old",
      "url": "http://127.0.0.1:49892/path",
      "started": 2789,
      "elapsed": 102,
      "error": "TimeoutError: The operation was aborted due to timeout"
    },
    {
      "mode": "old",
      "url": "http://127.0.0.1:49894/path",
      "started": 2789,
      "elapsed": 102,
      "error": "TimeoutError: The operation was aborted due to timeout"
    },
    {
      "mode": "old",
      "url": "http://127.0.0.1:49897/path",
      "started": 2803,
      "elapsed": 102,
      "error": "TimeoutError: The operation was aborted due to timeout"
    },
    {
      "mode": "old",
      "url": "http://127.0.0.1:49893/path",
      "started": 2804,
      "elapsed": 101,
      "error": "TimeoutError: The operation was aborted due to timeout"
    },
    {
      "mode": "old",
      "url": "http://127.0.0.1:49896/path",
      "started": 2804,
      "elapsed": 101,
      "error": "TimeoutError: The operation was aborted due to timeout"
    },
    {
      "mode": "old",
      "url": "http://127.0.0.1:49895/path",
      "started": 2804,
      "elapsed": 102,
      "error": "TimeoutError: The operation was aborted due to timeout"
    },
    {
      "mode": "old",
      "url": "http://127.0.0.1:49891/path",
      "started": 2905,
      "elapsed": 102,
      "error": "TimeoutError: The operation was aborted due to timeout"
    },
    {
      "mode": "old",
      "url": "http://127.0.0.1:49890/path",
      "started": 2944,
      "elapsed": 102,
      "error": "TimeoutError: The operation was aborted due to timeout"
    },
    {
      "mode": "old",
      "url": "http://127.0.0.1:49892/path",
      "started": 2993,
      "elapsed": 102,
      "error": "TimeoutError: The operation was aborted due to timeout"
    },
    {
      "mode": "old",
      "url": "http://127.0.0.1:49894/path",
      "started": 2994,
      "elapsed": 102,
      "error": "TimeoutError: The operation was aborted due to timeout"
    },
    {
      "mode": "old",
      "url": "http://127.0.0.1:49897/path",
      "started": 3006,
      "elapsed": 103,
      "error": "TimeoutError: The operation was aborted due to timeout"
    },
    {
      "mode": "old",
      "url": "http://127.0.0.1:49893/path",
      "started": 3006,
      "elapsed": 104,
      "error": "TimeoutError: The operation was aborted due to timeout"
    },
    {
      "mode": "old",
      "url": "http://127.0.0.1:49896/path",
      "started": 3007,
      "elapsed": 103,
      "error": "TimeoutError: The operation was aborted due to timeout"
    },
    {
      "mode": "old",
      "url": "http://127.0.0.1:49895/path",
      "started": 3007,
      "elapsed": 104,
      "error": "TimeoutError: The operation was aborted due to timeout"
    },
    {
      "mode": "old",
      "url": "http://127.0.0.1:49891/path",
      "started": 3110,
      "elapsed": 102,
      "error": "TimeoutError: The operation was aborted due to timeout"
    },
    {
      "mode": "old",
      "url": "http://127.0.0.1:49890/path",
      "started": 3148,
      "elapsed": 103,
      "error": "TimeoutError: The operation was aborted due to timeout"
    },
    {
      "mode": "old",
      "url": "http://127.0.0.1:49892/path",
      "started": 3197,
      "elapsed": 104,
      "error": "TimeoutError: The operation was aborted due to timeout"
    },
    {
      "mode": "old",
      "url": "http://127.0.0.1:49894/path",
      "started": 3198,
      "elapsed": 104,
      "error": "TimeoutError: The operation was aborted due to timeout"
    },
    {
      "mode": "old",
      "url": "http://127.0.0.1:49897/path",
      "started": 3211,
      "elapsed": 105,
      "error": "TimeoutError: The operation was aborted due to timeout"
    },
    {
      "mode": "old",
      "url": "http://127.0.0.1:49893/path",
      "started": 3211,
      "elapsed": 105,
      "error": "TimeoutError: The operation was aborted due to timeout"
    },
    {
      "mode": "old",
      "url": "http://127.0.0.1:49896/path",
      "started": 3212,
      "elapsed": 104,
      "error": "TimeoutError: The operation was aborted due to timeout"
    },
    {
      "mode": "old",
      "url": "http://127.0.0.1:49895/path",
      "started": 3212,
      "elapsed": 105,
      "error": "TimeoutError: The operation was aborted due to timeout"
    },
    {
      "mode": "old",
      "url": "http://127.0.0.1:49891/path",
      "started": 3316,
      "elapsed": 103,
      "error": "TimeoutError: The operation was aborted due to timeout"
    },
    {
      "mode": "old",
      "url": "http://127.0.0.1:49890/path",
      "started": 3352,
      "elapsed": 102,
      "error": "TimeoutError: The operation was aborted due to timeout"
    },
    {
      "mode": "old",
      "url": "http://127.0.0.1:49892/path",
      "started": 3401,
      "elapsed": 101,
      "error": "TimeoutError: The operation was aborted due to timeout"
    },
    {
      "mode": "old",
      "url": "http://127.0.0.1:49894/path",
      "started": 3402,
      "elapsed": 100,
      "error": "TimeoutError: The operation was aborted due to timeout"
    },
    {
      "mode": "old",
      "url": "http://127.0.0.1:49897/path",
      "started": 3416,
      "elapsed": 104,
      "error": "TimeoutError: The operation was aborted due to timeout"
    },
    {
      "mode": "old",
      "url": "http://127.0.0.1:49893/path",
      "started": 3417,
      "elapsed": 103,
      "error": "TimeoutError: The operation was aborted due to timeout"
    },
    {
      "mode": "old",
      "url": "http://127.0.0.1:49896/path",
      "started": 3417,
      "elapsed": 104,
      "error": "TimeoutError: The operation was aborted due to timeout"
    },
    {
      "mode": "old",
      "url": "http://127.0.0.1:49895/path",
      "started": 3419,
      "elapsed": 102,
      "error": "TimeoutError: The operation was aborted due to timeout"
    },
    {
      "mode": "old",
      "url": "http://127.0.0.1:49891/path",
      "started": 3521,
      "elapsed": 102,
      "error": "TimeoutError: The operation was aborted due to timeout"
    },
    {
      "mode": "old",
      "url": "http://127.0.0.1:49890/path",
      "started": 3557,
      "elapsed": 102,
      "error": "TimeoutError: The operation was aborted due to timeout"
    },
    {
      "mode": "old",
      "url": "http://127.0.0.1:49892/path",
      "started": 3603,
      "elapsed": 102,
      "error": "TimeoutError: The operation was aborted due to timeout"
    },
    {
      "mode": "old",
      "url": "http://127.0.0.1:49894/path",
      "started": 3604,
      "elapsed": 101,
      "error": "TimeoutError: The operation was aborted due to timeout"
    },
    {
      "mode": "old",
      "url": "http://127.0.0.1:49897/path",
      "started": 3621,
      "elapsed": 103,
      "error": "TimeoutError: The operation was aborted due to timeout"
    },
    {
      "mode": "old",
      "url": "http://127.0.0.1:49893/path",
      "started": 3622,
      "elapsed": 102,
      "error": "TimeoutError: The operation was aborted due to timeout"
    },
    {
      "mode": "old",
      "url": "http://127.0.0.1:49896/path",
      "started": 3622,
      "elapsed": 102,
      "error": "TimeoutError: The operation was aborted due to timeout"
    },
    {
      "mode": "old",
      "url": "http://127.0.0.1:49895/path",
      "started": 3623,
      "elapsed": 102,
      "error": "TimeoutError: The operation was aborted due to timeout"
    },
    {
      "mode": "old",
      "url": "http://127.0.0.1:49891/path",
      "started": 3724,
      "elapsed": 106,
      "error": "TimeoutError: The operation was aborted due to timeout"
    },
    {
      "mode": "old",
      "url": "http://127.0.0.1:49890/path",
      "started": 3762,
      "elapsed": 101,
      "error": "TimeoutError: The operation was aborted due to timeout"
    },
    {
      "mode": "old",
      "url": "http://127.0.0.1:49892/path",
      "started": 3807,
      "elapsed": 102,
      "error": "TimeoutError: The operation was aborted due to timeout"
    },
    {
      "mode": "old",
      "url": "http://127.0.0.1:49894/path",
      "started": 3808,
      "elapsed": 101,
      "error": "TimeoutError: The operation was aborted due to timeout"
    },
    {
      "mode": "old",
      "url": "http://127.0.0.1:49897/path",
      "started": 3827,
      "elapsed": 103,
      "error": "TimeoutError: The operation was aborted due to timeout"
    },
    {
      "mode": "old",
      "url": "http://127.0.0.1:49893/path",
      "started": 3828,
      "elapsed": 102,
      "error": "TimeoutError: The operation was aborted due to timeout"
    },
    {
      "mode": "old",
      "url": "http://127.0.0.1:49896/path",
      "started": 3828,
      "elapsed": 102,
      "error": "TimeoutError: The operation was aborted due to timeout"
    },
    {
      "mode": "old",
      "url": "http://127.0.0.1:49895/path",
      "started": 3830,
      "elapsed": 101,
      "error": "TimeoutError: The operation was aborted due to timeout"
    },
    {
      "mode": "old",
      "url": "http://127.0.0.1:49891/path",
      "started": 3930,
      "elapsed": 103,
      "error": "TimeoutError: The operation was aborted due to timeout"
    },
    {
      "mode": "old",
      "url": "http://127.0.0.1:49890/path",
      "started": 3968,
      "elapsed": 102,
      "error": "TimeoutError: The operation was aborted due to timeout"
    },
    {
      "mode": "old",
      "url": "http://127.0.0.1:49892/path",
      "started": 4011,
      "elapsed": 106,
      "error": "TimeoutError: The operation was aborted due to timeout"
    },
    {
      "mode": "old",
      "url": "http://127.0.0.1:49894/path",
      "started": 4012,
      "elapsed": 106,
      "error": "TimeoutError: The operation was aborted due to timeout"
    },
    {
      "mode": "old",
      "url": "http://127.0.0.1:49897/path",
      "started": 4032,
      "elapsed": 104,
      "error": "TimeoutError: The operation was aborted due to timeout"
    },
    {
      "mode": "old",
      "url": "http://127.0.0.1:49893/path",
      "started": 4032,
      "elapsed": 104,
      "error": "TimeoutError: The operation was aborted due to timeout"
    },
    {
      "mode": "old",
      "url": "http://127.0.0.1:49896/path",
      "started": 4033,
      "elapsed": 104,
      "error": "TimeoutError: The operation was aborted due to timeout"
    },
    {
      "mode": "old",
      "url": "http://127.0.0.1:49895/path",
      "started": 4033,
      "elapsed": 106,
      "error": "TimeoutError: The operation was aborted due to timeout"
    },
    {
      "mode": "old",
      "url": "http://127.0.0.1:49891/path",
      "started": 4138,
      "elapsed": 102,
      "error": "TimeoutError: The operation was aborted due to timeout"
    },
    {
      "mode": "old",
      "url": "http://127.0.0.1:49890/path",
      "started": 4172,
      "elapsed": 104,
      "error": "TimeoutError: The operation was aborted due to timeout"
    },
    {
      "mode": "old",
      "url": "http://127.0.0.1:49892/path",
      "started": 4224,
      "elapsed": 101,
      "error": "TimeoutError: The operation was aborted due to timeout"
    },
    {
      "mode": "old",
      "url": "http://127.0.0.1:49894/path",
      "started": 4225,
      "elapsed": 101,
      "error": "TimeoutError: The operation was aborted due to timeout"
    },
    {
      "mode": "old",
      "url": "http://127.0.0.1:49897/path",
      "started": 4238,
      "elapsed": 102,
      "error": "TimeoutError: The operation was aborted due to timeout"
    },
    {
      "mode": "old",
      "url": "http://127.0.0.1:49893/path",
      "started": 4239,
      "elapsed": 101,
      "error": "TimeoutError: The operation was aborted due to timeout"
    },
    {
      "mode": "old",
      "url": "http://127.0.0.1:49896/path",
      "started": 4239,
      "elapsed": 102,
      "error": "TimeoutError: The operation was aborted due to timeout"
    },
    {
      "mode": "old",
      "url": "http://127.0.0.1:49895/path",
      "started": 4240,
      "elapsed": 102,
      "error": "TimeoutError: The operation was aborted due to timeout"
    },
    {
      "mode": "old",
      "url": "http://127.0.0.1:49891/path",
      "started": 4341,
      "elapsed": 104,
      "error": "TimeoutError: The operation was aborted due to timeout"
    },
    {
      "mode": "old",
      "url": "http://127.0.0.1:49890/path",
      "started": 4379,
      "elapsed": 105,
      "error": "TimeoutError: The operation was aborted due to timeout"
    },
    {
      "mode": "old",
      "url": "http://127.0.0.1:49892/path",
      "started": 4428,
      "elapsed": 102,
      "error": "TimeoutError: The operation was aborted due to timeout"
    },
    {
      "mode": "old",
      "url": "http://127.0.0.1:49894/path",
      "started": 4429,
      "elapsed": 101,
      "error": "TimeoutError: The operation was aborted due to timeout"
    },
    {
      "mode": "old",
      "url": "http://127.0.0.1:49897/path",
      "started": 4443,
      "elapsed": 104,
      "error": "TimeoutError: The operation was aborted due to timeout"
    },
    {
      "mode": "old",
      "url": "http://127.0.0.1:49893/path",
      "started": 4444,
      "elapsed": 104,
      "error": "TimeoutError: The operation was aborted due to timeout"
    },
    {
      "mode": "old",
      "url": "http://127.0.0.1:49896/path",
      "started": 4444,
      "elapsed": 104,
      "error": "TimeoutError: The operation was aborted due to timeout"
    },
    {
      "mode": "old",
      "url": "http://127.0.0.1:49895/path",
      "started": 4445,
      "elapsed": 104,
      "error": "TimeoutError: The operation was aborted due to timeout"
    },
    {
      "mode": "old",
      "url": "http://127.0.0.1:49891/path",
      "started": 4548,
      "elapsed": 103,
      "error": "TimeoutError: The operation was aborted due to timeout"
    },
    {
      "mode": "old",
      "url": "http://127.0.0.1:49890/path",
      "started": 4585,
      "elapsed": 102,
      "error": "TimeoutError: The operation was aborted due to timeout"
    },
    {
      "mode": "old",
      "url": "http://127.0.0.1:49892/path",
      "started": 4633,
      "elapsed": 103,
      "error": "TimeoutError: The operation was aborted due to timeout"
    },
    {
      "mode": "old",
      "url": "http://127.0.0.1:49894/path",
      "started": 4633,
      "elapsed": 107,
      "error": "TimeoutError: The operation was aborted due to timeout"
    },
    {
      "mode": "old",
      "url": "http://127.0.0.1:49897/path",
      "started": 4649,
      "elapsed": 104,
      "error": "TimeoutError: The operation was aborted due to timeout"
    },
    {
      "mode": "old",
      "url": "http://127.0.0.1:49893/path",
      "started": 4650,
      "elapsed": 103,
      "error": "TimeoutError: The operation was aborted due to timeout"
    },
    {
      "mode": "old",
      "url": "http://127.0.0.1:49896/path",
      "started": 4650,
      "elapsed": 104,
      "error": "TimeoutError: The operation was aborted due to timeout"
    },
    {
      "mode": "old",
      "url": "http://127.0.0.1:49895/path",
      "started": 4651,
      "elapsed": 104,
      "error": "TimeoutError: The operation was aborted due to timeout"
    },
    {
      "mode": "old",
      "url": "http://127.0.0.1:49891/path",
      "started": 4754,
      "elapsed": 133,
      "error": "TimeoutError: The operation was aborted due to timeout"
    },
    {
      "mode": "old",
      "url": "http://127.0.0.1:49890/path",
      "started": 4788,
      "elapsed": 101,
      "error": "TimeoutError: The operation was aborted due to timeout"
    },
    {
      "mode": "old",
      "url": "http://127.0.0.1:49892/path",
      "started": 4838,
      "elapsed": 102,
      "error": "TimeoutError: The operation was aborted due to timeout"
    },
    {
      "mode": "old",
      "url": "http://127.0.0.1:49894/path",
      "started": 4840,
      "elapsed": 102,
      "error": "TimeoutError: The operation was aborted due to timeout"
    },
    {
      "mode": "old",
      "url": "http://127.0.0.1:49897/path",
      "started": 4875,
      "elapsed": 103,
      "error": "TimeoutError: The operation was aborted due to timeout"
    },
    {
      "mode": "old",
      "url": "http://127.0.0.1:49893/path",
      "started": 4886,
      "elapsed": 99,
      "error": "TimeoutError: The operation was aborted due to timeout"
    },
    {
      "mode": "old",
      "url": "http://127.0.0.1:49896/path",
      "started": 4886,
      "elapsed": 100,
      "error": "TimeoutError: The operation was aborted due to timeout"
    },
    {
      "mode": "old",
      "url": "http://127.0.0.1:49895/path",
      "started": 4887,
      "elapsed": 103,
      "error": "TimeoutError: The operation was aborted due to timeout"
    },
    {
      "mode": "old",
      "url": "http://127.0.0.1:49891/path",
      "started": 4987,
      "elapsed": 101,
      "error": "TimeoutError: The operation was aborted due to timeout"
    },
    {
      "mode": "old",
      "url": "http://127.0.0.1:49890/path",
      "started": 4991,
      "elapsed": 92,
      "status": 200
    },
    {
      "mode": "old",
      "url": "http://127.0.0.1:49892/path",
      "started": 5041,
      "elapsed": 64,
      "status": 200
    },
    {
      "mode": "old",
      "url": "http://127.0.0.1:49894/path",
      "started": 5045,
      "elapsed": 101,
      "error": "TimeoutError: The operation was aborted due to timeout"
    },
    {
      "mode": "old",
      "url": "http://127.0.0.1:49897/path",
      "started": 5080,
      "elapsed": 62,
      "status": 200
    },
    {
      "mode": "old",
      "url": "http://127.0.0.1:49893/path",
      "started": 5085,
      "elapsed": 101,
      "error": "TimeoutError: The operation was aborted due to timeout"
    },
    {
      "mode": "old",
      "url": "http://127.0.0.1:49896/path",
      "started": 5086,
      "elapsed": 79,
      "status": 200
    },
    {
      "mode": "old",
      "url": "http://127.0.0.1:49895/path",
      "started": 5090,
      "elapsed": 4,
      "status": 200
    },
    {
      "mode": "old",
      "url": "http://127.0.0.1:49891/path",
      "started": 5189,
      "elapsed": 11,
      "status": 200
    },
    {
      "mode": "old",
      "url": "http://127.0.0.1:49894/path",
      "started": 5248,
      "elapsed": 3,
      "status": 200
    },
    {
      "mode": "old",
      "url": "http://127.0.0.1:49893/path",
      "started": 5286,
      "elapsed": 1,
      "status": 200
    }
  ]
}
{"cleanup":[{"status":"fulfilled"},{"status":"fulfilled"},{"status":"fulfilled"},{"status":"fulfilled"},{"status":"fulfilled"},{"status":"fulfilled"},{"status":"fulfilled"},{"status":"fulfilled"}]}
