integration: dry run
  discovered suites: 36 files
    requirements/action-affordance/tests/001.test.mjs
    requirements/action-affordance/tests/009.test.mjs
    requirements/action-affordance/tests/014.test.mjs
    requirements/action-affordance/tests/015.test.mjs
    requirements/behavior-diagnosis/tests/002.test.mjs
    requirements/behavior-diagnosis/tests/005.test.mjs
    requirements/capability-enforcement/tests/006.test.mjs
    requirements/capability-enforcement/tests/010.test.mjs
    requirements/capability-enforcement/tests/011.test.mjs
    requirements/change-integration/tests/002.test.mjs
    requirements/change-integration/tests/005.test.mjs
    requirements/change-integration/tests/008.test.mjs
    requirements/context-compression/tests/027.test.mjs
    requirements/crash-reconciliation/tests/020.test.mjs
    requirements/degeneration-guard/tests/004.test.mjs
    requirements/durable-convergence/tests/008.test.mjs
    requirements/durable-convergence/tests/009.test.mjs
    requirements/durable-convergence/tests/010.test.mjs
    requirements/durable-events/tests/003.test.mjs
    requirements/durable-events/tests/009.test.mjs
    requirements/durable-events/tests/022.test.mjs
    requirements/durable-events/tests/023.test.mjs
    requirements/effect-accounting/tests/008.test.mjs
    requirements/guidance-delivery/tests/008.test.mjs
    requirements/host-boundary/tests/026.test.mjs
    requirements/host-boundary/tests/032.test.mjs
    requirements/host-boundary/tests/033.test.mjs
    requirements/managed-chat-execution/tests/009.test.mjs
    requirements/obligation-ledger/tests/001.test.mjs
    requirements/obligation-ledger/tests/002.test.mjs
    requirements/obligation-ledger/tests/005.test.mjs
    requirements/participant-horizon/tests/010.test.mjs
    requirements/repository-programming/tests/020.test.mjs
    requirements/speculative-investigation/tests/008.test.mjs
    requirements/speculative-investigation/tests/013.test.mjs
    requirements/structured-workflow/tests/012.test.mjs
  child: package/run.mjs (distribution)
  child: harness/run.mjs (verification-system)
