HOOK CHAT MESSAGE FAILED: ChatAdmissionHookException {
  message: 'Managed chat admission failed: TransactionFailed (LeaseCommitFailed (Conflict, Settled Conflict))',
  innerException: undefined,
  failure: ChatAdmissionHookFailure {
    tag: 1,
    fields: [ [ChatAdmissionTransactionError] ]
  },
  executionKey: ChatExecutionKey {
    SessionId: SessionId { tag: 0, fields: [Array] },
    PhysicalUserMessageId: PhysicalUserMessageId { tag: 0, fields: [Array] }
  }
}
✔ WHAT[relay-retirement-008] actual Accepted suicide returns without abort and the next transform stops the retired attempt (936.709542ms)
✖ WHAT[relay-retirement-008] actual Continue starts one same-session successor whose transform retains the old physical history without another abort (549.063167ms)
✔ WHAT[relay-retirement-008] a controlled in-flight Host interrupt prevents successor dispatch until exact provider-step release and physical interruption complete (0.054583ms) # TODO
✖ WHAT[relay-retirement-008] physical prompt after Accepted suicide invalidates certificate and unblocks successor manager tools (381.314042ms)
ℹ tests 4
ℹ suites 0
ℹ pass 1
ℹ fail 2
ℹ cancelled 0
ℹ skipped 0
ℹ todo 1
ℹ duration_ms 2030.806584

✖ failing tests:

test at requirements/relay-retirement/tests/008.test.mjs:24:1
✖ WHAT[relay-retirement-008] actual Continue starts one same-session successor whose transform retains the old physical history without another abort (549.063167ms)
  { message: 'MANAGED-CHAT-005: provider start boundary rejected (host-run-unavailable): HostRunUnavailable ({ SessionId = SessionId "review-manager"\n  PhysicalUserMessageId = PhysicalUserMessageId "msg-review-manager-3" }, NoBindableRun)', innerException: undefined, failure: { tag: 1, fields: [ [Object], [Object] ] } }

test at requirements/relay-retirement/tests/008.test.mjs:39:1
✖ WHAT[relay-retirement-008] physical prompt after Accepted suicide invalidates certificate and unblocks successor manager tools (381.314042ms)
  { message: 'MANAGED-CHAT-005: provider start boundary rejected (host-run-unavailable): HostRunUnavailable ({ SessionId = SessionId "ses-accepted-human-successor"\n  PhysicalUserMessageId = PhysicalUserMessageId "root-ses-accepted-human-successor" }, NoBindableRun)', innerException: undefined, failure: { tag: 1, fields: [ [Object], [Object] ] } }
