TAP version 13
# runner: 1 test file(s), 10000ms verdict-silence window
# runner: post-exit group verification/reclamation: pid=88182; elapsedMs=18.245; accepted=true
# runner: 1 passed, 0 failed; 1/1 planned file(s) completed
# runner: partial evidence; 0 skipped, 1 TODO; excluded cases are not passes
# runner: pending proof prevents complete acceptance
# runner: 1 test file(s), 10000ms verdict-silence window
# runner: post-exit group verification/reclamation: pid=88193; elapsedMs=17.335; accepted=true
# runner: 1 passed, 0 failed; 1/1 planned file(s) completed
# runner: partial evidence; 0 skipped, 1 TODO; excluded cases are not passes
# runner: pending proof accepted under WXS_ACCEPT_TODO override (1 TODO)
# Subtest: WHAT[verification-system-021] a known TODO cannot authorize complete acceptance
not ok 1 - WHAT[verification-system-021] a known TODO cannot authorize complete acceptance
  ---
  duration_ms: 96.69775
  type: 'test'
  location: '/Users/yuanxi/Workwork/vibe-fs/requirements/verification-system/tests/021.test.mjs:296:1'
  failureType: 'testCodeFailure'
  error: 'Missing expected rejection.'
  code: 'ERR_ASSERTION'
  name: 'AssertionError'
  expected:
  operator: 'rejects'
  stack: |-
    process.processTicksAndRejections (node:internal/process/task_queues:103:5)
    async TestContext.<anonymous> (file:///Users/yuanxi/Workwork/vibe-fs/requirements/verification-system/tests/021.test.mjs:308:7)
    async Test.run (node:internal/test_runner/test:1054:7)
    async startSubtestAfterBootstrap (node:internal/test_runner/harness:296:3)
  ...
1..1
# tests 1
# suites 0
# pass 0
# fail 1
# cancelled 0
# skipped 0
# todo 0
# duration_ms 154.577333
