TAP version 13
# Subtest: WHAT[crash-reconciliation-020] current role vocabulary includes DevOps and Engineer but excludes legacy Coder
ok 1 - WHAT[crash-reconciliation-020] current role vocabulary includes DevOps and Engineer but excludes legacy Coder
  ---
  duration_ms: 401.006333
  type: 'test'
  ...
# Subtest: WHAT[crash-reconciliation-020] in-process physical terminals preserve an active child logical run and handle
ok 2 - WHAT[crash-reconciliation-020] in-process physical terminals preserve an active child logical run and handle
  ---
  duration_ms: 191.735292
  type: 'test'
  ...
# Subtest: WHAT[crash-reconciliation-020] production load decision voids active child runs without creating a completion
not ok 3 - WHAT[crash-reconciliation-020] production load decision voids active child runs without creating a completion
  ---
  duration_ms: 28.358916
  type: 'test'
  location: '/Users/yuanxi/Workwork/vibe-fs/requirements/crash-reconciliation/tests/020.test.mjs:38:1'
  failureType: 'testCodeFailure'
  error: |-
    Expected values to be strictly equal:
    + actual - expected
    
    + 'ChildRunVoided'
    - 'ChildWorkVoided'
            ^
    
  code: 'ERR_ASSERTION'
  name: 'AssertionError'
  expected: 'ChildWorkVoided'
  actual: 'ChildRunVoided'
  operator: 'strictEqual'
  stack: |-
    TestContext.<anonymous> (file:///Users/yuanxi/Workwork/vibe-fs/requirements/crash-reconciliation/tests/020.test.mjs:46:12)
    Test.runInAsyncScope (node:async_hooks:214:14)
    Test.run (node:internal/test_runner/test:1047:25)
    Test.processPendingSubtests (node:internal/test_runner/test:744:18)
    Test.postRun (node:internal/test_runner/test:1173:19)
    Test.run (node:internal/test_runner/test:1101:12)
    async Test.processPendingSubtests (node:internal/test_runner/test:744:7)
  ...
# Subtest: WHAT[crash-reconciliation-020] human roots and child runs without a durable handle are not selected for load settlement
ok 4 - WHAT[crash-reconciliation-020] human roots and child runs without a durable handle are not selected for load settlement
  ---
  duration_ms: 36.605041
  type: 'test'
  ...
# Subtest: WHAT[crash-reconciliation-020] stale Blogger selection respects exact live flight and abandonment clears the same folded open request
ok 5 - WHAT[crash-reconciliation-020] stale Blogger selection respects exact live flight and abandonment clears the same folded open request
  ---
  duration_ms: 14.958375
  type: 'test'
  ...
# Subtest: WHAT[crash-reconciliation-020] actual child settlement persists voids across journal reopen without a completion
not ok 6 - WHAT[crash-reconciliation-020] actual child settlement persists voids across journal reopen without a completion
  ---
  duration_ms: 1744.376417
  type: 'test'
  location: '/Users/yuanxi/Workwork/vibe-fs/requirements/verification-system/tests/support/tier-gate.mjs:26:12'
  failureType: 'testCodeFailure'
  error: |-
    Expected values to be strictly equal:
    + actual - expected
    
    + {
    +   authorityKind: 'AgentOwnerRoot',
    +   authorityRoot: 'physical-engineer',
    +   identitySeed: {
    +     kind: 'InheritedFromOwner',
    +     ownerAuthorityRoot: 'root-parent',
    +     ownerLogicalRun: 'cb73b8580ab94e2d69c7cf91502b10559fb3a45772ba513050e317f799c25efc',
    +     ownerSession: 'parent',
    +     participantIdentity: {
    +       origin: 'InheritedFromOwner',
    +       participant: 'engineer',
    +       persona: 'Lead',
    +       personaCatalogVersion: 1,
    +       role: 'engineer'
    +     }
    +   },
    +   logicalRun: 'a31589124511e983e0640e4b980da6907b0ebc66f8e8c4d6d0770dfa4e0d71be',
    +   participantIdentity: {
    +     origin: 'InheritedFromOwner',
    +     participant: 'engineer',
    +     persona: 'Lead',
    +     personaCatalogVersion: 1,
    +     role: 'engineer'
    +   },
    +   session: 'engineer'
    + }
    - null
    
  code: 'ERR_ASSERTION'
  name: 'AssertionError'
  expected: ~
  actual:
    authorityKind: 'AgentOwnerRoot'
    authorityRoot: 'physical-engineer'
    identitySeed:
      kind: 'InheritedFromOwner'
      ownerAuthorityRoot: 'root-parent'
      ownerLogicalRun: 'cb73b8580ab94e2d69c7cf91502b10559fb3a45772ba513050e317f799c25efc'
      ownerSession: 'parent'
      participantIdentity:
        origin: 'InheritedFromOwner'
        participant: 'engineer'
        persona: 'Lead'
        personaCatalogVersion: 1
        role: 'engineer'
    logicalRun: 'a31589124511e983e0640e4b980da6907b0ebc66f8e8c4d6d0770dfa4e0d71be'
    participantIdentity:
      origin: 'InheritedFromOwner'
      participant: 'engineer'
      persona: 'Lead'
      personaCatalogVersion: 1
      role: 'engineer'
    session: 'engineer'
  operator: 'strictEqual'
  stack: |-
    file:///Users/yuanxi/Workwork/vibe-fs/requirements/crash-reconciliation/tests/020.test.mjs:165:14
    async withDurableChildRuns (file:///Users/yuanxi/Workwork/vibe-fs/requirements/crash-reconciliation/tests/020.test.mjs:134:5)
    async TestContext.<anonymous> (file:///Users/yuanxi/Workwork/vibe-fs/requirements/crash-reconciliation/tests/020.test.mjs:158:3)
    async Test.run (node:internal/test_runner/test:1054:7)
    async Test.processPendingSubtests (node:internal/test_runner/test:744:7)
  ...
# Subtest: WHAT[crash-reconciliation-020] actual child settlement propagates unknown and unattempted append failures
not ok 7 - WHAT[crash-reconciliation-020] actual child settlement propagates unknown and unattempted append failures
  ---
  duration_ms: 904.609208
  type: 'test'
  location: '/Users/yuanxi/Workwork/vibe-fs/requirements/verification-system/tests/support/tier-gate.mjs:26:12'
  failureType: 'testCodeFailure'
  error: |-
    Expected values to be strictly equal:
    + actual - expected
    
    + {
    +   authorityKind: 'AgentOwnerRoot',
    +   authorityRoot: 'physical-engineer',
    +   identitySeed: {
    +     kind: 'InheritedFromOwner',
    +     ownerAuthorityRoot: 'root-parent',
    +     ownerLogicalRun: 'cb73b8580ab94e2d69c7cf91502b10559fb3a45772ba513050e317f799c25efc',
    +     ownerSession: 'parent',
    +     participantIdentity: {
    +       origin: 'InheritedFromOwner',
    +       participant: 'engineer',
    +       persona: 'Lead',
    +       personaCatalogVersion: 1,
    +       role: 'engineer'
    +     }
    +   },
    +   logicalRun: 'a31589124511e983e0640e4b980da6907b0ebc66f8e8c4d6d0770dfa4e0d71be',
    +   participantIdentity: {
    +     origin: 'InheritedFromOwner',
    +     participant: 'engineer',
    +     persona: 'Lead',
    +     personaCatalogVersion: 1,
    +     role: 'engineer'
    +   },
    +   session: 'engineer'
    + }
    - null
    
  code: 'ERR_ASSERTION'
  name: 'AssertionError'
  expected: ~
  actual:
    authorityKind: 'AgentOwnerRoot'
    authorityRoot: 'physical-engineer'
    identitySeed:
      kind: 'InheritedFromOwner'
      ownerAuthorityRoot: 'root-parent'
      ownerLogicalRun: 'cb73b8580ab94e2d69c7cf91502b10559fb3a45772ba513050e317f799c25efc'
      ownerSession: 'parent'
      participantIdentity:
        origin: 'InheritedFromOwner'
        participant: 'engineer'
        persona: 'Lead'
        personaCatalogVersion: 1
        role: 'engineer'
    logicalRun: 'a31589124511e983e0640e4b980da6907b0ebc66f8e8c4d6d0770dfa4e0d71be'
    participantIdentity:
      origin: 'InheritedFromOwner'
      participant: 'engineer'
      persona: 'Lead'
      personaCatalogVersion: 1
      role: 'engineer'
    session: 'engineer'
  operator: 'strictEqual'
  stack: |-
    file:///Users/yuanxi/Workwork/vibe-fs/requirements/crash-reconciliation/tests/020.test.mjs:224:14
    async withDurableChildRuns (file:///Users/yuanxi/Workwork/vibe-fs/requirements/crash-reconciliation/tests/020.test.mjs:134:5)
    async TestContext.<anonymous> (file:///Users/yuanxi/Workwork/vibe-fs/requirements/crash-reconciliation/tests/020.test.mjs:194:3)
    async Test.run (node:internal/test_runner/test:1054:7)
    async Test.processPendingSubtests (node:internal/test_runner/test:744:7)
  ...
# Subtest: WHAT[crash-reconciliation-020] actual plugin activation durably settles orphan child and Blogger work before ordinary execution, preserves exact live flights, and refuses append failure (GAP-149)
ok 8 - WHAT[crash-reconciliation-020] actual plugin activation durably settles orphan child and Blogger work before ordinary execution, preserves exact live flights, and refuses append failure (GAP-149) # TODO
  ---
  duration_ms: 0.355666
  type: 'test'
  ...
# Subtest: WHAT[crash-reconciliation-020] a real interrupted run and PTY input are not replayed after restart while unique DevOps authority and durable model Persona binding are retained (GAP-149; GAP-129; GAP-132)
ok 9 - WHAT[crash-reconciliation-020] a real interrupted run and PTY input are not replayed after restart while unique DevOps authority and durable model Persona binding are retained (GAP-149; GAP-129; GAP-132) # TODO
  ---
  duration_ms: 1.449708
  type: 'test'
  ...
1..9
# tests 9
# suites 0
# pass 4
# fail 3
# cancelled 0
# skipped 0
# todo 2
# duration_ms 4852.006542
