integration:suites: 35 test file(s), 185000ms verdict-silence window
HOOK CHAT MESSAGE FAILED: ChatAdmissionHookException {
  message: 'Managed chat admission failed: TransactionFailed (LeaseCommitFailed (Conflict, Settled Conflict))',
  innerException: undefined,
  failure: ChatAdmissionHookFailure {
    tag: 1,
    fields: [ [ChatAdmissionTransactionError] ]
  },
  executionKey: ChatExecutionKey {
    SessionId: SessionId { tag: 0, fields: [Array] },
    PhysicalUserMessageId: PhysicalUserMessageId { tag: 0, fields: [Array] }
  }
}
HOOK CHAT MESSAGE FAILED: ChatAdmissionHookException {
  message: 'Managed chat admission failed: TransactionFailed (LeaseCommitFailed (Conflict, Settled Conflict))',
  innerException: undefined,
  failure: ChatAdmissionHookFailure {
    tag: 1,
    fields: [ [ChatAdmissionTransactionError] ]
  },
  executionKey: ChatExecutionKey {
    SessionId: SessionId { tag: 0, fields: [Array] },
    PhysicalUserMessageId: PhysicalUserMessageId { tag: 0, fields: [Array] }
  }
}
{"operation":"managed-agent-config-invalid","result":"Legacy agent name 'build' is present in opencode.json."}
{"operation":"plugin-hook-chat-message-failed","result":"Managed chat admission failed: TransactionFailed (LeaseHandoffFailed (external input supersession failed to drain the old Host attempt: Host rejected session abort: { message = \"controlled SDK abort rejection\" }, TerminalCommitted (Settled Applied)))"}
[36m[build][0m Compiling F# (full)...

✖ failing tests:

test entry /Users/yuanxi/Workwork/vibe-fs/requirements/capability-enforcement/tests/006.test.mjs
test at /Users/yuanxi/Workwork/vibe-fs/requirements/verification-system/tests/support/tier-gate.mjs:26:12
✖ WHAT[capability-enforcement-006] HOST_013_skill_stays_host_owned_and_legacy_marker_is_not_plugin_registered (1056.888ms)
  {
    message: 'MANAGED-CHAT-005: provider start boundary rejected (host-run-unavailable): HostRunUnavailable ({ SessionId = SessionId "engineer-auto-injected"\n' +
      '  PhysicalUserMessageId = PhysicalUserMessageId "root-engineer-auto-injected" }, NoBindableRun)',
    innerException: undefined,
    failure: { tag: 1, fields: [ [Object], [Object] ] }
  }

test entry /Users/yuanxi/Workwork/vibe-fs/requirements/capability-enforcement/tests/006.test.mjs
test at /Users/yuanxi/Workwork/vibe-fs/requirements/verification-system/tests/support/tier-gate.mjs:26:12
✖ WHAT[capability-enforcement-006] MANAGER_pair_guidance_rides_cursor_suffix_without_synthetic_skill_row (1024.539ms)
  {
    message: 'MANAGED-CHAT-005: provider start boundary rejected (host-run-unavailable): HostRunUnavailable ({ SessionId = SessionId "ses-capability-manager"\n' +
      '  PhysicalUserMessageId = PhysicalUserMessageId "root-ses-capability-manager" }, NoBindableRun)',
    innerException: undefined,
    failure: { tag: 1, fields: [ [Object], [Object] ] }
  }


[test-summary] 35 file(s), 374 passed, 2 failed, 15 todo (58.18s wall, 298.64s test time)
  todo: /Users/yuanxi/Workwork/vibe-fs/requirements/behavior-diagnosis/tests/002.test.mjs:WHAT[behavior-diagnosis-002] GAP-112 actual plugin startup converts resource failure to process fail-fast; institutional preflight revision race commits nothing — reason not supplied
  todo: /Users/yuanxi/Workwork/vibe-fs/requirements/behavior-diagnosis/tests/005.test.mjs:WHAT[behavior-diagnosis-005] GAP-112 institutional BIRTH rejects either missing locale before durable append — reason not supplied
  todo: /Users/yuanxi/Workwork/vibe-fs/requirements/action-affordance/tests/009.test.mjs:WHAT[action-affordance-009] all calling choices explain their actual responsibilities without implying new permissions; one retired-choice regression is not semantic completeness (GAP-078) — reason not supplied
  todo: /Users/yuanxi/Workwork/vibe-fs/requirements/action-affordance/tests/001.test.mjs:WHAT[action-affordance-001] every nontrivial action description answers all five semantic questions; nonempty descriptions are only a prerequisite (GAP-078) — reason not supplied
  todo: /Users/yuanxi/Workwork/vibe-fs/requirements/context-compression/tests/027.test.mjs:WHAT[context-compression-027] actual commit refuses a restored old-epoch request against a newer live projection; preserving the number alone does not prove authority; GAP-104 — reason not supplied
  todo: /Users/yuanxi/Workwork/vibe-fs/requirements/crash-reconciliation/tests/020.test.mjs:WHAT[crash-reconciliation-020] actual plugin activation durably settles orphan child and Blogger work before ordinary execution, preserves exact live flights, and refuses append failure (GAP-149) — reason not supplied
  todo: /Users/yuanxi/Workwork/vibe-fs/requirements/crash-reconciliation/tests/020.test.mjs:WHAT[crash-reconciliation-020] a real interrupted run and PTY input are not replayed after restart while unique DevOps authority and durable model Persona binding are retained (GAP-149; GAP-129; GAP-132) — reason not supplied
  todo: /Users/yuanxi/Workwork/vibe-fs/requirements/durable-events/tests/022.test.mjs:WHAT[durable-events-022] each actual bounded locality compiles as one flat project and a reversed dependency is rejected — reason not supplied
  todo: /Users/yuanxi/Workwork/vibe-fs/requirements/durable-convergence/tests/008.test.mjs:WHAT[durable-convergence-008] real plugin load leaves Git configuration unchanged and first durability activation installs hooks without starting synchronization (GAP-151) — reason not supplied
  todo: /Users/yuanxi/Workwork/vibe-fs/requirements/durable-convergence/tests/008.test.mjs:WHAT[durable-convergence-008] controlled CAS competition and replacement crash cuts preserve all facts while clean no-op leaves unseen remote progress untouched (GAP-151) — reason not supplied
  todo: /Users/yuanxi/Workwork/vibe-fs/requirements/guidance-delivery/tests/008.test.mjs:WHAT[guidance-delivery-008] complete Main Host projection never promotes Blogger history into interaction authority (GAP-116: full Host projection path pending — the resolver isolation test above covers the guidance text only) — reason not supplied
  todo: /Users/yuanxi/Workwork/vibe-fs/requirements/durable-convergence/tests/010.test.mjs:WHAT[durable-convergence-010] actual changed-file sync reads and validates only changed writer and payload bytes including retention expiry (GAP-151) — reason not supplied
  todo: /Users/yuanxi/Workwork/vibe-fs/requirements/obligation-ledger/tests/002.test.mjs:WHAT[obligation-ledger-002] installed OpenCode native executor replaces and clears only the current session TodoTable — reason not supplied
  todo: /Users/yuanxi/Workwork/vibe-fs/requirements/degeneration-guard/tests/004.test.mjs:WHAT[degeneration-guard-004] actual build binds generator selector selected bytes and runtime traversal to one staged input (GAP-145) — reason not supplied
  todo: /Users/yuanxi/Workwork/vibe-fs/requirements/host-boundary/tests/032.test.mjs:WHAT[host-boundary-032] installed Host executor exception restores original arguments without a manually invoked after callback — reason not supplied
integration:suites: post-exit group verification/reclamation: pid=7174; elapsedMs=18.966; accepted=true
integration:suites: 391 test(s), 298.6s of test time; max 35113ms, p90 1057ms, median 42ms
integration:suites:   35113ms  WHAT[durable-events-022] real Fable compiles the journal observation owner using its declared closure
integration:suites:   22169ms  WHAT[host-boundary-033] installed Host drains a superseded Guard and answers the exact fresh human input
integration:suites:   14633ms  WHAT[host-boundary-033] installed Host drains a held Guard before waiting for its only capacity slot
integration:suites:   13727ms  WHAT[speculative-investigation-013] resident_manager_predictor_keeps_each_budget_and_readonly_boundary
integration:suites:   12318ms  WHAT[host-boundary-026] real Fable compiles Host diagnostics with only its declared dependencies

integration:suites: 374 passed, 2 failed; 35/35 planned file(s) completed
✗ suites (58.2s): integration:suites: supervised suite failed (exit 1)
✗ package/run.mjs (distribution) (exit 1, 0.2s)
--- stdout tail ---

=== package integration (1 suites) ===

--- stderr tail ---
package: 1 test file(s), 60000ms verdict-silence window

[test-summary] 1 file(s), 3 passed, 0 failed, 1 todo (0.05s wall, 0.01s test time)
  todo: /Users/yuanxi/Workwork/vibe-fs/requirements/distribution/tests/008.test.mjs:WHAT[distribution-008] GAP-210: every declared resource is available from the exact installed artifact — reason not supplied
package: post-exit group verification/reclamation: pid=13832; elapsedMs=18.971; accepted=true
package: 4 test(s), 0.0s of test time; max 3ms, p90 3ms, median 1ms

package: 3 passed, 0 failed; 1/1 planned file(s) completed
package: partial evidence; 0 skipped, 1 TODO; excluded cases are not passes
package: pending proof prevents complete acceptance

✓ harness/run.mjs (verification-system) (12.0s, 285 passed, 0 failed (11.8s))

integration: 2 failed, 1 passed (71.2s)
