TAP version 13
# fatal: .git/index: index file smaller than expected
# fatal: .git/index: index file smaller than expected
# fatal: .git/index: index file smaller than expected
# Subtest: WHAT[verification-system-016] the actual verification run binds its evidence to the same immutable candidate snapshot
ok 1 - WHAT[verification-system-016] the actual verification run binds its evidence to the same immutable candidate snapshot # TODO
  ---
  duration_ms: 3.551583
  type: 'test'
  ...
# Subtest: WHAT[verification-system-016] verification rejects an unsealed symbolic input at src before running stages
ok 2 - WHAT[verification-system-016] verification rejects an unsealed symbolic input at src before running stages
  ---
  duration_ms: 212.893458
  type: 'test'
  ...
# Subtest: WHAT[verification-system-016] verification rejects an unsealed symbolic input at .github before running stages
ok 3 - WHAT[verification-system-016] verification rejects an unsealed symbolic input at .github before running stages
  ---
  duration_ms: 448.331458
  type: 'test'
  ...
# Subtest: WHAT[verification-system-016] verification rejects an unsealed symbolic input at package.json before running stages
ok 4 - WHAT[verification-system-016] verification rejects an unsealed symbolic input at package.json before running stages
  ---
  duration_ms: 583.406833
  type: 'test'
  ...
# Subtest: WHAT[verification-system-016] verification rejects an unsealed symbolic input at resources/linked.txt before running stages
ok 5 - WHAT[verification-system-016] verification rejects an unsealed symbolic input at resources/linked.txt before running stages
  ---
  duration_ms: 344.29925
  type: 'test'
  ...
# Subtest: WHAT[verification-system-016] verification rejects an unsealed symbolic input at requirements/p/linked before running stages
ok 6 - WHAT[verification-system-016] verification rejects an unsealed symbolic input at requirements/p/linked before running stages
  ---
  duration_ms: 350.985708
  type: 'test'
  ...
# Subtest: WHAT[verification-system-016] tracked corpus rejects a symbolic file outside ordinary input roots
ok 7 - WHAT[verification-system-016] tracked corpus rejects a symbolic file outside ordinary input roots
  ---
  duration_ms: 880.901
  type: 'test'
  ...
# Subtest: WHAT[verification-system-016] tracked corpus rejects a symbolic ancestor outside ordinary input roots
ok 8 - WHAT[verification-system-016] tracked corpus rejects a symbolic ancestor outside ordinary input roots
  ---
  duration_ms: 414.952
  type: 'test'
  ...
# Subtest: WHAT[verification-system-016] tracked corpus proposals contribute their actual content to verification inputs
ok 9 - WHAT[verification-system-016] tracked corpus proposals contribute their actual content to verification inputs
  ---
  duration_ms: 445.8465
  type: 'test'
  ...
# Subtest: WHAT[verification-system-016] corpus tracking addition changes verification identity without changing file bytes
ok 10 - WHAT[verification-system-016] corpus tracking addition changes verification identity without changing file bytes
  ---
  duration_ms: 505.484834
  type: 'test'
  ...
# Subtest: WHAT[verification-system-016] corpus tracking removal changes verification identity without changing file bytes
ok 11 - WHAT[verification-system-016] corpus tracking removal changes verification identity without changing file bytes
  ---
  duration_ms: 581.106958
  type: 'test'
  ...
# Subtest: WHAT[verification-system-016] collectGeneratedInputs rejects failed Git corpus inventory
ok 12 - WHAT[verification-system-016] collectGeneratedInputs rejects failed Git corpus inventory
  ---
  duration_ms: 206.605625
  type: 'test'
  ...
# Subtest: WHAT[verification-system-016] collectVerificationInputs rejects failed Git corpus inventory
ok 13 - WHAT[verification-system-016] collectVerificationInputs rejects failed Git corpus inventory
  ---
  duration_ms: 297.03025
  type: 'test'
  ...
# Subtest: WHAT[verification-system-016] failed Git corpus inventory stops verification before any stage starts
ok 14 - WHAT[verification-system-016] failed Git corpus inventory stops verification before any stage starts
  ---
  duration_ms: 346.842416
  type: 'test'
  ...
# Subtest: WHAT[verification-system-016] collectVerificationInputs collects expected relative paths and diff detects mutations
ok 15 - WHAT[verification-system-016] collectVerificationInputs collects expected relative paths and diff detects mutations
  ---
  duration_ms: 515.583
  type: 'test'
  ...
# Subtest: WHAT[verification-system-016] verify detects mid-flight inputs change via runStep perturbation and halts with fail
ok 16 - WHAT[verification-system-016] verify detects mid-flight inputs change via runStep perturbation and halts with fail
  ---
  duration_ms: 1172.523583
  type: 'test'
  ...
# Subtest: WHAT[verification-system-016] verify with isolated logDirectory creates run dir and latest link without touching repo root
ok 17 - WHAT[verification-system-016] verify with isolated logDirectory creates run dir and latest link without touching repo root
  ---
  duration_ms: 730.363167
  type: 'test'
  ...
# Subtest: WHAT[verification-system-016] a detected step-boundary mutation prevents later steps
ok 18 - WHAT[verification-system-016] a detected step-boundary mutation prevents later steps
  ---
  duration_ms: 383.068291
  type: 'test'
  ...
# Subtest: WHAT[verification-system-016] a mutation restored within one step still invalidates the run
not ok 19 - WHAT[verification-system-016] a mutation restored within one step still invalidates the run # TODO D2: fixed isolated inputs selected; current runner still uses mutable inputs and step-boundary hashes miss this counterexample
  ---
  duration_ms: 686.893667
  type: 'test'
  location: '/Users/yuanxi/Workwork/vibe-fs/requirements/verification-system/tests/016.test.mjs:396:1'
  failureType: 'testCodeFailure'
  error: |-
    changing and restoring an input is not a stable verification run
    
    0 !== 1
    
  code: 'ERR_ASSERTION'
  name: 'AssertionError'
  expected: 1
  actual: 0
  operator: 'strictEqual'
  stack: |-
    TestContext.<anonymous> (file:///Users/yuanxi/Workwork/vibe-fs/requirements/verification-system/tests/016.test.mjs:414:12)
    async Test.run (node:internal/test_runner/test:1054:7)
    async Test.processPendingSubtests (node:internal/test_runner/test:744:7)
  ...
1..19
# tests 19
# suites 0
# pass 17
# fail 0
# cancelled 0
# skipped 0
# todo 2
# duration_ms 9516.9175
