runner: scoped 使用 TESTS_MJS_FILES=192 files
runner: build is current (1784 sources, 879 artifacts)
runner: discovery OVERRIDDEN by TESTS_MJS_FILES (192 file(s))
runner: 192 test file(s), 5000ms verdict-silence window
{"operation":"managed-agent-config-invalid","result":"Legacy agent name 'coder' is present in opencode.json."}
js-boundary-gate: OK — 0 debt line(s) across 0 file(s)
js-boundary-gate: OK — 0 debt line(s) across 0 file(s)
js-boundary-gate: 1 violation(s) across 1 file(s)
  ../../../../var/folders/g_/3ydzn7kx5lg9ylq8fd9p_13r0000gn/T/js-surface-f5w6B6/requirements/consumer/tests/support/api.mjs:1 [deep-dist-import] import * as api from '../../../../dist/Internal/Unregistered.js'
js-surface-manifest: 1 violation(s)
  Owner/Surface.js: law owner-099 is absent from requirements/owner/WHAT.md
js-surface-manifest: OK — 1 registered surfaces, laws and contract imports closed
{"operation":"plugin-hook-chat-message-failed","result":"Managed chat admission failed: TransactionFailed (LeaseHandoffFailed (external input supersession failed to drain the old Host attempt: Host rejected session abort: { message = \"controlled SDK abort rejection\" }, TerminalCommitted (Settled Applied)))"}
{"opencodeChatAdmissionCanary":{"schemaVersion":1,"launched":"/Users/yuanxi/Workwork/vibe-fs/node_modules/.bin/opencode serve --port 0 --hostname 127.0.0.1","versions":{"opencode":"1.18.29","plugin":"1.18.29"},"publicApis":{"hooks":["chat.message","chat.params","experimental.chat.messages.transform","event"],"sdk":["POST /api/session","POST /session/{id}/prompt_async","GET /session/status"]},"observations":[{"sequence":1,"kind":"chat.message","value":{"input":{"keys":["agent","messageID","model","sessionID","variant"],"sessionID":"$session","messageID":"$accepted-message"},"output":{"keys":["message","parts"],"messageKeys":["agent","format","id","model","role","sessionID","system","time","tools"],"messageID":"$accepted-message","sessionID":"$session","partCount":1}}},{"sequence":2,"kind":"message.updated","value":{"keys":["id","properties","type"],"propertyKeys":["info","sessionID"],"infoKeys":["agent","format","id","model","role","sessionID","system","time","tools"],"info":{"id":"$accepted-message","sessionID":"$session","parentID":null,"role":"user","timeKeys":["created"],"created":1790971279035,"completed":null,"finish":null}}},{"sequence":3,"kind":"message.updated","value":{"keys":["id","properties","type"],"propertyKeys":["info","sessionID"],"infoKeys":["agent","cost","id","mode","modelID","parentID","path","providerID","role","sessionID","time","tokens","variant"],"info":{"id":"msg_0fe34fa5c001QUMmRPSHzKIgA3","sessionID":"$session","parentID":"$accepted-message","role":"assistant","timeKeys":["created"],"created":1790971279964,"completed":null,"finish":null}}},{"sequence":4,"kind":"experimental.chat.messages.transform","value":{"messageID":"$accepted-message","sessionID":"$session","role":"user"}},{"sequence":5,"kind":"chat.params","value":{"inputKeys":["agent","message","model","provider","sessionID"],"sessionID":"$session","messageID":"$accepted-message","messageSessionID":"$session","modelKeys":["api","capabilities","cost","family","headers","id","limit","name","options","providerID","release_date","status","variants"],"modelID":"test-model","providerKeys":["env","id","models","name","options","source"],"providerInfoKeys":[]}},{"sequence":6,"kind":"provider","value":{"model":"test-model","precedingHooks":["chat.message","message.updated","message.updated","experimental.chat.messages.transform","chat.params"]}},{"sequence":7,"kind":"chat.params","value":{"inputKeys":["agent","message","model","provider","sessionID"],"sessionID":"$session","messageID":"$accepted-message","messageSessionID":"$session","modelKeys":["api","capabilities","cost","family","headers","id","limit","name","options","providerID","release_date","status","variants"],"modelID":"test-model","providerKeys":["env","id","models","name","options","source"],"providerInfoKeys":[]}},{"sequence":8,"kind":"provider","value":{"model":"test-model","precedingHooks":["chat.message","message.updated","message.updated","experimental.chat.messages.transform","chat.params","provider","chat.params"]}},{"sequence":9,"kind":"message.updated","value":{"keys":["id","properties","type"],"propertyKeys":["info","sessionID"],"infoKeys":["agent","cost","finish","id","mode","modelID","parentID","path","providerID","role","sessionID","time","tokens","variant"],"info":{"id":"msg_0fe34fa5c001QUMmRPSHzKIgA3","sessionID":"$session","parentID":"$accepted-message","role":"assistant","timeKeys":["created"],"created":1790971279964,"completed":null,"finish":"stop"}}},{"sequence":10,"kind":"message.updated","value":{"keys":["id","properties","type"],"propertyKeys":["info","sessionID"],"infoKeys":["agent","cost","finish","id","mode","modelID","parentID","path","providerID","role","sessionID","time","tokens","variant"],"info":{"id":"msg_0fe34fa5c001QUMmRPSHzKIgA3","sessionID":"$session","parentID":"$accepted-message","role":"assistant","timeKeys":["completed","created"],"created":1790971279964,"completed":1790971281546,"finish":"stop"}}},{"sequence":11,"kind":"session.idle","value":{"keys":["id","properties","type"],"properties":{"sessionID":"<string>"},"propertyKeys":["sessionID"]}},{"sequence":12,"kind":"chat.message","value":{"input":{"keys":["agent","messageID","model","sessionID","variant"],"sessionID":"$session","messageID":"$accepted-message"},"output":{"keys":["message","parts"],"messageKeys":["agent","format","id","model","role","sessionID","system","time","tools"],"messageID":"$accepted-message","sessionID":"$session","partCount":1}}},{"sequence":13,"kind":"message.updated","value":{"keys":["id","properties","type"],"propertyKeys":["info","sessionID"],"infoKeys":["agent","format","id","model","role","sessionID","system","time","tools"],"info":{"id":"$accepted-message","sessionID":"$session","parentID":null,"role":"user","timeKeys":["created"],"created":1790971281574,"completed":null,"finish":null}}},{"sequence":14,"kind":"session.idle","value":{"keys":["id","properties","type"],"properties":{"sessionID":"<string>"},"propertyKeys":["sessionID"]}},{"sequence":15,"kind":"chat.message","value":{"input":{"keys":["agent","messageID","model","sessionID","variant"],"sessionID":"$session","messageID":"$rejected-message"},"output":{"keys":["message","parts"],"messageKeys":["agent","format","id","model","role","sessionID","system","time","tools"],"messageID":"$rejected-message","sessionID":"$session","partCount":1}}},{"sequence":16,"kind":"chat.message.rejection","value":{"sessionID":"$session","messageID":"$rejected-message"}},{"sequence":17,"kind":"session.error","value":{"keys":["id","properties","type"],"properties":{"error":{"data":{"message":"<string>"},"name":"UnknownError"},"sessionID":"<string>"},"propertyKeys":["error","sessionID"]}}],"providerLifecycle":{"chatParamsDeliveries":2,"providerDeliveries":2,"assistantMessageUpdates":3},"duplicate":{"responseStatus":204,"providerDeliveriesBefore":2,"providerDeliveriesAfter":2,"transformsBefore":1,"transformsAfter":1,"publicSessionStatus":null},"rejection":{"responseStatus":204}}}
js-module-linkage: OK — 3 emitted modules linked and loaded
js-module-linkage: FAILED — 2 violation(s)
  consumer.js: failed to load emitted module: Unexpected token '='
  consumer.js: invalid emitted ESM: <source>: Unexpected token (1:13)
js-module-linkage: FAILED — 1 violation(s)
  broken.js: failed to load emitted module: initialization failed
HOOK CHAT MESSAGE FAILED: ChatAdmissionHookException {
  message: 'Managed chat admission failed: TransactionFailed (LeaseCommitFailed (Conflict, Settled Conflict))',
  innerException: undefined,
  failure: ChatAdmissionHookFailure {
    tag: 1,
    fields: [ [ChatAdmissionTransactionError] ]
  },
  executionKey: ChatExecutionKey {
    SessionId: SessionId { tag: 0, fields: [Array] },
    PhysicalUserMessageId: PhysicalUserMessageId { tag: 0, fields: [Array] }
  }
}
HOOK CHAT MESSAGE FAILED: ChatAdmissionHookException {
  message: 'Managed chat admission failed: TransactionFailed (LeaseCommitFailed (Conflict, Settled Conflict))',
  innerException: undefined,
  failure: ChatAdmissionHookFailure {
    tag: 1,
    fields: [ [ChatAdmissionTransactionError] ]
  },
  executionKey: ChatExecutionKey {
    SessionId: SessionId { tag: 0, fields: [Array] },
    PhysicalUserMessageId: PhysicalUserMessageId { tag: 0, fields: [Array] }
  }
}
HOOK CHAT MESSAGE FAILED: ChatAdmissionHookException {
  message: 'Managed chat admission failed: TransactionFailed (LeaseCommitFailed (Conflict, Settled Conflict))',
  innerException: undefined,
  failure: ChatAdmissionHookFailure {
    tag: 1,
    fields: [ [ChatAdmissionTransactionError] ]
  },
  executionKey: ChatExecutionKey {
    SessionId: SessionId { tag: 0, fields: [Array] },
    PhysicalUserMessageId: PhysicalUserMessageId { tag: 0, fields: [Array] }
  }
}
HOOK CHAT MESSAGE FAILED: ChatAdmissionHookException {
  message: 'Managed chat admission failed: TransactionFailed (LeaseCommitFailed (Conflict, Settled Conflict))',
  innerException: undefined,
  failure: ChatAdmissionHookFailure {
    tag: 1,
    fields: [ [ChatAdmissionTransactionError] ]
  },
  executionKey: ChatExecutionKey {
    SessionId: SessionId { tag: 0, fields: [Array] },
    PhysicalUserMessageId: PhysicalUserMessageId { tag: 0, fields: [Array] }
  }
}
HOOK CHAT MESSAGE FAILED: ChatAdmissionHookException {
  message: 'Managed chat admission failed: TransactionFailed (LeaseCommitFailed (Conflict, Settled Conflict))',
  innerException: undefined,
  failure: ChatAdmissionHookFailure {
    tag: 1,
    fields: [ [ChatAdmissionTransactionError] ]
  },
  executionKey: ChatExecutionKey {
    SessionId: SessionId { tag: 0, fields: [Array] },
    PhysicalUserMessageId: PhysicalUserMessageId { tag: 0, fields: [Array] }
  }
}
HOOK CHAT MESSAGE FAILED: ChatAdmissionHookException {
  message: 'Managed chat admission failed: TransactionFailed (LeaseCommitFailed (Conflict, Settled Conflict))',
  innerException: undefined,
  failure: ChatAdmissionHookFailure {
    tag: 1,
    fields: [ [ChatAdmissionTransactionError] ]
  },
  executionKey: ChatExecutionKey {
    SessionId: SessionId { tag: 0, fields: [Array] },
    PhysicalUserMessageId: PhysicalUserMessageId { tag: 0, fields: [Array] }
  }
}
WATCHDOG: 'tests/unit' silent for 5004ms (limit 5000ms); 2623 blocking progress update(s), last progress: test:complete:/Users/yuanxi/Workwork/vibe-fs/requirements/host-boundary/tests/032.test.mjs lane=/Users/yuanxi/Workwork/vibe-fs/requirements/host-boundary/tests/032.test.mjs expectation=none
WATCHDOG: background progress 5005ms ago: test:diagnostic lane=/Users/yuanxi/Workwork/vibe-fs/requirements/host-boundary/tests/032.test.mjs (1553 background update(s), none of them renewals)
runner: 1 file(s) had not reported completion
runner: file streams: 191 drained, 1 active, 0 queued
runner: active file requirements/managed-chat-execution/tests/003.test.mjs; waiting for stream drain; last verdict: test:pass:WHAT[managed-chat-execution-003] bootstrap contains no fragmented admission owner
runner: verdict counts unavailable; no authoritative summary before the silence
