TAP version 13
# Subtest: WHAT[delegation-003] FORK_TOOL_requires_calling_and_resume_rejects_calling
ok 1 - WHAT[delegation-003] FORK_TOOL_requires_calling_and_resume_rejects_calling
  ---
  duration_ms: 83.35375
  type: 'test'
  ...
# Subtest: WHAT[delegation-003] FORK_TOOL_manager_resume_dispatches_to_bound_fixed_devops_directly
ok 2 - WHAT[delegation-003] FORK_TOOL_manager_resume_dispatches_to_bound_fixed_devops_directly
  ---
  duration_ms: 154.144875
  type: 'test'
  ...
# Subtest: WHAT[delegation-003] explicit runtime reopen preserves the companion DevOps route for a new charge
not ok 3 - WHAT[delegation-003] explicit runtime reopen preserves the companion DevOps route for a new charge
  ---
  duration_ms: 135.511583
  type: 'test'
  location: '/Users/yuanxi/Workwork/vibe-fs/requirements/delegation/tests/003.test.mjs:96:1'
  failureType: 'testCodeFailure'
  error: |-
    reopen adopts the stable DevOps binding without creating another physical child
    
    1 !== 0
    
  code: 'ERR_ASSERTION'
  name: 'AssertionError'
  expected: 0
  actual: 1
  operator: 'strictEqual'
  stack: |-
    TestContext.<anonymous> (file:///Users/yuanxi/Workwork/vibe-fs/requirements/delegation/tests/003.test.mjs:132:14)
    async Test.run (node:internal/test_runner/test:1054:7)
    async Test.processPendingSubtests (node:internal/test_runner/test:744:7)
  ...
# Subtest: WHAT[delegation-003] companion devops is preserved and not abandoned when parent session cancels child work
not ok 4 - WHAT[delegation-003] companion devops is preserved and not abandoned when parent session cancels child work
  ---
  duration_ms: 77.50275
  type: 'test'
  location: '/Users/yuanxi/Workwork/vibe-fs/requirements/delegation/tests/003.test.mjs:170:1'
  failureType: 'testCodeFailure'
  error: |-
    Expected values to be strictly equal:
    
    false !== true
    
  code: 'ERR_ASSERTION'
  name: 'AssertionError'
  expected: true
  actual: false
  operator: 'strictEqual'
  stack: |-
    TestContext.<anonymous> (file:///Users/yuanxi/Workwork/vibe-fs/requirements/delegation/tests/003.test.mjs:199:12)
    async Test.run (node:internal/test_runner/test:1054:7)
    async Test.processPendingSubtests (node:internal/test_runner/test:744:7)
  ...
# Subtest: WHAT[delegation-003] parent cancel preserves the busy fixed DevOps work until its real terminal
not ok 5 - WHAT[delegation-003] parent cancel preserves the busy fixed DevOps work until its real terminal
  ---
  duration_ms: 74.233208
  type: 'test'
  location: '/Users/yuanxi/Workwork/vibe-fs/requirements/delegation/tests/003.test.mjs:229:1'
  failureType: 'testCodeFailure'
  error: |-
    The input was expected to not match the regular expression /carries this charge now|现已接下这项托付|uncertain|不确定/i. Input:
    
    '# Dispatch receipt for devops is uncertain (the charge may already have been accepted). Recovery owns this dispatch anomaly: keep this same participant and do not fork a replacement for the same charge (report to developers if unexpected).\n'
    
  code: 'ERR_ASSERTION'
  name: 'AssertionError'
  expected:
  actual: |-
    # Dispatch receipt for devops is uncertain (the charge may already have been accepted). Recovery owns this dispatch anomaly: keep this same participant and do not fork a replacement for the same charge (report to developers if unexpected).
    
  operator: 'doesNotMatch'
  stack: |-
    TestContext.<anonymous> (file:///Users/yuanxi/Workwork/vibe-fs/requirements/delegation/tests/003.test.mjs:245:12)
    async Test.run (node:internal/test_runner/test:1054:7)
    async Test.processPendingSubtests (node:internal/test_runner/test:744:7)
  ...
# Subtest: WHAT[delegation-003] the original fixed DevOps terminal callback survives parent cancel without another tool lookup
not ok 6 - WHAT[delegation-003] the original fixed DevOps terminal callback survives parent cancel without another tool lookup
  ---
  duration_ms: 142.912584
  type: 'test'
  location: '/Users/yuanxi/Workwork/vibe-fs/requirements/delegation/tests/003.test.mjs:258:1'
  failureType: 'testCodeFailure'
  error: |-
    the original callback writes the exact durable completion without RuntimeFor
    + actual - expected
    
    + 'Active'
    - 'CompletedAwaitingJoin'
    
  code: 'ERR_ASSERTION'
  name: 'AssertionError'
  expected: 'CompletedAwaitingJoin'
  actual: 'Active'
  operator: 'strictEqual'
  stack: |-
    TestContext.<anonymous> (file:///Users/yuanxi/Workwork/vibe-fs/requirements/delegation/tests/003.test.mjs:279:12)
    async Test.run (node:internal/test_runner/test:1054:7)
    async Test.processPendingSubtests (node:internal/test_runner/test:744:7)
  ...
# Subtest: WHAT[delegation-003] scope detach after parent cancel releases the preserved fixed DevOps callback
not ok 7 - WHAT[delegation-003] scope detach after parent cancel releases the preserved fixed DevOps callback
  ---
  duration_ms: 85.749667
  type: 'test'
  location: '/Users/yuanxi/Workwork/vibe-fs/requirements/delegation/tests/003.test.mjs:292:1'
  failureType: 'testCodeFailure'
  error: |-
    scope detach physically releases all original Host subscriptions
    
    2 !== 0
    
  code: 'ERR_ASSERTION'
  name: 'AssertionError'
  expected: 0
  actual: 2
  operator: 'strictEqual'
  stack: |-
    TestContext.<anonymous> (file:///Users/yuanxi/Workwork/vibe-fs/requirements/delegation/tests/003.test.mjs:305:12)
    async Test.run (node:internal/test_runner/test:1054:7)
    async Test.processPendingSubtests (node:internal/test_runner/test:744:7)
  ...
# Subtest: WHAT[delegation-003] each new ordinary work is cancelled after the fixed road owner survives an earlier cancel
ok 8 - WHAT[delegation-003] each new ordinary work is cancelled after the fixed road owner survives an earlier cancel
  ---
  duration_ms: 165.324291
  type: 'test'
  ...
1..8
# tests 8
# suites 0
# pass 3
# fail 5
# cancelled 0
# skipped 0
# todo 0
# duration_ms 1174.027875
