TAP version 13
# runner: 1 test file(s), 10000ms verdict-silence window
# runner: post-exit group verification/reclamation: pid=88300; elapsedMs=18.706; accepted=true
# runner: 1 passed, 0 failed; 1/1 planned file(s) completed
# runner: partial evidence; 0 skipped, 1 TODO; excluded cases are not passes
# runner: pending proof prevents complete acceptance
# runner: 1 test file(s), 10000ms verdict-silence window
# runner: post-exit group verification/reclamation: pid=88311; elapsedMs=17.474; accepted=true
# runner: 1 passed, 0 failed; 1/1 planned file(s) completed
# runner: partial evidence; 0 skipped, 1 TODO; excluded cases are not passes
# runner: pending proof prevents complete acceptance
# Subtest: WHAT[verification-system-021] a known TODO cannot authorize complete acceptance
ok 1 - WHAT[verification-system-021] a known TODO cannot authorize complete acceptance
  ---
  duration_ms: 92.609083
  type: 'test'
  ...
1..1
# tests 1
# suites 0
# pass 1
# fail 0
# cancelled 0
# skipped 0
# todo 0
# duration_ms 150.968958
