TAP version 13
# Subtest: WHAT[dispatch-protocol-002] DP_002_submit_records_the_receipt_without_resolving_the_claim
ok 1 - WHAT[dispatch-protocol-002] DP_002_submit_records_the_receipt_without_resolving_the_claim
  ---
  duration_ms: 2.900792
  type: 'test'
  ...
# Subtest: WHAT[dispatch-protocol-002] DP_002_abandon_removes_the_claim_and_leaves_the_active_run_alone
ok 2 - WHAT[dispatch-protocol-002] DP_002_abandon_removes_the_claim_and_leaves_the_active_run_alone
  ---
  duration_ms: 0.403834
  type: 'test'
  ...
# Subtest: WHAT[dispatch-protocol-002] DP_002_claim_records_payload_digest_and_participant
ok 3 - WHAT[dispatch-protocol-002] DP_002_claim_records_payload_digest_and_participant
  ---
  duration_ms: 0.31225
  type: 'test'
  ...
# Subtest: WHAT[dispatch-protocol-002] PROMPT_011_RuntimeStarted_advances_a_workspace_watermark_not_every_session
ok 4 - WHAT[dispatch-protocol-002] PROMPT_011_RuntimeStarted_advances_a_workspace_watermark_not_every_session
  ---
  duration_ms: 3.769
  type: 'test'
  ...
# Subtest: WHAT[dispatch-protocol-002] HOST_004_stale_idle_repair_is_abandoned_at_the_final_physical_send_boundary
ok 5 - WHAT[dispatch-protocol-002] HOST_004_stale_idle_repair_is_abandoned_at_the_final_physical_send_boundary
  ---
  duration_ms: 68.806458
  type: 'test'
  ...
# Subtest: WHAT[dispatch-protocol-002] held and failed actual claim append prevents Host send, including crash between durable registration and transport invocation (GAP-136)
ok 6 - WHAT[dispatch-protocol-002] held and failed actual claim append prevents Host send, including crash between durable registration and transport invocation (GAP-136) # TODO
  ---
  duration_ms: 0.079084
  type: 'test'
  ...
# Subtest: WHAT[dispatch-protocol-002] WHAT[crash-reconciliation-006] production Manager idle dispatch sends with the same road and fresh captured permit
not ok 7 - WHAT[dispatch-protocol-002] WHAT[crash-reconciliation-006] production Manager idle dispatch sends with the same road and fresh captured permit
  ---
  duration_ms: 40.515292
  type: 'test'
  location: '/private/tmp/vibe-fs-r03-mutation.awN23f/requirements/dispatch-protocol/tests/002.test.mjs:304:3'
  failureType: 'testCodeFailure'
  error: |-
    Expected values to be strictly deep-equal:
    + actual - expected
    
      {
    +   accepted: true,
    +   failure: null
    -   accepted: false,
    -   failure: 'AlreadyConsumed'
      }
    
  code: 'ERR_ASSERTION'
  name: 'AssertionError'
  expected:
    accepted: false
    failure: 'AlreadyConsumed'
  actual:
    accepted: true
    failure: ~
  operator: 'deepStrictEqual'
  stack: |-
    TestContext.<anonymous> (file:///private/tmp/vibe-fs-r03-mutation.awN23f/requirements/dispatch-protocol/tests/002.test.mjs:346:14)
    async Test.run (node:internal/test_runner/test:1054:7)
    async Test.processPendingSubtests (node:internal/test_runner/test:744:7)
  ...
# Subtest: WHAT[dispatch-protocol-002] WHAT[crash-reconciliation-006] production Manager idle dispatch abandons a captured permit revoked by Human physical ingress before SDK send
not ok 8 - WHAT[dispatch-protocol-002] WHAT[crash-reconciliation-006] production Manager idle dispatch abandons a captured permit revoked by Human physical ingress before SDK send
  ---
  duration_ms: 32.981542
  type: 'test'
  location: '/private/tmp/vibe-fs-r03-mutation.awN23f/requirements/dispatch-protocol/tests/002.test.mjs:304:3'
  failureType: 'testCodeFailure'
  error: |-
    only the still fresh idle owner may enter Host SendPrompt
    
    1 !== 0
    
  code: 'ERR_ASSERTION'
  name: 'AssertionError'
  expected: 0
  actual: 1
  operator: 'strictEqual'
  stack: |-
    TestContext.<anonymous> (file:///private/tmp/vibe-fs-r03-mutation.awN23f/requirements/dispatch-protocol/tests/002.test.mjs:345:14)
    async Test.run (node:internal/test_runner/test:1054:7)
    async Test.processPendingSubtests (node:internal/test_runner/test:744:7)
  ...
1..8
# tests 8
# suites 0
# pass 5
# fail 2
# cancelled 0
# skipped 0
# todo 1
# duration_ms 315.624
