TAP version 13
# Subtest: WHAT[capability-enforcement-017] released one-shot opportunity cannot be consumed again
not ok 1 - WHAT[capability-enforcement-017] released one-shot opportunity cannot be consumed again # TODO 10-D1: capability-enforcement-017 closes a consumed/released one-shot identity, but crash-reconciliation-006 and dispatch-protocol-007 require the exact permit to be returned after proven pre-acceptance rejection; the gate has no rejection witness or separate retry-grant identity
  ---
  duration_ms: 1.46675
  type: 'test'
  location: '/Users/yuanxi/Workwork/vibe-fs/requirements/capability-enforcement/tests/017.test.mjs:5:1'
  failureType: 'testCodeFailure'
  error: |-
    Expected values to be strictly equal:
    
    true !== false
    
  code: 'ERR_ASSERTION'
  name: 'AssertionError'
  expected: false
  actual: true
  operator: 'strictEqual'
  stack: |-
    TestContext.<anonymous> (file:///Users/yuanxi/Workwork/vibe-fs/requirements/capability-enforcement/tests/017.test.mjs:13:10)
    Test.runInAsyncScope (node:async_hooks:214:14)
    Test.run (node:internal/test_runner/test:1047:25)
    Test.start (node:internal/test_runner/test:944:17)
    startSubtestAfterBootstrap (node:internal/test_runner/harness:296:17)
  ...
# Subtest: WHAT[capability-enforcement-017] duplicate idle callbacks share one opportunity while a new attempt on the same session remains legal
ok 2 - WHAT[capability-enforcement-017] duplicate idle callbacks share one opportunity while a new attempt on the same session remains legal
  ---
  duration_ms: 0.65075
  type: 'test'
  ...
# Subtest: WHAT[capability-enforcement-017] release of a superseded consumed identity cannot reopen or release the new occupied opportunity
ok 3 - WHAT[capability-enforcement-017] release of a superseded consumed identity cannot reopen or release the new occupied opportunity
  ---
  duration_ms: 0.266375
  type: 'test'
  ...
# Subtest: WHAT[capability-enforcement-017] physical ingress, tool completion and deletion preserve fresh admission without reviving retired identities
ok 4 - WHAT[capability-enforcement-017] physical ingress, tool completion and deletion preserve fresh admission without reviving retired identities
  ---
  duration_ms: 0.542041
  type: 'test'
  ...
# capability-019-producer: 1 test file(s), 5000ms verdict-silence window
# Subtest: WHAT[capability-enforcement-019] a different gate requires its own current-attempt admission
ok 5 - WHAT[capability-enforcement-019] a different gate requires its own current-attempt admission
  ---
  duration_ms: 0.975542
  type: 'test'
  ...
# Subtest: WHAT[capability-enforcement-019] native JSON refuses direct and object-array nested live permits without consuming or revoking them
not ok 6 - WHAT[capability-enforcement-019] native JSON refuses direct and object-array nested live permits without consuming or revoking them
  ---
  duration_ms: 0.763459
  type: 'test'
  location: '/Users/yuanxi/Workwork/vibe-fs/requirements/capability-enforcement/tests/019.test.mjs:50:1'
  failureType: 'testCodeFailure'
  error: 'Missing expected exception.'
  code: 'ERR_ASSERTION'
  name: 'AssertionError'
  expected:
  operator: 'throws'
  stack: |-
    assertNativeSerializationRejected (file:///Users/yuanxi/Workwork/vibe-fs/requirements/capability-enforcement/tests/support/quiescence-durability.mjs:46:12)
    TestContext.<anonymous> (file:///Users/yuanxi/Workwork/vibe-fs/requirements/capability-enforcement/tests/019.test.mjs:53:3)
    Test.runInAsyncScope (node:async_hooks:214:14)
    Test.run (node:internal/test_runner/test:1047:25)
    Test.processPendingSubtests (node:internal/test_runner/test:744:18)
    Test.postRun (node:internal/test_runner/test:1173:19)
    Test.run (node:internal/test_runner/test:1101:12)
    async startSubtestAfterBootstrap (node:internal/test_runner/harness:296:3)
  ...
# Subtest: WHAT[capability-enforcement-019] real Fact Journal and Event codecs refuse live permission while durable evidence round-trips without authority
not ok 7 - WHAT[capability-enforcement-019] real Fact Journal and Event codecs refuse live permission while durable evidence round-trips without authority
  ---
  duration_ms: 7.788041
  type: 'test'
  location: '/Users/yuanxi/Workwork/vibe-fs/requirements/capability-enforcement/tests/019.test.mjs:63:1'
  failureType: 'testCodeFailure'
  error: 'Missing expected exception.'
  code: 'ERR_ASSERTION'
  name: 'AssertionError'
  expected:
  operator: 'throws'
  stack: |-
    assertCodecSerializationRejected (file:///Users/yuanxi/Workwork/vibe-fs/requirements/capability-enforcement/tests/support/quiescence-durability.mjs:90:12)
    TestContext.<anonymous> (file:///Users/yuanxi/Workwork/vibe-fs/requirements/capability-enforcement/tests/019.test.mjs:67:3)
    Test.runInAsyncScope (node:async_hooks:214:14)
    Test.run (node:internal/test_runner/test:1047:25)
    Test.processPendingSubtests (node:internal/test_runner/test:744:18)
    Test.postRun (node:internal/test_runner/test:1173:19)
    Test.run (node:internal/test_runner/test:1101:12)
    async Test.processPendingSubtests (node:internal/test_runner/test:744:7)
  ...
# Subtest: WHAT[capability-enforcement-019] actual execution lease tokens refuse native JSON and codecs without restoring authority from durable receipts
ok 8 - WHAT[capability-enforcement-019] actual execution lease tokens refuse native JSON and codecs without restoring authority from durable receipts
  ---
  duration_ms: 5.957333
  type: 'test'
  ...
# ✖ failing tests:
# test at /Users/yuanxi/Workwork/vibe-fs/requirements/capability-enforcement/tests/support/process-capability.fixture.mjs:19:3
# ✖ WHAT[capability-enforcement-019] producer rejects live permit and execution lease serialization while emitting only durable evidence (2.784ms)
#   AssertionError [ERR_ASSERTION]: Missing expected exception.
#       at assertNativeSerializationRejected (file:///Users/yuanxi/Workwork/vibe-fs/requirements/capability-enforcement/tests/support/quiescence-durability.mjs:46:12)
#       at TestContext.<anonymous> (file:///Users/yuanxi/Workwork/vibe-fs/requirements/capability-enforcement/tests/support/process-capability.fixture.mjs:23:5)
#       at Test.runInAsyncScope (node:async_hooks:214:14)
#       at Test.run (node:internal/test_runner/test:1047:25)
#       at Test.start (node:internal/test_runner/test:944:17)
#       at startSubtestAfterBootstrap (node:internal/test_runner/harness:296:17)
# [test-summary] 1 file(s), 0 passed, 1 failed (0.09s wall, 0.00s test time)
# capability-019-producer: post-exit group verification/reclamation: pid=99745; elapsedMs=20.540; accepted=true
# capability-019-producer: 1 test(s), 0.0s of test time; max 3ms, p90 3ms, median 3ms
# capability-019-producer: 0 passed, 1 failed; 1/1 planned file(s) completed
# Subtest: WHAT[capability-enforcement-019] two supervised independent Node processes require fresh admission after durable material crosses the exit boundary
not ok 9 - WHAT[capability-enforcement-019] two supervised independent Node processes require fresh admission after durable material crosses the exit boundary
  ---
  duration_ms: 146.847959
  type: 'test'
  location: '/Users/yuanxi/Workwork/vibe-fs/requirements/capability-enforcement/tests/019.test.mjs:76:1'
  failureType: 'testCodeFailure'
  error: 'capability-019-producer: supervised suite failed (exit 1)'
  code: 'ERR_TEST_FAILURE'
  stack: |-
    fail (file:///Users/yuanxi/Workwork/vibe-fs/requirements/verification-system/tests/e2e/support/supervise-node-test.mjs:133:31)
    superviseNodeTest (file:///Users/yuanxi/Workwork/vibe-fs/requirements/verification-system/tests/e2e/support/supervise-node-test.mjs:261:19)
    process.processTicksAndRejections (node:internal/process/task_queues:103:5)
    async TestContext.<anonymous> (file:///Users/yuanxi/Workwork/vibe-fs/requirements/capability-enforcement/tests/019.test.mjs:82:29)
    async Test.run (node:internal/test_runner/test:1054:7)
    async Test.processPendingSubtests (node:internal/test_runner/test:744:7)
  ...
# Subtest: WHAT[capability-enforcement-019] remaining PhysicalHandle boundaries include SessionQuiescenceGate, ModelRouting RuntimeHandle and PortHandle, and ParallelSurface TokenHandle; their native serialization and restore consumers are not covered by the permit and execution-lease proofs
ok 10 - WHAT[capability-enforcement-019] remaining PhysicalHandle boundaries include SessionQuiescenceGate, ModelRouting RuntimeHandle and PortHandle, and ParallelSurface TokenHandle; their native serialization and restore consumers are not covered by the permit and execution-lease proofs # TODO
  ---
  duration_ms: 0.535584
  type: 'test'
  ...
# Subtest: WHAT[capability-enforcement-019] live opaque permit resources stay bounded to the current session attempt
ok 11 - WHAT[capability-enforcement-019] live opaque permit resources stay bounded to the current session attempt
  ---
  duration_ms: 1.06125
  type: 'test'
  ...
# Subtest: WHAT[capability-enforcement-026] D01_resume_fixed_devops_rejected_before_review_accepted
ok 12 - WHAT[capability-enforcement-026] D01_resume_fixed_devops_rejected_before_review_accepted
  ---
  duration_ms: 83.427417
  type: 'test'
  ...
# Subtest: WHAT[capability-enforcement-026] D03_resume_devops_enters_normal_flow_after_review_accepted
ok 13 - WHAT[capability-enforcement-026] D03_resume_devops_enters_normal_flow_after_review_accepted
  ---
  duration_ms: 80.191541
  type: 'test'
  ...
# Subtest: WHAT[capability-enforcement-026] D02_resume_legitimate_existing_readonly_engineer_unaffected_before_review_acceptance
ok 14 - WHAT[capability-enforcement-026] D02_resume_legitimate_existing_readonly_engineer_unaffected_before_review_acceptance
  ---
  duration_ms: 120.901916
  type: 'test'
  ...
# Subtest: WHAT[capability-enforcement-026] D04_resume_devops_when_busy_rejected_under_existing_rules
ok 15 - WHAT[capability-enforcement-026] D04_resume_devops_when_busy_rejected_under_existing_rules
  ---
  duration_ms: 58.862208
  type: 'test'
  ...
# Subtest: WHAT[capability-enforcement-026] D05_case_variation_and_unbound_identity_cannot_bypass_devops_gate
ok 16 - WHAT[capability-enforcement-026] D05_case_variation_and_unbound_identity_cannot_bypass_devops_gate
  ---
  duration_ms: 19.488917
  type: 'test'
  ...
# Subtest: WHAT[capability-enforcement-026] D06_fork_devops_or_creating_alternative_devops_remains_strictly_denied
ok 17 - WHAT[capability-enforcement-026] D06_fork_devops_or_creating_alternative_devops_remains_strictly_denied
  ---
  duration_ms: 59.030167
  type: 'test'
  ...
# Subtest: WHAT[capability-enforcement-026] D07_pre_review_devops_refusal_preserves_all_durable_bytes_and_accepted_review_admits_the_same_charge
ok 18 - WHAT[capability-enforcement-026] D07_pre_review_devops_refusal_preserves_all_durable_bytes_and_accepted_review_admits_the_same_charge
  ---
  duration_ms: 68.215542
  type: 'test'
  ...
1..18
# tests 18
# suites 0
# pass 13
# fail 3
# cancelled 0
# skipped 0
# todo 2
# duration_ms 727.3475
