TAP version 13
# Subtest: WHAT[crash-reconciliation-018] canonical load settlement voids the exact admitted child work and preserves its stable road for explicit new work
ok 1 - WHAT[crash-reconciliation-018] canonical load settlement voids the exact admitted child work and preserves its stable road for explicit new work
  ---
  duration_ms: 1626.378709
  type: 'test'
  ...
# Subtest: WHAT[crash-reconciliation-018] CRASH_018_no_explicit_resume_command_is_registered
ok 2 - WHAT[crash-reconciliation-018] CRASH_018_no_explicit_resume_command_is_registered
  ---
  duration_ms: 5416.392792
  type: 'test'
  ...
# Subtest: WHAT[crash-reconciliation-018] structural audit finds no retired explicit-resume source files
ok 3 - WHAT[crash-reconciliation-018] structural audit finds no retired explicit-resume source files
  ---
  duration_ms: 49.002791
  type: 'test'
  ...
# Subtest: WHAT[crash-reconciliation-018] a restarted plugin normalizes durable child runs before reuse without replaying tools or hiding their interrupted history (GAP-149)
ok 4 - WHAT[crash-reconciliation-018] a restarted plugin normalizes durable child runs before reuse without replaying tools or hiding their interrupted history (GAP-149) # TODO
  ---
  duration_ms: 0.293542
  type: 'test'
  ...
# Subtest: WHAT[crash-reconciliation-020] current role vocabulary includes DevOps and Engineer but excludes legacy Coder
ok 5 - WHAT[crash-reconciliation-020] current role vocabulary includes DevOps and Engineer but excludes legacy Coder
  ---
  duration_ms: 3.550667
  type: 'test'
  ...
# Subtest: WHAT[crash-reconciliation-020] in-process physical terminals preserve an active child logical run and handle
ok 6 - WHAT[crash-reconciliation-020] in-process physical terminals preserve an active child logical run and handle
  ---
  duration_ms: 87.118584
  type: 'test'
  ...
# Subtest: WHAT[crash-reconciliation-020] production load decision voids active child runs without creating a completion
ok 7 - WHAT[crash-reconciliation-020] production load decision voids active child runs without creating a completion
  ---
  duration_ms: 39.771208
  type: 'test'
  ...
# Subtest: WHAT[crash-reconciliation-020] human roots and child runs without a durable handle are not selected for load settlement
ok 8 - WHAT[crash-reconciliation-020] human roots and child runs without a durable handle are not selected for load settlement
  ---
  duration_ms: 12.401208
  type: 'test'
  ...
# Subtest: WHAT[crash-reconciliation-020] stale Blogger selection respects exact live flight and abandonment clears the same folded open request
ok 9 - WHAT[crash-reconciliation-020] stale Blogger selection respects exact live flight and abandonment clears the same folded open request
  ---
  duration_ms: 16.014542
  type: 'test'
  ...
# Subtest: WHAT[crash-reconciliation-020] actual child settlement persists voids across journal reopen without a completion
ok 10 - WHAT[crash-reconciliation-020] actual child settlement persists voids across journal reopen without a completion
  ---
  duration_ms: 1432.430958
  type: 'test'
  ...
# Subtest: WHAT[crash-reconciliation-020] actual child settlement propagates unknown and unattempted append failures
ok 11 - WHAT[crash-reconciliation-020] actual child settlement propagates unknown and unattempted append failures
  ---
  duration_ms: 932.685667
  type: 'test'
  ...
# Subtest: WHAT[crash-reconciliation-020] actual plugin activation durably settles orphan child and Blogger work before ordinary execution, preserves exact live flights, and refuses append failure (GAP-149)
ok 12 - WHAT[crash-reconciliation-020] actual plugin activation durably settles orphan child and Blogger work before ordinary execution, preserves exact live flights, and refuses append failure (GAP-149) # TODO
  ---
  duration_ms: 0.162792
  type: 'test'
  ...
# Subtest: WHAT[crash-reconciliation-020] a real interrupted run and PTY input are not replayed after restart while unique DevOps authority and durable model Persona binding are retained (GAP-149; GAP-129; GAP-132)
ok 13 - WHAT[crash-reconciliation-020] a real interrupted run and PTY input are not replayed after restart while unique DevOps authority and durable model Persona binding are retained (GAP-149; GAP-129; GAP-132) # TODO
  ---
  duration_ms: 1.319875
  type: 'test'
  ...
1..13
# tests 13
# suites 0
# pass 10
# fail 0
# cancelled 0
# skipped 0
# todo 3
# duration_ms 8855.789209
