✖ WHAT[managed-chat-execution-005] transform durably starts the real assistant observed before its attempt plan existed (850.639792ms)
✖ WHAT[managed-chat-execution-005] transform rejects missing or foreign public assistant identity before the provider boundary (299.435833ms)
✔ WHAT[managed-chat-execution-005] ProviderStarted enforces acceptance provider run and terminal fences (3.861ms)
✔ WHAT[managed-chat-execution-005] equal start and terminal duplicates are semantic no-ops (1.318416ms)
✔ WHAT[managed-chat-execution-005] ProviderStarted before Accepted rejects (0.154375ms)
✔ WHAT[managed-chat-execution-005] exact public assistant observation alone establishes provider start (0.8795ms)
ℹ tests 6
ℹ suites 0
ℹ pass 4
ℹ fail 2
ℹ cancelled 0
ℹ skipped 0
ℹ todo 0
ℹ duration_ms 1341.309333

✖ failing tests:

test at requirements/managed-chat-execution/tests/005.test.mjs:66:1
✖ WHAT[managed-chat-execution-005] transform durably starts the real assistant observed before its attempt plan existed (850.639792ms)
  AssertionError [ERR_ASSERTION]: transform must await durable ProviderStarted before the Host may send the provider body
  + actual - expected
  
    {
      accepted: true,
      disposition: null,
  +   providerStarted: false,
  -   providerStarted: true,
      terminal: false
    }
  
      at file:///Users/yuanxi/Workwork/vibe-fs/requirements/managed-chat-execution/tests/005.test.mjs:78:12
      at async withExecutablePlugin (file:///Users/yuanxi/Workwork/vibe-fs/requirements/verification-system/tests/support/plugin-fixture.mjs:274:7)
      at async TestContext.<anonymous> (file:///Users/yuanxi/Workwork/vibe-fs/requirements/managed-chat-execution/tests/005.test.mjs:67:3)
      at async Test.run (node:internal/test_runner/test:1404:7)
      at async startSubtestAfterBootstrap (node:internal/test_runner/harness:387:3) {
    generatedMessage: false,
    code: 'ERR_ASSERTION',
    actual: { accepted: true, disposition: null, providerStarted: false, terminal: false },
    expected: { accepted: true, providerStarted: true, terminal: false, disposition: null },
    operator: 'deepStrictEqual',
    diff: 'simple'
  }

test at requirements/managed-chat-execution/tests/005.test.mjs:85:1
✖ WHAT[managed-chat-execution-005] transform rejects missing or foreign public assistant identity before the provider boundary (299.435833ms)
  AssertionError [ERR_ASSERTION]: Missing expected rejection.
      at async file:///Users/yuanxi/Workwork/vibe-fs/requirements/managed-chat-execution/tests/005.test.mjs:94:7
      at async withExecutablePlugin (file:///Users/yuanxi/Workwork/vibe-fs/requirements/verification-system/tests/support/plugin-fixture.mjs:274:7)
      at async TestContext.<anonymous> (file:///Users/yuanxi/Workwork/vibe-fs/requirements/managed-chat-execution/tests/005.test.mjs:87:5)
      at async Test.run (node:internal/test_runner/test:1404:7)
      at async Test.processPendingSubtests (node:internal/test_runner/test:969:7) {
    generatedMessage: false,
    code: 'ERR_ASSERTION',
    actual: undefined,
    expected: /host-run-unavailable/,
    operator: 'rejects',
    diff: 'simple'
  }
