TAP version 13
# Subtest: WHAT[dispatch-protocol-002] DP_002_submit_records_the_receipt_without_resolving_the_claim
ok 1 - WHAT[dispatch-protocol-002] DP_002_submit_records_the_receipt_without_resolving_the_claim
  ---
  duration_ms: 3.051
  type: 'test'
  ...
# Subtest: WHAT[dispatch-protocol-002] DP_002_abandon_removes_the_claim_and_leaves_the_active_run_alone
ok 2 - WHAT[dispatch-protocol-002] DP_002_abandon_removes_the_claim_and_leaves_the_active_run_alone
  ---
  duration_ms: 0.389417
  type: 'test'
  ...
# Subtest: WHAT[dispatch-protocol-002] DP_002_claim_records_payload_digest_and_participant
ok 3 - WHAT[dispatch-protocol-002] DP_002_claim_records_payload_digest_and_participant
  ---
  duration_ms: 0.292042
  type: 'test'
  ...
# Subtest: WHAT[dispatch-protocol-002] PROMPT_011_RuntimeStarted_advances_a_workspace_watermark_not_every_session
ok 4 - WHAT[dispatch-protocol-002] PROMPT_011_RuntimeStarted_advances_a_workspace_watermark_not_every_session
  ---
  duration_ms: 2.956
  type: 'test'
  ...
# Subtest: WHAT[dispatch-protocol-002] HOST_004_stale_idle_repair_is_abandoned_at_the_final_physical_send_boundary
ok 5 - WHAT[dispatch-protocol-002] HOST_004_stale_idle_repair_is_abandoned_at_the_final_physical_send_boundary
  ---
  duration_ms: 73.698041
  type: 'test'
  ...
# Subtest: WHAT[dispatch-protocol-002] held and failed actual claim append prevents Host send, including crash between durable registration and transport invocation (GAP-136)
ok 6 - WHAT[dispatch-protocol-002] held and failed actual claim append prevents Host send, including crash between durable registration and transport invocation (GAP-136) # TODO
  ---
  duration_ms: 0.075666
  type: 'test'
  ...
# Subtest: WHAT[dispatch-protocol-002] WHAT[crash-reconciliation-006] production Manager idle dispatch sends with the same road and fresh captured permit
ok 7 - WHAT[dispatch-protocol-002] WHAT[crash-reconciliation-006] production Manager idle dispatch sends with the same road and fresh captured permit
  ---
  duration_ms: 40.083
  type: 'test'
  ...
# Subtest: WHAT[dispatch-protocol-002] WHAT[crash-reconciliation-006] production Manager idle dispatch abandons a captured permit revoked by Human physical ingress before SDK send
ok 8 - WHAT[dispatch-protocol-002] WHAT[crash-reconciliation-006] production Manager idle dispatch abandons a captured permit revoked by Human physical ingress before SDK send
  ---
  duration_ms: 34.586417
  type: 'test'
  ...
1..8
# tests 8
# suites 0
# pass 7
# fail 0
# cancelled 0
# skipped 0
# todo 1
# duration_ms 324.866375
