runner: scoped 使用 TESTS_MJS_FILES=8 files
runner: build is current (1781 sources, 878 artifacts)
runner: discovery OVERRIDDEN by TESTS_MJS_FILES (8 file(s))
runner: 8 test file(s), 5000ms verdict-silence window

[test-summary] 8 file(s), 103 passed, 0 failed, 14 skipped, 7 todo (19.16s wall, 20.80s test time)
  todo: /Users/yuanxi/Workwork/vibe-fs/requirements/delegation/tests/021.test.mjs:WHAT[delegation-021] actual fork attaches only the designated peer history without cloning authority or transferring unfinished obligations (GAP-153) — reason not supplied
  todo: /Users/yuanxi/Workwork/vibe-fs/requirements/delegation/tests/019.test.mjs:WHAT[delegation-019] actual fork first-prompt producers obtain the current durable parent record and preserve the typed instruction and data boundary end to end (GAP-153) — reason not supplied
  skip: /Users/yuanxi/Workwork/vibe-fs/requirements/crash-reconciliation/tests/020.test.mjs:WHAT[crash-reconciliation-020] actual child settlement persists voids across journal reopen without a completion — integration tier not enabled
  skip: /Users/yuanxi/Workwork/vibe-fs/requirements/crash-reconciliation/tests/020.test.mjs:WHAT[crash-reconciliation-020] actual child settlement propagates unknown and unattempted append failures — integration tier not enabled
  skip: /Users/yuanxi/Workwork/vibe-fs/requirements/obligation-ledger/tests/005.test.mjs:WHAT[obligation-ledger-005] no checkpoint before the exact completed terminal evidence — integration tier not enabled
  todo: /Users/yuanxi/Workwork/vibe-fs/requirements/crash-reconciliation/tests/020.test.mjs:WHAT[crash-reconciliation-020] actual plugin activation durably settles orphan child and Blogger work before ordinary execution, preserves exact live flights, and refuses append failure (GAP-149) — reason not supplied
  todo: /Users/yuanxi/Workwork/vibe-fs/requirements/crash-reconciliation/tests/020.test.mjs:WHAT[crash-reconciliation-020] a real interrupted run and PTY input are not replayed after restart while unique DevOps authority and durable model Persona binding are retained (GAP-149; GAP-129; GAP-132) — reason not supplied
  skip: /Users/yuanxi/Workwork/vibe-fs/requirements/obligation-ledger/tests/005.test.mjs:WHAT[obligation-ledger-005] the exact completed terminal commits exactly one durable checkpoint — integration tier not enabled
  skip: /Users/yuanxi/Workwork/vibe-fs/requirements/obligation-ledger/tests/005.test.mjs:WHAT[obligation-ledger-005] an error terminal closes the candidate without a checkpoint and without blocking another call — integration tier not enabled
  skip: /Users/yuanxi/Workwork/vibe-fs/requirements/obligation-ledger/tests/005.test.mjs:WHAT[obligation-ledger-005] distinct sessions and calls never confuse checkpoint identities — integration tier not enabled
  skip: /Users/yuanxi/Workwork/vibe-fs/requirements/obligation-ledger/tests/005.test.mjs:WHAT[obligation-ledger-005] concurrent duplicate terminals share one append outcome instead of an early success — integration tier not enabled
  skip: /Users/yuanxi/Workwork/vibe-fs/requirements/obligation-ledger/tests/005.test.mjs:WHAT[obligation-ledger-005] concurrent duplicates of a successful terminal share the one append and commit exactly one fact — integration tier not enabled
  skip: /Users/yuanxi/Workwork/vibe-fs/requirements/obligation-ledger/tests/005.test.mjs:WHAT[obligation-ledger-005] a WriteUnknown append outcome is never retried for the same call — integration tier not enabled
  skip: /Users/yuanxi/Workwork/vibe-fs/requirements/obligation-ledger/tests/005.test.mjs:WHAT[obligation-ledger-005] a WriterUnavailable outcome releases the call so a retry reaches a fresh writer admission — integration tier not enabled
  todo: /Users/yuanxi/Workwork/vibe-fs/requirements/context-compression/tests/027.test.mjs:WHAT[context-compression-027] actual commit refuses a restored old-epoch request against a newer live projection; preserving the number alone does not prove authority; GAP-104 — reason not supplied
  skip: /Users/yuanxi/Workwork/vibe-fs/requirements/context-compression/tests/027.test.mjs:WHAT[context-compression-027] Fable compiles an external consumer of both validating factories and readonly context members — integration tier not enabled
  skip: /Users/yuanxi/Workwork/vibe-fs/requirements/context-compression/tests/027.test.mjs:WHAT[context-compression-027] Fable rejects external direct construction of the private Main record — integration tier not enabled
  skip: /Users/yuanxi/Workwork/vibe-fs/requirements/context-compression/tests/027.test.mjs:WHAT[context-compression-027] Fable rejects external direct construction of the private Squash record — integration tier not enabled
  todo: /Users/yuanxi/Workwork/vibe-fs/requirements/knowledge-reuse/tests/006.test.mjs:WHAT[knowledge-reuse-006] GAP-160: actual Bookkeeper repository access is rejected — reason not supplied
  todo: /Users/yuanxi/Workwork/vibe-fs/requirements/host-boundary/tests/032.test.mjs:WHAT[host-boundary-032] installed Host executor exception restores original arguments without a manually invoked after callback — reason not supplied
  skip: /Users/yuanxi/Workwork/vibe-fs/requirements/host-boundary/tests/032.test.mjs:WHAT[host-boundary-032] canary_manager_review_tools_contract_observed_on_real_host — integration tier not enabled
runner: post-exit group verification/reclamation: pid=52139; elapsedMs=22.025; accepted=true
runner: 124 test(s), 20.8s of test time; max 1277ms, p90 396ms, median 56ms
runner:    1277ms  WHAT[requirement-grounding-008] registered hooks allow a controlled Host write to an ungrounded covered path
runner:     919ms  WHAT[host-boundary-032] C01_tool_definition_decorates_the_review_tool_with_contract_enum
runner:     648ms  WHAT[host-boundary-032] C32_decoration_gate_shares_the_single_predictor_configuration_query
runner:     642ms  WHAT[host-boundary-032] C31_invalid_predictor_configuration_fails_closed_without_publishing_partial_protocol
runner:     576ms  WHAT[host-boundary-032] C36_repeated_transforms_restore_once_and_stay_stable

runner: 103 passed, 0 failed; 8/8 planned file(s) completed
runner: partial evidence; 14 skipped, 7 TODO; excluded cases are not passes
runner: pending proof prevents complete acceptance
