runner: scoped 使用 TESTS_MJS_FILES=192 files
runner: build is current (1784 sources, 879 artifacts)
runner: discovery OVERRIDDEN by TESTS_MJS_FILES (192 file(s))
runner: 192 test file(s), 5000ms verdict-silence window
{"operation":"managed-agent-config-invalid","result":"Legacy agent name 'coder' is present in opencode.json."}
js-boundary-gate: OK — 0 debt line(s) across 0 file(s)
js-boundary-gate: 1 violation(s) across 1 file(s)
  ../../../../var/folders/g_/3ydzn7kx5lg9ylq8fd9p_13r0000gn/T/js-surface-lhNH8F/requirements/consumer/tests/support/api.mjs:1 [deep-dist-import] import * as api from '../../../../dist/Internal/Unregistered.js'
js-boundary-gate: OK — 0 debt line(s) across 0 file(s)
{"operation":"plugin-hook-chat-message-failed","result":"Managed chat admission failed: TransactionFailed (LeaseHandoffFailed (external input supersession failed to drain the old Host attempt: Host rejected session abort: { message = \"controlled SDK abort rejection\" }, TerminalCommitted (Settled Applied)))"}
js-surface-manifest: 1 violation(s)
  Owner/Surface.js: law owner-099 is absent from requirements/owner/WHAT.md
js-surface-manifest: OK — 1 registered surfaces, laws and contract imports closed
{"operation":"plugin-hook-chat-message-failed","result":"Managed chat admission failed: TransactionFailed (AcceptanceFailed (EstablishedEvidenceConflict ({ SessionId = SessionId \"ses-concurrent-admission\"\n  LogicalRunId = LogicalRunId \"3481824be1cbb70b1da42264063cf1eb8fb22cf80adab65edfbe2f5d98b382c4\"\n  AuthorityRootUserMessageId = AuthorityRootUserMessageId \"msg-concurrent-admission\"\n  AuthorityKind = HumanRoot\n  IdentitySeed = RootSelection ({ Identity = { SelectedAgent = PersonaName \"engineer\"\n  Kind = ManagedRole Engineer\n  Persona = \"Engineer\"\n  PersonaCatalogVersion = PersonaCatalogVersion 1\n  Origin = ResolvedAtRoot } })\n  PhysicalUserMessageId = PhysicalUserMessageId \"msg-concurrent-admission\"\n  Origin = AuthorityRoot HumanRoot }, { SessionId = SessionId \"ses-concurrent-admission\"\n  LogicalRunId = LogicalRunId \"3481824be1cbb70b1da42264063cf1eb8fb22cf80adab65edfbe2f5d98b382c4\"\n  AuthorityRootUserMessageId = AuthorityRootUserMessageId \"msg-concurrent-admission\"\n  AuthorityKind = HumanRoot\n  IdentitySeed = RootSelection ({ Identity = { SelectedAgent = PersonaName \"engineer\"\n  Kind = ManagedRole Engineer\n  Persona = \"Engineer\"\n  PersonaCatalogVersion = PersonaCatalogVersion 1\n  Origin = ResolvedAtRoot } })\n  PhysicalUserMessageId = PhysicalUserMessageId \"msg-concurrent-admission\""}
js-module-linkage: OK — 3 emitted modules linked and loaded
js-module-linkage: FAILED — 2 violation(s)
  consumer.js: failed to load emitted module: Unexpected token '='
  consumer.js: invalid emitted ESM: <source>: Unexpected token (1:13)
js-module-linkage: FAILED — 1 violation(s)
  broken.js: failed to load emitted module: initialization failed
HOOK CHAT MESSAGE FAILED: ChatAdmissionHookException {
  message: 'Managed chat admission failed: TransactionFailed (LeaseCommitFailed (Conflict, Settled Conflict))',
  innerException: undefined,
  failure: ChatAdmissionHookFailure {
    tag: 1,
    fields: [ [ChatAdmissionTransactionError] ]
  },
  executionKey: ChatExecutionKey {
    SessionId: SessionId { tag: 0, fields: [Array] },
    PhysicalUserMessageId: PhysicalUserMessageId { tag: 0, fields: [Array] }
  }
}
{"opencodeChatAdmissionCanary":{"schemaVersion":1,"launched":"/Users/yuanxi/Workwork/vibe-fs/node_modules/.bin/opencode serve --port 0 --hostname 127.0.0.1","versions":{"opencode":"1.18.29","plugin":"1.18.29"},"publicApis":{"hooks":["chat.message","chat.params","experimental.chat.messages.transform","event"],"sdk":["POST /api/session","POST /session/{id}/prompt_async","GET /session/status"]},"observations":[{"sequence":1,"kind":"chat.message","value":{"input":{"keys":["agent","messageID","model","sessionID","variant"],"sessionID":"$session","messageID":"$accepted-message"},"output":{"keys":["message","parts"],"messageKeys":["agent","format","id","model","role","sessionID","system","time","tools"],"messageID":"$accepted-message","sessionID":"$session","partCount":1}}},{"sequence":2,"kind":"message.updated","value":{"keys":["id","properties","type"],"propertyKeys":["info","sessionID"],"infoKeys":["agent","format","id","model","role","sessionID","system","time","tools"],"info":{"id":"$accepted-message","sessionID":"$session","parentID":null,"role":"user","timeKeys":["created"],"created":1790971831832,"completed":null,"finish":null}}},{"sequence":3,"kind":"message.updated","value":{"keys":["id","properties","type"],"propertyKeys":["info","sessionID"],"infoKeys":["agent","cost","id","mode","modelID","parentID","path","providerID","role","sessionID","time","tokens","variant"],"info":{"id":"msg_0fe3d688a001XJJkvjpnhP7sZJ","sessionID":"$session","parentID":"$accepted-message","role":"assistant","timeKeys":["created"],"created":1790971832458,"completed":null,"finish":null}}},{"sequence":4,"kind":"experimental.chat.messages.transform","value":{"messageID":"$accepted-message","sessionID":"$session","role":"user"}},{"sequence":5,"kind":"chat.params","value":{"inputKeys":["agent","message","model","provider","sessionID"],"sessionID":"$session","messageID":"$accepted-message","messageSessionID":"$session","modelKeys":["api","capabilities","cost","family","headers","id","limit","name","options","providerID","release_date","status","variants"],"modelID":"test-model","providerKeys":["env","id","models","name","options","source"],"providerInfoKeys":[]}},{"sequence":6,"kind":"provider","value":{"model":"test-model","precedingHooks":["chat.message","message.updated","message.updated","experimental.chat.messages.transform","chat.params"]}},{"sequence":7,"kind":"chat.params","value":{"inputKeys":["agent","message","model","provider","sessionID"],"sessionID":"$session","messageID":"$accepted-message","messageSessionID":"$session","modelKeys":["api","capabilities","cost","family","headers","id","limit","name","options","providerID","release_date","status","variants"],"modelID":"test-model","providerKeys":["env","id","models","name","options","source"],"providerInfoKeys":[]}},{"sequence":8,"kind":"provider","value":{"model":"test-model","precedingHooks":["chat.message","message.updated","message.updated","experimental.chat.messages.transform","chat.params","provider","chat.params"]}},{"sequence":9,"kind":"message.updated","value":{"keys":["id","properties","type"],"propertyKeys":["info","sessionID"],"infoKeys":["agent","cost","finish","id","mode","modelID","parentID","path","providerID","role","sessionID","time","tokens","variant"],"info":{"id":"msg_0fe3d688a001XJJkvjpnhP7sZJ","sessionID":"$session","parentID":"$accepted-message","role":"assistant","timeKeys":["created"],"created":1790971832458,"completed":null,"finish":"stop"}}},{"sequence":10,"kind":"message.updated","value":{"keys":["id","properties","type"],"propertyKeys":["info","sessionID"],"infoKeys":["agent","cost","finish","id","mode","modelID","parentID","path","providerID","role","sessionID","time","tokens","variant"],"info":{"id":"msg_0fe3d688a001XJJkvjpnhP7sZJ","sessionID":"$session","parentID":"$accepted-message","role":"assistant","timeKeys":["completed","created"],"created":1790971832458,"completed":1790971834844,"finish":"stop"}}},{"sequence":11,"kind":"session.idle","value":{"keys":["id","properties","type"],"properties":{"sessionID":"<string>"},"propertyKeys":["sessionID"]}},{"sequence":12,"kind":"chat.message","value":{"input":{"keys":["agent","messageID","model","sessionID","variant"],"sessionID":"$session","messageID":"$accepted-message"},"output":{"keys":["message","parts"],"messageKeys":["agent","format","id","model","role","sessionID","system","time","tools"],"messageID":"$accepted-message","sessionID":"$session","partCount":1}}},{"sequence":13,"kind":"message.updated","value":{"keys":["id","properties","type"],"propertyKeys":["info","sessionID"],"infoKeys":["agent","format","id","model","role","sessionID","system","time","tools"],"info":{"id":"$accepted-message","sessionID":"$session","parentID":null,"role":"user","timeKeys":["created"],"created":1790971834894,"completed":null,"finish":null}}},{"sequence":14,"kind":"session.idle","value":{"keys":["id","properties","type"],"properties":{"sessionID":"<string>"},"propertyKeys":["sessionID"]}},{"sequence":15,"kind":"chat.message","value":{"input":{"keys":["agent","messageID","model","sessionID","variant"],"sessionID":"$session","messageID":"$rejected-message"},"output":{"keys":["message","parts"],"messageKeys":["agent","format","id","model","role","sessionID","system","time","tools"],"messageID":"$rejected-message","sessionID":"$session","partCount":1}}},{"sequence":16,"kind":"chat.message.rejection","value":{"sessionID":"$session","messageID":"$rejected-message"}},{"sequence":17,"kind":"session.error","value":{"keys":["id","properties","type"],"properties":{"error":{"data":{"message":"<string>"},"name":"UnknownError"},"sessionID":"<string>"},"propertyKeys":["error","sessionID"]}}],"providerLifecycle":{"chatParamsDeliveries":2,"providerDeliveries":2,"assistantMessageUpdates":3},"duplicate":{"responseStatus":204,"providerDeliveriesBefore":2,"providerDeliveriesAfter":2,"transformsBefore":1,"transformsAfter":1,"publicSessionStatus":null},"rejection":{"responseStatus":204}}}
HOOK CHAT MESSAGE FAILED: ChatAdmissionHookException {
  message: 'Managed chat admission failed: TransactionFailed (LeaseCommitFailed (Conflict, Settled Conflict))',
  innerException: undefined,
  failure: ChatAdmissionHookFailure {
    tag: 1,
    fields: [ [ChatAdmissionTransactionError] ]
  },
  executionKey: ChatExecutionKey {
    SessionId: SessionId { tag: 0, fields: [Array] },
    PhysicalUserMessageId: PhysicalUserMessageId { tag: 0, fields: [Array] }
  }
}
HOOK CHAT MESSAGE FAILED: ChatAdmissionHookException {
  message: 'Managed chat admission failed: TransactionFailed (LeaseCommitFailed (Conflict, Settled Conflict))',
  innerException: undefined,
  failure: ChatAdmissionHookFailure {
    tag: 1,
    fields: [ [ChatAdmissionTransactionError] ]
  },
  executionKey: ChatExecutionKey {
    SessionId: SessionId { tag: 0, fields: [Array] },
    PhysicalUserMessageId: PhysicalUserMessageId { tag: 0, fields: [Array] }
  }
}
HOOK CHAT MESSAGE FAILED: ChatAdmissionHookException {
  message: 'Managed chat admission failed: TransactionFailed (LeaseCommitFailed (Conflict, Settled Conflict))',
  innerException: undefined,
  failure: ChatAdmissionHookFailure {
    tag: 1,
    fields: [ [ChatAdmissionTransactionError] ]
  },
  executionKey: ChatExecutionKey {
    SessionId: SessionId { tag: 0, fields: [Array] },
    PhysicalUserMessageId: PhysicalUserMessageId { tag: 0, fields: [Array] }
  }
}
HOOK CHAT MESSAGE FAILED: ChatAdmissionHookException {
  message: 'Managed chat admission failed: TransactionFailed (LeaseCommitFailed (Conflict, Settled Conflict))',
  innerException: undefined,
  failure: ChatAdmissionHookFailure {
    tag: 1,
    fields: [ [ChatAdmissionTransactionError] ]
  },
  executionKey: ChatExecutionKey {
    SessionId: SessionId { tag: 0, fields: [Array] },
    PhysicalUserMessageId: PhysicalUserMessageId { tag: 0, fields: [Array] }
  }
}
HOOK CHAT MESSAGE FAILED: ChatAdmissionHookException {
  message: 'Managed chat admission failed: TransactionFailed (LeaseCommitFailed (Conflict, Settled Conflict))',
  innerException: undefined,
  failure: ChatAdmissionHookFailure {
    tag: 1,
    fields: [ [ChatAdmissionTransactionError] ]
  },
  executionKey: ChatExecutionKey {
    SessionId: SessionId { tag: 0, fields: [Array] },
    PhysicalUserMessageId: PhysicalUserMessageId { tag: 0, fields: [Array] }
  }
}

✖ failing tests:

test at /Users/yuanxi/Workwork/vibe-fs/requirements/managed-chat-execution/tests/003.test.mjs:7:1
✖ WHAT[managed-chat-execution-003] concurrent exact chat admissions and their replay project one committed target into every Host request (1527.062ms)
  {
    message: 'Managed chat admission failed: TransactionFailed (AcceptanceFailed (EstablishedEvidenceConflict ({ SessionId = SessionId "ses-concurrent-admission"\n' +
      '  LogicalRunId = LogicalRunId "3481824be1cbb70b1da42264063cf1eb8fb22cf80adab65edfbe2f5d98b382c4"\n' +
      '  AuthorityRootUserMessageId = AuthorityRootUserMessageId "msg-concurrent-admission"\n' +
      '  AuthorityKind = HumanRoot\n' +
      '  IdentitySeed = RootSelection ({ Identity = { SelectedAgent = PersonaName "engineer"\n' +
      '  Kind = ManagedRole Engineer\n' +
      '  Persona = "Engineer"\n' +
      '  PersonaCatalogVersion = PersonaCatalogVersion 1\n' +
      '  Origin = ResolvedAtRoot } })\n' +
      '  PhysicalUserMessageId = PhysicalUserMessageId "msg-concurrent-admission"\n' +
      '  Origin = AuthorityRoot HumanRoot }, { SessionId = SessionId "ses-concurrent-admission"\n' +
      '  LogicalRunId = LogicalRunId "3481824be1cbb70b1da42264063cf1eb8fb22cf80adab65edfbe2f5d98b382c4"\n' +
      '  AuthorityRootUserMessageId = AuthorityRootUserMessageId "msg-concurrent-admission"\n' +
      '  AuthorityKind = HumanRoot\n' +
      '  IdentitySeed = RootSelection ({ Identity = { SelectedAgent = PersonaName "engineer"\n' +
      '  Kind = ManagedRole Engineer\n' +
      '  Persona = "Engineer"\n' +
      '  PersonaCatalogVersion = PersonaCatalogVersion 1\n' +
      '  Origin = ResolvedAtRoot } })\n' +
      '  PhysicalUserMessageId = PhysicalUserMessageId "msg-concurrent-admission"\n' +
      '  Origin = Continuation HumanMessage })))',
    innerException: undefined,
    failure: { tag: 1, fields: [ [Object] ] },
    executionKey: {
      SessionId: { tag: 0, fields: [Array] },
      PhysicalUserMessageId: { tag: 0, fields: [Array] }
    }
  }

test at /Users/yuanxi/Workwork/vibe-fs/requirements/structured-workflow/tests/005.test.mjs:36:1
✖ WHAT[structured-workflow-005] SW_005_mutable_storage_discipline_and_no_workflow_state (236.814ms)
  AssertionError [ERR_ASSERTION]: Mutable declaration at /Users/yuanxi/Workwork/vibe-fs/src/Wanxiangshu/OpenCode/Host/HostSignalBootstrap.fs:943 must be preceded by a "// DSL-MUTABLE:" annotation. Line:                         let phase = ref ChatAdmissionFlightPhase.Running
      at TestContext.<anonymous> (file:///Users/yuanxi/Workwork/vibe-fs/requirements/structured-workflow/tests/005.test.mjs:67:14)
      at Test.runInAsyncScope (node:async_hooks:214:14)
      at Test.run (node:internal/test_runner/test:1047:25)
      at Test.start (node:internal/test_runner/test:944:17)
      at startSubtestAfterBootstrap (node:internal/test_runner/harness:296:17)

test at /Users/yuanxi/Workwork/vibe-fs/requirements/context-compression/tests/018.test.mjs:612:1
✖ WHAT[context-compression-018] fresh binding without suppression history admits ordinary material (1720.362ms)
  {
    message: 'MANAGED-CHAT-005: provider start boundary rejected (host-run-unavailable): HostRunUnavailable ({ SessionId = SessionId "ses_fresh_ordinary_binding"\n' +
      '  PhysicalUserMessageId = PhysicalUserMessageId "msg-user-fresh-1" }, NoBindableRun)',
    innerException: undefined,
    failure: { tag: 1, fields: [ [Object], [Object] ] }
  }

test at /Users/yuanxi/Workwork/vibe-fs/requirements/speculative-investigation/tests/013.test.mjs:478:1
✖ WHAT[speculative-investigation-013] SPEC_INV_013_real_transform_captures_one_delegation_request_for_a_root_work_session (509.150ms)
  'Promise resolution is still pending but the event loop has already resolved'

test at /Users/yuanxi/Workwork/vibe-fs/requirements/speculative-investigation/tests/013.test.mjs:567:1
✖ WHAT[speculative-investigation-013] shared common-dir instances prepare one resident and unloading one preserves its lease and next decision (0.000ms)
  'Promise resolution is still pending but the event loop has already resolved'

test at /Users/yuanxi/Workwork/vibe-fs/requirements/speculative-investigation/tests/013.test.mjs:668:1
✖ WHAT[speculative-investigation-013] SPEC_INV_013_real_transform_refuses_an_in_flight_source_batch (0.000ms)
  'Promise resolution is still pending but the event loop has already resolved'

test at /Users/yuanxi/Workwork/vibe-fs/requirements/speculative-investigation/tests/013.test.mjs:713:1
✖ WHAT[speculative-investigation-013] a completed estimate from an older physical input cannot authorize the current request (0.000ms)
  'Promise resolution is still pending but the event loop has already resolved'

test at /Users/yuanxi/Workwork/vibe-fs/requirements/speculative-investigation/tests/013.test.mjs:753:1
✖ WHAT[speculative-investigation-013] SPEC_INV_013_real_transform_refuses_to_misidentify_incomplete_trailing_batch_matching_earlier_batch (0.000ms)
  'Promise resolution is still pending but the event loop has already resolved'

test at /Users/yuanxi/Workwork/vibe-fs/requirements/capability-enforcement/tests/006.test.mjs:209:1
✖ WHAT[capability-enforcement-006] AUTOINJ_active_empty_skill_call_is_denied_without_touching_real_skill_names (566.963ms)
  {
    message: 'MANAGED-CHAT-005: provider start boundary rejected (host-run-unavailable): HostRunUnavailable ({ SessionId = SessionId "ses-auto-injected"\n' +
      '  PhysicalUserMessageId = PhysicalUserMessageId "root-ses-auto-injected" }, NoBindableRun)',
    innerException: undefined,
    failure: { tag: 1, fields: [ [Object], [Object] ] }
  }

test at /Users/yuanxi/Workwork/vibe-fs/requirements/capability-enforcement/tests/006.test.mjs:256:1
✖ WHAT[capability-enforcement-006] AUTOINJ_tryInject_rewrites_active_call_without_synthetic_injection (343.358ms)
  {
    message: 'MANAGED-CHAT-005: provider start boundary rejected (host-run-unavailable): HostRunUnavailable ({ SessionId = SessionId "ses-auto-injected"\n' +
      '  PhysicalUserMessageId = PhysicalUserMessageId "root-ses-auto-injected" }, NoBindableRun)',
    innerException: undefined,
    failure: { tag: 1, fields: [ [Object], [Object] ] }
  }

test at /Users/yuanxi/Workwork/vibe-fs/requirements/relay-retirement/tests/008.test.mjs:24:1
✖ WHAT[relay-retirement-008] actual Continue starts one same-session successor whose transform retains the old physical history without another abort (962.639ms)
  {
    message: 'MANAGED-CHAT-005: provider start boundary rejected (host-run-unavailable): HostRunUnavailable ({ SessionId = SessionId "review-manager"\n' +
      '  PhysicalUserMessageId = PhysicalUserMessageId "msg-review-manager-3" }, NoBindableRun)',
    innerException: undefined,
    failure: { tag: 1, fields: [ [Object], [Object] ] }
  }

test at /Users/yuanxi/Workwork/vibe-fs/requirements/relay-retirement/tests/008.test.mjs:39:1
✖ WHAT[relay-retirement-008] physical prompt after Accepted suicide invalidates certificate and unblocks successor manager tools (405.849ms)
  {
    message: 'MANAGED-CHAT-005: provider start boundary rejected (host-run-unavailable): HostRunUnavailable ({ SessionId = SessionId "ses-accepted-human-successor"\n' +
      '  PhysicalUserMessageId = PhysicalUserMessageId "root-ses-accepted-human-successor" }, NoBindableRun)',
    innerException: undefined,
    failure: { tag: 1, fields: [ [Object], [Object] ] }
  }


[test-summary] 192 file(s), 1082 passed, 12 failed, 18 skipped, 100 todo (20.62s wall, 114.88s test time)
  todo: /Users/yuanxi/Workwork/vibe-fs/requirements/degeneration-guard/tests/006.test.mjs:WHAT[degeneration-guard-006] actual Host run transitions reset detector state and session deletion drains in-flight guard tasks (GAP-145) — reason not supplied
  todo: /Users/yuanxi/Workwork/vibe-fs/requirements/degeneration-guard/tests/010.test.mjs:WHAT[degeneration-guard-010] actual Host exempts roots compaction and unmanaged internal runs while retaining owned managed children (GAP-145) — reason not supplied
  todo: /Users/yuanxi/Workwork/vibe-fs/requirements/degeneration-guard/tests/008.test.mjs:WHAT[degeneration-guard-008] real process restart discards armed state and real Host reconciliation preserves exact physical run identity (GAP-145) — reason not supplied
  todo: /Users/yuanxi/Workwork/vibe-fs/requirements/degeneration-guard/tests/002.test.mjs:WHAT[degeneration-guard-002] actual Host only supplies assistant text streams and cannot turn deltas into terminal authority or journal facts (GAP-145) — reason not supplied
  todo: /Users/yuanxi/Workwork/vibe-fs/requirements/degeneration-guard/tests/009.test.mjs:WHAT[degeneration-guard-009] actual dispatch preserves accepted unknown and definitely refused continuation outcomes and owned-work cancellation (GAP-145) — reason not supplied
  todo: /Users/yuanxi/Workwork/vibe-fs/requirements/degeneration-guard/tests/012.test.mjs:WHAT[degeneration-guard-012] real turn and fission workflows yield to guard-owned recovery without another nudge repair budget update or provider retry (GAP-145) — reason not supplied
  todo: /Users/yuanxi/Workwork/vibe-fs/requirements/degeneration-guard/tests/011.test.mjs:WHAT[degeneration-guard-011] actual continuation binds DegenerationGuard authority and uses the matching anomaly resource (GAP-145) — reason not supplied
  todo: /Users/yuanxi/Workwork/vibe-fs/requirements/dispatch-protocol/tests/001.test.mjs:WHAT[dispatch-protocol-001] every actual synthetic-message producer uses the registered dispatcher, including Guard, repair, nudge and Orchestrator paths (GAP-136) — reason not supplied
  todo: /Users/yuanxi/Workwork/vibe-fs/requirements/dispatch-protocol/tests/004.test.mjs:WHAT[dispatch-protocol-004] actual process restart matches exact durable PromptKey including read-only historical agent-bearing keys without re-encoding them (GAP-136) — reason not supplied
  skip: /Users/yuanxi/Workwork/vibe-fs/requirements/degeneration-guard/tests/004.test.mjs:WHAT[degeneration-guard-004] current runtime envelope matches a fresh repository derivation and the self-consistent prior — integration tier not enabled
  todo: /Users/yuanxi/Workwork/vibe-fs/requirements/degeneration-guard/tests/004.test.mjs:WHAT[degeneration-guard-004] actual build binds generator selector selected bytes and runtime traversal to one staged input (GAP-145) — reason not supplied
  todo: /Users/yuanxi/Workwork/vibe-fs/requirements/dispatch-protocol/tests/014.test.mjs:WHAT[dispatch-protocol-014] actual invariant incident retains exact committed or unknown claim truth before invoking the injected fatal capability (GAP-136) — reason not supplied
  todo: /Users/yuanxi/Workwork/vibe-fs/requirements/dispatch-protocol/tests/014.test.mjs:WHAT[dispatch-protocol-014] duplicated actual dispatch incident reports and kills once without relabeling an accepted send as unsent (GAP-136) — reason not supplied
  todo: /Users/yuanxi/Workwork/vibe-fs/requirements/dispatch-protocol/tests/002.test.mjs:WHAT[dispatch-protocol-002] held and failed actual claim append prevents Host send, including crash between durable registration and transport invocation (GAP-136) — reason not supplied
  todo: /Users/yuanxi/Workwork/vibe-fs/requirements/dispatch-protocol/tests/008.test.mjs:WHAT[dispatch-protocol-008] repeated post-flight exact occasions send again only after durable Abandoned, never after Pending, Submitted or PhysicalAccepted (GAP-136) — reason not supplied
  todo: /Users/yuanxi/Workwork/vibe-fs/requirements/execution-failure-policy/tests/004.test.mjs:WHAT[execution-failure-policy-004] GAP-120 compiler rejects forged opaque fence and actual release owner preserves capacity on wrong target or execution — reason not supplied
  todo: /Users/yuanxi/Workwork/vibe-fs/requirements/execution-failure-policy/tests/005.test.mjs:WHAT[execution-failure-policy-005] GAP-120 actual terminal owner rejects a wrong key and a cross-phase command without altering either execution — reason not supplied
  todo: /Users/yuanxi/Workwork/vibe-fs/requirements/dispatch-protocol/tests/013.test.mjs:WHAT[dispatch-protocol-013] actual plugin construction reads no journal or Host evidence and recovery cannot run before successful durability activation (GAP-136) — reason not supplied
  todo: /Users/yuanxi/Workwork/vibe-fs/requirements/dispatch-protocol/tests/012.test.mjs:WHAT[dispatch-protocol-012] real PhysicalAccepted handoff retains the whole atomic profile and only managed execution acquires exact capacity and creates execution facts (GAP-136) — reason not supplied
  todo: /Users/yuanxi/Workwork/vibe-fs/requirements/execution-failure-policy/tests/007.test.mjs:WHAT[execution-failure-policy-007] GAP-120 unresolved real acceptance or persistence never repeats provider dispatch or capacity effects across restart — reason not supplied
  todo: /Users/yuanxi/Workwork/vibe-fs/requirements/execution-failure-policy/tests/008.test.mjs:WHAT[execution-failure-policy-008] GAP-120 actual policy and interpreter dependency boundary excludes clock polling or sleep authority; JS ignored fields alone do not prove this — reason not supplied
  todo: /Users/yuanxi/Workwork/vibe-fs/requirements/execution-failure-policy/tests/013.test.mjs:WHAT[execution-failure-policy-013] GAP-120 actual transform repair and settlement entrypoints preserve catch-up fuse and unknown state independently — reason not supplied
  todo: /Users/yuanxi/Workwork/vibe-fs/requirements/execution-failure-policy/tests/003.test.mjs:WHAT[execution-failure-policy-003] GAP-120 caller cannot construct sealed recovery authorization and actual ledger deduplicates physical emission of one identity — reason not supplied
  todo: /Users/yuanxi/Workwork/vibe-fs/requirements/dispatch-protocol/tests/010.test.mjs:WHAT[dispatch-protocol-010] compiler rejects adding physical model authority to the opaque root (GAP-136: F# type-level proof pending — the wire model-free test above is retained but does not prove compile-time rejection) — reason not supplied
  todo: /Users/yuanxi/Workwork/vibe-fs/requirements/execution-failure-policy/tests/006.test.mjs:WHAT[execution-failure-policy-006] GAP-120 inject NotCommitted and Unknown at actual terminal append and observe no exact fence release — reason not supplied
  todo: /Users/yuanxi/Workwork/vibe-fs/requirements/execution-failure-policy/tests/006.test.mjs:WHAT[execution-failure-policy-006] GAP-120 same real child records settlement then fatal exit exactly once; no concatenated independent traces — reason not supplied
  todo: /Users/yuanxi/Workwork/vibe-fs/requirements/execution-model-routing/tests/004.test.mjs:WHAT[execution-model-routing-004] unaccepted speculative intent must not preoccupy capacity — GAP-130: optional reservation currently occupies a token before chat.message; 34-D2 needs decision
  todo: /Users/yuanxi/Workwork/vibe-fs/requirements/execution-model-routing/tests/007.test.mjs:WHAT[execution-model-routing-007] actual Host event closes the physical execution only after durable terminal and idle/business events leave binding intact (GAP-128) — reason not supplied
  todo: /Users/yuanxi/Workwork/vibe-fs/requirements/execution-model-routing/tests/011.test.mjs:WHAT[execution-model-routing-011] actual admission proves target resolution, durable Accepted, exact capacity, binding and Host projection order, with zero later effects on failure (GAP-128/131) — reason not supplied
  todo: /Users/yuanxi/Workwork/vibe-fs/requirements/execution-model-routing/tests/012.test.mjs:WHAT[execution-model-routing-012] compiler rejects fabricated exact opaque capacity fences and direct foreign custody construction (GAP-128: F# type-level opacity proof pending — the runtime fail-closed test above is retained but does not prove compile-time rejection) — reason not supplied
  todo: /Users/yuanxi/Workwork/vibe-fs/requirements/execution-model-routing/tests/016.test.mjs:WHAT[execution-model-routing-016] actual routing fatal rejects missing settlement, stale fence and coarse identity before touching injected fuse (GAP-128) — reason not supplied
  todo: /Users/yuanxi/Workwork/vibe-fs/requirements/execution-model-routing/tests/016.test.mjs:WHAT[execution-model-routing-016] actual incident reports and kills once through injected capability without altering capacity (GAP-128) — reason not supplied
  todo: /Users/yuanxi/Workwork/vibe-fs/requirements/execution-model-routing/tests/019.test.mjs:WHAT[execution-model-routing-019] changed scheduler cannot overwrite a previously bound DevOps target — GAP-129: current availability check allows changing the supposedly immutable binding; 34-D1 needs decision
  todo: /Users/yuanxi/Workwork/vibe-fs/requirements/execution-model-routing/tests/019.test.mjs:WHAT[execution-model-routing-019] fixed road binding persists across real restart and physical-session replacement without model drift (GAP-129) — reason not supplied
  todo: /Users/yuanxi/Workwork/vibe-fs/requirements/execution-failure-policy/tests/010.test.mjs:WHAT[execution-failure-policy-010] GAP-121 every retained fuse has actual phase-specific proof; source and test file existence do not establish unreachable branches — reason not supplied
  todo: /Users/yuanxi/Workwork/vibe-fs/requirements/host-boundary/tests/019.test.mjs:WHAT[host-boundary-019] every required Host capability needs a real supported-Host canary; injected transform ports prove only composition — reason not supplied
  skip: /Users/yuanxi/Workwork/vibe-fs/requirements/host-boundary/tests/026.test.mjs:WHAT[host-boundary-026] real Fable compiles Host diagnostics with only its declared dependencies — integration tier not enabled
  todo: /Users/yuanxi/Workwork/vibe-fs/requirements/host-boundary/tests/029.test.mjs:WHAT[host-boundary-029] real rejection, stale-callback and exhaustion paths must prove nonfatal process completion; previous fixtures only printed success — reason not supplied
  todo: /Users/yuanxi/Workwork/vibe-fs/requirements/host-provider-failure-ownership/tests/003.test.mjs:WHAT[host-provider-failure-ownership-003] actual recovery emits no plugin final presentation before exhaustion and preserves Host native error visibility (GAP-143) — reason not supplied
  todo: /Users/yuanxi/Workwork/vibe-fs/requirements/host-provider-failure-ownership/tests/005.test.mjs:WHAT[host-provider-failure-ownership-005] actual Host observer and Change Orchestrator cannot send recovery without the policy owner licence (GAP-143) — reason not supplied
  todo: /Users/yuanxi/Workwork/vibe-fs/requirements/host-provider-failure-ownership/tests/006.test.mjs:WHAT[host-provider-failure-ownership-006] real budget and capacity exhaustion durably terminalize, stop admission and emit exactly one final through duplicate callbacks and restart (GAP-143) — reason not supplied
  todo: /Users/yuanxi/Workwork/vibe-fs/requirements/host-provider-failure-ownership/tests/007.test.mjs:WHAT[host-provider-failure-ownership-007] compatibility gate rejects consumer and error presentation owner drift through SDK and Desktop CLI (GAP-143) — reason not supplied
  todo: /Users/yuanxi/Workwork/vibe-fs/requirements/js-semantic-surface/tests/001.test.mjs:WHAT[js-semantic-surface-001] imported test support satisfies the required .mjs suffix — 03-D1: existing .js support conflicts with the current .mjs-only rule; decide the rule before migration
  todo: /Users/yuanxi/Workwork/vibe-fs/requirements/host-provider-failure-ownership/tests/004.test.mjs:WHAT[host-provider-failure-ownership-004] real Host UI retains config permission tool cancel and unknown errors without global suppression (GAP-143) — reason not supplied
  todo: /Users/yuanxi/Workwork/vibe-fs/requirements/managed-chat-execution/tests/006.test.mjs:WHAT[managed-chat-execution-006] public Host terminal event waits for durable commit before exact capacity release under held and uncertain append (GAP-126) — reason not supplied
  todo: /Users/yuanxi/Workwork/vibe-fs/requirements/managed-chat-execution/tests/008.test.mjs:WHAT[managed-chat-execution-008] plugin construction performs no durable reads, capacity acquisition or recovery before substrate activation (GAP-126) — reason not supplied
  todo: /Users/yuanxi/Workwork/vibe-fs/requirements/managed-chat-execution/tests/008.test.mjs:WHAT[managed-chat-execution-008] activation failure prevents recovery and causal activation resumes through ordinary admission without timers (GAP-126) — reason not supplied
  skip: /Users/yuanxi/Workwork/vibe-fs/requirements/host-boundary/tests/033.test.mjs:WHAT[host-boundary-033] installed Host drains a superseded Guard and answers the exact fresh human input — integration tier not enabled
  skip: /Users/yuanxi/Workwork/vibe-fs/requirements/host-boundary/tests/033.test.mjs:WHAT[host-boundary-033] installed Host drains a held Guard before waiting for its only capacity slot — integration tier not enabled
  skip: /Users/yuanxi/Workwork/vibe-fs/requirements/managed-chat-execution/tests/009.test.mjs:WHAT[managed-chat-execution-009] abrupt process exit retains exact Accepted and empties local admission capacity — integration tier not enabled
  todo: /Users/yuanxi/Workwork/vibe-fs/requirements/managed-chat-execution/tests/012.test.mjs:WHAT[managed-chat-execution-012] durable output of every A–I crash cut feeds actual recovery after process restart without duplicate owner effects (GAP-127) — reason not supplied
  todo: /Users/yuanxi/Workwork/vibe-fs/requirements/managed-chat-execution/tests/012.test.mjs:WHAT[managed-chat-execution-012] late recovery release after supersession preserves the newer real capacity owner and rejects genuine conflict (GAP-126) — reason not supplied
  todo: /Users/yuanxi/Workwork/vibe-fs/requirements/managed-session-lifecycle/tests/002.test.mjs:WHAT[managed-session-lifecycle-002] holding association append prevents the first actual prompt until durable confirmation (GAP-133) — reason not supplied
  todo: /Users/yuanxi/Workwork/vibe-fs/requirements/managed-session-lifecycle/tests/003.test.mjs:WHAT[managed-session-lifecycle-003] journal reopened after actual process restart selects one exact child and attaches a new child to the real family root (GAP-133) — reason not supplied
  todo: /Users/yuanxi/Workwork/vibe-fs/requirements/managed-session-lifecycle/tests/006.test.mjs:WHAT[managed-session-lifecycle-006] replay cannot revive a retired Engineer handle — GAP-132: replayExistingLink restores Active
  todo: /Users/yuanxi/Workwork/vibe-fs/requirements/managed-session-lifecycle/tests/006.test.mjs:WHAT[managed-session-lifecycle-006] replay cannot revive a retired DevOps handle — GAP-132: replayExistingLink restores Active
  todo: /Users/yuanxi/Workwork/vibe-fs/requirements/managed-session-lifecycle/tests/008.test.mjs:WHAT[managed-session-lifecycle-008] actual join withholds payload until retirement append confirms and survives each crash cut with one delivery (GAP-133) — reason not supplied
  todo: /Users/yuanxi/Workwork/vibe-fs/requirements/managed-session-lifecycle/tests/007.test.mjs:WHAT[managed-session-lifecycle-007] replayed link cannot reopen the completed cell for a different winner — GAP-132: completed link becomes Active again
  todo: /Users/yuanxi/Workwork/vibe-fs/requirements/managed-chat-execution/tests/010.test.mjs:WHAT[managed-chat-execution-010] public logical cancel and session delete enumerate every key and await durable terminal plus real capacity release, including held append (GAP-126) — reason not supplied
  todo: /Users/yuanxi/Workwork/vibe-fs/requirements/managed-session-lifecycle/tests/011.test.mjs:WHAT[managed-session-lifecycle-011] controlled append and real crash cuts prove new-child, old-close and new-link ordering without dual active association (GAP-133) — reason not supplied
  todo: /Users/yuanxi/Workwork/vibe-fs/requirements/js-semantic-surface/tests/006.test.mjs:WHAT[js-semantic-surface-006] non-compiler physical probes do not import unregistered internal modules — 03-D2: existing Host exit probes bypass the public surface; retain their physical proof pending the boundary decision
  todo: /Users/yuanxi/Workwork/vibe-fs/requirements/managed-session-lifecycle/tests/013.test.mjs:WHAT[managed-session-lifecycle-013] actual restart re-enlists durable visible handles and a failed recovery commit blocks readiness (GAP-133) — reason not supplied
  todo: /Users/yuanxi/Workwork/vibe-fs/requirements/managed-session-lifecycle/tests/015.test.mjs:WHAT[managed-session-lifecycle-015] actual recovered fork uses its runtime Agent ID handle and rebinds the same physical child (GAP-133) — reason not supplied
  todo: /Users/yuanxi/Workwork/vibe-fs/requirements/managed-session-lifecycle/tests/009.test.mjs:WHAT[managed-session-lifecycle-009] authorized parent termination awaits every durable abandonment and held physical child cleanup before publishing parent terminal (GAP-133) — reason not supplied
  todo: /Users/yuanxi/Workwork/vibe-fs/requirements/managed-session-lifecycle/tests/019.test.mjs:WHAT[managed-session-lifecycle-019] actual cancel and delete await every exact terminal and capacity release (GAP-126) — reason not supplied
  todo: /Users/yuanxi/Workwork/vibe-fs/requirements/managed-session-lifecycle/tests/017.test.mjs:WHAT[managed-session-lifecycle-017] real successor workflows and parent listeners reject missing or wrong Authority Root without orphaning parent wait (GAP-133) — reason not supplied
  todo: /Users/yuanxi/Workwork/vibe-fs/requirements/managed-session-lifecycle/tests/021.test.mjs:WHAT[managed-session-lifecycle-021] actual delete and observation incidents await exact settlement, child drain and durable closure before the injected fatal capability (GAP-133) — reason not supplied
  todo: /Users/yuanxi/Workwork/vibe-fs/requirements/managed-session-lifecycle/tests/021.test.mjs:WHAT[managed-session-lifecycle-021] repeated lifecycle incident reports and kills once, while detach never requests fatal or fabricates terminal facts (GAP-133) — reason not supplied
  todo: /Users/yuanxi/Workwork/vibe-fs/requirements/managed-session-lifecycle/tests/023.test.mjs:WHAT[managed-session-lifecycle-023] discovering a historical active role through recovery durably retires it and drains resources without upgrading authority (GAP-133, GAP-124) — reason not supplied
  todo: /Users/yuanxi/Workwork/vibe-fs/requirements/managed-session-lifecycle/tests/024.test.mjs:WHAT[managed-session-lifecycle-024] actual DevOps crash recovery keeps one executable authority, fixed Persona/model, avoids command replay and drains real PTYs (GAP-133, GAP-129) — reason not supplied
  todo: /Users/yuanxi/Workwork/vibe-fs/requirements/managed-session-lifecycle/tests/025.test.mjs:WHAT[managed-session-lifecycle-025] actual DevOps return sends TERM, awaits physical exit and escalates to KILL when needed without touching other sessions or waiting for resume (GAP-133) — reason not supplied
  todo: /Users/yuanxi/Workwork/vibe-fs/requirements/managed-session-lifecycle/tests/022.test.mjs:WHAT[managed-session-lifecycle-022] real deletion preserves exact Inspector identity for NotCommitted, Unknown and PhaseConflict; only committed or empty finalization releases it (GAP-133) — reason not supplied
  todo: /Users/yuanxi/Workwork/vibe-fs/requirements/host-provider-failure-ownership/tests/002.test.mjs:WHAT[host-provider-failure-ownership-002] installed Host makes one upstream request for one failed physical run with production retry configuration — GAP-144: installed 1.18.29 retries despite the zero configuration
  todo: /Users/yuanxi/Workwork/vibe-fs/requirements/host-provider-failure-ownership/tests/002.test.mjs:WHAT[host-provider-failure-ownership-002] full plugin recovery opens only licensed fresh runs after Host failure without duplicate upstream requests (GAP-143) — reason not supplied
  todo: /Users/yuanxi/Workwork/vibe-fs/requirements/managed-session-lifecycle/tests/018.test.mjs:WHAT[managed-session-lifecycle-018] real TurnAborted, retry, Fission and unknown stops preserve durable handles and permit re-enlist after process restart (GAP-133) — reason not supplied
  todo: /Users/yuanxi/Workwork/vibe-fs/requirements/provider-attempt-recovery/tests/006.test.mjs:WHAT[provider-attempt-recovery-006] actual retry with changed target preserves durable identity and full system prompt through Host submission (GAP-139) — reason not supplied
  todo: /Users/yuanxi/Workwork/vibe-fs/requirements/provider-attempt-recovery/tests/008.test.mjs:WHAT[provider-attempt-recovery-008] actual unfinished Manager and other repairable roles reach one repair without spending provider budget (GAP-139) — reason not supplied
  todo: /Users/yuanxi/Workwork/vibe-fs/requirements/provider-attempt-recovery/tests/010.test.mjs:WHAT[provider-attempt-recovery-010] actual licensed Blogger retry sends Squash before Main when eligible and accounts for Squash outcome without success reset (GAP-139) — reason not supplied
  todo: /Users/yuanxi/Workwork/vibe-fs/requirements/provider-attempt-recovery/tests/007.test.mjs:WHAT[provider-attempt-recovery-007] a new failure fact after exhaustion stops durable replay — GAP-140: the fold currently absorbs AlreadyExhausted instead of rejecting a new failure fact
  todo: /Users/yuanxi/Workwork/vibe-fs/requirements/provider-attempt-recovery/tests/007.test.mjs:WHAT[provider-attempt-recovery-007] durable replay refuses a count above its failure limit — GAP-140 / 37-D1: persisted facts do not establish a limit and the fold accepts the over-budget successor
  todo: /Users/yuanxi/Workwork/vibe-fs/requirements/provider-attempt-recovery/tests/009.test.mjs:WHAT[provider-attempt-recovery-009] varying Host transport retry numbers cannot change domain count identity or physical recovery permission (GAP-139) — reason not supplied
  todo: /Users/yuanxi/Workwork/vibe-fs/requirements/provider-attempt-recovery/tests/013.test.mjs:WHAT[provider-attempt-recovery-013] actual retries and restart preserve complete durable Persona provenance language authority and provider horizon (GAP-139) — reason not supplied
  todo: /Users/yuanxi/Workwork/vibe-fs/requirements/provider-attempt-recovery/tests/012.test.mjs:WHAT[provider-attempt-recovery-012] actual aborted Host tool residue leaves provider budget unchanged through reconciliation (GAP-139) — reason not supplied
  todo: /Users/yuanxi/Workwork/vibe-fs/requirements/provider-attempt-recovery/tests/016.test.mjs:WHAT[provider-attempt-recovery-016] real ordinary and Blogger completion use durable kind evidence and write SuccessRecorded only for eligible successes (GAP-139) — reason not supplied
  todo: /Users/yuanxi/Workwork/vibe-fs/requirements/provider-attempt-recovery/tests/018.test.mjs:WHAT[provider-attempt-recovery-018] actual WorkMain recovery waits on an open Blogger request until committed close or strictly newer coverage; unrelated facts cannot unlock it (GAP-139) — reason not supplied
  todo: /Users/yuanxi/Workwork/vibe-fs/requirements/provider-attempt-recovery/tests/018.test.mjs:WHAT[provider-attempt-recovery-018] real recovery proceeds without an open producer and cancellation releases an existing durable-event wait (GAP-139) — reason not supplied
  todo: /Users/yuanxi/Workwork/vibe-fs/requirements/provider-attempt-recovery/tests/017.test.mjs:WHAT[provider-attempt-recovery-017] actual Main→Main Main→Squash and Squash→Main recovery commits old abandonment before fresh materialization and PromptKey binding (GAP-139) — reason not supplied
  todo: /Users/yuanxi/Workwork/vibe-fs/requirements/provider-attempt-recovery/tests/011.test.mjs:WHAT[provider-attempt-recovery-011] actual render observes the admitted immutable plan and cannot consume a transient recovery permission (GAP-139) — reason not supplied
  todo: /Users/yuanxi/Workwork/vibe-fs/requirements/provider-attempt-recovery/tests/005.test.mjs:WHAT[provider-attempt-recovery-005] full recovery workflow reaches exhaustion without an extra physical Host send (GAP-139) — reason not supplied
  todo: /Users/yuanxi/Workwork/vibe-fs/requirements/provider-attempt-recovery/tests/022.test.mjs:WHAT[provider-attempt-recovery-022] actual Host terminal observation alone releases recovery while coarse error and idle cannot; fresh process inherits no stop permission (GAP-139) — reason not supplied
  todo: /Users/yuanxi/Workwork/vibe-fs/requirements/provider-attempt-recovery/tests/015.test.mjs:WHAT[provider-attempt-recovery-015] actual speculative success and failure leave the owner journal budget unchanged (GAP-139) — reason not supplied
  todo: /Users/yuanxi/Workwork/vibe-fs/requirements/provider-attempt-recovery/tests/014.test.mjs:WHAT[provider-attempt-recovery-014] actual continuation waits for exact Host stop after failure admission and never spends budget by sending (GAP-139) — reason not supplied
  todo: /Users/yuanxi/Workwork/vibe-fs/requirements/structured-workflow/tests/003.test.mjs:WHAT[structured-workflow-003] actual retirement recovery re-enters its workflow from durable facts without a saved continuation address — reason not supplied
  todo: /Users/yuanxi/Workwork/vibe-fs/requirements/provider-attempt-recovery/tests/020.test.mjs:WHAT[provider-attempt-recovery-020] real journal replay without exact licence produces no provider retry or resume side effect (GAP-139) — reason not supplied
  todo: /Users/yuanxi/Workwork/vibe-fs/requirements/provider-attempt-recovery/tests/019.test.mjs:WHAT[provider-attempt-recovery-019] all production callers and wrong-attempt ledger inputs enforce the opaque licence without alternate retry owners (GAP-139) — reason not supplied
  todo: /Users/yuanxi/Workwork/vibe-fs/requirements/provider-attempt-recovery/tests/023.test.mjs:WHAT[provider-attempt-recovery-023] real boot sweep after process restart resolves only Accepted-without-start and preserves exact accepted material without replacement send (GAP-139) — reason not supplied
  todo: /Users/yuanxi/Workwork/vibe-fs/requirements/provider-attempt-recovery/tests/021.test.mjs:WHAT[provider-attempt-recovery-021] actual ordinary and sync-delegate recovery combine exact durable LWR evidence and target settlement after licensing and before send (GAP-139) — reason not supplied
  todo: /Users/yuanxi/Workwork/vibe-fs/requirements/structured-workflow/tests/006.test.mjs:WHAT[structured-workflow-006] actual retirement freezes admissions and drains resources before completing its owning workflow — reason not supplied
  todo: /Users/yuanxi/Workwork/vibe-fs/requirements/structured-workflow/tests/018.test.mjs:WHAT[structured-workflow-018] actual workflow admission and settlement require real registered behavior proofs; test-local tables and simulators do not establish them — reason not supplied
  todo: /Users/yuanxi/Workwork/vibe-fs/requirements/crash-reconciliation/tests/006.test.mjs:WHAT[crash-reconciliation-006] real sending boundary returns a permit only for proven pre-acceptance rejection and never for acceptance unknown (GAP-149) — reason not supplied
  todo: /Users/yuanxi/Workwork/vibe-fs/requirements/managed-session-lifecycle/tests/018.test.mjs:WHAT[managed-session-lifecycle-018] plugin shutdown waits for already admitted provider transforms and terminal callbacks without logical cancellation (GAP-133) — reason not supplied
  todo: /Users/yuanxi/Workwork/vibe-fs/requirements/managed-session-lifecycle/tests/020.test.mjs:WHAT[managed-session-lifecycle-020] each authority kind requires matching durable exact prior-run closure before fresh identity installation (GAP-123) — reason not supplied
  skip: /Users/yuanxi/Workwork/vibe-fs/requirements/structured-workflow/tests/012.test.mjs:WHAT[structured-workflow-012] compile-impact CLI compiles a focused production implementation change — integration tier not enabled
  skip: /Users/yuanxi/Workwork/vibe-fs/requirements/structured-workflow/tests/012.test.mjs:WHAT[structured-workflow-012] switching focused closures in one output directory emits the newly selected module — integration tier not enabled
  skip: /Users/yuanxi/Workwork/vibe-fs/requirements/structured-workflow/tests/012.test.mjs:WHAT[structured-workflow-012] compile-impact CLI emits fresh output into a scratch output dir and never writes a success manifest — integration tier not enabled
  skip: /Users/yuanxi/Workwork/vibe-fs/requirements/structured-workflow/tests/012.test.mjs:WHAT[structured-workflow-012] compile-impact CLI re-emits reverse consumers for inline body changes — integration tier not enabled
  skip: /Users/yuanxi/Workwork/vibe-fs/requirements/structured-workflow/tests/012.test.mjs:WHAT[structured-workflow-012] deleting a source purges its stale JS from dist — integration tier not enabled
  skip: /Users/yuanxi/Workwork/vibe-fs/requirements/structured-workflow/tests/012.test.mjs:WHAT[structured-workflow-012] independent Fable checks enforce compile-shard input boundaries — integration tier not enabled
  skip: /Users/yuanxi/Workwork/vibe-fs/requirements/structured-workflow/tests/012.test.mjs:WHAT[structured-workflow-012] build failure preserves prior valid manifest and does not delete it (integration: compiler failure) — integration tier not enabled
  skip: /Users/yuanxi/Workwork/vibe-fs/requirements/structured-workflow/tests/012.test.mjs:WHAT[structured-workflow-012] flat closure compilation compiles transitive closure green and keeps unreferenced sources red — integration tier not enabled
  skip: /Users/yuanxi/Workwork/vibe-fs/requirements/speculative-investigation/tests/013.test.mjs:WHAT[speculative-investigation-013] SPEC_INV_013_configured_predictor_decorates_builtin_tools_on_real_host — integration tier not enabled
  skip: /Users/yuanxi/Workwork/vibe-fs/requirements/speculative-investigation/tests/013.test.mjs:WHAT[speculative-investigation-013] resident_manager_predictor_keeps_each_budget_and_readonly_boundary — integration tier not enabled
  skip: /Users/yuanxi/Workwork/vibe-fs/requirements/capability-enforcement/tests/006.test.mjs:WHAT[capability-enforcement-006] HOST_013_skill_stays_host_owned_and_legacy_marker_is_not_plugin_registered — integration tier not enabled
  skip: /Users/yuanxi/Workwork/vibe-fs/requirements/capability-enforcement/tests/006.test.mjs:WHAT[capability-enforcement-006] MANAGER_pair_guidance_rides_cursor_suffix_without_synthetic_skill_row — integration tier not enabled
  todo: /Users/yuanxi/Workwork/vibe-fs/requirements/interaction-authority/tests/011.test.mjs:WHAT[interaction-authority-011] per-physical target/lease is carried atomically in the attempt profile and survives restart (GAP-122: lease atomicity and restart replay pending — the identity-agreement test above covers the same-process projection only) — reason not supplied
  todo: /Users/yuanxi/Workwork/vibe-fs/requirements/relay-retirement/tests/008.test.mjs:WHAT[relay-retirement-008] a controlled in-flight Host interrupt prevents successor dispatch until exact provider-step release and physical interruption complete — reason not supplied
  todo: /Users/yuanxi/Workwork/vibe-fs/requirements/host-boundary/tests/032.test.mjs:WHAT[host-boundary-032] installed Host executor exception restores original arguments without a manually invoked after callback — reason not supplied
  skip: /Users/yuanxi/Workwork/vibe-fs/requirements/host-boundary/tests/032.test.mjs:WHAT[host-boundary-032] canary_manager_review_tools_contract_observed_on_real_host — integration tier not enabled
runner: post-exit group verification/reclamation: pid=90910; elapsedMs=18.268; accepted=true
runner: 1212 test(s), 114.9s of test time; max 6843ms, p90 189ms, median 3ms
runner:    6843ms  WHAT[execution-model-routing-014] seeded bounded admission soak preserves fairness and exact reconciliation after every operation
runner:    6369ms  WHAT[host-boundary-023] installed OpenCode chat admission public contract is observed and version-fenced
runner:    6121ms  WHAT[host-provider-failure-ownership-002] installed Host makes one upstream request for one failed physical run with production retry configuration
runner:    4252ms  WHAT[js-semantic-surface-006] the complete emitted graph links and its production modules load
runner:    2414ms  WHAT[host-provider-failure-ownership-001] actual plugin config hook forces zero despite existing values and legacy environment override

runner: 1082 passed, 12 failed; 192/192 planned file(s) completed
