TAP version 13
# Subtest: WHAT[speculative-investigation-004] repeated preparation after the flight settles retains its exact decision until publication
not ok 1 - WHAT[speculative-investigation-004] repeated preparation after the flight settles retains its exact decision until publication
  ---
  duration_ms: 95.29225
  type: 'test'
  location: '/Users/yuanxi/Workwork/vibe-fs/requirements/speculative-investigation/tests/004.test.mjs:80:3'
  failureType: 'testCodeFailure'
  error: |-
    Expected values to be strictly equal:
    
    false !== true
    
  code: 'ERR_ASSERTION'
  name: 'AssertionError'
  expected: true
  actual: false
  operator: 'strictEqual'
  stack: |-
    TestContext.<anonymous> (file:///Users/yuanxi/Workwork/vibe-fs/requirements/speculative-investigation/tests/004.test.mjs:88:14)
    async Test.run (node:internal/test_runner/test:1054:7)
    async startSubtestAfterBootstrap (node:internal/test_runner/harness:296:3)
  ...
1..1
# tests 1
# suites 0
# pass 0
# fail 1
# cancelled 0
# skipped 0
# todo 0
# duration_ms 229.467834
