TAP version 13
# Subtest: WHAT[speculative-investigation-013] STRENGTH_013_two_owners_keep_their_own_single_flight_authorization_and_budget
ok 1 - WHAT[speculative-investigation-013] STRENGTH_013_two_owners_keep_their_own_single_flight_authorization_and_budget
  ---
  duration_ms: 1.599041
  type: 'test'
  ...
# Subtest: WHAT[speculative-investigation-013] STRENGTH_013_two_owners_transforms_keep_calls_batches_and_budget_apart
ok 2 - WHAT[speculative-investigation-013] STRENGTH_013_two_owners_transforms_keep_calls_batches_and_budget_apart
  ---
  duration_ms: 6.172084
  type: 'test'
  ...
# Subtest: WHAT[speculative-investigation-013] STRENGTH_013_two_owner_decisions_project_independently
ok 3 - WHAT[speculative-investigation-013] STRENGTH_013_two_owner_decisions_project_independently
  ---
  duration_ms: 0.890042
  type: 'test'
  ...
# Subtest: WHAT[speculative-investigation-013] SPEC_INV_013_real_transform_wiring_holds_the_capture_gate_and_the_shared_predictor_query
ok 4 - WHAT[speculative-investigation-013] SPEC_INV_013_real_transform_wiring_holds_the_capture_gate_and_the_shared_predictor_query
  ---
  duration_ms: 1016.644583
  type: 'test'
  ...
# Subtest: WHAT[speculative-investigation-013] SPEC_INV_013_tool_definition_decorates_schema_per_contract_and_language
ok 5 - WHAT[speculative-investigation-013] SPEC_INV_013_tool_definition_decorates_schema_per_contract_and_language
  ---
  duration_ms: 184.288667
  type: 'test'
  ...
# Subtest: WHAT[speculative-investigation-013] SPEC_INV_013_real_transform_captures_one_delegation_request_for_a_root_work_session
ok 6 - WHAT[speculative-investigation-013] SPEC_INV_013_real_transform_captures_one_delegation_request_for_a_root_work_session
  ---
  duration_ms: 401.556666
  type: 'test'
  ...
# Subtest: WHAT[speculative-investigation-013] shared common-dir instances prepare one resident and unloading one preserves its lease and next decision
not ok 7 - WHAT[speculative-investigation-013] shared common-dir instances prepare one resident and unloading one preserves its lease and next decision
  ---
  duration_ms: 339.460291
  type: 'test'
  location: '/Users/yuanxi/Workwork/vibe-fs/requirements/speculative-investigation/tests/013.test.mjs:567:1'
  failureType: 'testCodeFailure'
  error: 'Strength DelegationClosed storage invalid: IdentityCollision (EventId "68d5bdaec6302ad377893855f9579f8ef43659448526860fb11c446160b68d84")'
  code: 'ERR_TEST_FAILURE'
  ...
# Subtest: WHAT[speculative-investigation-013] SPEC_INV_013_real_transform_refuses_an_in_flight_source_batch
ok 8 - WHAT[speculative-investigation-013] SPEC_INV_013_real_transform_refuses_an_in_flight_source_batch
  ---
  duration_ms: 319.467625
  type: 'test'
  ...
# Subtest: WHAT[speculative-investigation-013] a completed estimate from an older physical input cannot authorize the current request
ok 9 - WHAT[speculative-investigation-013] a completed estimate from an older physical input cannot authorize the current request
  ---
  duration_ms: 326.005916
  type: 'test'
  ...
# Subtest: WHAT[speculative-investigation-013] SPEC_INV_013_real_transform_refuses_to_misidentify_incomplete_trailing_batch_matching_earlier_batch
ok 10 - WHAT[speculative-investigation-013] SPEC_INV_013_real_transform_refuses_to_misidentify_incomplete_trailing_batch_matching_earlier_batch
  ---
  duration_ms: 319.263
  type: 'test'
  ...
# Subtest: WHAT[speculative-investigation-013] SPEC_INV_013_configured_predictor_decorates_builtin_tools_on_real_host
ok 11 - WHAT[speculative-investigation-013] SPEC_INV_013_configured_predictor_decorates_builtin_tools_on_real_host # SKIP integration tier not enabled
  ---
  duration_ms: 0.039917
  type: 'test'
  ...
# Subtest: WHAT[speculative-investigation-013] resident_manager_predictor_keeps_each_budget_and_readonly_boundary
ok 12 - WHAT[speculative-investigation-013] resident_manager_predictor_keeps_each_budget_and_readonly_boundary # SKIP integration tier not enabled
  ---
  duration_ms: 0.018875
  type: 'test'
  ...
1..12
# tests 12
# suites 0
# pass 9
# fail 1
# cancelled 0
# skipped 2
# todo 0
# duration_ms 3142.429958
