TAP version 13
# file:///Users/yuanxi/Workwork/vibe-fs/requirements/sphinx-v2/tests/036.test.mjs:13
# import {Surface_isOk as isOk, Surface_isError as isError, Surface_errorValue as errorValue} from '../../../dist/Sphinx/V2/Core/Surface.js'
#                                                           ^^^^^^^^^^^^^^^^^^
# SyntaxError: The requested module '../../../dist/Sphinx/V2/Core/Surface.js' does not provide an export named 'Surface_errorValue'
#     at ModuleJob._instantiate (node:internal/modules/esm/module_job:226:21)
#     at async ModuleJob.run (node:internal/modules/esm/module_job:335:5)
#     at async onImport.tracePromise.__proto__ (node:internal/modules/esm/loader:681:26)
#     at async asyncRunEntryPointWithESMLoader (node:internal/modules/run_main:117:5)
# Node.js v22.23.3
# Subtest: requirements/sphinx-v2/tests/036.test.mjs
not ok 1 - requirements/sphinx-v2/tests/036.test.mjs
  ---
  duration_ms: 106.238167
  type: 'test'
  location: '/Users/yuanxi/Workwork/vibe-fs/requirements/sphinx-v2/tests/036.test.mjs:1:1'
  failureType: 'testCodeFailure'
  exitCode: 1
  signal: ~
  error: 'test failed'
  code: 'ERR_TEST_FAILURE'
  ...
1..1
# tests 1
# suites 0
# pass 0
# fail 1
# cancelled 0
# skipped 0
# todo 0
# duration_ms 111.414333
