TAP version 13
# Subtest: WHAT[crash-reconciliation-018] canonical load settlement voids the exact admitted child work and preserves its stable road for explicit new work
not ok 1 - WHAT[crash-reconciliation-018] canonical load settlement voids the exact admitted child work and preserves its stable road for explicit new work
  ---
  duration_ms: 131.710125
  type: 'test'
  location: '/Users/yuanxi/Workwork/vibe-fs/requirements/crash-reconciliation/tests/018.test.mjs:12:1'
  failureType: 'testCodeFailure'
  error: |-
    Expected values to be strictly equal:
    + actual - expected
    
    + {
    +   authorityKind: 'AgentOwnerRoot',
    +   authorityRoot: 'physical-work-A',
    +   identitySeed: {
    +     kind: 'InheritedFromOwner',
    +     ownerAuthorityRoot: 'root-load-parent',
    +     ownerLogicalRun: '3e9fc720f026e1168147b8e9d1d6e8f003ab547f17c637ce55250812dbebc6b8',
    +     ownerSession: 'load-parent',
    +     participantIdentity: {
    +       origin: 'InheritedFromOwner',
    +       participant: 'engineer',
    +       persona: 'Lead',
    +       personaCatalogVersion: 1,
    +       role: 'engineer'
    +     }
    +   },
    +   logicalRun: 'f355cb30151cdf4fc880470758965eeb00cb28e7f97b226b40584ddab64deacd',
    +   participantIdentity: {
    +     origin: 'InheritedFromOwner',
    +     participant: 'engineer',
    +     persona: 'Lead',
    +     personaCatalogVersion: 1,
    +     role: 'engineer'
    +   },
    +   session: 'load-child'
    + }
    - null
    
  code: 'ERR_ASSERTION'
  name: 'AssertionError'
  expected: ~
  actual:
    authorityKind: 'AgentOwnerRoot'
    authorityRoot: 'physical-work-A'
    identitySeed:
      kind: 'InheritedFromOwner'
      ownerAuthorityRoot: 'root-load-parent'
      ownerLogicalRun: '3e9fc720f026e1168147b8e9d1d6e8f003ab547f17c637ce55250812dbebc6b8'
      ownerSession: 'load-parent'
      participantIdentity:
        origin: 'InheritedFromOwner'
        participant: 'engineer'
        persona: 'Lead'
        personaCatalogVersion: 1
        role: 'engineer'
    logicalRun: 'f355cb30151cdf4fc880470758965eeb00cb28e7f97b226b40584ddab64deacd'
    participantIdentity:
      origin: 'InheritedFromOwner'
      participant: 'engineer'
      persona: 'Lead'
      personaCatalogVersion: 1
      role: 'engineer'
    session: 'load-child'
  operator: 'strictEqual'
  stack: |-
    file:///Users/yuanxi/Workwork/vibe-fs/requirements/crash-reconciliation/tests/018.test.mjs:39:12
    async withJournal (file:///Users/yuanxi/Workwork/vibe-fs/requirements/interaction-authority/tests/support/authority.mjs:45:16)
    async TestContext.<anonymous> (file:///Users/yuanxi/Workwork/vibe-fs/requirements/crash-reconciliation/tests/018.test.mjs:13:3)
    async Test.run (node:internal/test_runner/test:1054:7)
    async startSubtestAfterBootstrap (node:internal/test_runner/harness:296:3)
  ...
# Subtest: WHAT[crash-reconciliation-018] CRASH_018_no_explicit_resume_command_is_registered
ok 2 - WHAT[crash-reconciliation-018] CRASH_018_no_explicit_resume_command_is_registered
  ---
  duration_ms: 778.0815
  type: 'test'
  ...
# Subtest: WHAT[crash-reconciliation-018] structural audit finds no retired explicit-resume source files
ok 3 - WHAT[crash-reconciliation-018] structural audit finds no retired explicit-resume source files
  ---
  duration_ms: 5.839667
  type: 'test'
  ...
# Subtest: WHAT[crash-reconciliation-018] a restarted plugin normalizes durable child runs before reuse without replaying tools or hiding their interrupted history (GAP-149)
ok 4 - WHAT[crash-reconciliation-018] a restarted plugin normalizes durable child runs before reuse without replaying tools or hiding their interrupted history (GAP-149) # TODO
  ---
  duration_ms: 0.039042
  type: 'test'
  ...
1..4
# tests 4
# suites 0
# pass 2
# fail 1
# cancelled 0
# skipped 0
# todo 1
# duration_ms 1095.504083
