runner: scoped 使用 TESTS_MJS_FILES=19 files
runner: build is current (1796 sources, 885 artifacts)
runner: discovery OVERRIDDEN by TESTS_MJS_FILES (19 file(s))
runner: 19 test file(s), 5000ms verdict-silence window
js-boundary-gate: 2 violation(s) across 1 file(s)
  ../../../../var/folders/g_/3ydzn7kx5lg9ylq8fd9p_13r0000gn/T/boundary-gate-red-XrlS9d/requirements/sample-pkg/tests/debt.test.mjs:1 [deep-dist-import] import * as mod from '../../../dist/Internal/UnregisteredModule.js'
  ../../../../var/folders/g_/3ydzn7kx5lg9ylq8fd9p_13r0000gn/T/boundary-gate-red-XrlS9d/requirements/sample-pkg/tests/debt.test.mjs:2 [export-discovery] const names = Object.keys(mod)
js-boundary-gate: OK — 0 debt line(s) across 0 file(s)
js-boundary-gate: OK — 0 debt line(s) across 0 file(s)
js-boundary-gate: 1 violation(s) across 1 file(s)
  ../../../../var/folders/g_/3ydzn7kx5lg9ylq8fd9p_13r0000gn/T/boundary-environment-u1irxG/requirements/sample/tests/001.test.mjs:3 [mangled-lookup] const name = 'Example__run'; name.startsWith('Example__')
js-boundary-gate: 1 violation(s) across 1 file(s)
  ../../../../var/folders/g_/3ydzn7kx5lg9ylq8fd9p_13r0000gn/T/boundary-environment-u1irxG/requirements/sample/tests/001.test.mjs:3 [mangled-lookup] const name = '_Method'; name.endsWith('_Method')
js-boundary-gate: 1 violation(s) across 1 file(s)
  ../../../../var/folders/g_/3ydzn7kx5lg9ylq8fd9p_13r0000gn/T/boundary-environment-u1irxG/requirements/sample/tests/001.test.mjs:3 [mangled-lookup] Object.keys(process.env).filter((env) => { const name = 'Example__run'; return name.startsWith('Example__') })
coverage: running tests with NODE_V8_COVERAGE in /private/var/folders/g_/3ydzn7kx5lg9ylq8fd9p_13r0000gn/T/cov-root-alias-qb7FV9/actual/.fable-build/coverage/1791032109328-46981/raw...

coverage: OK (2 production modules covered, report in /private/var/folders/g_/3ydzn7kx5lg9ylq8fd9p_13r0000gn/T/cov-root-alias-qb7FV9/actual/.fable-build/coverage/1791032109328-46981/report)
coverage: running tests with NODE_V8_COVERAGE in /private/var/folders/g_/3ydzn7kx5lg9ylq8fd9p_13r0000gn/T/cov-test-1-Nn0kXC/.fable-build/coverage/1791032109905-46981/raw...

coverage: OK (2 production modules covered, report in /private/var/folders/g_/3ydzn7kx5lg9ylq8fd9p_13r0000gn/T/cov-test-1-Nn0kXC/.fable-build/coverage/1791032109905-46981/report)
coverage: running tests with NODE_V8_COVERAGE in /private/var/folders/g_/3ydzn7kx5lg9ylq8fd9p_13r0000gn/T/cov-test-2-YRsK8x/.fable-build/coverage/1791032110301-46981/raw...

coverage: OK (2 production modules covered, report in /private/var/folders/g_/3ydzn7kx5lg9ylq8fd9p_13r0000gn/T/cov-test-2-YRsK8x/.fable-build/coverage/1791032110301-46981/report)
coverage: running tests with NODE_V8_COVERAGE in /private/var/folders/g_/3ydzn7kx5lg9ylq8fd9p_13r0000gn/T/cov-test-3-Fc455C/.fable-build/coverage/1791032110746-46981/raw...
runner: 1 test file(s), 10000ms verdict-silence window
runner: post-exit group verification/reclamation: pid=47181; elapsedMs=33.316; accepted=true

runner: 1 passed, 0 failed; 0/1 planned file(s) completed
runner: incomplete run; no completion for /Users/yuanxi/Workwork/vibe-fs/requirements/verification-system/tests/support/fixtures/two-leaf.fixture.mjs
runner: 1 test file(s), 1000ms verdict-silence window
runner: post-exit group verification/reclamation: pid=47219; elapsedMs=24.272; accepted=true

runner: 1 passed, 0 failed; 1/1 planned file(s) completed
runner: incomplete run; not every planned file stream drained
runner: 1 test file(s), 10000ms verdict-silence window

coverage: OK (3 production modules covered, report in /private/var/folders/g_/3ydzn7kx5lg9ylq8fd9p_13r0000gn/T/cov-test-3-Fc455C/.fable-build/coverage/1791032110746-46981/report)
coverage: running tests with NODE_V8_COVERAGE in /private/var/folders/g_/3ydzn7kx5lg9ylq8fd9p_13r0000gn/T/cov-test-4-gLrHlQ/.fable-build/coverage/1791032110994-46981/raw...
TAP version 13
# Subtest: leaf one
ok 1 - leaf one
  ---
  duration_ms: 1.44
  type: 'test'
  ...
# Subtest: leaf two
ok 2 - leaf two
  ---
  duration_ms: 0.095666
  type: 'test'
  ...
1..2
# tests 2
# suites 0
# pass 2
# fail 0
# cancelled 0
# skipped 0
# todo 0
# duration_ms 34.737833
runner: post-exit group verification/reclamation: pid=47273; elapsedMs=47.524; accepted=true
runner: inner runner failed to provide authoritative summary

runner: verdict counts unavailable; no authoritative summary; 0/1 planned file(s) completed
runner: 1 test file(s), 10000ms verdict-silence window

coverage: OK (2 production modules covered, report in /private/var/folders/g_/3ydzn7kx5lg9ylq8fd9p_13r0000gn/T/cov-test-4-gLrHlQ/.fable-build/coverage/1791032110994-46981/report)
runner: post-exit group verification/reclamation: pid=47347; elapsedMs=37.995; accepted=true

runner: 1 passed, 0 failed; 1/1 planned file(s) completed
runner: partial evidence; 0 skipped, 1 TODO; excluded cases are not passes
runner: pending proof prevents complete acceptance
runner: 1 test file(s), 10000ms verdict-silence window
coverage: running tests with NODE_V8_COVERAGE in /private/var/folders/g_/3ydzn7kx5lg9ylq8fd9p_13r0000gn/T/cov-test-5-l9shrP/.fable-build/coverage/1791032111384-46981/raw...
runner: post-exit group verification/reclamation: pid=47376; elapsedMs=39.699; accepted=true

runner: 1 passed, 0 failed; 1/1 planned file(s) completed
runner: partial evidence; 0 skipped, 1 TODO; excluded cases are not passes
runner: pending proof prevents complete acceptance
runner: 2 test file(s), 10000ms verdict-silence window
node:internal/test_runner/harness:99
      throw err;
      ^

Error [ERR_MODULE_NOT_FOUND]: Cannot find module '/var/folders/g_/3ydzn7kx5lg9ylq8fd9p_13r0000gn/T/failed-test-file-cKTMxG/missing.fixture.mjs' imported from /Users/yuanxi/Workwork/vibe-fs/
    at finalizeResolution (node:internal/modules/esm/resolve:275:11)
    at moduleResolve (node:internal/modules/esm/resolve:865:10)
    at defaultResolve (node:internal/modules/esm/resolve:989:11)
    at #cachedDefaultResolve (node:internal/modules/esm/loader:747:20)
    at ModuleLoader.resolve (node:internal/modules/esm/loader:724:38)
    at ModuleLoader.getModuleJobForImport (node:internal/modules/esm/loader:320:38)
    at onImport.tracePromise.__proto__ (node:internal/modules/esm/loader:680:36)
    at TracingChannel.tracePromise (node:diagnostics_channel:350:14)
    at ModuleLoader.import (node:internal/modules/esm/loader:679:21)
    at node:internal/modules/run_main:179:35 {
  code: 'ERR_MODULE_NOT_FOUND',
  url: 'file:///var/folders/g_/3ydzn7kx5lg9ylq8fd9p_13r0000gn/T/failed-test-file-cKTMxG/missing.fixture.mjs'
}

Node.js v22.23.3

✖ failing tests:

test at /var/folders/g_/3ydzn7kx5lg9ylq8fd9p_13r0000gn/T/failed-test-file-cKTMxG/missing.fixture.mjs:1:1
✖ /var/folders/g_/3ydzn7kx5lg9ylq8fd9p_13r0000gn/T/failed-test-file-cKTMxG/missing.fixture.mjs (74.981ms)
  'test failed'


[test-summary] 2 file(s), 2 passed, 0 failed, 1 failed containers (0.09s wall, 0.01s test time)
runner: post-exit group verification/reclamation: pid=47409; elapsedMs=28.245; accepted=true
runner: 2 test(s), 0.0s of test time; max 5ms, p90 5ms, median 2ms

runner: 2 passed, 0 failed; 2/2 planned file(s) completed
runner: cancelled tests or failed containers prevent complete acceptance
runner: 2 test file(s), 10000ms verdict-silence window
coverage: unit tests failed (status 1)
coverage: running tests with NODE_V8_COVERAGE in /private/var/folders/g_/3ydzn7kx5lg9ylq8fd9p_13r0000gn/T/cov-test-6-ot5MJm/.fable-build/coverage/1791032111677-46981/raw...
node:internal/test_runner/harness:99
      throw err;
      ^

Error: fixture failed before registering any test
    at file:///private/var/folders/g_/3ydzn7kx5lg9ylq8fd9p_13r0000gn/T/failed-test-file-cKTMxG/broken.fixture.mjs:1:7
    at ModuleJob.run (node:internal/modules/esm/module_job:343:25)
    at async onImport.tracePromise.__proto__ (node:internal/modules/esm/loader:681:26)
    at async asyncRunEntryPointWithESMLoader (node:internal/modules/run_main:117:5)

Node.js v22.23.3

✖ failing tests:

test at /var/folders/g_/3ydzn7kx5lg9ylq8fd9p_13r0000gn/T/failed-test-file-cKTMxG/broken.fixture.mjs:1:1
✖ /var/folders/g_/3ydzn7kx5lg9ylq8fd9p_13r0000gn/T/failed-test-file-cKTMxG/broken.fixture.mjs (53.443ms)
  'test failed'


[test-summary] 2 file(s), 2 passed, 0 failed, 1 failed containers (0.07s wall, 0.01s test time)
runner: post-exit group verification/reclamation: pid=47461; elapsedMs=33.854; accepted=true
runner: 2 test(s), 0.0s of test time; max 5ms, p90 5ms, median 1ms

runner: 2 passed, 0 failed; 2/2 planned file(s) completed
runner: cancelled tests or failed containers prevent complete acceptance
coverage: unit tests failed (status 1)
coverage: running tests with NODE_V8_COVERAGE in /var/folders/g_/3ydzn7kx5lg9ylq8fd9p_13r0000gn/T/cov-test-7-5RcvAB/.fable-build/coverage/corrupt-run-id/raw...
coverage: raw coverage file is corrupted: coverage-corrupt.json (Unexpected token 'C', "CORRUPTED "... is not valid JSON)
coverage: running tests with NODE_V8_COVERAGE in /private/var/folders/g_/3ydzn7kx5lg9ylq8fd9p_13r0000gn/T/cov-test-8-4zaN4F/.fable-build/coverage/1791032111979-46981/raw...
coverage: reported files do not match build receipt outputs
coverage: running tests with NODE_V8_COVERAGE in /private/var/folders/g_/3ydzn7kx5lg9ylq8fd9p_13r0000gn/T/cov-test-9-Oz72Ci/.fable-build/coverage/1791032112212-46981/raw...
fatal: .git/index: index file smaller than expected
fatal: .git/index: index file smaller than expected
fatal: .git/index: index file smaller than expected
coverage: input files changed during coverage run (INPUT_CHANGED):
  compiler: 0ff8dcbd50bd219e78f42ad7a21a0cffe18f375dea29fd9be74fd25fcdf8066e -> e354b6f9d1399e5b1149ebddcb0e46fae8a419d7712a1af3d44f5a815aacab8a
  generated: 0ff8dcbd50bd219e78f42ad7a21a0cffe18f375dea29fd9be74fd25fcdf8066e -> e354b6f9d1399e5b1149ebddcb0e46fae8a419d7712a1af3d44f5a815aacab8a
  artifact: 0ff8dcbd50bd219e78f42ad7a21a0cffe18f375dea29fd9be74fd25fcdf8066e -> e354b6f9d1399e5b1149ebddcb0e46fae8a419d7712a1af3d44f5a815aacab8a
check.mjs: FAILED with 1 issue(s) across 1 gate(s)

Gate: /var/folders/g_/3ydzn7kx5lg9ylq8fd9p_13r0000gn/T/gate-failure-vBayMp/gate.mjs (1 issue(s))
  - [fail] controlled violation

check.mjs: fatal error: Cannot find module '/var/folders/g_/3ydzn7kx5lg9ylq8fd9p_13r0000gn/T/gate-failure-vBayMp/missing.mjs' imported from /Users/yuanxi/Workwork/vibe-fs/scripts/check.mjs
check.mjs: fatal error: controlled failure

[test-summary] 19 file(s), 186 passed, 0 failed, 2 skipped, 3 todo (10.09s wall, 44.48s test time)
  skip: /Users/yuanxi/Workwork/vibe-fs/requirements/verification-system/tests/014.test.mjs:WHAT[verification-system-014] Long Stroke 真实物理验收环境 — release tier not enabled
  todo: /Users/yuanxi/Workwork/vibe-fs/requirements/verification-system/tests/016.test.mjs:WHAT[verification-system-016] the actual verification run binds its evidence to the same immutable candidate snapshot — reason not supplied
  skip: /Users/yuanxi/Workwork/vibe-fs/requirements/degeneration-guard/tests/004.test.mjs:WHAT[degeneration-guard-004] current runtime envelope matches a fresh repository derivation and the self-consistent prior — integration tier not enabled
  todo: /Users/yuanxi/Workwork/vibe-fs/requirements/degeneration-guard/tests/004.test.mjs:WHAT[degeneration-guard-004] actual build binds generator selector selected bytes and runtime traversal to one staged input (GAP-145) — reason not supplied
  todo: /Users/yuanxi/Workwork/vibe-fs/requirements/verification-system/tests/016.test.mjs:WHAT[verification-system-016] a mutation restored within one step still invalidates the run — D2: fixed isolated inputs selected; current runner still uses mutable inputs and step-boundary hashes miss this counterexample
runner: post-exit group verification/reclamation: pid=46971; elapsedMs=21.966; accepted=true
runner: 191 test(s), 44.5s of test time; max 3601ms, p90 603ms, median 9ms
runner:    3601ms  WHAT[verification-system-009] the real integration entry covers every discovered integration test
runner:    3431ms  WHAT[verification-system-008] emitted dist modules pass linkage and dynamic loadability gate
runner:    3225ms  WHAT[verification-system-005] unused plugin fixtures defer production entry failures until activation
runner:    3185ms  WHAT[verification-system-006] transport scheduling cannot renew unfinished work or background noise
runner:    2395ms  WHAT[verification-system-006] synchronous work and microtasks deliver completed verdicts before the file ends

runner: 186 passed, 0 failed; 19/19 planned file(s) completed
runner: partial evidence; 2 skipped, 3 TODO; excluded cases are not passes
runner: pending proof prevents complete acceptance
