TAP version 13
# Subtest: WHAT[speculative-investigation-013] SPEC_INV_013_an_empty_target_placeholder_keeps_the_emitting_assistant_source_identity
not ok 1 - WHAT[speculative-investigation-013] SPEC_INV_013_an_empty_target_placeholder_keeps_the_emitting_assistant_source_identity
  ---
  duration_ms: 1133.202
  type: 'test'
  location: '/Users/yuanxi/Workwork/vibe-fs/requirements/speculative-investigation/tests/013.test.mjs:580:1'
  failureType: 'testCodeFailure'
  error: 'the start phase must dispatch the durably bound replica bootstrap prompt'
  code: 'ERR_ASSERTION'
  name: 'AssertionError'
  expected: true
  operator: '=='
  stack: |-
    file:///Users/yuanxi/Workwork/vibe-fs/requirements/speculative-investigation/tests/013.test.mjs:518:14
    async withExecutablePlugin (file:///Users/yuanxi/Workwork/vibe-fs/requirements/verification-system/tests/support/plugin-fixture.mjs:274:7)
    async captureRootDelegation (file:///Users/yuanxi/Workwork/vibe-fs/requirements/speculative-investigation/tests/013.test.mjs:481:5)
    async TestContext.<anonymous> (file:///Users/yuanxi/Workwork/vibe-fs/requirements/speculative-investigation/tests/013.test.mjs:581:3)
    async Test.run (node:internal/test_runner/test:1054:7)
    async startSubtestAfterBootstrap (node:internal/test_runner/harness:296:3)
  ...
1..1
# tests 1
# suites 0
# pass 0
# fail 1
# cancelled 0
# skipped 0
# todo 0
# duration_ms 1385.935417
