TAP version 13
# Subtest: WHAT[sphinx-v2-019] a rejected multi-body preparation never publishes its valid prefix
not ok 1 - WHAT[sphinx-v2-019] a rejected multi-body preparation never publishes its valid prefix
  ---
  duration_ms: 9.357291
  type: 'test'
  location: '/Users/yuanxi/Workwork/vibe-fs/requirements/sphinx-v2/tests/019.test.mjs:24:1'
  failureType: 'testCodeFailure'
  error: |-
    {"code":"StorageInvalid","error":{"code":"UnknownEventType","eventType":"sphinx/v2-transition@2"}}
    
    false !== true
    
  code: 'ERR_ASSERTION'
  name: 'AssertionError'
  expected: true
  actual: false
  operator: 'strictEqual'
  stack: |-
    append (file:///Users/yuanxi/Workwork/vibe-fs/requirements/sphinx-v2/tests/persistence-support.mjs:63:10)
    async file:///Users/yuanxi/Workwork/vibe-fs/requirements/sphinx-v2/tests/019.test.mjs:27:22
    async withStore (file:///Users/yuanxi/Workwork/vibe-fs/requirements/sphinx-v2/tests/persistence-support.mjs:83:16)
    async TestContext.<anonymous> (file:///Users/yuanxi/Workwork/vibe-fs/requirements/sphinx-v2/tests/019.test.mjs:25:3)
    async Test.run (node:internal/test_runner/test:1054:7)
    async startSubtestAfterBootstrap (node:internal/test_runner/harness:296:3)
  ...
# Subtest: WHAT[sphinx-v2-019] an unknown body after a valid body produces a durable semantic cut and no partial Current even after reopen
not ok 2 - WHAT[sphinx-v2-019] an unknown body after a valid body produces a durable semantic cut and no partial Current even after reopen
  ---
  duration_ms: 2.183084
  type: 'test'
  location: '/Users/yuanxi/Workwork/vibe-fs/requirements/sphinx-v2/tests/019.test.mjs:42:1'
  failureType: 'testCodeFailure'
  error: |-
    {"code":"StorageInvalid","error":{"code":"UnknownEventType","eventType":"sphinx/v2-transition@2"}}
    
    false !== true
    
  code: 'ERR_ASSERTION'
  name: 'AssertionError'
  expected: true
  actual: false
  operator: 'strictEqual'
  stack: |-
    append (file:///Users/yuanxi/Workwork/vibe-fs/requirements/sphinx-v2/tests/persistence-support.mjs:63:10)
    async file:///Users/yuanxi/Workwork/vibe-fs/requirements/sphinx-v2/tests/019.test.mjs:45:22
    async withStore (file:///Users/yuanxi/Workwork/vibe-fs/requirements/sphinx-v2/tests/persistence-support.mjs:83:16)
    async TestContext.<anonymous> (file:///Users/yuanxi/Workwork/vibe-fs/requirements/sphinx-v2/tests/019.test.mjs:43:3)
    async Test.run (node:internal/test_runner/test:1054:7)
    async Test.processPendingSubtests (node:internal/test_runner/test:744:7)
  ...
# Subtest: WHAT[sphinx-v2-019] internal and external parent edges must agree and foreign valid history is not silently used as the base
not ok 3 - WHAT[sphinx-v2-019] internal and external parent edges must agree and foreign valid history is not silently used as the base
  ---
  duration_ms: 1.640541
  type: 'test'
  location: '/Users/yuanxi/Workwork/vibe-fs/requirements/sphinx-v2/tests/019.test.mjs:60:1'
  failureType: 'testCodeFailure'
  error: |-
    {"code":"StorageInvalid","error":{"code":"UnknownEventType","eventType":"sphinx/v2-transition@2"}}
    
    false !== true
    
  code: 'ERR_ASSERTION'
  name: 'AssertionError'
  expected: true
  actual: false
  operator: 'strictEqual'
  stack: |-
    append (file:///Users/yuanxi/Workwork/vibe-fs/requirements/sphinx-v2/tests/persistence-support.mjs:63:10)
    async file:///Users/yuanxi/Workwork/vibe-fs/requirements/sphinx-v2/tests/019.test.mjs:63:17
    async withStore (file:///Users/yuanxi/Workwork/vibe-fs/requirements/sphinx-v2/tests/persistence-support.mjs:83:16)
    async TestContext.<anonymous> (file:///Users/yuanxi/Workwork/vibe-fs/requirements/sphinx-v2/tests/019.test.mjs:61:3)
    async Test.run (node:internal/test_runner/test:1054:7)
    async Test.processPendingSubtests (node:internal/test_runner/test:744:7)
  ...
# Subtest: WHAT[sphinx-v2-019] an absent outer parent is StorageInvalid and cannot publish any transition
not ok 4 - WHAT[sphinx-v2-019] an absent outer parent is StorageInvalid and cannot publish any transition
  ---
  duration_ms: 1.45675
  type: 'test'
  location: '/Users/yuanxi/Workwork/vibe-fs/requirements/sphinx-v2/tests/019.test.mjs:78:1'
  failureType: 'testCodeFailure'
  error: |-
    {"code":"StorageInvalid","error":{"code":"UnknownEventType","eventType":"sphinx/v2-transition@2"}}
    
    false !== true
    
  code: 'ERR_ASSERTION'
  name: 'AssertionError'
  expected: true
  actual: false
  operator: 'strictEqual'
  stack: |-
    append (file:///Users/yuanxi/Workwork/vibe-fs/requirements/sphinx-v2/tests/persistence-support.mjs:63:10)
    async file:///Users/yuanxi/Workwork/vibe-fs/requirements/sphinx-v2/tests/019.test.mjs:81:22
    async withStore (file:///Users/yuanxi/Workwork/vibe-fs/requirements/sphinx-v2/tests/persistence-support.mjs:83:16)
    async TestContext.<anonymous> (file:///Users/yuanxi/Workwork/vibe-fs/requirements/sphinx-v2/tests/019.test.mjs:79:3)
    async Test.run (node:internal/test_runner/test:1054:7)
    async Test.processPendingSubtests (node:internal/test_runner/test:744:7)
  ...
# Subtest: WHAT[sphinx-v2-019] identical event identity with changed payload is a storage collision rather than a rewrite
not ok 5 - WHAT[sphinx-v2-019] identical event identity with changed payload is a storage collision rather than a rewrite
  ---
  duration_ms: 1.683541
  type: 'test'
  location: '/Users/yuanxi/Workwork/vibe-fs/requirements/sphinx-v2/tests/019.test.mjs:96:1'
  failureType: 'testCodeFailure'
  error: |-
    {"code":"StorageInvalid","error":{"code":"UnknownEventType","eventType":"sphinx/v2-transition@2"}}
    
    false !== true
    
  code: 'ERR_ASSERTION'
  name: 'AssertionError'
  expected: true
  actual: false
  operator: 'strictEqual'
  stack: |-
    append (file:///Users/yuanxi/Workwork/vibe-fs/requirements/sphinx-v2/tests/persistence-support.mjs:63:10)
    async file:///Users/yuanxi/Workwork/vibe-fs/requirements/sphinx-v2/tests/019.test.mjs:99:19
    async withStore (file:///Users/yuanxi/Workwork/vibe-fs/requirements/sphinx-v2/tests/persistence-support.mjs:83:16)
    async TestContext.<anonymous> (file:///Users/yuanxi/Workwork/vibe-fs/requirements/sphinx-v2/tests/019.test.mjs:97:3)
    async Test.run (node:internal/test_runner/test:1054:7)
    async Test.processPendingSubtests (node:internal/test_runner/test:744:7)
  ...
# Subtest: WHAT[sphinx-v2-019] legal same-parent forks preserve both writers and canonical Current refuses to pick a winner
not ok 6 - WHAT[sphinx-v2-019] legal same-parent forks preserve both writers and canonical Current refuses to pick a winner
  ---
  duration_ms: 1.729875
  type: 'test'
  location: '/Users/yuanxi/Workwork/vibe-fs/requirements/sphinx-v2/tests/019.test.mjs:115:1'
  failureType: 'testCodeFailure'
  error: |-
    {"code":"StorageInvalid","error":{"code":"UnknownEventType","eventType":"sphinx/v2-transition@2"}}
    
    false !== true
    
  code: 'ERR_ASSERTION'
  name: 'AssertionError'
  expected: true
  actual: false
  operator: 'strictEqual'
  stack: |-
    append (file:///Users/yuanxi/Workwork/vibe-fs/requirements/sphinx-v2/tests/persistence-support.mjs:63:10)
    async file:///Users/yuanxi/Workwork/vibe-fs/requirements/sphinx-v2/tests/019.test.mjs:119:24
    async withStore (file:///Users/yuanxi/Workwork/vibe-fs/requirements/sphinx-v2/tests/persistence-support.mjs:83:16)
    async TestContext.<anonymous> (file:///Users/yuanxi/Workwork/vibe-fs/requirements/sphinx-v2/tests/019.test.mjs:117:5)
    async Test.run (node:internal/test_runner/test:1054:7)
    async Test.processPendingSubtests (node:internal/test_runner/test:744:7)
  ...
# Subtest: WHAT[sphinx-v2-019] a later legitimate child of an accepted ancestor is not rejected by a global last-state check
not ok 7 - WHAT[sphinx-v2-019] a later legitimate child of an accepted ancestor is not rejected by a global last-state check
  ---
  duration_ms: 1.473083
  type: 'test'
  location: '/Users/yuanxi/Workwork/vibe-fs/requirements/sphinx-v2/tests/019.test.mjs:147:1'
  failureType: 'testCodeFailure'
  error: |-
    {"code":"StorageInvalid","error":{"code":"UnknownEventType","eventType":"sphinx/v2-transition@2"}}
    
    false !== true
    
  code: 'ERR_ASSERTION'
  name: 'AssertionError'
  expected: true
  actual: false
  operator: 'strictEqual'
  stack: |-
    append (file:///Users/yuanxi/Workwork/vibe-fs/requirements/sphinx-v2/tests/persistence-support.mjs:63:10)
    async file:///Users/yuanxi/Workwork/vibe-fs/requirements/sphinx-v2/tests/019.test.mjs:150:22
    async withStore (file:///Users/yuanxi/Workwork/vibe-fs/requirements/sphinx-v2/tests/persistence-support.mjs:83:16)
    async TestContext.<anonymous> (file:///Users/yuanxi/Workwork/vibe-fs/requirements/sphinx-v2/tests/019.test.mjs:148:3)
    async Test.run (node:internal/test_runner/test:1054:7)
    async Test.processPendingSubtests (node:internal/test_runner/test:744:7)
  ...
# Subtest: WHAT[sphinx-v2-019] post-state verification checks actual complete state, not array sizes or the old incomplete stateHash
not ok 8 - WHAT[sphinx-v2-019] post-state verification checks actual complete state, not array sizes or the old incomplete stateHash
  ---
  duration_ms: 1.83125
  type: 'test'
  location: '/Users/yuanxi/Workwork/vibe-fs/requirements/sphinx-v2/tests/019.test.mjs:159:1'
  failureType: 'testCodeFailure'
  error: |-
    {"code":"StorageInvalid","error":{"code":"UnknownEventType","eventType":"sphinx/v2-transition@2"}}
    
    false !== true
    
  code: 'ERR_ASSERTION'
  name: 'AssertionError'
  expected: true
  actual: false
  operator: 'strictEqual'
  stack: |-
    append (file:///Users/yuanxi/Workwork/vibe-fs/requirements/sphinx-v2/tests/persistence-support.mjs:63:10)
    async file:///Users/yuanxi/Workwork/vibe-fs/requirements/sphinx-v2/tests/019.test.mjs:162:22
    async withStore (file:///Users/yuanxi/Workwork/vibe-fs/requirements/sphinx-v2/tests/persistence-support.mjs:83:16)
    async TestContext.<anonymous> (file:///Users/yuanxi/Workwork/vibe-fs/requirements/sphinx-v2/tests/019.test.mjs:160:3)
    async Test.run (node:internal/test_runner/test:1054:7)
    async Test.processPendingSubtests (node:internal/test_runner/test:744:7)
  ...
# Subtest: WHAT[sphinx-v2-019] canonical replay honors the parent when a child identity sorts before it
not ok 9 - WHAT[sphinx-v2-019] canonical replay honors the parent when a child identity sorts before it
  ---
  duration_ms: 3.083083
  type: 'test'
  location: '/Users/yuanxi/Workwork/vibe-fs/requirements/sphinx-v2/tests/019.test.mjs:184:1'
  failureType: 'testCodeFailure'
  error: |-
    {"code":"StorageInvalid","error":{"code":"UnknownEventType","eventType":"sphinx/v2-transition@2"}}
    
    false !== true
    
  code: 'ERR_ASSERTION'
  name: 'AssertionError'
  expected: true
  actual: false
  operator: 'strictEqual'
  stack: |-
    append (file:///Users/yuanxi/Workwork/vibe-fs/requirements/sphinx-v2/tests/persistence-support.mjs:63:10)
    async file:///Users/yuanxi/Workwork/vibe-fs/requirements/sphinx-v2/tests/019.test.mjs:187:22
    async withStore (file:///Users/yuanxi/Workwork/vibe-fs/requirements/sphinx-v2/tests/persistence-support.mjs:83:16)
    async TestContext.<anonymous> (file:///Users/yuanxi/Workwork/vibe-fs/requirements/sphinx-v2/tests/019.test.mjs:185:3)
    async Test.run (node:internal/test_runner/test:1054:7)
    async Test.processPendingSubtests (node:internal/test_runner/test:744:7)
  ...
# Subtest: WHAT[sphinx-v2-019] strict ingress rejects malformed fields and arrays without silently dropping them
ok 10 - WHAT[sphinx-v2-019] strict ingress rejects malformed fields and arrays without silently dropping them
  ---
  duration_ms: 2.56225
  type: 'test'
  ...
# Subtest: WHAT[sphinx-v2-019] frozen @1 material is preserved and explicitly cut, never silently restored as an empty inquiry
ok 11 - WHAT[sphinx-v2-019] frozen @1 material is preserved and explicitly cut, never silently restored as an empty inquiry
  ---
  duration_ms: 11.593958
  type: 'test'
  ...
# Subtest: WHAT[sphinx-v2-019] creation and multi-body work transition append atomically at one revision and survive a new writer
not ok 12 - WHAT[sphinx-v2-019] creation and multi-body work transition append atomically at one revision and survive a new writer
  ---
  duration_ms: 1.460708
  type: 'test'
  location: '/Users/yuanxi/Workwork/vibe-fs/requirements/sphinx-v2/tests/019.test.mjs:245:1'
  failureType: 'testCodeFailure'
  error: |-
    {"code":"StorageInvalid","error":{"code":"UnknownEventType","eventType":"sphinx/v2-transition@2"}}
    
    false !== true
    
  code: 'ERR_ASSERTION'
  name: 'AssertionError'
  expected: true
  actual: false
  operator: 'strictEqual'
  stack: |-
    append (file:///Users/yuanxi/Workwork/vibe-fs/requirements/sphinx-v2/tests/persistence-support.mjs:63:10)
    async file:///Users/yuanxi/Workwork/vibe-fs/requirements/sphinx-v2/tests/019.test.mjs:248:22
    async withStore (file:///Users/yuanxi/Workwork/vibe-fs/requirements/sphinx-v2/tests/persistence-support.mjs:83:16)
    async TestContext.<anonymous> (file:///Users/yuanxi/Workwork/vibe-fs/requirements/sphinx-v2/tests/019.test.mjs:246:3)
    async Test.run (node:internal/test_runner/test:1054:7)
    async Test.processPendingSubtests (node:internal/test_runner/test:744:7)
  ...
# Subtest: WHAT[sphinx-v2-019] cancellation and a late cancel remain honest across writer close and canonical cold replay
not ok 13 - WHAT[sphinx-v2-019] cancellation and a late cancel remain honest across writer close and canonical cold replay
  ---
  duration_ms: 1.270625
  type: 'test'
  location: '/Users/yuanxi/Workwork/vibe-fs/requirements/sphinx-v2/tests/019.test.mjs:278:1'
  failureType: 'testCodeFailure'
  error: |-
    {"code":"StorageInvalid","error":{"code":"UnknownEventType","eventType":"sphinx/v2-transition@2"}}
    
    false !== true
    
  code: 'ERR_ASSERTION'
  name: 'AssertionError'
  expected: true
  actual: false
  operator: 'strictEqual'
  stack: |-
    append (file:///Users/yuanxi/Workwork/vibe-fs/requirements/sphinx-v2/tests/persistence-support.mjs:63:10)
    async file:///Users/yuanxi/Workwork/vibe-fs/requirements/sphinx-v2/tests/019.test.mjs:281:22
    async withStore (file:///Users/yuanxi/Workwork/vibe-fs/requirements/sphinx-v2/tests/persistence-support.mjs:83:16)
    async TestContext.<anonymous> (file:///Users/yuanxi/Workwork/vibe-fs/requirements/sphinx-v2/tests/019.test.mjs:279:3)
    async Test.run (node:internal/test_runner/test:1054:7)
    async Test.processPendingSubtests (node:internal/test_runner/test:744:7)
  ...
# Subtest: WHAT[sphinx-v2-019] all 30 body cases cross real encoding append and new-writer canonical replay without losing public DTO fields
not ok 14 - WHAT[sphinx-v2-019] all 30 body cases cross real encoding append and new-writer canonical replay without losing public DTO fields
  ---
  duration_ms: 1.526125
  type: 'test'
  location: '/Users/yuanxi/Workwork/vibe-fs/requirements/sphinx-v2/tests/019.test.mjs:338:1'
  failureType: 'testCodeFailure'
  error: |-
    {"code":"StorageInvalid","error":{"code":"UnknownEventType","eventType":"sphinx/v2-transition@2"}}
    
    false !== true
    
  code: 'ERR_ASSERTION'
  name: 'AssertionError'
  expected: true
  actual: false
  operator: 'strictEqual'
  stack: |-
    append (file:///Users/yuanxi/Workwork/vibe-fs/requirements/sphinx-v2/tests/persistence-support.mjs:63:10)
    async file:///Users/yuanxi/Workwork/vibe-fs/requirements/sphinx-v2/tests/019.test.mjs:345:24
    async withStore (file:///Users/yuanxi/Workwork/vibe-fs/requirements/sphinx-v2/tests/persistence-support.mjs:83:16)
    async TestContext.<anonymous> (file:///Users/yuanxi/Workwork/vibe-fs/requirements/sphinx-v2/tests/019.test.mjs:343:5)
    async Test.run (node:internal/test_runner/test:1054:7)
    async Test.processPendingSubtests (node:internal/test_runner/test:744:7)
  ...
1..14
# tests 14
# suites 0
# pass 2
# fail 12
# cancelled 0
# skipped 0
# todo 0
# duration_ms 178.608
