TAP version 13
# Subtest: WHAT[host-boundary-033] rejected Host abort fails and releases the exact accepted human successor without a retry
not ok 1 - WHAT[host-boundary-033] rejected Host abort fails and releases the exact accepted human successor without a retry
  ---
  duration_ms: 606.9705
  type: 'test'
  location: '/Users/yuanxi/Workwork/vibe-fs/requirements/host-boundary/tests/033.test.mjs:66:1'
  failureType: 'testCodeFailure'
  error: 'Missing expected rejection.'
  code: 'ERR_ASSERTION'
  name: 'AssertionError'
  expected:
  operator: 'rejects'
  stack: |-
    async file:///Users/yuanxi/Workwork/vibe-fs/requirements/host-boundary/tests/033.test.mjs:89:5
    async withExecutablePlugin (file:///Users/yuanxi/Workwork/vibe-fs/requirements/verification-system/tests/support/plugin-fixture.mjs:274:7)
    async TestContext.<anonymous> (file:///Users/yuanxi/Workwork/vibe-fs/requirements/host-boundary/tests/033.test.mjs:67:3)
    async Test.run (node:internal/test_runner/test:1054:7)
    async startSubtestAfterBootstrap (node:internal/test_runner/harness:296:3)
  ...
1..1
# tests 1
# suites 0
# pass 0
# fail 1
# cancelled 0
# skipped 0
# todo 0
# duration_ms 745.069625
