{
  "mode": "new",
  "concurrency": 8,
  "stageBudgetMs": 5000,
  "results": [
    {
      "index": 0,
      "status": "failed",
      "elapsed": 3911,
      "stages": [
        {
          "stage": "bootstrapped",
          "elapsed": 984
        },
        {
          "stage": "listening",
          "elapsed": 1271
        },
        {
          "stage": "global-healthy",
          "elapsed": 1304
        }
      ],
      "error": "Health-check failed: phase=project url=http://127.0.0.1:50067/path elapsed=2606ms attempts=1; path response directory \"/private/var/folders/g_/3ydzn7kx5lg9ylq8fd9p_13r0000gn/T/wxs-readiness-concurrency-yyObIm/workspace\" differs from \"/var/folders/g_/3ydzn7kx5lg9ylq8fd9p_13r0000gn/T/wxs-readiness-concurrency-yyObIm/workspace\"\nstdout tail:\nWarning: OPENCODE_SERVER_PASSWORD is not set; server is unsecured.\n\nopencode server listening on http://127.0.0.1:50067\n\nstderr tail:\n",
      "stdout": "Warning: OPENCODE_SERVER_PASSWORD is not set; server is unsecured.\nopencode server listening on http://127.0.0.1:50067\n",
      "stderr": ""
    },
    {
      "index": 1,
      "status": "failed",
      "elapsed": 3982,
      "stages": [
        {
          "stage": "bootstrapped",
          "elapsed": 918
        },
        {
          "stage": "listening",
          "elapsed": 1228
        },
        {
          "stage": "global-healthy",
          "elapsed": 1263
        }
      ],
      "error": "Health-check failed: phase=project url=http://127.0.0.1:50064/path elapsed=2717ms attempts=1; path response directory \"/private/var/folders/g_/3ydzn7kx5lg9ylq8fd9p_13r0000gn/T/wxs-readiness-concurrency-eum9x8/workspace\" differs from \"/var/folders/g_/3ydzn7kx5lg9ylq8fd9p_13r0000gn/T/wxs-readiness-concurrency-eum9x8/workspace\"\nstdout tail:\nWarning: OPENCODE_SERVER_PASSWORD is not set; server is unsecured.\n\nopencode server listening on http://127.0.0.1:50064\n\nstderr tail:\n",
      "stdout": "Warning: OPENCODE_SERVER_PASSWORD is not set; server is unsecured.\nopencode server listening on http://127.0.0.1:50064\n",
      "stderr": ""
    },
    {
      "index": 2,
      "status": "failed",
      "elapsed": 4069,
      "stages": [
        {
          "stage": "bootstrapped",
          "elapsed": 987
        },
        {
          "stage": "listening",
          "elapsed": 1376
        },
        {
          "stage": "global-healthy",
          "elapsed": 1383
        }
      ],
      "error": "Health-check failed: phase=project url=http://127.0.0.1:50069/path elapsed=2686ms attempts=1; path response directory \"/private/var/folders/g_/3ydzn7kx5lg9ylq8fd9p_13r0000gn/T/wxs-readiness-concurrency-uaR7C6/workspace\" differs from \"/var/folders/g_/3ydzn7kx5lg9ylq8fd9p_13r0000gn/T/wxs-readiness-concurrency-uaR7C6/workspace\"\nstdout tail:\nWarning: OPENCODE_SERVER_PASSWORD is not set; server is unsecured.\n\nopencode server listening on http://127.0.0.1:50069\n\nstderr tail:\n",
      "stdout": "Warning: OPENCODE_SERVER_PASSWORD is not set; server is unsecured.\nopencode server listening on http://127.0.0.1:50069\n",
      "stderr": ""
    },
    {
      "index": 3,
      "status": "failed",
      "elapsed": 3771,
      "stages": [
        {
          "stage": "bootstrapped",
          "elapsed": 1002
        },
        {
          "stage": "listening",
          "elapsed": 1333
        },
        {
          "stage": "global-healthy",
          "elapsed": 1373
        }
      ],
      "error": "Health-check failed: phase=project url=http://127.0.0.1:50068/path elapsed=2397ms attempts=1; path response directory \"/private/var/folders/g_/3ydzn7kx5lg9ylq8fd9p_13r0000gn/T/wxs-readiness-concurrency-p6Jmzv/workspace\" differs from \"/var/folders/g_/3ydzn7kx5lg9ylq8fd9p_13r0000gn/T/wxs-readiness-concurrency-p6Jmzv/workspace\"\nstdout tail:\nWarning: OPENCODE_SERVER_PASSWORD is not set; server is unsecured.\n\nopencode server listening on http://127.0.0.1:50068\n\nstderr tail:\n",
      "stdout": "Warning: OPENCODE_SERVER_PASSWORD is not set; server is unsecured.\nopencode server listening on http://127.0.0.1:50068\n",
      "stderr": ""
    },
    {
      "index": 4,
      "status": "failed",
      "elapsed": 3866,
      "stages": [
        {
          "stage": "bootstrapped",
          "elapsed": 942
        },
        {
          "stage": "listening",
          "elapsed": 1296
        },
        {
          "stage": "global-healthy",
          "elapsed": 1304
        }
      ],
      "error": "Health-check failed: phase=project url=http://127.0.0.1:50065/path elapsed=2562ms attempts=1; path response directory \"/private/var/folders/g_/3ydzn7kx5lg9ylq8fd9p_13r0000gn/T/wxs-readiness-concurrency-b9JKNn/workspace\" differs from \"/var/folders/g_/3ydzn7kx5lg9ylq8fd9p_13r0000gn/T/wxs-readiness-concurrency-b9JKNn/workspace\"\nstdout tail:\nWarning: OPENCODE_SERVER_PASSWORD is not set; server is unsecured.\n\nopencode server listening on http://127.0.0.1:50065\n\nstderr tail:\n",
      "stdout": "Warning: OPENCODE_SERVER_PASSWORD is not set; server is unsecured.\nopencode server listening on http://127.0.0.1:50065\n",
      "stderr": ""
    },
    {
      "index": 5,
      "status": "failed",
      "elapsed": 4056,
      "stages": [
        {
          "stage": "bootstrapped",
          "elapsed": 1030
        },
        {
          "stage": "listening",
          "elapsed": 1420
        },
        {
          "stage": "global-healthy",
          "elapsed": 1439
        }
      ],
      "error": "Health-check failed: phase=project url=http://127.0.0.1:50071/path elapsed=2617ms attempts=1; path response directory \"/private/var/folders/g_/3ydzn7kx5lg9ylq8fd9p_13r0000gn/T/wxs-readiness-concurrency-HCjgUK/workspace\" differs from \"/var/folders/g_/3ydzn7kx5lg9ylq8fd9p_13r0000gn/T/wxs-readiness-concurrency-HCjgUK/workspace\"\nstdout tail:\nWarning: OPENCODE_SERVER_PASSWORD is not set; server is unsecured.\n\nopencode server listening on http://127.0.0.1:50071\n\nstderr tail:\n",
      "stdout": "Warning: OPENCODE_SERVER_PASSWORD is not set; server is unsecured.\nopencode server listening on http://127.0.0.1:50071\n",
      "stderr": ""
    },
    {
      "index": 6,
      "status": "failed",
      "elapsed": 3863,
      "stages": [
        {
          "stage": "bootstrapped",
          "elapsed": 948
        },
        {
          "stage": "listening",
          "elapsed": 1313
        },
        {
          "stage": "global-healthy",
          "elapsed": 1349
        }
      ],
      "error": "Health-check failed: phase=project url=http://127.0.0.1:50066/path elapsed=2514ms attempts=1; path response directory \"/private/var/folders/g_/3ydzn7kx5lg9ylq8fd9p_13r0000gn/T/wxs-readiness-concurrency-Bn8d2P/workspace\" differs from \"/var/folders/g_/3ydzn7kx5lg9ylq8fd9p_13r0000gn/T/wxs-readiness-concurrency-Bn8d2P/workspace\"\nstdout tail:\nWarning: OPENCODE_SERVER_PASSWORD is not set; server is unsecured.\n\nopencode server listening on http://127.0.0.1:50066\n\nstderr tail:\n",
      "stdout": "Warning: OPENCODE_SERVER_PASSWORD is not set; server is unsecured.\nopencode server listening on http://127.0.0.1:50066\n",
      "stderr": ""
    },
    {
      "index": 7,
      "status": "failed",
      "elapsed": 3964,
      "stages": [
        {
          "stage": "bootstrapped",
          "elapsed": 1007
        },
        {
          "stage": "listening",
          "elapsed": 1393
        },
        {
          "stage": "global-healthy",
          "elapsed": 1426
        }
      ],
      "error": "Health-check failed: phase=project url=http://127.0.0.1:50070/path elapsed=2538ms attempts=1; path response directory \"/private/var/folders/g_/3ydzn7kx5lg9ylq8fd9p_13r0000gn/T/wxs-readiness-concurrency-INZMrt/workspace\" differs from \"/var/folders/g_/3ydzn7kx5lg9ylq8fd9p_13r0000gn/T/wxs-readiness-concurrency-INZMrt/workspace\"\nstdout tail:\nWarning: OPENCODE_SERVER_PASSWORD is not set; server is unsecured.\n\nopencode server listening on http://127.0.0.1:50070\n\nstderr tail:\n",
      "stdout": "Warning: OPENCODE_SERVER_PASSWORD is not set; server is unsecured.\nopencode server listening on http://127.0.0.1:50070\n",
      "stderr": ""
    }
  ],
  "observations": [
    {
      "mode": "new",
      "url": "http://127.0.0.1:50064/global/health",
      "started": 1931,
      "elapsed": 29,
      "status": 200
    },
    {
      "mode": "new",
      "url": "http://127.0.0.1:50064/path",
      "started": 1965,
      "elapsed": 2717,
      "status": 200
    },
    {
      "mode": "new",
      "url": "http://127.0.0.1:50067/global/health",
      "started": 1969,
      "elapsed": 32,
      "status": 200
    },
    {
      "mode": "new",
      "url": "http://127.0.0.1:50067/path",
      "started": 2002,
      "elapsed": 2606,
      "status": 200
    },
    {
      "mode": "new",
      "url": "http://127.0.0.1:50065/global/health",
      "started": 2002,
      "elapsed": 8,
      "status": 200
    },
    {
      "mode": "new",
      "url": "http://127.0.0.1:50065/path",
      "started": 2010,
      "elapsed": 2561,
      "status": 200
    },
    {
      "mode": "new",
      "url": "http://127.0.0.1:50066/global/health",
      "started": 2024,
      "elapsed": 35,
      "status": 200
    },
    {
      "mode": "new",
      "url": "http://127.0.0.1:50068/global/health",
      "started": 2037,
      "elapsed": 39,
      "status": 200
    },
    {
      "mode": "new",
      "url": "http://127.0.0.1:50066/path",
      "started": 2060,
      "elapsed": 2513,
      "status": 200
    },
    {
      "mode": "new",
      "url": "http://127.0.0.1:50068/path",
      "started": 2077,
      "elapsed": 2395,
      "status": 200
    },
    {
      "mode": "new",
      "url": "http://127.0.0.1:50069/global/health",
      "started": 2078,
      "elapsed": 7,
      "status": 200
    },
    {
      "mode": "new",
      "url": "http://127.0.0.1:50069/path",
      "started": 2085,
      "elapsed": 2686,
      "status": 200
    },
    {
      "mode": "new",
      "url": "http://127.0.0.1:50070/global/health",
      "started": 2105,
      "elapsed": 31,
      "status": 200
    },
    {
      "mode": "new",
      "url": "http://127.0.0.1:50071/global/health",
      "started": 2129,
      "elapsed": 19,
      "status": 200
    },
    {
      "mode": "new",
      "url": "http://127.0.0.1:50070/path",
      "started": 2138,
      "elapsed": 2538,
      "status": 200
    },
    {
      "mode": "new",
      "url": "http://127.0.0.1:50071/path",
      "started": 2148,
      "elapsed": 2616,
      "status": 200
    }
  ]
}
{"cleanup":[{"status":"fulfilled"},{"status":"fulfilled"},{"status":"fulfilled"},{"status":"fulfilled"},{"status":"fulfilled"},{"status":"fulfilled"},{"status":"fulfilled"},{"status":"fulfilled"}]}
