TAP version 13
# {"operation":"plugin-hook-chat-message-failed","result":"Managed chat admission failed: TransactionFailed (AcceptanceFailed (EstablishedEvidenceConflict ({ SessionId = SessionId \\"ses-concurrent-admission\\"\\n  LogicalRunId = LogicalRunId \\"f0104945516f9aa45509827f45942f7fd62154073bb6d3db7de1f7b14ccebd05\\"\\n  AuthorityRootUserMessageId = AuthorityRootUserMessageId \\"msg-concurrent-admission\\"\\n  AuthorityKind = HumanRoot\\n  IdentitySeed = RootSelection ({ Identity = { SelectedAgent = PersonaName \\"engineer\\"\\n  Kind = ManagedRole Engineer\\n  Persona = \\"Engineer\\"\\n  PersonaCatalogVersion = PersonaCatalogVersion 1\\n  Origin = ResolvedAtRoot } })\\n  PhysicalUserMessageId = PhysicalUserMessageId \\"msg-concurrent-admission\\"\\n  Origin = AuthorityRoot HumanRoot }, { SessionId = SessionId \\"ses-concurrent-admission\\"\\n  LogicalRunId = LogicalRunId \\"f0104945516f9aa45509827f45942f7fd62154073bb6d3db7de1f7b14ccebd05\\"\\n  AuthorityRootUserMessageId = AuthorityRootUserMessageId \\"msg-concurrent-admission\\"\\n  AuthorityKind = HumanRoot\\n  IdentitySeed = RootSelection ({ Identity = { SelectedAgent = PersonaName \\"engineer\\"\\n  Kind = ManagedRole Engineer\\n  Persona = \\"Engineer\\"\\n  PersonaCatalogVersion = PersonaCatalogVersion 1\\n  Origin = ResolvedAtRoot } })\\n  PhysicalUserMessageId = PhysicalUserMessageId \\"msg-concurrent-admission\\""}
# {"operation":"plugin-hook-chat-message-failed","result":"Managed chat admission failed: TransactionFailed (AcceptanceFailed (EstablishedEvidenceConflict ({ SessionId = SessionId \\"ses-late-admission\\"\\n  LogicalRunId = LogicalRunId \\"3000ad297a30328388b0f72aad9eff976939d6900d04550a50b1ca36eed8608e\\"\\n  AuthorityRootUserMessageId = AuthorityRootUserMessageId \\"msg-late-admission\\"\\n  AuthorityKind = HumanRoot\\n  IdentitySeed = RootSelection ({ Identity = { SelectedAgent = PersonaName \\"engineer\\"\\n  Kind = ManagedRole Engineer\\n  Persona = \\"Engineer\\"\\n  PersonaCatalogVersion = PersonaCatalogVersion 1\\n  Origin = ResolvedAtRoot } })\\n  PhysicalUserMessageId = PhysicalUserMessageId \\"msg-late-admission\\"\\n  Origin = AuthorityRoot HumanRoot }, { SessionId = SessionId \\"ses-late-admission\\"\\n  LogicalRunId = LogicalRunId \\"3000ad297a30328388b0f72aad9eff976939d6900d04550a50b1ca36eed8608e\\"\\n  AuthorityRootUserMessageId = AuthorityRootUserMessageId \\"msg-late-admission\\"\\n  AuthorityKind = HumanRoot\\n  IdentitySeed = RootSelection ({ Identity = { SelectedAgent = PersonaName \\"engineer\\"\\n  Kind = ManagedRole Engineer\\n  Persona = \\"Engineer\\"\\n  PersonaCatalogVersion = PersonaCatalogVersion 1\\n  Origin = ResolvedAtRoot } })\\n  PhysicalUserMessageId = PhysicalUserMessageId \\"msg-late-admission\\""}
# Subtest: WHAT[managed-chat-execution-003] concurrent exact chat admissions and their replay project one committed target into every Host request
not ok 1 - WHAT[managed-chat-execution-003] concurrent exact chat admissions and their replay project one committed target into every Host request
  ---
  duration_ms: 898.530375
  type: 'test'
  location: '/Users/yuanxi/Workwork/vibe-fs/requirements/managed-chat-execution/tests/003.test.mjs:7:1'
  failureType: 'testCodeFailure'
  error: |-
    Managed chat admission failed: TransactionFailed (AcceptanceFailed (EstablishedEvidenceConflict ({ SessionId = SessionId "ses-concurrent-admission"
      LogicalRunId = LogicalRunId "f0104945516f9aa45509827f45942f7fd62154073bb6d3db7de1f7b14ccebd05"
      AuthorityRootUserMessageId = AuthorityRootUserMessageId "msg-concurrent-admission"
      AuthorityKind = HumanRoot
      IdentitySeed = RootSelection ({ Identity = { SelectedAgent = PersonaName "engineer"
      Kind = ManagedRole Engineer
      Persona = "Engineer"
      PersonaCatalogVersion = PersonaCatalogVersion 1
      Origin = ResolvedAtRoot } })
      PhysicalUserMessageId = PhysicalUserMessageId "msg-concurrent-admission"
      Origin = AuthorityRoot HumanRoot }, { SessionId = SessionId "ses-concurrent-admission"
      LogicalRunId = LogicalRunId "f0104945516f9aa45509827f45942f7fd62154073bb6d3db7de1f7b14ccebd05"
      AuthorityRootUserMessageId = AuthorityRootUserMessageId "msg-concurrent-admission"
      AuthorityKind = HumanRoot
      IdentitySeed = RootSelection ({ Identity = { SelectedAgent = PersonaName "engineer"
      Kind = ManagedRole Engineer
      Persona = "Engineer"
      PersonaCatalogVersion = PersonaCatalogVersion 1
      Origin = ResolvedAtRoot } })
      PhysicalUserMessageId = PhysicalUserMessageId "msg-concurrent-admission"
      Origin = Continuation HumanMessage })))
  code: 'ERR_TEST_FAILURE'
  ...
# Subtest: WHAT[managed-chat-execution-003] an exact admission joining after committed Host projection receives its own complete model
not ok 2 - WHAT[managed-chat-execution-003] an exact admission joining after committed Host projection receives its own complete model
  ---
  duration_ms: 208.749167
  type: 'test'
  location: '/Users/yuanxi/Workwork/vibe-fs/requirements/managed-chat-execution/tests/003.test.mjs:39:1'
  failureType: 'testCodeFailure'
  error: |-
    Managed chat admission failed: TransactionFailed (AcceptanceFailed (EstablishedEvidenceConflict ({ SessionId = SessionId "ses-late-admission"
      LogicalRunId = LogicalRunId "3000ad297a30328388b0f72aad9eff976939d6900d04550a50b1ca36eed8608e"
      AuthorityRootUserMessageId = AuthorityRootUserMessageId "msg-late-admission"
      AuthorityKind = HumanRoot
      IdentitySeed = RootSelection ({ Identity = { SelectedAgent = PersonaName "engineer"
      Kind = ManagedRole Engineer
      Persona = "Engineer"
      PersonaCatalogVersion = PersonaCatalogVersion 1
      Origin = ResolvedAtRoot } })
      PhysicalUserMessageId = PhysicalUserMessageId "msg-late-admission"
      Origin = AuthorityRoot HumanRoot }, { SessionId = SessionId "ses-late-admission"
      LogicalRunId = LogicalRunId "3000ad297a30328388b0f72aad9eff976939d6900d04550a50b1ca36eed8608e"
      AuthorityRootUserMessageId = AuthorityRootUserMessageId "msg-late-admission"
      AuthorityKind = HumanRoot
      IdentitySeed = RootSelection ({ Identity = { SelectedAgent = PersonaName "engineer"
      Kind = ManagedRole Engineer
      Persona = "Engineer"
      PersonaCatalogVersion = PersonaCatalogVersion 1
      Origin = ResolvedAtRoot } })
      PhysicalUserMessageId = PhysicalUserMessageId "msg-late-admission"
      Origin = Continuation HumanMessage })))
  code: 'ERR_TEST_FAILURE'
  ...
# Subtest: WHAT[managed-chat-execution-003] managed admission has one fixed success order
ok 3 - WHAT[managed-chat-execution-003] managed admission has one fixed success order
  ---
  duration_ms: 0.860542
  type: 'test'
  ...
# Subtest: WHAT[managed-chat-execution-003] append failure performs zero downstream effects
ok 4 - WHAT[managed-chat-execution-003] append failure performs zero downstream effects
  ---
  duration_ms: 0.277459
  type: 'test'
  ...
# Subtest: WHAT[managed-chat-execution-003] acquisition failure crosses no later boundary
ok 5 - WHAT[managed-chat-execution-003] acquisition failure crosses no later boundary
  ---
  duration_ms: 0.324084
  type: 'test'
  ...
# Subtest: WHAT[managed-chat-execution-003] superseded demand is a typed nonfatal short-circuit
ok 6 - WHAT[managed-chat-execution-003] superseded demand is a typed nonfatal short-circuit
  ---
  duration_ms: 0.251042
  type: 'test'
  ...
# Subtest: WHAT[managed-chat-execution-003] already-started replay performs no duplicate admission effect
ok 7 - WHAT[managed-chat-execution-003] already-started replay performs no duplicate admission effect
  ---
  duration_ms: 0.072083
  type: 'test'
  ...
# Subtest: WHAT[managed-chat-execution-003] HostInternal physical input creates no managed admission or provider send
ok 8 - WHAT[managed-chat-execution-003] HostInternal physical input creates no managed admission or provider send
  ---
  duration_ms: 176.666709
  type: 'test'
  ...
# Subtest: WHAT[managed-chat-execution-003] rejected participant identity stops the registered Host hook before acceptance, capacity or projection
ok 9 - WHAT[managed-chat-execution-003] rejected participant identity stops the registered Host hook before acceptance, capacity or projection
  ---
  duration_ms: 178.898583
  type: 'test'
  ...
1..9
# tests 9
# suites 0
# pass 7
# fail 2
# cancelled 0
# skipped 0
# todo 0
# duration_ms 1674.593209
