TAP version 13
# Subtest: WHAT[managed-session-lifecycle-009] EXEC_009_HandleAbandoned_serializes_round_trip
ok 1 - WHAT[managed-session-lifecycle-009] EXEC_009_HandleAbandoned_serializes_round_trip
  ---
  duration_ms: 4.35275
  type: 'test'
  ...
# Subtest: WHAT[managed-session-lifecycle-009] EXEC_009_Active_to_Abandoned_fold_and_projection
ok 2 - WHAT[managed-session-lifecycle-009] EXEC_009_Active_to_Abandoned_fold_and_projection
  ---
  duration_ms: 1.414583
  type: 'test'
  ...
# Subtest: WHAT[managed-session-lifecycle-009] EXEC_009_CompletedAwaitingJoin_can_abandon
ok 3 - WHAT[managed-session-lifecycle-009] EXEC_009_CompletedAwaitingJoin_can_abandon
  ---
  duration_ms: 0.346042
  type: 'test'
  ...
# Subtest: WHAT[managed-session-lifecycle-009] EXEC_009_Abandoned_is_not_joinable_and_cannot_complete
ok 4 - WHAT[managed-session-lifecycle-009] EXEC_009_Abandoned_is_not_joinable_and_cannot_complete
  ---
  duration_ms: 0.442583
  type: 'test'
  ...
# Subtest: WHAT[managed-session-lifecycle-009] EXEC_009_recordAbandon_CAS_first_wins
not ok 5 - WHAT[managed-session-lifecycle-009] EXEC_009_recordAbandon_CAS_first_wins
  ---
  duration_ms: 218.240916
  type: 'test'
  location: '/Users/yuanxi/Workwork/vibe-fs/requirements/managed-session-lifecycle/tests/009.test.mjs:95:1'
  failureType: 'testCodeFailure'
  error: |-
    same exact work retry must not append a second terminal fact
    
    9n !== 8n
    
  code: 'ERR_ASSERTION'
  name: 'AssertionError'
  expected: 8n
  actual: 9n
  operator: 'strictEqual'
  stack: |-
    file:///Users/yuanxi/Workwork/vibe-fs/requirements/managed-session-lifecycle/tests/009.test.mjs:107:12
    async withJournal (file:///Users/yuanxi/Workwork/vibe-fs/requirements/interaction-authority/tests/support/authority.mjs:45:16)
    async TestContext.<anonymous> (file:///Users/yuanxi/Workwork/vibe-fs/requirements/managed-session-lifecycle/tests/009.test.mjs:96:3)
    async Test.run (node:internal/test_runner/test:1054:7)
    async Test.processPendingSubtests (node:internal/test_runner/test:744:7)
  ...
# Subtest: WHAT[managed-session-lifecycle-009] EXEC_009_fold_replays_HandleAbandoned_idempotent
ok 6 - WHAT[managed-session-lifecycle-009] EXEC_009_fold_replays_HandleAbandoned_idempotent
  ---
  duration_ms: 0.790042
  type: 'test'
  ...
# Subtest: WHAT[managed-session-lifecycle-009] EXEC_009_retire_tombstone_unaffected_by_abandon_path
ok 7 - WHAT[managed-session-lifecycle-009] EXEC_009_retire_tombstone_unaffected_by_abandon_path
  ---
  duration_ms: 0.217875
  type: 'test'
  ...
# Subtest: WHAT[managed-session-lifecycle-009] EXEC_009_projection_CAS_duplicate_abandon_refused
ok 8 - WHAT[managed-session-lifecycle-009] EXEC_009_projection_CAS_duplicate_abandon_refused
  ---
  duration_ms: 0.067542
  type: 'test'
  ...
# Subtest: WHAT[managed-session-lifecycle-009] EXEC_009_parent_abort_needs_the_handles_themselves_not_a_count
ok 9 - WHAT[managed-session-lifecycle-009] EXEC_009_parent_abort_needs_the_handles_themselves_not_a_count
  ---
  duration_ms: 0.387042
  type: 'test'
  ...
# Subtest: WHAT[managed-session-lifecycle-009] EXEC_009_abandoned_retire_clears_reportable_single_report
ok 10 - WHAT[managed-session-lifecycle-009] EXEC_009_abandoned_retire_clears_reportable_single_report
  ---
  duration_ms: 0.302791
  type: 'test'
  ...
# Subtest: WHAT[managed-session-lifecycle-009] authorized parent termination awaits every durable abandonment and held physical child cleanup before publishing parent terminal (GAP-133)
ok 11 - WHAT[managed-session-lifecycle-009] authorized parent termination awaits every durable abandonment and held physical child cleanup before publishing parent terminal (GAP-133) # TODO
  ---
  duration_ms: 0.078083
  type: 'test'
  ...
# Subtest: WHAT[managed-session-lifecycle-009] G2_delegate_cancel_owner_fails_pending_invoke_no_extra_child
ok 12 - WHAT[managed-session-lifecycle-009] G2_delegate_cancel_owner_fails_pending_invoke_no_extra_child
  ---
  duration_ms: 65.106042
  type: 'test'
  ...
1..12
# tests 12
# suites 0
# pass 10
# fail 1
# cancelled 0
# skipped 0
# todo 1
# duration_ms 463.18825
