runner: scoped 使用 TESTS_MJS_FILES=10 files
runner: build is current (1784 sources, 879 artifacts)
runner: discovery OVERRIDDEN by TESTS_MJS_FILES (10 file(s))
runner: 10 test file(s), 5000ms verdict-silence window
{"operation":"plugin-hook-chat-message-failed","result":"Managed chat admission failed: TransactionFailed (LeaseHandoffFailed (external input supersession failed to drain the old Host attempt: Host rejected session abort: { message = \"controlled SDK abort rejection\" }, TerminalCommitted (Settled Applied)))"}
HOOK CHAT MESSAGE FAILED: ChatAdmissionHookException {
  message: 'Managed chat admission failed: TransactionFailed (LeaseCommitFailed (Conflict, Settled Conflict))',
  innerException: undefined,
  failure: ChatAdmissionHookFailure {
    tag: 1,
    fields: [ [ChatAdmissionTransactionError] ]
  },
  executionKey: ChatExecutionKey {
    SessionId: SessionId { tag: 0, fields: [Array] },
    PhysicalUserMessageId: PhysicalUserMessageId { tag: 0, fields: [Array] }
  }
}
HOOK CHAT MESSAGE FAILED: ChatAdmissionHookException {
  message: 'Managed chat admission failed: TransactionFailed (LeaseCommitFailed (Conflict, Settled Conflict))',
  innerException: undefined,
  failure: ChatAdmissionHookFailure {
    tag: 1,
    fields: [ [ChatAdmissionTransactionError] ]
  },
  executionKey: ChatExecutionKey {
    SessionId: SessionId { tag: 0, fields: [Array] },
    PhysicalUserMessageId: PhysicalUserMessageId { tag: 0, fields: [Array] }
  }
}

[test-summary] 10 file(s), 90 passed, 0 failed, 4 skipped, 2 todo (6.69s wall, 29.96s test time)
  todo: /Users/yuanxi/Workwork/vibe-fs/requirements/crash-reconciliation/tests/006.test.mjs:WHAT[crash-reconciliation-006] real sending boundary returns a permit only for proven pre-acceptance rejection and never for acceptance unknown (GAP-149) — reason not supplied
  todo: /Users/yuanxi/Workwork/vibe-fs/requirements/dispatch-protocol/tests/002.test.mjs:WHAT[dispatch-protocol-002] held and failed actual claim append prevents Host send, including crash between durable registration and transport invocation (GAP-136) — reason not supplied
  skip: /Users/yuanxi/Workwork/vibe-fs/requirements/host-boundary/tests/033.test.mjs:WHAT[host-boundary-033] installed Host drains a superseded Guard and answers the exact fresh human input — integration tier not enabled
  skip: /Users/yuanxi/Workwork/vibe-fs/requirements/host-boundary/tests/033.test.mjs:WHAT[host-boundary-033] installed Host drains a held Guard before waiting for its only capacity slot — integration tier not enabled
  skip: /Users/yuanxi/Workwork/vibe-fs/requirements/speculative-investigation/tests/013.test.mjs:WHAT[speculative-investigation-013] SPEC_INV_013_configured_predictor_decorates_builtin_tools_on_real_host — integration tier not enabled
  skip: /Users/yuanxi/Workwork/vibe-fs/requirements/speculative-investigation/tests/013.test.mjs:WHAT[speculative-investigation-013] resident_manager_predictor_keeps_each_budget_and_readonly_boundary — integration tier not enabled
runner: post-exit group verification/reclamation: pid=26240; elapsedMs=20.337; accepted=true
runner: 96 test(s), 30.0s of test time; max 6075ms, p90 710ms, median 6ms
runner:    6075ms  WHAT[execution-model-routing-014] seeded bounded admission soak preserves fairness and exact reconciliation after every operation
runner:    2838ms  WHAT[managed-chat-execution-005] transform durably starts the real assistant observed before its attempt plan existed
runner:    2611ms  WHAT[host-boundary-033] superseded accepted execution settles before late provider observations and preserves the new execution
runner:    2494ms  WHAT[managed-chat-execution-003] concurrent exact chat admissions and their replay project one committed target into every Host request
runner:    2469ms  WHAT[host-boundary-003] coarse abort is only a wake while an exact operator cancellation settles its own accepted execution

runner: 90 passed, 0 failed; 10/10 planned file(s) completed
runner: partial evidence; 4 skipped, 2 TODO; excluded cases are not passes
runner: pending proof prevents complete acceptance
