TAP version 13
# Subtest: WHAT[host-boundary-033] superseded accepted execution settles before late provider observations and preserves the new execution
not ok 1 - WHAT[host-boundary-033] superseded accepted execution settles before late provider observations and preserves the new execution
  ---
  duration_ms: 765.094125
  type: 'test'
  location: '/Users/yuanxi/Workwork/vibe-fs/requirements/host-boundary/tests/033.test.mjs:14:1'
  failureType: 'testCodeFailure'
  error: |-
    Expected values to be strictly deep-equal:
    + actual - expected
    
      {
    +   disposition: null,
    +   phase: 'Accepted'
    -   disposition: 'Cancelled',
    -   phase: 'Terminal'
      }
    
  code: 'ERR_ASSERTION'
  name: 'AssertionError'
  expected:
    phase: 'Terminal'
    disposition: 'Cancelled'
  actual:
    disposition: ~
    phase: 'Accepted'
  operator: 'deepStrictEqual'
  stack: |-
    file:///Users/yuanxi/Workwork/vibe-fs/requirements/host-boundary/tests/033.test.mjs:34:12
    async withExecutablePlugin (file:///Users/yuanxi/Workwork/vibe-fs/requirements/verification-system/tests/support/plugin-fixture.mjs:270:7)
    async TestContext.<anonymous> (file:///Users/yuanxi/Workwork/vibe-fs/requirements/host-boundary/tests/033.test.mjs:15:3)
    async Test.run (node:internal/test_runner/test:1054:7)
    async startSubtestAfterBootstrap (node:internal/test_runner/harness:296:3)
  ...
# Subtest: WHAT[host-boundary-033] P2A_repeated_params_hooks_are_observations_without_durable_evidence
ok 2 - WHAT[host-boundary-033] P2A_repeated_params_hooks_are_observations_without_durable_evidence
  ---
  duration_ms: 0.48525
  type: 'test'
  ...
# Subtest: WHAT[host-boundary-033] P2A_interleaved_messages_do_not_cross_validate
ok 3 - WHAT[host-boundary-033] P2A_interleaved_messages_do_not_cross_validate
  ---
  duration_ms: 0.114917
  type: 'test'
  ...
# Subtest: WHAT[host-boundary-033] P2A_unmanaged_auxiliary_child_is_exempt_not_managed
ok 4 - WHAT[host-boundary-033] P2A_unmanaged_auxiliary_child_is_exempt_not_managed
  ---
  duration_ms: 0.048792
  type: 'test'
  ...
# Subtest: WHAT[host-boundary-033] P2A_params_hook_is_read_only_exact_lease_validation
ok 5 - WHAT[host-boundary-033] P2A_params_hook_is_read_only_exact_lease_validation
  ---
  duration_ms: 0.354625
  type: 'test'
  ...
# Subtest: WHAT[host-boundary-033] P2A_provider_step_gate_reads_exact_lease_not_session_copy
ok 6 - WHAT[host-boundary-033] P2A_provider_step_gate_reads_exact_lease_not_session_copy
  ---
  duration_ms: 0.296042
  type: 'test'
  ...
# Subtest: WHAT[host-boundary-033] P2A_multi_step_and_late_events_keep_exact_identities
ok 7 - WHAT[host-boundary-033] P2A_multi_step_and_late_events_keep_exact_identities
  ---
  duration_ms: 0.306334
  type: 'test'
  ...
1..7
# tests 7
# suites 0
# pass 6
# fail 1
# cancelled 0
# skipped 0
# todo 0
# duration_ms 932.829292
