TAP version 13
# fatal: .git/index: index file smaller than expected
# fatal: .git/index: index file smaller than expected
# fatal: .git/index: index file smaller than expected
# Subtest: WHAT[verification-system-016] the actual verification run binds its evidence to the same immutable candidate snapshot
ok 1 - WHAT[verification-system-016] the actual verification run binds its evidence to the same immutable candidate snapshot # TODO
  ---
  duration_ms: 5.168791
  type: 'test'
  ...
# Subtest: WHAT[verification-system-016] verification rejects an unsealed symbolic input at src before running stages
ok 2 - WHAT[verification-system-016] verification rejects an unsealed symbolic input at src before running stages
  ---
  duration_ms: 172.403833
  type: 'test'
  ...
# Subtest: WHAT[verification-system-016] verification rejects an unsealed symbolic input at .github before running stages
ok 3 - WHAT[verification-system-016] verification rejects an unsealed symbolic input at .github before running stages
  ---
  duration_ms: 120.137333
  type: 'test'
  ...
# Subtest: WHAT[verification-system-016] verification rejects an unsealed symbolic input at package.json before running stages
ok 4 - WHAT[verification-system-016] verification rejects an unsealed symbolic input at package.json before running stages
  ---
  duration_ms: 148.910042
  type: 'test'
  ...
# Subtest: WHAT[verification-system-016] verification rejects an unsealed symbolic input at resources/linked.txt before running stages
ok 5 - WHAT[verification-system-016] verification rejects an unsealed symbolic input at resources/linked.txt before running stages
  ---
  duration_ms: 191.150792
  type: 'test'
  ...
# Subtest: WHAT[verification-system-016] verification rejects an unsealed symbolic input at requirements/p/linked before running stages
ok 6 - WHAT[verification-system-016] verification rejects an unsealed symbolic input at requirements/p/linked before running stages
  ---
  duration_ms: 150.136709
  type: 'test'
  ...
# Subtest: WHAT[verification-system-016] verification rejects an unsealed symbolic input at resources/obj before running stages
ok 7 - WHAT[verification-system-016] verification rejects an unsealed symbolic input at resources/obj before running stages
  ---
  duration_ms: 139.768708
  type: 'test'
  ...
# Subtest: WHAT[verification-system-016] output directory names do not exclude ordinary input files, while root output links stay outside the closure
ok 8 - WHAT[verification-system-016] output directory names do not exclude ordinary input files, while root output links stay outside the closure
  ---
  duration_ms: 339.58325
  type: 'test'
  ...
# Subtest: WHAT[verification-system-016] tracked corpus rejects a symbolic file outside ordinary input roots
ok 9 - WHAT[verification-system-016] tracked corpus rejects a symbolic file outside ordinary input roots
  ---
  duration_ms: 430.712125
  type: 'test'
  ...
# Subtest: WHAT[verification-system-016] tracked corpus rejects a symbolic ancestor outside ordinary input roots
ok 10 - WHAT[verification-system-016] tracked corpus rejects a symbolic ancestor outside ordinary input roots
  ---
  duration_ms: 475.944792
  type: 'test'
  ...
# Subtest: WHAT[verification-system-016] tracked corpus rejects a dangling symbolic file outside ordinary input roots
not ok 11 - WHAT[verification-system-016] tracked corpus rejects a dangling symbolic file outside ordinary input roots
  ---
  duration_ms: 296.763417
  type: 'test'
  location: '/Users/yuanxi/Workwork/vibe-fs/requirements/verification-system/tests/016.test.mjs:92:3'
  failureType: 'testCodeFailure'
  error: 'Missing expected exception.'
  code: 'ERR_ASSERTION'
  name: 'AssertionError'
  stack: |-
    TestContext.<anonymous> (file:///Users/yuanxi/Workwork/vibe-fs/requirements/verification-system/tests/016.test.mjs:107:16)
    Test.runInAsyncScope (node:async_hooks:214:14)
    Test.run (node:internal/test_runner/test:1047:25)
    Test.processPendingSubtests (node:internal/test_runner/test:744:18)
    Test.postRun (node:internal/test_runner/test:1173:19)
    Test.run (node:internal/test_runner/test:1101:12)
    async Test.processPendingSubtests (node:internal/test_runner/test:744:7)
  ...
# Subtest: WHAT[verification-system-016] tracked corpus rejects a dangling symbolic ancestor outside ordinary input roots
not ok 12 - WHAT[verification-system-016] tracked corpus rejects a dangling symbolic ancestor outside ordinary input roots
  ---
  duration_ms: 408.763584
  type: 'test'
  location: '/Users/yuanxi/Workwork/vibe-fs/requirements/verification-system/tests/016.test.mjs:92:3'
  failureType: 'testCodeFailure'
  error: 'Missing expected exception.'
  code: 'ERR_ASSERTION'
  name: 'AssertionError'
  stack: |-
    TestContext.<anonymous> (file:///Users/yuanxi/Workwork/vibe-fs/requirements/verification-system/tests/016.test.mjs:107:16)
    Test.runInAsyncScope (node:async_hooks:214:14)
    Test.run (node:internal/test_runner/test:1047:25)
    Test.processPendingSubtests (node:internal/test_runner/test:744:18)
    Test.postRun (node:internal/test_runner/test:1173:19)
    Test.run (node:internal/test_runner/test:1101:12)
    async Test.processPendingSubtests (node:internal/test_runner/test:744:7)
  ...
# Subtest: WHAT[verification-system-016] tracked corpus proposals contribute their actual content to verification inputs
ok 13 - WHAT[verification-system-016] tracked corpus proposals contribute their actual content to verification inputs
  ---
  duration_ms: 510.780625
  type: 'test'
  ...
# Subtest: WHAT[verification-system-016] corpus tracking addition changes verification identity without changing file bytes
ok 14 - WHAT[verification-system-016] corpus tracking addition changes verification identity without changing file bytes
  ---
  duration_ms: 520.511916
  type: 'test'
  ...
# Subtest: WHAT[verification-system-016] corpus tracking removal changes verification identity without changing file bytes
ok 15 - WHAT[verification-system-016] corpus tracking removal changes verification identity without changing file bytes
  ---
  duration_ms: 610.268625
  type: 'test'
  ...
# Subtest: WHAT[verification-system-016] collectGeneratedInputs rejects failed Git corpus inventory
ok 16 - WHAT[verification-system-016] collectGeneratedInputs rejects failed Git corpus inventory
  ---
  duration_ms: 215.101958
  type: 'test'
  ...
# Subtest: WHAT[verification-system-016] collectVerificationInputs rejects failed Git corpus inventory
ok 17 - WHAT[verification-system-016] collectVerificationInputs rejects failed Git corpus inventory
  ---
  duration_ms: 180.495583
  type: 'test'
  ...
# Subtest: WHAT[verification-system-016] failed Git corpus inventory stops verification before any stage starts
ok 18 - WHAT[verification-system-016] failed Git corpus inventory stops verification before any stage starts
  ---
  duration_ms: 193.782166
  type: 'test'
  ...
# Subtest: WHAT[verification-system-016] collectVerificationInputs collects expected relative paths and diff detects mutations
ok 19 - WHAT[verification-system-016] collectVerificationInputs collects expected relative paths and diff detects mutations
  ---
  duration_ms: 900.540209
  type: 'test'
  ...
# Subtest: WHAT[verification-system-016] verify detects mid-flight inputs change via runStep perturbation and halts with fail
ok 20 - WHAT[verification-system-016] verify detects mid-flight inputs change via runStep perturbation and halts with fail
  ---
  duration_ms: 1548.216291
  type: 'test'
  ...
# Subtest: WHAT[verification-system-016] verify with isolated logDirectory creates run dir and latest link without touching repo root
ok 21 - WHAT[verification-system-016] verify with isolated logDirectory creates run dir and latest link without touching repo root
  ---
  duration_ms: 777.025708
  type: 'test'
  ...
# Subtest: WHAT[verification-system-016] a detected step-boundary mutation prevents later steps
ok 22 - WHAT[verification-system-016] a detected step-boundary mutation prevents later steps
  ---
  duration_ms: 413.145542
  type: 'test'
  ...
# Subtest: WHAT[verification-system-016] a mutation restored within one step still invalidates the run
not ok 23 - WHAT[verification-system-016] a mutation restored within one step still invalidates the run # TODO D2: fixed isolated inputs selected; current runner still uses mutable inputs and step-boundary hashes miss this counterexample
  ---
  duration_ms: 729.4475
  type: 'test'
  location: '/Users/yuanxi/Workwork/vibe-fs/requirements/verification-system/tests/016.test.mjs:413:1'
  failureType: 'testCodeFailure'
  error: |-
    changing and restoring an input is not a stable verification run
    
    0 !== 1
    
  code: 'ERR_ASSERTION'
  name: 'AssertionError'
  expected: 1
  actual: 0
  operator: 'strictEqual'
  stack: |-
    TestContext.<anonymous> (file:///Users/yuanxi/Workwork/vibe-fs/requirements/verification-system/tests/016.test.mjs:431:12)
    async Test.run (node:internal/test_runner/test:1054:7)
    async Test.processPendingSubtests (node:internal/test_runner/test:744:7)
  ...
1..23
# tests 23
# suites 0
# pass 19
# fail 2
# cancelled 0
# skipped 0
# todo 2
# duration_ms 9832.431209
