Running requirements/verification-system/tests/integration harness tests (290 cases, 8 at a time, 20000ms case-silence window)...

harness: 290 cases, 288 passed, 2 failed (11.8s)
  ✗ MANAGER-LOOP keeps extra text and media beside a companion preamble (0ms)
    Error: text: expected "manager-loop-rewrote-fixed", got undefined
        at assertEq (file:///Users/yuanxi/Workwork/vibe-fs/requirements/verification-system/tests/integration/harness/lib.mjs:12:11)
        at fn (file:///Users/yuanxi/Workwork/vibe-fs/requirements/verification-system/tests/integration/harness/cold-boundary-cases.mjs:139:9)
        at runCase (file:///Users/yuanxi/Workwork/vibe-fs/requirements/verification-system/tests/integration/harness/run.mjs:93:11)
        at worker (file:///Users/yuanxi/Workwork/vibe-fs/requirements/verification-system/tests/integration/harness/run.mjs:110:28)
        at process.processTicksAndRejections (node:internal/process/task_queues:103:5)
        at async Promise.all (index 5)
        at async file:///Users/yuanxi/Workwork/vibe-fs/requirements/verification-system/tests/integration/harness/run.mjs:115:3
  ✗ MANAGER-LOOP keeps companion-like rows without the exact synthetic ack (0ms)
    Error: "?": expected "manager-loop-rewrote-fixed", got undefined
        at assertEq (file:///Users/yuanxi/Workwork/vibe-fs/requirements/verification-system/tests/integration/harness/lib.mjs:12:11)
        at fn (file:///Users/yuanxi/Workwork/vibe-fs/requirements/verification-system/tests/integration/harness/cold-boundary-cases.mjs:155:9)
        at runCase (file:///Users/yuanxi/Workwork/vibe-fs/requirements/verification-system/tests/integration/harness/run.mjs:93:11)
        at worker (file:///Users/yuanxi/Workwork/vibe-fs/requirements/verification-system/tests/integration/harness/run.mjs:110:28)
        at process.processTicksAndRejections (node:internal/process/task_queues:103:5)
        at async Promise.all (index 5)
        at async file:///Users/yuanxi/Workwork/vibe-fs/requirements/verification-system/tests/integration/harness/run.mjs:115:3
harness: slowest cases:
  9028ms  verification-system-006 verdicts actually renew the window, so legitimate slow work is not killed
  7050ms  verification-system-006 a hung test that keeps printing is ended by the verdict-silence window
  5036ms  watchdog restores default window
  4029ms  verification-system-005 fact barrier rejects startup silence
  3605ms  verification-system-006 a green ledger with a leaked handle is a failure, not a pass
