TAP version 13
# fatal: .git/index: index file smaller than expected
# fatal: .git/index: index file smaller than expected
# fatal: .git/index: index file smaller than expected
# Subtest: WHAT[verification-system-016] the actual verification run binds its evidence to the same immutable candidate snapshot
ok 1 - WHAT[verification-system-016] the actual verification run binds its evidence to the same immutable candidate snapshot # TODO
  ---
  duration_ms: 5.3325
  type: 'test'
  ...
# Subtest: WHAT[verification-system-016] verification rejects an unsealed symbolic input at src before running stages
ok 2 - WHAT[verification-system-016] verification rejects an unsealed symbolic input at src before running stages
  ---
  duration_ms: 329.722875
  type: 'test'
  ...
# Subtest: WHAT[verification-system-016] verification rejects an unsealed symbolic input at .github before running stages
ok 3 - WHAT[verification-system-016] verification rejects an unsealed symbolic input at .github before running stages
  ---
  duration_ms: 165.929458
  type: 'test'
  ...
# Subtest: WHAT[verification-system-016] verification rejects an unsealed symbolic input at package.json before running stages
ok 4 - WHAT[verification-system-016] verification rejects an unsealed symbolic input at package.json before running stages
  ---
  duration_ms: 120.130375
  type: 'test'
  ...
# Subtest: WHAT[verification-system-016] verification rejects an unsealed symbolic input at resources/linked.txt before running stages
ok 5 - WHAT[verification-system-016] verification rejects an unsealed symbolic input at resources/linked.txt before running stages
  ---
  duration_ms: 147.382375
  type: 'test'
  ...
# Subtest: WHAT[verification-system-016] verification rejects an unsealed symbolic input at requirements/p/linked before running stages
ok 6 - WHAT[verification-system-016] verification rejects an unsealed symbolic input at requirements/p/linked before running stages
  ---
  duration_ms: 139.514667
  type: 'test'
  ...
# Subtest: WHAT[verification-system-016] verification rejects an unsealed symbolic input at resources/obj before running stages
ok 7 - WHAT[verification-system-016] verification rejects an unsealed symbolic input at resources/obj before running stages
  ---
  duration_ms: 141.665583
  type: 'test'
  ...
# Subtest: WHAT[verification-system-016] output directory names do not exclude ordinary input files, while root output links stay outside the closure
ok 8 - WHAT[verification-system-016] output directory names do not exclude ordinary input files, while root output links stay outside the closure
  ---
  duration_ms: 244.920541
  type: 'test'
  ...
# Subtest: WHAT[verification-system-016] tracked corpus rejects a symbolic file outside ordinary input roots
ok 9 - WHAT[verification-system-016] tracked corpus rejects a symbolic file outside ordinary input roots
  ---
  duration_ms: 491.145667
  type: 'test'
  ...
# Subtest: WHAT[verification-system-016] tracked corpus rejects a symbolic ancestor outside ordinary input roots
ok 10 - WHAT[verification-system-016] tracked corpus rejects a symbolic ancestor outside ordinary input roots
  ---
  duration_ms: 896.353834
  type: 'test'
  ...
# Subtest: WHAT[verification-system-016] tracked corpus rejects a dangling symbolic file outside ordinary input roots
ok 11 - WHAT[verification-system-016] tracked corpus rejects a dangling symbolic file outside ordinary input roots
  ---
  duration_ms: 595.185167
  type: 'test'
  ...
# Subtest: WHAT[verification-system-016] tracked corpus rejects a dangling symbolic ancestor outside ordinary input roots
ok 12 - WHAT[verification-system-016] tracked corpus rejects a dangling symbolic ancestor outside ordinary input roots
  ---
  duration_ms: 605.726666
  type: 'test'
  ...
# Subtest: WHAT[verification-system-016] tracked corpus proposals contribute their actual content to verification inputs
ok 13 - WHAT[verification-system-016] tracked corpus proposals contribute their actual content to verification inputs
  ---
  duration_ms: 494.310208
  type: 'test'
  ...
# Subtest: WHAT[verification-system-016] corpus tracking addition changes verification identity without changing file bytes
ok 14 - WHAT[verification-system-016] corpus tracking addition changes verification identity without changing file bytes
  ---
  duration_ms: 783.531458
  type: 'test'
  ...
# Subtest: WHAT[verification-system-016] corpus tracking removal changes verification identity without changing file bytes
ok 15 - WHAT[verification-system-016] corpus tracking removal changes verification identity without changing file bytes
  ---
  duration_ms: 631.175333
  type: 'test'
  ...
# Subtest: WHAT[verification-system-016] collectGeneratedInputs rejects failed Git corpus inventory
ok 16 - WHAT[verification-system-016] collectGeneratedInputs rejects failed Git corpus inventory
  ---
  duration_ms: 271.897792
  type: 'test'
  ...
# Subtest: WHAT[verification-system-016] collectVerificationInputs rejects failed Git corpus inventory
ok 17 - WHAT[verification-system-016] collectVerificationInputs rejects failed Git corpus inventory
  ---
  duration_ms: 234.990666
  type: 'test'
  ...
# Subtest: WHAT[verification-system-016] failed Git corpus inventory stops verification before any stage starts
ok 18 - WHAT[verification-system-016] failed Git corpus inventory stops verification before any stage starts
  ---
  duration_ms: 257.339
  type: 'test'
  ...
# Subtest: WHAT[verification-system-016] collectVerificationInputs collects expected relative paths and diff detects mutations
ok 19 - WHAT[verification-system-016] collectVerificationInputs collects expected relative paths and diff detects mutations
  ---
  duration_ms: 568.458625
  type: 'test'
  ...
# Subtest: WHAT[verification-system-016] verify detects mid-flight inputs change via runStep perturbation and halts with fail
ok 20 - WHAT[verification-system-016] verify detects mid-flight inputs change via runStep perturbation and halts with fail
  ---
  duration_ms: 1084.418625
  type: 'test'
  ...
# Subtest: WHAT[verification-system-016] verify with isolated logDirectory creates run dir and latest link without touching repo root
ok 21 - WHAT[verification-system-016] verify with isolated logDirectory creates run dir and latest link without touching repo root
  ---
  duration_ms: 649.259208
  type: 'test'
  ...
# Subtest: WHAT[verification-system-016] a detected step-boundary mutation prevents later steps
ok 22 - WHAT[verification-system-016] a detected step-boundary mutation prevents later steps
  ---
  duration_ms: 342.729334
  type: 'test'
  ...
# Subtest: WHAT[verification-system-016] a mutation restored within one step still invalidates the run
not ok 23 - WHAT[verification-system-016] a mutation restored within one step still invalidates the run # TODO D2: fixed isolated inputs selected; current runner still uses mutable inputs and step-boundary hashes miss this counterexample
  ---
  duration_ms: 705.68075
  type: 'test'
  location: '/Users/yuanxi/Workwork/vibe-fs/requirements/verification-system/tests/016.test.mjs:413:1'
  failureType: 'testCodeFailure'
  error: |-
    changing and restoring an input is not a stable verification run
    
    0 !== 1
    
  code: 'ERR_ASSERTION'
  name: 'AssertionError'
  expected: 1
  actual: 0
  operator: 'strictEqual'
  stack: |-
    TestContext.<anonymous> (file:///Users/yuanxi/Workwork/vibe-fs/requirements/verification-system/tests/016.test.mjs:431:12)
    async Test.run (node:internal/test_runner/test:1054:7)
    async Test.processPendingSubtests (node:internal/test_runner/test:744:7)
  ...
1..23
# tests 23
# suites 0
# pass 21
# fail 0
# cancelled 0
# skipped 0
# todo 2
# duration_ms 10232.198708
