TAP version 13
# Subtest: WHAT[verification-system-005] unused plugin fixtures defer production entry failures until activation
    # Subtest: WHAT[verification-system-005] import does not activate the rejected plugin entry
    ok 1 - WHAT[verification-system-005] import does not activate the rejected plugin entry
      ---
      duration_ms: 378.479208
      type: 'test'
      ...
    # Subtest: WHAT[verification-system-005] skip does not activate the rejected plugin entry
    ok 2 - WHAT[verification-system-005] skip does not activate the rejected plugin entry
      ---
      duration_ms: 392.020875
      type: 'test'
      ...
    1..2
ok 1 - WHAT[verification-system-005] unused plugin fixtures defer production entry failures until activation
  ---
  duration_ms: 1537.10975
  type: 'test'
  ...
# Subtest: WHAT[verification-system-005] activating the fixture still loads and creates the real plugin
ok 2 - WHAT[verification-system-005] activating the fixture still loads and creates the real plugin
  ---
  duration_ms: 1797.253416
  type: 'test'
  ...
# check.mjs: FAILED with 1 issue(s) across 1 gate(s)
# Gate: /var/folders/g_/3ydzn7kx5lg9ylq8fd9p_13r0000gn/T/gate-failure-HZ2gA4/gate.mjs (1 issue(s))
#   - [fail] controlled violation
# check.mjs: fatal error: Cannot find module '/var/folders/g_/3ydzn7kx5lg9ylq8fd9p_13r0000gn/T/gate-failure-HZ2gA4/missing.mjs' imported from /Users/yuanxi/Workwork/vibe-fs/scripts/check.mjs
# check.mjs: fatal error: controlled failure
# Subtest: WHAT[verification-system-005] reporter failure during consumption cannot strand the runner after source close
ok 3 - WHAT[verification-system-005] reporter failure during consumption cannot strand the runner after source close
  ---
  duration_ms: 2.501167
  type: 'test'
  ...
# Subtest: WHAT[verification-system-005] reporter failure after source completion is reported and cannot produce a successful drain
ok 4 - WHAT[verification-system-005] reporter failure after source completion is reported and cannot produce a successful drain
  ---
  duration_ms: 0.907167
  type: 'test'
  ...
# Subtest: WHAT[verification-system-005] successful reporter drains every event before reporting completion
ok 5 - WHAT[verification-system-005] successful reporter drains every event before reporting completion
  ---
  duration_ms: 0.796125
  type: 'test'
  ...
# Subtest: WHAT[verification-system-005] the real CI verification step preserves failure and success exit codes
ok 6 - WHAT[verification-system-005] the real CI verification step preserves failure and success exit codes
  ---
  duration_ms: 1808.649166
  type: 'test'
  ...
# Subtest: WHAT[verification-system-005] traversal errors are not masked (cause preserved)
ok 7 - WHAT[verification-system-005] traversal errors are not masked (cause preserved)
  ---
  duration_ms: 1.678583
  type: 'test'
  ...
# Subtest: WHAT[verification-system-005] verify halts and marks subsequent steps not-run when format:check fails
ok 8 - WHAT[verification-system-005] verify halts and marks subsequent steps not-run when format:check fails
  ---
  duration_ms: 1159.248875
  type: 'test'
  ...
# Subtest: WHAT[verification-system-005] verify halts and marks subsequent steps not-run when check fails
ok 9 - WHAT[verification-system-005] verify halts and marks subsequent steps not-run when check fails
  ---
  duration_ms: 990.963083
  type: 'test'
  ...
# Subtest: WHAT[verification-system-005] verify halts and marks subsequent steps not-run when build fails
ok 10 - WHAT[verification-system-005] verify halts and marks subsequent steps not-run when build fails
  ---
  duration_ms: 1270.148417
  type: 'test'
  ...
# Subtest: WHAT[verification-system-005] rejected, missing and throwing gates return failure
ok 11 - WHAT[verification-system-005] rejected, missing and throwing gates return failure
  ---
  duration_ms: 2.7265
  type: 'test'
  ...
# Subtest: WHAT[verification-system-005] waitAny fatal cancellation removes every registered waiter
ok 12 - WHAT[verification-system-005] waitAny fatal cancellation removes every registered waiter
  ---
  duration_ms: 0.460333
  type: 'test'
  ...
# Subtest: WHAT[verification-system-005] waitAny rejects an open or malformed alternative set
ok 13 - WHAT[verification-system-005] waitAny rejects an open or malformed alternative set
  ---
  duration_ms: 0.0745
  type: 'test'
  ...
# Subtest: WHAT[verification-system-005] walk throws on a missing root instead of returning an empty array
ok 14 - WHAT[verification-system-005] walk throws on a missing root instead of returning an empty array
  ---
  duration_ms: 0.208708
  type: 'test'
  ...
# Subtest: WHAT[verification-system-005] walk throws on a non-directory root instead of returning [root]
ok 15 - WHAT[verification-system-005] walk throws on a non-directory root instead of returning [root]
  ---
  duration_ms: 0.530833
  type: 'test'
  ...
# Subtest: WHAT[verification-system-005] walk throws on a nested unreadable directory instead of silently skipping it
ok 16 - WHAT[verification-system-005] walk throws on a nested unreadable directory instead of silently skipping it
  ---
  duration_ms: 0.862292
  type: 'test'
  ...
# Subtest: WHAT[verification-system-005] walk rejects a symlink entry instead of following or skipping it
ok 17 - WHAT[verification-system-005] walk rejects a symlink entry instead of following or skipping it
  ---
  duration_ms: 0.485084
  type: 'test'
  ...
# Subtest: WHAT[verification-system-005] walk rejects a symlink root instead of following it
ok 18 - WHAT[verification-system-005] walk rejects a symlink root instead of following it
  ---
  duration_ms: 0.5355
  type: 'test'
  ...
# Subtest: WHAT[verification-system-005] walk returns sorted matching paths on a normal tree
ok 19 - WHAT[verification-system-005] walk returns sorted matching paths on a normal tree
  ---
  duration_ms: 0.848
  type: 'test'
  ...
# Subtest: WHAT[verification-system-005] walk preserves the SKIP directory set
ok 20 - WHAT[verification-system-005] walk preserves the SKIP directory set
  ---
  duration_ms: 1.250583
  type: 'test'
  ...
# Subtest: WHAT[verification-system-008] assertBuildFresh succeeds on current repository build
ok 21 - WHAT[verification-system-008] assertBuildFresh succeeds on current repository build
  ---
  duration_ms: 164.125375
  type: 'test'
  ...
# Subtest: WHAT[verification-system-008] no-op mode preserves manifest and generation
ok 22 - WHAT[verification-system-008] no-op mode preserves manifest and generation
  ---
  duration_ms: 80.227625
  type: 'test'
  ...
# Subtest: WHAT[verification-system-008] manifest corruption causes assertBuildFresh to throw with code
ok 23 - WHAT[verification-system-008] manifest corruption causes assertBuildFresh to throw with code
  ---
  duration_ms: 1.162333
  type: 'test'
  ...
# Subtest: WHAT[verification-system-008] missing or stale output entry causes assertBuildFresh to throw
ok 24 - WHAT[verification-system-008] missing or stale output entry causes assertBuildFresh to throw
  ---
  duration_ms: 2.163959
  type: 'test'
  ...
# Subtest: WHAT[verification-system-008] changed .fs with unchanged .fsi triggers reverse-consumer recompile
ok 25 - WHAT[verification-system-008] changed .fs with unchanged .fsi triggers reverse-consumer recompile
  ---
  duration_ms: 2.694875
  type: 'test'
  ...
# Subtest: WHAT[verification-system-008] untracked new production source fails compile-shard inventory
ok 26 - WHAT[verification-system-008] untracked new production source fails compile-shard inventory
  ---
  duration_ms: 1.107125
  type: 'test'
  ...
# Subtest: WHAT[verification-system-008] release output reset physically removes stale artifacts
ok 27 - WHAT[verification-system-008] release output reset physically removes stale artifacts
  ---
  duration_ms: 1.338042
  type: 'test'
  ...
# Subtest: WHAT[verification-system-008] emitted dist modules pass linkage and dynamic loadability gate
ok 28 - WHAT[verification-system-008] emitted dist modules pass linkage and dynamic loadability gate
  ---
  duration_ms: 3269.085834
  type: 'test'
  ...
# Subtest: WHAT[verification-system-008] module loadability verifier is red when a dist module fails to load
ok 29 - WHAT[verification-system-008] module loadability verifier is red when a dist module fails to load
  ---
  duration_ms: 2.808583
  type: 'test'
  ...
# Subtest: WHAT[verification-system-009] missing e2e root fails closed, not green with zero files
ok 30 - WHAT[verification-system-009] missing e2e root fails closed, not green with zero files
  ---
  duration_ms: 1.227875
  type: 'test'
  ...
# Subtest: WHAT[verification-system-009] non-directory e2e root fails closed
ok 31 - WHAT[verification-system-009] non-directory e2e root fails closed
  ---
  duration_ms: 1.270959
  type: 'test'
  ...
# Subtest: WHAT[verification-system-009] integration entry coverage accepts an exact reachable set
ok 32 - WHAT[verification-system-009] integration entry coverage accepts an exact reachable set
  ---
  duration_ms: 2.026042
  type: 'test'
  ...
# Subtest: WHAT[verification-system-009] integration entry coverage delegates the exact declared child-owned set
ok 33 - WHAT[verification-system-009] integration entry coverage delegates the exact declared child-owned set
  ---
  duration_ms: 1.037417
  type: 'test'
  ...
# Subtest: WHAT[verification-system-009] discoverSuiteTests lists every package *.test.mjs and excludes the runner
ok 34 - WHAT[verification-system-009] discoverSuiteTests lists every package *.test.mjs and excludes the runner
  ---
  duration_ms: 1.979166
  type: 'test'
  ...
# Subtest: WHAT[verification-system-009] discoverSuiteTests auto-includes an added test and excludes non-test files
ok 35 - WHAT[verification-system-009] discoverSuiteTests auto-includes an added test and excludes non-test files
  ---
  duration_ms: 1.961917
  type: 'test'
  ...
# Subtest: WHAT[verification-system-009] discovery rejects a missing required suite directory
ok 36 - WHAT[verification-system-009] discovery rejects a missing required suite directory
  ---
  duration_ms: 2.976041
  type: 'test'
  ...
# Subtest: WHAT[verification-system-009] integration discovery ignores examples in strings and comments
ok 37 - WHAT[verification-system-009] integration discovery ignores examples in strings and comments
  ---
  duration_ms: 4.323458
  type: 'test'
  ...
# Subtest: WHAT[verification-system-009] integration discovery selects real declarations and propagates malformed source
ok 38 - WHAT[verification-system-009] integration discovery selects real declarations and propagates malformed source
  ---
  duration_ms: 4.84825
  type: 'test'
  ...
# Subtest: WHAT[verification-system-009] the actual repository discovery refuses missing or malformed suites with nonzero exit
ok 39 - WHAT[verification-system-009] the actual repository discovery refuses missing or malformed suites with nonzero exit
  ---
  duration_ms: 110.707542
  type: 'test'
  ...
# Subtest: WHAT[verification-system-009] the real integration entry covers every discovered integration test
ok 40 - WHAT[verification-system-009] the real integration entry covers every discovered integration test
  ---
  duration_ms: 2865.379292
  type: 'test'
  ...
# Subtest: WHAT[verification-system-009] every ladder step target exists as a real file
ok 41 - WHAT[verification-system-009] every ladder step target exists as a real file
  ---
  duration_ms: 0.143209
  type: 'test'
  ...
# Subtest: WHAT[verification-system-009] every wired gate path exists and checks set matches scripts/checks directory
ok 42 - WHAT[verification-system-009] every wired gate path exists and checks set matches scripts/checks directory
  ---
  duration_ms: 0.404375
  type: 'test'
  ...
# Subtest: WHAT[verification-system-009] repository closure gates reject an unassigned production source and package member
ok 43 - WHAT[verification-system-009] repository closure gates reject an unassigned production source and package member
  ---
  duration_ms: 574.926125
  type: 'test'
  ...
1..43
# tests 45
# suites 0
# pass 45
# fail 0
# cancelled 0
# skipped 0
# todo 0
# duration_ms 8664.431583
