TAP version 13
# Subtest: WHAT[host-boundary-032] canary_manager_review_tools_contract_observed_on_real_host
not ok 1 - WHAT[host-boundary-032] canary_manager_review_tools_contract_observed_on_real_host
  ---
  duration_ms: 6945.799667
  type: 'test'
  location: '/Users/yuanxi/Workwork/vibe-fs/requirements/verification-system/tests/support/tier-gate.mjs:26:12'
  failureType: 'testCodeFailure'
  error: |-
    Real host canary runner exited with code 1.
    [Runner Stderr]:
    [run-manager-review-tools-canary] Canary failed: AssertionError [ERR_ASSERTION]: POST /session/ses_f022b379fffeD5qfJSu1eJe15d/message: {"name":"UnknownError","data":{"message":"Unexpected server error. Check server logs for details.","ref":"err_5d657c6a"}}
        at request (file:///Users/yuanxi/Workwork/vibe-fs/requirements/host-boundary/tests/support/run-manager-review-tools-canary.mjs:328:12)
        at process.processTicksAndRejections (node:internal/process/task_queues:103:5)
        at async file:///Users/yuanxi/Workwork/vibe-fs/requirements/host-boundary/tests/support/run-manager-review-tools-canary.mjs:413:3 {
      generatedMessage: false,
      code: 'ERR_ASSERTION',
      actual: false,
      expected: true,
      operator: '==',
      diff: 'simple'
    }
    {"observations":[{"sequence":1,"kind":"chat.message.received","value":{"sessionID":"ses_f022b379fffeD5qfJSu1eJe15d","messageID":"msg_canary_prompt_1"}},{"sequence":2,"kind":"chat.message.completed","value":{"sessionID":"ses_f022b379fffeD5qfJSu1eJe15d","messageID":"msg_canary_prompt_1"}},{"sequence":9,"kind":"chat.message.received","value":{"sessionID":"ses_f022b3402ffej0j1tw6TTs2jeN","messageID":"msg_0fdd4cc39001rVprEgL9bgtuo7"}},{"sequence":10,"kind":"chat.message.completed","value":{"sessionID":"ses_f022b3402ffej0j1tw6TTs2jeN","messageID":"msg_0fdd4cc39001rVprEgL9bgtuo7"}},{"sequence":17,"kind":"provider.request.observed","value":{"request":1,"route":"companion","managerStep":0,"prompts":["# Call the chronicle tool exactly once now. Record the meaningful state transition\n# established by this work in all five required fields:\n# charge, o"]}},{"sequence":18,"kind":"provider.request.observed","value":{"request":2,"route":"manager","managerStep":0,"prompts":["READ_SAMPLE\u0000﻿<system>\n# # Wait-cost calibration: this session has existed for about 0 minutes 0 seconds of wall-clock time.\n# # Hold that duration bes"]}},{"sequence":25,"kind":"message.updated.observed","value":{"sessionID":"ses_f022b3402ffej0j1tw6TTs2jeN","messageID":"msg_0fdd4cc63001suKKLz9507Y5mw","parentID":"msg_0fdd4cc39001rVprEgL9bgtuo7","role":"assistant","finish":"tool-calls","completed":1790964978668}},{"sequence":26,"kind":"message.updated.observed","value":{"sessionID":"ses_f022b3402ffej0j1tw6TTs2jeN","messageID":"msg_0fdd4cc63001suKKLz9507Y5mw","parentID":"msg_0fdd4cc39001rVprEgL9bgtuo7","role":"assistant","finish":"tool-calls","completed":1790964978668}},{"sequence":33,"kind":"tool.running.observed","value":{"sessionID":"ses_f022b379fffeD5qfJSu1eJe15d","callID":"call_read_norm_1"}},{"sequence":34,"kind":"tool.running.observed","value":{"sessionID":"ses_f022b379fffeD5qfJSu1eJe15d","callID":"call_read_norm_1"}},{"sequence":35,"kind":"tool.execute.before.observed","value":{"stage":"before","toolName":"js-manager","sessionID":"ses_f022b379fffeD5qfJSu1eJe15d","callID":"call_read_norm_1","isReviewTool":true,"isControlTool":false,"argsIdentityPreserved":true,"preContractInArgs":true,"preContractValue":"do-not-use-except-for-review","postContractInArgs":false,"businessKeysPreserved":true,"preKeys":["program","contract"],"postKeys":["program"],"durableToolPartInputHasContract":true,"durableToolPartStatus":"running"}},{"sequence":36,"kind":"tool.running.observed","value":{"sessionID":"ses_f022b379fffeD5qfJSu1eJe15d","callID":"call_read_norm_1"}},{"sequence":39,"kind":"tool.execute.after.observed","value":{"stage":"after","toolName":"js-manager","sessionID":"ses_f022b379fffeD5qfJSu1eJe15d","callID":"call_read_norm_1","isReviewTool":true,"isControlTool":false,"identityWithBefore":true,"preAfterContractInArgs":false,"postAfterContractInArgs":true,"postAfterContractValue":"do-not-use-except-for-review","originalOrder":true,"originalValues":true,"output":"# ok\n\ndata = '''\nHello Wanxiangshu Manager Review Tools Canary\nLine 2: sample text\n'''\n","durableToolPartStatus":"running","durableToolPartInputHasContract":true}},{"sequence":46,"kind":"message.updated.observed","value":{"sessionID":"ses_f022b379fffeD5qfJSu1eJe15d","messageID":"msg_0fdd4caf5001rCJuKtjfovkAY3","parentID":"msg_canary_prompt_1","role":"assistant","finish":"tool-calls","completed":1790964978773}},{"sequence":47,"kind":"message.updated.observed","value":{"sessionID":"ses_f022b379fffeD5qfJSu1eJe15d","messageID":"msg_0fdd4caf5001rCJuKtjfovkAY3","parentID":"msg_canary_prompt_1","role":"assistant","finish":"tool-calls","completed":1790964978773}},{"sequence":53,"kind":"provider.request.observed","value":{"request":3,"route":"manager","managerStep":1,"prompts":["READ_SAMPLE\u0000﻿<system>\n# # Wait-cost calibration: this session has existed for about 0 minutes 0 seconds of wall-clock time.\n# # Hold that duration bes"]}},{"sequence":54,"kind":"session.idle.observed","value":{"sessionID":"ses_f022b379fffeD5qfJSu1eJe15d"}},{"sequence":55,"kind":"message.updated.observed","value":{"sessionID":"ses_f022b379fffeD5qfJSu1eJe15d","messageID":"msg_0fdd4d456001aj1eOY1nZ7hiS5","parentID":"msg_canary_prompt_1","role":"assistant","finish":"stop","completed":1790964978886}},{"sequence":62,"kind":"provider.request.observed","value":{"request":4,"route":"companion","managerStep":2,"prompts":["# Call the chronicle tool exactly once now. Record the meaningful state transition\n# established by this work in all five required fields:\n# charge, o"]}},{"sequence":63,"kind":"chat.message.received","value":{"sessionID":"ses_f022b379fffeD5qfJSu1eJe15d","messageID":"msg_0fdd4d512001FcWdIlIBaUdx0y"}},{"sequence":71,"kind":"message.updated.observed","value":{"sessionID":"ses_f022b3402ffej0j1tw6TTs2jeN","messageID":"msg_0fdd4d3ee001ZCz6ZuVR5aFtiN","parentID":"msg_0fdd4cc39001rVprEgL9bgtuo7","role":"assistant","finish":"tool-calls","completed":1790964978991}},{"sequence":72,"kind":"chat.message.received","value":{"sessionID":"ses_f022b379fffeD5qfJSu1eJe15d","messageID":"msg_canary_prompt_2"}},{"sequence":80,"kind":"chat.message.completed","value":{"sessionID":"ses_f022b379fffeD5qfJSu1eJe15d","messageID":"msg_0fdd4d512001FcWdIlIBaUdx0y"}},{"sequence":90,"kind":"chat.message.completed","value":{"sessionID":"ses_f022b379fffeD5qfJSu1eJe15d","messageID":"msg_canary_prompt_2"}}],"providerRequests":[["# Call the chronicle tool exactly once now. Record the meaningful state transition\n# established by this work in all five required fields:\n# charge, o"],["READ_SAMPLE\u0000﻿<system>\n# # Wait-cost calibration: this session has existed for about 0 minutes 0 seconds of wall-clock time.\n# # Hold that duration bes"],["READ_SAMPLE\u0000﻿<system>\n# # Wait-cost calibration: this session has existed for about 0 minutes 0 seconds of wall-clock time.\n# # Hold that duration bes"],["# Call the chronicle tool exactly once now. Record the meaningful state transition\n# established by this work in all five required fields:\n# charge, o"]],"providerRequestsCount":4,"managerStep":2}
    Host stdout:
    Warning: OPENCODE_SERVER_PASSWORD is not set; server is unsecured.
    opencode server listening on http://127.0.0.1:63205
    
    Host stderr:
    {"operation":"strength-delegation-skip","session_id":"ses_f022b379fffeD5qfJSu1eJe15d","result":"no-completed-source-batch"}
    {"operation":"strength-delegation-skip","session_id":"","result":"Strength ports are not fully bound"}
    {"operation":"strength-delegation-skip","session_id":"ses_f022b379fffeD5qfJSu1eJe15d","result":"delegation arguments of call call_read_norm_1 rejected: The estimated_readonly_rounds field must be provided"}
    {"operation":"strength-delegation-skip","session_id":"","result":"Strength ports are not fully bound"}
    
    
    [Runner Stdout Summary]:
    
    
    1 !== 0
    
  code: 'ERR_ASSERTION'
  name: 'AssertionError'
  expected: 0
  actual: 1
  operator: 'strictEqual'
  stack: |-
    request (file:///Users/yuanxi/Workwork/vibe-fs/requirements/host-boundary/tests/support/run-manager-review-tools-canary.mjs:328:12)
    process.processTicksAndRejections (node:internal/process/task_queues:103:5)
    async file:///Users/yuanxi/Workwork/vibe-fs/requirements/host-boundary/tests/support/run-manager-review-tools-canary.mjs:413:3 {
    TestContext.<anonymous> (file:///Users/yuanxi/Workwork/vibe-fs/requirements/host-boundary/tests/032.test.mjs:1563:12)
    Test.runInAsyncScope (node:async_hooks:214:14)
    Test.run (node:internal/test_runner/test:1047:25)
    Test.start (node:internal/test_runner/test:944:17)
    startSubtestAfterBootstrap (node:internal/test_runner/harness:296:17)
  ...
1..1
# tests 1
# suites 0
# pass 0
# fail 1
# cancelled 0
# skipped 0
# todo 0
# duration_ms 7407.3235
