✖ WHAT[verification-system-006] probe consumer setup failure settles its already running native owner before rejection (232.037958ms)
ℹ tests 1
ℹ suites 0
ℹ pass 0
ℹ fail 1
ℹ cancelled 0
ℹ skipped 0
ℹ todo 0
ℹ duration_ms 279.145167

✖ failing tests:

test at requirements/verification-system/tests/support/owned-tool-tests.mjs:69:3
✖ WHAT[verification-system-006] probe consumer setup failure settles its already running native owner before rejection (232.037958ms)
  AssertionError [ERR_ASSERTION]: Owned tool and monitor groups must already be empty at rejection
  + actual - expected
  
  + [
  +   {
  +     parentPid: 10515,
  +     pgid: 10519,
  +     pid: 10519,
  +     state: 'Ss'
  +   },
  +   {
  +     parentPid: 10519,
  +     pgid: 10521,
  +     pid: 10521,
  +     state: 'Ss'
  +   }
  + ]
  - []
  
      at TestContext.<anonymous> (file:///Users/yuanxi/Workwork/vibe-fs/requirements/verification-system/tests/support/owned-tool-tests.mjs:147:14)
      at async Test.run (node:internal/test_runner/test:1054:7)
      at async startSubtestAfterBootstrap (node:internal/test_runner/harness:296:3) {
    generatedMessage: false,
    code: 'ERR_ASSERTION',
    actual: [ { pid: 10519, parentPid: 10515, pgid: 10519, state: 'Ss' }, { pid: 10521, parentPid: 10519, pgid: 10521, state: 'Ss' } ],
    expected: [],
    operator: 'deepStrictEqual',
    diff: 'simple'
  }
