✖ WHAT[verification-system-006] probe consumer setup and native cleanup failure preserve both causes after actual owner settlement (197.191459ms)
ℹ tests 1
ℹ suites 0
ℹ pass 0
ℹ fail 1
ℹ cancelled 0
ℹ skipped 0
ℹ todo 0
ℹ duration_ms 239.869166

✖ failing tests:

test at requirements/verification-system/tests/support/owned-tool-tests.mjs:70:3
✖ WHAT[verification-system-006] probe consumer setup and native cleanup failure preserve both causes after actual owner settlement (197.191459ms)
  AssertionError [ERR_ASSERTION]: The expression evaluated to a falsy value:
  
    assert.ok(rejected instanceof AggregateError)
  
      at TestContext.<anonymous> (file:///Users/yuanxi/Workwork/vibe-fs/requirements/verification-system/tests/support/owned-tool-tests.mjs:175:16)
      at async Test.run (node:internal/test_runner/test:1054:7)
      at async startSubtestAfterBootstrap (node:internal/test_runner/harness:296:3) {
    generatedMessage: true,
    code: 'ERR_ASSERTION',
    actual: false,
    expected: true,
    operator: '==',
    diff: 'simple'
  }
