2026-10-07T15:34:36.0701945Z ##[group]Run actions/checkout@v4
2026-10-07T15:34:36.0703530Z with:
2026-10-07T15:34:36.0704557Z   repository: PamelaSprin47685ghall/vibe-fs
2026-10-07T15:34:36.0712499Z   token: ***
2026-10-07T15:34:36.0713446Z   ssh-strict: true
2026-10-07T15:34:36.0714374Z   ssh-user: git
2026-10-07T15:34:36.0715376Z   persist-credentials: true
2026-10-07T15:34:36.0716418Z   clean: true
2026-10-07T15:34:36.0717431Z   sparse-checkout-cone-mode: true
2026-10-07T15:34:36.0718588Z   fetch-depth: 1
2026-10-07T15:34:36.0719526Z   fetch-tags: false
2026-10-07T15:34:36.0720571Z   show-progress: true
2026-10-07T15:34:36.0721649Z   lfs: false
2026-10-07T15:34:36.0722613Z   submodules: false
2026-10-07T15:34:36.0723610Z   set-safe-directory: true
2026-10-07T15:34:36.0724721Z   allow-unsafe-pr-checkout: false
2026-10-07T15:34:36.0726050Z ##[endgroup]
2026-10-07T15:34:36.1614037Z Syncing repository: PamelaSprin47685ghall/vibe-fs
2026-10-07T15:34:36.1616915Z ##[group]Getting Git version info
2026-10-07T15:34:36.1618152Z Working directory is '/home/runner/work/vibe-fs/vibe-fs'
2026-10-07T15:34:36.1620014Z [command]/usr/bin/git version
2026-10-07T15:34:36.1742249Z git version 2.55.0
2026-10-07T15:34:36.1759814Z ##[endgroup]
2026-10-07T15:34:36.1773619Z Temporarily overriding HOME='/home/runner/work/_temp/8cc08ea2-72bb-4fc3-99b3-c5e758ba67f3' before making global git config changes
2026-10-07T15:34:36.1777106Z Adding repository directory to the temporary git global config as a safe directory
2026-10-07T15:34:36.1780245Z [command]/usr/bin/git config --global --add safe.directory /home/runner/work/vibe-fs/vibe-fs
2026-10-07T15:34:36.1818391Z Deleting the contents of '/home/runner/work/vibe-fs/vibe-fs'
2026-10-07T15:34:36.1824505Z ##[group]Initializing the repository
2026-10-07T15:34:36.1828033Z [command]/usr/bin/git init /home/runner/work/vibe-fs/vibe-fs
2026-10-07T15:34:36.1937728Z hint: Using 'master' as the name for the initial branch. This default branch name
2026-10-07T15:34:36.1940601Z hint: will change to "main" in Git 3.0. To configure the initial branch name
2026-10-07T15:34:36.1943372Z hint: to use in all of your new repositories, which will suppress this warning,
2026-10-07T15:34:36.1945350Z hint: call:
2026-10-07T15:34:36.1946490Z hint:
2026-10-07T15:34:36.1947801Z hint: 	git config --global init.defaultBranch <name>
2026-10-07T15:34:36.1949406Z hint:
2026-10-07T15:34:36.1950856Z hint: Names commonly chosen instead of 'master' are 'main', 'trunk' and
2026-10-07T15:34:36.1953282Z hint: 'development'. The just-created branch can be renamed via this command:
2026-10-07T15:34:36.1955216Z hint:
2026-10-07T15:34:36.1956335Z hint: 	git branch -m <name>
2026-10-07T15:34:36.1957530Z hint:
2026-10-07T15:34:36.1959129Z hint: Disable this message with "git config set advice.defaultBranchName false"
2026-10-07T15:34:36.1965238Z Initialized empty Git repository in /home/runner/work/vibe-fs/vibe-fs/.git/
2026-10-07T15:34:36.1973836Z [command]/usr/bin/git remote add origin https://github.com/PamelaSprin47685ghall/vibe-fs
2026-10-07T15:34:36.2018838Z ##[endgroup]
2026-10-07T15:34:36.2021436Z ##[group]Disabling automatic garbage collection
2026-10-07T15:34:36.2023335Z [command]/usr/bin/git config --local gc.auto 0
2026-10-07T15:34:36.2042890Z ##[endgroup]
2026-10-07T15:34:36.2045150Z ##[group]Setting up auth
2026-10-07T15:34:36.2048884Z [command]/usr/bin/git config --local --name-only --get-regexp core\.sshCommand
2026-10-07T15:34:36.2074948Z [command]/usr/bin/git submodule foreach --recursive sh -c "git config --local --name-only --get-regexp 'core\.sshCommand' && git config --local --unset-all 'core.sshCommand' || :"
2026-10-07T15:34:36.2390769Z [command]/usr/bin/git config --local --name-only --get-regexp http\.https\:\/\/github\.com\/\.extraheader
2026-10-07T15:34:36.2418547Z [command]/usr/bin/git submodule foreach --recursive sh -c "git config --local --name-only --get-regexp 'http\.https\:\/\/github\.com\/\.extraheader' && git config --local --unset-all 'http.https://github.com/.extraheader' || :"
2026-10-07T15:34:36.2576572Z [command]/usr/bin/git config --local --name-only --get-regexp ^includeIf\.gitdir:
2026-10-07T15:34:36.2601715Z [command]/usr/bin/git submodule foreach --recursive git config --local --show-origin --name-only --get-regexp remote.origin.url
2026-10-07T15:34:36.2762004Z [command]/usr/bin/git config --local http.https://github.com/.extraheader AUTHORIZATION: basic ***
2026-10-07T15:34:36.2851314Z ##[endgroup]
2026-10-07T15:34:36.2852762Z ##[group]Fetching the repository
2026-10-07T15:34:36.2859952Z [command]/usr/bin/git -c protocol.version=2 fetch --no-tags --prune --no-recurse-submodules --depth=1 origin +013ec2f2d7605e811f7d24e824d309b93cc498fb:refs/remotes/pull/53/merge
2026-10-07T15:34:48.8117035Z From https://github.com/PamelaSprin47685ghall/vibe-fs
2026-10-07T15:34:48.8117832Z  * [new ref]         013ec2f2d7605e811f7d24e824d309b93cc498fb -> pull/53/merge
2026-10-07T15:34:48.8120049Z ##[endgroup]
2026-10-07T15:34:48.8120638Z ##[group]Determining the checkout info
2026-10-07T15:34:48.8123179Z ##[endgroup]
2026-10-07T15:34:48.8128675Z [command]/usr/bin/git sparse-checkout disable
2026-10-07T15:34:48.8181973Z [command]/usr/bin/git config --local --unset-all extensions.worktreeConfig
2026-10-07T15:34:48.8205502Z ##[group]Checking out the ref
2026-10-07T15:34:48.8233312Z [command]/usr/bin/git checkout --progress --force refs/remotes/pull/53/merge
2026-10-07T15:34:49.6049696Z Note: switching to 'refs/remotes/pull/53/merge'.
2026-10-07T15:34:49.6050622Z 
2026-10-07T15:34:49.6051123Z You are in 'detached HEAD' state. You can look around, make experimental
2026-10-07T15:34:49.6051929Z changes and commit them, and you can discard any commits you make in this
2026-10-07T15:34:49.6052724Z state without impacting any branches by switching back to a branch.
2026-10-07T15:34:49.6053605Z 
2026-10-07T15:34:49.6054288Z If you want to create a new branch to retain commits you create, you may
2026-10-07T15:34:49.6055071Z do so (now or later) by using -c with the switch command. Example:
2026-10-07T15:34:49.6055499Z 
2026-10-07T15:34:49.6055694Z   git switch -c <new-branch-name>
2026-10-07T15:34:49.6056037Z 
2026-10-07T15:34:49.6056189Z Or undo this operation with:
2026-10-07T15:34:49.6056495Z 
2026-10-07T15:34:49.6056667Z   git switch -
2026-10-07T15:34:49.6056937Z 
2026-10-07T15:34:49.6057317Z Turn off this advice by setting config variable advice.detachedHead to false
2026-10-07T15:34:49.6057695Z 
2026-10-07T15:34:49.6058229Z HEAD is now at 013ec2f Merge 4fd4b6b184c2d1343e026cbc461dfaa6973680e7 into 48a0bf426a3b3fe43100d44b3253426e5cd5c4fa
2026-10-07T15:34:49.6102734Z ##[endgroup]
2026-10-07T15:34:49.6148428Z [command]/usr/bin/git log -1 --format=%H
2026-10-07T15:34:49.6170279Z 013ec2f2d7605e811f7d24e824d309b93cc498fb
