runner: scoped 使用 TESTS_MJS_FILES=3 files
runner: build is current (1811 sources, 889 artifacts)
runner: discovery OVERRIDDEN by TESTS_MJS_FILES (3 file(s))
runner: 3 test file(s), 5000ms verdict-silence window
runner: file lifecycle {"entryFile":"/Users/yuanxi/Workwork/vibe-fs/requirements/knowledge-reuse/tests/013.test.mjs","pid":46275,"parentPid":46253,"type":"runner:file-start","elapsedMs":33.260042}
runner: file lifecycle {"entryFile":"/Users/yuanxi/Workwork/vibe-fs/requirements/js-semantic-surface/tests/002.test.mjs","pid":46275,"parentPid":46253,"type":"runner:file-start","elapsedMs":34.329499999999996}
runner: file lifecycle {"entryFile":"/Users/yuanxi/Workwork/vibe-fs/requirements/requirement-system/tests/017.test.mjs","pid":46275,"parentPid":46253,"type":"runner:file-start","elapsedMs":35.621624999999995}
[verification-worker-cost] {"version":1,"phase":"pre-import","sequence":0,"entryFile":"/Users/yuanxi/Workwork/vibe-fs/requirements/knowledge-reuse/tests/013.test.mjs","pid":46276,"parentPid":46275,"monotonicMs":16.210667,"cpuUserMicros":21621,"cpuSystemMicros":4110}
[verification-worker-cost] {"version":1,"phase":"pre-import","sequence":0,"entryFile":"/Users/yuanxi/Workwork/vibe-fs/requirements/js-semantic-surface/tests/002.test.mjs","pid":46277,"parentPid":46275,"monotonicMs":15.240958,"cpuUserMicros":20391,"cpuSystemMicros":3383}
[verification-worker-cost] {"version":1,"phase":"pre-import","sequence":0,"entryFile":"/Users/yuanxi/Workwork/vibe-fs/requirements/requirement-system/tests/017.test.mjs","pid":46278,"parentPid":46275,"monotonicMs":17.204792,"cpuUserMicros":22260,"cpuSystemMicros":3656}
[verification-test-start] {"pid":46277,"parentPid":46275,"entryFile":"/Users/yuanxi/Workwork/vibe-fs/requirements/js-semantic-surface/tests/002.test.mjs","name":"WHAT[js-semantic-surface-002] the current semantic zone passes the implemented boundary gate","fullName":"WHAT[js-semantic-surface-002] the current semantic zone passes the implemented boundary gate"}
[verification-test-start] {"pid":46278,"parentPid":46275,"entryFile":"/Users/yuanxi/Workwork/vibe-fs/requirements/requirement-system/tests/017.test.mjs","name":"WHAT[requirement-system-017] the executable verifier scans the complete requirements tree","fullName":"WHAT[requirement-system-017] the executable verifier scans the complete requirements tree"}
[verification-test-start] {"pid":46276,"parentPid":46275,"entryFile":"/Users/yuanxi/Workwork/vibe-fs/requirements/knowledge-reuse/tests/013.test.mjs","name":"WHAT[knowledge-reuse-013] controlled malformed payload Refresh committed refuses a normal fetch answer after actual cut settlement and cold reopen","fullName":"WHAT[knowledge-reuse-013] controlled malformed payload Refresh committed refuses a normal fetch answer after actual cut settlement and cold reopen"}
[verification-test-start] {"pid":46276,"parentPid":46275,"entryFile":"/Users/yuanxi/Workwork/vibe-fs/requirements/knowledge-reuse/tests/013.test.mjs","name":"WHAT[knowledge-reuse-013] controlled malformed payload Refresh CurrentCommitUnknown refuses a normal fetch answer after actual cut settlement and cold reopen","fullName":"WHAT[knowledge-reuse-013] controlled malformed payload Refresh CurrentCommitUnknown refuses a normal fetch answer after actual cut settlement and cold reopen"}
[verification-test-start] {"pid":46278,"parentPid":46275,"entryFile":"/Users/yuanxi/Workwork/vibe-fs/requirements/requirement-system/tests/017.test.mjs","name":"WHAT[requirement-system-017] a deleted clause reports its surviving test, including nested files","fullName":"WHAT[requirement-system-017] a deleted clause reports its surviving test, including nested files"}
[verification-test-start] {"pid":46276,"parentPid":46275,"entryFile":"/Users/yuanxi/Workwork/vibe-fs/requirements/knowledge-reuse/tests/013.test.mjs","name":"WHAT[knowledge-reuse-013] controlled malformed payload Access committed refuses a normal fetch answer after actual cut settlement and cold reopen","fullName":"WHAT[knowledge-reuse-013] controlled malformed payload Access committed refuses a normal fetch answer after actual cut settlement and cold reopen"}
[verification-worker-cost] {"version":1,"phase":"exit","sequence":1,"entryFile":"/Users/yuanxi/Workwork/vibe-fs/requirements/requirement-system/tests/017.test.mjs","pid":46278,"parentPid":46275,"monotonicMs":559.130708,"cpuUserMicros":963518,"cpuSystemMicros":48263,"exitCode":0}
runner: file lifecycle {"entryFile":"/Users/yuanxi/Workwork/vibe-fs/requirements/requirement-system/tests/017.test.mjs","type":"runner:file-drained","elapsedMs":608.9827500000001}
runner: worker cost {"version":1,"entryFile":"/Users/yuanxi/Workwork/vibe-fs/requirements/requirement-system/tests/017.test.mjs","enabled":true,"pid":46278,"status":"complete","reason":null,"preImport":{"version":1,"phase":"pre-import","sequence":0,"entryFile":"/Users/yuanxi/Workwork/vibe-fs/requirements/requirement-system/tests/017.test.mjs","pid":46278,"parentPid":46275,"monotonicMs":17.204792,"cpuUserMicros":22260,"cpuSystemMicros":3656},"exit":{"version":1,"phase":"exit","sequence":1,"entryFile":"/Users/yuanxi/Workwork/vibe-fs/requirements/requirement-system/tests/017.test.mjs","pid":46278,"parentPid":46275,"monotonicMs":559.130708,"cpuUserMicros":963518,"cpuSystemMicros":48263,"exitCode":0},"interval":{"clockPid":46278,"wallMs":541.925916,"cpuUserMicros":941258,"cpuSystemMicros":44607}}
[verification-test-start] {"pid":46276,"parentPid":46275,"entryFile":"/Users/yuanxi/Workwork/vibe-fs/requirements/knowledge-reuse/tests/013.test.mjs","name":"WHAT[knowledge-reuse-013] controlled malformed payload Access CurrentCommitUnknown refuses a normal fetch answer after actual cut settlement and cold reopen","fullName":"WHAT[knowledge-reuse-013] controlled malformed payload Access CurrentCommitUnknown refuses a normal fetch answer after actual cut settlement and cold reopen"}
[verification-test-start] {"pid":46276,"parentPid":46275,"entryFile":"/Users/yuanxi/Workwork/vibe-fs/requirements/knowledge-reuse/tests/013.test.mjs","name":"WHAT[knowledge-reuse-013] actual fetch Refresh success preserves its settlement boundary","fullName":"WHAT[knowledge-reuse-013] actual fetch Refresh success preserves its settlement boundary"}
[verification-test-start] {"pid":46276,"parentPid":46275,"entryFile":"/Users/yuanxi/Workwork/vibe-fs/requirements/knowledge-reuse/tests/013.test.mjs","name":"WHAT[knowledge-reuse-013] actual fetch Refresh CurrentCommitUnknown preserves its settlement boundary","fullName":"WHAT[knowledge-reuse-013] actual fetch Refresh CurrentCommitUnknown preserves its settlement boundary"}
[verification-test-start] {"pid":46276,"parentPid":46275,"entryFile":"/Users/yuanxi/Workwork/vibe-fs/requirements/knowledge-reuse/tests/013.test.mjs","name":"WHAT[knowledge-reuse-013] actual fetch Refresh AppendNotAttempted preserves its settlement boundary","fullName":"WHAT[knowledge-reuse-013] actual fetch Refresh AppendNotAttempted preserves its settlement boundary"}
[verification-test-start] {"pid":46276,"parentPid":46275,"entryFile":"/Users/yuanxi/Workwork/vibe-fs/requirements/knowledge-reuse/tests/013.test.mjs","name":"WHAT[knowledge-reuse-013] actual fetch Refresh NoNewWriteReleaseFailed preserves its settlement boundary","fullName":"WHAT[knowledge-reuse-013] actual fetch Refresh NoNewWriteReleaseFailed preserves its settlement boundary"}
[verification-test-start] {"pid":46276,"parentPid":46275,"entryFile":"/Users/yuanxi/Workwork/vibe-fs/requirements/knowledge-reuse/tests/013.test.mjs","name":"WHAT[knowledge-reuse-013] actual fetch Refresh cut-callback-throws preserves its settlement boundary","fullName":"WHAT[knowledge-reuse-013] actual fetch Refresh cut-callback-throws preserves its settlement boundary"}
[verification-test-start] {"pid":46276,"parentPid":46275,"entryFile":"/Users/yuanxi/Workwork/vibe-fs/requirements/knowledge-reuse/tests/013.test.mjs","name":"WHAT[knowledge-reuse-013] actual fetch Access success preserves its settlement boundary","fullName":"WHAT[knowledge-reuse-013] actual fetch Access success preserves its settlement boundary"}
[verification-test-start] {"pid":46276,"parentPid":46275,"entryFile":"/Users/yuanxi/Workwork/vibe-fs/requirements/knowledge-reuse/tests/013.test.mjs","name":"WHAT[knowledge-reuse-013] actual fetch Access CurrentCommitUnknown preserves its settlement boundary","fullName":"WHAT[knowledge-reuse-013] actual fetch Access CurrentCommitUnknown preserves its settlement boundary"}
[verification-test-start] {"pid":46276,"parentPid":46275,"entryFile":"/Users/yuanxi/Workwork/vibe-fs/requirements/knowledge-reuse/tests/013.test.mjs","name":"WHAT[knowledge-reuse-013] actual fetch Access AppendNotAttempted preserves its settlement boundary","fullName":"WHAT[knowledge-reuse-013] actual fetch Access AppendNotAttempted preserves its settlement boundary"}
[verification-test-start] {"pid":46276,"parentPid":46275,"entryFile":"/Users/yuanxi/Workwork/vibe-fs/requirements/knowledge-reuse/tests/013.test.mjs","name":"WHAT[knowledge-reuse-013] actual fetch Access NoNewWriteReleaseFailed preserves its settlement boundary","fullName":"WHAT[knowledge-reuse-013] actual fetch Access NoNewWriteReleaseFailed preserves its settlement boundary"}
[verification-test-start] {"pid":46276,"parentPid":46275,"entryFile":"/Users/yuanxi/Workwork/vibe-fs/requirements/knowledge-reuse/tests/013.test.mjs","name":"WHAT[knowledge-reuse-013] actual fetch Access cut-callback-throws preserves its settlement boundary","fullName":"WHAT[knowledge-reuse-013] actual fetch Access cut-callback-throws preserves its settlement boundary"}
[verification-test-start] {"pid":46276,"parentPid":46275,"entryFile":"/Users/yuanxi/Workwork/vibe-fs/requirements/knowledge-reuse/tests/013.test.mjs","name":"WHAT[knowledge-reuse-013] actual fetch Access ordinary-observer-throws preserves its settlement boundary","fullName":"WHAT[knowledge-reuse-013] actual fetch Access ordinary-observer-throws preserves its settlement boundary"}
[verification-test-start] {"pid":46276,"parentPid":46275,"entryFile":"/Users/yuanxi/Workwork/vibe-fs/requirements/knowledge-reuse/tests/013.test.mjs","name":"WHAT[knowledge-reuse-013] the native owner requires its capability and rejects an incident descriptor without an original settled carrier","fullName":"WHAT[knowledge-reuse-013] the native owner requires its capability and rejects an incident descriptor without an original settled carrier"}
[verification-test-start] {"pid":46276,"parentPid":46275,"entryFile":"/Users/yuanxi/Workwork/vibe-fs/requirements/knowledge-reuse/tests/013.test.mjs","name":"WHAT[knowledge-reuse-013] actual Lifecycle Capture valid payload committed preserves the original settlement and durable projection","fullName":"WHAT[knowledge-reuse-013] actual Lifecycle Capture valid payload committed preserves the original settlement and durable projection"}
[verification-test-start] {"pid":46276,"parentPid":46275,"entryFile":"/Users/yuanxi/Workwork/vibe-fs/requirements/knowledge-reuse/tests/013.test.mjs","name":"WHAT[knowledge-reuse-013] actual Lifecycle Capture valid payload CurrentCommitUnknown preserves the original settlement and durable projection","fullName":"WHAT[knowledge-reuse-013] actual Lifecycle Capture valid payload CurrentCommitUnknown preserves the original settlement and durable projection"}
[verification-test-start] {"pid":46276,"parentPid":46275,"entryFile":"/Users/yuanxi/Workwork/vibe-fs/requirements/knowledge-reuse/tests/013.test.mjs","name":"WHAT[knowledge-reuse-013] actual Lifecycle Capture controlled malformed payload committed preserves the original settlement and durable projection","fullName":"WHAT[knowledge-reuse-013] actual Lifecycle Capture controlled malformed payload committed preserves the original settlement and durable projection"}
js-boundary-gate: OK — 0 debt line(s) across 0 file(s)
[verification-test-start] {"pid":46277,"parentPid":46275,"entryFile":"/Users/yuanxi/Workwork/vibe-fs/requirements/js-semantic-surface/tests/002.test.mjs","name":"WHAT[js-semantic-surface-002] the same gate accepts a registered public import and rejects an internal module","fullName":"WHAT[js-semantic-surface-002] the same gate accepts a registered public import and rejects an internal module"}
js-boundary-gate: OK — 0 debt line(s) across 0 file(s)
js-boundary-gate: 1 violation(s) across 1 file(s)
  ../../../../var/folders/g_/3ydzn7kx5lg9ylq8fd9p_13r0000gn/T/js-surface-cbEU84/requirements/consumer/tests/support/api.mjs:1 [deep-dist-import] import * as api from '../../../../dist/Internal/Unregistered.js'
[verification-test-start] {"pid":46277,"parentPid":46275,"entryFile":"/Users/yuanxi/Workwork/vibe-fs/requirements/js-semantic-surface/tests/002.test.mjs","name":"WHAT[js-semantic-surface-002] module discovery, generated-name probing and runtime representation access are detected","fullName":"WHAT[js-semantic-surface-002] module discovery, generated-name probing and runtime representation access are detected"}
[verification-test-start] {"pid":46276,"parentPid":46275,"entryFile":"/Users/yuanxi/Workwork/vibe-fs/requirements/knowledge-reuse/tests/013.test.mjs","name":"WHAT[knowledge-reuse-013] actual Lifecycle Capture controlled malformed payload CurrentCommitUnknown preserves the original settlement and durable projection","fullName":"WHAT[knowledge-reuse-013] actual Lifecycle Capture controlled malformed payload CurrentCommitUnknown preserves the original settlement and durable projection"}
[verification-test-start] {"pid":46277,"parentPid":46275,"entryFile":"/Users/yuanxi/Workwork/vibe-fs/requirements/js-semantic-surface/tests/002.test.mjs","name":"WHAT[js-semantic-surface-002] a template that chooses an unregistered compiled module is detected","fullName":"WHAT[js-semantic-surface-002] a template that chooses an unregistered compiled module is detected"}
[verification-test-start] {"pid":46277,"parentPid":46275,"entryFile":"/Users/yuanxi/Workwork/vibe-fs/requirements/js-semantic-surface/tests/002.test.mjs","name":"WHAT[js-semantic-surface-002] ordinary data enumeration and standard function binding remain legal","fullName":"WHAT[js-semantic-surface-002] ordinary data enumeration and standard function binding remain legal"}
[verification-test-start] {"pid":46277,"parentPid":46275,"entryFile":"/Users/yuanxi/Workwork/vibe-fs/requirements/js-semantic-surface/tests/002.test.mjs","name":"WHAT[js-semantic-surface-002] native fixture fields and standard object spread are not runtime representation access","fullName":"WHAT[js-semantic-surface-002] native fixture fields and standard object spread are not runtime representation access"}
[verification-test-start] {"pid":46277,"parentPid":46275,"entryFile":"/Users/yuanxi/Workwork/vibe-fs/requirements/js-semantic-surface/tests/002.test.mjs","name":"WHAT[js-semantic-surface-002] accepts plain DTO through the actual gate","fullName":"WHAT[js-semantic-surface-002] native fixture fields and standard object spread are not runtime representation access > WHAT[js-semantic-surface-002] accepts plain DTO through the actual gate"}
js-boundary-gate: OK — 0 debt line(s) across 0 file(s)
[verification-test-start] {"pid":46277,"parentPid":46275,"entryFile":"/Users/yuanxi/Workwork/vibe-fs/requirements/js-semantic-surface/tests/002.test.mjs","name":"WHAT[js-semantic-surface-002] accepts object spread through the actual gate","fullName":"WHAT[js-semantic-surface-002] native fixture fields and standard object spread are not runtime representation access > WHAT[js-semantic-surface-002] accepts object spread through the actual gate"}
js-boundary-gate: OK — 0 debt line(s) across 0 file(s)
[verification-test-start] {"pid":46277,"parentPid":46275,"entryFile":"/Users/yuanxi/Workwork/vibe-fs/requirements/js-semantic-surface/tests/002.test.mjs","name":"WHAT[js-semantic-surface-002] accepts static fixture loop through the actual gate","fullName":"WHAT[js-semantic-surface-002] native fixture fields and standard object spread are not runtime representation access > WHAT[js-semantic-surface-002] accepts static fixture loop through the actual gate"}
js-boundary-gate: OK — 0 debt line(s) across 0 file(s)
[verification-test-start] {"pid":46277,"parentPid":46275,"entryFile":"/Users/yuanxi/Workwork/vibe-fs/requirements/js-semantic-surface/tests/002.test.mjs","name":"WHAT[js-semantic-surface-002] imported runtime and unproved fields receivers remain forbidden","fullName":"WHAT[js-semantic-surface-002] imported runtime and unproved fields receivers remain forbidden"}
[verification-test-start] {"pid":46277,"parentPid":46275,"entryFile":"/Users/yuanxi/Workwork/vibe-fs/requirements/js-semantic-surface/tests/002.test.mjs","name":"WHAT[js-semantic-surface-002] rejects imported namespace at the representation boundary","fullName":"WHAT[js-semantic-surface-002] imported runtime and unproved fields receivers remain forbidden > WHAT[js-semantic-surface-002] rejects imported namespace at the representation boundary"}
js-boundary-gate: 1 violation(s) across 1 file(s)
  ../../../../var/folders/g_/3ydzn7kx5lg9ylq8fd9p_13r0000gn/T/js-surface-a468oW/requirements/consumer/tests/001.test.mjs:3 [du-shape] export const value = api.fields
[verification-test-start] {"pid":46277,"parentPid":46275,"entryFile":"/Users/yuanxi/Workwork/vibe-fs/requirements/js-semantic-surface/tests/002.test.mjs","name":"WHAT[js-semantic-surface-002] rejects imported result at the representation boundary","fullName":"WHAT[js-semantic-surface-002] imported runtime and unproved fields receivers remain forbidden > WHAT[js-semantic-surface-002] rejects imported result at the representation boundary"}
js-boundary-gate: 1 violation(s) across 1 file(s)
  ../../../../var/folders/g_/3ydzn7kx5lg9ylq8fd9p_13r0000gn/T/js-surface-ww81G6/requirements/consumer/tests/001.test.mjs:4 [du-shape] export const value = data.fields
[verification-test-start] {"pid":46277,"parentPid":46275,"entryFile":"/Users/yuanxi/Workwork/vibe-fs/requirements/js-semantic-surface/tests/002.test.mjs","name":"WHAT[js-semantic-surface-002] rejects unknown parameter at the representation boundary","fullName":"WHAT[js-semantic-surface-002] imported runtime and unproved fields receivers remain forbidden > WHAT[js-semantic-surface-002] rejects unknown parameter at the representation boundary"}
js-boundary-gate: 1 violation(s) across 1 file(s)
  ../../../../var/folders/g_/3ydzn7kx5lg9ylq8fd9p_13r0000gn/T/js-surface-QhcKcy/requirements/consumer/tests/001.test.mjs:1 [du-shape] export const read = value => value.fields
[verification-test-start] {"pid":46277,"parentPid":46275,"entryFile":"/Users/yuanxi/Workwork/vibe-fs/requirements/js-semantic-surface/tests/002.test.mjs","name":"WHAT[js-semantic-surface-002] rejects shadowed native name at the representation boundary","fullName":"WHAT[js-semantic-surface-002] imported runtime and unproved fields receivers remain forbidden > WHAT[js-semantic-surface-002] rejects shadowed native name at the representation boundary"}
js-boundary-gate: 1 violation(s) across 1 file(s)
  ../../../../var/folders/g_/3ydzn7kx5lg9ylq8fd9p_13r0000gn/T/js-surface-hWMuNx/requirements/consumer/tests/001.test.mjs:2 [du-shape] export function read(data) { return data.fields }
[verification-test-start] {"pid":46277,"parentPid":46275,"entryFile":"/Users/yuanxi/Workwork/vibe-fs/requirements/js-semantic-surface/tests/002.test.mjs","name":"WHAT[js-semantic-surface-002] rejects mixed fixture array at the representation boundary","fullName":"WHAT[js-semantic-surface-002] imported runtime and unproved fields receivers remain forbidden > WHAT[js-semantic-surface-002] rejects mixed fixture array at the representation boundary"}
js-boundary-gate: 1 violation(s) across 1 file(s)
  ../../../../var/folders/g_/3ydzn7kx5lg9ylq8fd9p_13r0000gn/T/js-surface-OttnbM/requirements/consumer/tests/001.test.mjs:4 [du-shape] for (const scenario of scenarios) console.log(scenario.fields)
[verification-test-start] {"pid":46277,"parentPid":46275,"entryFile":"/Users/yuanxi/Workwork/vibe-fs/requirements/js-semantic-surface/tests/002.test.mjs","name":"WHAT[js-semantic-surface-002] rejects mutated fixture array at the representation boundary","fullName":"WHAT[js-semantic-surface-002] imported runtime and unproved fields receivers remain forbidden > WHAT[js-semantic-surface-002] rejects mutated fixture array at the representation boundary"}
js-boundary-gate: 1 violation(s) across 1 file(s)
  ../../../../var/folders/g_/3ydzn7kx5lg9ylq8fd9p_13r0000gn/T/js-surface-IO6yb5/requirements/consumer/tests/001.test.mjs:5 [du-shape] for (const scenario of scenarios) console.log(scenario.fields)
[verification-test-start] {"pid":46277,"parentPid":46275,"entryFile":"/Users/yuanxi/Workwork/vibe-fs/requirements/js-semantic-surface/tests/002.test.mjs","name":"WHAT[js-semantic-surface-002] rejects aliased runtime insertion at the representation boundary","fullName":"WHAT[js-semantic-surface-002] imported runtime and unproved fields receivers remain forbidden > WHAT[js-semantic-surface-002] rejects aliased runtime insertion at the representation boundary"}
js-boundary-gate: 1 violation(s) across 1 file(s)
  ../../../../var/folders/g_/3ydzn7kx5lg9ylq8fd9p_13r0000gn/T/js-surface-uQ4x80/requirements/consumer/tests/001.test.mjs:6 [du-shape] for (const scenario of scenarios) console.log(scenario.fields)
[verification-test-start] {"pid":46277,"parentPid":46275,"entryFile":"/Users/yuanxi/Workwork/vibe-fs/requirements/js-semantic-surface/tests/002.test.mjs","name":"WHAT[js-semantic-surface-002] rejects assigned alias runtime insertion at the representation boundary","fullName":"WHAT[js-semantic-surface-002] imported runtime and unproved fields receivers remain forbidden > WHAT[js-semantic-surface-002] rejects assigned alias runtime insertion at the representation boundary"}
js-boundary-gate: 1 violation(s) across 1 file(s)
  ../../../../var/folders/g_/3ydzn7kx5lg9ylq8fd9p_13r0000gn/T/js-surface-cywdAL/requirements/consumer/tests/001.test.mjs:7 [du-shape] for (const scenario of scenarios) console.log(scenario.fields)
[verification-test-start] {"pid":46277,"parentPid":46275,"entryFile":"/Users/yuanxi/Workwork/vibe-fs/requirements/js-semantic-surface/tests/002.test.mjs","name":"WHAT[js-semantic-surface-002] rejects implicit return alias runtime insertion at the representation boundary","fullName":"WHAT[js-semantic-surface-002] imported runtime and unproved fields receivers remain forbidden > WHAT[js-semantic-surface-002] rejects implicit return alias runtime insertion at the representation boundary"}
js-boundary-gate: 1 violation(s) across 1 file(s)
  ../../../../var/folders/g_/3ydzn7kx5lg9ylq8fd9p_13r0000gn/T/js-surface-eRalIf/requirements/consumer/tests/001.test.mjs:7 [du-shape] for (const scenario of scenarios) console.log(scenario.fields)
[verification-test-start] {"pid":46277,"parentPid":46275,"entryFile":"/Users/yuanxi/Workwork/vibe-fs/requirements/js-semantic-surface/tests/002.test.mjs","name":"WHAT[js-semantic-surface-002] rejects escaped fixture container at the representation boundary","fullName":"WHAT[js-semantic-surface-002] imported runtime and unproved fields receivers remain forbidden > WHAT[js-semantic-surface-002] rejects escaped fixture container at the representation boundary"}
js-boundary-gate: 1 violation(s) across 1 file(s)
  ../../../../var/folders/g_/3ydzn7kx5lg9ylq8fd9p_13r0000gn/T/js-surface-7tWIzW/requirements/consumer/tests/001.test.mjs:5 [du-shape] for (const scenario of scenarios) console.log(scenario.fields)
[verification-test-start] {"pid":46277,"parentPid":46275,"entryFile":"/Users/yuanxi/Workwork/vibe-fs/requirements/js-semantic-surface/tests/002.test.mjs","name":"WHAT[js-semantic-surface-002] rejects computed runtime access at the representation boundary","fullName":"WHAT[js-semantic-surface-002] imported runtime and unproved fields receivers remain forbidden > WHAT[js-semantic-surface-002] rejects computed runtime access at the representation boundary"}
js-boundary-gate: 1 violation(s) across 1 file(s)
  ../../../../var/folders/g_/3ydzn7kx5lg9ylq8fd9p_13r0000gn/T/js-surface-6POXEU/requirements/consumer/tests/001.test.mjs:4 [du-shape] export const value = data["fields"]
[verification-worker-cost] {"version":1,"phase":"exit","sequence":1,"entryFile":"/Users/yuanxi/Workwork/vibe-fs/requirements/js-semantic-surface/tests/002.test.mjs","pid":46277,"parentPid":46275,"monotonicMs":1315.32225,"cpuUserMicros":1910947,"cpuSystemMicros":76760,"exitCode":0}
runner: file lifecycle {"entryFile":"/Users/yuanxi/Workwork/vibe-fs/requirements/js-semantic-surface/tests/002.test.mjs","type":"runner:file-drained","elapsedMs":1363.572333}
runner: worker cost {"version":1,"entryFile":"/Users/yuanxi/Workwork/vibe-fs/requirements/js-semantic-surface/tests/002.test.mjs","enabled":true,"pid":46277,"status":"complete","reason":null,"preImport":{"version":1,"phase":"pre-import","sequence":0,"entryFile":"/Users/yuanxi/Workwork/vibe-fs/requirements/js-semantic-surface/tests/002.test.mjs","pid":46277,"parentPid":46275,"monotonicMs":15.240958,"cpuUserMicros":20391,"cpuSystemMicros":3383},"exit":{"version":1,"phase":"exit","sequence":1,"entryFile":"/Users/yuanxi/Workwork/vibe-fs/requirements/js-semantic-surface/tests/002.test.mjs","pid":46277,"parentPid":46275,"monotonicMs":1315.32225,"cpuUserMicros":1910947,"cpuSystemMicros":76760,"exitCode":0},"interval":{"clockPid":46277,"wallMs":1300.0812919999998,"cpuUserMicros":1890556,"cpuSystemMicros":73377}}
[verification-test-start] {"pid":46276,"parentPid":46275,"entryFile":"/Users/yuanxi/Workwork/vibe-fs/requirements/knowledge-reuse/tests/013.test.mjs","name":"WHAT[knowledge-reuse-013] GAP-160: actual Casebook semantic conflict commits or settles its failure cut before a mandatory injected fuse reports and kills once without modifying its projection","fullName":"WHAT[knowledge-reuse-013] GAP-160: actual Casebook semantic conflict commits or settles its failure cut before a mandatory injected fuse reports and kills once without modifying its projection"}
[verification-worker-cost] {"version":1,"phase":"exit","sequence":1,"entryFile":"/Users/yuanxi/Workwork/vibe-fs/requirements/knowledge-reuse/tests/013.test.mjs","pid":46276,"parentPid":46275,"monotonicMs":1439.659917,"cpuUserMicros":312961,"cpuSystemMicros":90698,"exitCode":0}
runner: file lifecycle {"entryFile":"/Users/yuanxi/Workwork/vibe-fs/requirements/knowledge-reuse/tests/013.test.mjs","type":"runner:file-drained","elapsedMs":1486.645708}
runner: worker cost {"version":1,"entryFile":"/Users/yuanxi/Workwork/vibe-fs/requirements/knowledge-reuse/tests/013.test.mjs","enabled":true,"pid":46276,"status":"complete","reason":null,"preImport":{"version":1,"phase":"pre-import","sequence":0,"entryFile":"/Users/yuanxi/Workwork/vibe-fs/requirements/knowledge-reuse/tests/013.test.mjs","pid":46276,"parentPid":46275,"monotonicMs":16.210667,"cpuUserMicros":21621,"cpuSystemMicros":4110},"exit":{"version":1,"phase":"exit","sequence":1,"entryFile":"/Users/yuanxi/Workwork/vibe-fs/requirements/knowledge-reuse/tests/013.test.mjs","pid":46276,"parentPid":46275,"monotonicMs":1439.659917,"cpuUserMicros":312961,"cpuSystemMicros":90698,"exitCode":0},"interval":{"clockPid":46276,"wallMs":1423.44925,"cpuUserMicros":291340,"cpuSystemMicros":86588}}

[test-summary] 3 file(s), 43 passed, 0 failed, 1 todo (1.46s wall, 3.15s test time)
  todo: /Users/yuanxi/Workwork/vibe-fs/requirements/knowledge-reuse/tests/013.test.mjs:WHAT[knowledge-reuse-013] GAP-160: actual Casebook semantic conflict commits or settles its failure cut before a mandatory injected fuse reports and kills once without modifying its projection — reason not supplied
runner: post-exit group verification/reclamation: pid=46275; elapsedMs=16.144; accepted=true
runner: 44 test(s), 3.1s of test time; max 1250ms, p90 178ms, median 8ms
runner:    1250ms  WHAT[js-semantic-surface-002] the current semantic zone passes the implemented boundary gate
runner:     529ms  WHAT[requirement-system-017] the executable verifier scans the complete requirements tree
runner:     228ms  WHAT[knowledge-reuse-013] controlled malformed payload Refresh committed refuses a normal fetch answer after actual cut settlement and cold reopen
runner:     196ms  WHAT[knowledge-reuse-013] controlled malformed payload Refresh CurrentCommitUnknown refuses a normal fetch answer after actual cut settlement and cold reopen
runner:     178ms  WHAT[knowledge-reuse-013] controlled malformed payload Access committed refuses a normal fetch answer after actual cut settlement and cold reopen

runner: 43 passed, 0 failed; 3/3 planned file(s) completed
runner: partial evidence; 0 skipped, 1 TODO; excluded cases are not passes
runner: pending proof prevents complete acceptance
Error: runner: supervised suite failed (exit 1)
    at fail (file:///Users/yuanxi/Workwork/vibe-fs/requirements/verification-system/tests/e2e/support/supervise-node-test.mjs:258:25)
    at superviseOwnedNodeTest (file:///Users/yuanxi/Workwork/vibe-fs/requirements/verification-system/tests/e2e/support/supervise-node-test.mjs:541:5)
    at process.processTicksAndRejections (node:internal/process/task_queues:103:5)
    at async superviseNodeTest (file:///Users/yuanxi/Workwork/vibe-fs/requirements/verification-system/tests/e2e/support/supervise-node-test.mjs:235:14)
    at async file:///Users/yuanxi/Workwork/vibe-fs/requirements/verification-system/tests/run.mjs:94:1 {
  exitCode: 1,
  [cause]: undefined
}
