TAP version 13
# [verification-tool-phase] {"phase":"monitor-spawned","pid":55734,"parentPid":55732,"at":1791224848268,"monitorPid":55776,"executable":"/private/tmp/node-v22.23.3-darwin-arm64/bin/node"}
# [verification-tool-phase] {"phase":"tool-spawned","pid":55776,"parentPid":55734,"at":1791224848303,"toolPid":55777,"executable":"/private/tmp/node-v22.23.3-darwin-arm64/bin/node"}
# [verification-tool-phase] {"phase":"tool-exited","pid":55776,"parentPid":55734,"at":1791224848327,"toolPid":55777,"exitCode":73,"signal":null}
# [verification-tool-phase] {"phase":"group-drained","pid":55776,"parentPid":55734,"at":1791224848344,"toolPid":55777}
# [verification-tool-phase] {"phase":"monitor-closed","pid":55734,"parentPid":55732,"at":1791224848346,"monitorPid":55776,"exitCode":0,"signal":null}
# Subtest: WHAT[verification-system-016] a normal action return cannot conceal an independently failed actual readonly Node consumer
not ok 1 - WHAT[verification-system-016] a normal action return cannot conceal an independently failed actual readonly Node consumer
  ---
  duration_ms: 12959.661875
  type: 'test'
  location: '/Users/yuanxi/Workwork/vibe-fs/requirements/verification-system/tests/support/tier-gate.mjs:26:12'
  failureType: 'testCodeFailure'
  error: |-
    Expected values to be strictly equal:
    + actual - expected
    
    + 'fulfilled'
    - 'rejected'
    
  code: 'ERR_ASSERTION'
  name: 'AssertionError'
  expected: 'rejected'
  actual: 'fulfilled'
  operator: 'strictEqual'
  stack: |-
    TestContext.<anonymous> (file:///Users/yuanxi/Workwork/vibe-fs/requirements/verification-system/tests/support/readonly-input-tests.mjs:200:14)
    process.processTicksAndRejections (node:internal/process/task_queues:103:5)
    async Test.run (node:internal/test_runner/test:1054:7)
    async startSubtestAfterBootstrap (node:internal/test_runner/harness:296:3)
  ...
# {"actualPid":55777,"actualExitCode":73,"actualSignal":null,"scopeOutcome":"fulfilled","restoredOwners":4,"remainingRootEntries":["inputs","output"]}
# [verification-tool-phase] {"phase":"monitor-spawned","pid":55734,"parentPid":55732,"at":1791224863187,"monitorPid":55828,"executable":"/private/tmp/node-v22.23.3-darwin-arm64/bin/node"}
# [verification-tool-phase] {"phase":"tool-spawned","pid":55828,"parentPid":55734,"at":1791224863220,"toolPid":55829,"executable":"/private/tmp/node-v22.23.3-darwin-arm64/bin/node"}
# [verification-tool-phase] {"phase":"tool-exited","pid":55828,"parentPid":55734,"at":1791224863243,"toolPid":55829,"exitCode":73,"signal":null}
# [verification-tool-phase] {"phase":"group-drained","pid":55828,"parentPid":55734,"at":1791224863260,"toolPid":55829}
# [verification-tool-phase] {"phase":"monitor-closed","pid":55734,"parentPid":55732,"at":1791224863261,"monitorPid":55828,"exitCode":0,"signal":null}
# Subtest: WHAT[verification-system-016] the original Error action failure remains the cause alongside an independently failed actual readonly Node consumer
not ok 2 - WHAT[verification-system-016] the original Error action failure remains the cause alongside an independently failed actual readonly Node consumer
  ---
  duration_ms: 14901.814833
  type: 'test'
  location: '/Users/yuanxi/Workwork/vibe-fs/requirements/verification-system/tests/support/tier-gate.mjs:26:12'
  failureType: 'testCodeFailure'
  error: |-
    The expression evaluated to a falsy value:
    
      assert.ok(outcome.reason instanceof AggregateError)
    
  code: 'ERR_ASSERTION'
  name: 'AssertionError'
  expected: true
  actual: false
  operator: '=='
  stack: |-
    TestContext.<anonymous> (file:///Users/yuanxi/Workwork/vibe-fs/requirements/verification-system/tests/support/readonly-input-tests.mjs:204:16)
    process.processTicksAndRejections (node:internal/process/task_queues:103:5)
    async Test.run (node:internal/test_runner/test:1054:7)
    async Test.processPendingSubtests (node:internal/test_runner/test:744:7)
  ...
# {"actualPid":55829,"actualExitCode":73,"actualSignal":null,"scopeOutcome":"rejected","restoredOwners":4,"remainingRootEntries":["inputs","output"]}
# [verification-tool-phase] {"phase":"monitor-spawned","pid":55734,"parentPid":55732,"at":1791224878255,"monitorPid":55880,"executable":"/private/tmp/node-v22.23.3-darwin-arm64/bin/node"}
# [verification-tool-phase] {"phase":"tool-spawned","pid":55880,"parentPid":55734,"at":1791224878287,"toolPid":55881,"executable":"/private/tmp/node-v22.23.3-darwin-arm64/bin/node"}
# [verification-tool-phase] {"phase":"tool-exited","pid":55880,"parentPid":55734,"at":1791224878311,"toolPid":55881,"exitCode":73,"signal":null}
# [verification-tool-phase] {"phase":"group-drained","pid":55880,"parentPid":55734,"at":1791224878327,"toolPid":55881}
# [verification-tool-phase] {"phase":"monitor-closed","pid":55734,"parentPid":55732,"at":1791224878328,"monitorPid":55880,"exitCode":0,"signal":null}
# Subtest: WHAT[verification-system-016] the original null action failure remains the cause alongside an independently failed actual readonly Node consumer
not ok 3 - WHAT[verification-system-016] the original null action failure remains the cause alongside an independently failed actual readonly Node consumer
  ---
  duration_ms: 15061.959625
  type: 'test'
  location: '/Users/yuanxi/Workwork/vibe-fs/requirements/verification-system/tests/support/tier-gate.mjs:26:12'
  failureType: 'testCodeFailure'
  error: |-
    The expression evaluated to a falsy value:
    
      assert.ok(outcome.reason instanceof AggregateError)
    
  code: 'ERR_ASSERTION'
  name: 'AssertionError'
  expected: true
  actual: false
  operator: '=='
  stack: |-
    TestContext.<anonymous> (file:///Users/yuanxi/Workwork/vibe-fs/requirements/verification-system/tests/support/readonly-input-tests.mjs:204:16)
    process.processTicksAndRejections (node:internal/process/task_queues:103:5)
    async Test.run (node:internal/test_runner/test:1054:7)
    async Test.processPendingSubtests (node:internal/test_runner/test:744:7)
  ...
# {"actualPid":55881,"actualExitCode":73,"actualSignal":null,"scopeOutcome":"rejected","restoredOwners":4,"remainingRootEntries":["inputs","output"]}
1..3
# tests 3
# suites 0
# pass 0
# fail 3
# cancelled 0
# skipped 0
# todo 0
# duration_ms 42989.559291
