TAP version 13
# Subtest: WHAT[verification-system-016] a real readonly mount protects original role paths and rejects foreign or expired view capabilities
ok 1 - WHAT[verification-system-016] a real readonly mount protects original role paths and rejects foreign or expired view capabilities
  ---
  duration_ms: 12884.699542
  type: 'test'
  ...
# [verification-tool-phase] {"phase":"monitor-spawned","pid":56611,"parentPid":56609,"at":1791225467242,"monitorPid":56693,"executable":"/private/tmp/node-v22.23.3-darwin-arm64/bin/node"}
# [verification-tool-phase] {"phase":"tool-spawned","pid":56693,"parentPid":56611,"at":1791225467276,"toolPid":56694,"executable":"/private/tmp/node-v22.23.3-darwin-arm64/bin/node"}
# [verification-tool-phase] {"phase":"tool-exited","pid":56693,"parentPid":56611,"at":1791225467301,"toolPid":56694,"exitCode":null,"signal":"SIGKILL"}
# [verification-tool-phase] {"phase":"group-drained","pid":56693,"parentPid":56611,"at":1791225467318,"toolPid":56694}
# [verification-tool-phase] {"phase":"monitor-closed","pid":56611,"parentPid":56609,"at":1791225467319,"monitorPid":56693,"exitCode":0,"signal":null}
# Subtest: WHAT[verification-system-016] an early Error action failure drains its actual Node consumer before readonly device recovery
ok 2 - WHAT[verification-system-016] an early Error action failure drains its actual Node consumer before readonly device recovery
  ---
  duration_ms: 13040.759125
  type: 'test'
  ...
# Subtest: WHAT[verification-system-016] actual readonly mount cleanup preserves Error operation failure and restores every original directory
ok 3 - WHAT[verification-system-016] actual readonly mount cleanup preserves Error operation failure and restores every original directory
  ---
  duration_ms: 12878.365208
  type: 'test'
  ...
# Subtest: WHAT[verification-system-016] cancellation of an attached readonly scope preserves Error and removes only its owned image
ok 4 - WHAT[verification-system-016] cancellation of an attached readonly scope preserves Error and removes only its owned image
  ---
  duration_ms: 13056.558208
  type: 'test'
  ...
# [verification-tool-phase] {"phase":"monitor-spawned","pid":56611,"parentPid":56609,"at":1791225507251,"monitorPid":56826,"executable":"/private/tmp/node-v22.23.3-darwin-arm64/bin/node"}
# [verification-tool-phase] {"phase":"tool-spawned","pid":56826,"parentPid":56611,"at":1791225507287,"toolPid":56827,"executable":"/private/tmp/node-v22.23.3-darwin-arm64/bin/node"}
# [verification-tool-phase] {"phase":"tool-exited","pid":56826,"parentPid":56611,"at":1791225507324,"toolPid":56827,"exitCode":null,"signal":"SIGKILL"}
# [verification-tool-phase] {"phase":"group-drained","pid":56826,"parentPid":56611,"at":1791225507342,"toolPid":56827}
# [verification-tool-phase] {"phase":"monitor-closed","pid":56611,"parentPid":56609,"at":1791225507343,"monitorPid":56826,"exitCode":0,"signal":null}
# Subtest: WHAT[verification-system-016] an early null action failure drains its actual Node consumer before readonly device recovery
ok 5 - WHAT[verification-system-016] an early null action failure drains its actual Node consumer before readonly device recovery
  ---
  duration_ms: 14087.22375
  type: 'test'
  ...
# Subtest: WHAT[verification-system-016] actual readonly mount cleanup preserves null operation failure and restores every original directory
ok 6 - WHAT[verification-system-016] actual readonly mount cleanup preserves null operation failure and restores every original directory
  ---
  duration_ms: 9932.887584
  type: 'test'
  ...
# Subtest: WHAT[verification-system-016] cancellation of an attached readonly scope preserves null and removes only its owned image
ok 7 - WHAT[verification-system-016] cancellation of an attached readonly scope preserves null and removes only its owned image
  ---
  duration_ms: 11985.416792
  type: 'test'
  ...
# [verification-tool-phase] {"phase":"monitor-spawned","pid":56611,"parentPid":56609,"at":1791225541252,"monitorPid":56952,"executable":"/private/tmp/node-v22.23.3-darwin-arm64/bin/node"}
# [verification-tool-phase] {"phase":"tool-spawned","pid":56952,"parentPid":56611,"at":1791225541290,"toolPid":56953,"executable":"/private/tmp/node-v22.23.3-darwin-arm64/bin/node"}
# [verification-tool-phase] {"phase":"tool-exited","pid":56952,"parentPid":56611,"at":1791225541337,"toolPid":56953,"exitCode":null,"signal":"SIGKILL"}
# [verification-tool-phase] {"phase":"group-drained","pid":56952,"parentPid":56611,"at":1791225541354,"toolPid":56953}
# [verification-tool-phase] {"phase":"monitor-closed","pid":56611,"parentPid":56609,"at":1791225541355,"monitorPid":56952,"exitCode":0,"signal":null}
# Subtest: WHAT[verification-system-016] a successful action omitting await drains and rejects its actual Node consumer before readonly device recovery
ok 8 - WHAT[verification-system-016] a successful action omitting await drains and rejects its actual Node consumer before readonly device recovery
  ---
  duration_ms: 12091.880458
  type: 'test'
  ...
# [verification-tool-phase] {"phase":"monitor-spawned","pid":56611,"parentPid":56609,"at":1791225553254,"monitorPid":57057,"executable":"/private/tmp/node-v22.23.3-darwin-arm64/bin/node"}
# [verification-tool-phase] {"phase":"tool-spawned","pid":57057,"parentPid":56611,"at":1791225553289,"toolPid":57058,"executable":"/private/tmp/node-v22.23.3-darwin-arm64/bin/node"}
# [verification-tool-phase] {"phase":"tool-exited","pid":57057,"parentPid":56611,"at":1791225553314,"toolPid":57058,"exitCode":73,"signal":null}
# [verification-tool-phase] {"phase":"group-drained","pid":57057,"parentPid":56611,"at":1791225553330,"toolPid":57058}
# [verification-tool-phase] {"phase":"monitor-closed","pid":56611,"parentPid":56609,"at":1791225553331,"monitorPid":57057,"exitCode":0,"signal":null}
# Subtest: WHAT[verification-system-016] a normal action return cannot conceal an independently failed actual readonly Node consumer
ok 9 - WHAT[verification-system-016] a normal action return cannot conceal an independently failed actual readonly Node consumer
  ---
  duration_ms: 11997.607958
  type: 'test'
  ...
# {"actualPid":57058,"actualExitCode":73,"actualSignal":null,"scopeOutcome":"rejected","restoredOwners":4,"remainingRootEntries":["inputs","output"]}
# [verification-tool-phase] {"phase":"monitor-spawned","pid":56611,"parentPid":56609,"at":1791225566226,"monitorPid":57110,"executable":"/private/tmp/node-v22.23.3-darwin-arm64/bin/node"}
# [verification-tool-phase] {"phase":"tool-spawned","pid":57110,"parentPid":56611,"at":1791225566260,"toolPid":57111,"executable":"/private/tmp/node-v22.23.3-darwin-arm64/bin/node"}
# [verification-tool-phase] {"phase":"tool-exited","pid":57110,"parentPid":56611,"at":1791225566284,"toolPid":57111,"exitCode":73,"signal":null}
# [verification-tool-phase] {"phase":"group-drained","pid":57110,"parentPid":56611,"at":1791225566301,"toolPid":57111}
# [verification-tool-phase] {"phase":"monitor-closed","pid":56611,"parentPid":56609,"at":1791225566302,"monitorPid":57110,"exitCode":0,"signal":null}
# Subtest: WHAT[verification-system-016] the original Error action failure remains the cause alongside an independently failed actual readonly Node consumer
ok 10 - WHAT[verification-system-016] the original Error action failure remains the cause alongside an independently failed actual readonly Node consumer
  ---
  duration_ms: 12952.520708
  type: 'test'
  ...
# {"actualPid":57111,"actualExitCode":73,"actualSignal":null,"scopeOutcome":"rejected","restoredOwners":4,"remainingRootEntries":["inputs","output"]}
# [verification-tool-phase] {"phase":"monitor-spawned","pid":56611,"parentPid":56609,"at":1791225578244,"monitorPid":57158,"executable":"/private/tmp/node-v22.23.3-darwin-arm64/bin/node"}
# [verification-tool-phase] {"phase":"tool-spawned","pid":57158,"parentPid":56611,"at":1791225578277,"toolPid":57159,"executable":"/private/tmp/node-v22.23.3-darwin-arm64/bin/node"}
# [verification-tool-phase] {"phase":"tool-exited","pid":57158,"parentPid":56611,"at":1791225578301,"toolPid":57159,"exitCode":73,"signal":null}
# [verification-tool-phase] {"phase":"group-drained","pid":57158,"parentPid":56611,"at":1791225578316,"toolPid":57159}
# [verification-tool-phase] {"phase":"monitor-closed","pid":56611,"parentPid":56609,"at":1791225578318,"monitorPid":57158,"exitCode":0,"signal":null}
# Subtest: WHAT[verification-system-016] the original null action failure remains the cause alongside an independently failed actual readonly Node consumer
ok 11 - WHAT[verification-system-016] the original null action failure remains the cause alongside an independently failed actual readonly Node consumer
  ---
  duration_ms: 12015.534083
  type: 'test'
  ...
# {"actualPid":57159,"actualExitCode":73,"actualSignal":null,"scopeOutcome":"rejected","restoredOwners":4,"remainingRootEntries":["inputs","output"]}
1..11
# tests 11
# suites 0
# pass 11
# fail 0
# cancelled 0
# skipped 0
# todo 0
# duration_ms 136997.355959
