TAP version 13
# [verification-tool-phase] {"phase":"monitor-spawned","pid":55314,"parentPid":55312,"at":1791224740217,"monitorPid":55360,"executable":"/private/tmp/node-v22.23.3-darwin-arm64/bin/node"}
# [verification-tool-phase] {"phase":"tool-spawned","pid":55360,"parentPid":55314,"at":1791224740253,"toolPid":55361,"executable":"/private/tmp/node-v22.23.3-darwin-arm64/bin/node"}
# [verification-tool-phase] {"phase":"tool-exited","pid":55360,"parentPid":55314,"at":1791224740280,"toolPid":55361,"exitCode":73,"signal":null}
# [verification-tool-phase] {"phase":"group-drained","pid":55360,"parentPid":55314,"at":1791224740300,"toolPid":55361}
# [verification-tool-phase] {"phase":"monitor-closed","pid":55314,"parentPid":55312,"at":1791224740303,"monitorPid":55360,"exitCode":0,"signal":null}
# Subtest: WHAT[verification-system-016] a normal action return cannot conceal an independently failed actual readonly Node consumer
ok 1 - WHAT[verification-system-016] a normal action return cannot conceal an independently failed actual readonly Node consumer
  ---
  duration_ms: 12677.764125
  type: 'test'
  ...
# {"actualPid":55361,"actualExitCode":73,"actualSignal":null,"scopeOutcome":"rejected","restoredOwners":4,"remainingRootEntries":["inputs","output"]}
# [verification-tool-phase] {"phase":"monitor-spawned","pid":55314,"parentPid":55312,"at":1791224752218,"monitorPid":55413,"executable":"/private/tmp/node-v22.23.3-darwin-arm64/bin/node"}
# [verification-tool-phase] {"phase":"tool-spawned","pid":55413,"parentPid":55314,"at":1791224752254,"toolPid":55414,"executable":"/private/tmp/node-v22.23.3-darwin-arm64/bin/node"}
# [verification-tool-phase] {"phase":"tool-exited","pid":55413,"parentPid":55314,"at":1791224752279,"toolPid":55414,"exitCode":73,"signal":null}
# [verification-tool-phase] {"phase":"group-drained","pid":55413,"parentPid":55314,"at":1791224752296,"toolPid":55414}
# [verification-tool-phase] {"phase":"monitor-closed","pid":55314,"parentPid":55312,"at":1791224752297,"monitorPid":55413,"exitCode":0,"signal":null}
# Subtest: WHAT[verification-system-016] the original Error action failure remains the cause alongside an independently failed actual readonly Node consumer
ok 2 - WHAT[verification-system-016] the original Error action failure remains the cause alongside an independently failed actual readonly Node consumer
  ---
  duration_ms: 11971.912042
  type: 'test'
  ...
# {"actualPid":55414,"actualExitCode":73,"actualSignal":null,"scopeOutcome":"rejected","restoredOwners":4,"remainingRootEntries":["inputs","output"]}
# [verification-tool-phase] {"phase":"monitor-spawned","pid":55314,"parentPid":55312,"at":1791224765234,"monitorPid":55468,"executable":"/private/tmp/node-v22.23.3-darwin-arm64/bin/node"}
# [verification-tool-phase] {"phase":"tool-spawned","pid":55468,"parentPid":55314,"at":1791224765268,"toolPid":55469,"executable":"/private/tmp/node-v22.23.3-darwin-arm64/bin/node"}
# [verification-tool-phase] {"phase":"tool-exited","pid":55468,"parentPid":55314,"at":1791224765292,"toolPid":55469,"exitCode":73,"signal":null}
# [verification-tool-phase] {"phase":"group-drained","pid":55468,"parentPid":55314,"at":1791224765309,"toolPid":55469}
# [verification-tool-phase] {"phase":"monitor-closed","pid":55314,"parentPid":55312,"at":1791224765311,"monitorPid":55468,"exitCode":0,"signal":null}
# Subtest: WHAT[verification-system-016] the original null action failure remains the cause alongside an independently failed actual readonly Node consumer
ok 3 - WHAT[verification-system-016] the original null action failure remains the cause alongside an independently failed actual readonly Node consumer
  ---
  duration_ms: 13010.595708
  type: 'test'
  ...
# {"actualPid":55469,"actualExitCode":73,"actualSignal":null,"scopeOutcome":"rejected","restoredOwners":4,"remainingRootEntries":["inputs","output"]}
1..3
# tests 3
# suites 0
# pass 3
# fail 0
# cancelled 0
# skipped 0
# todo 0
# duration_ms 37732.605542
