TAP version 13
# [verification-tool-phase] {"phase":"monitor-spawned","pid":56060,"parentPid":56058,"at":1791224933180,"monitorPid":56100,"executable":"/private/tmp/node-v22.23.3-darwin-arm64/bin/node"}
# [verification-tool-phase] {"phase":"tool-spawned","pid":56100,"parentPid":56060,"at":1791224933212,"toolPid":56101,"executable":"/private/tmp/node-v22.23.3-darwin-arm64/bin/node"}
# [verification-tool-phase] {"phase":"tool-exited","pid":56100,"parentPid":56060,"at":1791224933237,"toolPid":56101,"exitCode":73,"signal":null}
# [verification-tool-phase] {"phase":"group-drained","pid":56100,"parentPid":56060,"at":1791224933254,"toolPid":56101}
# [verification-tool-phase] {"phase":"monitor-closed","pid":56060,"parentPid":56058,"at":1791224933256,"monitorPid":56100,"exitCode":0,"signal":null}
# Subtest: WHAT[verification-system-016] a normal action return cannot conceal an independently failed actual readonly Node consumer
ok 1 - WHAT[verification-system-016] a normal action return cannot conceal an independently failed actual readonly Node consumer
  ---
  duration_ms: 13360.865125
  type: 'test'
  ...
# {"actualPid":56101,"actualExitCode":73,"actualSignal":null,"scopeOutcome":"rejected","restoredOwners":4,"remainingRootEntries":["inputs","output"]}
# [verification-tool-phase] {"phase":"monitor-spawned","pid":56060,"parentPid":56058,"at":1791224949251,"monitorPid":56151,"executable":"/private/tmp/node-v22.23.3-darwin-arm64/bin/node"}
# [verification-tool-phase] {"phase":"tool-spawned","pid":56151,"parentPid":56060,"at":1791224949286,"toolPid":56152,"executable":"/private/tmp/node-v22.23.3-darwin-arm64/bin/node"}
# [verification-tool-phase] {"phase":"tool-exited","pid":56151,"parentPid":56060,"at":1791224949312,"toolPid":56152,"exitCode":73,"signal":null}
# [verification-tool-phase] {"phase":"group-drained","pid":56151,"parentPid":56060,"at":1791224949329,"toolPid":56152}
# [verification-tool-phase] {"phase":"monitor-closed","pid":56060,"parentPid":56058,"at":1791224949331,"monitorPid":56151,"exitCode":0,"signal":null}
# Subtest: WHAT[verification-system-016] the original Error action failure remains the cause alongside an independently failed actual readonly Node consumer
ok 2 - WHAT[verification-system-016] the original Error action failure remains the cause alongside an independently failed actual readonly Node consumer
  ---
  duration_ms: 16062.449709
  type: 'test'
  ...
# {"actualPid":56152,"actualExitCode":73,"actualSignal":null,"scopeOutcome":"rejected","restoredOwners":4,"remainingRootEntries":["inputs","output"]}
# [verification-tool-phase] {"phase":"monitor-spawned","pid":56060,"parentPid":56058,"at":1791224963213,"monitorPid":56202,"executable":"/private/tmp/node-v22.23.3-darwin-arm64/bin/node"}
# [verification-tool-phase] {"phase":"tool-spawned","pid":56202,"parentPid":56060,"at":1791224963249,"toolPid":56203,"executable":"/private/tmp/node-v22.23.3-darwin-arm64/bin/node"}
# [verification-tool-phase] {"phase":"tool-exited","pid":56202,"parentPid":56060,"at":1791224963272,"toolPid":56203,"exitCode":73,"signal":null}
# [verification-tool-phase] {"phase":"group-drained","pid":56202,"parentPid":56060,"at":1791224963288,"toolPid":56203}
# [verification-tool-phase] {"phase":"monitor-closed","pid":56060,"parentPid":56058,"at":1791224963289,"monitorPid":56202,"exitCode":0,"signal":null}
# Subtest: WHAT[verification-system-016] the original null action failure remains the cause alongside an independently failed actual readonly Node consumer
not ok 3 - WHAT[verification-system-016] the original null action failure remains the cause alongside an independently failed actual readonly Node consumer
  ---
  duration_ms: 13947.558583
  type: 'test'
  location: '/Users/yuanxi/Workwork/vibe-fs/requirements/verification-system/tests/support/tier-gate.mjs:26:12'
  failureType: 'testCodeFailure'
  error: |-
    Expected values to be strictly equal:
    + actual - expected
    
    + Error: Selected tool identity probe failed
    +     at complete (file:///Users/yuanxi/Workwork/vibe-fs/scripts/lib/verification-tool-probe.mjs:42:30)
    +     at process.processTicksAndRejections (node:internal/process/task_queues:103:5) {
    +   [cause]: undefined,
    +   code: 'verification-tool-probe-failed',
    +   exitCode: 73,
    +   signal: null,
    +   stderr: 'actual readonly consumer exit 73\n',
    +   stdout: '{"pid":56203,"readHex":"2f707269766174652f7661722f666f6c646572732f675f2f3379647a6e376b78356c6739796c7138666439705f31337230303030676e2f542f766572696669636174696f6e2d726561646f6e6c792d746573742d4a4f59706d592f696e707574732f736f757263652d454a67306b50"}'
    + }
    - null
    
  code: 'ERR_ASSERTION'
  name: 'AssertionError'
  expected: ~
  actual:
  error: 'Selected tool identity probe failed'
  stack: |-
    complete (file:///Users/yuanxi/Workwork/vibe-fs/scripts/lib/verification-tool-probe.mjs:42:30)
    process.processTicksAndRejections (node:internal/process/task_queues:103:5)
  operator: 'strictEqual'
  stack: |-
    TestContext.<anonymous> (file:///Users/yuanxi/Workwork/vibe-fs/requirements/verification-system/tests/support/readonly-input-tests.mjs:205:16)
    process.processTicksAndRejections (node:internal/process/task_queues:103:5)
    async Test.run (node:internal/test_runner/test:1054:7)
    async Test.processPendingSubtests (node:internal/test_runner/test:744:7)
  ...
# {"actualPid":56203,"actualExitCode":73,"actualSignal":null,"scopeOutcome":"rejected","restoredOwners":4,"remainingRootEntries":["inputs","output"]}
1..3
# tests 3
# suites 0
# pass 2
# fail 1
# cancelled 0
# skipped 0
# todo 0
# duration_ms 43436.921708
