TAP version 13
# Subtest: WHAT[durable-events-024] original Journal RuntimeStarted valid settles before its physical terminal and independent cold replay
ok 1 - WHAT[durable-events-024] original Journal RuntimeStarted valid settles before its physical terminal and independent cold replay
  ---
  duration_ms: 425.342
  type: 'test'
  ...
# {"scenario":"valid","measuredPid":85852,"coldPid":85855,"physicalAndCold":true,"counts":{"append":2,"fsync":2,"close":2,"release":2,"injected":0},"cutIds":[]}
# Subtest: WHAT[durable-events-024] original Journal RuntimeStarted valid-release settles before its physical terminal and independent cold replay
ok 2 - WHAT[durable-events-024] original Journal RuntimeStarted valid-release settles before its physical terminal and independent cold replay
  ---
  duration_ms: 430.719875
  type: 'test'
  ...
# {"scenario":"valid-release","measuredPid":85859,"coldPid":85862,"physicalAndCold":true,"counts":{"append":1,"fsync":1,"close":1,"release":1,"injected":1},"cutIds":[]}
# Subtest: WHAT[durable-events-024] original Journal RuntimeStarted malformed settles before its physical terminal and independent cold replay
ok 3 - WHAT[durable-events-024] original Journal RuntimeStarted malformed settles before its physical terminal and independent cold replay
  ---
  duration_ms: 414.810959
  type: 'test'
  ...
# {"scenario":"malformed","measuredPid":85866,"coldPid":85869,"physicalAndCold":true,"counts":{"append":1,"fsync":1,"close":1,"release":1,"injected":0},"cutIds":["6512effe090a4eca9a20fdeae724997e"]}
# Subtest: WHAT[durable-events-024] original Journal RuntimeStarted malformed-release settles before its physical terminal and independent cold replay
ok 4 - WHAT[durable-events-024] original Journal RuntimeStarted malformed-release settles before its physical terminal and independent cold replay
  ---
  duration_ms: 398.392209
  type: 'test'
  ...
# {"scenario":"malformed-release","measuredPid":85873,"coldPid":85876,"physicalAndCold":true,"counts":{"append":1,"fsync":1,"close":1,"release":1,"injected":1},"cutIds":["ff61b1c12f454123b82a5ceeaf7ba006"]}
1..4
# tests 4
# suites 0
# pass 4
# fail 0
# cancelled 0
# skipped 0
# todo 0
# duration_ms 1957.250333
