✖ WHAT[verification-system-006] native root disappearance preserves the initial inspection error and reports incomplete capture (1288.963209ms)
✔ WHAT[verification-system-006] native incomplete snapshot cannot certify a missing root as fully captured (1283.09575ms)
ℹ tests 2
ℹ suites 0
ℹ pass 1
ℹ fail 1
ℹ cancelled 0
ℹ skipped 0
ℹ todo 0
ℹ duration_ms 2773.043167

✖ failing tests:

test at requirements/verification-system/tests/support/supervised-tool-reclamation-tests.mjs:55:3
✖ WHAT[verification-system-006] native root disappearance preserves the initial inspection error and reports incomplete capture (1288.963209ms)
  AssertionError [ERR_ASSERTION]: The original native signal error remains reachable after the root really disappeared
      at TestContext.<anonymous> (file:///Users/yuanxi/Workwork/vibe-fs/requirements/verification-system/tests/support/supervised-tool-reclamation-tests.mjs:330:18)
      at process.processTicksAndRejections (node:internal/process/task_queues:103:5)
      at async Test.run (node:internal/test_runner/test:1054:7)
      at async startSubtestAfterBootstrap (node:internal/test_runner/harness:296:3) {
    generatedMessage: false,
    code: 'ERR_ASSERTION',
    actual: false,
    expected: true,
    operator: '==',
    diff: 'simple'
  }
