TAP version 13
# Subtest: WHAT[host-boundary-026] host session contract compiles independently without runtime or sphinx dependencies
ok 1 - WHAT[host-boundary-026] host session contract compiles independently without runtime or sphinx dependencies
  ---
  duration_ms: 31.095167
  type: 'test'
  ...
# Subtest: WHAT[host-boundary-026] Host source ownership follows subsystem inventory and physical boundaries
ok 2 - WHAT[host-boundary-026] Host source ownership follows subsystem inventory and physical boundaries
  ---
  duration_ms: 3.130042
  type: 'test'
  ...
1..2
# tests 2
# suites 0
# pass 2
# fail 0
# cancelled 0
# skipped 0
# todo 0
# duration_ms 188.396834
