TAP version 13
# Subtest: WHAT[host-boundary-026] Host source ownership follows subsystem inventory and physical boundaries
not ok 1 - WHAT[host-boundary-026] Host source ownership follows subsystem inventory and physical boundaries
  ---
  duration_ms: 1.373708
  type: 'test'
  location: '/Users/yuanxi/Workwork/vibe-fs/requirements/host-boundary/tests/026.test.mjs:138:1'
  failureType: 'testCodeFailure'
  error: |-
    Expected values to be strictly deep-equal:
    + actual - expected
    
      [
        'OpenCode/Host/SessionContract.fs',
        'OpenCode/Host/SessionHostPort.fs',
        'OpenCode/Host/SessionRuntimeOwner.fs',
    -   'OpenCode/Host/SessionSnapshot.fs'
      ]
    
  code: 'ERR_ASSERTION'
  name: 'AssertionError'
  expected:
    0: 'OpenCode/Host/SessionContract.fs'
    1: 'OpenCode/Host/SessionHostPort.fs'
    2: 'OpenCode/Host/SessionRuntimeOwner.fs'
    3: 'OpenCode/Host/SessionSnapshot.fs'
  actual:
    0: 'OpenCode/Host/SessionContract.fs'
    1: 'OpenCode/Host/SessionHostPort.fs'
    2: 'OpenCode/Host/SessionRuntimeOwner.fs'
  operator: 'deepStrictEqual'
  stack: |-
    TestContext.<anonymous> (file:///Users/yuanxi/Workwork/vibe-fs/requirements/host-boundary/tests/026.test.mjs:185:10)
    Test.runInAsyncScope (node:async_hooks:214:14)
    Test.run (node:internal/test_runner/test:1047:25)
    Test.start (node:internal/test_runner/test:944:17)
    startSubtestAfterBootstrap (node:internal/test_runner/harness:296:17)
    run (node:internal/test_runner/harness:307:12)
    test (node:internal/test_runner/harness:316:12)
    file:///Users/yuanxi/Workwork/vibe-fs/requirements/host-boundary/tests/026.test.mjs:138:1
  ...
1..1
# tests 1
# suites 0
# pass 0
# fail 1
# cancelled 0
# skipped 0
# todo 0
# duration_ms 170.589417
