runner: scoped 使用 TESTS_MJS_FILES=3 files
runner: build is current (1813 sources, 890 artifacts)
runner: discovery OVERRIDDEN by TESTS_MJS_FILES (3 file(s))
runner: 3 test file(s), 5000ms verdict-silence window
runner: file lifecycle {"entryFile":"/Users/yuanxi/Workwork/vibe-fs/requirements/knowledge-reuse/tests/013.test.mjs","pid":47841,"parentPid":47819,"type":"runner:file-start","elapsedMs":31.126832999999976}
runner: file lifecycle {"entryFile":"/Users/yuanxi/Workwork/vibe-fs/requirements/js-semantic-surface/tests/002.test.mjs","pid":47841,"parentPid":47819,"type":"runner:file-start","elapsedMs":32.11145799999997}
runner: file lifecycle {"entryFile":"/Users/yuanxi/Workwork/vibe-fs/requirements/requirement-system/tests/017.test.mjs","pid":47841,"parentPid":47819,"type":"runner:file-start","elapsedMs":33.57066599999996}
[verification-worker-cost] {"version":1,"phase":"pre-import","sequence":0,"entryFile":"/Users/yuanxi/Workwork/vibe-fs/requirements/knowledge-reuse/tests/013.test.mjs","pid":47842,"parentPid":47841,"monotonicMs":15.555625,"cpuUserMicros":21375,"cpuSystemMicros":3733}
[verification-worker-cost] {"version":1,"phase":"pre-import","sequence":0,"entryFile":"/Users/yuanxi/Workwork/vibe-fs/requirements/js-semantic-surface/tests/002.test.mjs","pid":47843,"parentPid":47841,"monotonicMs":15.514208,"cpuUserMicros":21569,"cpuSystemMicros":3012}
[verification-worker-cost] {"version":1,"phase":"pre-import","sequence":0,"entryFile":"/Users/yuanxi/Workwork/vibe-fs/requirements/requirement-system/tests/017.test.mjs","pid":47844,"parentPid":47841,"monotonicMs":14.457541,"cpuUserMicros":20411,"cpuSystemMicros":3169}
[verification-test-start] {"pid":47844,"parentPid":47841,"entryFile":"/Users/yuanxi/Workwork/vibe-fs/requirements/requirement-system/tests/017.test.mjs","name":"WHAT[requirement-system-017] the executable verifier scans the complete requirements tree","fullName":"WHAT[requirement-system-017] the executable verifier scans the complete requirements tree"}
[verification-test-start] {"pid":47843,"parentPid":47841,"entryFile":"/Users/yuanxi/Workwork/vibe-fs/requirements/js-semantic-surface/tests/002.test.mjs","name":"WHAT[js-semantic-surface-002] the current semantic zone passes the implemented boundary gate","fullName":"WHAT[js-semantic-surface-002] the current semantic zone passes the implemented boundary gate"}
[verification-test-start] {"pid":47842,"parentPid":47841,"entryFile":"/Users/yuanxi/Workwork/vibe-fs/requirements/knowledge-reuse/tests/013.test.mjs","name":"WHAT[knowledge-reuse-013] controlled malformed payload Refresh committed refuses a normal fetch answer after actual cut settlement and cold reopen","fullName":"WHAT[knowledge-reuse-013] controlled malformed payload Refresh committed refuses a normal fetch answer after actual cut settlement and cold reopen"}
[verification-test-start] {"pid":47842,"parentPid":47841,"entryFile":"/Users/yuanxi/Workwork/vibe-fs/requirements/knowledge-reuse/tests/013.test.mjs","name":"WHAT[knowledge-reuse-013] controlled malformed payload Refresh CurrentCommitUnknown refuses a normal fetch answer after actual cut settlement and cold reopen","fullName":"WHAT[knowledge-reuse-013] controlled malformed payload Refresh CurrentCommitUnknown refuses a normal fetch answer after actual cut settlement and cold reopen"}
[verification-test-start] {"pid":47844,"parentPid":47841,"entryFile":"/Users/yuanxi/Workwork/vibe-fs/requirements/requirement-system/tests/017.test.mjs","name":"WHAT[requirement-system-017] a deleted clause reports its surviving test, including nested files","fullName":"WHAT[requirement-system-017] a deleted clause reports its surviving test, including nested files"}
[verification-worker-cost] {"version":1,"phase":"exit","sequence":1,"entryFile":"/Users/yuanxi/Workwork/vibe-fs/requirements/requirement-system/tests/017.test.mjs","pid":47844,"parentPid":47841,"monotonicMs":543.094083,"cpuUserMicros":928186,"cpuSystemMicros":43248,"exitCode":0}
runner: file lifecycle {"entryFile":"/Users/yuanxi/Workwork/vibe-fs/requirements/requirement-system/tests/017.test.mjs","type":"runner:file-drained","elapsedMs":590.6503749999999}
runner: worker cost {"version":1,"entryFile":"/Users/yuanxi/Workwork/vibe-fs/requirements/requirement-system/tests/017.test.mjs","enabled":true,"pid":47844,"status":"complete","reason":null,"preImport":{"version":1,"phase":"pre-import","sequence":0,"entryFile":"/Users/yuanxi/Workwork/vibe-fs/requirements/requirement-system/tests/017.test.mjs","pid":47844,"parentPid":47841,"monotonicMs":14.457541,"cpuUserMicros":20411,"cpuSystemMicros":3169},"exit":{"version":1,"phase":"exit","sequence":1,"entryFile":"/Users/yuanxi/Workwork/vibe-fs/requirements/requirement-system/tests/017.test.mjs","pid":47844,"parentPid":47841,"monotonicMs":543.094083,"cpuUserMicros":928186,"cpuSystemMicros":43248,"exitCode":0},"interval":{"clockPid":47844,"wallMs":528.636542,"cpuUserMicros":907775,"cpuSystemMicros":40079}}
[verification-test-start] {"pid":47842,"parentPid":47841,"entryFile":"/Users/yuanxi/Workwork/vibe-fs/requirements/knowledge-reuse/tests/013.test.mjs","name":"WHAT[knowledge-reuse-013] controlled malformed payload Access committed refuses a normal fetch answer after actual cut settlement and cold reopen","fullName":"WHAT[knowledge-reuse-013] controlled malformed payload Access committed refuses a normal fetch answer after actual cut settlement and cold reopen"}
[verification-test-start] {"pid":47842,"parentPid":47841,"entryFile":"/Users/yuanxi/Workwork/vibe-fs/requirements/knowledge-reuse/tests/013.test.mjs","name":"WHAT[knowledge-reuse-013] controlled malformed payload Access CurrentCommitUnknown refuses a normal fetch answer after actual cut settlement and cold reopen","fullName":"WHAT[knowledge-reuse-013] controlled malformed payload Access CurrentCommitUnknown refuses a normal fetch answer after actual cut settlement and cold reopen"}
[verification-test-start] {"pid":47842,"parentPid":47841,"entryFile":"/Users/yuanxi/Workwork/vibe-fs/requirements/knowledge-reuse/tests/013.test.mjs","name":"WHAT[knowledge-reuse-013] actual fetch Refresh success preserves its settlement boundary","fullName":"WHAT[knowledge-reuse-013] actual fetch Refresh success preserves its settlement boundary"}
[verification-test-start] {"pid":47842,"parentPid":47841,"entryFile":"/Users/yuanxi/Workwork/vibe-fs/requirements/knowledge-reuse/tests/013.test.mjs","name":"WHAT[knowledge-reuse-013] actual fetch Refresh CurrentCommitUnknown preserves its settlement boundary","fullName":"WHAT[knowledge-reuse-013] actual fetch Refresh CurrentCommitUnknown preserves its settlement boundary"}
[verification-test-start] {"pid":47842,"parentPid":47841,"entryFile":"/Users/yuanxi/Workwork/vibe-fs/requirements/knowledge-reuse/tests/013.test.mjs","name":"WHAT[knowledge-reuse-013] actual fetch Refresh AppendNotAttempted preserves its settlement boundary","fullName":"WHAT[knowledge-reuse-013] actual fetch Refresh AppendNotAttempted preserves its settlement boundary"}
[verification-test-start] {"pid":47842,"parentPid":47841,"entryFile":"/Users/yuanxi/Workwork/vibe-fs/requirements/knowledge-reuse/tests/013.test.mjs","name":"WHAT[knowledge-reuse-013] actual fetch Refresh NoNewWriteReleaseFailed preserves its settlement boundary","fullName":"WHAT[knowledge-reuse-013] actual fetch Refresh NoNewWriteReleaseFailed preserves its settlement boundary"}
[verification-test-start] {"pid":47842,"parentPid":47841,"entryFile":"/Users/yuanxi/Workwork/vibe-fs/requirements/knowledge-reuse/tests/013.test.mjs","name":"WHAT[knowledge-reuse-013] actual fetch Refresh cut-callback-throws preserves its settlement boundary","fullName":"WHAT[knowledge-reuse-013] actual fetch Refresh cut-callback-throws preserves its settlement boundary"}
[verification-test-start] {"pid":47842,"parentPid":47841,"entryFile":"/Users/yuanxi/Workwork/vibe-fs/requirements/knowledge-reuse/tests/013.test.mjs","name":"WHAT[knowledge-reuse-013] actual fetch Access success preserves its settlement boundary","fullName":"WHAT[knowledge-reuse-013] actual fetch Access success preserves its settlement boundary"}
[verification-test-start] {"pid":47842,"parentPid":47841,"entryFile":"/Users/yuanxi/Workwork/vibe-fs/requirements/knowledge-reuse/tests/013.test.mjs","name":"WHAT[knowledge-reuse-013] actual fetch Access CurrentCommitUnknown preserves its settlement boundary","fullName":"WHAT[knowledge-reuse-013] actual fetch Access CurrentCommitUnknown preserves its settlement boundary"}
[verification-test-start] {"pid":47842,"parentPid":47841,"entryFile":"/Users/yuanxi/Workwork/vibe-fs/requirements/knowledge-reuse/tests/013.test.mjs","name":"WHAT[knowledge-reuse-013] actual fetch Access AppendNotAttempted preserves its settlement boundary","fullName":"WHAT[knowledge-reuse-013] actual fetch Access AppendNotAttempted preserves its settlement boundary"}
[verification-test-start] {"pid":47842,"parentPid":47841,"entryFile":"/Users/yuanxi/Workwork/vibe-fs/requirements/knowledge-reuse/tests/013.test.mjs","name":"WHAT[knowledge-reuse-013] actual fetch Access NoNewWriteReleaseFailed preserves its settlement boundary","fullName":"WHAT[knowledge-reuse-013] actual fetch Access NoNewWriteReleaseFailed preserves its settlement boundary"}
[verification-test-start] {"pid":47842,"parentPid":47841,"entryFile":"/Users/yuanxi/Workwork/vibe-fs/requirements/knowledge-reuse/tests/013.test.mjs","name":"WHAT[knowledge-reuse-013] actual fetch Access cut-callback-throws preserves its settlement boundary","fullName":"WHAT[knowledge-reuse-013] actual fetch Access cut-callback-throws preserves its settlement boundary"}
[verification-test-start] {"pid":47842,"parentPid":47841,"entryFile":"/Users/yuanxi/Workwork/vibe-fs/requirements/knowledge-reuse/tests/013.test.mjs","name":"WHAT[knowledge-reuse-013] actual fetch Access ordinary-observer-throws preserves its settlement boundary","fullName":"WHAT[knowledge-reuse-013] actual fetch Access ordinary-observer-throws preserves its settlement boundary"}
[verification-test-start] {"pid":47842,"parentPid":47841,"entryFile":"/Users/yuanxi/Workwork/vibe-fs/requirements/knowledge-reuse/tests/013.test.mjs","name":"WHAT[knowledge-reuse-013] the native owner requires its capability and rejects an incident descriptor without an original settled carrier","fullName":"WHAT[knowledge-reuse-013] the native owner requires its capability and rejects an incident descriptor without an original settled carrier"}
[verification-test-start] {"pid":47842,"parentPid":47841,"entryFile":"/Users/yuanxi/Workwork/vibe-fs/requirements/knowledge-reuse/tests/013.test.mjs","name":"WHAT[knowledge-reuse-013] actual Lifecycle Capture valid payload committed preserves the original settlement and durable projection","fullName":"WHAT[knowledge-reuse-013] actual Lifecycle Capture valid payload committed preserves the original settlement and durable projection"}
[verification-test-start] {"pid":47842,"parentPid":47841,"entryFile":"/Users/yuanxi/Workwork/vibe-fs/requirements/knowledge-reuse/tests/013.test.mjs","name":"WHAT[knowledge-reuse-013] actual Lifecycle Capture valid payload CurrentCommitUnknown preserves the original settlement and durable projection","fullName":"WHAT[knowledge-reuse-013] actual Lifecycle Capture valid payload CurrentCommitUnknown preserves the original settlement and durable projection"}
[verification-test-start] {"pid":47842,"parentPid":47841,"entryFile":"/Users/yuanxi/Workwork/vibe-fs/requirements/knowledge-reuse/tests/013.test.mjs","name":"WHAT[knowledge-reuse-013] actual Lifecycle Capture controlled malformed payload committed preserves the original settlement and durable projection","fullName":"WHAT[knowledge-reuse-013] actual Lifecycle Capture controlled malformed payload committed preserves the original settlement and durable projection"}
js-boundary-gate: OK — 0 debt line(s) across 0 file(s)
[verification-test-start] {"pid":47843,"parentPid":47841,"entryFile":"/Users/yuanxi/Workwork/vibe-fs/requirements/js-semantic-surface/tests/002.test.mjs","name":"WHAT[js-semantic-surface-002] the same gate accepts a registered public import and rejects an internal module","fullName":"WHAT[js-semantic-surface-002] the same gate accepts a registered public import and rejects an internal module"}
js-boundary-gate: OK — 0 debt line(s) across 0 file(s)
js-boundary-gate: 1 violation(s) across 1 file(s)
  ../../../../var/folders/g_/3ydzn7kx5lg9ylq8fd9p_13r0000gn/T/js-surface-YZ9IFF/requirements/consumer/tests/support/api.mjs:1 [deep-dist-import] import * as api from '../../../../dist/Internal/Unregistered.js'
[verification-test-start] {"pid":47843,"parentPid":47841,"entryFile":"/Users/yuanxi/Workwork/vibe-fs/requirements/js-semantic-surface/tests/002.test.mjs","name":"WHAT[js-semantic-surface-002] module discovery, generated-name probing and runtime representation access are detected","fullName":"WHAT[js-semantic-surface-002] module discovery, generated-name probing and runtime representation access are detected"}
[verification-test-start] {"pid":47843,"parentPid":47841,"entryFile":"/Users/yuanxi/Workwork/vibe-fs/requirements/js-semantic-surface/tests/002.test.mjs","name":"WHAT[js-semantic-surface-002] a template that chooses an unregistered compiled module is detected","fullName":"WHAT[js-semantic-surface-002] a template that chooses an unregistered compiled module is detected"}
[verification-test-start] {"pid":47843,"parentPid":47841,"entryFile":"/Users/yuanxi/Workwork/vibe-fs/requirements/js-semantic-surface/tests/002.test.mjs","name":"WHAT[js-semantic-surface-002] ordinary data enumeration and standard function binding remain legal","fullName":"WHAT[js-semantic-surface-002] ordinary data enumeration and standard function binding remain legal"}
[verification-test-start] {"pid":47843,"parentPid":47841,"entryFile":"/Users/yuanxi/Workwork/vibe-fs/requirements/js-semantic-surface/tests/002.test.mjs","name":"WHAT[js-semantic-surface-002] native fixture fields and standard object spread are not runtime representation access","fullName":"WHAT[js-semantic-surface-002] native fixture fields and standard object spread are not runtime representation access"}
[verification-test-start] {"pid":47843,"parentPid":47841,"entryFile":"/Users/yuanxi/Workwork/vibe-fs/requirements/js-semantic-surface/tests/002.test.mjs","name":"WHAT[js-semantic-surface-002] accepts plain DTO through the actual gate","fullName":"WHAT[js-semantic-surface-002] native fixture fields and standard object spread are not runtime representation access > WHAT[js-semantic-surface-002] accepts plain DTO through the actual gate"}
js-boundary-gate: OK — 0 debt line(s) across 0 file(s)
[verification-test-start] {"pid":47843,"parentPid":47841,"entryFile":"/Users/yuanxi/Workwork/vibe-fs/requirements/js-semantic-surface/tests/002.test.mjs","name":"WHAT[js-semantic-surface-002] accepts object spread through the actual gate","fullName":"WHAT[js-semantic-surface-002] native fixture fields and standard object spread are not runtime representation access > WHAT[js-semantic-surface-002] accepts object spread through the actual gate"}
js-boundary-gate: OK — 0 debt line(s) across 0 file(s)
[verification-test-start] {"pid":47843,"parentPid":47841,"entryFile":"/Users/yuanxi/Workwork/vibe-fs/requirements/js-semantic-surface/tests/002.test.mjs","name":"WHAT[js-semantic-surface-002] accepts static fixture loop through the actual gate","fullName":"WHAT[js-semantic-surface-002] native fixture fields and standard object spread are not runtime representation access > WHAT[js-semantic-surface-002] accepts static fixture loop through the actual gate"}
js-boundary-gate: OK — 0 debt line(s) across 0 file(s)
[verification-test-start] {"pid":47843,"parentPid":47841,"entryFile":"/Users/yuanxi/Workwork/vibe-fs/requirements/js-semantic-surface/tests/002.test.mjs","name":"WHAT[js-semantic-surface-002] imported runtime and unproved fields receivers remain forbidden","fullName":"WHAT[js-semantic-surface-002] imported runtime and unproved fields receivers remain forbidden"}
[verification-test-start] {"pid":47843,"parentPid":47841,"entryFile":"/Users/yuanxi/Workwork/vibe-fs/requirements/js-semantic-surface/tests/002.test.mjs","name":"WHAT[js-semantic-surface-002] rejects imported namespace at the representation boundary","fullName":"WHAT[js-semantic-surface-002] imported runtime and unproved fields receivers remain forbidden > WHAT[js-semantic-surface-002] rejects imported namespace at the representation boundary"}
js-boundary-gate: 1 violation(s) across 1 file(s)
  ../../../../var/folders/g_/3ydzn7kx5lg9ylq8fd9p_13r0000gn/T/js-surface-MD7kbJ/requirements/consumer/tests/001.test.mjs:3 [du-shape] export const value = api.fields
[verification-test-start] {"pid":47843,"parentPid":47841,"entryFile":"/Users/yuanxi/Workwork/vibe-fs/requirements/js-semantic-surface/tests/002.test.mjs","name":"WHAT[js-semantic-surface-002] rejects imported result at the representation boundary","fullName":"WHAT[js-semantic-surface-002] imported runtime and unproved fields receivers remain forbidden > WHAT[js-semantic-surface-002] rejects imported result at the representation boundary"}
js-boundary-gate: 1 violation(s) across 1 file(s)
  ../../../../var/folders/g_/3ydzn7kx5lg9ylq8fd9p_13r0000gn/T/js-surface-JwbQ8q/requirements/consumer/tests/001.test.mjs:4 [du-shape] export const value = data.fields
[verification-test-start] {"pid":47843,"parentPid":47841,"entryFile":"/Users/yuanxi/Workwork/vibe-fs/requirements/js-semantic-surface/tests/002.test.mjs","name":"WHAT[js-semantic-surface-002] rejects unknown parameter at the representation boundary","fullName":"WHAT[js-semantic-surface-002] imported runtime and unproved fields receivers remain forbidden > WHAT[js-semantic-surface-002] rejects unknown parameter at the representation boundary"}
js-boundary-gate: 1 violation(s) across 1 file(s)
  ../../../../var/folders/g_/3ydzn7kx5lg9ylq8fd9p_13r0000gn/T/js-surface-gDWCUN/requirements/consumer/tests/001.test.mjs:1 [du-shape] export const read = value => value.fields
[verification-test-start] {"pid":47843,"parentPid":47841,"entryFile":"/Users/yuanxi/Workwork/vibe-fs/requirements/js-semantic-surface/tests/002.test.mjs","name":"WHAT[js-semantic-surface-002] rejects shadowed native name at the representation boundary","fullName":"WHAT[js-semantic-surface-002] imported runtime and unproved fields receivers remain forbidden > WHAT[js-semantic-surface-002] rejects shadowed native name at the representation boundary"}
js-boundary-gate: 1 violation(s) across 1 file(s)
  ../../../../var/folders/g_/3ydzn7kx5lg9ylq8fd9p_13r0000gn/T/js-surface-Cpm0oW/requirements/consumer/tests/001.test.mjs:2 [du-shape] export function read(data) { return data.fields }
[verification-test-start] {"pid":47843,"parentPid":47841,"entryFile":"/Users/yuanxi/Workwork/vibe-fs/requirements/js-semantic-surface/tests/002.test.mjs","name":"WHAT[js-semantic-surface-002] rejects mixed fixture array at the representation boundary","fullName":"WHAT[js-semantic-surface-002] imported runtime and unproved fields receivers remain forbidden > WHAT[js-semantic-surface-002] rejects mixed fixture array at the representation boundary"}
js-boundary-gate: 1 violation(s) across 1 file(s)
  ../../../../var/folders/g_/3ydzn7kx5lg9ylq8fd9p_13r0000gn/T/js-surface-zgxCuI/requirements/consumer/tests/001.test.mjs:4 [du-shape] for (const scenario of scenarios) console.log(scenario.fields)
[verification-test-start] {"pid":47843,"parentPid":47841,"entryFile":"/Users/yuanxi/Workwork/vibe-fs/requirements/js-semantic-surface/tests/002.test.mjs","name":"WHAT[js-semantic-surface-002] rejects mutated fixture array at the representation boundary","fullName":"WHAT[js-semantic-surface-002] imported runtime and unproved fields receivers remain forbidden > WHAT[js-semantic-surface-002] rejects mutated fixture array at the representation boundary"}
js-boundary-gate: 1 violation(s) across 1 file(s)
  ../../../../var/folders/g_/3ydzn7kx5lg9ylq8fd9p_13r0000gn/T/js-surface-Gteqfo/requirements/consumer/tests/001.test.mjs:5 [du-shape] for (const scenario of scenarios) console.log(scenario.fields)
[verification-test-start] {"pid":47843,"parentPid":47841,"entryFile":"/Users/yuanxi/Workwork/vibe-fs/requirements/js-semantic-surface/tests/002.test.mjs","name":"WHAT[js-semantic-surface-002] rejects aliased runtime insertion at the representation boundary","fullName":"WHAT[js-semantic-surface-002] imported runtime and unproved fields receivers remain forbidden > WHAT[js-semantic-surface-002] rejects aliased runtime insertion at the representation boundary"}
js-boundary-gate: 1 violation(s) across 1 file(s)
  ../../../../var/folders/g_/3ydzn7kx5lg9ylq8fd9p_13r0000gn/T/js-surface-QR1rWI/requirements/consumer/tests/001.test.mjs:6 [du-shape] for (const scenario of scenarios) console.log(scenario.fields)
[verification-test-start] {"pid":47843,"parentPid":47841,"entryFile":"/Users/yuanxi/Workwork/vibe-fs/requirements/js-semantic-surface/tests/002.test.mjs","name":"WHAT[js-semantic-surface-002] rejects assigned alias runtime insertion at the representation boundary","fullName":"WHAT[js-semantic-surface-002] imported runtime and unproved fields receivers remain forbidden > WHAT[js-semantic-surface-002] rejects assigned alias runtime insertion at the representation boundary"}
js-boundary-gate: 1 violation(s) across 1 file(s)
  ../../../../var/folders/g_/3ydzn7kx5lg9ylq8fd9p_13r0000gn/T/js-surface-LmkZSV/requirements/consumer/tests/001.test.mjs:7 [du-shape] for (const scenario of scenarios) console.log(scenario.fields)
[verification-test-start] {"pid":47843,"parentPid":47841,"entryFile":"/Users/yuanxi/Workwork/vibe-fs/requirements/js-semantic-surface/tests/002.test.mjs","name":"WHAT[js-semantic-surface-002] rejects implicit return alias runtime insertion at the representation boundary","fullName":"WHAT[js-semantic-surface-002] imported runtime and unproved fields receivers remain forbidden > WHAT[js-semantic-surface-002] rejects implicit return alias runtime insertion at the representation boundary"}
js-boundary-gate: 1 violation(s) across 1 file(s)
  ../../../../var/folders/g_/3ydzn7kx5lg9ylq8fd9p_13r0000gn/T/js-surface-fIg3MJ/requirements/consumer/tests/001.test.mjs:7 [du-shape] for (const scenario of scenarios) console.log(scenario.fields)
[verification-test-start] {"pid":47843,"parentPid":47841,"entryFile":"/Users/yuanxi/Workwork/vibe-fs/requirements/js-semantic-surface/tests/002.test.mjs","name":"WHAT[js-semantic-surface-002] rejects escaped fixture container at the representation boundary","fullName":"WHAT[js-semantic-surface-002] imported runtime and unproved fields receivers remain forbidden > WHAT[js-semantic-surface-002] rejects escaped fixture container at the representation boundary"}
js-boundary-gate: 1 violation(s) across 1 file(s)
  ../../../../var/folders/g_/3ydzn7kx5lg9ylq8fd9p_13r0000gn/T/js-surface-oKxBpQ/requirements/consumer/tests/001.test.mjs:5 [du-shape] for (const scenario of scenarios) console.log(scenario.fields)
[verification-test-start] {"pid":47843,"parentPid":47841,"entryFile":"/Users/yuanxi/Workwork/vibe-fs/requirements/js-semantic-surface/tests/002.test.mjs","name":"WHAT[js-semantic-surface-002] rejects computed runtime access at the representation boundary","fullName":"WHAT[js-semantic-surface-002] imported runtime and unproved fields receivers remain forbidden > WHAT[js-semantic-surface-002] rejects computed runtime access at the representation boundary"}
js-boundary-gate: 1 violation(s) across 1 file(s)
  ../../../../var/folders/g_/3ydzn7kx5lg9ylq8fd9p_13r0000gn/T/js-surface-9W5tx0/requirements/consumer/tests/001.test.mjs:4 [du-shape] export const value = data["fields"]
[verification-worker-cost] {"version":1,"phase":"exit","sequence":1,"entryFile":"/Users/yuanxi/Workwork/vibe-fs/requirements/js-semantic-surface/tests/002.test.mjs","pid":47843,"parentPid":47841,"monotonicMs":1309.140916,"cpuUserMicros":1892776,"cpuSystemMicros":74996,"exitCode":0}
runner: file lifecycle {"entryFile":"/Users/yuanxi/Workwork/vibe-fs/requirements/js-semantic-surface/tests/002.test.mjs","type":"runner:file-drained","elapsedMs":1354.8696249999998}
runner: worker cost {"version":1,"entryFile":"/Users/yuanxi/Workwork/vibe-fs/requirements/js-semantic-surface/tests/002.test.mjs","enabled":true,"pid":47843,"status":"complete","reason":null,"preImport":{"version":1,"phase":"pre-import","sequence":0,"entryFile":"/Users/yuanxi/Workwork/vibe-fs/requirements/js-semantic-surface/tests/002.test.mjs","pid":47843,"parentPid":47841,"monotonicMs":15.514208,"cpuUserMicros":21569,"cpuSystemMicros":3012},"exit":{"version":1,"phase":"exit","sequence":1,"entryFile":"/Users/yuanxi/Workwork/vibe-fs/requirements/js-semantic-surface/tests/002.test.mjs","pid":47843,"parentPid":47841,"monotonicMs":1309.140916,"cpuUserMicros":1892776,"cpuSystemMicros":74996,"exitCode":0},"interval":{"clockPid":47843,"wallMs":1293.626708,"cpuUserMicros":1871207,"cpuSystemMicros":71984}}
[verification-test-start] {"pid":47842,"parentPid":47841,"entryFile":"/Users/yuanxi/Workwork/vibe-fs/requirements/knowledge-reuse/tests/013.test.mjs","name":"WHAT[knowledge-reuse-013] actual Lifecycle Capture controlled malformed payload CurrentCommitUnknown preserves the original settlement and durable projection","fullName":"WHAT[knowledge-reuse-013] actual Lifecycle Capture controlled malformed payload CurrentCommitUnknown preserves the original settlement and durable projection"}
[verification-test-start] {"pid":47842,"parentPid":47841,"entryFile":"/Users/yuanxi/Workwork/vibe-fs/requirements/knowledge-reuse/tests/013.test.mjs","name":"WHAT[knowledge-reuse-013] original Host finalization helper refuses controlled malformed Capture committed with returning owner after real Bookkeeper settlement","fullName":"WHAT[knowledge-reuse-013] original Host finalization helper refuses controlled malformed Capture committed with returning owner after real Bookkeeper settlement"}
[verification-test-start] {"pid":47842,"parentPid":47841,"entryFile":"/Users/yuanxi/Workwork/vibe-fs/requirements/knowledge-reuse/tests/013.test.mjs","name":"WHAT[knowledge-reuse-013] original Host finalization helper refuses controlled malformed Capture CurrentCommitUnknown with returning owner after real Bookkeeper settlement","fullName":"WHAT[knowledge-reuse-013] original Host finalization helper refuses controlled malformed Capture CurrentCommitUnknown with returning owner after real Bookkeeper settlement"}
[verification-test-start] {"pid":47842,"parentPid":47841,"entryFile":"/Users/yuanxi/Workwork/vibe-fs/requirements/knowledge-reuse/tests/013.test.mjs","name":"WHAT[knowledge-reuse-013] original Host finalization helper refuses controlled malformed Capture committed with throwing owner after real Bookkeeper settlement","fullName":"WHAT[knowledge-reuse-013] original Host finalization helper refuses controlled malformed Capture committed with throwing owner after real Bookkeeper settlement"}
[verification-test-start] {"pid":47842,"parentPid":47841,"entryFile":"/Users/yuanxi/Workwork/vibe-fs/requirements/knowledge-reuse/tests/013.test.mjs","name":"WHAT[knowledge-reuse-013] original Host finalization helper refuses controlled malformed Capture CurrentCommitUnknown with throwing owner after real Bookkeeper settlement","fullName":"WHAT[knowledge-reuse-013] original Host finalization helper refuses controlled malformed Capture CurrentCommitUnknown with throwing owner after real Bookkeeper settlement"}
[verification-test-start] {"pid":47842,"parentPid":47841,"entryFile":"/Users/yuanxi/Workwork/vibe-fs/requirements/knowledge-reuse/tests/013.test.mjs","name":"WHAT[knowledge-reuse-013] original Host finalization success without cuts retains the ordinary settlement after actual Capture","fullName":"WHAT[knowledge-reuse-013] original Host finalization success without cuts retains the ordinary settlement after actual Capture"}
[verification-test-start] {"pid":47842,"parentPid":47841,"entryFile":"/Users/yuanxi/Workwork/vibe-fs/requirements/knowledge-reuse/tests/013.test.mjs","name":"WHAT[knowledge-reuse-013] original Host finalization CurrentCommitUnknown without cuts retains the ordinary settlement after actual Capture","fullName":"WHAT[knowledge-reuse-013] original Host finalization CurrentCommitUnknown without cuts retains the ordinary settlement after actual Capture"}
[verification-test-start] {"pid":47842,"parentPid":47841,"entryFile":"/Users/yuanxi/Workwork/vibe-fs/requirements/knowledge-reuse/tests/013.test.mjs","name":"WHAT[knowledge-reuse-013] original Host finalization observer-throws without cuts retains the ordinary settlement after actual Capture","fullName":"WHAT[knowledge-reuse-013] original Host finalization observer-throws without cuts retains the ordinary settlement after actual Capture"}
[verification-test-start] {"pid":47842,"parentPid":47841,"entryFile":"/Users/yuanxi/Workwork/vibe-fs/requirements/knowledge-reuse/tests/013.test.mjs","name":"WHAT[knowledge-reuse-013] GAP-160: actual Casebook semantic conflict commits or settles its failure cut before a mandatory injected fuse reports and kills once without modifying its projection","fullName":"WHAT[knowledge-reuse-013] GAP-160: actual Casebook semantic conflict commits or settles its failure cut before a mandatory injected fuse reports and kills once without modifying its projection"}
[verification-worker-cost] {"version":1,"phase":"exit","sequence":1,"entryFile":"/Users/yuanxi/Workwork/vibe-fs/requirements/knowledge-reuse/tests/013.test.mjs","pid":47842,"parentPid":47841,"monotonicMs":1643.970542,"cpuUserMicros":559372,"cpuSystemMicros":134254,"exitCode":0}
runner: file lifecycle {"entryFile":"/Users/yuanxi/Workwork/vibe-fs/requirements/knowledge-reuse/tests/013.test.mjs","type":"runner:file-drained","elapsedMs":1689.323666}
runner: worker cost {"version":1,"entryFile":"/Users/yuanxi/Workwork/vibe-fs/requirements/knowledge-reuse/tests/013.test.mjs","enabled":true,"pid":47842,"status":"complete","reason":null,"preImport":{"version":1,"phase":"pre-import","sequence":0,"entryFile":"/Users/yuanxi/Workwork/vibe-fs/requirements/knowledge-reuse/tests/013.test.mjs","pid":47842,"parentPid":47841,"monotonicMs":15.555625,"cpuUserMicros":21375,"cpuSystemMicros":3733},"exit":{"version":1,"phase":"exit","sequence":1,"entryFile":"/Users/yuanxi/Workwork/vibe-fs/requirements/knowledge-reuse/tests/013.test.mjs","pid":47842,"parentPid":47841,"monotonicMs":1643.970542,"cpuUserMicros":559372,"cpuSystemMicros":134254,"exitCode":0},"interval":{"clockPid":47842,"wallMs":1628.414917,"cpuUserMicros":537997,"cpuSystemMicros":130521}}

[test-summary] 3 file(s), 50 passed, 0 failed, 1 todo (1.66s wall, 3.18s test time)
  todo: /Users/yuanxi/Workwork/vibe-fs/requirements/knowledge-reuse/tests/013.test.mjs:WHAT[knowledge-reuse-013] GAP-160: actual Casebook semantic conflict commits or settles its failure cut before a mandatory injected fuse reports and kills once without modifying its projection — reason not supplied
runner: post-exit group verification/reclamation: pid=47841; elapsedMs=15.351; accepted=true
runner: 51 test(s), 3.2s of test time; max 1254ms, p90 170ms, median 10ms
runner:    1254ms  WHAT[js-semantic-surface-002] the current semantic zone passes the implemented boundary gate
runner:     517ms  WHAT[requirement-system-017] the executable verifier scans the complete requirements tree
runner:     210ms  WHAT[knowledge-reuse-013] controlled malformed payload Refresh committed refuses a normal fetch answer after actual cut settlement and cold reopen
runner:     178ms  WHAT[knowledge-reuse-013] controlled malformed payload Refresh CurrentCommitUnknown refuses a normal fetch answer after actual cut settlement and cold reopen
runner:     171ms  WHAT[knowledge-reuse-013] controlled malformed payload Access committed refuses a normal fetch answer after actual cut settlement and cold reopen

runner: 50 passed, 0 failed; 3/3 planned file(s) completed
runner: partial evidence; 0 skipped, 1 TODO; excluded cases are not passes
runner: pending proof prevents complete acceptance
Error: runner: supervised suite failed (exit 1)
    at fail (file:///Users/yuanxi/Workwork/vibe-fs/requirements/verification-system/tests/e2e/support/supervise-node-test.mjs:258:25)
    at superviseOwnedNodeTest (file:///Users/yuanxi/Workwork/vibe-fs/requirements/verification-system/tests/e2e/support/supervise-node-test.mjs:541:5)
    at process.processTicksAndRejections (node:internal/process/task_queues:103:5)
    at async superviseNodeTest (file:///Users/yuanxi/Workwork/vibe-fs/requirements/verification-system/tests/e2e/support/supervise-node-test.mjs:235:14)
    at async file:///Users/yuanxi/Workwork/vibe-fs/requirements/verification-system/tests/run.mjs:94:1 {
  exitCode: 1,
  [cause]: undefined
}
