runner: scoped 使用 TESTS_MJS_FILES=1 files
runner: build is current (1813 sources, 890 artifacts)
runner: discovery OVERRIDDEN by TESTS_MJS_FILES (1 file(s))
runner: 1 test file(s), 5000ms verdict-silence window
runner: file lifecycle {"entryFile":"/Users/yuanxi/Workwork/vibe-fs/requirements/knowledge-reuse/tests/013.test.mjs","pid":47539,"parentPid":47495,"type":"runner:file-start","elapsedMs":32.38454200000001}
[verification-worker-cost] {"version":1,"phase":"pre-import","sequence":0,"entryFile":"/Users/yuanxi/Workwork/vibe-fs/requirements/knowledge-reuse/tests/013.test.mjs","pid":47540,"parentPid":47539,"monotonicMs":14.683417,"cpuUserMicros":19929,"cpuSystemMicros":3409}
[verification-test-start] {"pid":47540,"parentPid":47539,"entryFile":"/Users/yuanxi/Workwork/vibe-fs/requirements/knowledge-reuse/tests/013.test.mjs","name":"WHAT[knowledge-reuse-013] controlled malformed payload Refresh committed refuses a normal fetch answer after actual cut settlement and cold reopen","fullName":"WHAT[knowledge-reuse-013] controlled malformed payload Refresh committed refuses a normal fetch answer after actual cut settlement and cold reopen"}
[verification-test-start] {"pid":47540,"parentPid":47539,"entryFile":"/Users/yuanxi/Workwork/vibe-fs/requirements/knowledge-reuse/tests/013.test.mjs","name":"WHAT[knowledge-reuse-013] controlled malformed payload Refresh CurrentCommitUnknown refuses a normal fetch answer after actual cut settlement and cold reopen","fullName":"WHAT[knowledge-reuse-013] controlled malformed payload Refresh CurrentCommitUnknown refuses a normal fetch answer after actual cut settlement and cold reopen"}
[verification-test-start] {"pid":47540,"parentPid":47539,"entryFile":"/Users/yuanxi/Workwork/vibe-fs/requirements/knowledge-reuse/tests/013.test.mjs","name":"WHAT[knowledge-reuse-013] controlled malformed payload Access committed refuses a normal fetch answer after actual cut settlement and cold reopen","fullName":"WHAT[knowledge-reuse-013] controlled malformed payload Access committed refuses a normal fetch answer after actual cut settlement and cold reopen"}
[verification-test-start] {"pid":47540,"parentPid":47539,"entryFile":"/Users/yuanxi/Workwork/vibe-fs/requirements/knowledge-reuse/tests/013.test.mjs","name":"WHAT[knowledge-reuse-013] controlled malformed payload Access CurrentCommitUnknown refuses a normal fetch answer after actual cut settlement and cold reopen","fullName":"WHAT[knowledge-reuse-013] controlled malformed payload Access CurrentCommitUnknown refuses a normal fetch answer after actual cut settlement and cold reopen"}
[verification-test-start] {"pid":47540,"parentPid":47539,"entryFile":"/Users/yuanxi/Workwork/vibe-fs/requirements/knowledge-reuse/tests/013.test.mjs","name":"WHAT[knowledge-reuse-013] actual fetch Refresh success preserves its settlement boundary","fullName":"WHAT[knowledge-reuse-013] actual fetch Refresh success preserves its settlement boundary"}
[verification-test-start] {"pid":47540,"parentPid":47539,"entryFile":"/Users/yuanxi/Workwork/vibe-fs/requirements/knowledge-reuse/tests/013.test.mjs","name":"WHAT[knowledge-reuse-013] actual fetch Refresh CurrentCommitUnknown preserves its settlement boundary","fullName":"WHAT[knowledge-reuse-013] actual fetch Refresh CurrentCommitUnknown preserves its settlement boundary"}
[verification-test-start] {"pid":47540,"parentPid":47539,"entryFile":"/Users/yuanxi/Workwork/vibe-fs/requirements/knowledge-reuse/tests/013.test.mjs","name":"WHAT[knowledge-reuse-013] actual fetch Refresh AppendNotAttempted preserves its settlement boundary","fullName":"WHAT[knowledge-reuse-013] actual fetch Refresh AppendNotAttempted preserves its settlement boundary"}
[verification-test-start] {"pid":47540,"parentPid":47539,"entryFile":"/Users/yuanxi/Workwork/vibe-fs/requirements/knowledge-reuse/tests/013.test.mjs","name":"WHAT[knowledge-reuse-013] actual fetch Refresh NoNewWriteReleaseFailed preserves its settlement boundary","fullName":"WHAT[knowledge-reuse-013] actual fetch Refresh NoNewWriteReleaseFailed preserves its settlement boundary"}
[verification-test-start] {"pid":47540,"parentPid":47539,"entryFile":"/Users/yuanxi/Workwork/vibe-fs/requirements/knowledge-reuse/tests/013.test.mjs","name":"WHAT[knowledge-reuse-013] actual fetch Refresh cut-callback-throws preserves its settlement boundary","fullName":"WHAT[knowledge-reuse-013] actual fetch Refresh cut-callback-throws preserves its settlement boundary"}
[verification-test-start] {"pid":47540,"parentPid":47539,"entryFile":"/Users/yuanxi/Workwork/vibe-fs/requirements/knowledge-reuse/tests/013.test.mjs","name":"WHAT[knowledge-reuse-013] actual fetch Access success preserves its settlement boundary","fullName":"WHAT[knowledge-reuse-013] actual fetch Access success preserves its settlement boundary"}
[verification-test-start] {"pid":47540,"parentPid":47539,"entryFile":"/Users/yuanxi/Workwork/vibe-fs/requirements/knowledge-reuse/tests/013.test.mjs","name":"WHAT[knowledge-reuse-013] actual fetch Access CurrentCommitUnknown preserves its settlement boundary","fullName":"WHAT[knowledge-reuse-013] actual fetch Access CurrentCommitUnknown preserves its settlement boundary"}
[verification-test-start] {"pid":47540,"parentPid":47539,"entryFile":"/Users/yuanxi/Workwork/vibe-fs/requirements/knowledge-reuse/tests/013.test.mjs","name":"WHAT[knowledge-reuse-013] actual fetch Access AppendNotAttempted preserves its settlement boundary","fullName":"WHAT[knowledge-reuse-013] actual fetch Access AppendNotAttempted preserves its settlement boundary"}
[verification-test-start] {"pid":47540,"parentPid":47539,"entryFile":"/Users/yuanxi/Workwork/vibe-fs/requirements/knowledge-reuse/tests/013.test.mjs","name":"WHAT[knowledge-reuse-013] actual fetch Access NoNewWriteReleaseFailed preserves its settlement boundary","fullName":"WHAT[knowledge-reuse-013] actual fetch Access NoNewWriteReleaseFailed preserves its settlement boundary"}
[verification-test-start] {"pid":47540,"parentPid":47539,"entryFile":"/Users/yuanxi/Workwork/vibe-fs/requirements/knowledge-reuse/tests/013.test.mjs","name":"WHAT[knowledge-reuse-013] actual fetch Access cut-callback-throws preserves its settlement boundary","fullName":"WHAT[knowledge-reuse-013] actual fetch Access cut-callback-throws preserves its settlement boundary"}
[verification-test-start] {"pid":47540,"parentPid":47539,"entryFile":"/Users/yuanxi/Workwork/vibe-fs/requirements/knowledge-reuse/tests/013.test.mjs","name":"WHAT[knowledge-reuse-013] actual fetch Access ordinary-observer-throws preserves its settlement boundary","fullName":"WHAT[knowledge-reuse-013] actual fetch Access ordinary-observer-throws preserves its settlement boundary"}
[verification-test-start] {"pid":47540,"parentPid":47539,"entryFile":"/Users/yuanxi/Workwork/vibe-fs/requirements/knowledge-reuse/tests/013.test.mjs","name":"WHAT[knowledge-reuse-013] the native owner requires its capability and rejects an incident descriptor without an original settled carrier","fullName":"WHAT[knowledge-reuse-013] the native owner requires its capability and rejects an incident descriptor without an original settled carrier"}
[verification-test-start] {"pid":47540,"parentPid":47539,"entryFile":"/Users/yuanxi/Workwork/vibe-fs/requirements/knowledge-reuse/tests/013.test.mjs","name":"WHAT[knowledge-reuse-013] actual Lifecycle Capture valid payload committed preserves the original settlement and durable projection","fullName":"WHAT[knowledge-reuse-013] actual Lifecycle Capture valid payload committed preserves the original settlement and durable projection"}
[verification-test-start] {"pid":47540,"parentPid":47539,"entryFile":"/Users/yuanxi/Workwork/vibe-fs/requirements/knowledge-reuse/tests/013.test.mjs","name":"WHAT[knowledge-reuse-013] actual Lifecycle Capture valid payload CurrentCommitUnknown preserves the original settlement and durable projection","fullName":"WHAT[knowledge-reuse-013] actual Lifecycle Capture valid payload CurrentCommitUnknown preserves the original settlement and durable projection"}
[verification-test-start] {"pid":47540,"parentPid":47539,"entryFile":"/Users/yuanxi/Workwork/vibe-fs/requirements/knowledge-reuse/tests/013.test.mjs","name":"WHAT[knowledge-reuse-013] actual Lifecycle Capture controlled malformed payload committed preserves the original settlement and durable projection","fullName":"WHAT[knowledge-reuse-013] actual Lifecycle Capture controlled malformed payload committed preserves the original settlement and durable projection"}
[verification-test-start] {"pid":47540,"parentPid":47539,"entryFile":"/Users/yuanxi/Workwork/vibe-fs/requirements/knowledge-reuse/tests/013.test.mjs","name":"WHAT[knowledge-reuse-013] actual Lifecycle Capture controlled malformed payload CurrentCommitUnknown preserves the original settlement and durable projection","fullName":"WHAT[knowledge-reuse-013] actual Lifecycle Capture controlled malformed payload CurrentCommitUnknown preserves the original settlement and durable projection"}
[verification-test-start] {"pid":47540,"parentPid":47539,"entryFile":"/Users/yuanxi/Workwork/vibe-fs/requirements/knowledge-reuse/tests/013.test.mjs","name":"WHAT[knowledge-reuse-013] original Host finalization helper refuses controlled malformed Capture committed after real Bookkeeper settlement","fullName":"WHAT[knowledge-reuse-013] original Host finalization helper refuses controlled malformed Capture committed after real Bookkeeper settlement"}
[verification-test-start] {"pid":47540,"parentPid":47539,"entryFile":"/Users/yuanxi/Workwork/vibe-fs/requirements/knowledge-reuse/tests/013.test.mjs","name":"WHAT[knowledge-reuse-013] original Host finalization helper refuses controlled malformed Capture CurrentCommitUnknown after real Bookkeeper settlement","fullName":"WHAT[knowledge-reuse-013] original Host finalization helper refuses controlled malformed Capture CurrentCommitUnknown after real Bookkeeper settlement"}

✖ failing tests:

test at /Users/yuanxi/Workwork/vibe-fs/requirements/knowledge-reuse/tests/013.test.mjs:498:3
✖ WHAT[knowledge-reuse-013] original Host finalization helper refuses controlled malformed Capture committed after real Bookkeeper settlement (17.340ms)
  AssertionError [ERR_ASSERTION]: an actual Capture cut must not return a normal Host finalization settlement
  + actual - expected
  
  + {
  +   identity: 'host-Capture-false',
  +   persistenceFailure: {
  +     caseIdentity: 'host-Capture-false',
  +     code: 'CASEBOOK_APPEND_FAILED',
  +     eventId: '60c6a83f9b1d49d48129293006564b6c',
  +     isOriginalError: [Function (anonymous)],
  +     kind: 'rejected',
  +     operation: 'Capture'
  +   },
  +   releasesIdentity: false
  + }
  - undefined
  
      at TestContext.<anonymous> (file:///Users/yuanxi/Workwork/vibe-fs/requirements/knowledge-reuse/tests/013.test.mjs:589:14)
      at async Test.run (node:internal/test_runner/test:1054:7)
      at async Test.processPendingSubtests (node:internal/test_runner/test:744:7) {
    generatedMessage: false,
    code: 'ERR_ASSERTION',
    actual: [Object],
    expected: undefined,
    operator: 'strictEqual',
    diff: 'simple'
  }

[verification-test-start] {"pid":47540,"parentPid":47539,"entryFile":"/Users/yuanxi/Workwork/vibe-fs/requirements/knowledge-reuse/tests/013.test.mjs","name":"WHAT[knowledge-reuse-013] GAP-160: actual Casebook semantic conflict commits or settles its failure cut before a mandatory injected fuse reports and kills once without modifying its projection","fullName":"WHAT[knowledge-reuse-013] GAP-160: actual Casebook semantic conflict commits or settles its failure cut before a mandatory injected fuse reports and kills once without modifying its projection"}
test at /Users/yuanxi/Workwork/vibe-fs/requirements/knowledge-reuse/tests/013.test.mjs:498:3
✖ WHAT[knowledge-reuse-013] original Host finalization helper refuses controlled malformed Capture CurrentCommitUnknown after real Bookkeeper settlement (18.349ms)
  AssertionError [ERR_ASSERTION]: an actual Capture cut must not return a normal Host finalization settlement
  + actual - expected
  
  + {
  +   identity: 'host-Capture-true',
  +   persistenceFailure: {
  +     caseIdentity: 'host-Capture-true',
  +     cleanupFailures: [],
  +     code: 'CASEBOOK_APPEND_COMMIT_UNKNOWN',
  +     eventId: '6c096cd3befc473d961636fbb26335f3',
  +     isOriginalError: [Function (anonymous)],
  +     kind: 'unknown',
  +     operation: 'Capture',
  +     preparedEventIds: [
  +       '6c096cd3befc473d961636fbb26335f3',
  +       'abd494f8d51c4f7b96f4d42f517613ff'
  +     ],
  +     primary: {
  +       cause: Error: original Host Capture Current commit cause
  +           at TestContext.<anonymous> (file:///Users/yuanxi/Workwork/vibe-fs/requirements/knowledge-reuse/tests/013.test.mjs:501:19)
  +           at Test.runInAsyncScope (node:async_hooks:214:14)
  +           at Test.run (node:internal/test_runner/test:1047:25)
  +           at async Test.processPendingSubtests (node:internal/test_runner/test:744:7),
  +       phase: 'CurrentCommit'
  +     },
  +     requestedEventIds: [
  +       '6c096cd3befc473d961636fbb26335f3'
  +     ]
  +   },
  +   releasesIdentity: false
  + }
  - undefined
  
      at TestContext.<anonymous> (file:///Users/yuanxi/Workwork/vibe-fs/requirements/knowledge-reuse/tests/013.test.mjs:589:14)
      at async Test.run (node:internal/test_runner/test:1054:7)
      at async Test.processPendingSubtests (node:internal/test_runner/test:744:7) {
    generatedMessage: false,
    code: 'ERR_ASSERTION',
    actual: [Object],
    expected: undefined,
    operator: 'strictEqual',
    diff: 'simple'
  }

[verification-worker-cost] {"version":1,"phase":"exit","sequence":1,"entryFile":"/Users/yuanxi/Workwork/vibe-fs/requirements/knowledge-reuse/tests/013.test.mjs","pid":47540,"parentPid":47539,"monotonicMs":1480.247417,"cpuUserMicros":448456,"cpuSystemMicros":105998,"exitCode":1}
runner: file lifecycle {"entryFile":"/Users/yuanxi/Workwork/vibe-fs/requirements/knowledge-reuse/tests/013.test.mjs","type":"runner:file-drained","elapsedMs":1527.7026250000001}

[test-summary] 1 file(s), 20 passed, 2 failed, 1 todo (1.50s wall, 1.24s test time)
  todo: /Users/yuanxi/Workwork/vibe-fs/requirements/knowledge-reuse/tests/013.test.mjs:WHAT[knowledge-reuse-013] GAP-160: actual Casebook semantic conflict commits or settles its failure cut before a mandatory injected fuse reports and kills once without modifying its projection — reason not supplied
runner: worker cost {"version":1,"entryFile":"/Users/yuanxi/Workwork/vibe-fs/requirements/knowledge-reuse/tests/013.test.mjs","enabled":true,"pid":47540,"status":"complete","reason":null,"preImport":{"version":1,"phase":"pre-import","sequence":0,"entryFile":"/Users/yuanxi/Workwork/vibe-fs/requirements/knowledge-reuse/tests/013.test.mjs","pid":47540,"parentPid":47539,"monotonicMs":14.683417,"cpuUserMicros":19929,"cpuSystemMicros":3409},"exit":{"version":1,"phase":"exit","sequence":1,"entryFile":"/Users/yuanxi/Workwork/vibe-fs/requirements/knowledge-reuse/tests/013.test.mjs","pid":47540,"parentPid":47539,"monotonicMs":1480.247417,"cpuUserMicros":448456,"cpuSystemMicros":105998,"exitCode":1},"interval":{"clockPid":47540,"wallMs":1465.564,"cpuUserMicros":428527,"cpuSystemMicros":102589}}
runner: post-exit group verification/reclamation: pid=47539; elapsedMs=15.929; accepted=true
runner: 23 test(s), 1.2s of test time; max 208ms, p90 160ms, median 17ms
runner:     208ms  WHAT[knowledge-reuse-013] controlled malformed payload Refresh committed refuses a normal fetch answer after actual cut settlement and cold reopen
runner:     167ms  WHAT[knowledge-reuse-013] controlled malformed payload Refresh CurrentCommitUnknown refuses a normal fetch answer after actual cut settlement and cold reopen
runner:     160ms  WHAT[knowledge-reuse-013] actual Lifecycle Capture controlled malformed payload committed preserves the original settlement and durable projection
runner:     158ms  WHAT[knowledge-reuse-013] controlled malformed payload Access committed refuses a normal fetch answer after actual cut settlement and cold reopen
runner:     154ms  WHAT[knowledge-reuse-013] actual Lifecycle Capture controlled malformed payload CurrentCommitUnknown preserves the original settlement and durable projection

runner: 20 passed, 2 failed; 1/1 planned file(s) completed
Error: runner: supervised suite failed (exit 1)
    at fail (file:///Users/yuanxi/Workwork/vibe-fs/requirements/verification-system/tests/e2e/support/supervise-node-test.mjs:258:25)
    at superviseOwnedNodeTest (file:///Users/yuanxi/Workwork/vibe-fs/requirements/verification-system/tests/e2e/support/supervise-node-test.mjs:486:19)
    at process.processTicksAndRejections (node:internal/process/task_queues:103:5)
    at async superviseNodeTest (file:///Users/yuanxi/Workwork/vibe-fs/requirements/verification-system/tests/e2e/support/supervise-node-test.mjs:235:14)
    at async file:///Users/yuanxi/Workwork/vibe-fs/requirements/verification-system/tests/run.mjs:94:1 {
  exitCode: 1,
  [cause]: undefined
}
