2026-10-07T14:32:38.1073809Z ##[group]Run actions/checkout@v4
2026-10-07T14:32:38.1074731Z with:
2026-10-07T14:32:38.1075294Z   repository: PamelaSprin47685ghall/vibe-fs
2026-10-07T14:32:38.1079932Z   token: ***
2026-10-07T14:32:38.1080432Z   ssh-strict: true
2026-10-07T14:32:38.1080926Z   ssh-user: git
2026-10-07T14:32:38.1081433Z   persist-credentials: true
2026-10-07T14:32:38.1081988Z   clean: true
2026-10-07T14:32:38.1082499Z   sparse-checkout-cone-mode: true
2026-10-07T14:32:38.1083082Z   fetch-depth: 1
2026-10-07T14:32:38.1083576Z   fetch-tags: false
2026-10-07T14:32:38.1084074Z   show-progress: true
2026-10-07T14:32:38.1084585Z   lfs: false
2026-10-07T14:32:38.1085068Z   submodules: false
2026-10-07T14:32:38.1085579Z   set-safe-directory: true
2026-10-07T14:32:38.1086143Z   allow-unsafe-pr-checkout: false
2026-10-07T14:32:38.1087014Z ##[endgroup]
2026-10-07T14:32:38.2090427Z Syncing repository: PamelaSprin47685ghall/vibe-fs
2026-10-07T14:32:38.2094001Z ##[group]Getting Git version info
2026-10-07T14:32:38.2095544Z Working directory is '/home/runner/work/vibe-fs/vibe-fs'
2026-10-07T14:32:38.2097839Z [command]/usr/bin/git version
2026-10-07T14:32:38.2202514Z git version 2.55.0
2026-10-07T14:32:38.2223513Z ##[endgroup]
2026-10-07T14:32:38.2235989Z Temporarily overriding HOME='/home/runner/work/_temp/2bbd37d7-f02c-4023-9137-9fe240564e0f' before making global git config changes
2026-10-07T14:32:38.2239199Z Adding repository directory to the temporary git global config as a safe directory
2026-10-07T14:32:38.2241942Z [command]/usr/bin/git config --global --add safe.directory /home/runner/work/vibe-fs/vibe-fs
2026-10-07T14:32:38.2294132Z Deleting the contents of '/home/runner/work/vibe-fs/vibe-fs'
2026-10-07T14:32:38.2298438Z ##[group]Initializing the repository
2026-10-07T14:32:38.2302271Z [command]/usr/bin/git init /home/runner/work/vibe-fs/vibe-fs
2026-10-07T14:32:38.2418963Z hint: Using 'master' as the name for the initial branch. This default branch name
2026-10-07T14:32:38.2421254Z hint: will change to "main" in Git 3.0. To configure the initial branch name
2026-10-07T14:32:38.2423355Z hint: to use in all of your new repositories, which will suppress this warning,
2026-10-07T14:32:38.2425096Z hint: call:
2026-10-07T14:32:38.2425977Z hint:
2026-10-07T14:32:38.2427036Z hint: 	git config --global init.defaultBranch <name>
2026-10-07T14:32:38.2428350Z hint:
2026-10-07T14:32:38.2429745Z hint: Names commonly chosen instead of 'master' are 'main', 'trunk' and
2026-10-07T14:32:38.2431839Z hint: 'development'. The just-created branch can be renamed via this command:
2026-10-07T14:32:38.2433458Z hint:
2026-10-07T14:32:38.2434347Z hint: 	git branch -m <name>
2026-10-07T14:32:38.2435285Z hint:
2026-10-07T14:32:38.2436019Z hint: Disable this message with "git config set advice.defaultBranchName false"
2026-10-07T14:32:38.2437109Z Initialized empty Git repository in /home/runner/work/vibe-fs/vibe-fs/.git/
2026-10-07T14:32:38.2440798Z [command]/usr/bin/git remote add origin https://github.com/PamelaSprin47685ghall/vibe-fs
2026-10-07T14:32:38.2480336Z ##[endgroup]
2026-10-07T14:32:38.2482259Z ##[group]Disabling automatic garbage collection
2026-10-07T14:32:38.2483810Z [command]/usr/bin/git config --local gc.auto 0
2026-10-07T14:32:38.2510959Z ##[endgroup]
2026-10-07T14:32:38.2512767Z ##[group]Setting up auth
2026-10-07T14:32:38.2516688Z [command]/usr/bin/git config --local --name-only --get-regexp core\.sshCommand
2026-10-07T14:32:38.2546036Z [command]/usr/bin/git submodule foreach --recursive sh -c "git config --local --name-only --get-regexp 'core\.sshCommand' && git config --local --unset-all 'core.sshCommand' || :"
2026-10-07T14:32:38.2914566Z [command]/usr/bin/git config --local --name-only --get-regexp http\.https\:\/\/github\.com\/\.extraheader
2026-10-07T14:32:38.2951011Z [command]/usr/bin/git submodule foreach --recursive sh -c "git config --local --name-only --get-regexp 'http\.https\:\/\/github\.com\/\.extraheader' && git config --local --unset-all 'http.https://github.com/.extraheader' || :"
2026-10-07T14:32:38.3140050Z [command]/usr/bin/git config --local --name-only --get-regexp ^includeIf\.gitdir:
2026-10-07T14:32:38.3169998Z [command]/usr/bin/git submodule foreach --recursive git config --local --show-origin --name-only --get-regexp remote.origin.url
2026-10-07T14:32:38.3353581Z [command]/usr/bin/git config --local http.https://github.com/.extraheader AUTHORIZATION: basic ***
2026-10-07T14:32:38.3395837Z ##[endgroup]
2026-10-07T14:32:38.3397378Z ##[group]Fetching the repository
2026-10-07T14:32:38.3407433Z [command]/usr/bin/git -c protocol.version=2 fetch --no-tags --prune --no-recurse-submodules --depth=1 origin +94d140b62deee72fa513d5b8a8a520c0b7484d6d:refs/remotes/pull/53/merge
2026-10-07T14:32:48.2598285Z From https://github.com/PamelaSprin47685ghall/vibe-fs
2026-10-07T14:32:48.2599049Z  * [new ref]         94d140b62deee72fa513d5b8a8a520c0b7484d6d -> pull/53/merge
2026-10-07T14:32:48.2601850Z ##[endgroup]
2026-10-07T14:32:48.2602349Z ##[group]Determining the checkout info
2026-10-07T14:32:48.2611223Z ##[endgroup]
2026-10-07T14:32:48.2611967Z [command]/usr/bin/git sparse-checkout disable
2026-10-07T14:32:48.2661424Z [command]/usr/bin/git config --local --unset-all extensions.worktreeConfig
2026-10-07T14:32:48.2700320Z ##[group]Checking out the ref
2026-10-07T14:32:48.2700899Z [command]/usr/bin/git checkout --progress --force refs/remotes/pull/53/merge
2026-10-07T14:32:49.0093350Z Note: switching to 'refs/remotes/pull/53/merge'.
2026-10-07T14:32:49.0094012Z 
2026-10-07T14:32:49.0094455Z You are in 'detached HEAD' state. You can look around, make experimental
2026-10-07T14:32:49.0095375Z changes and commit them, and you can discard any commits you make in this
2026-10-07T14:32:49.0096222Z state without impacting any branches by switching back to a branch.
2026-10-07T14:32:49.0096773Z 
2026-10-07T14:32:49.0097176Z If you want to create a new branch to retain commits you create, you may
2026-10-07T14:32:49.0098583Z do so (now or later) by using -c with the switch command. Example:
2026-10-07T14:32:49.0099113Z 
2026-10-07T14:32:49.0099329Z   git switch -c <new-branch-name>
2026-10-07T14:32:49.0100084Z 
2026-10-07T14:32:49.0100292Z Or undo this operation with:
2026-10-07T14:32:49.0100595Z 
2026-10-07T14:32:49.0100760Z   git switch -
2026-10-07T14:32:49.0100992Z 
2026-10-07T14:32:49.0101359Z Turn off this advice by setting config variable advice.detachedHead to false
2026-10-07T14:32:49.0101892Z 
2026-10-07T14:32:49.0102532Z HEAD is now at 94d140b Merge 7a8c21c74f35ef6ef3945aaa009bac24c10e7c6e into 48a0bf426a3b3fe43100d44b3253426e5cd5c4fa
2026-10-07T14:32:49.0131170Z ##[endgroup]
2026-10-07T14:32:49.0175102Z [command]/usr/bin/git log -1 --format=%H
2026-10-07T14:32:49.0200492Z 94d140b62deee72fa513d5b8a8a520c0b7484d6d
