2026-10-07T14:52:14.5032296Z ##[group]Run actions/checkout@v4
2026-10-07T14:52:14.5033226Z with:
2026-10-07T14:52:14.5033725Z   repository: PamelaSprin47685ghall/vibe-fs
2026-10-07T14:52:14.5038592Z   token: ***
2026-10-07T14:52:14.5039037Z   ssh-strict: true
2026-10-07T14:52:14.5039478Z   ssh-user: git
2026-10-07T14:52:14.5039937Z   persist-credentials: true
2026-10-07T14:52:14.5040437Z   clean: true
2026-10-07T14:52:14.5040889Z   sparse-checkout-cone-mode: true
2026-10-07T14:52:14.5041436Z   fetch-depth: 1
2026-10-07T14:52:14.5041879Z   fetch-tags: false
2026-10-07T14:52:14.5042328Z   show-progress: true
2026-10-07T14:52:14.5042776Z   lfs: false
2026-10-07T14:52:14.5043192Z   submodules: false
2026-10-07T14:52:14.5043663Z   set-safe-directory: true
2026-10-07T14:52:14.5044506Z   allow-unsafe-pr-checkout: false
2026-10-07T14:52:14.5045373Z ##[endgroup]
2026-10-07T14:52:14.6046071Z Syncing repository: PamelaSprin47685ghall/vibe-fs
2026-10-07T14:52:14.6048894Z ##[group]Getting Git version info
2026-10-07T14:52:14.6050125Z Working directory is '/home/runner/work/vibe-fs/vibe-fs'
2026-10-07T14:52:14.6051988Z [command]/usr/bin/git version
2026-10-07T14:52:14.6126120Z git version 2.55.0
2026-10-07T14:52:14.6147749Z ##[endgroup]
2026-10-07T14:52:14.6176391Z Temporarily overriding HOME='/home/runner/work/_temp/67b19c84-3080-4d7e-8dce-e7bcecfc75de' before making global git config changes
2026-10-07T14:52:14.6178852Z Adding repository directory to the temporary git global config as a safe directory
2026-10-07T14:52:14.6180953Z [command]/usr/bin/git config --global --add safe.directory /home/runner/work/vibe-fs/vibe-fs
2026-10-07T14:52:14.6230373Z Deleting the contents of '/home/runner/work/vibe-fs/vibe-fs'
2026-10-07T14:52:14.6236767Z ##[group]Initializing the repository
2026-10-07T14:52:14.6240894Z [command]/usr/bin/git init /home/runner/work/vibe-fs/vibe-fs
2026-10-07T14:52:14.6376531Z hint: Using 'master' as the name for the initial branch. This default branch name
2026-10-07T14:52:14.6378796Z hint: will change to "main" in Git 3.0. To configure the initial branch name
2026-10-07T14:52:14.6380591Z hint: to use in all of your new repositories, which will suppress this warning,
2026-10-07T14:52:14.6382272Z hint: call:
2026-10-07T14:52:14.6383314Z hint:
2026-10-07T14:52:14.6384975Z hint: 	git config --global init.defaultBranch <name>
2026-10-07T14:52:14.6386330Z hint:
2026-10-07T14:52:14.6387602Z hint: Names commonly chosen instead of 'master' are 'main', 'trunk' and
2026-10-07T14:52:14.6389632Z hint: 'development'. The just-created branch can be renamed via this command:
2026-10-07T14:52:14.6392128Z hint:
2026-10-07T14:52:14.6393166Z hint: 	git branch -m <name>
2026-10-07T14:52:14.6394694Z hint:
2026-10-07T14:52:14.6396116Z hint: Disable this message with "git config set advice.defaultBranchName false"
2026-10-07T14:52:14.6398510Z Initialized empty Git repository in /home/runner/work/vibe-fs/vibe-fs/.git/
2026-10-07T14:52:14.6403022Z [command]/usr/bin/git remote add origin https://github.com/PamelaSprin47685ghall/vibe-fs
2026-10-07T14:52:14.6450607Z ##[endgroup]
2026-10-07T14:52:14.6452226Z ##[group]Disabling automatic garbage collection
2026-10-07T14:52:14.6454633Z [command]/usr/bin/git config --local gc.auto 0
2026-10-07T14:52:14.6488627Z ##[endgroup]
2026-10-07T14:52:14.6490370Z ##[group]Setting up auth
2026-10-07T14:52:14.6496862Z [command]/usr/bin/git config --local --name-only --get-regexp core\.sshCommand
2026-10-07T14:52:14.6530052Z [command]/usr/bin/git submodule foreach --recursive sh -c "git config --local --name-only --get-regexp 'core\.sshCommand' && git config --local --unset-all 'core.sshCommand' || :"
2026-10-07T14:52:14.7027809Z [command]/usr/bin/git config --local --name-only --get-regexp http\.https\:\/\/github\.com\/\.extraheader
2026-10-07T14:52:14.7039466Z [command]/usr/bin/git submodule foreach --recursive sh -c "git config --local --name-only --get-regexp 'http\.https\:\/\/github\.com\/\.extraheader' && git config --local --unset-all 'http.https://github.com/.extraheader' || :"
2026-10-07T14:52:14.7222645Z [command]/usr/bin/git config --local --name-only --get-regexp ^includeIf\.gitdir:
2026-10-07T14:52:14.7258539Z [command]/usr/bin/git submodule foreach --recursive git config --local --show-origin --name-only --get-regexp remote.origin.url
2026-10-07T14:52:14.7481023Z [command]/usr/bin/git config --local http.https://github.com/.extraheader AUTHORIZATION: basic ***
2026-10-07T14:52:14.7522049Z ##[endgroup]
2026-10-07T14:52:14.7523051Z ##[group]Fetching the repository
2026-10-07T14:52:14.7531801Z [command]/usr/bin/git -c protocol.version=2 fetch --no-tags --prune --no-recurse-submodules --depth=1 origin +4390cb0cef618dd240b2275dab5004a52a49ae7f:refs/remotes/pull/53/merge
2026-10-07T14:52:24.4755718Z From https://github.com/PamelaSprin47685ghall/vibe-fs
2026-10-07T14:52:24.4756742Z  * [new ref]         4390cb0cef618dd240b2275dab5004a52a49ae7f -> pull/53/merge
2026-10-07T14:52:24.4760881Z ##[endgroup]
2026-10-07T14:52:24.4761580Z ##[group]Determining the checkout info
2026-10-07T14:52:24.4764053Z ##[endgroup]
2026-10-07T14:52:24.4777234Z [command]/usr/bin/git sparse-checkout disable
2026-10-07T14:52:24.4830585Z [command]/usr/bin/git config --local --unset-all extensions.worktreeConfig
2026-10-07T14:52:24.4860237Z ##[group]Checking out the ref
2026-10-07T14:52:24.4864017Z [command]/usr/bin/git checkout --progress --force refs/remotes/pull/53/merge
2026-10-07T14:52:25.3618947Z Note: switching to 'refs/remotes/pull/53/merge'.
2026-10-07T14:52:25.3619703Z 
2026-10-07T14:52:25.3620164Z You are in 'detached HEAD' state. You can look around, make experimental
2026-10-07T14:52:25.3621135Z changes and commit them, and you can discard any commits you make in this
2026-10-07T14:52:25.3622283Z state without impacting any branches by switching back to a branch.
2026-10-07T14:52:25.3622999Z 
2026-10-07T14:52:25.3624363Z If you want to create a new branch to retain commits you create, you may
2026-10-07T14:52:25.3625272Z do so (now or later) by using -c with the switch command. Example:
2026-10-07T14:52:25.3625868Z 
2026-10-07T14:52:25.3626065Z   git switch -c <new-branch-name>
2026-10-07T14:52:25.3626432Z 
2026-10-07T14:52:25.3626628Z Or undo this operation with:
2026-10-07T14:52:25.3626910Z 
2026-10-07T14:52:25.3627027Z   git switch -
2026-10-07T14:52:25.3627201Z 
2026-10-07T14:52:25.3627478Z Turn off this advice by setting config variable advice.detachedHead to false
2026-10-07T14:52:25.3627878Z 
2026-10-07T14:52:25.3628317Z HEAD is now at 4390cb0 Merge 523d41de4d46cb1ba54cdaf0d4abc76a71f0ce51 into 48a0bf426a3b3fe43100d44b3253426e5cd5c4fa
2026-10-07T14:52:25.4404725Z ##[endgroup]
2026-10-07T14:52:25.4455584Z [command]/usr/bin/git log -1 --format=%H
2026-10-07T14:52:25.4491171Z 4390cb0cef618dd240b2275dab5004a52a49ae7f
