2026-10-07T14:39:57.9142410Z ##[group]Run actions/checkout@v4
2026-10-07T14:39:57.9143422Z with:
2026-10-07T14:39:57.9143905Z   repository: PamelaSprin47685ghall/vibe-fs
2026-10-07T14:39:57.9147957Z   token: ***
2026-10-07T14:39:57.9148393Z   ssh-strict: true
2026-10-07T14:39:57.9148820Z   ssh-user: git
2026-10-07T14:39:57.9149251Z   persist-credentials: true
2026-10-07T14:39:57.9149721Z   clean: true
2026-10-07T14:39:57.9150145Z   sparse-checkout-cone-mode: true
2026-10-07T14:39:57.9150650Z   fetch-depth: 1
2026-10-07T14:39:57.9151070Z   fetch-tags: false
2026-10-07T14:39:57.9151916Z   show-progress: true
2026-10-07T14:39:57.9152359Z   lfs: false
2026-10-07T14:39:57.9152756Z   submodules: false
2026-10-07T14:39:57.9153196Z   set-safe-directory: true
2026-10-07T14:39:57.9153712Z   allow-unsafe-pr-checkout: false
2026-10-07T14:39:57.9155049Z ##[endgroup]
2026-10-07T14:39:58.0303277Z Syncing repository: PamelaSprin47685ghall/vibe-fs
2026-10-07T14:39:58.0305452Z ##[group]Getting Git version info
2026-10-07T14:39:58.0306541Z Working directory is '/home/runner/work/vibe-fs/vibe-fs'
2026-10-07T14:39:58.0307682Z [command]/usr/bin/git version
2026-10-07T14:39:58.0341051Z git version 2.55.0
2026-10-07T14:39:58.0371143Z ##[endgroup]
2026-10-07T14:39:58.0399673Z Temporarily overriding HOME='/home/runner/work/_temp/ecac87d5-3589-48df-98d6-8ad76bf65c2f' before making global git config changes
2026-10-07T14:39:58.0402381Z Adding repository directory to the temporary git global config as a safe directory
2026-10-07T14:39:58.0406267Z [command]/usr/bin/git config --global --add safe.directory /home/runner/work/vibe-fs/vibe-fs
2026-10-07T14:39:58.0462032Z Deleting the contents of '/home/runner/work/vibe-fs/vibe-fs'
2026-10-07T14:39:58.0466614Z ##[group]Initializing the repository
2026-10-07T14:39:58.0470472Z [command]/usr/bin/git init /home/runner/work/vibe-fs/vibe-fs
2026-10-07T14:39:58.0582398Z hint: Using 'master' as the name for the initial branch. This default branch name
2026-10-07T14:39:58.0584947Z hint: will change to "main" in Git 3.0. To configure the initial branch name
2026-10-07T14:39:58.0587376Z hint: to use in all of your new repositories, which will suppress this warning,
2026-10-07T14:39:58.0589217Z hint: call:
2026-10-07T14:39:58.0590788Z hint:
2026-10-07T14:39:58.0592376Z hint: 	git config --global init.defaultBranch <name>
2026-10-07T14:39:58.0593714Z hint:
2026-10-07T14:39:58.0594924Z hint: Names commonly chosen instead of 'master' are 'main', 'trunk' and
2026-10-07T14:39:58.0596803Z hint: 'development'. The just-created branch can be renamed via this command:
2026-10-07T14:39:58.0598511Z hint:
2026-10-07T14:39:58.0599662Z hint: 	git branch -m <name>
2026-10-07T14:39:58.0600698Z hint:
2026-10-07T14:39:58.0602325Z hint: Disable this message with "git config set advice.defaultBranchName false"
2026-10-07T14:39:58.0604038Z Initialized empty Git repository in /home/runner/work/vibe-fs/vibe-fs/.git/
2026-10-07T14:39:58.0606413Z [command]/usr/bin/git remote add origin https://github.com/PamelaSprin47685ghall/vibe-fs
2026-10-07T14:39:58.0657144Z ##[endgroup]
2026-10-07T14:39:58.0658285Z ##[group]Disabling automatic garbage collection
2026-10-07T14:39:58.0661668Z [command]/usr/bin/git config --local gc.auto 0
2026-10-07T14:39:58.0694535Z ##[endgroup]
2026-10-07T14:39:58.0695662Z ##[group]Setting up auth
2026-10-07T14:39:58.0703210Z [command]/usr/bin/git config --local --name-only --get-regexp core\.sshCommand
2026-10-07T14:39:58.0737499Z [command]/usr/bin/git submodule foreach --recursive sh -c "git config --local --name-only --get-regexp 'core\.sshCommand' && git config --local --unset-all 'core.sshCommand' || :"
2026-10-07T14:39:58.1120664Z [command]/usr/bin/git config --local --name-only --get-regexp http\.https\:\/\/github\.com\/\.extraheader
2026-10-07T14:39:58.1162062Z [command]/usr/bin/git submodule foreach --recursive sh -c "git config --local --name-only --get-regexp 'http\.https\:\/\/github\.com\/\.extraheader' && git config --local --unset-all 'http.https://github.com/.extraheader' || :"
2026-10-07T14:39:58.1396423Z [command]/usr/bin/git config --local --name-only --get-regexp ^includeIf\.gitdir:
2026-10-07T14:39:58.1435976Z [command]/usr/bin/git submodule foreach --recursive git config --local --show-origin --name-only --get-regexp remote.origin.url
2026-10-07T14:39:58.1663802Z [command]/usr/bin/git config --local http.https://github.com/.extraheader AUTHORIZATION: basic ***
2026-10-07T14:39:58.1706461Z ##[endgroup]
2026-10-07T14:39:58.1707751Z ##[group]Fetching the repository
2026-10-07T14:39:58.1716751Z [command]/usr/bin/git -c protocol.version=2 fetch --no-tags --prune --no-recurse-submodules --depth=1 origin +f47fc1cac79341e8efac4db1938ad37571500429:refs/remotes/pull/53/merge
2026-10-07T14:40:05.8346861Z From https://github.com/PamelaSprin47685ghall/vibe-fs
2026-10-07T14:40:05.8348325Z  * [new ref]         f47fc1cac79341e8efac4db1938ad37571500429 -> pull/53/merge
2026-10-07T14:40:05.8351536Z ##[endgroup]
2026-10-07T14:40:05.8352635Z ##[group]Determining the checkout info
2026-10-07T14:40:05.8353818Z ##[endgroup]
2026-10-07T14:40:05.8360220Z [command]/usr/bin/git sparse-checkout disable
2026-10-07T14:40:05.8415307Z [command]/usr/bin/git config --local --unset-all extensions.worktreeConfig
2026-10-07T14:40:05.8455686Z ##[group]Checking out the ref
2026-10-07T14:40:05.8459044Z [command]/usr/bin/git checkout --progress --force refs/remotes/pull/53/merge
2026-10-07T14:40:06.6874281Z Note: switching to 'refs/remotes/pull/53/merge'.
2026-10-07T14:40:06.6875052Z 
2026-10-07T14:40:06.6875557Z You are in 'detached HEAD' state. You can look around, make experimental
2026-10-07T14:40:06.6876557Z changes and commit them, and you can discard any commits you make in this
2026-10-07T14:40:06.6877523Z state without impacting any branches by switching back to a branch.
2026-10-07T14:40:06.6878051Z 
2026-10-07T14:40:06.6878790Z If you want to create a new branch to retain commits you create, you may
2026-10-07T14:40:06.6879682Z do so (now or later) by using -c with the switch command. Example:
2026-10-07T14:40:06.6880306Z 
2026-10-07T14:40:06.6880536Z   git switch -c <new-branch-name>
2026-10-07T14:40:06.6880905Z 
2026-10-07T14:40:06.6881423Z Or undo this operation with:
2026-10-07T14:40:06.6881876Z 
2026-10-07T14:40:06.6882077Z   git switch -
2026-10-07T14:40:06.6882360Z 
2026-10-07T14:40:06.6885571Z Turn off this advice by setting config variable advice.detachedHead to false
2026-10-07T14:40:06.6886281Z 
2026-10-07T14:40:06.6886789Z HEAD is now at f47fc1c Merge 76604439122d21f84e8d1b81b6bdca11175ee70a into 48a0bf426a3b3fe43100d44b3253426e5cd5c4fa
2026-10-07T14:40:06.6957184Z ##[endgroup]
2026-10-07T14:40:06.7006417Z [command]/usr/bin/git log -1 --format=%H
2026-10-07T14:40:06.7034329Z f47fc1cac79341e8efac4db1938ad37571500429
