runner: scoped 使用 TESTS_MJS_FILES=3 files
runner: build is current (1796 sources, 883 artifacts)
runner: discovery OVERRIDDEN by TESTS_MJS_FILES (3 file(s))
runner: 3 test file(s), 5000ms verdict-silence window
runner: file lifecycle {"entryFile":"/Users/yuanxi/Workwork/vibe-fs/requirements/sphinx-v2/tests/009.test.mjs","pid":67005,"parentPid":66984,"type":"runner:file-start","elapsedMs":35.88091700000001}
runner: file lifecycle {"entryFile":"/Users/yuanxi/Workwork/vibe-fs/requirements/sphinx-v2/tests/015.test.mjs","pid":67005,"parentPid":66984,"type":"runner:file-start","elapsedMs":36.94387499999999}
runner: file lifecycle {"entryFile":"/Users/yuanxi/Workwork/vibe-fs/requirements/js-semantic-surface/tests/002.test.mjs","pid":67005,"parentPid":66984,"type":"runner:file-start","elapsedMs":38.36095900000004}
[verification-worker-cost] {"version":1,"phase":"pre-import","sequence":0,"entryFile":"/Users/yuanxi/Workwork/vibe-fs/requirements/sphinx-v2/tests/009.test.mjs","pid":67006,"parentPid":67005,"monotonicMs":17.409833,"cpuUserMicros":23073,"cpuSystemMicros":4429}
[verification-worker-cost] {"version":1,"phase":"pre-import","sequence":0,"entryFile":"/Users/yuanxi/Workwork/vibe-fs/requirements/sphinx-v2/tests/015.test.mjs","pid":67007,"parentPid":67005,"monotonicMs":16.027459,"cpuUserMicros":21774,"cpuSystemMicros":3615}
[verification-worker-cost] {"version":1,"phase":"pre-import","sequence":0,"entryFile":"/Users/yuanxi/Workwork/vibe-fs/requirements/js-semantic-surface/tests/002.test.mjs","pid":67008,"parentPid":67005,"monotonicMs":16.380042,"cpuUserMicros":21994,"cpuSystemMicros":3666}
[verification-test-start] {"pid":67008,"parentPid":67005,"entryFile":"/Users/yuanxi/Workwork/vibe-fs/requirements/js-semantic-surface/tests/002.test.mjs","name":"WHAT[js-semantic-surface-002] the current semantic zone passes the implemented boundary gate","fullName":"WHAT[js-semantic-surface-002] the current semantic zone passes the implemented boundary gate"}
[verification-test-start] {"pid":67006,"parentPid":67005,"entryFile":"/Users/yuanxi/Workwork/vibe-fs/requirements/sphinx-v2/tests/009.test.mjs","name":"WHAT[sphinx-v2-009] the original registry binds a shared dependency once before its consumer for either declaration order","fullName":"WHAT[sphinx-v2-009] the original registry binds a shared dependency once before its consumer for either declaration order"}
[verification-test-start] {"pid":67007,"parentPid":67005,"entryFile":"/Users/yuanxi/Workwork/vibe-fs/requirements/sphinx-v2/tests/015.test.mjs","name":"WHAT[sphinx-v2-015] matching declared and executable plugin manifests preserve every locked field","fullName":"WHAT[sphinx-v2-015] matching declared and executable plugin manifests preserve every locked field"}
[verification-test-start] {"pid":67007,"parentPid":67005,"entryFile":"/Users/yuanxi/Workwork/vibe-fs/requirements/sphinx-v2/tests/015.test.mjs","name":"WHAT[sphinx-v2-015] a declared plugin lock refuses different executable id \"different-id\"","fullName":"WHAT[sphinx-v2-015] a declared plugin lock refuses different executable id \"different-id\""}
[verification-test-start] {"pid":67006,"parentPid":67005,"entryFile":"/Users/yuanxi/Workwork/vibe-fs/requirements/sphinx-v2/tests/009.test.mjs","name":"WHAT[sphinx-v2-009] a diamond produces each plugin once and keeps every dependency before its consumer across declaration permutations","fullName":"WHAT[sphinx-v2-009] a diamond produces each plugin once and keeps every dependency before its consumer across declaration permutations"}

✖ failing tests:

test at /Users/yuanxi/Workwork/vibe-fs/requirements/sphinx-v2/tests/009.test.mjs:12:1
✖ WHAT[sphinx-v2-009] the original registry binds a shared dependency once before its consumer for either declaration order (5.843ms)
  AssertionError [ERR_ASSERTION]: Expected values to be strictly deep-equal:
  + actual - expected
  ... Skipped lines
  
    [
      {
        abiHash: 'fixture-abi@2',
        capabilities: [
          'fixture.A'
  ...
        capabilities: [
  +       'fixture.A'
  +     ],
  +     dependencies: [],
  +     id: 'A',
  +     implementationHash: 'implementation-A',
  +     release: 'fixture@2',
  +     schemas: [
  +       {
  +         hash: '408aa8c004f00f61561bad4bf4b37916a52d07fb21d029c245b7f9aba37b7581',
  +         id: 'fixture.response@2',
  +         name: 'response'
  +       }
  +     ]
  +   },
  +   {
  +     abiHash: 'fixture-abi@2',
  +     capabilities: [
          'fixture.B'
        ],
        dependencies: [
          'A'
        ],
  
      at TestContext.<anonymous> (file:///Users/yuanxi/Workwork/vibe-fs/requirements/sphinx-v2/tests/009.test.mjs:16:12)
      at Test.runInAsyncScope (node:async_hooks:214:14)
      at Test.run (node:internal/test_runner/test:1047:25)
      at async startSubtestAfterBootstrap (node:internal/test_runner/harness:296:3)

[verification-test-start] {"pid":67007,"parentPid":67005,"entryFile":"/Users/yuanxi/Workwork/vibe-fs/requirements/sphinx-v2/tests/015.test.mjs","name":"WHAT[sphinx-v2-015] a declared plugin lock refuses different executable release \"different-release@2\"","fullName":"WHAT[sphinx-v2-015] a declared plugin lock refuses different executable release \"different-release@2\""}
test at /Users/yuanxi/Workwork/vibe-fs/requirements/sphinx-v2/tests/015.test.mjs:26:3
✖ WHAT[sphinx-v2-015] a declared plugin lock refuses different executable id "different-id" (0.984ms)
  AssertionError [ERR_ASSERTION]: Expected values to be strictly equal:
  
  true !== false
  
      at TestContext.<anonymous> (file:///Users/yuanxi/Workwork/vibe-fs/requirements/sphinx-v2/tests/015.test.mjs:29:12)
      at Test.runInAsyncScope (node:async_hooks:214:14)
      at Test.run (node:internal/test_runner/test:1047:25)
      at async Test.processPendingSubtests (node:internal/test_runner/test:744:7)

[verification-test-start] {"pid":67007,"parentPid":67005,"entryFile":"/Users/yuanxi/Workwork/vibe-fs/requirements/sphinx-v2/tests/015.test.mjs","name":"WHAT[sphinx-v2-015] a declared plugin lock refuses different executable implementationHash \"different-implementation\"","fullName":"WHAT[sphinx-v2-015] a declared plugin lock refuses different executable implementationHash \"different-implementation\""}
test at /Users/yuanxi/Workwork/vibe-fs/requirements/sphinx-v2/tests/015.test.mjs:26:3
✖ WHAT[sphinx-v2-015] a declared plugin lock refuses different executable release "different-release@2" (1.449ms)
  AssertionError [ERR_ASSERTION]: Expected values to be strictly equal:
  
  true !== false
  
      at TestContext.<anonymous> (file:///Users/yuanxi/Workwork/vibe-fs/requirements/sphinx-v2/tests/015.test.mjs:29:12)
      at Test.runInAsyncScope (node:async_hooks:214:14)
      at Test.run (node:internal/test_runner/test:1047:25)
      at async Test.processPendingSubtests (node:internal/test_runner/test:744:7)

[verification-test-start] {"pid":67006,"parentPid":67005,"entryFile":"/Users/yuanxi/Workwork/vibe-fs/requirements/sphinx-v2/tests/009.test.mjs","name":"WHAT[sphinx-v2-009] independent registry roots stay distinct and deterministic without duplicated dependencies","fullName":"WHAT[sphinx-v2-009] independent registry roots stay distinct and deterministic without duplicated dependencies"}
test at /Users/yuanxi/Workwork/vibe-fs/requirements/sphinx-v2/tests/009.test.mjs:20:1
✖ WHAT[sphinx-v2-009] a diamond produces each plugin once and keeps every dependency before its consumer across declaration permutations (2.526ms)
  AssertionError [ERR_ASSERTION]: Expected values to be strictly deep-equal:
  + actual - expected
  ... Skipped lines
  
    [
      {
        abiHash: 'fixture-abi@2',
        capabilities: [
          'fixture.A'
  ...
        capabilities: [
  +       'fixture.A'
  +     ],
  +     dependencies: [],
  +     id: 'A',
  +     implementationHash: 'implementation-A',
  +     release: 'fixture@2',
  +     schemas: [
  +       {
  +         hash: '408aa8c004f00f61561bad4bf4b37916a52d07fb21d029c245b7f9aba37b7581',
  +         id: 'fixture.response@2',
  +         name: 'response'
  +       }
  +     ]
  +   },
  +   {
  +     abiHash: 'fixture-abi@2',
  +     capabilities: [
          'fixture.B'
        ],
        dependencies: [
          'A'
        ],
  ...
        capabilities: [
  +       'fixture.A'
  +     ],
  +     dependencies: [],
  +     id: 'A',
  +     implementationHash: 'implementation-A',
  +     release: 'fixture@2',
  +     schemas: [
  +       {
  +         hash: '408aa8c004f00f61561bad4bf4b37916a52d07fb21d029c245b7f9aba37b7581',
  +         id: 'fixture.response@2',
  +         name: 'response'
  +       }
  +     ]
  +   },
  +   {
  +     abiHash: 'fixture-abi@2',
  +     capabilities: [
          'fixture.C'
        ],
        dependencies: [
          'A'
        ],
  ...
        capabilities: [
  +       'fixture.A'
  +     ],
  +     dependencies: [],
  +     id: 'A',
  +     implementationHash: 'implementation-A',
  +     release: 'fixture@2',
  +     schemas: [
  +       {
  +         hash: '408aa8c004f00f61561bad4bf4b37916a52d07fb21d029c245b7f9aba37b7581',
  +         id: 'fixture.response@2',
  +         name: 'response'
  +       }
  +     ]
  +   },
  +   {
  +     abiHash: 'fixture-abi@2',
  +     capabilities: [
  +       'fixture.B'
  +     ],
  +     dependencies: [
  +       'A'
  +     ],
  +     id: 'B',
  +     implementationHash: 'implementation-B',
  +     release: 'fixture@2',
  +     schemas: [
  +       {
  +         hash: '3a4d5581c4ed03c86eff2138fc2dd6bf2e50ffb8af9135f87e87806227356026',
  +         id: 'fixture.response@2',
  +         name: 'response'
  +       }
  +     ]
  +   },
  +   {
  +     abiHash: 'fixture-abi@2',
  +     capabilities: [
  +       'fixture.A'
  +     ],
  +     dependencies: [],
  +     id: 'A',
  +     implementationHash: 'implementation-A',
  +     release: 'fixture@2',
  +     schemas: [
  +       {
  +         hash: '408aa8c004f00f61561bad4bf4b37916a52d07fb21d029c245b7f9aba37b7581',
  +         id: 'fixture.response@2',
  +         name: 'response'
  +       }
  +     ]
  +   },
  +   {
  +     abiHash: 'fixture-abi@2',
  +     capabilities: [
  +       'fixture.C'
  +     ],
  +     dependencies: [
  +       'A'
  +     ],
  +     id: 'C',
  +     implementationHash: 'implementation-C',
  +     release: 'fixture@2',
  +     schemas: [
  +       {
  +         hash: '61e61b553f6477e18da19d15770aeb81c40d24d27405e118806e707e36cc391d',
  +         id: 'fixture.response@2',
  +         name: 'response'
  +       }
  +     ]
  +   },
  +   {
  +     abiHash: 'fixture-abi@2',
  +     capabilities: [
          'fixture.D'
        ],
        dependencies: [
          'B',
          'C'
  
      at TestContext.<anonymous> (file:///Users/yuanxi/Workwork/vibe-fs/requirements/sphinx-v2/tests/009.test.mjs:24:12)
      at Test.runInAsyncScope (node:async_hooks:214:14)
      at Test.run (node:internal/test_runner/test:1047:25)
      at async Test.processPendingSubtests (node:internal/test_runner/test:744:7)

[verification-test-start] {"pid":67007,"parentPid":67005,"entryFile":"/Users/yuanxi/Workwork/vibe-fs/requirements/sphinx-v2/tests/015.test.mjs","name":"WHAT[sphinx-v2-015] a declared plugin lock refuses different executable abiHash \"different-abi\"","fullName":"WHAT[sphinx-v2-015] a declared plugin lock refuses different executable abiHash \"different-abi\""}
test at /Users/yuanxi/Workwork/vibe-fs/requirements/sphinx-v2/tests/015.test.mjs:26:3
✖ WHAT[sphinx-v2-015] a declared plugin lock refuses different executable implementationHash "different-implementation" (0.641ms)
  AssertionError [ERR_ASSERTION]: Expected values to be strictly equal:
  
  true !== false
  
      at TestContext.<anonymous> (file:///Users/yuanxi/Workwork/vibe-fs/requirements/sphinx-v2/tests/015.test.mjs:29:12)
      at Test.runInAsyncScope (node:async_hooks:214:14)
      at Test.run (node:internal/test_runner/test:1047:25)
      at async Test.processPendingSubtests (node:internal/test_runner/test:744:7)

[verification-test-start] {"pid":67006,"parentPid":67005,"entryFile":"/Users/yuanxi/Workwork/vibe-fs/requirements/sphinx-v2/tests/009.test.mjs","name":"WHAT[sphinx-v2-009] original missing dependency admission still fails closed","fullName":"WHAT[sphinx-v2-009] original missing dependency admission still fails closed"}
test at /Users/yuanxi/Workwork/vibe-fs/requirements/sphinx-v2/tests/009.test.mjs:34:1
✖ WHAT[sphinx-v2-009] independent registry roots stay distinct and deterministic without duplicated dependencies (1.092ms)
  AssertionError [ERR_ASSERTION]: Expected values to be strictly deep-equal:
  + actual - expected
  ... Skipped lines
  
    [
      {
        abiHash: 'fixture-abi@2',
        capabilities: [
          'fixture.A'
  ...
        capabilities: [
  +       'fixture.A'
  +     ],
  +     dependencies: [],
  +     id: 'A',
  +     implementationHash: 'implementation-A',
  +     release: 'fixture@2',
  +     schemas: [
  +       {
  +         hash: '408aa8c004f00f61561bad4bf4b37916a52d07fb21d029c245b7f9aba37b7581',
  +         id: 'fixture.response@2',
  +         name: 'response'
  +       }
  +     ]
  +   },
  +   {
  +     abiHash: 'fixture-abi@2',
  +     capabilities: [
          'fixture.B'
        ],
        dependencies: [
          'A'
        ],
  
      at TestContext.<anonymous> (file:///Users/yuanxi/Workwork/vibe-fs/requirements/sphinx-v2/tests/009.test.mjs:36:52)
      at Test.runInAsyncScope (node:async_hooks:214:14)
      at Test.run (node:internal/test_runner/test:1047:25)
      at async Test.processPendingSubtests (node:internal/test_runner/test:744:7)

[verification-test-start] {"pid":67007,"parentPid":67005,"entryFile":"/Users/yuanxi/Workwork/vibe-fs/requirements/sphinx-v2/tests/015.test.mjs","name":"WHAT[sphinx-v2-015] a declared plugin lock refuses different executable capabilities [\"different-capability\"]","fullName":"WHAT[sphinx-v2-015] a declared plugin lock refuses different executable capabilities [\"different-capability\"]"}
test at /Users/yuanxi/Workwork/vibe-fs/requirements/sphinx-v2/tests/015.test.mjs:26:3
✖ WHAT[sphinx-v2-015] a declared plugin lock refuses different executable abiHash "different-abi" (1.246ms)
  AssertionError [ERR_ASSERTION]: Expected values to be strictly equal:
  
  true !== false
  
      at TestContext.<anonymous> (file:///Users/yuanxi/Workwork/vibe-fs/requirements/sphinx-v2/tests/015.test.mjs:29:12)
      at Test.runInAsyncScope (node:async_hooks:214:14)
      at Test.run (node:internal/test_runner/test:1047:25)
      at async Test.processPendingSubtests (node:internal/test_runner/test:744:7)

[verification-test-start] {"pid":67007,"parentPid":67005,"entryFile":"/Users/yuanxi/Workwork/vibe-fs/requirements/sphinx-v2/tests/015.test.mjs","name":"WHAT[sphinx-v2-015] a declared plugin lock refuses different executable dependencies [\"different-dependency\"]","fullName":"WHAT[sphinx-v2-015] a declared plugin lock refuses different executable dependencies [\"different-dependency\"]"}
[verification-test-start] {"pid":67006,"parentPid":67005,"entryFile":"/Users/yuanxi/Workwork/vibe-fs/requirements/sphinx-v2/tests/009.test.mjs","name":"WHAT[sphinx-v2-009] original dependency cycle admission still fails closed","fullName":"WHAT[sphinx-v2-009] original dependency cycle admission still fails closed"}
test at /Users/yuanxi/Workwork/vibe-fs/requirements/sphinx-v2/tests/015.test.mjs:26:3
✖ WHAT[sphinx-v2-015] a declared plugin lock refuses different executable capabilities ["different-capability"] (0.791ms)
  AssertionError [ERR_ASSERTION]: Expected values to be strictly equal:
  
  true !== false
  
      at TestContext.<anonymous> (file:///Users/yuanxi/Workwork/vibe-fs/requirements/sphinx-v2/tests/015.test.mjs:29:12)
      at Test.runInAsyncScope (node:async_hooks:214:14)
      at Test.run (node:internal/test_runner/test:1047:25)
      at async Test.processPendingSubtests (node:internal/test_runner/test:744:7)

[verification-test-start] {"pid":67007,"parentPid":67005,"entryFile":"/Users/yuanxi/Workwork/vibe-fs/requirements/sphinx-v2/tests/015.test.mjs","name":"WHAT[sphinx-v2-015] a declared plugin lock refuses different executable schemas [{\"name\":\"response\",\"id\":\"different.response@2\",\"hash\":\"baa82485e07cf8a811d5b72c5776e52ad71fa56795f05c8d1b5d727a5a667c2a\"}]","fullName":"WHAT[sphinx-v2-015] a declared plugin lock refuses different executable schemas [{\"name\":\"response\",\"id\":\"different.response@2\",\"hash\":\"baa82485e07cf8a811d5b72c5776e52ad71fa56795f05c8d1b5d727a5a667c2a\"}]"}
test at /Users/yuanxi/Workwork/vibe-fs/requirements/sphinx-v2/tests/015.test.mjs:26:3
✖ WHAT[sphinx-v2-015] a declared plugin lock refuses different executable dependencies ["different-dependency"] (0.612ms)
  AssertionError [ERR_ASSERTION]: Expected values to be strictly equal:
  
  true !== false
  
      at TestContext.<anonymous> (file:///Users/yuanxi/Workwork/vibe-fs/requirements/sphinx-v2/tests/015.test.mjs:29:12)
      at Test.runInAsyncScope (node:async_hooks:214:14)
      at Test.run (node:internal/test_runner/test:1047:25)
      at async Test.processPendingSubtests (node:internal/test_runner/test:744:7)

[verification-test-start] {"pid":67007,"parentPid":67005,"entryFile":"/Users/yuanxi/Workwork/vibe-fs/requirements/sphinx-v2/tests/015.test.mjs","name":"WHAT[sphinx-v2-015] a declared plugin lock refuses different executable schemas [{\"name\":\"response\",\"id\":\"fixture.response@2\",\"hash\":\"bd7c6e94bd14078ae0e8f4bd00bb27f52e5c0f3a038a65f33e65bfeffa7a24b1\"}]","fullName":"WHAT[sphinx-v2-015] a declared plugin lock refuses different executable schemas [{\"name\":\"response\",\"id\":\"fixture.response@2\",\"hash\":\"bd7c6e94bd14078ae0e8f4bd00bb27f52e5c0f3a038a65f33e65bfeffa7a24b1\"}]"}
[verification-test-start] {"pid":67006,"parentPid":67005,"entryFile":"/Users/yuanxi/Workwork/vibe-fs/requirements/sphinx-v2/tests/009.test.mjs","name":"WHAT[sphinx-v2-009] original multiple releases admission still fails closed","fullName":"WHAT[sphinx-v2-009] original multiple releases admission still fails closed"}
test at /Users/yuanxi/Workwork/vibe-fs/requirements/sphinx-v2/tests/015.test.mjs:26:3
✖ WHAT[sphinx-v2-015] a declared plugin lock refuses different executable schemas [{"name":"response","id":"different.response@2","hash":"baa82485e07cf8a811d5b72c5776e52ad71fa56795f05c8d1b5d727a5a667c2a"}] (0.583ms)
  AssertionError [ERR_ASSERTION]: Expected values to be strictly equal:
  
  true !== false
  
      at TestContext.<anonymous> (file:///Users/yuanxi/Workwork/vibe-fs/requirements/sphinx-v2/tests/015.test.mjs:29:12)
      at Test.runInAsyncScope (node:async_hooks:214:14)
      at Test.run (node:internal/test_runner/test:1047:25)
      at async Test.processPendingSubtests (node:internal/test_runner/test:744:7)

[verification-test-start] {"pid":67007,"parentPid":67005,"entryFile":"/Users/yuanxi/Workwork/vibe-fs/requirements/sphinx-v2/tests/015.test.mjs","name":"WHAT[sphinx-v2-015] a declared plugin lock refuses different executable schemas [{\"name\":\"different-name\",\"id\":\"fixture.response@2\",\"hash\":\"baa82485e07cf8a811d5b72c5776e52ad71fa56795f05c8d1b5d727a5a667c2a\"}]","fullName":"WHAT[sphinx-v2-015] a declared plugin lock refuses different executable schemas [{\"name\":\"different-name\",\"id\":\"fixture.response@2\",\"hash\":\"baa82485e07cf8a811d5b72c5776e52ad71fa56795f05c8d1b5d727a5a667c2a\"}]"}
test at /Users/yuanxi/Workwork/vibe-fs/requirements/sphinx-v2/tests/015.test.mjs:26:3
✖ WHAT[sphinx-v2-015] a declared plugin lock refuses different executable schemas [{"name":"response","id":"fixture.response@2","hash":"bd7c6e94bd14078ae0e8f4bd00bb27f52e5c0f3a038a65f33e65bfeffa7a24b1"}] (0.887ms)
  AssertionError [ERR_ASSERTION]: Expected values to be strictly equal:
  
  true !== false
  
      at TestContext.<anonymous> (file:///Users/yuanxi/Workwork/vibe-fs/requirements/sphinx-v2/tests/015.test.mjs:29:12)
      at Test.runInAsyncScope (node:async_hooks:214:14)
      at Test.run (node:internal/test_runner/test:1047:25)
      at async Test.processPendingSubtests (node:internal/test_runner/test:744:7)

test at /Users/yuanxi/Workwork/vibe-fs/requirements/sphinx-v2/tests/015.test.mjs:26:3
✖ WHAT[sphinx-v2-015] a declared plugin lock refuses different executable schemas [{"name":"different-name","id":"fixture.response@2","hash":"baa82485e07cf8a811d5b72c5776e52ad71fa56795f05c8d1b5d727a5a667c2a"}] (0.651ms)
  AssertionError [ERR_ASSERTION]: Expected values to be strictly equal:
  
  true !== false
  
      at TestContext.<anonymous> (file:///Users/yuanxi/Workwork/vibe-fs/requirements/sphinx-v2/tests/015.test.mjs:29:12)
      at Test.runInAsyncScope (node:async_hooks:214:14)
      at Test.run (node:internal/test_runner/test:1047:25)
      at async Test.processPendingSubtests (node:internal/test_runner/test:744:7)

[verification-worker-cost] {"version":1,"phase":"exit","sequence":1,"entryFile":"/Users/yuanxi/Workwork/vibe-fs/requirements/sphinx-v2/tests/015.test.mjs","pid":67007,"parentPid":67005,"monotonicMs":60.67925,"cpuUserMicros":82059,"cpuSystemMicros":8931,"exitCode":1}
[verification-worker-cost] {"version":1,"phase":"exit","sequence":1,"entryFile":"/Users/yuanxi/Workwork/vibe-fs/requirements/sphinx-v2/tests/009.test.mjs","pid":67006,"parentPid":67005,"monotonicMs":61.633041,"cpuUserMicros":84439,"cpuSystemMicros":9994,"exitCode":1}
runner: file lifecycle {"entryFile":"/Users/yuanxi/Workwork/vibe-fs/requirements/sphinx-v2/tests/009.test.mjs","type":"runner:file-drained","elapsedMs":112.68108400000006}
runner: worker cost {"version":1,"entryFile":"/Users/yuanxi/Workwork/vibe-fs/requirements/sphinx-v2/tests/009.test.mjs","enabled":true,"pid":67006,"status":"complete","reason":null,"preImport":{"version":1,"phase":"pre-import","sequence":0,"entryFile":"/Users/yuanxi/Workwork/vibe-fs/requirements/sphinx-v2/tests/009.test.mjs","pid":67006,"parentPid":67005,"monotonicMs":17.409833,"cpuUserMicros":23073,"cpuSystemMicros":4429},"exit":{"version":1,"phase":"exit","sequence":1,"entryFile":"/Users/yuanxi/Workwork/vibe-fs/requirements/sphinx-v2/tests/009.test.mjs","pid":67006,"parentPid":67005,"monotonicMs":61.633041,"cpuUserMicros":84439,"cpuSystemMicros":9994,"exitCode":1},"interval":{"clockPid":67006,"wallMs":44.223208,"cpuUserMicros":61366,"cpuSystemMicros":5565}}
runner: file lifecycle {"entryFile":"/Users/yuanxi/Workwork/vibe-fs/requirements/sphinx-v2/tests/015.test.mjs","type":"runner:file-drained","elapsedMs":113.17224999999996}
runner: worker cost {"version":1,"entryFile":"/Users/yuanxi/Workwork/vibe-fs/requirements/sphinx-v2/tests/015.test.mjs","enabled":true,"pid":67007,"status":"complete","reason":null,"preImport":{"version":1,"phase":"pre-import","sequence":0,"entryFile":"/Users/yuanxi/Workwork/vibe-fs/requirements/sphinx-v2/tests/015.test.mjs","pid":67007,"parentPid":67005,"monotonicMs":16.027459,"cpuUserMicros":21774,"cpuSystemMicros":3615},"exit":{"version":1,"phase":"exit","sequence":1,"entryFile":"/Users/yuanxi/Workwork/vibe-fs/requirements/sphinx-v2/tests/015.test.mjs","pid":67007,"parentPid":67005,"monotonicMs":60.67925,"cpuUserMicros":82059,"cpuSystemMicros":8931,"exitCode":1},"interval":{"clockPid":67007,"wallMs":44.651791,"cpuUserMicros":60285,"cpuSystemMicros":5316}}
js-boundary-gate: OK — 0 debt line(s) across 0 file(s)
[verification-test-start] {"pid":67008,"parentPid":67005,"entryFile":"/Users/yuanxi/Workwork/vibe-fs/requirements/js-semantic-surface/tests/002.test.mjs","name":"WHAT[js-semantic-surface-002] the same gate accepts a registered public import and rejects an internal module","fullName":"WHAT[js-semantic-surface-002] the same gate accepts a registered public import and rejects an internal module"}
js-boundary-gate: OK — 0 debt line(s) across 0 file(s)
js-boundary-gate: 1 violation(s) across 1 file(s)
  ../../../../var/folders/g_/3ydzn7kx5lg9ylq8fd9p_13r0000gn/T/js-surface-xQM07v/requirements/consumer/tests/support/api.mjs:1 [deep-dist-import] import * as api from '../../../../dist/Internal/Unregistered.js'
[verification-test-start] {"pid":67008,"parentPid":67005,"entryFile":"/Users/yuanxi/Workwork/vibe-fs/requirements/js-semantic-surface/tests/002.test.mjs","name":"WHAT[js-semantic-surface-002] module discovery, generated-name probing and runtime representation access are detected","fullName":"WHAT[js-semantic-surface-002] module discovery, generated-name probing and runtime representation access are detected"}
[verification-test-start] {"pid":67008,"parentPid":67005,"entryFile":"/Users/yuanxi/Workwork/vibe-fs/requirements/js-semantic-surface/tests/002.test.mjs","name":"WHAT[js-semantic-surface-002] a template that chooses an unregistered compiled module is detected","fullName":"WHAT[js-semantic-surface-002] a template that chooses an unregistered compiled module is detected"}
[verification-test-start] {"pid":67008,"parentPid":67005,"entryFile":"/Users/yuanxi/Workwork/vibe-fs/requirements/js-semantic-surface/tests/002.test.mjs","name":"WHAT[js-semantic-surface-002] ordinary data enumeration and standard function binding remain legal","fullName":"WHAT[js-semantic-surface-002] ordinary data enumeration and standard function binding remain legal"}
[verification-test-start] {"pid":67008,"parentPid":67005,"entryFile":"/Users/yuanxi/Workwork/vibe-fs/requirements/js-semantic-surface/tests/002.test.mjs","name":"WHAT[js-semantic-surface-002] native fixture fields and standard object spread are not runtime representation access","fullName":"WHAT[js-semantic-surface-002] native fixture fields and standard object spread are not runtime representation access"}
[verification-test-start] {"pid":67008,"parentPid":67005,"entryFile":"/Users/yuanxi/Workwork/vibe-fs/requirements/js-semantic-surface/tests/002.test.mjs","name":"WHAT[js-semantic-surface-002] accepts plain DTO through the actual gate","fullName":"WHAT[js-semantic-surface-002] native fixture fields and standard object spread are not runtime representation access > WHAT[js-semantic-surface-002] accepts plain DTO through the actual gate"}
js-boundary-gate: OK — 0 debt line(s) across 0 file(s)
[verification-test-start] {"pid":67008,"parentPid":67005,"entryFile":"/Users/yuanxi/Workwork/vibe-fs/requirements/js-semantic-surface/tests/002.test.mjs","name":"WHAT[js-semantic-surface-002] accepts object spread through the actual gate","fullName":"WHAT[js-semantic-surface-002] native fixture fields and standard object spread are not runtime representation access > WHAT[js-semantic-surface-002] accepts object spread through the actual gate"}
js-boundary-gate: OK — 0 debt line(s) across 0 file(s)
[verification-test-start] {"pid":67008,"parentPid":67005,"entryFile":"/Users/yuanxi/Workwork/vibe-fs/requirements/js-semantic-surface/tests/002.test.mjs","name":"WHAT[js-semantic-surface-002] accepts static fixture loop through the actual gate","fullName":"WHAT[js-semantic-surface-002] native fixture fields and standard object spread are not runtime representation access > WHAT[js-semantic-surface-002] accepts static fixture loop through the actual gate"}
js-boundary-gate: OK — 0 debt line(s) across 0 file(s)
[verification-test-start] {"pid":67008,"parentPid":67005,"entryFile":"/Users/yuanxi/Workwork/vibe-fs/requirements/js-semantic-surface/tests/002.test.mjs","name":"WHAT[js-semantic-surface-002] imported runtime and unproved fields receivers remain forbidden","fullName":"WHAT[js-semantic-surface-002] imported runtime and unproved fields receivers remain forbidden"}
js-boundary-gate: 1 violation(s) across 1 file(s)
  ../../../../var/folders/g_/3ydzn7kx5lg9ylq8fd9p_13r0000gn/T/js-surface-c0X0AZ/requirements/consumer/tests/001.test.mjs:3 [du-shape] export const value = api.fields
[verification-test-start] {"pid":67008,"parentPid":67005,"entryFile":"/Users/yuanxi/Workwork/vibe-fs/requirements/js-semantic-surface/tests/002.test.mjs","name":"WHAT[js-semantic-surface-002] rejects imported namespace at the representation boundary","fullName":"WHAT[js-semantic-surface-002] imported runtime and unproved fields receivers remain forbidden > WHAT[js-semantic-surface-002] rejects imported namespace at the representation boundary"}
[verification-test-start] {"pid":67008,"parentPid":67005,"entryFile":"/Users/yuanxi/Workwork/vibe-fs/requirements/js-semantic-surface/tests/002.test.mjs","name":"WHAT[js-semantic-surface-002] rejects imported result at the representation boundary","fullName":"WHAT[js-semantic-surface-002] imported runtime and unproved fields receivers remain forbidden > WHAT[js-semantic-surface-002] rejects imported result at the representation boundary"}
js-boundary-gate: 1 violation(s) across 1 file(s)
  ../../../../var/folders/g_/3ydzn7kx5lg9ylq8fd9p_13r0000gn/T/js-surface-ItL62X/requirements/consumer/tests/001.test.mjs:4 [du-shape] export const value = data.fields
[verification-test-start] {"pid":67008,"parentPid":67005,"entryFile":"/Users/yuanxi/Workwork/vibe-fs/requirements/js-semantic-surface/tests/002.test.mjs","name":"WHAT[js-semantic-surface-002] rejects unknown parameter at the representation boundary","fullName":"WHAT[js-semantic-surface-002] imported runtime and unproved fields receivers remain forbidden > WHAT[js-semantic-surface-002] rejects unknown parameter at the representation boundary"}
js-boundary-gate: 1 violation(s) across 1 file(s)
  ../../../../var/folders/g_/3ydzn7kx5lg9ylq8fd9p_13r0000gn/T/js-surface-x7eJg5/requirements/consumer/tests/001.test.mjs:1 [du-shape] export const read = value => value.fields
[verification-test-start] {"pid":67008,"parentPid":67005,"entryFile":"/Users/yuanxi/Workwork/vibe-fs/requirements/js-semantic-surface/tests/002.test.mjs","name":"WHAT[js-semantic-surface-002] rejects shadowed native name at the representation boundary","fullName":"WHAT[js-semantic-surface-002] imported runtime and unproved fields receivers remain forbidden > WHAT[js-semantic-surface-002] rejects shadowed native name at the representation boundary"}
js-boundary-gate: 1 violation(s) across 1 file(s)
  ../../../../var/folders/g_/3ydzn7kx5lg9ylq8fd9p_13r0000gn/T/js-surface-3ac0pj/requirements/consumer/tests/001.test.mjs:2 [du-shape] export function read(data) { return data.fields }
[verification-test-start] {"pid":67008,"parentPid":67005,"entryFile":"/Users/yuanxi/Workwork/vibe-fs/requirements/js-semantic-surface/tests/002.test.mjs","name":"WHAT[js-semantic-surface-002] rejects mixed fixture array at the representation boundary","fullName":"WHAT[js-semantic-surface-002] imported runtime and unproved fields receivers remain forbidden > WHAT[js-semantic-surface-002] rejects mixed fixture array at the representation boundary"}
js-boundary-gate: 1 violation(s) across 1 file(s)
  ../../../../var/folders/g_/3ydzn7kx5lg9ylq8fd9p_13r0000gn/T/js-surface-FuWQvD/requirements/consumer/tests/001.test.mjs:4 [du-shape] for (const scenario of scenarios) console.log(scenario.fields)
[verification-test-start] {"pid":67008,"parentPid":67005,"entryFile":"/Users/yuanxi/Workwork/vibe-fs/requirements/js-semantic-surface/tests/002.test.mjs","name":"WHAT[js-semantic-surface-002] rejects mutated fixture array at the representation boundary","fullName":"WHAT[js-semantic-surface-002] imported runtime and unproved fields receivers remain forbidden > WHAT[js-semantic-surface-002] rejects mutated fixture array at the representation boundary"}
js-boundary-gate: 1 violation(s) across 1 file(s)
  ../../../../var/folders/g_/3ydzn7kx5lg9ylq8fd9p_13r0000gn/T/js-surface-WX3nym/requirements/consumer/tests/001.test.mjs:5 [du-shape] for (const scenario of scenarios) console.log(scenario.fields)
[verification-test-start] {"pid":67008,"parentPid":67005,"entryFile":"/Users/yuanxi/Workwork/vibe-fs/requirements/js-semantic-surface/tests/002.test.mjs","name":"WHAT[js-semantic-surface-002] rejects aliased runtime insertion at the representation boundary","fullName":"WHAT[js-semantic-surface-002] imported runtime and unproved fields receivers remain forbidden > WHAT[js-semantic-surface-002] rejects aliased runtime insertion at the representation boundary"}
js-boundary-gate: 1 violation(s) across 1 file(s)
  ../../../../var/folders/g_/3ydzn7kx5lg9ylq8fd9p_13r0000gn/T/js-surface-TylSHA/requirements/consumer/tests/001.test.mjs:6 [du-shape] for (const scenario of scenarios) console.log(scenario.fields)
[verification-test-start] {"pid":67008,"parentPid":67005,"entryFile":"/Users/yuanxi/Workwork/vibe-fs/requirements/js-semantic-surface/tests/002.test.mjs","name":"WHAT[js-semantic-surface-002] rejects escaped fixture container at the representation boundary","fullName":"WHAT[js-semantic-surface-002] imported runtime and unproved fields receivers remain forbidden > WHAT[js-semantic-surface-002] rejects escaped fixture container at the representation boundary"}
js-boundary-gate: 1 violation(s) across 1 file(s)
  ../../../../var/folders/g_/3ydzn7kx5lg9ylq8fd9p_13r0000gn/T/js-surface-m5dNBx/requirements/consumer/tests/001.test.mjs:5 [du-shape] for (const scenario of scenarios) console.log(scenario.fields)
[verification-test-start] {"pid":67008,"parentPid":67005,"entryFile":"/Users/yuanxi/Workwork/vibe-fs/requirements/js-semantic-surface/tests/002.test.mjs","name":"WHAT[js-semantic-surface-002] rejects computed runtime access at the representation boundary","fullName":"WHAT[js-semantic-surface-002] imported runtime and unproved fields receivers remain forbidden > WHAT[js-semantic-surface-002] rejects computed runtime access at the representation boundary"}
js-boundary-gate: 1 violation(s) across 1 file(s)
  ../../../../var/folders/g_/3ydzn7kx5lg9ylq8fd9p_13r0000gn/T/js-surface-WAbn0y/requirements/consumer/tests/001.test.mjs:4 [du-shape] export const value = data["fields"]
[verification-worker-cost] {"version":1,"phase":"exit","sequence":1,"entryFile":"/Users/yuanxi/Workwork/vibe-fs/requirements/js-semantic-surface/tests/002.test.mjs","pid":67008,"parentPid":67005,"monotonicMs":1251.297292,"cpuUserMicros":1770570,"cpuSystemMicros":74618,"exitCode":0}
runner: file lifecycle {"entryFile":"/Users/yuanxi/Workwork/vibe-fs/requirements/js-semantic-surface/tests/002.test.mjs","type":"runner:file-drained","elapsedMs":1303.69775}
runner: worker cost {"version":1,"entryFile":"/Users/yuanxi/Workwork/vibe-fs/requirements/js-semantic-surface/tests/002.test.mjs","enabled":true,"pid":67008,"status":"complete","reason":null,"preImport":{"version":1,"phase":"pre-import","sequence":0,"entryFile":"/Users/yuanxi/Workwork/vibe-fs/requirements/js-semantic-surface/tests/002.test.mjs","pid":67008,"parentPid":67005,"monotonicMs":16.380042,"cpuUserMicros":21994,"cpuSystemMicros":3666},"exit":{"version":1,"phase":"exit","sequence":1,"entryFile":"/Users/yuanxi/Workwork/vibe-fs/requirements/js-semantic-surface/tests/002.test.mjs","pid":67008,"parentPid":67005,"monotonicMs":1251.297292,"cpuUserMicros":1770570,"cpuSystemMicros":74618,"exitCode":0},"interval":{"clockPid":67008,"wallMs":1234.91725,"cpuUserMicros":1748576,"cpuSystemMicros":70952}}

[test-summary] 3 file(s), 23 passed, 12 failed (1.27s wall, 1.26s test time)
runner: post-exit group verification/reclamation: pid=67005; elapsedMs=17.160; accepted=true
runner: 35 test(s), 1.3s of test time; max 1197ms, p90 5ms, median 1ms
runner:    1197ms  WHAT[js-semantic-surface-002] the current semantic zone passes the implemented boundary gate
runner:      12ms  WHAT[js-semantic-surface-002] imported runtime and unproved fields receivers remain forbidden
runner:       6ms  WHAT[sphinx-v2-009] the original registry binds a shared dependency once before its consumer for either declaration order
runner:       5ms  WHAT[js-semantic-surface-002] native fixture fields and standard object spread are not runtime representation access
runner:       4ms  WHAT[sphinx-v2-015] matching declared and executable plugin manifests preserve every locked field

runner: 23 passed, 12 failed; 3/3 planned file(s) completed
Error: runner: supervised suite failed (exit 1)
    at fail (file:///Users/yuanxi/Workwork/vibe-fs/requirements/verification-system/tests/e2e/support/supervise-node-test.mjs:228:25)
    at superviseOwnedNodeTest (file:///Users/yuanxi/Workwork/vibe-fs/requirements/verification-system/tests/e2e/support/supervise-node-test.mjs:444:19)
    at process.processTicksAndRejections (node:internal/process/task_queues:103:5)
    at async superviseNodeTest (file:///Users/yuanxi/Workwork/vibe-fs/requirements/verification-system/tests/e2e/support/supervise-node-test.mjs:205:14)
    at async file:///Users/yuanxi/Workwork/vibe-fs/requirements/verification-system/tests/run.mjs:94:1 {
  exitCode: 1,
  [cause]: undefined
}
