TAP version 13
# Subtest: WHAT[delegation-027] root affinity also rejects old Failed without a prepared handoff
ok 1 - WHAT[delegation-027] root affinity also rejects old Failed without a prepared handoff
  ---
  duration_ms: 169.534292
  type: 'test'
  ...
# Subtest: WHAT[delegation-027] root affinity also rejects old Aborted without a prepared handoff
ok 2 - WHAT[delegation-027] root affinity also rejects old Aborted without a prepared handoff
  ---
  duration_ms: 88.110125
  type: 'test'
  ...
# Subtest: WHAT[delegation-027] busy guidance preserves the original work and completion before an idle resume starts new work
ok 3 - WHAT[delegation-027] busy guidance preserves the original work and completion before an idle resume starts new work
  ---
  duration_ms: 185.567584
  type: 'test'
  ...
# Subtest: WHAT[delegation-027] prepared busy guidance for Ada stays bound to the original active work
ok 4 - WHAT[delegation-027] prepared busy guidance for Ada stays bound to the original active work
  ---
  duration_ms: 228.240209
  type: 'test'
  ...
# Subtest: WHAT[delegation-027] prepared busy guidance for Ada stays bound to the original finished work
ok 5 - WHAT[delegation-027] prepared busy guidance for Ada stays bound to the original finished work
  ---
  duration_ms: 192.532084
  type: 'test'
  ...
# Subtest: WHAT[delegation-027] prepared busy guidance for Ada stays bound to the original successor work
ok 6 - WHAT[delegation-027] prepared busy guidance for Ada stays bound to the original successor work
  ---
  duration_ms: 271.265917
  type: 'test'
  ...
# Subtest: WHAT[delegation-027] prepared busy guidance for devops stays bound to the original active work
ok 7 - WHAT[delegation-027] prepared busy guidance for devops stays bound to the original active work
  ---
  duration_ms: 229.079166
  type: 'test'
  ...
# Subtest: WHAT[delegation-027] prepared busy guidance for devops stays bound to the original finished work
ok 8 - WHAT[delegation-027] prepared busy guidance for devops stays bound to the original finished work
  ---
  duration_ms: 189.178459
  type: 'test'
  ...
# Subtest: WHAT[delegation-027] prepared busy guidance for devops stays bound to the original successor work
ok 9 - WHAT[delegation-027] prepared busy guidance for devops stays bound to the original successor work
  ---
  duration_ms: 267.853416
  type: 'test'
  ...
# Subtest: WHAT[delegation-027] installed Host releases Manager Join and appends guidance after the child tool step
ok 10 - WHAT[delegation-027] installed Host releases Manager Join and appends guidance after the child tool step
  ---
  duration_ms: 6077.956166
  type: 'test'
  ...
# Subtest: WHAT[delegation-027] installed Host releases Manager Join and appends guidance after the child final output
ok 11 - WHAT[delegation-027] installed Host releases Manager Join and appends guidance after the child final output
  ---
  duration_ms: 4813.3855
  type: 'test'
  ...
# Subtest: WHAT[host-boundary-033] HumanMessage preserves the old lease until the visible input enters its next provider step
ok 12 - WHAT[host-boundary-033] HumanMessage preserves the old lease until the visible input enters its next provider step
  ---
  duration_ms: 805.319583
  type: 'test'
  ...
# Subtest: WHAT[host-boundary-033] BusyAgentNudge preserves the old lease until the visible input enters its next provider step
ok 13 - WHAT[host-boundary-033] BusyAgentNudge preserves the old lease until the visible input enters its next provider step
  ---
  duration_ms: 450.666041
  type: 'test'
  ...
# Subtest: WHAT[host-boundary-033] a later human input replaces queued demand with no live lease without interrupting the Host
ok 14 - WHAT[host-boundary-033] a later human input replaces queued demand with no live lease without interrupting the Host
  ---
  duration_ms: 248.354166
  type: 'test'
  ...
# Subtest: WHAT[host-boundary-033] P2A_repeated_params_hooks_are_observations_without_durable_evidence
ok 15 - WHAT[host-boundary-033] P2A_repeated_params_hooks_are_observations_without_durable_evidence
  ---
  duration_ms: 0.208958
  type: 'test'
  ...
# Subtest: WHAT[host-boundary-033] P2A_interleaved_messages_do_not_cross_validate
ok 16 - WHAT[host-boundary-033] P2A_interleaved_messages_do_not_cross_validate
  ---
  duration_ms: 0.089167
  type: 'test'
  ...
# Subtest: WHAT[host-boundary-033] P2A_unmanaged_auxiliary_child_is_exempt_not_managed
ok 17 - WHAT[host-boundary-033] P2A_unmanaged_auxiliary_child_is_exempt_not_managed
  ---
  duration_ms: 0.041125
  type: 'test'
  ...
# Subtest: WHAT[host-boundary-033] installed Host preserves streaming and non-join tools until the next human request
ok 18 - WHAT[host-boundary-033] installed Host preserves streaming and non-join tools until the next human request
  ---
  duration_ms: 10309.392209
  type: 'test'
  ...
# Subtest: WHAT[host-boundary-033] one-slot Host preserves streaming and non-join tools until the next human request
ok 19 - WHAT[host-boundary-033] one-slot Host preserves streaming and non-join tools until the next human request
  ---
  duration_ms: 8285.976708
  type: 'test'
  ...
1..19
# tests 19
# suites 0
# pass 19
# fail 0
# cancelled 0
# skipped 0
# todo 0
# duration_ms 20280.710208
