runner: scoped 使用 TESTS_MJS_FILES=1 files
runner: build is current (1803 sources, 885 artifacts)
runner: discovery OVERRIDDEN by TESTS_MJS_FILES (1 file(s))
runner: 1 test file(s), 5000ms verdict-silence window
runner: file lifecycle {"entryFile":"/Users/yuanxi/Workwork/vibe-fs/requirements/delegation/tests/027.test.mjs","pid":11659,"parentPid":11609,"type":"runner:file-start","elapsedMs":37.708500000000015}
[verification-worker-cost] {"version":1,"phase":"pre-import","sequence":0,"entryFile":"/Users/yuanxi/Workwork/vibe-fs/requirements/delegation/tests/027.test.mjs","pid":11660,"parentPid":11659,"monotonicMs":18.9995,"cpuUserMicros":24348,"cpuSystemMicros":4746}
[verification-test-start] {"pid":11660,"parentPid":11659,"entryFile":"/Users/yuanxi/Workwork/vibe-fs/requirements/delegation/tests/027.test.mjs","name":"WHAT[delegation-027] root affinity also rejects old Failed without a prepared handoff","fullName":"WHAT[delegation-027] root affinity also rejects old Failed without a prepared handoff"}
[verification-test-start] {"pid":11660,"parentPid":11659,"entryFile":"/Users/yuanxi/Workwork/vibe-fs/requirements/delegation/tests/027.test.mjs","name":"WHAT[delegation-027] root affinity also rejects old Aborted without a prepared handoff","fullName":"WHAT[delegation-027] root affinity also rejects old Aborted without a prepared handoff"}
[verification-test-start] {"pid":11660,"parentPid":11659,"entryFile":"/Users/yuanxi/Workwork/vibe-fs/requirements/delegation/tests/027.test.mjs","name":"WHAT[delegation-027] busy guidance preserves the original work and completion before an idle resume starts new work","fullName":"WHAT[delegation-027] busy guidance preserves the original work and completion before an idle resume starts new work"}
[verification-test-start] {"pid":11660,"parentPid":11659,"entryFile":"/Users/yuanxi/Workwork/vibe-fs/requirements/delegation/tests/027.test.mjs","name":"WHAT[delegation-027] prepared busy guidance for Ada stays bound to the original active work","fullName":"WHAT[delegation-027] prepared busy guidance for Ada stays bound to the original active work"}

✖ failing tests:

test at /Users/yuanxi/Workwork/vibe-fs/requirements/delegation/tests/027.test.mjs:70:3
✖ WHAT[delegation-027] prepared busy guidance for Ada stays bound to the original active work (152.050ms)
  'Promise resolution is still pending but the event loop has already resolved'

test at /Users/yuanxi/Workwork/vibe-fs/requirements/delegation/tests/027.test.mjs:70:3
✖ WHAT[delegation-027] prepared busy guidance for Ada stays bound to the original finished work (0.000ms)
  'Promise resolution is still pending but the event loop has already resolved'

test at /Users/yuanxi/Workwork/vibe-fs/requirements/delegation/tests/027.test.mjs:70:3
✖ WHAT[delegation-027] prepared busy guidance for Ada stays bound to the original successor work (0.000ms)
  'Promise resolution is still pending but the event loop has already resolved'

test at /Users/yuanxi/Workwork/vibe-fs/requirements/delegation/tests/027.test.mjs:70:3
✖ WHAT[delegation-027] prepared busy guidance for devops stays bound to the original active work (0.000ms)
  'Promise resolution is still pending but the event loop has already resolved'

test at /Users/yuanxi/Workwork/vibe-fs/requirements/delegation/tests/027.test.mjs:70:3
✖ WHAT[delegation-027] prepared busy guidance for devops stays bound to the original finished work (0.000ms)
  'Promise resolution is still pending but the event loop has already resolved'

test at /Users/yuanxi/Workwork/vibe-fs/requirements/delegation/tests/027.test.mjs:70:3
✖ WHAT[delegation-027] prepared busy guidance for devops stays bound to the original successor work (0.000ms)
  'Promise resolution is still pending but the event loop has already resolved'

[verification-worker-cost] {"version":1,"phase":"exit","sequence":1,"entryFile":"/Users/yuanxi/Workwork/vibe-fs/requirements/delegation/tests/027.test.mjs","pid":11660,"parentPid":11659,"monotonicMs":801.568125,"cpuUserMicros":834694,"cpuSystemMicros":106436,"exitCode":1}
runner: file lifecycle {"entryFile":"/Users/yuanxi/Workwork/vibe-fs/requirements/delegation/tests/027.test.mjs","type":"runner:file-drained","elapsedMs":855.9169159999999}

[test-summary] 1 file(s), 3 passed, 6 failed, 2 skipped (0.82s wall, 0.63s test time)
  skip: /Users/yuanxi/Workwork/vibe-fs/requirements/delegation/tests/027.test.mjs:WHAT[delegation-027] installed Host releases Manager Join and appends guidance after the child tool step — integration tier not enabled
  skip: /Users/yuanxi/Workwork/vibe-fs/requirements/delegation/tests/027.test.mjs:WHAT[delegation-027] installed Host releases Manager Join and appends guidance after the child final output — integration tier not enabled
runner: worker cost {"version":1,"entryFile":"/Users/yuanxi/Workwork/vibe-fs/requirements/delegation/tests/027.test.mjs","enabled":true,"pid":11660,"status":"complete","reason":null,"preImport":{"version":1,"phase":"pre-import","sequence":0,"entryFile":"/Users/yuanxi/Workwork/vibe-fs/requirements/delegation/tests/027.test.mjs","pid":11660,"parentPid":11659,"monotonicMs":18.9995,"cpuUserMicros":24348,"cpuSystemMicros":4746},"exit":{"version":1,"phase":"exit","sequence":1,"entryFile":"/Users/yuanxi/Workwork/vibe-fs/requirements/delegation/tests/027.test.mjs","pid":11660,"parentPid":11659,"monotonicMs":801.568125,"cpuUserMicros":834694,"cpuSystemMicros":106436,"exitCode":1},"interval":{"clockPid":11660,"wallMs":782.568625,"cpuUserMicros":810346,"cpuSystemMicros":101690}}
runner: post-exit group verification/reclamation: pid=11659; elapsedMs=18.809; accepted=true
runner: 11 test(s), 0.6s of test time; max 198ms, p90 190ms, median 0ms

runner: 3 passed, 6 failed; 1/1 planned file(s) completed
Error: runner: supervised suite failed (exit 1)
    at fail (file:///Users/yuanxi/Workwork/vibe-fs/requirements/verification-system/tests/e2e/support/supervise-node-test.mjs:258:25)
    at superviseOwnedNodeTest (file:///Users/yuanxi/Workwork/vibe-fs/requirements/verification-system/tests/e2e/support/supervise-node-test.mjs:486:19)
    at process.processTicksAndRejections (node:internal/process/task_queues:103:5)
    at async superviseNodeTest (file:///Users/yuanxi/Workwork/vibe-fs/requirements/verification-system/tests/e2e/support/supervise-node-test.mjs:235:14)
    at async file:///Users/yuanxi/Workwork/vibe-fs/requirements/verification-system/tests/run.mjs:94:1 {
  exitCode: 1,
  [cause]: undefined
}
