TAP version 13
# Subtest: WHAT[verification-system-006] a complete passing native ledger rejects and reclaims its actual same-group residue while preserving a foreign group
not ok 1 - WHAT[verification-system-006] a complete passing native ledger rejects and reclaims its actual same-group residue while preserving a foreign group
  ---
  duration_ms: 371.935416
  type: 'test'
  location: '/Users/yuanxi/Workwork/vibe-fs/requirements/verification-system/tests/support/normal-exit-residual-tests.mjs:11:3'
  failureType: 'testCodeFailure'
  error: |-
    The input did not match the regular expression /supervised suite failed \(exit 1\)/. Input:
    
    'A normally drained ledger concealed an actual surviving group member'
    
  code: 'ERR_ASSERTION'
  name: 'AssertionError'
  expected:
  actual: 'A normally drained ledger concealed an actual surviving group member'
  operator: 'match'
  stack: |-
    TestContext.<anonymous> (file:///Users/yuanxi/Workwork/vibe-fs/requirements/verification-system/tests/support/normal-exit-residual-tests.mjs:49:14)
    process.processTicksAndRejections (node:internal/process/task_queues:103:5)
    async Test.run (node:internal/test_runner/test:1054:7)
    async startSubtestAfterBootstrap (node:internal/test_runner/harness:296:3)
  ...
1..1
# tests 1
# suites 0
# pass 0
# fail 1
# cancelled 0
# skipped 0
# todo 0
# duration_ms 585.010417
