runner: scoped 使用 TESTS_MJS_FILES=6 files
runner: build is current (1815 sources, 891 artifacts)
runner: discovery OVERRIDDEN by TESTS_MJS_FILES (6 file(s))
runner: 6 test file(s), 5000ms verdict-silence window
runner: file lifecycle {"entryFile":"/Users/yuanxi/Workwork/vibe-fs/requirements/verification-system/tests/005.test.mjs","pid":53140,"parentPid":53028,"type":"runner:file-start","elapsedMs":33.71470799999997}
runner: file lifecycle {"entryFile":"/Users/yuanxi/Workwork/vibe-fs/requirements/verification-system/tests/006.test.mjs","pid":53140,"parentPid":53028,"type":"runner:file-start","elapsedMs":35.072250000000054}
runner: file lifecycle {"entryFile":"/Users/yuanxi/Workwork/vibe-fs/requirements/verification-system/tests/008.test.mjs","pid":53140,"parentPid":53028,"type":"runner:file-start","elapsedMs":36.51520800000003}
runner: file lifecycle {"entryFile":"/Users/yuanxi/Workwork/vibe-fs/requirements/verification-system/tests/021.test.mjs","pid":53140,"parentPid":53028,"type":"runner:file-start","elapsedMs":37.102750000000015}
runner: file lifecycle {"entryFile":"/Users/yuanxi/Workwork/vibe-fs/requirements/js-semantic-surface/tests/002.test.mjs","pid":53140,"parentPid":53028,"type":"runner:file-start","elapsedMs":38.299125000000004}
runner: file lifecycle {"entryFile":"/Users/yuanxi/Workwork/vibe-fs/requirements/requirement-system/tests/017.test.mjs","pid":53140,"parentPid":53028,"type":"runner:file-start","elapsedMs":38.77579100000003}
[verification-worker-cost] {"version":1,"phase":"pre-import","sequence":0,"entryFile":"/Users/yuanxi/Workwork/vibe-fs/requirements/verification-system/tests/006.test.mjs","pid":53142,"parentPid":53140,"monotonicMs":21.592834,"cpuUserMicros":25907,"cpuSystemMicros":5224}
[verification-worker-cost] {"version":1,"phase":"pre-import","sequence":0,"entryFile":"/Users/yuanxi/Workwork/vibe-fs/requirements/js-semantic-surface/tests/002.test.mjs","pid":53145,"parentPid":53140,"monotonicMs":19.145625,"cpuUserMicros":23672,"cpuSystemMicros":4900}
[verification-worker-cost] {"version":1,"phase":"pre-import","sequence":0,"entryFile":"/Users/yuanxi/Workwork/vibe-fs/requirements/requirement-system/tests/017.test.mjs","pid":53146,"parentPid":53140,"monotonicMs":19.133625,"cpuUserMicros":24714,"cpuSystemMicros":4779}
[verification-worker-cost] {"version":1,"phase":"pre-import","sequence":0,"entryFile":"/Users/yuanxi/Workwork/vibe-fs/requirements/verification-system/tests/008.test.mjs","pid":53143,"parentPid":53140,"monotonicMs":19.484917,"cpuUserMicros":27031,"cpuSystemMicros":5446}
[verification-worker-cost] {"version":1,"phase":"pre-import","sequence":0,"entryFile":"/Users/yuanxi/Workwork/vibe-fs/requirements/verification-system/tests/005.test.mjs","pid":53141,"parentPid":53140,"monotonicMs":25.519292,"cpuUserMicros":30654,"cpuSystemMicros":5910}
[verification-worker-cost] {"version":1,"phase":"pre-import","sequence":0,"entryFile":"/Users/yuanxi/Workwork/vibe-fs/requirements/verification-system/tests/021.test.mjs","pid":53144,"parentPid":53140,"monotonicMs":23.8235,"cpuUserMicros":27308,"cpuSystemMicros":6032}
[verification-test-start] {"pid":53141,"parentPid":53140,"entryFile":"/Users/yuanxi/Workwork/vibe-fs/requirements/verification-system/tests/005.test.mjs","name":"WHAT[verification-system-005] unused plugin fixtures defer production entry failures until activation","fullName":"WHAT[verification-system-005] unused plugin fixtures defer production entry failures until activation"}
[verification-test-start] {"pid":53146,"parentPid":53140,"entryFile":"/Users/yuanxi/Workwork/vibe-fs/requirements/requirement-system/tests/017.test.mjs","name":"WHAT[requirement-system-017] the executable verifier scans the complete requirements tree","fullName":"WHAT[requirement-system-017] the executable verifier scans the complete requirements tree"}
[verification-test-start] {"pid":53145,"parentPid":53140,"entryFile":"/Users/yuanxi/Workwork/vibe-fs/requirements/js-semantic-surface/tests/002.test.mjs","name":"WHAT[js-semantic-surface-002] the current semantic zone passes the implemented boundary gate","fullName":"WHAT[js-semantic-surface-002] the current semantic zone passes the implemented boundary gate"}
[verification-test-start] {"pid":53144,"parentPid":53140,"entryFile":"/Users/yuanxi/Workwork/vibe-fs/requirements/verification-system/tests/021.test.mjs","name":"WHAT[verification-system-021] compact and verbose reports preserve outcomes and visible exclusions","fullName":"WHAT[verification-system-021] compact and verbose reports preserve outcomes and visible exclusions"}
[verification-test-start] {"pid":53144,"parentPid":53140,"entryFile":"/Users/yuanxi/Workwork/vibe-fs/requirements/verification-system/tests/021.test.mjs","name":"WHAT[verification-system-021] an actual failure retains its detailed cause when later work prevents the file from draining","fullName":"WHAT[verification-system-021] an actual failure retains its detailed cause when later work prevents the file from draining"}
[verification-test-start] {"pid":53141,"parentPid":53140,"entryFile":"/Users/yuanxi/Workwork/vibe-fs/requirements/verification-system/tests/005.test.mjs","name":"WHAT[verification-system-005] import does not activate the rejected plugin entry","fullName":"WHAT[verification-system-005] unused plugin fixtures defer production entry failures until activation > WHAT[verification-system-005] import does not activate the rejected plugin entry"}
[verification-test-start] {"pid":53143,"parentPid":53140,"entryFile":"/Users/yuanxi/Workwork/vibe-fs/requirements/verification-system/tests/008.test.mjs","name":"WHAT[verification-system-008] assertBuildFresh succeeds on current repository build","fullName":"WHAT[verification-system-008] assertBuildFresh succeeds on current repository build"}
[verification-test-start] {"pid":53142,"parentPid":53140,"entryFile":"/Users/yuanxi/Workwork/vibe-fs/requirements/verification-system/tests/006.test.mjs","name":"WHAT[verification-system-006] silence termination reclaims an actual detached tool and its descendant while preserving the caller's foreign group","fullName":"WHAT[verification-system-006] silence termination reclaims an actual detached tool and its descendant while preserving the caller's foreign group"}
[verification-test-start] {"pid":53141,"parentPid":53140,"entryFile":"/Users/yuanxi/Workwork/vibe-fs/requirements/verification-system/tests/005.test.mjs","name":"WHAT[verification-system-005] skip does not activate the rejected plugin entry","fullName":"WHAT[verification-system-005] unused plugin fixtures defer production entry failures until activation > WHAT[verification-system-005] skip does not activate the rejected plugin entry"}
[verification-test-start] {"pid":53143,"parentPid":53140,"entryFile":"/Users/yuanxi/Workwork/vibe-fs/requirements/verification-system/tests/008.test.mjs","name":"WHAT[verification-system-008] no-op mode preserves manifest and generation","fullName":"WHAT[verification-system-008] no-op mode preserves manifest and generation"}
[verification-test-start] {"pid":53143,"parentPid":53140,"entryFile":"/Users/yuanxi/Workwork/vibe-fs/requirements/verification-system/tests/008.test.mjs","name":"WHAT[verification-system-008] manifest corruption causes assertBuildFresh to throw with code","fullName":"WHAT[verification-system-008] manifest corruption causes assertBuildFresh to throw with code"}
[verification-test-start] {"pid":53143,"parentPid":53140,"entryFile":"/Users/yuanxi/Workwork/vibe-fs/requirements/verification-system/tests/008.test.mjs","name":"WHAT[verification-system-008] missing or stale output entry causes assertBuildFresh to throw","fullName":"WHAT[verification-system-008] missing or stale output entry causes assertBuildFresh to throw"}
[verification-test-start] {"pid":53143,"parentPid":53140,"entryFile":"/Users/yuanxi/Workwork/vibe-fs/requirements/verification-system/tests/008.test.mjs","name":"WHAT[verification-system-008] changed .fs with unchanged .fsi triggers reverse-consumer recompile","fullName":"WHAT[verification-system-008] changed .fs with unchanged .fsi triggers reverse-consumer recompile"}
[verification-test-start] {"pid":53143,"parentPid":53140,"entryFile":"/Users/yuanxi/Workwork/vibe-fs/requirements/verification-system/tests/008.test.mjs","name":"WHAT[verification-system-008] untracked new production source fails compile-shard inventory","fullName":"WHAT[verification-system-008] untracked new production source fails compile-shard inventory"}
[verification-test-start] {"pid":53143,"parentPid":53140,"entryFile":"/Users/yuanxi/Workwork/vibe-fs/requirements/verification-system/tests/008.test.mjs","name":"WHAT[verification-system-008] release output reset physically removes stale artifacts","fullName":"WHAT[verification-system-008] release output reset physically removes stale artifacts"}
[verification-test-start] {"pid":53143,"parentPid":53140,"entryFile":"/Users/yuanxi/Workwork/vibe-fs/requirements/verification-system/tests/008.test.mjs","name":"WHAT[verification-system-008] emitted dist modules pass linkage and dynamic loadability gate","fullName":"WHAT[verification-system-008] emitted dist modules pass linkage and dynamic loadability gate"}
[verification-test-start] {"pid":53146,"parentPid":53140,"entryFile":"/Users/yuanxi/Workwork/vibe-fs/requirements/requirement-system/tests/017.test.mjs","name":"WHAT[requirement-system-017] a deleted clause reports its surviving test, including nested files","fullName":"WHAT[requirement-system-017] a deleted clause reports its surviving test, including nested files"}
[verification-worker-cost] {"version":1,"phase":"exit","sequence":1,"entryFile":"/Users/yuanxi/Workwork/vibe-fs/requirements/requirement-system/tests/017.test.mjs","pid":53146,"parentPid":53140,"monotonicMs":865.521042,"cpuUserMicros":1225986,"cpuSystemMicros":80288,"exitCode":0}
runner: file lifecycle {"entryFile":"/Users/yuanxi/Workwork/vibe-fs/requirements/requirement-system/tests/017.test.mjs","type":"runner:file-drained","elapsedMs":924.4507910000001}
runner: worker cost {"version":1,"entryFile":"/Users/yuanxi/Workwork/vibe-fs/requirements/requirement-system/tests/017.test.mjs","enabled":true,"pid":53146,"status":"complete","reason":null,"preImport":{"version":1,"phase":"pre-import","sequence":0,"entryFile":"/Users/yuanxi/Workwork/vibe-fs/requirements/requirement-system/tests/017.test.mjs","pid":53146,"parentPid":53140,"monotonicMs":19.133625,"cpuUserMicros":24714,"cpuSystemMicros":4779},"exit":{"version":1,"phase":"exit","sequence":1,"entryFile":"/Users/yuanxi/Workwork/vibe-fs/requirements/requirement-system/tests/017.test.mjs","pid":53146,"parentPid":53140,"monotonicMs":865.521042,"cpuUserMicros":1225986,"cpuSystemMicros":80288,"exitCode":0},"interval":{"clockPid":53146,"wallMs":846.3874169999999,"cpuUserMicros":1201272,"cpuSystemMicros":75509}}
[verification-test-start] {"pid":53144,"parentPid":53140,"entryFile":"/Users/yuanxi/Workwork/vibe-fs/requirements/verification-system/tests/021.test.mjs","name":"WHAT[verification-system-021] immediate failure details print each verdict once without collapsing distinct verdicts that share an Error","fullName":"WHAT[verification-system-021] immediate failure details print each verdict once without collapsing distinct verdicts that share an Error"}
[verification-test-start] {"pid":53144,"parentPid":53140,"entryFile":"/Users/yuanxi/Workwork/vibe-fs/requirements/verification-system/tests/021.test.mjs","name":"WHAT[verification-system-021] cancelled and TODO failures are not ordinary assertion verdicts","fullName":"WHAT[verification-system-021] cancelled and TODO failures are not ordinary assertion verdicts"}
[verification-test-start] {"pid":53144,"parentPid":53140,"entryFile":"/Users/yuanxi/Workwork/vibe-fs/requirements/verification-system/tests/021.test.mjs","name":"WHAT[verification-system-021] conflicting final results cannot erase a previous failure","fullName":"WHAT[verification-system-021] conflicting final results cannot erase a previous failure"}
[verification-test-start] {"pid":53144,"parentPid":53140,"entryFile":"/Users/yuanxi/Workwork/vibe-fs/requirements/verification-system/tests/021.test.mjs","name":"WHAT[verification-system-021] equal names in different files or distinct subtests do not collapse","fullName":"WHAT[verification-system-021] equal names in different files or distinct subtests do not collapse"}
[verification-test-start] {"pid":53144,"parentPid":53140,"entryFile":"/Users/yuanxi/Workwork/vibe-fs/requirements/verification-system/tests/021.test.mjs","name":"WHAT[verification-system-021] a failing suite preserves its container failure without double counting leaves","fullName":"WHAT[verification-system-021] a failing suite preserves its container failure without double counting leaves"}
[verification-test-start] {"pid":53144,"parentPid":53140,"entryFile":"/Users/yuanxi/Workwork/vibe-fs/requirements/verification-system/tests/021.test.mjs","name":"WHAT[verification-system-021] shared registration sources retain each entry ownership and repeated container verdicts count once","fullName":"WHAT[verification-system-021] shared registration sources retain each entry ownership and repeated container verdicts count once"}
[verification-test-start] {"pid":53144,"parentPid":53140,"entryFile":"/Users/yuanxi/Workwork/vibe-fs/requirements/verification-system/tests/021.test.mjs","name":"WHAT[verification-system-021] the real concurrent runner keeps shared helper tests under their own entry files","fullName":"WHAT[verification-system-021] the real concurrent runner keeps shared helper tests under their own entry files"}
[verification-test-start] {"pid":53141,"parentPid":53140,"entryFile":"/Users/yuanxi/Workwork/vibe-fs/requirements/verification-system/tests/005.test.mjs","name":"WHAT[verification-system-005] activating the fixture still loads and creates the real plugin","fullName":"WHAT[verification-system-005] activating the fixture still loads and creates the real plugin"}
[verification-test-start] {"pid":53144,"parentPid":53140,"entryFile":"/Users/yuanxi/Workwork/vibe-fs/requirements/verification-system/tests/021.test.mjs","name":"WHAT[verification-system-021] a leaf completion cannot stand for completion of its file","fullName":"WHAT[verification-system-021] a leaf completion cannot stand for completion of its file"}
[verification-test-start] {"pid":53144,"parentPid":53140,"entryFile":"/Users/yuanxi/Workwork/vibe-fs/requirements/verification-system/tests/021.test.mjs","name":"WHAT[verification-system-021] stream error and clean end have distinct completion evidence","fullName":"WHAT[verification-system-021] stream error and clean end have distinct completion evidence"}
[verification-test-start] {"pid":53144,"parentPid":53140,"entryFile":"/Users/yuanxi/Workwork/vibe-fs/requirements/verification-system/tests/021.test.mjs","name":"WHAT[verification-system-021] a real inner runner completes all leaves before file completion and summary","fullName":"WHAT[verification-system-021] a real inner runner completes all leaves before file completion and summary"}
[verification-test-start] {"pid":53144,"parentPid":53140,"entryFile":"/Users/yuanxi/Workwork/vibe-fs/requirements/verification-system/tests/021.test.mjs","name":"WHAT[verification-system-021] summary and clean exit cannot disguise missing file completion","fullName":"WHAT[verification-system-021] summary and clean exit cannot disguise missing file completion"}
runner: 1 test file(s), 10000ms verdict-silence window
runner: file lifecycle {"entryFile":"/Users/yuanxi/Workwork/vibe-fs/requirements/verification-system/tests/support/fixtures/two-leaf.fixture.mjs","type":"runner:file-start","elapsedMs":39.71620900000016}
runner: file lifecycle {"entryFile":"/Users/yuanxi/Workwork/vibe-fs/requirements/verification-system/tests/support/fixtures/two-leaf.fixture.mjs","type":"runner:file-drained","elapsedMs":39.84575000000018}
runner: worker cost {"version":1,"entryFile":"/Users/yuanxi/Workwork/vibe-fs/requirements/verification-system/tests/support/fixtures/two-leaf.fixture.mjs","enabled":true,"pid":null,"preImport":null,"exit":null,"interval":null,"status":"missing","reason":"Worker cost snapshot not received"}
runner: post-exit group verification/reclamation: pid=53403; elapsedMs=28.086; accepted=true

runner: 1 passed, 0 failed; 0/1 planned file(s) completed
runner: incomplete run; no completion for /Users/yuanxi/Workwork/vibe-fs/requirements/verification-system/tests/support/fixtures/two-leaf.fixture.mjs
[verification-test-start] {"pid":53144,"parentPid":53140,"entryFile":"/Users/yuanxi/Workwork/vibe-fs/requirements/verification-system/tests/021.test.mjs","name":"WHAT[verification-system-021] aggregate drain cannot replace a planned file stream drain","fullName":"WHAT[verification-system-021] aggregate drain cannot replace a planned file stream drain"}
runner: 1 test file(s), 1000ms verdict-silence window
runner: file lifecycle {"entryFile":"/Users/yuanxi/Workwork/vibe-fs/requirements/verification-system/tests/support/fixtures/two-leaf.fixture.mjs","type":"runner:file-start","elapsedMs":31.8314170000001}
runner: post-exit group verification/reclamation: pid=53449; elapsedMs=25.164; accepted=true

runner: 1 passed, 0 failed; 1/1 planned file(s) completed
runner: incomplete run; not every planned file stream drained
[verification-test-start] {"pid":53144,"parentPid":53140,"entryFile":"/Users/yuanxi/Workwork/vibe-fs/requirements/verification-system/tests/021.test.mjs","name":"WHAT[verification-system-021] a clean child exit without authoritative summary is inconclusive","fullName":"WHAT[verification-system-021] a clean child exit without authoritative summary is inconclusive"}
runner: 1 test file(s), 10000ms verdict-silence window
[verification-test-start] {"pid":53142,"parentPid":53140,"entryFile":"/Users/yuanxi/Workwork/vibe-fs/requirements/verification-system/tests/006.test.mjs","name":"WHAT[verification-system-006] native initial inspection failure preserves its cause and drains actual frozen descendants before rejection","fullName":"WHAT[verification-system-006] native initial inspection failure preserves its cause and drains actual frozen descendants before rejection"}
TAP version 13
# Subtest: leaf one
ok 1 - leaf one
  ---
  duration_ms: 0.394375
  type: 'test'
  ...
# Subtest: leaf two
ok 2 - leaf two
  ---
  duration_ms: 0.060375
  type: 'test'
  ...
1..2
# tests 2
# suites 0
# pass 2
# fail 0
# cancelled 0
# skipped 0
# todo 0
# duration_ms 5.381333
runner: post-exit group verification/reclamation: pid=53484; elapsedMs=27.360; accepted=true
runner: inner runner failed to provide authoritative summary

runner: verdict counts unavailable; no authoritative summary; 0/1 planned file(s) completed
[verification-test-start] {"pid":53144,"parentPid":53140,"entryFile":"/Users/yuanxi/Workwork/vibe-fs/requirements/verification-system/tests/021.test.mjs","name":"WHAT[verification-system-021] a tier exclusion identifies the missing execution tier","fullName":"WHAT[verification-system-021] a tier exclusion identifies the missing execution tier"}
[verification-test-start] {"pid":53144,"parentPid":53140,"entryFile":"/Users/yuanxi/Workwork/vibe-fs/requirements/verification-system/tests/021.test.mjs","name":"WHAT[verification-system-021] a known TODO cannot authorize complete acceptance","fullName":"WHAT[verification-system-021] a known TODO cannot authorize complete acceptance"}
runner: 1 test file(s), 10000ms verdict-silence window
runner: file lifecycle {"entryFile":"/Users/yuanxi/Workwork/vibe-fs/requirements/verification-system/tests/support/fixtures/two-leaf.fixture.mjs","type":"runner:file-start","elapsedMs":31.08683300000007}
runner: file lifecycle {"entryFile":"/Users/yuanxi/Workwork/vibe-fs/requirements/verification-system/tests/support/fixtures/two-leaf.fixture.mjs","type":"runner:file-drained","elapsedMs":31.48029100000008}
runner: worker cost {"version":1,"entryFile":"/Users/yuanxi/Workwork/vibe-fs/requirements/verification-system/tests/support/fixtures/two-leaf.fixture.mjs","enabled":true,"pid":null,"preImport":null,"exit":null,"interval":null,"status":"missing","reason":"Worker cost snapshot not received"}
js-boundary-gate: OK — 0 debt line(s) across 0 file(s)
[verification-test-start] {"pid":53145,"parentPid":53140,"entryFile":"/Users/yuanxi/Workwork/vibe-fs/requirements/js-semantic-surface/tests/002.test.mjs","name":"WHAT[js-semantic-surface-002] the same gate accepts a registered public import and rejects an internal module","fullName":"WHAT[js-semantic-surface-002] the same gate accepts a registered public import and rejects an internal module"}
js-boundary-gate: OK — 0 debt line(s) across 0 file(s)
js-boundary-gate: 1 violation(s) across 1 file(s)
  ../../../../var/folders/g_/3ydzn7kx5lg9ylq8fd9p_13r0000gn/T/js-surface-VrcwDi/requirements/consumer/tests/support/api.mjs:1 [deep-dist-import] import * as api from '../../../../dist/Internal/Unregistered.js'
[verification-test-start] {"pid":53145,"parentPid":53140,"entryFile":"/Users/yuanxi/Workwork/vibe-fs/requirements/js-semantic-surface/tests/002.test.mjs","name":"WHAT[js-semantic-surface-002] module discovery, generated-name probing and runtime representation access are detected","fullName":"WHAT[js-semantic-surface-002] module discovery, generated-name probing and runtime representation access are detected"}
[verification-test-start] {"pid":53145,"parentPid":53140,"entryFile":"/Users/yuanxi/Workwork/vibe-fs/requirements/js-semantic-surface/tests/002.test.mjs","name":"WHAT[js-semantic-surface-002] a template that chooses an unregistered compiled module is detected","fullName":"WHAT[js-semantic-surface-002] a template that chooses an unregistered compiled module is detected"}
[verification-test-start] {"pid":53145,"parentPid":53140,"entryFile":"/Users/yuanxi/Workwork/vibe-fs/requirements/js-semantic-surface/tests/002.test.mjs","name":"WHAT[js-semantic-surface-002] ordinary data enumeration and standard function binding remain legal","fullName":"WHAT[js-semantic-surface-002] ordinary data enumeration and standard function binding remain legal"}
runner: post-exit group verification/reclamation: pid=53540; elapsedMs=20.861; accepted=true

runner: 1 passed, 0 failed; 1/1 planned file(s) completed
runner: partial evidence; 0 skipped, 1 TODO; excluded cases are not passes
runner: pending proof prevents complete acceptance
runner: 1 test file(s), 10000ms verdict-silence window
[verification-test-start] {"pid":53145,"parentPid":53140,"entryFile":"/Users/yuanxi/Workwork/vibe-fs/requirements/js-semantic-surface/tests/002.test.mjs","name":"WHAT[js-semantic-surface-002] native fixture fields and standard object spread are not runtime representation access","fullName":"WHAT[js-semantic-surface-002] native fixture fields and standard object spread are not runtime representation access"}
[verification-test-start] {"pid":53145,"parentPid":53140,"entryFile":"/Users/yuanxi/Workwork/vibe-fs/requirements/js-semantic-surface/tests/002.test.mjs","name":"WHAT[js-semantic-surface-002] accepts plain DTO through the actual gate","fullName":"WHAT[js-semantic-surface-002] native fixture fields and standard object spread are not runtime representation access > WHAT[js-semantic-surface-002] accepts plain DTO through the actual gate"}
js-boundary-gate: OK — 0 debt line(s) across 0 file(s)
[verification-test-start] {"pid":53145,"parentPid":53140,"entryFile":"/Users/yuanxi/Workwork/vibe-fs/requirements/js-semantic-surface/tests/002.test.mjs","name":"WHAT[js-semantic-surface-002] accepts object spread through the actual gate","fullName":"WHAT[js-semantic-surface-002] native fixture fields and standard object spread are not runtime representation access > WHAT[js-semantic-surface-002] accepts object spread through the actual gate"}
js-boundary-gate: OK — 0 debt line(s) across 0 file(s)
[verification-test-start] {"pid":53145,"parentPid":53140,"entryFile":"/Users/yuanxi/Workwork/vibe-fs/requirements/js-semantic-surface/tests/002.test.mjs","name":"WHAT[js-semantic-surface-002] accepts static fixture loop through the actual gate","fullName":"WHAT[js-semantic-surface-002] native fixture fields and standard object spread are not runtime representation access > WHAT[js-semantic-surface-002] accepts static fixture loop through the actual gate"}
js-boundary-gate: OK — 0 debt line(s) across 0 file(s)
[verification-test-start] {"pid":53145,"parentPid":53140,"entryFile":"/Users/yuanxi/Workwork/vibe-fs/requirements/js-semantic-surface/tests/002.test.mjs","name":"WHAT[js-semantic-surface-002] imported runtime and unproved fields receivers remain forbidden","fullName":"WHAT[js-semantic-surface-002] imported runtime and unproved fields receivers remain forbidden"}
[verification-test-start] {"pid":53145,"parentPid":53140,"entryFile":"/Users/yuanxi/Workwork/vibe-fs/requirements/js-semantic-surface/tests/002.test.mjs","name":"WHAT[js-semantic-surface-002] rejects imported namespace at the representation boundary","fullName":"WHAT[js-semantic-surface-002] imported runtime and unproved fields receivers remain forbidden > WHAT[js-semantic-surface-002] rejects imported namespace at the representation boundary"}
js-boundary-gate: 1 violation(s) across 1 file(s)
  ../../../../var/folders/g_/3ydzn7kx5lg9ylq8fd9p_13r0000gn/T/js-surface-TQNPsq/requirements/consumer/tests/001.test.mjs:3 [du-shape] export const value = api.fields
[verification-test-start] {"pid":53145,"parentPid":53140,"entryFile":"/Users/yuanxi/Workwork/vibe-fs/requirements/js-semantic-surface/tests/002.test.mjs","name":"WHAT[js-semantic-surface-002] rejects imported result at the representation boundary","fullName":"WHAT[js-semantic-surface-002] imported runtime and unproved fields receivers remain forbidden > WHAT[js-semantic-surface-002] rejects imported result at the representation boundary"}
js-boundary-gate: 1 violation(s) across 1 file(s)
  ../../../../var/folders/g_/3ydzn7kx5lg9ylq8fd9p_13r0000gn/T/js-surface-TMzJVV/requirements/consumer/tests/001.test.mjs:4 [du-shape] export const value = data.fields
[verification-test-start] {"pid":53145,"parentPid":53140,"entryFile":"/Users/yuanxi/Workwork/vibe-fs/requirements/js-semantic-surface/tests/002.test.mjs","name":"WHAT[js-semantic-surface-002] rejects unknown parameter at the representation boundary","fullName":"WHAT[js-semantic-surface-002] imported runtime and unproved fields receivers remain forbidden > WHAT[js-semantic-surface-002] rejects unknown parameter at the representation boundary"}
js-boundary-gate: 1 violation(s) across 1 file(s)
  ../../../../var/folders/g_/3ydzn7kx5lg9ylq8fd9p_13r0000gn/T/js-surface-6WIrL3/requirements/consumer/tests/001.test.mjs:1 [du-shape] export const read = value => value.fields
[verification-test-start] {"pid":53145,"parentPid":53140,"entryFile":"/Users/yuanxi/Workwork/vibe-fs/requirements/js-semantic-surface/tests/002.test.mjs","name":"WHAT[js-semantic-surface-002] rejects shadowed native name at the representation boundary","fullName":"WHAT[js-semantic-surface-002] imported runtime and unproved fields receivers remain forbidden > WHAT[js-semantic-surface-002] rejects shadowed native name at the representation boundary"}
js-boundary-gate: 1 violation(s) across 1 file(s)
  ../../../../var/folders/g_/3ydzn7kx5lg9ylq8fd9p_13r0000gn/T/js-surface-PVyLSp/requirements/consumer/tests/001.test.mjs:2 [du-shape] export function read(data) { return data.fields }
[verification-test-start] {"pid":53145,"parentPid":53140,"entryFile":"/Users/yuanxi/Workwork/vibe-fs/requirements/js-semantic-surface/tests/002.test.mjs","name":"WHAT[js-semantic-surface-002] rejects mixed fixture array at the representation boundary","fullName":"WHAT[js-semantic-surface-002] imported runtime and unproved fields receivers remain forbidden > WHAT[js-semantic-surface-002] rejects mixed fixture array at the representation boundary"}
js-boundary-gate: 1 violation(s) across 1 file(s)
  ../../../../var/folders/g_/3ydzn7kx5lg9ylq8fd9p_13r0000gn/T/js-surface-V0ZydP/requirements/consumer/tests/001.test.mjs:4 [du-shape] for (const scenario of scenarios) console.log(scenario.fields)
[verification-test-start] {"pid":53145,"parentPid":53140,"entryFile":"/Users/yuanxi/Workwork/vibe-fs/requirements/js-semantic-surface/tests/002.test.mjs","name":"WHAT[js-semantic-surface-002] rejects mutated fixture array at the representation boundary","fullName":"WHAT[js-semantic-surface-002] imported runtime and unproved fields receivers remain forbidden > WHAT[js-semantic-surface-002] rejects mutated fixture array at the representation boundary"}
runner: file lifecycle {"entryFile":"/Users/yuanxi/Workwork/vibe-fs/requirements/verification-system/tests/support/fixtures/two-leaf.fixture.mjs","type":"runner:file-start","elapsedMs":35.119958}
runner: file lifecycle {"entryFile":"/Users/yuanxi/Workwork/vibe-fs/requirements/verification-system/tests/support/fixtures/two-leaf.fixture.mjs","type":"runner:file-drained","elapsedMs":35.27279199999998}
runner: worker cost {"version":1,"entryFile":"/Users/yuanxi/Workwork/vibe-fs/requirements/verification-system/tests/support/fixtures/two-leaf.fixture.mjs","enabled":true,"pid":null,"preImport":null,"exit":null,"interval":null,"status":"missing","reason":"Worker cost snapshot not received"}
js-boundary-gate: 1 violation(s) across 1 file(s)
  ../../../../var/folders/g_/3ydzn7kx5lg9ylq8fd9p_13r0000gn/T/js-surface-KuTIwQ/requirements/consumer/tests/001.test.mjs:5 [du-shape] for (const scenario of scenarios) console.log(scenario.fields)
[verification-test-start] {"pid":53145,"parentPid":53140,"entryFile":"/Users/yuanxi/Workwork/vibe-fs/requirements/js-semantic-surface/tests/002.test.mjs","name":"WHAT[js-semantic-surface-002] rejects aliased runtime insertion at the representation boundary","fullName":"WHAT[js-semantic-surface-002] imported runtime and unproved fields receivers remain forbidden > WHAT[js-semantic-surface-002] rejects aliased runtime insertion at the representation boundary"}
js-boundary-gate: 1 violation(s) across 1 file(s)
  ../../../../var/folders/g_/3ydzn7kx5lg9ylq8fd9p_13r0000gn/T/js-surface-VBlM0s/requirements/consumer/tests/001.test.mjs:6 [du-shape] for (const scenario of scenarios) console.log(scenario.fields)
[verification-test-start] {"pid":53145,"parentPid":53140,"entryFile":"/Users/yuanxi/Workwork/vibe-fs/requirements/js-semantic-surface/tests/002.test.mjs","name":"WHAT[js-semantic-surface-002] rejects assigned alias runtime insertion at the representation boundary","fullName":"WHAT[js-semantic-surface-002] imported runtime and unproved fields receivers remain forbidden > WHAT[js-semantic-surface-002] rejects assigned alias runtime insertion at the representation boundary"}
js-boundary-gate: 1 violation(s) across 1 file(s)
  ../../../../var/folders/g_/3ydzn7kx5lg9ylq8fd9p_13r0000gn/T/js-surface-FIJKdA/requirements/consumer/tests/001.test.mjs:7 [du-shape] for (const scenario of scenarios) console.log(scenario.fields)
[verification-test-start] {"pid":53145,"parentPid":53140,"entryFile":"/Users/yuanxi/Workwork/vibe-fs/requirements/js-semantic-surface/tests/002.test.mjs","name":"WHAT[js-semantic-surface-002] rejects implicit return alias runtime insertion at the representation boundary","fullName":"WHAT[js-semantic-surface-002] imported runtime and unproved fields receivers remain forbidden > WHAT[js-semantic-surface-002] rejects implicit return alias runtime insertion at the representation boundary"}
js-boundary-gate: 1 violation(s) across 1 file(s)
  ../../../../var/folders/g_/3ydzn7kx5lg9ylq8fd9p_13r0000gn/T/js-surface-ncatWn/requirements/consumer/tests/001.test.mjs:7 [du-shape] for (const scenario of scenarios) console.log(scenario.fields)
[verification-test-start] {"pid":53145,"parentPid":53140,"entryFile":"/Users/yuanxi/Workwork/vibe-fs/requirements/js-semantic-surface/tests/002.test.mjs","name":"WHAT[js-semantic-surface-002] rejects escaped fixture container at the representation boundary","fullName":"WHAT[js-semantic-surface-002] imported runtime and unproved fields receivers remain forbidden > WHAT[js-semantic-surface-002] rejects escaped fixture container at the representation boundary"}
js-boundary-gate: 1 violation(s) across 1 file(s)
  ../../../../var/folders/g_/3ydzn7kx5lg9ylq8fd9p_13r0000gn/T/js-surface-nLXC5s/requirements/consumer/tests/001.test.mjs:5 [du-shape] for (const scenario of scenarios) console.log(scenario.fields)
[verification-test-start] {"pid":53145,"parentPid":53140,"entryFile":"/Users/yuanxi/Workwork/vibe-fs/requirements/js-semantic-surface/tests/002.test.mjs","name":"WHAT[js-semantic-surface-002] rejects computed runtime access at the representation boundary","fullName":"WHAT[js-semantic-surface-002] imported runtime and unproved fields receivers remain forbidden > WHAT[js-semantic-surface-002] rejects computed runtime access at the representation boundary"}
js-boundary-gate: 1 violation(s) across 1 file(s)
  ../../../../var/folders/g_/3ydzn7kx5lg9ylq8fd9p_13r0000gn/T/js-surface-cukGqQ/requirements/consumer/tests/001.test.mjs:4 [du-shape] export const value = data["fields"]
[verification-worker-cost] {"version":1,"phase":"exit","sequence":1,"entryFile":"/Users/yuanxi/Workwork/vibe-fs/requirements/js-semantic-surface/tests/002.test.mjs","pid":53145,"parentPid":53140,"monotonicMs":1981.959125,"cpuUserMicros":2557343,"cpuSystemMicros":138018,"exitCode":0}
runner: post-exit group verification/reclamation: pid=53553; elapsedMs=24.099; accepted=true

runner: 1 passed, 0 failed; 1/1 planned file(s) completed
runner: partial evidence; 0 skipped, 1 TODO; excluded cases are not passes
runner: pending proof prevents complete acceptance
[verification-test-start] {"pid":53144,"parentPid":53140,"entryFile":"/Users/yuanxi/Workwork/vibe-fs/requirements/verification-system/tests/021.test.mjs","name":"WHAT[verification-system-021] missing or unloadable planned files fail the real supervisor despite completed file wrappers","fullName":"WHAT[verification-system-021] missing or unloadable planned files fail the real supervisor despite completed file wrappers"}
runner: 2 test file(s), 10000ms verdict-silence window
runner: file lifecycle {"entryFile":"/Users/yuanxi/Workwork/vibe-fs/requirements/js-semantic-surface/tests/002.test.mjs","type":"runner:file-drained","elapsedMs":2039.4073750000002}
runner: worker cost {"version":1,"entryFile":"/Users/yuanxi/Workwork/vibe-fs/requirements/js-semantic-surface/tests/002.test.mjs","enabled":true,"pid":53145,"status":"complete","reason":null,"preImport":{"version":1,"phase":"pre-import","sequence":0,"entryFile":"/Users/yuanxi/Workwork/vibe-fs/requirements/js-semantic-surface/tests/002.test.mjs","pid":53145,"parentPid":53140,"monotonicMs":19.145625,"cpuUserMicros":23672,"cpuSystemMicros":4900},"exit":{"version":1,"phase":"exit","sequence":1,"entryFile":"/Users/yuanxi/Workwork/vibe-fs/requirements/js-semantic-surface/tests/002.test.mjs","pid":53145,"parentPid":53140,"monotonicMs":1981.959125,"cpuUserMicros":2557343,"cpuSystemMicros":138018,"exitCode":0},"interval":{"clockPid":53145,"wallMs":1962.8135,"cpuUserMicros":2533671,"cpuSystemMicros":133118}}
runner: file lifecycle {"entryFile":"/Users/yuanxi/Workwork/vibe-fs/requirements/verification-system/tests/support/fixtures/two-leaf.fixture.mjs","pid":53567,"parentPid":53144,"type":"runner:file-start","elapsedMs":40.54383300000018}
runner: file lifecycle {"entryFile":"/var/folders/g_/3ydzn7kx5lg9ylq8fd9p_13r0000gn/T/failed-test-file-sVMLhR/missing.fixture.mjs","pid":53567,"parentPid":53144,"type":"runner:file-start","elapsedMs":41.962541999999985}
[verification-worker-cost] {"version":1,"phase":"pre-import","sequence":0,"entryFile":"/Users/yuanxi/Workwork/vibe-fs/requirements/verification-system/tests/support/fixtures/two-leaf.fixture.mjs","pid":53601,"parentPid":53567,"monotonicMs":18.059,"cpuUserMicros":23924,"cpuSystemMicros":5418}
[verification-test-start] {"pid":53601,"parentPid":53567,"entryFile":"/Users/yuanxi/Workwork/vibe-fs/requirements/verification-system/tests/support/fixtures/two-leaf.fixture.mjs","name":"leaf one","fullName":"leaf one"}
[verification-test-start] {"pid":53601,"parentPid":53567,"entryFile":"/Users/yuanxi/Workwork/vibe-fs/requirements/verification-system/tests/support/fixtures/two-leaf.fixture.mjs","name":"leaf two","fullName":"leaf two"}
[verification-worker-cost] {"version":1,"phase":"pre-import","sequence":0,"entryFile":"/var/folders/g_/3ydzn7kx5lg9ylq8fd9p_13r0000gn/T/failed-test-file-sVMLhR/missing.fixture.mjs","pid":53602,"parentPid":53567,"monotonicMs":20.865166,"cpuUserMicros":28072,"cpuSystemMicros":5629}
node:internal/test_runner/harness:99
      throw err;
      ^

Error [ERR_MODULE_NOT_FOUND]: Cannot find module '/var/folders/g_/3ydzn7kx5lg9ylq8fd9p_13r0000gn/T/failed-test-file-sVMLhR/missing.fixture.mjs' imported from /Users/yuanxi/Workwork/vibe-fs/
    at finalizeResolution (node:internal/modules/esm/resolve:275:11)
    at moduleResolve (node:internal/modules/esm/resolve:865:10)
    at defaultResolve (node:internal/modules/esm/resolve:989:11)
    at #cachedDefaultResolve (node:internal/modules/esm/loader:747:20)
    at ModuleLoader.resolve (node:internal/modules/esm/loader:724:38)
    at ModuleLoader.getModuleJobForImport (node:internal/modules/esm/loader:320:38)
    at onImport.tracePromise.__proto__ (node:internal/modules/esm/loader:680:36)
    at TracingChannel.tracePromise (node:diagnostics_channel:350:14)
    at ModuleLoader.import (node:internal/modules/esm/loader:679:21)
    at node:internal/modules/run_main:179:35 {
  code: 'ERR_MODULE_NOT_FOUND',
  url: 'file:///var/folders/g_/3ydzn7kx5lg9ylq8fd9p_13r0000gn/T/failed-test-file-sVMLhR/missing.fixture.mjs'
}

Node.js v22.23.3

✖ failing tests:

test at /var/folders/g_/3ydzn7kx5lg9ylq8fd9p_13r0000gn/T/failed-test-file-sVMLhR/missing.fixture.mjs:1:1
✖ /var/folders/g_/3ydzn7kx5lg9ylq8fd9p_13r0000gn/T/failed-test-file-sVMLhR/missing.fixture.mjs (41.315ms)
  'test failed'

runner: file lifecycle {"entryFile":"/var/folders/g_/3ydzn7kx5lg9ylq8fd9p_13r0000gn/T/failed-test-file-sVMLhR/missing.fixture.mjs","type":"runner:file-drained","elapsedMs":83.33295800000019}
runner: worker cost {"version":1,"entryFile":"/var/folders/g_/3ydzn7kx5lg9ylq8fd9p_13r0000gn/T/failed-test-file-sVMLhR/missing.fixture.mjs","enabled":true,"pid":53602,"status":"missing","reason":"Exit observation not received","preImport":{"version":1,"phase":"pre-import","sequence":0,"entryFile":"/var/folders/g_/3ydzn7kx5lg9ylq8fd9p_13r0000gn/T/failed-test-file-sVMLhR/missing.fixture.mjs","pid":53602,"parentPid":53567,"monotonicMs":20.865166,"cpuUserMicros":28072,"cpuSystemMicros":5629},"exit":null,"interval":null}
[verification-worker-cost] {"version":1,"phase":"exit","sequence":1,"entryFile":"/Users/yuanxi/Workwork/vibe-fs/requirements/verification-system/tests/support/fixtures/two-leaf.fixture.mjs","pid":53601,"parentPid":53567,"monotonicMs":26.873958,"cpuUserMicros":31764,"cpuSystemMicros":6515,"exitCode":0}
runner: file lifecycle {"entryFile":"/Users/yuanxi/Workwork/vibe-fs/requirements/verification-system/tests/support/fixtures/two-leaf.fixture.mjs","type":"runner:file-drained","elapsedMs":84.89191700000015}
runner: worker cost {"version":1,"entryFile":"/Users/yuanxi/Workwork/vibe-fs/requirements/verification-system/tests/support/fixtures/two-leaf.fixture.mjs","enabled":true,"pid":53601,"status":"complete","reason":null,"preImport":{"version":1,"phase":"pre-import","sequence":0,"entryFile":"/Users/yuanxi/Workwork/vibe-fs/requirements/verification-system/tests/support/fixtures/two-leaf.fixture.mjs","pid":53601,"parentPid":53567,"monotonicMs":18.059,"cpuUserMicros":23924,"cpuSystemMicros":5418},"exit":{"version":1,"phase":"exit","sequence":1,"entryFile":"/Users/yuanxi/Workwork/vibe-fs/requirements/verification-system/tests/support/fixtures/two-leaf.fixture.mjs","pid":53601,"parentPid":53567,"monotonicMs":26.873958,"cpuUserMicros":31764,"cpuSystemMicros":6515,"exitCode":0},"interval":{"clockPid":53601,"wallMs":8.814957999999997,"cpuUserMicros":7840,"cpuSystemMicros":1097}}

[test-summary] 2 file(s), 2 passed, 0 failed, 1 failed containers (0.05s wall, 0.00s test time)
runner: post-exit group verification/reclamation: pid=53567; elapsedMs=20.876; accepted=true
runner: 2 test(s), 0.0s of test time; max 2ms, p90 2ms, median 1ms

runner: 2 passed, 0 failed; 2/2 planned file(s) completed
runner: cancelled tests or failed containers prevent complete acceptance
runner: 2 test file(s), 10000ms verdict-silence window
runner: file lifecycle {"entryFile":"/Users/yuanxi/Workwork/vibe-fs/requirements/verification-system/tests/support/fixtures/two-leaf.fixture.mjs","pid":53614,"parentPid":53144,"type":"runner:file-start","elapsedMs":41.98141600000008}
runner: file lifecycle {"entryFile":"/var/folders/g_/3ydzn7kx5lg9ylq8fd9p_13r0000gn/T/failed-test-file-sVMLhR/broken.fixture.mjs","pid":53614,"parentPid":53144,"type":"runner:file-start","elapsedMs":47.20179099999996}
[verification-worker-cost] {"version":1,"phase":"pre-import","sequence":0,"entryFile":"/Users/yuanxi/Workwork/vibe-fs/requirements/verification-system/tests/support/fixtures/two-leaf.fixture.mjs","pid":53615,"parentPid":53614,"monotonicMs":36.61025,"cpuUserMicros":32007,"cpuSystemMicros":10689}
[verification-worker-cost] {"version":1,"phase":"pre-import","sequence":0,"entryFile":"/var/folders/g_/3ydzn7kx5lg9ylq8fd9p_13r0000gn/T/failed-test-file-sVMLhR/broken.fixture.mjs","pid":53616,"parentPid":53614,"monotonicMs":39.651875,"cpuUserMicros":32409,"cpuSystemMicros":10696}
[verification-test-start] {"pid":53615,"parentPid":53614,"entryFile":"/Users/yuanxi/Workwork/vibe-fs/requirements/verification-system/tests/support/fixtures/two-leaf.fixture.mjs","name":"leaf one","fullName":"leaf one"}
[verification-test-start] {"pid":53615,"parentPid":53614,"entryFile":"/Users/yuanxi/Workwork/vibe-fs/requirements/verification-system/tests/support/fixtures/two-leaf.fixture.mjs","name":"leaf two","fullName":"leaf two"}
node:internal/test_runner/harness:99
      throw err;
      ^

Error: fixture failed before registering any test
    at file:///private/var/folders/g_/3ydzn7kx5lg9ylq8fd9p_13r0000gn/T/failed-test-file-sVMLhR/broken.fixture.mjs:1:7
    at ModuleJob.run (node:internal/modules/esm/module_job:343:25)
    at async onImport.tracePromise.__proto__ (node:internal/modules/esm/loader:681:26)
    at async asyncRunEntryPointWithESMLoader (node:internal/modules/run_main:117:5)

Node.js v22.23.3

✖ failing tests:

test at /var/folders/g_/3ydzn7kx5lg9ylq8fd9p_13r0000gn/T/failed-test-file-sVMLhR/broken.fixture.mjs:1:1
✖ /var/folders/g_/3ydzn7kx5lg9ylq8fd9p_13r0000gn/T/failed-test-file-sVMLhR/broken.fixture.mjs (69.207ms)
  'test failed'

runner: file lifecycle {"entryFile":"/var/folders/g_/3ydzn7kx5lg9ylq8fd9p_13r0000gn/T/failed-test-file-sVMLhR/broken.fixture.mjs","type":"runner:file-drained","elapsedMs":113.79849999999988}
runner: worker cost {"version":1,"entryFile":"/var/folders/g_/3ydzn7kx5lg9ylq8fd9p_13r0000gn/T/failed-test-file-sVMLhR/broken.fixture.mjs","enabled":true,"pid":53616,"status":"missing","reason":"Exit observation not received","preImport":{"version":1,"phase":"pre-import","sequence":0,"entryFile":"/var/folders/g_/3ydzn7kx5lg9ylq8fd9p_13r0000gn/T/failed-test-file-sVMLhR/broken.fixture.mjs","pid":53616,"parentPid":53614,"monotonicMs":39.651875,"cpuUserMicros":32409,"cpuSystemMicros":10696},"exit":null,"interval":null}
[verification-worker-cost] {"version":1,"phase":"exit","sequence":1,"entryFile":"/Users/yuanxi/Workwork/vibe-fs/requirements/verification-system/tests/support/fixtures/two-leaf.fixture.mjs","pid":53615,"parentPid":53614,"monotonicMs":46.751792,"cpuUserMicros":41454,"cpuSystemMicros":11659,"exitCode":0}
runner: file lifecycle {"entryFile":"/Users/yuanxi/Workwork/vibe-fs/requirements/verification-system/tests/support/fixtures/two-leaf.fixture.mjs","type":"runner:file-drained","elapsedMs":117.07845799999996}
runner: worker cost {"version":1,"entryFile":"/Users/yuanxi/Workwork/vibe-fs/requirements/verification-system/tests/support/fixtures/two-leaf.fixture.mjs","enabled":true,"pid":53615,"status":"complete","reason":null,"preImport":{"version":1,"phase":"pre-import","sequence":0,"entryFile":"/Users/yuanxi/Workwork/vibe-fs/requirements/verification-system/tests/support/fixtures/two-leaf.fixture.mjs","pid":53615,"parentPid":53614,"monotonicMs":36.61025,"cpuUserMicros":32007,"cpuSystemMicros":10689},"exit":{"version":1,"phase":"exit","sequence":1,"entryFile":"/Users/yuanxi/Workwork/vibe-fs/requirements/verification-system/tests/support/fixtures/two-leaf.fixture.mjs","pid":53615,"parentPid":53614,"monotonicMs":46.751792,"cpuUserMicros":41454,"cpuSystemMicros":11659,"exitCode":0},"interval":{"clockPid":53615,"wallMs":10.141542000000001,"cpuUserMicros":9447,"cpuSystemMicros":970}}

[test-summary] 2 file(s), 2 passed, 0 failed, 1 failed containers (0.08s wall, 0.00s test time)
runner: post-exit group verification/reclamation: pid=53614; elapsedMs=21.054; accepted=true
runner: 2 test(s), 0.0s of test time; max 2ms, p90 2ms, median 1ms

runner: 2 passed, 0 failed; 2/2 planned file(s) completed
runner: cancelled tests or failed containers prevent complete acceptance
[verification-worker-cost] {"version":1,"phase":"exit","sequence":1,"entryFile":"/Users/yuanxi/Workwork/vibe-fs/requirements/verification-system/tests/021.test.mjs","pid":53144,"parentPid":53140,"monotonicMs":2240.661625,"cpuUserMicros":112111,"cpuSystemMicros":34207,"exitCode":0}
runner: file lifecycle {"entryFile":"/Users/yuanxi/Workwork/vibe-fs/requirements/verification-system/tests/021.test.mjs","type":"runner:file-drained","elapsedMs":2293.69225}
runner: worker cost {"version":1,"entryFile":"/Users/yuanxi/Workwork/vibe-fs/requirements/verification-system/tests/021.test.mjs","enabled":true,"pid":53144,"status":"invalid","reason":"Worker cost record names another file or process","preImport":{"version":1,"phase":"pre-import","sequence":0,"entryFile":"/Users/yuanxi/Workwork/vibe-fs/requirements/verification-system/tests/021.test.mjs","pid":53144,"parentPid":53140,"monotonicMs":23.8235,"cpuUserMicros":27308,"cpuSystemMicros":6032},"exit":null,"interval":null}
[verification-test-start] {"pid":53141,"parentPid":53140,"entryFile":"/Users/yuanxi/Workwork/vibe-fs/requirements/verification-system/tests/005.test.mjs","name":"WHAT[verification-system-005] reporter failure during consumption cannot strand the runner after source close","fullName":"WHAT[verification-system-005] reporter failure during consumption cannot strand the runner after source close"}
[verification-test-start] {"pid":53141,"parentPid":53140,"entryFile":"/Users/yuanxi/Workwork/vibe-fs/requirements/verification-system/tests/005.test.mjs","name":"WHAT[verification-system-005] reporter failure after source completion is reported and cannot produce a successful drain","fullName":"WHAT[verification-system-005] reporter failure after source completion is reported and cannot produce a successful drain"}
[verification-test-start] {"pid":53141,"parentPid":53140,"entryFile":"/Users/yuanxi/Workwork/vibe-fs/requirements/verification-system/tests/005.test.mjs","name":"WHAT[verification-system-005] successful reporter drains every event before reporting completion","fullName":"WHAT[verification-system-005] successful reporter drains every event before reporting completion"}
[verification-test-start] {"pid":53141,"parentPid":53140,"entryFile":"/Users/yuanxi/Workwork/vibe-fs/requirements/verification-system/tests/005.test.mjs","name":"WHAT[verification-system-005] the real CI verification step preserves failure and success exit codes","fullName":"WHAT[verification-system-005] the real CI verification step preserves failure and success exit codes"}
[verification-test-start] {"pid":53143,"parentPid":53140,"entryFile":"/Users/yuanxi/Workwork/vibe-fs/requirements/verification-system/tests/008.test.mjs","name":"WHAT[verification-system-008] module loadability verifier is red when a dist module fails to load","fullName":"WHAT[verification-system-008] module loadability verifier is red when a dist module fails to load"}
[verification-worker-cost] {"version":1,"phase":"exit","sequence":1,"entryFile":"/Users/yuanxi/Workwork/vibe-fs/requirements/verification-system/tests/008.test.mjs","pid":53143,"parentPid":53140,"monotonicMs":2848.034709,"cpuUserMicros":3234791,"cpuSystemMicros":304838,"exitCode":0}
runner: file lifecycle {"entryFile":"/Users/yuanxi/Workwork/vibe-fs/requirements/verification-system/tests/008.test.mjs","type":"runner:file-drained","elapsedMs":2917.3033330000003}
runner: worker cost {"version":1,"entryFile":"/Users/yuanxi/Workwork/vibe-fs/requirements/verification-system/tests/008.test.mjs","enabled":true,"pid":53143,"status":"complete","reason":null,"preImport":{"version":1,"phase":"pre-import","sequence":0,"entryFile":"/Users/yuanxi/Workwork/vibe-fs/requirements/verification-system/tests/008.test.mjs","pid":53143,"parentPid":53140,"monotonicMs":19.484917,"cpuUserMicros":27031,"cpuSystemMicros":5446},"exit":{"version":1,"phase":"exit","sequence":1,"entryFile":"/Users/yuanxi/Workwork/vibe-fs/requirements/verification-system/tests/008.test.mjs","pid":53143,"parentPid":53140,"monotonicMs":2848.034709,"cpuUserMicros":3234791,"cpuSystemMicros":304838,"exitCode":0},"interval":{"clockPid":53143,"wallMs":2828.549792,"cpuUserMicros":3207760,"cpuSystemMicros":299392}}
[verification-test-start] {"pid":53142,"parentPid":53140,"entryFile":"/Users/yuanxi/Workwork/vibe-fs/requirements/verification-system/tests/006.test.mjs","name":"WHAT[verification-system-006] native initial and frozen inspection failures preserve both causes without claiming complete inventory","fullName":"WHAT[verification-system-006] native initial and frozen inspection failures preserve both causes without claiming complete inventory"}
[verification-test-start] {"pid":53141,"parentPid":53140,"entryFile":"/Users/yuanxi/Workwork/vibe-fs/requirements/verification-system/tests/005.test.mjs","name":"WHAT[verification-system-005] traversal errors are not masked (cause preserved)","fullName":"WHAT[verification-system-005] traversal errors are not masked (cause preserved)"}
[verification-test-start] {"pid":53141,"parentPid":53140,"entryFile":"/Users/yuanxi/Workwork/vibe-fs/requirements/verification-system/tests/005.test.mjs","name":"WHAT[verification-system-005] verify halts and marks subsequent steps not-run when format:check fails","fullName":"WHAT[verification-system-005] verify halts and marks subsequent steps not-run when format:check fails"}
[verification-test-start] {"pid":53141,"parentPid":53140,"entryFile":"/Users/yuanxi/Workwork/vibe-fs/requirements/verification-system/tests/005.test.mjs","name":"WHAT[verification-system-005] verify halts and marks subsequent steps not-run when check fails","fullName":"WHAT[verification-system-005] verify halts and marks subsequent steps not-run when check fails"}
[verification-test-start] {"pid":53141,"parentPid":53140,"entryFile":"/Users/yuanxi/Workwork/vibe-fs/requirements/verification-system/tests/005.test.mjs","name":"WHAT[verification-system-005] verify halts and marks subsequent steps not-run when build fails","fullName":"WHAT[verification-system-005] verify halts and marks subsequent steps not-run when build fails"}
[verification-test-start] {"pid":53141,"parentPid":53140,"entryFile":"/Users/yuanxi/Workwork/vibe-fs/requirements/verification-system/tests/005.test.mjs","name":"WHAT[verification-system-005] rejected, missing and throwing gates return failure","fullName":"WHAT[verification-system-005] rejected, missing and throwing gates return failure"}
check.mjs: FAILED with 1 issue(s) across 1 gate(s)

Gate: /var/folders/g_/3ydzn7kx5lg9ylq8fd9p_13r0000gn/T/gate-failure-fx6zps/gate.mjs (1 issue(s))
  - [fail] controlled violation

check.mjs: fatal error: Cannot find module '/var/folders/g_/3ydzn7kx5lg9ylq8fd9p_13r0000gn/T/gate-failure-fx6zps/missing.mjs' imported from /Users/yuanxi/Workwork/vibe-fs/scripts/check.mjs
check.mjs: fatal error: controlled failure
[verification-test-start] {"pid":53141,"parentPid":53140,"entryFile":"/Users/yuanxi/Workwork/vibe-fs/requirements/verification-system/tests/005.test.mjs","name":"WHAT[verification-system-005] waitAny fatal cancellation removes every registered waiter","fullName":"WHAT[verification-system-005] waitAny fatal cancellation removes every registered waiter"}
[verification-test-start] {"pid":53141,"parentPid":53140,"entryFile":"/Users/yuanxi/Workwork/vibe-fs/requirements/verification-system/tests/005.test.mjs","name":"WHAT[verification-system-005] waitAny rejects an open or malformed alternative set","fullName":"WHAT[verification-system-005] waitAny rejects an open or malformed alternative set"}
[verification-test-start] {"pid":53141,"parentPid":53140,"entryFile":"/Users/yuanxi/Workwork/vibe-fs/requirements/verification-system/tests/005.test.mjs","name":"WHAT[verification-system-005] walk throws on a missing root instead of returning an empty array","fullName":"WHAT[verification-system-005] walk throws on a missing root instead of returning an empty array"}
[verification-test-start] {"pid":53141,"parentPid":53140,"entryFile":"/Users/yuanxi/Workwork/vibe-fs/requirements/verification-system/tests/005.test.mjs","name":"WHAT[verification-system-005] walk throws on a non-directory root instead of returning [root]","fullName":"WHAT[verification-system-005] walk throws on a non-directory root instead of returning [root]"}
[verification-test-start] {"pid":53141,"parentPid":53140,"entryFile":"/Users/yuanxi/Workwork/vibe-fs/requirements/verification-system/tests/005.test.mjs","name":"WHAT[verification-system-005] walk throws on a nested unreadable directory instead of silently skipping it","fullName":"WHAT[verification-system-005] walk throws on a nested unreadable directory instead of silently skipping it"}
[verification-test-start] {"pid":53141,"parentPid":53140,"entryFile":"/Users/yuanxi/Workwork/vibe-fs/requirements/verification-system/tests/005.test.mjs","name":"WHAT[verification-system-005] walk rejects a symlink entry instead of following or skipping it","fullName":"WHAT[verification-system-005] walk rejects a symlink entry instead of following or skipping it"}
[verification-test-start] {"pid":53141,"parentPid":53140,"entryFile":"/Users/yuanxi/Workwork/vibe-fs/requirements/verification-system/tests/005.test.mjs","name":"WHAT[verification-system-005] walk rejects a symlink root instead of following it","fullName":"WHAT[verification-system-005] walk rejects a symlink root instead of following it"}
[verification-test-start] {"pid":53141,"parentPid":53140,"entryFile":"/Users/yuanxi/Workwork/vibe-fs/requirements/verification-system/tests/005.test.mjs","name":"WHAT[verification-system-005] walk returns sorted matching paths on a normal tree","fullName":"WHAT[verification-system-005] walk returns sorted matching paths on a normal tree"}
[verification-test-start] {"pid":53141,"parentPid":53140,"entryFile":"/Users/yuanxi/Workwork/vibe-fs/requirements/verification-system/tests/005.test.mjs","name":"WHAT[verification-system-005] walk preserves the SKIP directory set","fullName":"WHAT[verification-system-005] walk preserves the SKIP directory set"}
[verification-worker-cost] {"version":1,"phase":"exit","sequence":1,"entryFile":"/Users/yuanxi/Workwork/vibe-fs/requirements/verification-system/tests/005.test.mjs","pid":53141,"parentPid":53140,"monotonicMs":4339.109208,"cpuUserMicros":117155,"cpuSystemMicros":44588,"exitCode":0}
runner: file lifecycle {"entryFile":"/Users/yuanxi/Workwork/vibe-fs/requirements/verification-system/tests/005.test.mjs","type":"runner:file-drained","elapsedMs":4387.439875}
runner: worker cost {"version":1,"entryFile":"/Users/yuanxi/Workwork/vibe-fs/requirements/verification-system/tests/005.test.mjs","enabled":true,"pid":53141,"status":"complete","reason":null,"preImport":{"version":1,"phase":"pre-import","sequence":0,"entryFile":"/Users/yuanxi/Workwork/vibe-fs/requirements/verification-system/tests/005.test.mjs","pid":53141,"parentPid":53140,"monotonicMs":25.519292,"cpuUserMicros":30654,"cpuSystemMicros":5910},"exit":{"version":1,"phase":"exit","sequence":1,"entryFile":"/Users/yuanxi/Workwork/vibe-fs/requirements/verification-system/tests/005.test.mjs","pid":53141,"parentPid":53140,"monotonicMs":4339.109208,"cpuUserMicros":117155,"cpuSystemMicros":44588,"exitCode":0},"interval":{"clockPid":53141,"wallMs":4313.589916,"cpuUserMicros":86501,"cpuSystemMicros":38678}}
[verification-test-start] {"pid":53142,"parentPid":53140,"entryFile":"/Users/yuanxi/Workwork/vibe-fs/requirements/verification-system/tests/006.test.mjs","name":"WHAT[verification-system-006] native incomplete snapshot cannot certify a missing root as fully captured","fullName":"WHAT[verification-system-006] native incomplete snapshot cannot certify a missing root as fully captured"}
[verification-test-start] {"pid":53142,"parentPid":53140,"entryFile":"/Users/yuanxi/Workwork/vibe-fs/requirements/verification-system/tests/006.test.mjs","name":"WHAT[verification-system-006] native freeze inspection failure preserves its original cause and drains known owned resources while retaining a foreign group","fullName":"WHAT[verification-system-006] native freeze inspection failure preserves its original cause and drains known owned resources while retaining a foreign group"}
[verification-test-start] {"pid":53142,"parentPid":53140,"entryFile":"/Users/yuanxi/Workwork/vibe-fs/requirements/verification-system/tests/006.test.mjs","name":"WHAT[verification-system-006] native drain inspection failure preserves its original cause and drains captured owned resources while retaining a foreign group","fullName":"WHAT[verification-system-006] native drain inspection failure preserves its original cause and drains captured owned resources while retaining a foreign group"}
[verification-test-start] {"pid":53142,"parentPid":53140,"entryFile":"/Users/yuanxi/Workwork/vibe-fs/requirements/verification-system/tests/006.test.mjs","name":"WHAT[verification-system-006] native double inspection failure preserves both original causes and reports incomplete owned cleanup","fullName":"WHAT[verification-system-006] native double inspection failure preserves both original causes and reports incomplete owned cleanup"}
[verification-test-start] {"pid":53142,"parentPid":53140,"entryFile":"/Users/yuanxi/Workwork/vibe-fs/requirements/verification-system/tests/006.test.mjs","name":"WHAT[verification-system-006] a complete passing native ledger rejects and reclaims its actual same-group residue while preserving a foreign group","fullName":"WHAT[verification-system-006] a complete passing native ledger rejects and reclaims its actual same-group residue while preserving a foreign group"}
[verification-test-start] {"pid":53142,"parentPid":53140,"entryFile":"/Users/yuanxi/Workwork/vibe-fs/requirements/verification-system/tests/006.test.mjs","name":"WHAT[verification-system-006] probe consumer setup failure settles its already running native owner before rejection","fullName":"WHAT[verification-system-006] probe consumer setup failure settles its already running native owner before rejection"}
[verification-test-start] {"pid":53142,"parentPid":53140,"entryFile":"/Users/yuanxi/Workwork/vibe-fs/requirements/verification-system/tests/006.test.mjs","name":"WHAT[verification-system-006] probe consumer setup and native cleanup failure preserve both causes after actual owner settlement","fullName":"WHAT[verification-system-006] probe consumer setup and native cleanup failure preserve both causes after actual owner settlement"}
[verification-test-start] {"pid":53142,"parentPid":53140,"entryFile":"/Users/yuanxi/Workwork/vibe-fs/requirements/verification-system/tests/006.test.mjs","name":"WHAT[verification-system-006] owned tool monitoring preserves actual terminals and rejects missing control evidence","fullName":"WHAT[verification-system-006] owned tool monitoring preserves actual terminals and rejects missing control evidence"}
[verification-test-start] {"pid":53142,"parentPid":53140,"entryFile":"/Users/yuanxi/Workwork/vibe-fs/requirements/verification-system/tests/006.test.mjs","name":"WHAT[verification-system-006] empty PATH preserves exact selected environment and actual independent process group","fullName":"WHAT[verification-system-006] owned tool monitoring preserves actual terminals and rejects missing control evidence > WHAT[verification-system-006] empty PATH preserves exact selected environment and actual independent process group"}
[verification-test-start] {"pid":53142,"parentPid":53140,"entryFile":"/Users/yuanxi/Workwork/vibe-fs/requirements/verification-system/tests/006.test.mjs","name":"WHAT[verification-system-006] a selected nonzero exit is preserved instead of the monitor exit","fullName":"WHAT[verification-system-006] owned tool monitoring preserves actual terminals and rejects missing control evidence > WHAT[verification-system-006] a selected nonzero exit is preserved instead of the monitor exit"}
[verification-test-start] {"pid":53142,"parentPid":53140,"entryFile":"/Users/yuanxi/Workwork/vibe-fs/requirements/verification-system/tests/006.test.mjs","name":"WHAT[verification-system-006] a selected process signal is preserved instead of the monitor exit","fullName":"WHAT[verification-system-006] owned tool monitoring preserves actual terminals and rejects missing control evidence > WHAT[verification-system-006] a selected process signal is preserved instead of the monitor exit"}
[verification-test-start] {"pid":53142,"parentPid":53140,"entryFile":"/Users/yuanxi/Workwork/vibe-fs/requirements/verification-system/tests/006.test.mjs","name":"WHAT[verification-system-006] a real selected executable spawn failure retains its OS cause","fullName":"WHAT[verification-system-006] owned tool monitoring preserves actual terminals and rejects missing control evidence > WHAT[verification-system-006] a real selected executable spawn failure retains its OS cause"}
[verification-test-start] {"pid":53142,"parentPid":53140,"entryFile":"/Users/yuanxi/Workwork/vibe-fs/requirements/verification-system/tests/006.test.mjs","name":"WHAT[verification-system-006] missing monitor terminal before selected spawn rejects acceptance","fullName":"WHAT[verification-system-006] owned tool monitoring preserves actual terminals and rejects missing control evidence > WHAT[verification-system-006] missing monitor terminal before selected spawn rejects acceptance"}
[verification-test-start] {"pid":53142,"parentPid":53140,"entryFile":"/Users/yuanxi/Workwork/vibe-fs/requirements/verification-system/tests/006.test.mjs","name":"WHAT[verification-system-006] malformed monitor terminal before selected spawn rejects acceptance","fullName":"WHAT[verification-system-006] owned tool monitoring preserves actual terminals and rejects missing control evidence > WHAT[verification-system-006] malformed monitor terminal before selected spawn rejects acceptance"}
[verification-test-start] {"pid":53142,"parentPid":53140,"entryFile":"/Users/yuanxi/Workwork/vibe-fs/requirements/verification-system/tests/006.test.mjs","name":"WHAT[verification-system-006] duplicate monitor terminal before selected spawn rejects acceptance","fullName":"WHAT[verification-system-006] owned tool monitoring preserves actual terminals and rejects missing control evidence > WHAT[verification-system-006] duplicate monitor terminal before selected spawn rejects acceptance"}
[verification-test-start] {"pid":53142,"parentPid":53140,"entryFile":"/Users/yuanxi/Workwork/vibe-fs/requirements/verification-system/tests/006.test.mjs","name":"WHAT[verification-system-006] event safety ceilings validate input and count actual non-heartbeat events","fullName":"WHAT[verification-system-006] event safety ceilings validate input and count actual non-heartbeat events"}
[verification-test-start] {"pid":53142,"parentPid":53140,"entryFile":"/Users/yuanxi/Workwork/vibe-fs/requirements/verification-system/tests/006.test.mjs","name":"WHAT[verification-system-006] diagnostics preserve the actual wait and monitored subject","fullName":"WHAT[verification-system-006] diagnostics preserve the actual wait and monitored subject"}
[verification-test-start] {"pid":53142,"parentPid":53140,"entryFile":"/Users/yuanxi/Workwork/vibe-fs/requirements/verification-system/tests/006.test.mjs","name":"WHAT[verification-system-006] missing and corrupt wait snapshots disclose the diagnostic gap","fullName":"WHAT[verification-system-006] missing and corrupt wait snapshots disclose the diagnostic gap"}
[verification-test-start] {"pid":53142,"parentPid":53140,"entryFile":"/Users/yuanxi/Workwork/vibe-fs/requirements/verification-system/tests/006.test.mjs","name":"WHAT[verification-system-006] the initial silence window covers execution before its first progress","fullName":"WHAT[verification-system-006] the initial silence window covers execution before its first progress"}
[verification-test-start] {"pid":53142,"parentPid":53140,"entryFile":"/Users/yuanxi/Workwork/vibe-fs/requirements/verification-system/tests/006.test.mjs","name":"WHAT[verification-system-006] continuing progress outlives a window and silence is measured from its last advance","fullName":"WHAT[verification-system-006] continuing progress outlives a window and silence is measured from its last advance"}
[verification-test-start] {"pid":53142,"parentPid":53140,"entryFile":"/Users/yuanxi/Workwork/vibe-fs/requirements/verification-system/tests/006.test.mjs","name":"WHAT[verification-system-006] completed verdicts renew the window while repeated log traffic cannot","fullName":"WHAT[verification-system-006] completed verdicts renew the window while repeated log traffic cannot"}
[verification-test-start] {"pid":53142,"parentPid":53140,"entryFile":"/Users/yuanxi/Workwork/vibe-fs/requirements/verification-system/tests/006.test.mjs","name":"WHAT[verification-system-006] scheduling events do not renew the silence window","fullName":"WHAT[verification-system-006] scheduling events do not renew the silence window"}
[verification-test-start] {"pid":53142,"parentPid":53140,"entryFile":"/Users/yuanxi/Workwork/vibe-fs/requirements/verification-system/tests/006.test.mjs","name":"WHAT[verification-system-006] the real verdict transport records body entry with its actual parent test and process identity","fullName":"WHAT[verification-system-006] the real verdict transport records body entry with its actual parent test and process identity"}
[verification-test-start] {"pid":53142,"parentPid":53140,"entryFile":"/Users/yuanxi/Workwork/vibe-fs/requirements/verification-system/tests/006.test.mjs","name":"WHAT[verification-system-006] worker cost observations identify two actual file processes and leave an unobserved exit missing","fullName":"WHAT[verification-system-006] worker cost observations identify two actual file processes and leave an unobserved exit missing"}
[verification-test-start] {"pid":53142,"parentPid":53140,"entryFile":"/Users/yuanxi/Workwork/vibe-fs/requirements/verification-system/tests/006.test.mjs","name":"WHAT[verification-system-006] worker cost diagnostics preserve actual success and assertion failure with a closed exit sink","fullName":"WHAT[verification-system-006] worker cost diagnostics preserve actual success and assertion failure with a closed exit sink"}
[verification-test-start] {"pid":53142,"parentPid":53140,"entryFile":"/Users/yuanxi/Workwork/vibe-fs/requirements/verification-system/tests/006.test.mjs","name":"WHAT[verification-system-006] continuing worker cost IPC cannot renew a pending file after invalid diagnostic evidence","fullName":"WHAT[verification-system-006] continuing worker cost IPC cannot renew a pending file after invalid diagnostic evidence"}
[verification-test-start] {"pid":53142,"parentPid":53140,"entryFile":"/Users/yuanxi/Workwork/vibe-fs/requirements/verification-system/tests/006.test.mjs","name":"WHAT[verification-system-006] invalid worker cost IPC leaves actual runner verdicts and process cleanup unchanged","fullName":"WHAT[verification-system-006] invalid worker cost IPC leaves actual runner verdicts and process cleanup unchanged"}
[verification-test-start] {"pid":53142,"parentPid":53140,"entryFile":"/Users/yuanxi/Workwork/vibe-fs/requirements/verification-system/tests/006.test.mjs","name":"WHAT[verification-system-006] the worker cost collector rejects observations and invalid states presented as disabled","fullName":"WHAT[verification-system-006] the worker cost collector rejects observations and invalid states presented as disabled"}
[verification-test-start] {"pid":53142,"parentPid":53140,"entryFile":"/Users/yuanxi/Workwork/vibe-fs/requirements/verification-system/tests/006.test.mjs","name":"WHAT[verification-system-006] the worker cost collector preserves native cumulative units and only derives a same-process interval","fullName":"WHAT[verification-system-006] the worker cost collector preserves native cumulative units and only derives a same-process interval"}
[verification-test-start] {"pid":53142,"parentPid":53140,"entryFile":"/Users/yuanxi/Workwork/vibe-fs/requirements/verification-system/tests/006.test.mjs","name":"WHAT[verification-system-006] the worker cost collector invalidates forged, duplicate, reordered and wrongly attributed observations without a business verdict","fullName":"WHAT[verification-system-006] the worker cost collector invalidates forged, duplicate, reordered and wrongly attributed observations without a business verdict"}
[verification-test-start] {"pid":53142,"parentPid":53140,"entryFile":"/Users/yuanxi/Workwork/vibe-fs/requirements/verification-system/tests/006.test.mjs","name":"WHAT[verification-system-006] the worker cost collector bounds fragmented bytes and distinguishes disabled, missing and truncated observations","fullName":"WHAT[verification-system-006] the worker cost collector bounds fragmented bytes and distinguishes disabled, missing and truncated observations"}
[verification-test-start] {"pid":53142,"parentPid":53140,"entryFile":"/Users/yuanxi/Workwork/vibe-fs/requirements/verification-system/tests/006.test.mjs","name":"WHAT[verification-system-006] file waits distinguish queued, active and verdicts awaiting stream drain","fullName":"WHAT[verification-system-006] file waits distinguish queued, active and verdicts awaiting stream drain"}
[verification-test-start] {"pid":53142,"parentPid":53140,"entryFile":"/Users/yuanxi/Workwork/vibe-fs/requirements/verification-system/tests/006.test.mjs","name":"WHAT[verification-system-006] file lifecycle facts reject unknown entries and impossible transitions","fullName":"WHAT[verification-system-006] file lifecycle facts reject unknown entries and impossible transitions"}
[verification-test-start] {"pid":53142,"parentPid":53140,"entryFile":"/Users/yuanxi/Workwork/vibe-fs/requirements/verification-system/tests/006.test.mjs","name":"WHAT[verification-system-006] a pending runtime test start remains diagnostic evidence without becoming a verdict","fullName":"WHAT[verification-system-006] a pending runtime test start remains diagnostic evidence without becoming a verdict"}
[verification-test-start] {"pid":53142,"parentPid":53140,"entryFile":"/Users/yuanxi/Workwork/vibe-fs/requirements/verification-system/tests/006.test.mjs","name":"WHAT[verification-system-006] continuing body entry diagnostics cannot keep a genuinely pending test alive","fullName":"WHAT[verification-system-006] continuing body entry diagnostics cannot keep a genuinely pending test alive"}
[verification-test-start] {"pid":53142,"parentPid":53140,"entryFile":"/Users/yuanxi/Workwork/vibe-fs/requirements/verification-system/tests/006.test.mjs","name":"WHAT[verification-system-006] real tool diagnostics preserve stdout failure and complete cleanup without forwarding the control field","fullName":"WHAT[verification-system-006] real tool diagnostics preserve stdout failure and complete cleanup without forwarding the control field"}
[verification-test-start] {"pid":53142,"parentPid":53140,"entryFile":"/Users/yuanxi/Workwork/vibe-fs/requirements/verification-system/tests/006.test.mjs","name":"WHAT[verification-system-006] real silence diagnostics identify active waits separately from queued files","fullName":"WHAT[verification-system-006] real silence diagnostics identify active waits separately from queued files"}
[verification-test-start] {"pid":53142,"parentPid":53140,"entryFile":"/Users/yuanxi/Workwork/vibe-fs/requirements/verification-system/tests/006.test.mjs","name":"WHAT[verification-system-006] silence failure reclaims its process group before the caller catches it and completes cleanup","fullName":"WHAT[verification-system-006] silence failure reclaims its process group before the caller catches it and completes cleanup"}
[verification-test-start] {"pid":53142,"parentPid":53140,"entryFile":"/Users/yuanxi/Workwork/vibe-fs/requirements/verification-system/tests/006.test.mjs","name":"WHAT[verification-system-006] synchronous runner spawn failure preserves its cause and stops its watchdog","fullName":"WHAT[verification-system-006] synchronous runner spawn failure preserves its cause and stops its watchdog"}
[verification-test-start] {"pid":53142,"parentPid":53140,"entryFile":"/Users/yuanxi/Workwork/vibe-fs/requirements/verification-system/tests/006.test.mjs","name":"WHAT[verification-system-006] suite HOME cleanup failure preserves the original failed verdict and rejects acceptance","fullName":"WHAT[verification-system-006] suite HOME cleanup failure preserves the original failed verdict and rejects acceptance"}
[verification-test-start] {"pid":53142,"parentPid":53140,"entryFile":"/Users/yuanxi/Workwork/vibe-fs/requirements/verification-system/tests/006.test.mjs","name":"WHAT[verification-system-006] standalone inner owns only its allocated HOME and always releases it","fullName":"WHAT[verification-system-006] standalone inner owns only its allocated HOME and always releases it"}
[verification-test-start] {"pid":53142,"parentPid":53140,"entryFile":"/Users/yuanxi/Workwork/vibe-fs/requirements/verification-system/tests/006.test.mjs","name":"WHAT[verification-system-006] physical backstop diagnostics retain active verdicts and queued files while completed leaves continue advancing","fullName":"WHAT[verification-system-006] physical backstop diagnostics retain active verdicts and queued files while completed leaves continue advancing"}
[verification-test-start] {"pid":53142,"parentPid":53140,"entryFile":"/Users/yuanxi/Workwork/vibe-fs/requirements/verification-system/tests/006.test.mjs","name":"WHAT[verification-system-006] synchronous work and microtasks deliver completed verdicts before the file ends","fullName":"WHAT[verification-system-006] synchronous work and microtasks deliver completed verdicts before the file ends"}
[verification-test-start] {"pid":53142,"parentPid":53140,"entryFile":"/Users/yuanxi/Workwork/vibe-fs/requirements/verification-system/tests/006.test.mjs","name":"WHAT[verification-system-006] transport scheduling cannot renew unfinished work or background noise","fullName":"WHAT[verification-system-006] transport scheduling cannot renew unfinished work or background noise"}
[verification-test-start] {"pid":53142,"parentPid":53140,"entryFile":"/Users/yuanxi/Workwork/vibe-fs/requirements/verification-system/tests/006.test.mjs","name":"WHAT[verification-system-006] transport scheduling preserves after-hook failure verdicts","fullName":"WHAT[verification-system-006] transport scheduling preserves after-hook failure verdicts"}
[verification-test-start] {"pid":53142,"parentPid":53140,"entryFile":"/Users/yuanxi/Workwork/vibe-fs/requirements/verification-system/tests/006.test.mjs","name":"WHAT[verification-system-006] repeat observations of one causal state do not renew twice","fullName":"WHAT[verification-system-006] repeat observations of one causal state do not renew twice"}
[verification-test-start] {"pid":53142,"parentPid":53140,"entryFile":"/Users/yuanxi/Workwork/vibe-fs/requirements/verification-system/tests/006.test.mjs","name":"WHAT[verification-system-006] stop cancels monitoring and late signals cannot resurrect it","fullName":"WHAT[verification-system-006] stop cancels monitoring and late signals cannot resurrect it"}
[verification-test-start] {"pid":53142,"parentPid":53140,"entryFile":"/Users/yuanxi/Workwork/vibe-fs/requirements/verification-system/tests/006.test.mjs","name":"WHAT[verification-system-006] changing the window does not invent new causal progress","fullName":"WHAT[verification-system-006] changing the window does not invent new causal progress"}
[verification-test-start] {"pid":53142,"parentPid":53140,"entryFile":"/Users/yuanxi/Workwork/vibe-fs/requirements/verification-system/tests/006.test.mjs","name":"WHAT[verification-system-006] restoring the default window retains the original last-progress time","fullName":"WHAT[verification-system-006] restoring the default window retains the original last-progress time"}
[verification-test-start] {"pid":53142,"parentPid":53140,"entryFile":"/Users/yuanxi/Workwork/vibe-fs/requirements/verification-system/tests/006.test.mjs","name":"WHAT[verification-system-006] failed diagnostic collection discloses its cause before exit","fullName":"WHAT[verification-system-006] failed diagnostic collection discloses its cause before exit"}
[verification-test-start] {"pid":53142,"parentPid":53140,"entryFile":"/Users/yuanxi/Workwork/vibe-fs/requirements/verification-system/tests/006.test.mjs","name":"WHAT[verification-system-006] hung diagnostic collection discloses missing information and cannot prevent exit","fullName":"WHAT[verification-system-006] hung diagnostic collection discloses missing information and cannot prevent exit"}
[verification-test-start] {"pid":53142,"parentPid":53140,"entryFile":"/Users/yuanxi/Workwork/vibe-fs/requirements/verification-system/tests/006.test.mjs","name":"WHAT[verification-system-006] successful diagnostic collection completes before a single exit","fullName":"WHAT[verification-system-006] successful diagnostic collection completes before a single exit"}
[verification-test-start] {"pid":53142,"parentPid":53140,"entryFile":"/Users/yuanxi/Workwork/vibe-fs/requirements/verification-system/tests/006.test.mjs","name":"WHAT[verification-system-006] a diagnostic output failure still terminates once and cannot restart monitoring","fullName":"WHAT[verification-system-006] a diagnostic output failure still terminates once and cannot restart monitoring"}
[verification-test-start] {"pid":53142,"parentPid":53140,"entryFile":"/Users/yuanxi/Workwork/vibe-fs/requirements/verification-system/tests/006.test.mjs","name":"WHAT[verification-system-006] consumed expectation observations preserve the matched physical attempt","fullName":"WHAT[verification-system-006] consumed expectation observations preserve the matched physical attempt"}
[verification-test-start] {"pid":53142,"parentPid":53140,"entryFile":"/Users/yuanxi/Workwork/vibe-fs/requirements/verification-system/tests/006.test.mjs","name":"WHAT[verification-system-006] turn observations keep session identity and forget pre-restart cursors","fullName":"WHAT[verification-system-006] turn observations keep session identity and forget pre-restart cursors"}
[verification-test-start] {"pid":53142,"parentPid":53140,"entryFile":"/Users/yuanxi/Workwork/vibe-fs/requirements/verification-system/tests/006.test.mjs","name":"WHAT[verification-system-006] alternative progress waits resolve the observed branch and release siblings","fullName":"WHAT[verification-system-006] alternative progress waits resolve the observed branch and release siblings"}
[verification-worker-cost] {"version":1,"phase":"exit","sequence":1,"entryFile":"/Users/yuanxi/Workwork/vibe-fs/requirements/verification-system/tests/006.test.mjs","pid":53142,"parentPid":53140,"monotonicMs":26058.354334,"cpuUserMicros":491950,"cpuSystemMicros":146698,"exitCode":0}
runner: file lifecycle {"entryFile":"/Users/yuanxi/Workwork/vibe-fs/requirements/verification-system/tests/006.test.mjs","type":"runner:file-drained","elapsedMs":26107.765083000002}
runner: worker cost {"version":1,"entryFile":"/Users/yuanxi/Workwork/vibe-fs/requirements/verification-system/tests/006.test.mjs","enabled":true,"pid":53142,"status":"complete","reason":null,"preImport":{"version":1,"phase":"pre-import","sequence":0,"entryFile":"/Users/yuanxi/Workwork/vibe-fs/requirements/verification-system/tests/006.test.mjs","pid":53142,"parentPid":53140,"monotonicMs":21.592834,"cpuUserMicros":25907,"cpuSystemMicros":5224},"exit":{"version":1,"phase":"exit","sequence":1,"entryFile":"/Users/yuanxi/Workwork/vibe-fs/requirements/verification-system/tests/006.test.mjs","pid":53142,"parentPid":53140,"monotonicMs":26058.354334,"cpuUserMicros":491950,"cpuSystemMicros":146698,"exitCode":0},"interval":{"clockPid":53142,"wallMs":26036.7615,"cpuUserMicros":466043,"cpuSystemMicros":141474}}

[test-summary] 6 file(s), 131 passed, 0 failed (26.08s wall, 38.96s test time)
runner: post-exit group verification/reclamation: pid=53140; elapsedMs=18.095; accepted=true
runner: 131 test(s), 39.0s of test time; max 3258ms, p90 1274ms, median 5ms
runner:    3258ms  WHAT[verification-system-006] transport scheduling cannot renew unfinished work or background noise
runner:    2221ms  WHAT[verification-system-006] synchronous work and microtasks deliver completed verdicts before the file ends
runner:    2215ms  WHAT[verification-system-006] transport scheduling preserves after-hook failure verdicts
runner:    2129ms  WHAT[verification-system-008] emitted dist modules pass linkage and dynamic loadability gate
runner:    1877ms  WHAT[js-semantic-surface-002] the current semantic zone passes the implemented boundary gate

runner: 131 passed, 0 failed; 6/6 planned file(s) completed
