runner: scoped 使用 TESTS_MJS_FILES=3 files
runner: build is current (1813 sources, 890 artifacts)
runner: discovery OVERRIDDEN by TESTS_MJS_FILES (3 file(s))
runner: 3 test file(s), 5000ms verdict-silence window
runner: file lifecycle {"entryFile":"/Users/yuanxi/Workwork/vibe-fs/requirements/knowledge-reuse/tests/013.test.mjs","pid":75303,"parentPid":75281,"type":"runner:file-start","elapsedMs":37.97329200000013}
runner: file lifecycle {"entryFile":"/Users/yuanxi/Workwork/vibe-fs/requirements/js-semantic-surface/tests/002.test.mjs","pid":75303,"parentPid":75281,"type":"runner:file-start","elapsedMs":39.16695800000002}
runner: file lifecycle {"entryFile":"/Users/yuanxi/Workwork/vibe-fs/requirements/requirement-system/tests/017.test.mjs","pid":75303,"parentPid":75281,"type":"runner:file-start","elapsedMs":40.474083000000064}
[verification-worker-cost] {"version":1,"phase":"pre-import","sequence":0,"entryFile":"/Users/yuanxi/Workwork/vibe-fs/requirements/js-semantic-surface/tests/002.test.mjs","pid":75305,"parentPid":75303,"monotonicMs":16.940875,"cpuUserMicros":22044,"cpuSystemMicros":4221}
[verification-worker-cost] {"version":1,"phase":"pre-import","sequence":0,"entryFile":"/Users/yuanxi/Workwork/vibe-fs/requirements/knowledge-reuse/tests/013.test.mjs","pid":75304,"parentPid":75303,"monotonicMs":18.357083,"cpuUserMicros":23392,"cpuSystemMicros":4635}
[verification-worker-cost] {"version":1,"phase":"pre-import","sequence":0,"entryFile":"/Users/yuanxi/Workwork/vibe-fs/requirements/requirement-system/tests/017.test.mjs","pid":75306,"parentPid":75303,"monotonicMs":20.210333,"cpuUserMicros":25480,"cpuSystemMicros":4328}
[verification-test-start] {"pid":75305,"parentPid":75303,"entryFile":"/Users/yuanxi/Workwork/vibe-fs/requirements/js-semantic-surface/tests/002.test.mjs","name":"WHAT[js-semantic-surface-002] the current semantic zone passes the implemented boundary gate","fullName":"WHAT[js-semantic-surface-002] the current semantic zone passes the implemented boundary gate"}
[verification-test-start] {"pid":75306,"parentPid":75303,"entryFile":"/Users/yuanxi/Workwork/vibe-fs/requirements/requirement-system/tests/017.test.mjs","name":"WHAT[requirement-system-017] the executable verifier scans the complete requirements tree","fullName":"WHAT[requirement-system-017] the executable verifier scans the complete requirements tree"}
[verification-test-start] {"pid":75304,"parentPid":75303,"entryFile":"/Users/yuanxi/Workwork/vibe-fs/requirements/knowledge-reuse/tests/013.test.mjs","name":"WHAT[knowledge-reuse-013] controlled malformed payload Refresh committed refuses a normal fetch answer after actual cut settlement and cold reopen","fullName":"WHAT[knowledge-reuse-013] controlled malformed payload Refresh committed refuses a normal fetch answer after actual cut settlement and cold reopen"}
[verification-test-start] {"pid":75304,"parentPid":75303,"entryFile":"/Users/yuanxi/Workwork/vibe-fs/requirements/knowledge-reuse/tests/013.test.mjs","name":"WHAT[knowledge-reuse-013] controlled malformed payload Refresh CurrentCommitUnknown refuses a normal fetch answer after actual cut settlement and cold reopen","fullName":"WHAT[knowledge-reuse-013] controlled malformed payload Refresh CurrentCommitUnknown refuses a normal fetch answer after actual cut settlement and cold reopen"}
[verification-test-start] {"pid":75306,"parentPid":75303,"entryFile":"/Users/yuanxi/Workwork/vibe-fs/requirements/requirement-system/tests/017.test.mjs","name":"WHAT[requirement-system-017] a deleted clause reports its surviving test, including nested files","fullName":"WHAT[requirement-system-017] a deleted clause reports its surviving test, including nested files"}
[verification-worker-cost] {"version":1,"phase":"exit","sequence":1,"entryFile":"/Users/yuanxi/Workwork/vibe-fs/requirements/requirement-system/tests/017.test.mjs","pid":75306,"parentPid":75303,"monotonicMs":789.055958,"cpuUserMicros":1159057,"cpuSystemMicros":73146,"exitCode":0}
runner: file lifecycle {"entryFile":"/Users/yuanxi/Workwork/vibe-fs/requirements/requirement-system/tests/017.test.mjs","type":"runner:file-drained","elapsedMs":846.27}
runner: worker cost {"version":1,"entryFile":"/Users/yuanxi/Workwork/vibe-fs/requirements/requirement-system/tests/017.test.mjs","enabled":true,"pid":75306,"status":"complete","reason":null,"preImport":{"version":1,"phase":"pre-import","sequence":0,"entryFile":"/Users/yuanxi/Workwork/vibe-fs/requirements/requirement-system/tests/017.test.mjs","pid":75306,"parentPid":75303,"monotonicMs":20.210333,"cpuUserMicros":25480,"cpuSystemMicros":4328},"exit":{"version":1,"phase":"exit","sequence":1,"entryFile":"/Users/yuanxi/Workwork/vibe-fs/requirements/requirement-system/tests/017.test.mjs","pid":75306,"parentPid":75303,"monotonicMs":789.055958,"cpuUserMicros":1159057,"cpuSystemMicros":73146,"exitCode":0},"interval":{"clockPid":75306,"wallMs":768.845625,"cpuUserMicros":1133577,"cpuSystemMicros":68818}}
[verification-test-start] {"pid":75304,"parentPid":75303,"entryFile":"/Users/yuanxi/Workwork/vibe-fs/requirements/knowledge-reuse/tests/013.test.mjs","name":"WHAT[knowledge-reuse-013] controlled malformed payload Access committed refuses a normal fetch answer after actual cut settlement and cold reopen","fullName":"WHAT[knowledge-reuse-013] controlled malformed payload Access committed refuses a normal fetch answer after actual cut settlement and cold reopen"}
[verification-test-start] {"pid":75304,"parentPid":75303,"entryFile":"/Users/yuanxi/Workwork/vibe-fs/requirements/knowledge-reuse/tests/013.test.mjs","name":"WHAT[knowledge-reuse-013] controlled malformed payload Access CurrentCommitUnknown refuses a normal fetch answer after actual cut settlement and cold reopen","fullName":"WHAT[knowledge-reuse-013] controlled malformed payload Access CurrentCommitUnknown refuses a normal fetch answer after actual cut settlement and cold reopen"}
[verification-test-start] {"pid":75304,"parentPid":75303,"entryFile":"/Users/yuanxi/Workwork/vibe-fs/requirements/knowledge-reuse/tests/013.test.mjs","name":"WHAT[knowledge-reuse-013] actual fetch Refresh success preserves its settlement boundary","fullName":"WHAT[knowledge-reuse-013] actual fetch Refresh success preserves its settlement boundary"}
[verification-test-start] {"pid":75304,"parentPid":75303,"entryFile":"/Users/yuanxi/Workwork/vibe-fs/requirements/knowledge-reuse/tests/013.test.mjs","name":"WHAT[knowledge-reuse-013] actual fetch Refresh CurrentCommitUnknown preserves its settlement boundary","fullName":"WHAT[knowledge-reuse-013] actual fetch Refresh CurrentCommitUnknown preserves its settlement boundary"}
[verification-test-start] {"pid":75304,"parentPid":75303,"entryFile":"/Users/yuanxi/Workwork/vibe-fs/requirements/knowledge-reuse/tests/013.test.mjs","name":"WHAT[knowledge-reuse-013] actual fetch Refresh AppendNotAttempted preserves its settlement boundary","fullName":"WHAT[knowledge-reuse-013] actual fetch Refresh AppendNotAttempted preserves its settlement boundary"}
[verification-test-start] {"pid":75304,"parentPid":75303,"entryFile":"/Users/yuanxi/Workwork/vibe-fs/requirements/knowledge-reuse/tests/013.test.mjs","name":"WHAT[knowledge-reuse-013] actual fetch Refresh NoNewWriteReleaseFailed preserves its settlement boundary","fullName":"WHAT[knowledge-reuse-013] actual fetch Refresh NoNewWriteReleaseFailed preserves its settlement boundary"}
[verification-test-start] {"pid":75304,"parentPid":75303,"entryFile":"/Users/yuanxi/Workwork/vibe-fs/requirements/knowledge-reuse/tests/013.test.mjs","name":"WHAT[knowledge-reuse-013] actual fetch Refresh cut-callback-throws preserves its settlement boundary","fullName":"WHAT[knowledge-reuse-013] actual fetch Refresh cut-callback-throws preserves its settlement boundary"}
[verification-test-start] {"pid":75304,"parentPid":75303,"entryFile":"/Users/yuanxi/Workwork/vibe-fs/requirements/knowledge-reuse/tests/013.test.mjs","name":"WHAT[knowledge-reuse-013] actual fetch Access success preserves its settlement boundary","fullName":"WHAT[knowledge-reuse-013] actual fetch Access success preserves its settlement boundary"}
[verification-test-start] {"pid":75304,"parentPid":75303,"entryFile":"/Users/yuanxi/Workwork/vibe-fs/requirements/knowledge-reuse/tests/013.test.mjs","name":"WHAT[knowledge-reuse-013] actual fetch Access CurrentCommitUnknown preserves its settlement boundary","fullName":"WHAT[knowledge-reuse-013] actual fetch Access CurrentCommitUnknown preserves its settlement boundary"}
[verification-test-start] {"pid":75304,"parentPid":75303,"entryFile":"/Users/yuanxi/Workwork/vibe-fs/requirements/knowledge-reuse/tests/013.test.mjs","name":"WHAT[knowledge-reuse-013] actual fetch Access AppendNotAttempted preserves its settlement boundary","fullName":"WHAT[knowledge-reuse-013] actual fetch Access AppendNotAttempted preserves its settlement boundary"}
[verification-test-start] {"pid":75304,"parentPid":75303,"entryFile":"/Users/yuanxi/Workwork/vibe-fs/requirements/knowledge-reuse/tests/013.test.mjs","name":"WHAT[knowledge-reuse-013] actual fetch Access NoNewWriteReleaseFailed preserves its settlement boundary","fullName":"WHAT[knowledge-reuse-013] actual fetch Access NoNewWriteReleaseFailed preserves its settlement boundary"}
[verification-test-start] {"pid":75304,"parentPid":75303,"entryFile":"/Users/yuanxi/Workwork/vibe-fs/requirements/knowledge-reuse/tests/013.test.mjs","name":"WHAT[knowledge-reuse-013] actual fetch Access cut-callback-throws preserves its settlement boundary","fullName":"WHAT[knowledge-reuse-013] actual fetch Access cut-callback-throws preserves its settlement boundary"}
[verification-test-start] {"pid":75304,"parentPid":75303,"entryFile":"/Users/yuanxi/Workwork/vibe-fs/requirements/knowledge-reuse/tests/013.test.mjs","name":"WHAT[knowledge-reuse-013] actual fetch Access ordinary-observer-throws preserves its settlement boundary","fullName":"WHAT[knowledge-reuse-013] actual fetch Access ordinary-observer-throws preserves its settlement boundary"}
[verification-test-start] {"pid":75304,"parentPid":75303,"entryFile":"/Users/yuanxi/Workwork/vibe-fs/requirements/knowledge-reuse/tests/013.test.mjs","name":"WHAT[knowledge-reuse-013] the native owner requires its capability and rejects an incident descriptor without an original settled carrier","fullName":"WHAT[knowledge-reuse-013] the native owner requires its capability and rejects an incident descriptor without an original settled carrier"}
[verification-test-start] {"pid":75304,"parentPid":75303,"entryFile":"/Users/yuanxi/Workwork/vibe-fs/requirements/knowledge-reuse/tests/013.test.mjs","name":"WHAT[knowledge-reuse-013] actual Lifecycle Capture valid payload committed preserves the original settlement and durable projection","fullName":"WHAT[knowledge-reuse-013] actual Lifecycle Capture valid payload committed preserves the original settlement and durable projection"}
[verification-test-start] {"pid":75304,"parentPid":75303,"entryFile":"/Users/yuanxi/Workwork/vibe-fs/requirements/knowledge-reuse/tests/013.test.mjs","name":"WHAT[knowledge-reuse-013] actual Lifecycle Capture valid payload CurrentCommitUnknown preserves the original settlement and durable projection","fullName":"WHAT[knowledge-reuse-013] actual Lifecycle Capture valid payload CurrentCommitUnknown preserves the original settlement and durable projection"}
[verification-test-start] {"pid":75304,"parentPid":75303,"entryFile":"/Users/yuanxi/Workwork/vibe-fs/requirements/knowledge-reuse/tests/013.test.mjs","name":"WHAT[knowledge-reuse-013] actual Lifecycle Capture controlled malformed payload committed preserves the original settlement and durable projection","fullName":"WHAT[knowledge-reuse-013] actual Lifecycle Capture controlled malformed payload committed preserves the original settlement and durable projection"}
js-boundary-gate: OK — 0 debt line(s) across 0 file(s)
[verification-test-start] {"pid":75305,"parentPid":75303,"entryFile":"/Users/yuanxi/Workwork/vibe-fs/requirements/js-semantic-surface/tests/002.test.mjs","name":"WHAT[js-semantic-surface-002] the same gate accepts a registered public import and rejects an internal module","fullName":"WHAT[js-semantic-surface-002] the same gate accepts a registered public import and rejects an internal module"}
js-boundary-gate: OK — 0 debt line(s) across 0 file(s)
js-boundary-gate: 1 violation(s) across 1 file(s)
  ../../../../var/folders/g_/3ydzn7kx5lg9ylq8fd9p_13r0000gn/T/js-surface-7s2FVj/requirements/consumer/tests/support/api.mjs:1 [deep-dist-import] import * as api from '../../../../dist/Internal/Unregistered.js'
[verification-test-start] {"pid":75305,"parentPid":75303,"entryFile":"/Users/yuanxi/Workwork/vibe-fs/requirements/js-semantic-surface/tests/002.test.mjs","name":"WHAT[js-semantic-surface-002] module discovery, generated-name probing and runtime representation access are detected","fullName":"WHAT[js-semantic-surface-002] module discovery, generated-name probing and runtime representation access are detected"}
[verification-test-start] {"pid":75305,"parentPid":75303,"entryFile":"/Users/yuanxi/Workwork/vibe-fs/requirements/js-semantic-surface/tests/002.test.mjs","name":"WHAT[js-semantic-surface-002] a template that chooses an unregistered compiled module is detected","fullName":"WHAT[js-semantic-surface-002] a template that chooses an unregistered compiled module is detected"}
[verification-test-start] {"pid":75305,"parentPid":75303,"entryFile":"/Users/yuanxi/Workwork/vibe-fs/requirements/js-semantic-surface/tests/002.test.mjs","name":"WHAT[js-semantic-surface-002] ordinary data enumeration and standard function binding remain legal","fullName":"WHAT[js-semantic-surface-002] ordinary data enumeration and standard function binding remain legal"}
[verification-test-start] {"pid":75305,"parentPid":75303,"entryFile":"/Users/yuanxi/Workwork/vibe-fs/requirements/js-semantic-surface/tests/002.test.mjs","name":"WHAT[js-semantic-surface-002] native fixture fields and standard object spread are not runtime representation access","fullName":"WHAT[js-semantic-surface-002] native fixture fields and standard object spread are not runtime representation access"}
[verification-test-start] {"pid":75305,"parentPid":75303,"entryFile":"/Users/yuanxi/Workwork/vibe-fs/requirements/js-semantic-surface/tests/002.test.mjs","name":"WHAT[js-semantic-surface-002] accepts plain DTO through the actual gate","fullName":"WHAT[js-semantic-surface-002] native fixture fields and standard object spread are not runtime representation access > WHAT[js-semantic-surface-002] accepts plain DTO through the actual gate"}
js-boundary-gate: OK — 0 debt line(s) across 0 file(s)
[verification-test-start] {"pid":75305,"parentPid":75303,"entryFile":"/Users/yuanxi/Workwork/vibe-fs/requirements/js-semantic-surface/tests/002.test.mjs","name":"WHAT[js-semantic-surface-002] accepts object spread through the actual gate","fullName":"WHAT[js-semantic-surface-002] native fixture fields and standard object spread are not runtime representation access > WHAT[js-semantic-surface-002] accepts object spread through the actual gate"}
js-boundary-gate: OK — 0 debt line(s) across 0 file(s)
[verification-test-start] {"pid":75305,"parentPid":75303,"entryFile":"/Users/yuanxi/Workwork/vibe-fs/requirements/js-semantic-surface/tests/002.test.mjs","name":"WHAT[js-semantic-surface-002] accepts static fixture loop through the actual gate","fullName":"WHAT[js-semantic-surface-002] native fixture fields and standard object spread are not runtime representation access > WHAT[js-semantic-surface-002] accepts static fixture loop through the actual gate"}
js-boundary-gate: OK — 0 debt line(s) across 0 file(s)
[verification-test-start] {"pid":75305,"parentPid":75303,"entryFile":"/Users/yuanxi/Workwork/vibe-fs/requirements/js-semantic-surface/tests/002.test.mjs","name":"WHAT[js-semantic-surface-002] imported runtime and unproved fields receivers remain forbidden","fullName":"WHAT[js-semantic-surface-002] imported runtime and unproved fields receivers remain forbidden"}
js-boundary-gate: 1 violation(s) across 1 file(s)
  ../../../../var/folders/g_/3ydzn7kx5lg9ylq8fd9p_13r0000gn/T/js-surface-3ZklID/requirements/consumer/tests/001.test.mjs:3 [du-shape] export const value = api.fields
[verification-test-start] {"pid":75305,"parentPid":75303,"entryFile":"/Users/yuanxi/Workwork/vibe-fs/requirements/js-semantic-surface/tests/002.test.mjs","name":"WHAT[js-semantic-surface-002] rejects imported namespace at the representation boundary","fullName":"WHAT[js-semantic-surface-002] imported runtime and unproved fields receivers remain forbidden > WHAT[js-semantic-surface-002] rejects imported namespace at the representation boundary"}
[verification-test-start] {"pid":75305,"parentPid":75303,"entryFile":"/Users/yuanxi/Workwork/vibe-fs/requirements/js-semantic-surface/tests/002.test.mjs","name":"WHAT[js-semantic-surface-002] rejects imported result at the representation boundary","fullName":"WHAT[js-semantic-surface-002] imported runtime and unproved fields receivers remain forbidden > WHAT[js-semantic-surface-002] rejects imported result at the representation boundary"}
js-boundary-gate: 1 violation(s) across 1 file(s)
  ../../../../var/folders/g_/3ydzn7kx5lg9ylq8fd9p_13r0000gn/T/js-surface-fSjVs3/requirements/consumer/tests/001.test.mjs:4 [du-shape] export const value = data.fields
[verification-test-start] {"pid":75305,"parentPid":75303,"entryFile":"/Users/yuanxi/Workwork/vibe-fs/requirements/js-semantic-surface/tests/002.test.mjs","name":"WHAT[js-semantic-surface-002] rejects unknown parameter at the representation boundary","fullName":"WHAT[js-semantic-surface-002] imported runtime and unproved fields receivers remain forbidden > WHAT[js-semantic-surface-002] rejects unknown parameter at the representation boundary"}
js-boundary-gate: 1 violation(s) across 1 file(s)
  ../../../../var/folders/g_/3ydzn7kx5lg9ylq8fd9p_13r0000gn/T/js-surface-9SNlit/requirements/consumer/tests/001.test.mjs:1 [du-shape] export const read = value => value.fields
[verification-test-start] {"pid":75305,"parentPid":75303,"entryFile":"/Users/yuanxi/Workwork/vibe-fs/requirements/js-semantic-surface/tests/002.test.mjs","name":"WHAT[js-semantic-surface-002] rejects shadowed native name at the representation boundary","fullName":"WHAT[js-semantic-surface-002] imported runtime and unproved fields receivers remain forbidden > WHAT[js-semantic-surface-002] rejects shadowed native name at the representation boundary"}
js-boundary-gate: 1 violation(s) across 1 file(s)
  ../../../../var/folders/g_/3ydzn7kx5lg9ylq8fd9p_13r0000gn/T/js-surface-osN8oA/requirements/consumer/tests/001.test.mjs:2 [du-shape] export function read(data) { return data.fields }
[verification-test-start] {"pid":75305,"parentPid":75303,"entryFile":"/Users/yuanxi/Workwork/vibe-fs/requirements/js-semantic-surface/tests/002.test.mjs","name":"WHAT[js-semantic-surface-002] rejects mixed fixture array at the representation boundary","fullName":"WHAT[js-semantic-surface-002] imported runtime and unproved fields receivers remain forbidden > WHAT[js-semantic-surface-002] rejects mixed fixture array at the representation boundary"}
js-boundary-gate: 1 violation(s) across 1 file(s)
  ../../../../var/folders/g_/3ydzn7kx5lg9ylq8fd9p_13r0000gn/T/js-surface-DSRol5/requirements/consumer/tests/001.test.mjs:4 [du-shape] for (const scenario of scenarios) console.log(scenario.fields)
[verification-test-start] {"pid":75305,"parentPid":75303,"entryFile":"/Users/yuanxi/Workwork/vibe-fs/requirements/js-semantic-surface/tests/002.test.mjs","name":"WHAT[js-semantic-surface-002] rejects mutated fixture array at the representation boundary","fullName":"WHAT[js-semantic-surface-002] imported runtime and unproved fields receivers remain forbidden > WHAT[js-semantic-surface-002] rejects mutated fixture array at the representation boundary"}
js-boundary-gate: 1 violation(s) across 1 file(s)
  ../../../../var/folders/g_/3ydzn7kx5lg9ylq8fd9p_13r0000gn/T/js-surface-eNd3ed/requirements/consumer/tests/001.test.mjs:5 [du-shape] for (const scenario of scenarios) console.log(scenario.fields)
[verification-test-start] {"pid":75305,"parentPid":75303,"entryFile":"/Users/yuanxi/Workwork/vibe-fs/requirements/js-semantic-surface/tests/002.test.mjs","name":"WHAT[js-semantic-surface-002] rejects aliased runtime insertion at the representation boundary","fullName":"WHAT[js-semantic-surface-002] imported runtime and unproved fields receivers remain forbidden > WHAT[js-semantic-surface-002] rejects aliased runtime insertion at the representation boundary"}
js-boundary-gate: 1 violation(s) across 1 file(s)
  ../../../../var/folders/g_/3ydzn7kx5lg9ylq8fd9p_13r0000gn/T/js-surface-7I1QgK/requirements/consumer/tests/001.test.mjs:6 [du-shape] for (const scenario of scenarios) console.log(scenario.fields)
[verification-test-start] {"pid":75305,"parentPid":75303,"entryFile":"/Users/yuanxi/Workwork/vibe-fs/requirements/js-semantic-surface/tests/002.test.mjs","name":"WHAT[js-semantic-surface-002] rejects assigned alias runtime insertion at the representation boundary","fullName":"WHAT[js-semantic-surface-002] imported runtime and unproved fields receivers remain forbidden > WHAT[js-semantic-surface-002] rejects assigned alias runtime insertion at the representation boundary"}
js-boundary-gate: 1 violation(s) across 1 file(s)
  ../../../../var/folders/g_/3ydzn7kx5lg9ylq8fd9p_13r0000gn/T/js-surface-Xo7ApF/requirements/consumer/tests/001.test.mjs:7 [du-shape] for (const scenario of scenarios) console.log(scenario.fields)
[verification-test-start] {"pid":75305,"parentPid":75303,"entryFile":"/Users/yuanxi/Workwork/vibe-fs/requirements/js-semantic-surface/tests/002.test.mjs","name":"WHAT[js-semantic-surface-002] rejects implicit return alias runtime insertion at the representation boundary","fullName":"WHAT[js-semantic-surface-002] imported runtime and unproved fields receivers remain forbidden > WHAT[js-semantic-surface-002] rejects implicit return alias runtime insertion at the representation boundary"}
js-boundary-gate: 1 violation(s) across 1 file(s)
  ../../../../var/folders/g_/3ydzn7kx5lg9ylq8fd9p_13r0000gn/T/js-surface-T2Zao8/requirements/consumer/tests/001.test.mjs:7 [du-shape] for (const scenario of scenarios) console.log(scenario.fields)
[verification-test-start] {"pid":75305,"parentPid":75303,"entryFile":"/Users/yuanxi/Workwork/vibe-fs/requirements/js-semantic-surface/tests/002.test.mjs","name":"WHAT[js-semantic-surface-002] rejects escaped fixture container at the representation boundary","fullName":"WHAT[js-semantic-surface-002] imported runtime and unproved fields receivers remain forbidden > WHAT[js-semantic-surface-002] rejects escaped fixture container at the representation boundary"}
js-boundary-gate: 1 violation(s) across 1 file(s)
  ../../../../var/folders/g_/3ydzn7kx5lg9ylq8fd9p_13r0000gn/T/js-surface-KMY2dB/requirements/consumer/tests/001.test.mjs:5 [du-shape] for (const scenario of scenarios) console.log(scenario.fields)
[verification-test-start] {"pid":75305,"parentPid":75303,"entryFile":"/Users/yuanxi/Workwork/vibe-fs/requirements/js-semantic-surface/tests/002.test.mjs","name":"WHAT[js-semantic-surface-002] rejects computed runtime access at the representation boundary","fullName":"WHAT[js-semantic-surface-002] imported runtime and unproved fields receivers remain forbidden > WHAT[js-semantic-surface-002] rejects computed runtime access at the representation boundary"}
js-boundary-gate: 1 violation(s) across 1 file(s)
  ../../../../var/folders/g_/3ydzn7kx5lg9ylq8fd9p_13r0000gn/T/js-surface-SkuyRb/requirements/consumer/tests/001.test.mjs:4 [du-shape] export const value = data["fields"]
[verification-worker-cost] {"version":1,"phase":"exit","sequence":1,"entryFile":"/Users/yuanxi/Workwork/vibe-fs/requirements/js-semantic-surface/tests/002.test.mjs","pid":75305,"parentPid":75303,"monotonicMs":1616.801041,"cpuUserMicros":2250207,"cpuSystemMicros":112108,"exitCode":0}
runner: file lifecycle {"entryFile":"/Users/yuanxi/Workwork/vibe-fs/requirements/js-semantic-surface/tests/002.test.mjs","type":"runner:file-drained","elapsedMs":1670.5393330000002}
runner: worker cost {"version":1,"entryFile":"/Users/yuanxi/Workwork/vibe-fs/requirements/js-semantic-surface/tests/002.test.mjs","enabled":true,"pid":75305,"status":"complete","reason":null,"preImport":{"version":1,"phase":"pre-import","sequence":0,"entryFile":"/Users/yuanxi/Workwork/vibe-fs/requirements/js-semantic-surface/tests/002.test.mjs","pid":75305,"parentPid":75303,"monotonicMs":16.940875,"cpuUserMicros":22044,"cpuSystemMicros":4221},"exit":{"version":1,"phase":"exit","sequence":1,"entryFile":"/Users/yuanxi/Workwork/vibe-fs/requirements/js-semantic-surface/tests/002.test.mjs","pid":75305,"parentPid":75303,"monotonicMs":1616.801041,"cpuUserMicros":2250207,"cpuSystemMicros":112108,"exitCode":0},"interval":{"clockPid":75305,"wallMs":1599.860166,"cpuUserMicros":2228163,"cpuSystemMicros":107887}}
[verification-test-start] {"pid":75304,"parentPid":75303,"entryFile":"/Users/yuanxi/Workwork/vibe-fs/requirements/knowledge-reuse/tests/013.test.mjs","name":"WHAT[knowledge-reuse-013] actual Lifecycle Capture controlled malformed payload CurrentCommitUnknown preserves the original settlement and durable projection","fullName":"WHAT[knowledge-reuse-013] actual Lifecycle Capture controlled malformed payload CurrentCommitUnknown preserves the original settlement and durable projection"}
[verification-test-start] {"pid":75304,"parentPid":75303,"entryFile":"/Users/yuanxi/Workwork/vibe-fs/requirements/knowledge-reuse/tests/013.test.mjs","name":"WHAT[knowledge-reuse-013] original Host finalization helper refuses controlled malformed Capture committed with returning owner after real Bookkeeper settlement","fullName":"WHAT[knowledge-reuse-013] original Host finalization helper refuses controlled malformed Capture committed with returning owner after real Bookkeeper settlement"}
[verification-test-start] {"pid":75304,"parentPid":75303,"entryFile":"/Users/yuanxi/Workwork/vibe-fs/requirements/knowledge-reuse/tests/013.test.mjs","name":"WHAT[knowledge-reuse-013] original Host finalization helper refuses controlled malformed Capture CurrentCommitUnknown with returning owner after real Bookkeeper settlement","fullName":"WHAT[knowledge-reuse-013] original Host finalization helper refuses controlled malformed Capture CurrentCommitUnknown with returning owner after real Bookkeeper settlement"}
[verification-test-start] {"pid":75304,"parentPid":75303,"entryFile":"/Users/yuanxi/Workwork/vibe-fs/requirements/knowledge-reuse/tests/013.test.mjs","name":"WHAT[knowledge-reuse-013] original Host finalization helper refuses controlled malformed Capture committed with throwing owner after real Bookkeeper settlement","fullName":"WHAT[knowledge-reuse-013] original Host finalization helper refuses controlled malformed Capture committed with throwing owner after real Bookkeeper settlement"}
[verification-test-start] {"pid":75304,"parentPid":75303,"entryFile":"/Users/yuanxi/Workwork/vibe-fs/requirements/knowledge-reuse/tests/013.test.mjs","name":"WHAT[knowledge-reuse-013] original Host finalization helper refuses controlled malformed Capture CurrentCommitUnknown with throwing owner after real Bookkeeper settlement","fullName":"WHAT[knowledge-reuse-013] original Host finalization helper refuses controlled malformed Capture CurrentCommitUnknown with throwing owner after real Bookkeeper settlement"}
[verification-test-start] {"pid":75304,"parentPid":75303,"entryFile":"/Users/yuanxi/Workwork/vibe-fs/requirements/knowledge-reuse/tests/013.test.mjs","name":"WHAT[knowledge-reuse-013] original Host finalization success without cuts retains the ordinary settlement after actual Capture","fullName":"WHAT[knowledge-reuse-013] original Host finalization success without cuts retains the ordinary settlement after actual Capture"}
[verification-test-start] {"pid":75304,"parentPid":75303,"entryFile":"/Users/yuanxi/Workwork/vibe-fs/requirements/knowledge-reuse/tests/013.test.mjs","name":"WHAT[knowledge-reuse-013] original Host finalization CurrentCommitUnknown without cuts retains the ordinary settlement after actual Capture","fullName":"WHAT[knowledge-reuse-013] original Host finalization CurrentCommitUnknown without cuts retains the ordinary settlement after actual Capture"}
[verification-test-start] {"pid":75304,"parentPid":75303,"entryFile":"/Users/yuanxi/Workwork/vibe-fs/requirements/knowledge-reuse/tests/013.test.mjs","name":"WHAT[knowledge-reuse-013] original Host finalization observer-throws without cuts retains the ordinary settlement after actual Capture","fullName":"WHAT[knowledge-reuse-013] original Host finalization observer-throws without cuts retains the ordinary settlement after actual Capture"}
[verification-test-start] {"pid":75304,"parentPid":75303,"entryFile":"/Users/yuanxi/Workwork/vibe-fs/requirements/knowledge-reuse/tests/013.test.mjs","name":"WHAT[knowledge-reuse-013] actual Boot owner valid reports and terminates its own native process only after original Host Capture settlement","fullName":"WHAT[knowledge-reuse-013] actual Boot owner valid reports and terminates its own native process only after original Host Capture settlement"}
[verification-test-start] {"pid":75304,"parentPid":75303,"entryFile":"/Users/yuanxi/Workwork/vibe-fs/requirements/knowledge-reuse/tests/013.test.mjs","name":"WHAT[knowledge-reuse-013] actual Boot owner valid-unknown reports and terminates its own native process only after original Host Capture settlement","fullName":"WHAT[knowledge-reuse-013] actual Boot owner valid-unknown reports and terminates its own native process only after original Host Capture settlement"}

✖ failing tests:

test at /Users/yuanxi/Workwork/vibe-fs/requirements/knowledge-reuse/tests/013.test.mjs:690:3
✖ WHAT[knowledge-reuse-013] actual Boot owner valid reports and terminates its own native process only after original Host Capture settlement (848.477ms)
  AssertionError [ERR_ASSERTION]: the original Boot journal and prior Case both exist
      at TestContext.<anonymous> (file:///Users/yuanxi/Workwork/vibe-fs/requirements/knowledge-reuse/tests/013.test.mjs:740:14)
      at process.processTicksAndRejections (node:internal/process/task_queues:103:5)
      at async Test.run (node:internal/test_runner/test:1054:7)
      at async Test.processPendingSubtests (node:internal/test_runner/test:744:7)

[verification-test-start] {"pid":75304,"parentPid":75303,"entryFile":"/Users/yuanxi/Workwork/vibe-fs/requirements/knowledge-reuse/tests/013.test.mjs","name":"WHAT[knowledge-reuse-013] actual Boot owner malformed reports and terminates its own native process only after original Host Capture settlement","fullName":"WHAT[knowledge-reuse-013] actual Boot owner malformed reports and terminates its own native process only after original Host Capture settlement"}
test at /Users/yuanxi/Workwork/vibe-fs/requirements/knowledge-reuse/tests/013.test.mjs:690:3
✖ WHAT[knowledge-reuse-013] actual Boot owner valid-unknown reports and terminates its own native process only after original Host Capture settlement (587.316ms)
  AssertionError [ERR_ASSERTION]: the original Boot journal and prior Case both exist
      at TestContext.<anonymous> (file:///Users/yuanxi/Workwork/vibe-fs/requirements/knowledge-reuse/tests/013.test.mjs:740:14)
      at async Test.run (node:internal/test_runner/test:1054:7)
      at async Test.processPendingSubtests (node:internal/test_runner/test:744:7)

[verification-test-start] {"pid":75304,"parentPid":75303,"entryFile":"/Users/yuanxi/Workwork/vibe-fs/requirements/knowledge-reuse/tests/013.test.mjs","name":"WHAT[knowledge-reuse-013] actual Boot owner malformed-unknown reports and terminates its own native process only after original Host Capture settlement","fullName":"WHAT[knowledge-reuse-013] actual Boot owner malformed-unknown reports and terminates its own native process only after original Host Capture settlement"}
test at /Users/yuanxi/Workwork/vibe-fs/requirements/knowledge-reuse/tests/013.test.mjs:690:3
✖ WHAT[knowledge-reuse-013] actual Boot owner malformed reports and terminates its own native process only after original Host Capture settlement (548.786ms)
  AssertionError [ERR_ASSERTION]: the original Boot journal and prior Case both exist
      at TestContext.<anonymous> (file:///Users/yuanxi/Workwork/vibe-fs/requirements/knowledge-reuse/tests/013.test.mjs:740:14)
      at process.processTicksAndRejections (node:internal/process/task_queues:103:5)
      at async Test.run (node:internal/test_runner/test:1054:7)
      at async Test.processPendingSubtests (node:internal/test_runner/test:744:7)

[verification-test-start] {"pid":75304,"parentPid":75303,"entryFile":"/Users/yuanxi/Workwork/vibe-fs/requirements/knowledge-reuse/tests/013.test.mjs","name":"WHAT[knowledge-reuse-013] GAP-160: actual Casebook semantic conflict commits or settles its failure cut before a mandatory injected fuse reports and kills once without modifying its projection","fullName":"WHAT[knowledge-reuse-013] GAP-160: actual Casebook semantic conflict commits or settles its failure cut before a mandatory injected fuse reports and kills once without modifying its projection"}
test at /Users/yuanxi/Workwork/vibe-fs/requirements/knowledge-reuse/tests/013.test.mjs:690:3
✖ WHAT[knowledge-reuse-013] actual Boot owner malformed-unknown reports and terminates its own native process only after original Host Capture settlement (533.116ms)
  AssertionError [ERR_ASSERTION]: the original Boot journal and prior Case both exist
      at TestContext.<anonymous> (file:///Users/yuanxi/Workwork/vibe-fs/requirements/knowledge-reuse/tests/013.test.mjs:740:14)
      at process.processTicksAndRejections (node:internal/process/task_queues:103:5)
      at async Test.run (node:internal/test_runner/test:1054:7)
      at async Test.processPendingSubtests (node:internal/test_runner/test:744:7)

[verification-worker-cost] {"version":1,"phase":"exit","sequence":1,"entryFile":"/Users/yuanxi/Workwork/vibe-fs/requirements/knowledge-reuse/tests/013.test.mjs","pid":75304,"parentPid":75303,"monotonicMs":4543.664167,"cpuUserMicros":683003,"cpuSystemMicros":187291,"exitCode":1}
runner: file lifecycle {"entryFile":"/Users/yuanxi/Workwork/vibe-fs/requirements/knowledge-reuse/tests/013.test.mjs","type":"runner:file-drained","elapsedMs":4597.796208}
runner: worker cost {"version":1,"entryFile":"/Users/yuanxi/Workwork/vibe-fs/requirements/knowledge-reuse/tests/013.test.mjs","enabled":true,"pid":75304,"status":"complete","reason":null,"preImport":{"version":1,"phase":"pre-import","sequence":0,"entryFile":"/Users/yuanxi/Workwork/vibe-fs/requirements/knowledge-reuse/tests/013.test.mjs","pid":75304,"parentPid":75303,"monotonicMs":18.357083,"cpuUserMicros":23392,"cpuSystemMicros":4635},"exit":{"version":1,"phase":"exit","sequence":1,"entryFile":"/Users/yuanxi/Workwork/vibe-fs/requirements/knowledge-reuse/tests/013.test.mjs","pid":75304,"parentPid":75303,"monotonicMs":4543.664167,"cpuUserMicros":683003,"cpuSystemMicros":187291,"exitCode":1},"interval":{"clockPid":75304,"wallMs":4525.307084,"cpuUserMicros":659611,"cpuSystemMicros":182656}}

[test-summary] 3 file(s), 50 passed, 4 failed, 1 todo (4.56s wall, 6.45s test time)
  todo: /Users/yuanxi/Workwork/vibe-fs/requirements/knowledge-reuse/tests/013.test.mjs:WHAT[knowledge-reuse-013] GAP-160: actual Casebook semantic conflict commits or settles its failure cut before a mandatory injected fuse reports and kills once without modifying its projection — reason not supplied
runner: post-exit group verification/reclamation: pid=75303; elapsedMs=16.720; accepted=true
runner: 55 test(s), 6.5s of test time; max 1549ms, p90 533ms, median 13ms
runner:    1549ms  WHAT[js-semantic-surface-002] the current semantic zone passes the implemented boundary gate
runner:     848ms  WHAT[knowledge-reuse-013] actual Boot owner valid reports and terminates its own native process only after original Host Capture settlement
runner:     754ms  WHAT[requirement-system-017] the executable verifier scans the complete requirements tree
runner:     587ms  WHAT[knowledge-reuse-013] actual Boot owner valid-unknown reports and terminates its own native process only after original Host Capture settlement
runner:     549ms  WHAT[knowledge-reuse-013] actual Boot owner malformed reports and terminates its own native process only after original Host Capture settlement

runner: 50 passed, 4 failed; 3/3 planned file(s) completed
Error: runner: supervised suite failed (exit 1)
    at fail (file:///Users/yuanxi/Workwork/vibe-fs/requirements/verification-system/tests/e2e/support/supervise-node-test.mjs:258:25)
    at superviseOwnedNodeTest (file:///Users/yuanxi/Workwork/vibe-fs/requirements/verification-system/tests/e2e/support/supervise-node-test.mjs:486:19)
    at process.processTicksAndRejections (node:internal/process/task_queues:103:5)
    at async superviseNodeTest (file:///Users/yuanxi/Workwork/vibe-fs/requirements/verification-system/tests/e2e/support/supervise-node-test.mjs:235:14)
    at async file:///Users/yuanxi/Workwork/vibe-fs/requirements/verification-system/tests/run.mjs:94:1 {
  exitCode: 1,
  [cause]: undefined
}
