TAP version 13
# Subtest: WHAT[knowledge-reuse-013] actual Boot owner valid reports and terminates its own native process only after original Host Capture settlement
ok 1 - WHAT[knowledge-reuse-013] actual Boot owner valid reports and terminates its own native process only after original Host Capture settlement
  ---
  duration_ms: 1959.366167
  type: 'test'
  ...
# {"scenario":"valid","nativePid":77389,"coldPid":77526,"terminal":0,"originalBootPhysicalAndCold":true}
# Subtest: WHAT[knowledge-reuse-013] actual Boot owner valid-unknown reports and terminates its own native process only after original Host Capture settlement
ok 2 - WHAT[knowledge-reuse-013] actual Boot owner valid-unknown reports and terminates its own native process only after original Host Capture settlement
  ---
  duration_ms: 1419.142708
  type: 'test'
  ...
# {"scenario":"valid-unknown","nativePid":77636,"coldPid":77754,"terminal":0,"originalBootPhysicalAndCold":true}
# Subtest: WHAT[knowledge-reuse-013] actual Boot owner malformed reports and terminates its own native process only after original Host Capture settlement
ok 3 - WHAT[knowledge-reuse-013] actual Boot owner malformed reports and terminates its own native process only after original Host Capture settlement
  ---
  duration_ms: 1204.453792
  type: 'test'
  ...
# {"scenario":"malformed","nativePid":77827,"coldPid":77925,"terminal":"SIGKILL","originalBootPhysicalAndCold":true}
# Subtest: WHAT[knowledge-reuse-013] actual Boot owner malformed-unknown reports and terminates its own native process only after original Host Capture settlement
ok 4 - WHAT[knowledge-reuse-013] actual Boot owner malformed-unknown reports and terminates its own native process only after original Host Capture settlement
  ---
  duration_ms: 1225.739916
  type: 'test'
  ...
# {"scenario":"malformed-unknown","nativePid":78008,"coldPid":78108,"terminal":"SIGKILL","originalBootPhysicalAndCold":true}
1..4
# tests 4
# suites 0
# pass 4
# fail 0
# cancelled 0
# skipped 0
# todo 0
# duration_ms 6610.007
