[36m[build][0m Compiling F# (full)...
[37mFable 5.13.0: F# to JavaScript compiler
[39m[22m[37mMinimum @fable-org/fable-library-js version (when installed from npm): 2.5.1
[39m[22m[37m
Thanks to the contributor! @bentayloruk
[39m[22m[37mStand with Ukraine! https://standwithukraine.com.ua/

[39m[22m[37mParsing src/Wanxiangshu/.fable-build/output-compile/20e8e267a5777f8d1889ac5a21b93a7c81671ff94a7e3d195861d7047d3a00d6/Wanxiangshu.Impact.fsproj...
[39m[22m[37mProject and references (1562 source files) parsed in 1151ms

[39m[22m[37mStarted Fable compilation...
[39m[22m[37m
Fable compilation finished in 32929ms

[39m[22m[31m./src/Wanxiangshu/Repository/Knowledge/Casebook/Settlement.fsi(37,13): (37,29) error FSHARP: Structs, interfaces, enums and delegates cannot inherit from other types (code 931)
[39m[22m[31m./src/Wanxiangshu/Repository/Knowledge/Casebook/SettlementOwner.fs(31,19): (31,27) error FSHARP: The type 'CasebookSemanticCutIncident' is not compatible with the type 'System.Exception' (code 1)
[39m[22m[31m./src/Wanxiangshu/Repository/Knowledge/Casebook/SettlementSurface.fs(14,27): (14,32) error FSHARP: The argument names in the signature 'incident' and implementation 'value' do not match. The argument name from the signature file will be used. This may cause problems when debugging or profiling. (code 3218)
[39m[22m[31m./src/Wanxiangshu/Repository/Knowledge/Casebook/SettlementSurface.fs(41,39): (41,44) error FSHARP: The argument names in the signature 'incident' and implementation 'value' do not match. The argument name from the signature file will be used. This may cause problems when debugging or profiling. (code 3218)
[39m[22m[31mCompilation failed
[39m[22m[31m════════════════════════════════════════════════════════════════════════════════
  BUILD FAILED
════════════════════════════════════════════════════════════════════════════════[0m
Fable compilation failed with exit code 1
