runner: scoped 使用 TESTS_MJS_FILES=1 files
runner: build is current (1809 sources, 888 artifacts)
runner: discovery OVERRIDDEN by TESTS_MJS_FILES (1 file(s))
runner: 1 test file(s), 5000ms verdict-silence window
runner: file lifecycle {"entryFile":"/Users/yuanxi/Workwork/vibe-fs/requirements/knowledge-reuse/tests/013.test.mjs","pid":30426,"parentPid":30404,"type":"runner:file-start","elapsedMs":29.258375}
[verification-worker-cost] {"version":1,"phase":"pre-import","sequence":0,"entryFile":"/Users/yuanxi/Workwork/vibe-fs/requirements/knowledge-reuse/tests/013.test.mjs","pid":30427,"parentPid":30426,"monotonicMs":14.848,"cpuUserMicros":20210,"cpuSystemMicros":3197}
[verification-test-start] {"pid":30427,"parentPid":30426,"entryFile":"/Users/yuanxi/Workwork/vibe-fs/requirements/knowledge-reuse/tests/013.test.mjs","name":"WHAT[knowledge-reuse-013] controlled malformed payload Refresh committed refuses a normal fetch answer after actual cut settlement and cold reopen","fullName":"WHAT[knowledge-reuse-013] controlled malformed payload Refresh committed refuses a normal fetch answer after actual cut settlement and cold reopen"}
[verification-test-start] {"pid":30427,"parentPid":30426,"entryFile":"/Users/yuanxi/Workwork/vibe-fs/requirements/knowledge-reuse/tests/013.test.mjs","name":"WHAT[knowledge-reuse-013] controlled malformed payload Refresh CurrentCommitUnknown refuses a normal fetch answer after actual cut settlement and cold reopen","fullName":"WHAT[knowledge-reuse-013] controlled malformed payload Refresh CurrentCommitUnknown refuses a normal fetch answer after actual cut settlement and cold reopen"}

✖ failing tests:

test at /Users/yuanxi/Workwork/vibe-fs/requirements/knowledge-reuse/tests/013.test.mjs:19:5
✖ WHAT[knowledge-reuse-013] controlled malformed payload Refresh committed refuses a normal fetch answer after actual cut settlement and cold reopen (210.352ms)
  Error: Selected tool identity probe failed
  node:internal/modules/run_main:123
      triggerUncaughtException(
      ^
  
  AssertionError [ERR_ASSERTION]: Expected values to be strictly deep-equal:
  + actual - expected
  
    {
      a: 'Answer B',
  +   accessOrder: 0n,
  -   accessOrder: '0',
      completionFileState: '{"subject.txt":{"kind":"Present","payloadRef":"169f782d01b62f78a14872c034ce2894c1b43b3647451fbcea21fd98bffaa3df","payload_ref":"169f782d01b62f78a14872c034ce2894c1b43b3647451fbcea21fd98bffaa3df","sha256":"169f782d01b62f78a14872c034ce2894c1b43b3647451fbcea21fd98bffaa3df","contentHash":"169f782d01b62f78a14872c034ce2894c1b43b3647451fbcea21fd98bffaa3df"}}',
      identity: 'case-cut-Refresh-committed',
  +   lastAccessOrder: 0n,
  -   lastAccessOrder: '0',
      maintenanceFileState: '{"subject.txt":{"kind":"Present","payloadRef":"169f782d01b62f78a14872c034ce2894c1b43b3647451fbcea21fd98bffaa3df","payload_ref":"169f782d01b62f78a14872c034ce2894c1b43b3647451fbcea21fd98bffaa3df","sha256":"169f782d01b62f78a14872c034ce2894c1b43b3647451fbcea21fd98bffaa3df","contentHash":"169f782d01b62f78a14872c034ce2894c1b43b3647451fbcea21fd98bffaa3df"}}',
      observations: [],
      q: 'Question?',
      relatedPaths: [
        'subject.txt'
  
      at file:///Users/yuanxi/Workwork/vibe-fs/requirements/knowledge-reuse/tests/support/cut-cold-child.mjs:24:10 {
    generatedMessage: true,
    code: 'ERR_ASSERTION',
    actual: {
      a: 'Answer B',
      accessOrder: 0n,
      completionFileState: '{"subject.txt":{"kind":"Present","payloadRef":"169f782d01b62f78a14872c034ce2894c1b43b3647451fbcea21fd98bffaa3df","payload_ref":"169f782d01b62f78a14872c034ce2894c1b43b3647451fbcea21fd98bffaa3df","sha256":"169f782d01b62f78a14872c034ce2894c1b43b3647451fbcea21fd98bffaa3df","contentHash":"169f782d01b62f78a14872c034ce2894c1b43b3647451fbcea21fd98bffaa3df"}}',
      identity: 'case-cut-Refresh-committed',
      lastAccessOrder: 0n,
      maintenanceFileState: '{"subject.txt":{"kind":"Present","payloadRef":"169f782d01b62f78a14872c034ce2894c1b43b3647451fbcea21fd98bffaa3df","payload_ref":"169f782d01b62f78a14872c034ce2894c1b43b3647451fbcea21fd98bffaa3df","sha256":"169f782d01b62f78a14872c034ce2894c1b43b3647451fbcea21fd98bffaa3df","contentHash":"169f782d01b62f78a14872c034ce2894c1b43b3647451fbcea21fd98bffaa3df"}}',
      observations: [],
      q: 'Question?',
      relatedPaths: [ 'subject.txt' ],
      sessionId: 'case-cut-Refresh-committed',
      sourceTrace: 'trace-1'
    },
    expected: {
      a: 'Answer B',
      accessOrder: '0',
      completionFileState: '{"subject.txt":{"kind":"Present","payloadRef":"169f782d01b62f78a14872c034ce2894c1b43b3647451fbcea21fd98bffaa3df","payload_ref":"169f782d01b62f78a14872c034ce2894c1b43b3647451fbcea21fd98bffaa3df","sha256":"169f782d01b62f78a14872c034ce2894c1b43b3647451fbcea21fd98bffaa3df","contentHash":"169f782d01b62f78a14872c034ce2894c1b43b3647451fbcea21fd98bffaa3df"}}',
      identity: 'case-cut-Refresh-committed',
      lastAccessOrder: '0',
      maintenanceFileState: '{"subject.txt":{"kind":"Present","payloadRef":"169f782d01b62f78a14872c034ce2894c1b43b3647451fbcea21fd98bffaa3df","payload_ref":"169f782d01b62f78a14872c034ce2894c1b43b3647451fbcea21fd98bffaa3df","sha256":"169f782d01b62f78a14872c034ce2894c1b43b3647451fbcea21fd98bffaa3df","contentHash":"169f782d01b62f78a14872c034ce2894c1b43b3647451fbcea21fd98bffaa3df"}}',
      observations: [],
      q: 'Question?',
      relatedPaths: [ 'subject.txt' ],
      sessionId: 'case-cut-Refresh-committed',
      sourceTrace: 'trace-1'
    },
    operator: 'deepStrictEqual',
    diff: 'simple'
  }
  
  Node.js v22.23.3
  
      at complete (file:///Users/yuanxi/Workwork/vibe-fs/scripts/lib/verification-tool-probe.mjs:29:30)
      at process.processTicksAndRejections (node:internal/process/task_queues:103:5)

[verification-test-start] {"pid":30427,"parentPid":30426,"entryFile":"/Users/yuanxi/Workwork/vibe-fs/requirements/knowledge-reuse/tests/013.test.mjs","name":"WHAT[knowledge-reuse-013] controlled malformed payload Access committed refuses a normal fetch answer after actual cut settlement and cold reopen","fullName":"WHAT[knowledge-reuse-013] controlled malformed payload Access committed refuses a normal fetch answer after actual cut settlement and cold reopen"}
test at /Users/yuanxi/Workwork/vibe-fs/requirements/knowledge-reuse/tests/013.test.mjs:19:5
✖ WHAT[knowledge-reuse-013] controlled malformed payload Refresh CurrentCommitUnknown refuses a normal fetch answer after actual cut settlement and cold reopen (161.715ms)
  Error: Selected tool identity probe failed
  node:internal/modules/run_main:123
      triggerUncaughtException(
      ^
  
  AssertionError [ERR_ASSERTION]: Expected values to be strictly deep-equal:
  + actual - expected
  
    {
      a: 'Answer B',
  +   accessOrder: 0n,
  -   accessOrder: '0',
      completionFileState: '{"subject.txt":{"kind":"Present","payloadRef":"169f782d01b62f78a14872c034ce2894c1b43b3647451fbcea21fd98bffaa3df","payload_ref":"169f782d01b62f78a14872c034ce2894c1b43b3647451fbcea21fd98bffaa3df","sha256":"169f782d01b62f78a14872c034ce2894c1b43b3647451fbcea21fd98bffaa3df","contentHash":"169f782d01b62f78a14872c034ce2894c1b43b3647451fbcea21fd98bffaa3df"}}',
      identity: 'case-cut-Refresh-CurrentCommitUnknown',
  +   lastAccessOrder: 0n,
  -   lastAccessOrder: '0',
      maintenanceFileState: '{"subject.txt":{"kind":"Present","payloadRef":"169f782d01b62f78a14872c034ce2894c1b43b3647451fbcea21fd98bffaa3df","payload_ref":"169f782d01b62f78a14872c034ce2894c1b43b3647451fbcea21fd98bffaa3df","sha256":"169f782d01b62f78a14872c034ce2894c1b43b3647451fbcea21fd98bffaa3df","contentHash":"169f782d01b62f78a14872c034ce2894c1b43b3647451fbcea21fd98bffaa3df"}}',
      observations: [],
      q: 'Question?',
      relatedPaths: [
        'subject.txt'
  
      at file:///Users/yuanxi/Workwork/vibe-fs/requirements/knowledge-reuse/tests/support/cut-cold-child.mjs:24:10 {
    generatedMessage: true,
    code: 'ERR_ASSERTION',
    actual: {
      a: 'Answer B',
      accessOrder: 0n,
      completionFileState: '{"subject.txt":{"kind":"Present","payloadRef":"169f782d01b62f78a14872c034ce2894c1b43b3647451fbcea21fd98bffaa3df","payload_ref":"169f782d01b62f78a14872c034ce2894c1b43b3647451fbcea21fd98bffaa3df","sha256":"169f782d01b62f78a14872c034ce2894c1b43b3647451fbcea21fd98bffaa3df","contentHash":"169f782d01b62f78a14872c034ce2894c1b43b3647451fbcea21fd98bffaa3df"}}',
      identity: 'case-cut-Refresh-CurrentCommitUnknown',
      lastAccessOrder: 0n,
      maintenanceFileState: '{"subject.txt":{"kind":"Present","payloadRef":"169f782d01b62f78a14872c034ce2894c1b43b3647451fbcea21fd98bffaa3df","payload_ref":"169f782d01b62f78a14872c034ce2894c1b43b3647451fbcea21fd98bffaa3df","sha256":"169f782d01b62f78a14872c034ce2894c1b43b3647451fbcea21fd98bffaa3df","contentHash":"169f782d01b62f78a14872c034ce2894c1b43b3647451fbcea21fd98bffaa3df"}}',
      observations: [],
      q: 'Question?',
      relatedPaths: [ 'subject.txt' ],
      sessionId: 'case-cut-Refresh-CurrentCommitUnknown',
      sourceTrace: 'trace-1'
    },
    expected: {
      a: 'Answer B',
      accessOrder: '0',
      completionFileState: '{"subject.txt":{"kind":"Present","payloadRef":"169f782d01b62f78a14872c034ce2894c1b43b3647451fbcea21fd98bffaa3df","payload_ref":"169f782d01b62f78a14872c034ce2894c1b43b3647451fbcea21fd98bffaa3df","sha256":"169f782d01b62f78a14872c034ce2894c1b43b3647451fbcea21fd98bffaa3df","contentHash":"169f782d01b62f78a14872c034ce2894c1b43b3647451fbcea21fd98bffaa3df"}}',
      identity: 'case-cut-Refresh-CurrentCommitUnknown',
      lastAccessOrder: '0',
      maintenanceFileState: '{"subject.txt":{"kind":"Present","payloadRef":"169f782d01b62f78a14872c034ce2894c1b43b3647451fbcea21fd98bffaa3df","payload_ref":"169f782d01b62f78a14872c034ce2894c1b43b3647451fbcea21fd98bffaa3df","sha256":"169f782d01b62f78a14872c034ce2894c1b43b3647451fbcea21fd98bffaa3df","contentHash":"169f782d01b62f78a14872c034ce2894c1b43b3647451fbcea21fd98bffaa3df"}}',
      observations: [],
      q: 'Question?',
      relatedPaths: [ 'subject.txt' ],
      sessionId: 'case-cut-Refresh-CurrentCommitUnknown',
      sourceTrace: 'trace-1'
    },
    operator: 'deepStrictEqual',
    diff: 'simple'
  }
  
  Node.js v22.23.3
  
      at complete (file:///Users/yuanxi/Workwork/vibe-fs/scripts/lib/verification-tool-probe.mjs:29:30)
      at process.processTicksAndRejections (node:internal/process/task_queues:103:5)

[verification-test-start] {"pid":30427,"parentPid":30426,"entryFile":"/Users/yuanxi/Workwork/vibe-fs/requirements/knowledge-reuse/tests/013.test.mjs","name":"WHAT[knowledge-reuse-013] controlled malformed payload Access CurrentCommitUnknown refuses a normal fetch answer after actual cut settlement and cold reopen","fullName":"WHAT[knowledge-reuse-013] controlled malformed payload Access CurrentCommitUnknown refuses a normal fetch answer after actual cut settlement and cold reopen"}
test at /Users/yuanxi/Workwork/vibe-fs/requirements/knowledge-reuse/tests/013.test.mjs:19:5
✖ WHAT[knowledge-reuse-013] controlled malformed payload Access committed refuses a normal fetch answer after actual cut settlement and cold reopen (158.850ms)
  Error: Selected tool identity probe failed
  node:internal/modules/run_main:123
      triggerUncaughtException(
      ^
  
  AssertionError [ERR_ASSERTION]: Expected values to be strictly deep-equal:
  + actual - expected
  
    {
      a: 'Answer B',
  +   accessOrder: 0n,
  -   accessOrder: '0',
      completionFileState: '{"subject.txt":{"kind":"Present","payloadRef":"169f782d01b62f78a14872c034ce2894c1b43b3647451fbcea21fd98bffaa3df","payload_ref":"169f782d01b62f78a14872c034ce2894c1b43b3647451fbcea21fd98bffaa3df","sha256":"169f782d01b62f78a14872c034ce2894c1b43b3647451fbcea21fd98bffaa3df","contentHash":"169f782d01b62f78a14872c034ce2894c1b43b3647451fbcea21fd98bffaa3df"}}',
      identity: 'case-cut-Access-committed',
  +   lastAccessOrder: 0n,
  -   lastAccessOrder: '0',
      maintenanceFileState: '{"subject.txt":{"kind":"Present","payloadRef":"169f782d01b62f78a14872c034ce2894c1b43b3647451fbcea21fd98bffaa3df","payload_ref":"169f782d01b62f78a14872c034ce2894c1b43b3647451fbcea21fd98bffaa3df","sha256":"169f782d01b62f78a14872c034ce2894c1b43b3647451fbcea21fd98bffaa3df","contentHash":"169f782d01b62f78a14872c034ce2894c1b43b3647451fbcea21fd98bffaa3df"}}',
      observations: [],
      q: 'Question?',
      relatedPaths: [
        'subject.txt'
  
      at file:///Users/yuanxi/Workwork/vibe-fs/requirements/knowledge-reuse/tests/support/cut-cold-child.mjs:24:10 {
    generatedMessage: true,
    code: 'ERR_ASSERTION',
    actual: {
      a: 'Answer B',
      accessOrder: 0n,
      completionFileState: '{"subject.txt":{"kind":"Present","payloadRef":"169f782d01b62f78a14872c034ce2894c1b43b3647451fbcea21fd98bffaa3df","payload_ref":"169f782d01b62f78a14872c034ce2894c1b43b3647451fbcea21fd98bffaa3df","sha256":"169f782d01b62f78a14872c034ce2894c1b43b3647451fbcea21fd98bffaa3df","contentHash":"169f782d01b62f78a14872c034ce2894c1b43b3647451fbcea21fd98bffaa3df"}}',
      identity: 'case-cut-Access-committed',
      lastAccessOrder: 0n,
      maintenanceFileState: '{"subject.txt":{"kind":"Present","payloadRef":"169f782d01b62f78a14872c034ce2894c1b43b3647451fbcea21fd98bffaa3df","payload_ref":"169f782d01b62f78a14872c034ce2894c1b43b3647451fbcea21fd98bffaa3df","sha256":"169f782d01b62f78a14872c034ce2894c1b43b3647451fbcea21fd98bffaa3df","contentHash":"169f782d01b62f78a14872c034ce2894c1b43b3647451fbcea21fd98bffaa3df"}}',
      observations: [],
      q: 'Question?',
      relatedPaths: [ 'subject.txt' ],
      sessionId: 'case-cut-Access-committed',
      sourceTrace: 'trace-1'
    },
    expected: {
      a: 'Answer B',
      accessOrder: '0',
      completionFileState: '{"subject.txt":{"kind":"Present","payloadRef":"169f782d01b62f78a14872c034ce2894c1b43b3647451fbcea21fd98bffaa3df","payload_ref":"169f782d01b62f78a14872c034ce2894c1b43b3647451fbcea21fd98bffaa3df","sha256":"169f782d01b62f78a14872c034ce2894c1b43b3647451fbcea21fd98bffaa3df","contentHash":"169f782d01b62f78a14872c034ce2894c1b43b3647451fbcea21fd98bffaa3df"}}',
      identity: 'case-cut-Access-committed',
      lastAccessOrder: '0',
      maintenanceFileState: '{"subject.txt":{"kind":"Present","payloadRef":"169f782d01b62f78a14872c034ce2894c1b43b3647451fbcea21fd98bffaa3df","payload_ref":"169f782d01b62f78a14872c034ce2894c1b43b3647451fbcea21fd98bffaa3df","sha256":"169f782d01b62f78a14872c034ce2894c1b43b3647451fbcea21fd98bffaa3df","contentHash":"169f782d01b62f78a14872c034ce2894c1b43b3647451fbcea21fd98bffaa3df"}}',
      observations: [],
      q: 'Question?',
      relatedPaths: [ 'subject.txt' ],
      sessionId: 'case-cut-Access-committed',
      sourceTrace: 'trace-1'
    },
    operator: 'deepStrictEqual',
    diff: 'simple'
  }
  
  Node.js v22.23.3
  
      at complete (file:///Users/yuanxi/Workwork/vibe-fs/scripts/lib/verification-tool-probe.mjs:29:30)
      at process.processTicksAndRejections (node:internal/process/task_queues:103:5)

[verification-test-start] {"pid":30427,"parentPid":30426,"entryFile":"/Users/yuanxi/Workwork/vibe-fs/requirements/knowledge-reuse/tests/013.test.mjs","name":"WHAT[knowledge-reuse-013] GAP-160: actual Casebook semantic conflict commits or settles its failure cut before a mandatory injected fuse reports and kills once without modifying its projection","fullName":"WHAT[knowledge-reuse-013] GAP-160: actual Casebook semantic conflict commits or settles its failure cut before a mandatory injected fuse reports and kills once without modifying its projection"}
test at /Users/yuanxi/Workwork/vibe-fs/requirements/knowledge-reuse/tests/013.test.mjs:19:5
✖ WHAT[knowledge-reuse-013] controlled malformed payload Access CurrentCommitUnknown refuses a normal fetch answer after actual cut settlement and cold reopen (169.767ms)
  Error: Selected tool identity probe failed
  node:internal/modules/run_main:123
      triggerUncaughtException(
      ^
  
  AssertionError [ERR_ASSERTION]: Expected values to be strictly deep-equal:
  + actual - expected
  
    {
      a: 'Answer B',
  +   accessOrder: 0n,
  -   accessOrder: '0',
      completionFileState: '{"subject.txt":{"kind":"Present","payloadRef":"169f782d01b62f78a14872c034ce2894c1b43b3647451fbcea21fd98bffaa3df","payload_ref":"169f782d01b62f78a14872c034ce2894c1b43b3647451fbcea21fd98bffaa3df","sha256":"169f782d01b62f78a14872c034ce2894c1b43b3647451fbcea21fd98bffaa3df","contentHash":"169f782d01b62f78a14872c034ce2894c1b43b3647451fbcea21fd98bffaa3df"}}',
      identity: 'case-cut-Access-CurrentCommitUnknown',
  +   lastAccessOrder: 0n,
  -   lastAccessOrder: '0',
      maintenanceFileState: '{"subject.txt":{"kind":"Present","payloadRef":"169f782d01b62f78a14872c034ce2894c1b43b3647451fbcea21fd98bffaa3df","payload_ref":"169f782d01b62f78a14872c034ce2894c1b43b3647451fbcea21fd98bffaa3df","sha256":"169f782d01b62f78a14872c034ce2894c1b43b3647451fbcea21fd98bffaa3df","contentHash":"169f782d01b62f78a14872c034ce2894c1b43b3647451fbcea21fd98bffaa3df"}}',
      observations: [],
      q: 'Question?',
      relatedPaths: [
        'subject.txt'
  
      at file:///Users/yuanxi/Workwork/vibe-fs/requirements/knowledge-reuse/tests/support/cut-cold-child.mjs:24:10 {
    generatedMessage: true,
    code: 'ERR_ASSERTION',
    actual: {
      a: 'Answer B',
      accessOrder: 0n,
      completionFileState: '{"subject.txt":{"kind":"Present","payloadRef":"169f782d01b62f78a14872c034ce2894c1b43b3647451fbcea21fd98bffaa3df","payload_ref":"169f782d01b62f78a14872c034ce2894c1b43b3647451fbcea21fd98bffaa3df","sha256":"169f782d01b62f78a14872c034ce2894c1b43b3647451fbcea21fd98bffaa3df","contentHash":"169f782d01b62f78a14872c034ce2894c1b43b3647451fbcea21fd98bffaa3df"}}',
      identity: 'case-cut-Access-CurrentCommitUnknown',
      lastAccessOrder: 0n,
      maintenanceFileState: '{"subject.txt":{"kind":"Present","payloadRef":"169f782d01b62f78a14872c034ce2894c1b43b3647451fbcea21fd98bffaa3df","payload_ref":"169f782d01b62f78a14872c034ce2894c1b43b3647451fbcea21fd98bffaa3df","sha256":"169f782d01b62f78a14872c034ce2894c1b43b3647451fbcea21fd98bffaa3df","contentHash":"169f782d01b62f78a14872c034ce2894c1b43b3647451fbcea21fd98bffaa3df"}}',
      observations: [],
      q: 'Question?',
      relatedPaths: [ 'subject.txt' ],
      sessionId: 'case-cut-Access-CurrentCommitUnknown',
      sourceTrace: 'trace-1'
    },
    expected: {
      a: 'Answer B',
      accessOrder: '0',
      completionFileState: '{"subject.txt":{"kind":"Present","payloadRef":"169f782d01b62f78a14872c034ce2894c1b43b3647451fbcea21fd98bffaa3df","payload_ref":"169f782d01b62f78a14872c034ce2894c1b43b3647451fbcea21fd98bffaa3df","sha256":"169f782d01b62f78a14872c034ce2894c1b43b3647451fbcea21fd98bffaa3df","contentHash":"169f782d01b62f78a14872c034ce2894c1b43b3647451fbcea21fd98bffaa3df"}}',
      identity: 'case-cut-Access-CurrentCommitUnknown',
      lastAccessOrder: '0',
      maintenanceFileState: '{"subject.txt":{"kind":"Present","payloadRef":"169f782d01b62f78a14872c034ce2894c1b43b3647451fbcea21fd98bffaa3df","payload_ref":"169f782d01b62f78a14872c034ce2894c1b43b3647451fbcea21fd98bffaa3df","sha256":"169f782d01b62f78a14872c034ce2894c1b43b3647451fbcea21fd98bffaa3df","contentHash":"169f782d01b62f78a14872c034ce2894c1b43b3647451fbcea21fd98bffaa3df"}}',
      observations: [],
      q: 'Question?',
      relatedPaths: [ 'subject.txt' ],
      sessionId: 'case-cut-Access-CurrentCommitUnknown',
      sourceTrace: 'trace-1'
    },
    operator: 'deepStrictEqual',
    diff: 'simple'
  }
  
  Node.js v22.23.3
  
      at complete (file:///Users/yuanxi/Workwork/vibe-fs/scripts/lib/verification-tool-probe.mjs:29:30)
      at process.processTicksAndRejections (node:internal/process/task_queues:103:5)

[verification-worker-cost] {"version":1,"phase":"exit","sequence":1,"entryFile":"/Users/yuanxi/Workwork/vibe-fs/requirements/knowledge-reuse/tests/013.test.mjs","pid":30427,"parentPid":30426,"monotonicMs":810.67975,"cpuUserMicros":201581,"cpuSystemMicros":35451,"exitCode":1}
runner: file lifecycle {"entryFile":"/Users/yuanxi/Workwork/vibe-fs/requirements/knowledge-reuse/tests/013.test.mjs","type":"runner:file-drained","elapsedMs":852.4657909999999}
runner: worker cost {"version":1,"entryFile":"/Users/yuanxi/Workwork/vibe-fs/requirements/knowledge-reuse/tests/013.test.mjs","enabled":true,"pid":30427,"status":"complete","reason":null,"preImport":{"version":1,"phase":"pre-import","sequence":0,"entryFile":"/Users/yuanxi/Workwork/vibe-fs/requirements/knowledge-reuse/tests/013.test.mjs","pid":30427,"parentPid":30426,"monotonicMs":14.848,"cpuUserMicros":20210,"cpuSystemMicros":3197},"exit":{"version":1,"phase":"exit","sequence":1,"entryFile":"/Users/yuanxi/Workwork/vibe-fs/requirements/knowledge-reuse/tests/013.test.mjs","pid":30427,"parentPid":30426,"monotonicMs":810.67975,"cpuUserMicros":201581,"cpuSystemMicros":35451,"exitCode":1},"interval":{"clockPid":30427,"wallMs":795.83175,"cpuUserMicros":181371,"cpuSystemMicros":32254}}

[test-summary] 1 file(s), 0 passed, 4 failed, 1 todo (0.83s wall, 0.70s test time)
  todo: /Users/yuanxi/Workwork/vibe-fs/requirements/knowledge-reuse/tests/013.test.mjs:WHAT[knowledge-reuse-013] GAP-160: actual Casebook semantic conflict commits or settles its failure cut before a mandatory injected fuse reports and kills once without modifying its projection — reason not supplied
runner: post-exit group verification/reclamation: pid=30426; elapsedMs=15.747; accepted=true
runner: 5 test(s), 0.7s of test time; max 210ms, p90 210ms, median 162ms

runner: 0 passed, 4 failed; 1/1 planned file(s) completed
Error: runner: supervised suite failed (exit 1)
    at fail (file:///Users/yuanxi/Workwork/vibe-fs/requirements/verification-system/tests/e2e/support/supervise-node-test.mjs:258:25)
    at superviseOwnedNodeTest (file:///Users/yuanxi/Workwork/vibe-fs/requirements/verification-system/tests/e2e/support/supervise-node-test.mjs:486:19)
    at process.processTicksAndRejections (node:internal/process/task_queues:103:5)
    at async superviseNodeTest (file:///Users/yuanxi/Workwork/vibe-fs/requirements/verification-system/tests/e2e/support/supervise-node-test.mjs:235:14)
    at async file:///Users/yuanxi/Workwork/vibe-fs/requirements/verification-system/tests/run.mjs:94:1 {
  exitCode: 1,
  [cause]: undefined
}
