runner: scoped 使用 TESTS_MJS_FILES=1 files
runner: build is current (1809 sources, 888 artifacts)
runner: discovery OVERRIDDEN by TESTS_MJS_FILES (1 file(s))
runner: 1 test file(s), 5000ms verdict-silence window
runner: file lifecycle {"entryFile":"/Users/yuanxi/Workwork/vibe-fs/requirements/knowledge-reuse/tests/013.test.mjs","pid":30788,"parentPid":30766,"type":"runner:file-start","elapsedMs":31.544750000000022}
[verification-worker-cost] {"version":1,"phase":"pre-import","sequence":0,"entryFile":"/Users/yuanxi/Workwork/vibe-fs/requirements/knowledge-reuse/tests/013.test.mjs","pid":30789,"parentPid":30788,"monotonicMs":14.814,"cpuUserMicros":20080,"cpuSystemMicros":3318}
[verification-test-start] {"pid":30789,"parentPid":30788,"entryFile":"/Users/yuanxi/Workwork/vibe-fs/requirements/knowledge-reuse/tests/013.test.mjs","name":"WHAT[knowledge-reuse-013] controlled malformed payload Refresh committed refuses a normal fetch answer after actual cut settlement and cold reopen","fullName":"WHAT[knowledge-reuse-013] controlled malformed payload Refresh committed refuses a normal fetch answer after actual cut settlement and cold reopen"}
[verification-test-start] {"pid":30789,"parentPid":30788,"entryFile":"/Users/yuanxi/Workwork/vibe-fs/requirements/knowledge-reuse/tests/013.test.mjs","name":"WHAT[knowledge-reuse-013] controlled malformed payload Refresh CurrentCommitUnknown refuses a normal fetch answer after actual cut settlement and cold reopen","fullName":"WHAT[knowledge-reuse-013] controlled malformed payload Refresh CurrentCommitUnknown refuses a normal fetch answer after actual cut settlement and cold reopen"}

✖ failing tests:

test at /Users/yuanxi/Workwork/vibe-fs/requirements/knowledge-reuse/tests/013.test.mjs:19:5
✖ WHAT[knowledge-reuse-013] controlled malformed payload Refresh committed refuses a normal fetch answer after actual cut settlement and cold reopen (193.079ms)
  AssertionError [ERR_ASSERTION]: settled Casebook cut must refuse a normal fetch answer; returned=undefined
      at TestContext.<anonymous> (file:///Users/yuanxi/Workwork/vibe-fs/requirements/knowledge-reuse/tests/013.test.mjs:169:16)
      at process.processTicksAndRejections (node:internal/process/task_queues:103:5)
      at async Test.run (node:internal/test_runner/test:1054:7)
      at async startSubtestAfterBootstrap (node:internal/test_runner/harness:296:3)

[verification-test-start] {"pid":30789,"parentPid":30788,"entryFile":"/Users/yuanxi/Workwork/vibe-fs/requirements/knowledge-reuse/tests/013.test.mjs","name":"WHAT[knowledge-reuse-013] controlled malformed payload Access committed refuses a normal fetch answer after actual cut settlement and cold reopen","fullName":"WHAT[knowledge-reuse-013] controlled malformed payload Access committed refuses a normal fetch answer after actual cut settlement and cold reopen"}
test at /Users/yuanxi/Workwork/vibe-fs/requirements/knowledge-reuse/tests/013.test.mjs:19:5
✖ WHAT[knowledge-reuse-013] controlled malformed payload Refresh CurrentCommitUnknown refuses a normal fetch answer after actual cut settlement and cold reopen (167.208ms)
  AssertionError [ERR_ASSERTION]: settled Casebook cut must refuse a normal fetch answer; returned=undefined
      at TestContext.<anonymous> (file:///Users/yuanxi/Workwork/vibe-fs/requirements/knowledge-reuse/tests/013.test.mjs:169:16)
      at process.processTicksAndRejections (node:internal/process/task_queues:103:5)
      at async Test.run (node:internal/test_runner/test:1054:7)
      at async Test.processPendingSubtests (node:internal/test_runner/test:744:7)

[verification-test-start] {"pid":30789,"parentPid":30788,"entryFile":"/Users/yuanxi/Workwork/vibe-fs/requirements/knowledge-reuse/tests/013.test.mjs","name":"WHAT[knowledge-reuse-013] controlled malformed payload Access CurrentCommitUnknown refuses a normal fetch answer after actual cut settlement and cold reopen","fullName":"WHAT[knowledge-reuse-013] controlled malformed payload Access CurrentCommitUnknown refuses a normal fetch answer after actual cut settlement and cold reopen"}
test at /Users/yuanxi/Workwork/vibe-fs/requirements/knowledge-reuse/tests/013.test.mjs:19:5
✖ WHAT[knowledge-reuse-013] controlled malformed payload Access committed refuses a normal fetch answer after actual cut settlement and cold reopen (157.733ms)
  AssertionError [ERR_ASSERTION]: settled Casebook cut must refuse a normal fetch answer; returned=undefined
      at TestContext.<anonymous> (file:///Users/yuanxi/Workwork/vibe-fs/requirements/knowledge-reuse/tests/013.test.mjs:169:16)
      at process.processTicksAndRejections (node:internal/process/task_queues:103:5)
      at async Test.run (node:internal/test_runner/test:1054:7)
      at async Test.processPendingSubtests (node:internal/test_runner/test:744:7)

[verification-test-start] {"pid":30789,"parentPid":30788,"entryFile":"/Users/yuanxi/Workwork/vibe-fs/requirements/knowledge-reuse/tests/013.test.mjs","name":"WHAT[knowledge-reuse-013] GAP-160: actual Casebook semantic conflict commits or settles its failure cut before a mandatory injected fuse reports and kills once without modifying its projection","fullName":"WHAT[knowledge-reuse-013] GAP-160: actual Casebook semantic conflict commits or settles its failure cut before a mandatory injected fuse reports and kills once without modifying its projection"}
test at /Users/yuanxi/Workwork/vibe-fs/requirements/knowledge-reuse/tests/013.test.mjs:19:5
✖ WHAT[knowledge-reuse-013] controlled malformed payload Access CurrentCommitUnknown refuses a normal fetch answer after actual cut settlement and cold reopen (159.601ms)
  AssertionError [ERR_ASSERTION]: settled Casebook cut must refuse a normal fetch answer; returned=undefined
      at TestContext.<anonymous> (file:///Users/yuanxi/Workwork/vibe-fs/requirements/knowledge-reuse/tests/013.test.mjs:169:16)
      at process.processTicksAndRejections (node:internal/process/task_queues:103:5)
      at async Test.run (node:internal/test_runner/test:1054:7)
      at async Test.processPendingSubtests (node:internal/test_runner/test:744:7)

[verification-worker-cost] {"version":1,"phase":"exit","sequence":1,"entryFile":"/Users/yuanxi/Workwork/vibe-fs/requirements/knowledge-reuse/tests/013.test.mjs","pid":30789,"parentPid":30788,"monotonicMs":786.184792,"cpuUserMicros":195623,"cpuSystemMicros":33714,"exitCode":1}
runner: file lifecycle {"entryFile":"/Users/yuanxi/Workwork/vibe-fs/requirements/knowledge-reuse/tests/013.test.mjs","type":"runner:file-drained","elapsedMs":829.650167}
runner: worker cost {"version":1,"entryFile":"/Users/yuanxi/Workwork/vibe-fs/requirements/knowledge-reuse/tests/013.test.mjs","enabled":true,"pid":30789,"status":"complete","reason":null,"preImport":{"version":1,"phase":"pre-import","sequence":0,"entryFile":"/Users/yuanxi/Workwork/vibe-fs/requirements/knowledge-reuse/tests/013.test.mjs","pid":30789,"parentPid":30788,"monotonicMs":14.814,"cpuUserMicros":20080,"cpuSystemMicros":3318},"exit":{"version":1,"phase":"exit","sequence":1,"entryFile":"/Users/yuanxi/Workwork/vibe-fs/requirements/knowledge-reuse/tests/013.test.mjs","pid":30789,"parentPid":30788,"monotonicMs":786.184792,"cpuUserMicros":195623,"cpuSystemMicros":33714,"exitCode":1},"interval":{"clockPid":30789,"wallMs":771.370792,"cpuUserMicros":175543,"cpuSystemMicros":30396}}

[test-summary] 1 file(s), 0 passed, 4 failed, 1 todo (0.80s wall, 0.68s test time)
  todo: /Users/yuanxi/Workwork/vibe-fs/requirements/knowledge-reuse/tests/013.test.mjs:WHAT[knowledge-reuse-013] GAP-160: actual Casebook semantic conflict commits or settles its failure cut before a mandatory injected fuse reports and kills once without modifying its projection — reason not supplied
runner: post-exit group verification/reclamation: pid=30788; elapsedMs=15.775; accepted=true
runner: 5 test(s), 0.7s of test time; max 193ms, p90 193ms, median 160ms

runner: 0 passed, 4 failed; 1/1 planned file(s) completed
Error: runner: supervised suite failed (exit 1)
    at fail (file:///Users/yuanxi/Workwork/vibe-fs/requirements/verification-system/tests/e2e/support/supervise-node-test.mjs:258:25)
    at superviseOwnedNodeTest (file:///Users/yuanxi/Workwork/vibe-fs/requirements/verification-system/tests/e2e/support/supervise-node-test.mjs:486:19)
    at process.processTicksAndRejections (node:internal/process/task_queues:103:5)
    at async superviseNodeTest (file:///Users/yuanxi/Workwork/vibe-fs/requirements/verification-system/tests/e2e/support/supervise-node-test.mjs:235:14)
    at async file:///Users/yuanxi/Workwork/vibe-fs/requirements/verification-system/tests/run.mjs:94:1 {
  exitCode: 1,
  [cause]: undefined
}
