runner: scoped 使用 TESTS_MJS_FILES=3 files
runner: build is current (1809 sources, 888 artifacts)
runner: discovery OVERRIDDEN by TESTS_MJS_FILES (3 file(s))
runner: 3 test file(s), 5000ms verdict-silence window
runner: file lifecycle {"entryFile":"/Users/yuanxi/Workwork/vibe-fs/requirements/knowledge-reuse/tests/013.test.mjs","pid":30217,"parentPid":30195,"type":"runner:file-start","elapsedMs":30.305165999999986}
runner: file lifecycle {"entryFile":"/Users/yuanxi/Workwork/vibe-fs/requirements/js-semantic-surface/tests/002.test.mjs","pid":30217,"parentPid":30195,"type":"runner:file-start","elapsedMs":31.195249999999987}
runner: file lifecycle {"entryFile":"/Users/yuanxi/Workwork/vibe-fs/requirements/requirement-system/tests/017.test.mjs","pid":30217,"parentPid":30195,"type":"runner:file-start","elapsedMs":32.62175000000002}
[verification-worker-cost] {"version":1,"phase":"pre-import","sequence":0,"entryFile":"/Users/yuanxi/Workwork/vibe-fs/requirements/knowledge-reuse/tests/013.test.mjs","pid":30218,"parentPid":30217,"monotonicMs":15.647125,"cpuUserMicros":21482,"cpuSystemMicros":3431}
[verification-worker-cost] {"version":1,"phase":"pre-import","sequence":0,"entryFile":"/Users/yuanxi/Workwork/vibe-fs/requirements/js-semantic-surface/tests/002.test.mjs","pid":30219,"parentPid":30217,"monotonicMs":15.047708,"cpuUserMicros":21074,"cpuSystemMicros":3065}
[verification-worker-cost] {"version":1,"phase":"pre-import","sequence":0,"entryFile":"/Users/yuanxi/Workwork/vibe-fs/requirements/requirement-system/tests/017.test.mjs","pid":30220,"parentPid":30217,"monotonicMs":16.854291,"cpuUserMicros":22829,"cpuSystemMicros":3160}
[verification-test-start] {"pid":30219,"parentPid":30217,"entryFile":"/Users/yuanxi/Workwork/vibe-fs/requirements/js-semantic-surface/tests/002.test.mjs","name":"WHAT[js-semantic-surface-002] the current semantic zone passes the implemented boundary gate","fullName":"WHAT[js-semantic-surface-002] the current semantic zone passes the implemented boundary gate"}
[verification-test-start] {"pid":30220,"parentPid":30217,"entryFile":"/Users/yuanxi/Workwork/vibe-fs/requirements/requirement-system/tests/017.test.mjs","name":"WHAT[requirement-system-017] the executable verifier scans the complete requirements tree","fullName":"WHAT[requirement-system-017] the executable verifier scans the complete requirements tree"}
[verification-test-start] {"pid":30218,"parentPid":30217,"entryFile":"/Users/yuanxi/Workwork/vibe-fs/requirements/knowledge-reuse/tests/013.test.mjs","name":"WHAT[knowledge-reuse-013] controlled malformed payload Refresh committed refuses a normal fetch answer after actual cut settlement and cold reopen","fullName":"WHAT[knowledge-reuse-013] controlled malformed payload Refresh committed refuses a normal fetch answer after actual cut settlement and cold reopen"}
[verification-test-start] {"pid":30218,"parentPid":30217,"entryFile":"/Users/yuanxi/Workwork/vibe-fs/requirements/knowledge-reuse/tests/013.test.mjs","name":"WHAT[knowledge-reuse-013] controlled malformed payload Refresh CurrentCommitUnknown refuses a normal fetch answer after actual cut settlement and cold reopen","fullName":"WHAT[knowledge-reuse-013] controlled malformed payload Refresh CurrentCommitUnknown refuses a normal fetch answer after actual cut settlement and cold reopen"}

✖ failing tests:

test at /Users/yuanxi/Workwork/vibe-fs/requirements/knowledge-reuse/tests/013.test.mjs:19:5
✖ WHAT[knowledge-reuse-013] controlled malformed payload Refresh committed refuses a normal fetch answer after actual cut settlement and cold reopen (212.499ms)
  Error: Selected tool identity probe failed
      at complete (file:///Users/yuanxi/Workwork/vibe-fs/scripts/lib/verification-tool-probe.mjs:29:30)
      at process.processTicksAndRejections (node:internal/process/task_queues:103:5)

[verification-test-start] {"pid":30218,"parentPid":30217,"entryFile":"/Users/yuanxi/Workwork/vibe-fs/requirements/knowledge-reuse/tests/013.test.mjs","name":"WHAT[knowledge-reuse-013] controlled malformed payload Access committed refuses a normal fetch answer after actual cut settlement and cold reopen","fullName":"WHAT[knowledge-reuse-013] controlled malformed payload Access committed refuses a normal fetch answer after actual cut settlement and cold reopen"}
test at /Users/yuanxi/Workwork/vibe-fs/requirements/knowledge-reuse/tests/013.test.mjs:19:5
✖ WHAT[knowledge-reuse-013] controlled malformed payload Refresh CurrentCommitUnknown refuses a normal fetch answer after actual cut settlement and cold reopen (178.075ms)
  Error: Selected tool identity probe failed
      at complete (file:///Users/yuanxi/Workwork/vibe-fs/scripts/lib/verification-tool-probe.mjs:29:30)
      at process.processTicksAndRejections (node:internal/process/task_queues:103:5)

[verification-test-start] {"pid":30220,"parentPid":30217,"entryFile":"/Users/yuanxi/Workwork/vibe-fs/requirements/requirement-system/tests/017.test.mjs","name":"WHAT[requirement-system-017] a deleted clause reports its surviving test, including nested files","fullName":"WHAT[requirement-system-017] a deleted clause reports its surviving test, including nested files"}
[verification-worker-cost] {"version":1,"phase":"exit","sequence":1,"entryFile":"/Users/yuanxi/Workwork/vibe-fs/requirements/requirement-system/tests/017.test.mjs","pid":30220,"parentPid":30217,"monotonicMs":540.6205,"cpuUserMicros":944654,"cpuSystemMicros":43464,"exitCode":0}
runner: file lifecycle {"entryFile":"/Users/yuanxi/Workwork/vibe-fs/requirements/requirement-system/tests/017.test.mjs","type":"runner:file-drained","elapsedMs":587.177958}
runner: worker cost {"version":1,"entryFile":"/Users/yuanxi/Workwork/vibe-fs/requirements/requirement-system/tests/017.test.mjs","enabled":true,"pid":30220,"status":"complete","reason":null,"preImport":{"version":1,"phase":"pre-import","sequence":0,"entryFile":"/Users/yuanxi/Workwork/vibe-fs/requirements/requirement-system/tests/017.test.mjs","pid":30220,"parentPid":30217,"monotonicMs":16.854291,"cpuUserMicros":22829,"cpuSystemMicros":3160},"exit":{"version":1,"phase":"exit","sequence":1,"entryFile":"/Users/yuanxi/Workwork/vibe-fs/requirements/requirement-system/tests/017.test.mjs","pid":30220,"parentPid":30217,"monotonicMs":540.6205,"cpuUserMicros":944654,"cpuSystemMicros":43464,"exitCode":0},"interval":{"clockPid":30220,"wallMs":523.766209,"cpuUserMicros":921825,"cpuSystemMicros":40304}}
[verification-test-start] {"pid":30218,"parentPid":30217,"entryFile":"/Users/yuanxi/Workwork/vibe-fs/requirements/knowledge-reuse/tests/013.test.mjs","name":"WHAT[knowledge-reuse-013] controlled malformed payload Access CurrentCommitUnknown refuses a normal fetch answer after actual cut settlement and cold reopen","fullName":"WHAT[knowledge-reuse-013] controlled malformed payload Access CurrentCommitUnknown refuses a normal fetch answer after actual cut settlement and cold reopen"}
test at /Users/yuanxi/Workwork/vibe-fs/requirements/knowledge-reuse/tests/013.test.mjs:19:5
✖ WHAT[knowledge-reuse-013] controlled malformed payload Access committed refuses a normal fetch answer after actual cut settlement and cold reopen (171.706ms)
  Error: Selected tool identity probe failed
      at complete (file:///Users/yuanxi/Workwork/vibe-fs/scripts/lib/verification-tool-probe.mjs:29:30)
      at process.processTicksAndRejections (node:internal/process/task_queues:103:5)

[verification-test-start] {"pid":30218,"parentPid":30217,"entryFile":"/Users/yuanxi/Workwork/vibe-fs/requirements/knowledge-reuse/tests/013.test.mjs","name":"WHAT[knowledge-reuse-013] GAP-160: actual Casebook semantic conflict commits or settles its failure cut before a mandatory injected fuse reports and kills once without modifying its projection","fullName":"WHAT[knowledge-reuse-013] GAP-160: actual Casebook semantic conflict commits or settles its failure cut before a mandatory injected fuse reports and kills once without modifying its projection"}
test at /Users/yuanxi/Workwork/vibe-fs/requirements/knowledge-reuse/tests/013.test.mjs:19:5
✖ WHAT[knowledge-reuse-013] controlled malformed payload Access CurrentCommitUnknown refuses a normal fetch answer after actual cut settlement and cold reopen (162.979ms)
  Error: Selected tool identity probe failed
      at complete (file:///Users/yuanxi/Workwork/vibe-fs/scripts/lib/verification-tool-probe.mjs:29:30)
      at process.processTicksAndRejections (node:internal/process/task_queues:103:5)

[verification-worker-cost] {"version":1,"phase":"exit","sequence":1,"entryFile":"/Users/yuanxi/Workwork/vibe-fs/requirements/knowledge-reuse/tests/013.test.mjs","pid":30218,"parentPid":30217,"monotonicMs":859.112459,"cpuUserMicros":244478,"cpuSystemMicros":41903,"exitCode":1}
runner: file lifecycle {"entryFile":"/Users/yuanxi/Workwork/vibe-fs/requirements/knowledge-reuse/tests/013.test.mjs","type":"runner:file-drained","elapsedMs":901.680083}
runner: worker cost {"version":1,"entryFile":"/Users/yuanxi/Workwork/vibe-fs/requirements/knowledge-reuse/tests/013.test.mjs","enabled":true,"pid":30218,"status":"complete","reason":null,"preImport":{"version":1,"phase":"pre-import","sequence":0,"entryFile":"/Users/yuanxi/Workwork/vibe-fs/requirements/knowledge-reuse/tests/013.test.mjs","pid":30218,"parentPid":30217,"monotonicMs":15.647125,"cpuUserMicros":21482,"cpuSystemMicros":3431},"exit":{"version":1,"phase":"exit","sequence":1,"entryFile":"/Users/yuanxi/Workwork/vibe-fs/requirements/knowledge-reuse/tests/013.test.mjs","pid":30218,"parentPid":30217,"monotonicMs":859.112459,"cpuUserMicros":244478,"cpuSystemMicros":41903,"exitCode":1},"interval":{"clockPid":30218,"wallMs":843.465334,"cpuUserMicros":222996,"cpuSystemMicros":38472}}
js-boundary-gate: OK — 0 debt line(s) across 0 file(s)
[verification-test-start] {"pid":30219,"parentPid":30217,"entryFile":"/Users/yuanxi/Workwork/vibe-fs/requirements/js-semantic-surface/tests/002.test.mjs","name":"WHAT[js-semantic-surface-002] the same gate accepts a registered public import and rejects an internal module","fullName":"WHAT[js-semantic-surface-002] the same gate accepts a registered public import and rejects an internal module"}
js-boundary-gate: OK — 0 debt line(s) across 0 file(s)
js-boundary-gate: 1 violation(s) across 1 file(s)
  ../../../../var/folders/g_/3ydzn7kx5lg9ylq8fd9p_13r0000gn/T/js-surface-pd9IYL/requirements/consumer/tests/support/api.mjs:1 [deep-dist-import] import * as api from '../../../../dist/Internal/Unregistered.js'
[verification-test-start] {"pid":30219,"parentPid":30217,"entryFile":"/Users/yuanxi/Workwork/vibe-fs/requirements/js-semantic-surface/tests/002.test.mjs","name":"WHAT[js-semantic-surface-002] module discovery, generated-name probing and runtime representation access are detected","fullName":"WHAT[js-semantic-surface-002] module discovery, generated-name probing and runtime representation access are detected"}
[verification-test-start] {"pid":30219,"parentPid":30217,"entryFile":"/Users/yuanxi/Workwork/vibe-fs/requirements/js-semantic-surface/tests/002.test.mjs","name":"WHAT[js-semantic-surface-002] a template that chooses an unregistered compiled module is detected","fullName":"WHAT[js-semantic-surface-002] a template that chooses an unregistered compiled module is detected"}
[verification-test-start] {"pid":30219,"parentPid":30217,"entryFile":"/Users/yuanxi/Workwork/vibe-fs/requirements/js-semantic-surface/tests/002.test.mjs","name":"WHAT[js-semantic-surface-002] ordinary data enumeration and standard function binding remain legal","fullName":"WHAT[js-semantic-surface-002] ordinary data enumeration and standard function binding remain legal"}
[verification-test-start] {"pid":30219,"parentPid":30217,"entryFile":"/Users/yuanxi/Workwork/vibe-fs/requirements/js-semantic-surface/tests/002.test.mjs","name":"WHAT[js-semantic-surface-002] native fixture fields and standard object spread are not runtime representation access","fullName":"WHAT[js-semantic-surface-002] native fixture fields and standard object spread are not runtime representation access"}
[verification-test-start] {"pid":30219,"parentPid":30217,"entryFile":"/Users/yuanxi/Workwork/vibe-fs/requirements/js-semantic-surface/tests/002.test.mjs","name":"WHAT[js-semantic-surface-002] accepts plain DTO through the actual gate","fullName":"WHAT[js-semantic-surface-002] native fixture fields and standard object spread are not runtime representation access > WHAT[js-semantic-surface-002] accepts plain DTO through the actual gate"}
js-boundary-gate: OK — 0 debt line(s) across 0 file(s)
[verification-test-start] {"pid":30219,"parentPid":30217,"entryFile":"/Users/yuanxi/Workwork/vibe-fs/requirements/js-semantic-surface/tests/002.test.mjs","name":"WHAT[js-semantic-surface-002] accepts object spread through the actual gate","fullName":"WHAT[js-semantic-surface-002] native fixture fields and standard object spread are not runtime representation access > WHAT[js-semantic-surface-002] accepts object spread through the actual gate"}
js-boundary-gate: OK — 0 debt line(s) across 0 file(s)
[verification-test-start] {"pid":30219,"parentPid":30217,"entryFile":"/Users/yuanxi/Workwork/vibe-fs/requirements/js-semantic-surface/tests/002.test.mjs","name":"WHAT[js-semantic-surface-002] accepts static fixture loop through the actual gate","fullName":"WHAT[js-semantic-surface-002] native fixture fields and standard object spread are not runtime representation access > WHAT[js-semantic-surface-002] accepts static fixture loop through the actual gate"}
js-boundary-gate: OK — 0 debt line(s) across 0 file(s)
[verification-test-start] {"pid":30219,"parentPid":30217,"entryFile":"/Users/yuanxi/Workwork/vibe-fs/requirements/js-semantic-surface/tests/002.test.mjs","name":"WHAT[js-semantic-surface-002] imported runtime and unproved fields receivers remain forbidden","fullName":"WHAT[js-semantic-surface-002] imported runtime and unproved fields receivers remain forbidden"}
[verification-test-start] {"pid":30219,"parentPid":30217,"entryFile":"/Users/yuanxi/Workwork/vibe-fs/requirements/js-semantic-surface/tests/002.test.mjs","name":"WHAT[js-semantic-surface-002] rejects imported namespace at the representation boundary","fullName":"WHAT[js-semantic-surface-002] imported runtime and unproved fields receivers remain forbidden > WHAT[js-semantic-surface-002] rejects imported namespace at the representation boundary"}
js-boundary-gate: 1 violation(s) across 1 file(s)
  ../../../../var/folders/g_/3ydzn7kx5lg9ylq8fd9p_13r0000gn/T/js-surface-XRieAc/requirements/consumer/tests/001.test.mjs:3 [du-shape] export const value = api.fields
[verification-test-start] {"pid":30219,"parentPid":30217,"entryFile":"/Users/yuanxi/Workwork/vibe-fs/requirements/js-semantic-surface/tests/002.test.mjs","name":"WHAT[js-semantic-surface-002] rejects imported result at the representation boundary","fullName":"WHAT[js-semantic-surface-002] imported runtime and unproved fields receivers remain forbidden > WHAT[js-semantic-surface-002] rejects imported result at the representation boundary"}
js-boundary-gate: 1 violation(s) across 1 file(s)
  ../../../../var/folders/g_/3ydzn7kx5lg9ylq8fd9p_13r0000gn/T/js-surface-UcEwYd/requirements/consumer/tests/001.test.mjs:4 [du-shape] export const value = data.fields
[verification-test-start] {"pid":30219,"parentPid":30217,"entryFile":"/Users/yuanxi/Workwork/vibe-fs/requirements/js-semantic-surface/tests/002.test.mjs","name":"WHAT[js-semantic-surface-002] rejects unknown parameter at the representation boundary","fullName":"WHAT[js-semantic-surface-002] imported runtime and unproved fields receivers remain forbidden > WHAT[js-semantic-surface-002] rejects unknown parameter at the representation boundary"}
js-boundary-gate: 1 violation(s) across 1 file(s)
  ../../../../var/folders/g_/3ydzn7kx5lg9ylq8fd9p_13r0000gn/T/js-surface-E2YJl9/requirements/consumer/tests/001.test.mjs:1 [du-shape] export const read = value => value.fields
[verification-test-start] {"pid":30219,"parentPid":30217,"entryFile":"/Users/yuanxi/Workwork/vibe-fs/requirements/js-semantic-surface/tests/002.test.mjs","name":"WHAT[js-semantic-surface-002] rejects shadowed native name at the representation boundary","fullName":"WHAT[js-semantic-surface-002] imported runtime and unproved fields receivers remain forbidden > WHAT[js-semantic-surface-002] rejects shadowed native name at the representation boundary"}
js-boundary-gate: 1 violation(s) across 1 file(s)
  ../../../../var/folders/g_/3ydzn7kx5lg9ylq8fd9p_13r0000gn/T/js-surface-wHB24o/requirements/consumer/tests/001.test.mjs:2 [du-shape] export function read(data) { return data.fields }
[verification-test-start] {"pid":30219,"parentPid":30217,"entryFile":"/Users/yuanxi/Workwork/vibe-fs/requirements/js-semantic-surface/tests/002.test.mjs","name":"WHAT[js-semantic-surface-002] rejects mixed fixture array at the representation boundary","fullName":"WHAT[js-semantic-surface-002] imported runtime and unproved fields receivers remain forbidden > WHAT[js-semantic-surface-002] rejects mixed fixture array at the representation boundary"}
js-boundary-gate: 1 violation(s) across 1 file(s)
  ../../../../var/folders/g_/3ydzn7kx5lg9ylq8fd9p_13r0000gn/T/js-surface-6FkN6m/requirements/consumer/tests/001.test.mjs:4 [du-shape] for (const scenario of scenarios) console.log(scenario.fields)
[verification-test-start] {"pid":30219,"parentPid":30217,"entryFile":"/Users/yuanxi/Workwork/vibe-fs/requirements/js-semantic-surface/tests/002.test.mjs","name":"WHAT[js-semantic-surface-002] rejects mutated fixture array at the representation boundary","fullName":"WHAT[js-semantic-surface-002] imported runtime and unproved fields receivers remain forbidden > WHAT[js-semantic-surface-002] rejects mutated fixture array at the representation boundary"}
js-boundary-gate: 1 violation(s) across 1 file(s)
  ../../../../var/folders/g_/3ydzn7kx5lg9ylq8fd9p_13r0000gn/T/js-surface-Umus9S/requirements/consumer/tests/001.test.mjs:5 [du-shape] for (const scenario of scenarios) console.log(scenario.fields)
[verification-test-start] {"pid":30219,"parentPid":30217,"entryFile":"/Users/yuanxi/Workwork/vibe-fs/requirements/js-semantic-surface/tests/002.test.mjs","name":"WHAT[js-semantic-surface-002] rejects aliased runtime insertion at the representation boundary","fullName":"WHAT[js-semantic-surface-002] imported runtime and unproved fields receivers remain forbidden > WHAT[js-semantic-surface-002] rejects aliased runtime insertion at the representation boundary"}
js-boundary-gate: 1 violation(s) across 1 file(s)
  ../../../../var/folders/g_/3ydzn7kx5lg9ylq8fd9p_13r0000gn/T/js-surface-htI6A6/requirements/consumer/tests/001.test.mjs:6 [du-shape] for (const scenario of scenarios) console.log(scenario.fields)
[verification-test-start] {"pid":30219,"parentPid":30217,"entryFile":"/Users/yuanxi/Workwork/vibe-fs/requirements/js-semantic-surface/tests/002.test.mjs","name":"WHAT[js-semantic-surface-002] rejects assigned alias runtime insertion at the representation boundary","fullName":"WHAT[js-semantic-surface-002] imported runtime and unproved fields receivers remain forbidden > WHAT[js-semantic-surface-002] rejects assigned alias runtime insertion at the representation boundary"}
js-boundary-gate: 1 violation(s) across 1 file(s)
  ../../../../var/folders/g_/3ydzn7kx5lg9ylq8fd9p_13r0000gn/T/js-surface-wZdLA4/requirements/consumer/tests/001.test.mjs:7 [du-shape] for (const scenario of scenarios) console.log(scenario.fields)
[verification-test-start] {"pid":30219,"parentPid":30217,"entryFile":"/Users/yuanxi/Workwork/vibe-fs/requirements/js-semantic-surface/tests/002.test.mjs","name":"WHAT[js-semantic-surface-002] rejects implicit return alias runtime insertion at the representation boundary","fullName":"WHAT[js-semantic-surface-002] imported runtime and unproved fields receivers remain forbidden > WHAT[js-semantic-surface-002] rejects implicit return alias runtime insertion at the representation boundary"}
js-boundary-gate: 1 violation(s) across 1 file(s)
  ../../../../var/folders/g_/3ydzn7kx5lg9ylq8fd9p_13r0000gn/T/js-surface-sNDFEK/requirements/consumer/tests/001.test.mjs:7 [du-shape] for (const scenario of scenarios) console.log(scenario.fields)
[verification-test-start] {"pid":30219,"parentPid":30217,"entryFile":"/Users/yuanxi/Workwork/vibe-fs/requirements/js-semantic-surface/tests/002.test.mjs","name":"WHAT[js-semantic-surface-002] rejects escaped fixture container at the representation boundary","fullName":"WHAT[js-semantic-surface-002] imported runtime and unproved fields receivers remain forbidden > WHAT[js-semantic-surface-002] rejects escaped fixture container at the representation boundary"}
js-boundary-gate: 1 violation(s) across 1 file(s)
  ../../../../var/folders/g_/3ydzn7kx5lg9ylq8fd9p_13r0000gn/T/js-surface-rG5NU2/requirements/consumer/tests/001.test.mjs:5 [du-shape] for (const scenario of scenarios) console.log(scenario.fields)
[verification-test-start] {"pid":30219,"parentPid":30217,"entryFile":"/Users/yuanxi/Workwork/vibe-fs/requirements/js-semantic-surface/tests/002.test.mjs","name":"WHAT[js-semantic-surface-002] rejects computed runtime access at the representation boundary","fullName":"WHAT[js-semantic-surface-002] imported runtime and unproved fields receivers remain forbidden > WHAT[js-semantic-surface-002] rejects computed runtime access at the representation boundary"}
js-boundary-gate: 1 violation(s) across 1 file(s)
  ../../../../var/folders/g_/3ydzn7kx5lg9ylq8fd9p_13r0000gn/T/js-surface-N4MO0N/requirements/consumer/tests/001.test.mjs:4 [du-shape] export const value = data["fields"]
[verification-worker-cost] {"version":1,"phase":"exit","sequence":1,"entryFile":"/Users/yuanxi/Workwork/vibe-fs/requirements/js-semantic-surface/tests/002.test.mjs","pid":30219,"parentPid":30217,"monotonicMs":1266.98075,"cpuUserMicros":1869607,"cpuSystemMicros":70384,"exitCode":0}
runner: file lifecycle {"entryFile":"/Users/yuanxi/Workwork/vibe-fs/requirements/js-semantic-surface/tests/002.test.mjs","type":"runner:file-drained","elapsedMs":1311.676083}
runner: worker cost {"version":1,"entryFile":"/Users/yuanxi/Workwork/vibe-fs/requirements/js-semantic-surface/tests/002.test.mjs","enabled":true,"pid":30219,"status":"complete","reason":null,"preImport":{"version":1,"phase":"pre-import","sequence":0,"entryFile":"/Users/yuanxi/Workwork/vibe-fs/requirements/js-semantic-surface/tests/002.test.mjs","pid":30219,"parentPid":30217,"monotonicMs":15.047708,"cpuUserMicros":21074,"cpuSystemMicros":3065},"exit":{"version":1,"phase":"exit","sequence":1,"entryFile":"/Users/yuanxi/Workwork/vibe-fs/requirements/js-semantic-surface/tests/002.test.mjs","pid":30219,"parentPid":30217,"monotonicMs":1266.98075,"cpuUserMicros":1869607,"cpuSystemMicros":70384,"exitCode":0},"interval":{"clockPid":30219,"wallMs":1251.933042,"cpuUserMicros":1848533,"cpuSystemMicros":67319}}

[test-summary] 3 file(s), 23 passed, 4 failed, 1 todo (1.29s wall, 2.50s test time)
  todo: /Users/yuanxi/Workwork/vibe-fs/requirements/knowledge-reuse/tests/013.test.mjs:WHAT[knowledge-reuse-013] GAP-160: actual Casebook semantic conflict commits or settles its failure cut before a mandatory injected fuse reports and kills once without modifying its projection — reason not supplied
runner: post-exit group verification/reclamation: pid=30217; elapsedMs=16.070; accepted=true
runner: 28 test(s), 2.5s of test time; max 1215ms, p90 212ms, median 1ms
runner:    1215ms  WHAT[js-semantic-surface-002] the current semantic zone passes the implemented boundary gate
runner:     512ms  WHAT[requirement-system-017] the executable verifier scans the complete requirements tree
runner:     212ms  WHAT[knowledge-reuse-013] controlled malformed payload Refresh committed refuses a normal fetch answer after actual cut settlement and cold reopen
runner:     178ms  WHAT[knowledge-reuse-013] controlled malformed payload Refresh CurrentCommitUnknown refuses a normal fetch answer after actual cut settlement and cold reopen
runner:     172ms  WHAT[knowledge-reuse-013] controlled malformed payload Access committed refuses a normal fetch answer after actual cut settlement and cold reopen

runner: 23 passed, 4 failed; 3/3 planned file(s) completed
Error: runner: supervised suite failed (exit 1)
    at fail (file:///Users/yuanxi/Workwork/vibe-fs/requirements/verification-system/tests/e2e/support/supervise-node-test.mjs:258:25)
    at superviseOwnedNodeTest (file:///Users/yuanxi/Workwork/vibe-fs/requirements/verification-system/tests/e2e/support/supervise-node-test.mjs:486:19)
    at process.processTicksAndRejections (node:internal/process/task_queues:103:5)
    at async superviseNodeTest (file:///Users/yuanxi/Workwork/vibe-fs/requirements/verification-system/tests/e2e/support/supervise-node-test.mjs:235:14)
    at async file:///Users/yuanxi/Workwork/vibe-fs/requirements/verification-system/tests/run.mjs:94:1 {
  exitCode: 1,
  [cause]: undefined
}
