runner: scoped 使用 TESTS_MJS_FILES=2 files
runner: build is current (1809 sources, 888 artifacts)
runner: discovery OVERRIDDEN by TESTS_MJS_FILES (2 file(s))
runner: 2 test file(s), 5000ms verdict-silence window
runner: file lifecycle {"entryFile":"/Users/yuanxi/Workwork/vibe-fs/requirements/knowledge-reuse/tests/011.test.mjs","pid":31559,"parentPid":31537,"type":"runner:file-start","elapsedMs":31.69395800000001}
runner: file lifecycle {"entryFile":"/Users/yuanxi/Workwork/vibe-fs/requirements/knowledge-reuse/tests/013.test.mjs","pid":31559,"parentPid":31537,"type":"runner:file-start","elapsedMs":32.60345799999999}
[verification-worker-cost] {"version":1,"phase":"pre-import","sequence":0,"entryFile":"/Users/yuanxi/Workwork/vibe-fs/requirements/knowledge-reuse/tests/011.test.mjs","pid":31560,"parentPid":31559,"monotonicMs":15.447292,"cpuUserMicros":20499,"cpuSystemMicros":4023}
[verification-worker-cost] {"version":1,"phase":"pre-import","sequence":0,"entryFile":"/Users/yuanxi/Workwork/vibe-fs/requirements/knowledge-reuse/tests/013.test.mjs","pid":31561,"parentPid":31559,"monotonicMs":15.937042,"cpuUserMicros":20733,"cpuSystemMicros":3242}
[verification-test-start] {"pid":31560,"parentPid":31559,"entryFile":"/Users/yuanxi/Workwork/vibe-fs/requirements/knowledge-reuse/tests/011.test.mjs","name":"WHAT[knowledge-reuse-011] overlapping fetches join one actual in-flight maintenance and receive the same result","fullName":"WHAT[knowledge-reuse-011] overlapping fetches join one actual in-flight maintenance and receive the same result"}
[verification-test-start] {"pid":31561,"parentPid":31559,"entryFile":"/Users/yuanxi/Workwork/vibe-fs/requirements/knowledge-reuse/tests/013.test.mjs","name":"WHAT[knowledge-reuse-013] controlled malformed payload Refresh committed refuses a normal fetch answer after actual cut settlement and cold reopen","fullName":"WHAT[knowledge-reuse-013] controlled malformed payload Refresh committed refuses a normal fetch answer after actual cut settlement and cold reopen"}
[verification-test-start] {"pid":31560,"parentPid":31559,"entryFile":"/Users/yuanxi/Workwork/vibe-fs/requirements/knowledge-reuse/tests/011.test.mjs","name":"WHAT[knowledge-reuse-011] same workspace and actual store share one Bookkeeper across two tool bindings with different required owners","fullName":"WHAT[knowledge-reuse-011] same workspace and actual store share one Bookkeeper across two tool bindings with different required owners"}
[verification-test-start] {"pid":31560,"parentPid":31559,"entryFile":"/Users/yuanxi/Workwork/vibe-fs/requirements/knowledge-reuse/tests/011.test.mjs","name":"WHAT[knowledge-reuse-011] different workspaces with the same shelfmark keep the paused Refresh and actual malformed Access cut with their own owners","fullName":"WHAT[knowledge-reuse-011] different workspaces with the same shelfmark keep the paused Refresh and actual malformed Access cut with their own owners"}
[verification-test-start] {"pid":31560,"parentPid":31559,"entryFile":"/Users/yuanxi/Workwork/vibe-fs/requirements/knowledge-reuse/tests/011.test.mjs","name":"WHAT[knowledge-reuse-011] an active workspace flight rejects a different actual store capability without a second Bookkeeper or append","fullName":"WHAT[knowledge-reuse-011] an active workspace flight rejects a different actual store capability without a second Bookkeeper or append"}

✖ failing tests:

test at /Users/yuanxi/Workwork/vibe-fs/requirements/knowledge-reuse/tests/011.test.mjs:116:1
✖ WHAT[knowledge-reuse-011] different workspaces with the same shelfmark keep the paused Refresh and actual malformed Access cut with their own owners (34.847ms)
  AssertionError [ERR_ASSERTION]: the right workspace must execute its own Access instead of borrowing the left answer
  
  0 !== 1
  
      at TestContext.<anonymous> (file:///Users/yuanxi/Workwork/vibe-fs/requirements/knowledge-reuse/tests/011.test.mjs:172:12)
      at async Test.run (node:internal/test_runner/test:1054:7)
      at async Test.processPendingSubtests (node:internal/test_runner/test:744:7)

[verification-test-start] {"pid":31560,"parentPid":31559,"entryFile":"/Users/yuanxi/Workwork/vibe-fs/requirements/knowledge-reuse/tests/011.test.mjs","name":"WHAT[knowledge-reuse-011] GAP-160: real replica branches become DomainConflict and converge through explicit resolution without LWW","fullName":"WHAT[knowledge-reuse-011] GAP-160: real replica branches become DomainConflict and converge through explicit resolution without LWW"}
test at /Users/yuanxi/Workwork/vibe-fs/requirements/knowledge-reuse/tests/011.test.mjs:216:1
✖ WHAT[knowledge-reuse-011] an active workspace flight rejects a different actual store capability without a second Bookkeeper or append (26.930ms)
  AssertionError [ERR_ASSERTION]: an incompatible store binding must not receive the first flight result
  + actual - expected
  
  + 'fulfilled'
  - 'rejected'
  
      at TestContext.<anonymous> (file:///Users/yuanxi/Workwork/vibe-fs/requirements/knowledge-reuse/tests/011.test.mjs:270:12)
      at async Test.run (node:internal/test_runner/test:1054:7)
      at async Test.processPendingSubtests (node:internal/test_runner/test:744:7)

[verification-worker-cost] {"version":1,"phase":"exit","sequence":1,"entryFile":"/Users/yuanxi/Workwork/vibe-fs/requirements/knowledge-reuse/tests/011.test.mjs","pid":31560,"parentPid":31559,"monotonicMs":263.897875,"cpuUserMicros":201433,"cpuSystemMicros":36915,"exitCode":1}
runner: file lifecycle {"entryFile":"/Users/yuanxi/Workwork/vibe-fs/requirements/knowledge-reuse/tests/011.test.mjs","type":"runner:file-drained","elapsedMs":308.951208}
runner: worker cost {"version":1,"entryFile":"/Users/yuanxi/Workwork/vibe-fs/requirements/knowledge-reuse/tests/011.test.mjs","enabled":true,"pid":31560,"status":"complete","reason":null,"preImport":{"version":1,"phase":"pre-import","sequence":0,"entryFile":"/Users/yuanxi/Workwork/vibe-fs/requirements/knowledge-reuse/tests/011.test.mjs","pid":31560,"parentPid":31559,"monotonicMs":15.447292,"cpuUserMicros":20499,"cpuSystemMicros":4023},"exit":{"version":1,"phase":"exit","sequence":1,"entryFile":"/Users/yuanxi/Workwork/vibe-fs/requirements/knowledge-reuse/tests/011.test.mjs","pid":31560,"parentPid":31559,"monotonicMs":263.897875,"cpuUserMicros":201433,"cpuSystemMicros":36915,"exitCode":1},"interval":{"clockPid":31560,"wallMs":248.450583,"cpuUserMicros":180934,"cpuSystemMicros":32892}}
[verification-test-start] {"pid":31561,"parentPid":31559,"entryFile":"/Users/yuanxi/Workwork/vibe-fs/requirements/knowledge-reuse/tests/013.test.mjs","name":"WHAT[knowledge-reuse-013] controlled malformed payload Refresh CurrentCommitUnknown refuses a normal fetch answer after actual cut settlement and cold reopen","fullName":"WHAT[knowledge-reuse-013] controlled malformed payload Refresh CurrentCommitUnknown refuses a normal fetch answer after actual cut settlement and cold reopen"}
[verification-test-start] {"pid":31561,"parentPid":31559,"entryFile":"/Users/yuanxi/Workwork/vibe-fs/requirements/knowledge-reuse/tests/013.test.mjs","name":"WHAT[knowledge-reuse-013] controlled malformed payload Access committed refuses a normal fetch answer after actual cut settlement and cold reopen","fullName":"WHAT[knowledge-reuse-013] controlled malformed payload Access committed refuses a normal fetch answer after actual cut settlement and cold reopen"}
[verification-test-start] {"pid":31561,"parentPid":31559,"entryFile":"/Users/yuanxi/Workwork/vibe-fs/requirements/knowledge-reuse/tests/013.test.mjs","name":"WHAT[knowledge-reuse-013] controlled malformed payload Access CurrentCommitUnknown refuses a normal fetch answer after actual cut settlement and cold reopen","fullName":"WHAT[knowledge-reuse-013] controlled malformed payload Access CurrentCommitUnknown refuses a normal fetch answer after actual cut settlement and cold reopen"}
[verification-test-start] {"pid":31561,"parentPid":31559,"entryFile":"/Users/yuanxi/Workwork/vibe-fs/requirements/knowledge-reuse/tests/013.test.mjs","name":"WHAT[knowledge-reuse-013] actual fetch Refresh success preserves its settlement boundary","fullName":"WHAT[knowledge-reuse-013] actual fetch Refresh success preserves its settlement boundary"}
[verification-test-start] {"pid":31561,"parentPid":31559,"entryFile":"/Users/yuanxi/Workwork/vibe-fs/requirements/knowledge-reuse/tests/013.test.mjs","name":"WHAT[knowledge-reuse-013] actual fetch Refresh CurrentCommitUnknown preserves its settlement boundary","fullName":"WHAT[knowledge-reuse-013] actual fetch Refresh CurrentCommitUnknown preserves its settlement boundary"}
[verification-test-start] {"pid":31561,"parentPid":31559,"entryFile":"/Users/yuanxi/Workwork/vibe-fs/requirements/knowledge-reuse/tests/013.test.mjs","name":"WHAT[knowledge-reuse-013] actual fetch Refresh AppendNotAttempted preserves its settlement boundary","fullName":"WHAT[knowledge-reuse-013] actual fetch Refresh AppendNotAttempted preserves its settlement boundary"}
[verification-test-start] {"pid":31561,"parentPid":31559,"entryFile":"/Users/yuanxi/Workwork/vibe-fs/requirements/knowledge-reuse/tests/013.test.mjs","name":"WHAT[knowledge-reuse-013] actual fetch Refresh NoNewWriteReleaseFailed preserves its settlement boundary","fullName":"WHAT[knowledge-reuse-013] actual fetch Refresh NoNewWriteReleaseFailed preserves its settlement boundary"}
[verification-test-start] {"pid":31561,"parentPid":31559,"entryFile":"/Users/yuanxi/Workwork/vibe-fs/requirements/knowledge-reuse/tests/013.test.mjs","name":"WHAT[knowledge-reuse-013] actual fetch Refresh cut-callback-throws preserves its settlement boundary","fullName":"WHAT[knowledge-reuse-013] actual fetch Refresh cut-callback-throws preserves its settlement boundary"}
[verification-test-start] {"pid":31561,"parentPid":31559,"entryFile":"/Users/yuanxi/Workwork/vibe-fs/requirements/knowledge-reuse/tests/013.test.mjs","name":"WHAT[knowledge-reuse-013] actual fetch Access success preserves its settlement boundary","fullName":"WHAT[knowledge-reuse-013] actual fetch Access success preserves its settlement boundary"}
[verification-test-start] {"pid":31561,"parentPid":31559,"entryFile":"/Users/yuanxi/Workwork/vibe-fs/requirements/knowledge-reuse/tests/013.test.mjs","name":"WHAT[knowledge-reuse-013] actual fetch Access CurrentCommitUnknown preserves its settlement boundary","fullName":"WHAT[knowledge-reuse-013] actual fetch Access CurrentCommitUnknown preserves its settlement boundary"}
[verification-test-start] {"pid":31561,"parentPid":31559,"entryFile":"/Users/yuanxi/Workwork/vibe-fs/requirements/knowledge-reuse/tests/013.test.mjs","name":"WHAT[knowledge-reuse-013] actual fetch Access AppendNotAttempted preserves its settlement boundary","fullName":"WHAT[knowledge-reuse-013] actual fetch Access AppendNotAttempted preserves its settlement boundary"}
[verification-test-start] {"pid":31561,"parentPid":31559,"entryFile":"/Users/yuanxi/Workwork/vibe-fs/requirements/knowledge-reuse/tests/013.test.mjs","name":"WHAT[knowledge-reuse-013] actual fetch Access NoNewWriteReleaseFailed preserves its settlement boundary","fullName":"WHAT[knowledge-reuse-013] actual fetch Access NoNewWriteReleaseFailed preserves its settlement boundary"}
[verification-test-start] {"pid":31561,"parentPid":31559,"entryFile":"/Users/yuanxi/Workwork/vibe-fs/requirements/knowledge-reuse/tests/013.test.mjs","name":"WHAT[knowledge-reuse-013] actual fetch Access cut-callback-throws preserves its settlement boundary","fullName":"WHAT[knowledge-reuse-013] actual fetch Access cut-callback-throws preserves its settlement boundary"}
[verification-test-start] {"pid":31561,"parentPid":31559,"entryFile":"/Users/yuanxi/Workwork/vibe-fs/requirements/knowledge-reuse/tests/013.test.mjs","name":"WHAT[knowledge-reuse-013] actual fetch Access ordinary-observer-throws preserves its settlement boundary","fullName":"WHAT[knowledge-reuse-013] actual fetch Access ordinary-observer-throws preserves its settlement boundary"}
[verification-test-start] {"pid":31561,"parentPid":31559,"entryFile":"/Users/yuanxi/Workwork/vibe-fs/requirements/knowledge-reuse/tests/013.test.mjs","name":"WHAT[knowledge-reuse-013] the native owner requires its capability and rejects an incident descriptor without an original settled carrier","fullName":"WHAT[knowledge-reuse-013] the native owner requires its capability and rejects an incident descriptor without an original settled carrier"}
[verification-test-start] {"pid":31561,"parentPid":31559,"entryFile":"/Users/yuanxi/Workwork/vibe-fs/requirements/knowledge-reuse/tests/013.test.mjs","name":"WHAT[knowledge-reuse-013] GAP-160: actual Casebook semantic conflict commits or settles its failure cut before a mandatory injected fuse reports and kills once without modifying its projection","fullName":"WHAT[knowledge-reuse-013] GAP-160: actual Casebook semantic conflict commits or settles its failure cut before a mandatory injected fuse reports and kills once without modifying its projection"}
[verification-worker-cost] {"version":1,"phase":"exit","sequence":1,"entryFile":"/Users/yuanxi/Workwork/vibe-fs/requirements/knowledge-reuse/tests/013.test.mjs","pid":31561,"parentPid":31559,"monotonicMs":971.795417,"cpuUserMicros":264516,"cpuSystemMicros":69758,"exitCode":0}
runner: file lifecycle {"entryFile":"/Users/yuanxi/Workwork/vibe-fs/requirements/knowledge-reuse/tests/013.test.mjs","type":"runner:file-drained","elapsedMs":1017.674708}
runner: worker cost {"version":1,"entryFile":"/Users/yuanxi/Workwork/vibe-fs/requirements/knowledge-reuse/tests/013.test.mjs","enabled":true,"pid":31561,"status":"complete","reason":null,"preImport":{"version":1,"phase":"pre-import","sequence":0,"entryFile":"/Users/yuanxi/Workwork/vibe-fs/requirements/knowledge-reuse/tests/013.test.mjs","pid":31561,"parentPid":31559,"monotonicMs":15.937042,"cpuUserMicros":20733,"cpuSystemMicros":3242},"exit":{"version":1,"phase":"exit","sequence":1,"entryFile":"/Users/yuanxi/Workwork/vibe-fs/requirements/knowledge-reuse/tests/013.test.mjs","pid":31561,"parentPid":31559,"monotonicMs":971.795417,"cpuUserMicros":264516,"cpuSystemMicros":69758,"exitCode":0},"interval":{"clockPid":31561,"wallMs":955.858375,"cpuUserMicros":243783,"cpuSystemMicros":66516}}

[test-summary] 2 file(s), 18 passed, 2 failed, 2 todo (0.99s wall, 1.00s test time)
  todo: /Users/yuanxi/Workwork/vibe-fs/requirements/knowledge-reuse/tests/011.test.mjs:WHAT[knowledge-reuse-011] GAP-160: real replica branches become DomainConflict and converge through explicit resolution without LWW — reason not supplied
  todo: /Users/yuanxi/Workwork/vibe-fs/requirements/knowledge-reuse/tests/013.test.mjs:WHAT[knowledge-reuse-013] GAP-160: actual Casebook semantic conflict commits or settles its failure cut before a mandatory injected fuse reports and kills once without modifying its projection — reason not supplied
runner: post-exit group verification/reclamation: pid=31559; elapsedMs=18.037; accepted=true
runner: 22 test(s), 1.0s of test time; max 210ms, p90 155ms, median 16ms
runner:     210ms  WHAT[knowledge-reuse-013] controlled malformed payload Refresh committed refuses a normal fetch answer after actual cut settlement and cold reopen
runner:     160ms  WHAT[knowledge-reuse-013] controlled malformed payload Refresh CurrentCommitUnknown refuses a normal fetch answer after actual cut settlement and cold reopen
runner:     155ms  WHAT[knowledge-reuse-013] controlled malformed payload Access committed refuses a normal fetch answer after actual cut settlement and cold reopen
runner:     152ms  WHAT[knowledge-reuse-013] controlled malformed payload Access CurrentCommitUnknown refuses a normal fetch answer after actual cut settlement and cold reopen
runner:      61ms  WHAT[knowledge-reuse-011] overlapping fetches join one actual in-flight maintenance and receive the same result

runner: 18 passed, 2 failed; 2/2 planned file(s) completed
Error: runner: supervised suite failed (exit 1)
    at fail (file:///Users/yuanxi/Workwork/vibe-fs/requirements/verification-system/tests/e2e/support/supervise-node-test.mjs:258:25)
    at superviseOwnedNodeTest (file:///Users/yuanxi/Workwork/vibe-fs/requirements/verification-system/tests/e2e/support/supervise-node-test.mjs:486:19)
    at process.processTicksAndRejections (node:internal/process/task_queues:103:5)
    at async superviseNodeTest (file:///Users/yuanxi/Workwork/vibe-fs/requirements/verification-system/tests/e2e/support/supervise-node-test.mjs:235:14)
    at async file:///Users/yuanxi/Workwork/vibe-fs/requirements/verification-system/tests/run.mjs:94:1 {
  exitCode: 1,
  [cause]: undefined
}
