runner: scoped 使用 TESTS_MJS_FILES=1 files
runner: build is current (1805 sources, 886 artifacts)
runner: discovery OVERRIDDEN by TESTS_MJS_FILES (1 file(s))
runner: 1 test file(s), 5000ms verdict-silence window
runner: file lifecycle {"entryFile":"/Users/yuanxi/Workwork/vibe-fs/requirements/knowledge-reuse/tests/013.test.mjs","pid":29366,"parentPid":29344,"type":"runner:file-start","elapsedMs":30.97595799999999}
[verification-worker-cost] {"version":1,"phase":"pre-import","sequence":0,"entryFile":"/Users/yuanxi/Workwork/vibe-fs/requirements/knowledge-reuse/tests/013.test.mjs","pid":29367,"parentPid":29366,"monotonicMs":14.052,"cpuUserMicros":19396,"cpuSystemMicros":3191}
[verification-test-start] {"pid":29367,"parentPid":29366,"entryFile":"/Users/yuanxi/Workwork/vibe-fs/requirements/knowledge-reuse/tests/013.test.mjs","name":"WHAT[knowledge-reuse-013] controlled malformed payload Refresh committed refuses a normal fetch answer after actual cut settlement and cold reopen","fullName":"WHAT[knowledge-reuse-013] controlled malformed payload Refresh committed refuses a normal fetch answer after actual cut settlement and cold reopen"}
[verification-test-start] {"pid":29367,"parentPid":29366,"entryFile":"/Users/yuanxi/Workwork/vibe-fs/requirements/knowledge-reuse/tests/013.test.mjs","name":"WHAT[knowledge-reuse-013] controlled malformed payload Refresh CurrentCommitUnknown refuses a normal fetch answer after actual cut settlement and cold reopen","fullName":"WHAT[knowledge-reuse-013] controlled malformed payload Refresh CurrentCommitUnknown refuses a normal fetch answer after actual cut settlement and cold reopen"}

✖ failing tests:

test at /Users/yuanxi/Workwork/vibe-fs/requirements/knowledge-reuse/tests/013.test.mjs:16:5
✖ WHAT[knowledge-reuse-013] controlled malformed payload Refresh committed refuses a normal fetch answer after actual cut settlement and cold reopen (51.034ms)
  AssertionError [ERR_ASSERTION]: settled Casebook cut must refuse a normal fetch answer; returned=# Maintenance could not establish an updated account from the supplied file diff.
  # Treat the following answer as older knowledge, not current verified evidence.
  
  answer = "Answer B"
  
      at TestContext.<anonymous> (file:///Users/yuanxi/Workwork/vibe-fs/requirements/knowledge-reuse/tests/013.test.mjs:124:16)
      at async Test.run (node:internal/test_runner/test:1054:7)
      at async startSubtestAfterBootstrap (node:internal/test_runner/harness:296:3)

[verification-test-start] {"pid":29367,"parentPid":29366,"entryFile":"/Users/yuanxi/Workwork/vibe-fs/requirements/knowledge-reuse/tests/013.test.mjs","name":"WHAT[knowledge-reuse-013] controlled malformed payload Access committed refuses a normal fetch answer after actual cut settlement and cold reopen","fullName":"WHAT[knowledge-reuse-013] controlled malformed payload Access committed refuses a normal fetch answer after actual cut settlement and cold reopen"}
test at /Users/yuanxi/Workwork/vibe-fs/requirements/knowledge-reuse/tests/013.test.mjs:16:5
✖ WHAT[knowledge-reuse-013] controlled malformed payload Refresh CurrentCommitUnknown refuses a normal fetch answer after actual cut settlement and cold reopen (21.663ms)
  AssertionError [ERR_ASSERTION]: settled Casebook cut must refuse a normal fetch answer; returned=# Maintenance could not establish an updated account from the supplied file diff.
  # Treat the following answer as older knowledge, not current verified evidence.
  
  answer = "Answer B"
  
      at TestContext.<anonymous> (file:///Users/yuanxi/Workwork/vibe-fs/requirements/knowledge-reuse/tests/013.test.mjs:124:16)
      at async Test.run (node:internal/test_runner/test:1054:7)
      at async Test.processPendingSubtests (node:internal/test_runner/test:744:7)

[verification-test-start] {"pid":29367,"parentPid":29366,"entryFile":"/Users/yuanxi/Workwork/vibe-fs/requirements/knowledge-reuse/tests/013.test.mjs","name":"WHAT[knowledge-reuse-013] controlled malformed payload Access CurrentCommitUnknown refuses a normal fetch answer after actual cut settlement and cold reopen","fullName":"WHAT[knowledge-reuse-013] controlled malformed payload Access CurrentCommitUnknown refuses a normal fetch answer after actual cut settlement and cold reopen"}
test at /Users/yuanxi/Workwork/vibe-fs/requirements/knowledge-reuse/tests/013.test.mjs:16:5
✖ WHAT[knowledge-reuse-013] controlled malformed payload Access committed refuses a normal fetch answer after actual cut settlement and cold reopen (18.594ms)
  AssertionError [ERR_ASSERTION]: settled Casebook cut must refuse a normal fetch answer; returned=# No change was found in the evidence this answer depended on.
  # No difference was found in this case's related file state. This is not a new
  # investigation, a runtime check, or proof that every dependency is covered.
  
  answer = "Answer B"
  
      at TestContext.<anonymous> (file:///Users/yuanxi/Workwork/vibe-fs/requirements/knowledge-reuse/tests/013.test.mjs:124:16)
      at async Test.run (node:internal/test_runner/test:1054:7)
      at async Test.processPendingSubtests (node:internal/test_runner/test:744:7)

[verification-test-start] {"pid":29367,"parentPid":29366,"entryFile":"/Users/yuanxi/Workwork/vibe-fs/requirements/knowledge-reuse/tests/013.test.mjs","name":"WHAT[knowledge-reuse-013] GAP-160: actual Casebook semantic conflict commits or settles its failure cut before a mandatory injected fuse reports and kills once without modifying its projection","fullName":"WHAT[knowledge-reuse-013] GAP-160: actual Casebook semantic conflict commits or settles its failure cut before a mandatory injected fuse reports and kills once without modifying its projection"}
test at /Users/yuanxi/Workwork/vibe-fs/requirements/knowledge-reuse/tests/013.test.mjs:16:5
✖ WHAT[knowledge-reuse-013] controlled malformed payload Access CurrentCommitUnknown refuses a normal fetch answer after actual cut settlement and cold reopen (14.375ms)
  AssertionError [ERR_ASSERTION]: settled Casebook cut must refuse a normal fetch answer; returned=# No change was found in the evidence this answer depended on.
  # No difference was found in this case's related file state. This is not a new
  # investigation, a runtime check, or proof that every dependency is covered.
  
  answer = "Answer B"
  
      at TestContext.<anonymous> (file:///Users/yuanxi/Workwork/vibe-fs/requirements/knowledge-reuse/tests/013.test.mjs:124:16)
      at async Test.run (node:internal/test_runner/test:1054:7)
      at async Test.processPendingSubtests (node:internal/test_runner/test:744:7)

[verification-worker-cost] {"version":1,"phase":"exit","sequence":1,"entryFile":"/Users/yuanxi/Workwork/vibe-fs/requirements/knowledge-reuse/tests/013.test.mjs","pid":29367,"parentPid":29366,"monotonicMs":215.175333,"cpuUserMicros":189107,"cpuSystemMicros":31811,"exitCode":1}
runner: file lifecycle {"entryFile":"/Users/yuanxi/Workwork/vibe-fs/requirements/knowledge-reuse/tests/013.test.mjs","type":"runner:file-drained","elapsedMs":258.49562499999996}
runner: worker cost {"version":1,"entryFile":"/Users/yuanxi/Workwork/vibe-fs/requirements/knowledge-reuse/tests/013.test.mjs","enabled":true,"pid":29367,"status":"complete","reason":null,"preImport":{"version":1,"phase":"pre-import","sequence":0,"entryFile":"/Users/yuanxi/Workwork/vibe-fs/requirements/knowledge-reuse/tests/013.test.mjs","pid":29367,"parentPid":29366,"monotonicMs":14.052,"cpuUserMicros":19396,"cpuSystemMicros":3191},"exit":{"version":1,"phase":"exit","sequence":1,"entryFile":"/Users/yuanxi/Workwork/vibe-fs/requirements/knowledge-reuse/tests/013.test.mjs","pid":29367,"parentPid":29366,"monotonicMs":215.175333,"cpuUserMicros":189107,"cpuSystemMicros":31811,"exitCode":1},"interval":{"clockPid":29367,"wallMs":201.123333,"cpuUserMicros":169711,"cpuSystemMicros":28620}}

[test-summary] 1 file(s), 0 passed, 4 failed, 1 todo (0.23s wall, 0.11s test time)
  todo: /Users/yuanxi/Workwork/vibe-fs/requirements/knowledge-reuse/tests/013.test.mjs:WHAT[knowledge-reuse-013] GAP-160: actual Casebook semantic conflict commits or settles its failure cut before a mandatory injected fuse reports and kills once without modifying its projection — reason not supplied
runner: post-exit group verification/reclamation: pid=29366; elapsedMs=15.462; accepted=true
runner: 5 test(s), 0.1s of test time; max 51ms, p90 51ms, median 19ms

runner: 0 passed, 4 failed; 1/1 planned file(s) completed
Error: runner: supervised suite failed (exit 1)
    at fail (file:///Users/yuanxi/Workwork/vibe-fs/requirements/verification-system/tests/e2e/support/supervise-node-test.mjs:258:25)
    at superviseOwnedNodeTest (file:///Users/yuanxi/Workwork/vibe-fs/requirements/verification-system/tests/e2e/support/supervise-node-test.mjs:486:19)
    at process.processTicksAndRejections (node:internal/process/task_queues:103:5)
    at async superviseNodeTest (file:///Users/yuanxi/Workwork/vibe-fs/requirements/verification-system/tests/e2e/support/supervise-node-test.mjs:235:14)
    at async file:///Users/yuanxi/Workwork/vibe-fs/requirements/verification-system/tests/run.mjs:94:1 {
  exitCode: 1,
  [cause]: undefined
}
