TAP version 13
# [verification-tool-phase] {"phase":"monitor-spawned","pid":85169,"parentPid":85168,"at":1791254696175,"monitorPid":85240,"executable":"/private/tmp/node-v22.23.3-darwin-arm64/bin/node"}
# [verification-tool-phase] {"phase":"tool-spawned","pid":85240,"parentPid":85169,"at":1791254696205,"toolPid":85241,"executable":"/private/tmp/node-v22.23.3-darwin-arm64/bin/node"}
# [verification-tool-phase] {"phase":"tool-exited","pid":85240,"parentPid":85169,"at":1791254696295,"toolPid":85241,"exitCode":0,"signal":null}
# [verification-tool-phase] {"phase":"group-drained","pid":85240,"parentPid":85169,"at":1791254696314,"toolPid":85241}
# [verification-tool-phase] {"phase":"monitor-closed","pid":85169,"parentPid":85168,"at":1791254696316,"monitorPid":85240,"exitCode":0,"signal":null}
# Subtest: WHAT[verification-system-016] a paused actual Node consumer keeps four readonly namespaces intact through valid write add delete rename and new symlink attempts
not ok 1 - WHAT[verification-system-016] a paused actual Node consumer keeps four readonly namespaces intact through valid write add delete rename and new symlink attempts
  ---
  duration_ms: 11306.2805
  type: 'test'
  location: '/Users/yuanxi/Workwork/vibe-fs/requirements/verification-system/tests/support/tier-gate.mjs:26:12'
  failureType: 'testCodeFailure'
  error: |-
    Expected values to be strictly deep-equal:
    + actual - expected
    
      [
        {
    +     code: null,
    -     code: 'EROFS',
          operation: 'write',
          role: 0
        },
        {
    +     code: null,
    -     code: 'EROFS',
          operation: 'add',
          role: 0
        },
        {
    +     code: null,
    -     code: 'EROFS',
          operation: 'delete',
          role: 0
        },
        {
    +     code: null,
    -     code: 'EROFS',
          operation: 'rename',
          role: 0
        },
        {
    +     code: null,
    -     code: 'EROFS',
          operation: 'new-symlink',
          role: 0
        },
        {
    +     code: null,
    -     code: 'EROFS',
          operation: 'write',
          role: 1
        },
        {
    +     code: null,
    -     code: 'EROFS',
          operation: 'add',
          role: 1
        },
        {
    +     code: null,
    -     code: 'EROFS',
          operation: 'delete',
          role: 1
        },
        {
    +     code: null,
    -     code: 'EROFS',
          operation: 'rename',
          role: 1
        },
        {
    +     code: null,
    -     code: 'EROFS',
          operation: 'new-symlink',
          role: 1
        },
        {
    +     code: null,
    -     code: 'EROFS',
          operation: 'write',
          role: 2
        },
        {
    +     code: null,
    -     code: 'EROFS',
          operation: 'add',
          role: 2
        },
        {
    +     code: null,
    -     code: 'EROFS',
          operation: 'delete',
          role: 2
        },
        {
    +     code: null,
    -     code: 'EROFS',
          operation: 'rename',
          role: 2
        },
        {
    +     code: null,
    -     code: 'EROFS',
          operation: 'new-symlink',
          role: 2
        },
        {
    +     code: null,
    -     code: 'EROFS',
          operation: 'write',
          role: 3
        },
        {
    +     code: null,
    -     code: 'EROFS',
          operation: 'add',
          role: 3
        },
        {
    +     code: null,
    -     code: 'EROFS',
          operation: 'delete',
          role: 3
        },
        {
    +     code: null,
    -     code: 'EROFS',
          operation: 'rename',
          role: 3
        },
        {
    +     code: null,
    -     code: 'EROFS',
          operation: 'new-symlink',
          role: 3
        }
      ]
    
  code: 'ERR_ASSERTION'
  name: 'AssertionError'
  expected:
    0:
      role: 0
      operation: 'write'
      code: 'EROFS'
    1:
      role: 0
      operation: 'add'
      code: 'EROFS'
    2:
      role: 0
      operation: 'delete'
      code: 'EROFS'
    3:
      role: 0
      operation: 'rename'
      code: 'EROFS'
    4:
      role: 0
      operation: 'new-symlink'
      code: 'EROFS'
    5:
      role: 1
      operation: 'write'
      code: 'EROFS'
    6:
      role: 1
      operation: 'add'
      code: 'EROFS'
    7:
      role: 1
      operation: 'delete'
      code: 'EROFS'
    8:
      role: 1
      operation: 'rename'
      code: 'EROFS'
    9:
      role: 1
      operation: 'new-symlink'
      code: 'EROFS'
    10:
      role: 2
      operation: 'write'
      code: 'EROFS'
    11:
      role: 2
      operation: 'add'
      code: 'EROFS'
    12:
      role: 2
      operation: 'delete'
      code: 'EROFS'
    13:
      role: 2
      operation: 'rename'
      code: 'EROFS'
    14:
      role: 2
      operation: 'new-symlink'
      code: 'EROFS'
    15:
      role: 3
      operation: 'write'
      code: 'EROFS'
    16:
      role: 3
      operation: 'add'
      code: 'EROFS'
    17:
      role: 3
      operation: 'delete'
      code: 'EROFS'
    18:
      role: 3
      operation: 'rename'
      code: 'EROFS'
    19:
      role: 3
      operation: 'new-symlink'
      code: 'EROFS'
  actual:
    0:
      role: 0
      operation: 'write'
      code: ~
    1:
      role: 0
      operation: 'add'
      code: ~
    2:
      role: 0
      operation: 'delete'
      code: ~
    3:
      role: 0
      operation: 'rename'
      code: ~
    4:
      role: 0
      operation: 'new-symlink'
      code: ~
    5:
      role: 1
      operation: 'write'
      code: ~
    6:
      role: 1
      operation: 'add'
      code: ~
    7:
      role: 1
      operation: 'delete'
      code: ~
    8:
      role: 1
      operation: 'rename'
      code: ~
    9:
      role: 1
      operation: 'new-symlink'
      code: ~
    10:
      role: 2
      operation: 'write'
      code: ~
    11:
      role: 2
      operation: 'add'
      code: ~
    12:
      role: 2
      operation: 'delete'
      code: ~
    13:
      role: 2
      operation: 'rename'
      code: ~
    14:
      role: 2
      operation: 'new-symlink'
      code: ~
    15:
      role: 3
      operation: 'write'
      code: ~
    16:
      role: 3
      operation: 'add'
      code: ~
    17:
      role: 3
      operation: 'delete'
      code: ~
    18:
      role: 3
      operation: 'rename'
      code: ~
    19:
      role: 3
      operation: 'new-symlink'
      code: ~
  operator: 'deepStrictEqual'
  stack: |-
    file:///Users/yuanxi/Workwork/vibe-fs/requirements/verification-system/tests/support/readonly-input-tests.mjs:210:14
    process.processTicksAndRejections (node:internal/process/task_queues:103:5)
    async withDirectories (file:///Users/yuanxi/Workwork/vibe-fs/requirements/verification-system/tests/support/readonly-input-tests.mjs:27:5)
    async TestContext.<anonymous> (file:///Users/yuanxi/Workwork/vibe-fs/requirements/verification-system/tests/support/readonly-input-tests.mjs:85:5)
    async Test.run (node:internal/test_runner/test:1054:7)
    async startSubtestAfterBootstrap (node:internal/test_runner/harness:296:3)
  ...
1..1
# tests 1
# suites 0
# pass 0
# fail 1
# cancelled 0
# skipped 0
# todo 0
# duration_ms 11410.309542
