TAP version 13
# [verification-tool-phase] {"phase":"monitor-spawned","pid":83760,"parentPid":83759,"at":1791254573180,"monitorPid":83840,"executable":"/private/tmp/node-v22.23.3-darwin-arm64/bin/node"}
# [verification-tool-phase] {"phase":"tool-spawned","pid":83840,"parentPid":83760,"at":1791254573210,"toolPid":83841,"executable":"/private/tmp/node-v22.23.3-darwin-arm64/bin/node"}
# [verification-tool-phase] {"phase":"tool-exited","pid":83840,"parentPid":83760,"at":1791254573304,"toolPid":83841,"exitCode":0,"signal":null}
# [verification-tool-phase] {"phase":"group-drained","pid":83840,"parentPid":83760,"at":1791254573324,"toolPid":83841}
# [verification-tool-phase] {"phase":"monitor-closed","pid":83760,"parentPid":83759,"at":1791254573326,"monitorPid":83840,"exitCode":0,"signal":null}
# Subtest: WHAT[verification-system-016] a paused actual Node consumer keeps four readonly namespaces intact through valid write add delete rename and new symlink attempts
ok 1 - WHAT[verification-system-016] a paused actual Node consumer keeps four readonly namespaces intact through valid write add delete rename and new symlink attempts
  ---
  duration_ms: 13802.828834
  type: 'test'
  ...
# {"actualPid":83841,"restoredOwners":4,"protectedOperations":20,"legalOutput":"actual consumer output"}
1..1
# tests 1
# suites 0
# pass 1
# fail 0
# cancelled 0
# skipped 0
# todo 0
# duration_ms 13884.345458
