TAP version 13
# Subtest: WHAT[verification-system-016] a real readonly mount protects original role paths and rejects foreign or expired view capabilities
ok 1 - WHAT[verification-system-016] a real readonly mount protects original role paths and rejects foreign or expired view capabilities
  ---
  duration_ms: 12421.193875
  type: 'test'
  ...
# [verification-tool-phase] {"phase":"monitor-spawned","pid":88206,"parentPid":88205,"at":1791255411181,"monitorPid":88416,"executable":"/private/tmp/node-v22.23.3-darwin-arm64/bin/node"}
# [verification-tool-phase] {"phase":"tool-spawned","pid":88416,"parentPid":88206,"at":1791255411213,"toolPid":88417,"executable":"/private/tmp/node-v22.23.3-darwin-arm64/bin/node"}
# [verification-tool-phase] {"phase":"tool-exited","pid":88416,"parentPid":88206,"at":1791255411303,"toolPid":88417,"exitCode":0,"signal":null}
# [verification-tool-phase] {"phase":"group-drained","pid":88416,"parentPid":88206,"at":1791255411320,"toolPid":88417}
# [verification-tool-phase] {"phase":"monitor-closed","pid":88206,"parentPid":88205,"at":1791255411322,"monitorPid":88416,"exitCode":0,"signal":null}
# Subtest: WHAT[verification-system-016] a paused actual Node consumer keeps four readonly namespaces intact through valid write add delete rename and new symlink attempts
ok 2 - WHAT[verification-system-016] a paused actual Node consumer keeps four readonly namespaces intact through valid write add delete rename and new symlink attempts
  ---
  duration_ms: 14176.636542
  type: 'test'
  ...
# {"actualPid":88417,"restoredOwners":4,"protectedOperations":20,"legalOutput":"actual consumer output"}
# [verification-tool-phase] {"phase":"monitor-spawned","pid":88206,"parentPid":88205,"at":1791255439187,"monitorPid":88591,"executable":"/private/tmp/node-v22.23.3-darwin-arm64/bin/node"}
# [verification-tool-phase] {"phase":"tool-spawned","pid":88591,"parentPid":88206,"at":1791255439219,"toolPid":88592,"executable":"/private/tmp/node-v22.23.3-darwin-arm64/bin/node"}
# [verification-tool-phase] {"phase":"monitor-spawned","pid":88206,"parentPid":88205,"at":1791255439258,"monitorPid":88593,"executable":"/private/tmp/node-v22.23.3-darwin-arm64/bin/node"}
# [verification-tool-phase] {"phase":"tool-spawned","pid":88593,"parentPid":88206,"at":1791255439296,"toolPid":88594,"executable":"/private/tmp/node-v22.23.3-darwin-arm64/bin/node"}
# [verification-tool-phase] {"phase":"tool-exited","pid":88593,"parentPid":88206,"at":1791255439458,"toolPid":88594,"exitCode":0,"signal":null}
# [verification-tool-phase] {"phase":"group-drained","pid":88593,"parentPid":88206,"at":1791255439475,"toolPid":88594}
# [verification-tool-phase] {"phase":"monitor-closed","pid":88206,"parentPid":88205,"at":1791255439477,"monitorPid":88593,"exitCode":0,"signal":null}
# [verification-tool-phase] {"phase":"tool-exited","pid":88591,"parentPid":88206,"at":1791255439506,"toolPid":88592,"exitCode":0,"signal":null}
# [verification-tool-phase] {"phase":"group-drained","pid":88591,"parentPid":88206,"at":1791255439534,"toolPid":88592}
# [verification-tool-phase] {"phase":"monitor-closed","pid":88206,"parentPid":88205,"at":1791255439536,"monitorPid":88591,"exitCode":0,"signal":null}
# Subtest: WHAT[verification-system-016] an actual same UID nonforce detach makes a successful readonly consumer insufficient for scope success and preserves an independent foreign device
ok 3 - WHAT[verification-system-016] an actual same UID nonforce detach makes a successful readonly consumer insufficient for scope success and preserves an independent foreign device
  ---
  duration_ms: 28233.760333
  type: 'test'
  ...
# {"actualConsumerPid":88592,"actorPid":88594,"detachPid":88595,"uid":501,"targetDevice":"/dev/disk5s1","preservedForeignDevice":"/dev/disk4s1","scopeOutcome":"rejected","producerArtifactsRetainedUntilFixtureRecovery":true}
# [verification-tool-phase] {"phase":"monitor-spawned","pid":88206,"parentPid":88205,"at":1791255452162,"monitorPid":88677,"executable":"/private/tmp/node-v22.23.3-darwin-arm64/bin/node"}
# [verification-tool-phase] {"phase":"tool-spawned","pid":88677,"parentPid":88206,"at":1791255452192,"toolPid":88678,"executable":"/private/tmp/node-v22.23.3-darwin-arm64/bin/node"}
# [verification-tool-phase] {"phase":"tool-exited","pid":88677,"parentPid":88206,"at":1791255452223,"toolPid":88678,"exitCode":null,"signal":"SIGKILL"}
# [verification-tool-phase] {"phase":"group-drained","pid":88677,"parentPid":88206,"at":1791255452239,"toolPid":88678}
# [verification-tool-phase] {"phase":"monitor-closed","pid":88206,"parentPid":88205,"at":1791255452241,"monitorPid":88677,"exitCode":0,"signal":null}
# Subtest: WHAT[verification-system-016] an early Error action failure drains its actual Node consumer before readonly device recovery
ok 4 - WHAT[verification-system-016] an early Error action failure drains its actual Node consumer before readonly device recovery
  ---
  duration_ms: 12663.558083
  type: 'test'
  ...
# Subtest: WHAT[verification-system-016] actual readonly mount cleanup preserves Error operation failure and restores every original directory
ok 5 - WHAT[verification-system-016] actual readonly mount cleanup preserves Error operation failure and restores every original directory
  ---
  duration_ms: 12904.899125
  type: 'test'
  ...
# Subtest: WHAT[verification-system-016] cancellation of an attached readonly scope preserves Error and removes only its owned image
ok 6 - WHAT[verification-system-016] cancellation of an attached readonly scope preserves Error and removes only its owned image
  ---
  duration_ms: 13018.896667
  type: 'test'
  ...
# [verification-tool-phase] {"phase":"monitor-spawned","pid":88206,"parentPid":88205,"at":1791255489171,"monitorPid":88912,"executable":"/private/tmp/node-v22.23.3-darwin-arm64/bin/node"}
# [verification-tool-phase] {"phase":"tool-spawned","pid":88912,"parentPid":88206,"at":1791255489201,"toolPid":88913,"executable":"/private/tmp/node-v22.23.3-darwin-arm64/bin/node"}
# [verification-tool-phase] {"phase":"tool-exited","pid":88912,"parentPid":88206,"at":1791255489231,"toolPid":88913,"exitCode":null,"signal":"SIGKILL"}
# [verification-tool-phase] {"phase":"group-drained","pid":88912,"parentPid":88206,"at":1791255489247,"toolPid":88913}
# [verification-tool-phase] {"phase":"monitor-closed","pid":88206,"parentPid":88205,"at":1791255489249,"monitorPid":88912,"exitCode":0,"signal":null}
# Subtest: WHAT[verification-system-016] an early null action failure drains its actual Node consumer before readonly device recovery
ok 7 - WHAT[verification-system-016] an early null action failure drains its actual Node consumer before readonly device recovery
  ---
  duration_ms: 11083.444583
  type: 'test'
  ...
# Subtest: WHAT[verification-system-016] actual readonly mount cleanup preserves null operation failure and restores every original directory
ok 8 - WHAT[verification-system-016] actual readonly mount cleanup preserves null operation failure and restores every original directory
  ---
  duration_ms: 13886.446
  type: 'test'
  ...
# Subtest: WHAT[verification-system-016] cancellation of an attached readonly scope preserves null and removes only its owned image
ok 9 - WHAT[verification-system-016] cancellation of an attached readonly scope preserves null and removes only its owned image
  ---
  duration_ms: 13018.602417
  type: 'test'
  ...
# [verification-tool-phase] {"phase":"monitor-spawned","pid":88206,"parentPid":88205,"at":1791255525151,"monitorPid":89185,"executable":"/private/tmp/node-v22.23.3-darwin-arm64/bin/node"}
# [verification-tool-phase] {"phase":"tool-spawned","pid":89185,"parentPid":88206,"at":1791255525194,"toolPid":89186,"executable":"/private/tmp/node-v22.23.3-darwin-arm64/bin/node"}
# [verification-tool-phase] {"phase":"tool-exited","pid":89185,"parentPid":88206,"at":1791255525261,"toolPid":89186,"exitCode":null,"signal":"SIGKILL"}
# [verification-tool-phase] {"phase":"group-drained","pid":89185,"parentPid":88206,"at":1791255525280,"toolPid":89186}
# [verification-tool-phase] {"phase":"monitor-closed","pid":88206,"parentPid":88205,"at":1791255525282,"monitorPid":89185,"exitCode":0,"signal":null}
# Subtest: WHAT[verification-system-016] a successful action omitting await drains and rejects its actual Node consumer before readonly device recovery
ok 10 - WHAT[verification-system-016] a successful action omitting await drains and rejects its actual Node consumer before readonly device recovery
  ---
  duration_ms: 9134.691
  type: 'test'
  ...
# [verification-tool-phase] {"phase":"monitor-spawned","pid":88206,"parentPid":88205,"at":1791255537142,"monitorPid":89264,"executable":"/private/tmp/node-v22.23.3-darwin-arm64/bin/node"}
# [verification-tool-phase] {"phase":"tool-spawned","pid":89264,"parentPid":88206,"at":1791255537175,"toolPid":89265,"executable":"/private/tmp/node-v22.23.3-darwin-arm64/bin/node"}
# [verification-tool-phase] {"phase":"tool-exited","pid":89264,"parentPid":88206,"at":1791255537202,"toolPid":89265,"exitCode":73,"signal":null}
# [verification-tool-phase] {"phase":"group-drained","pid":89264,"parentPid":88206,"at":1791255537219,"toolPid":89265}
# [verification-tool-phase] {"phase":"monitor-closed","pid":88206,"parentPid":88205,"at":1791255537221,"monitorPid":89264,"exitCode":0,"signal":null}
# Subtest: WHAT[verification-system-016] a normal action return cannot conceal an independently failed actual readonly Node consumer
ok 11 - WHAT[verification-system-016] a normal action return cannot conceal an independently failed actual readonly Node consumer
  ---
  duration_ms: 11951.693292
  type: 'test'
  ...
# {"actualPid":89265,"actualExitCode":73,"actualSignal":null,"scopeOutcome":"rejected","restoredOwners":4,"remainingRootEntries":["inputs","output"]}
# [verification-tool-phase] {"phase":"monitor-spawned","pid":88206,"parentPid":88205,"at":1791255549141,"monitorPid":89347,"executable":"/private/tmp/node-v22.23.3-darwin-arm64/bin/node"}
# [verification-tool-phase] {"phase":"tool-spawned","pid":89347,"parentPid":88206,"at":1791255549173,"toolPid":89348,"executable":"/private/tmp/node-v22.23.3-darwin-arm64/bin/node"}
# [verification-tool-phase] {"phase":"tool-exited","pid":89347,"parentPid":88206,"at":1791255549199,"toolPid":89348,"exitCode":73,"signal":null}
# [verification-tool-phase] {"phase":"group-drained","pid":89347,"parentPid":88206,"at":1791255549217,"toolPid":89348}
# [verification-tool-phase] {"phase":"monitor-closed","pid":88206,"parentPid":88205,"at":1791255549220,"monitorPid":89347,"exitCode":0,"signal":null}
# Subtest: WHAT[verification-system-016] the original Error action failure remains the cause alongside an independently failed actual readonly Node consumer
ok 12 - WHAT[verification-system-016] the original Error action failure remains the cause alongside an independently failed actual readonly Node consumer
  ---
  duration_ms: 11983.173667
  type: 'test'
  ...
# {"actualPid":89348,"actualExitCode":73,"actualSignal":null,"scopeOutcome":"rejected","restoredOwners":4,"remainingRootEntries":["inputs","output"]}
# [verification-tool-phase] {"phase":"monitor-spawned","pid":88206,"parentPid":88205,"at":1791255558165,"monitorPid":89418,"executable":"/private/tmp/node-v22.23.3-darwin-arm64/bin/node"}
# [verification-tool-phase] {"phase":"tool-spawned","pid":89418,"parentPid":88206,"at":1791255558199,"toolPid":89419,"executable":"/private/tmp/node-v22.23.3-darwin-arm64/bin/node"}
# [verification-tool-phase] {"phase":"tool-exited","pid":89418,"parentPid":88206,"at":1791255558229,"toolPid":89419,"exitCode":73,"signal":null}
# [verification-tool-phase] {"phase":"group-drained","pid":89418,"parentPid":88206,"at":1791255558247,"toolPid":89419}
# [verification-tool-phase] {"phase":"monitor-closed","pid":88206,"parentPid":88205,"at":1791255558249,"monitorPid":89418,"exitCode":0,"signal":null}
# Subtest: WHAT[verification-system-016] the original null action failure remains the cause alongside an independently failed actual readonly Node consumer
ok 13 - WHAT[verification-system-016] the original null action failure remains the cause alongside an independently failed actual readonly Node consumer
  ---
  duration_ms: 9032.091958
  type: 'test'
  ...
# {"actualPid":89419,"actualExitCode":73,"actualSignal":null,"scopeOutcome":"rejected","restoredOwners":4,"remainingRootEntries":["inputs","output"]}
1..13
# tests 13
# suites 0
# pass 13
# fail 0
# cancelled 0
# skipped 0
# todo 0
# duration_ms 173625.673
