[
  {
    "file": "/usr/bin/hdiutil",
    "args": [
      "create",
      "-srcfolder",
      "/private/tmp/vibe-fs-n04-c-r2-detach-probe-QgA2R8/target-MnbKcA/source",
      "-format",
      "UDRW",
      "-fs",
      "Case-sensitive HFS+",
      "-volname",
      "N04target",
      "/private/tmp/vibe-fs-n04-c-r2-detach-probe-QgA2R8/target-MnbKcA/capture.dmg"
    ],
    "pid": 85083,
    "exitCode": 0,
    "signal": null,
    "stderr": ""
  },
  {
    "file": "/usr/bin/hdiutil",
    "args": [
      "convert",
      "/private/tmp/vibe-fs-n04-c-r2-detach-probe-QgA2R8/target-MnbKcA/capture.dmg",
      "-format",
      "UDRO",
      "-o",
      "/private/tmp/vibe-fs-n04-c-r2-detach-probe-QgA2R8/target-MnbKcA/inputs.dmg"
    ],
    "pid": 85111,
    "exitCode": 0,
    "signal": null,
    "stderr": ""
  },
  {
    "file": "/usr/bin/hdiutil",
    "args": [
      "attach",
      "/private/tmp/vibe-fs-n04-c-r2-detach-probe-QgA2R8/target-MnbKcA/inputs.dmg",
      "-readonly",
      "-nobrowse",
      "-noautoopen",
      "-mountpoint",
      "/private/tmp/vibe-fs-n04-c-r2-detach-probe-QgA2R8/target-MnbKcA/mounted",
      "-plist"
    ],
    "pid": 85119,
    "exitCode": 0,
    "signal": null,
    "stderr": ""
  },
  {
    "file": "/usr/bin/hdiutil",
    "args": [
      "create",
      "-srcfolder",
      "/private/tmp/vibe-fs-n04-c-r2-detach-probe-QgA2R8/foreign-m2tK4s/source",
      "-format",
      "UDRW",
      "-fs",
      "Case-sensitive HFS+",
      "-volname",
      "N04foreign",
      "/private/tmp/vibe-fs-n04-c-r2-detach-probe-QgA2R8/foreign-m2tK4s/capture.dmg"
    ],
    "pid": 85150,
    "exitCode": 0,
    "signal": null,
    "stderr": ""
  },
  {
    "file": "/usr/bin/hdiutil",
    "args": [
      "convert",
      "/private/tmp/vibe-fs-n04-c-r2-detach-probe-QgA2R8/foreign-m2tK4s/capture.dmg",
      "-format",
      "UDRO",
      "-o",
      "/private/tmp/vibe-fs-n04-c-r2-detach-probe-QgA2R8/foreign-m2tK4s/inputs.dmg"
    ],
    "pid": 85184,
    "exitCode": 0,
    "signal": null,
    "stderr": ""
  },
  {
    "file": "/usr/bin/hdiutil",
    "args": [
      "attach",
      "/private/tmp/vibe-fs-n04-c-r2-detach-probe-QgA2R8/foreign-m2tK4s/inputs.dmg",
      "-readonly",
      "-nobrowse",
      "-noautoopen",
      "-mountpoint",
      "/private/tmp/vibe-fs-n04-c-r2-detach-probe-QgA2R8/foreign-m2tK4s/mounted",
      "-plist"
    ],
    "pid": 85209,
    "exitCode": 0,
    "signal": null,
    "stderr": ""
  },
  {
    "file": "/opt/homebrew/Cellar/node/26.6.0/bin/node",
    "args": [
      "--input-type=module",
      "-e",
      "\nimport assert from 'node:assert/strict'\nimport {spawn} from 'node:child_process'\nimport fs from 'node:fs'\nconst image=\"/private/tmp/vibe-fs-n04-c-r2-detach-probe-QgA2R8/target-MnbKcA/inputs.dmg\"\nconst expected={\"dev\":\"16777231\",\"ino\":\"155259007\",\"mode\":\"33188\",\"size\":\"1800603\"}\nconst stat=fs.lstatSync(image,{bigint:true})\nassert.equal(String(stat.dev),expected.dev)\nassert.equal(String(stat.ino),expected.ino)\nconst child=spawn('/usr/bin/hdiutil',['detach',\"/dev/disk4s1\"],{stdio:['ignore','pipe','pipe'],timeout:20000})\nlet stdout='',stderr=''\nchild.stdout.setEncoding('utf8').on('data',value=>{stdout+=value})\nchild.stderr.setEncoding('utf8').on('data',value=>{stderr+=value})\nchild.once('error',error=>{throw error})\nchild.once('close',(exitCode,signal)=>fs.writeSync(1,JSON.stringify({actorPid:process.pid,uid:process.getuid(),commandPid:child.pid,image,device:\"/dev/disk4s1\",force:false,exitCode,signal,stdout,stderr})))\n"
    ],
    "pid": 85269,
    "exitCode": 0,
    "signal": null,
    "stderr": ""
  },
  {
    "coordinatorPid": 85082,
    "uid": 501,
    "actor": {
      "actorPid": 85269,
      "uid": 501,
      "commandPid": 85270,
      "image": "/private/tmp/vibe-fs-n04-c-r2-detach-probe-QgA2R8/target-MnbKcA/inputs.dmg",
      "device": "/dev/disk4s1",
      "force": false,
      "exitCode": 0,
      "signal": null,
      "stdout": "\"disk4\" ejected.\n",
      "stderr": ""
    },
    "targetStillAttached": false,
    "actualConsumer": {
      "before": {
        "pid": 85265,
        "uid": 501,
        "bytes": "target image bytes"
      },
      "after": "target hidden original bytes"
    },
    "foreignPreservedUntilItsOwnCleanup": {
      "imageIdentity": {
        "dev": "16777231",
        "ino": "155259065",
        "mode": "33188",
        "size": "1800603"
      },
      "mountedIdentity": {
        "dev": "16777239",
        "ino": "2",
        "mode": "16877",
        "size": "170"
      },
      "device": "/dev/disk5s1",
      "bytes": "foreign image bytes"
    }
  },
  {
    "file": "/usr/bin/hdiutil",
    "args": [
      "detach",
      "/dev/disk5s1"
    ],
    "pid": 85279,
    "exitCode": 0,
    "signal": null,
    "stderr": ""
  },
  {
    "cleanedOwnedImage": "foreign",
    "device": "/dev/disk5s1"
  },
  {
    "cleanedOwnedImage": "target",
    "device": "/dev/disk4s1"
  },
  {
    "completed": true,
    "cleanupProven": true,
    "root": "/private/tmp/vibe-fs-n04-c-r2-detach-probe-QgA2R8"
  }
]