[
  {
    "file": "/usr/bin/hdiutil",
    "args": [
      "create",
      "-srcfolder",
      "/private/tmp/vibe-fs-n04-c-r2-detach-probe-XwYezJ/target-vL5rRz/source",
      "-format",
      "UDRW",
      "-fs",
      "Case-sensitive HFS+",
      "-volname",
      "N04target",
      "/private/tmp/vibe-fs-n04-c-r2-detach-probe-XwYezJ/target-vL5rRz/capture.dmg"
    ],
    "pid": 84876,
    "exitCode": 1,
    "signal": null,
    "stderr": "hdiutil: create failed - Device not configured\n"
  },
  {
    "failure": {
      "message": "Actual probe command failed",
      "observation": {
        "file": "/usr/bin/hdiutil",
        "args": [
          "create",
          "-srcfolder",
          "/private/tmp/vibe-fs-n04-c-r2-detach-probe-XwYezJ/target-vL5rRz/source",
          "-format",
          "UDRW",
          "-fs",
          "Case-sensitive HFS+",
          "-volname",
          "N04target",
          "/private/tmp/vibe-fs-n04-c-r2-detach-probe-XwYezJ/target-vL5rRz/capture.dmg"
        ],
        "pid": 84876,
        "exitCode": 1,
        "signal": null,
        "stderr": "hdiutil: create failed - Device not configured\n"
      },
      "stack": "Error: Actual probe command failed\n    at ChildProcess.<anonymous> (file:///private/tmp/vibe-fs-n04-c-r2-detach-probe-2026-10-06.mjs:30:65)\n    at ChildProcess.wrapper (node:events:639:12)\n    at ChildProcess.emit (node:events:514:20)\n    at maybeClose (node:internal/child_process:1125:16)\n    at Socket.<anonymous> (node:internal/child_process:497:11)\n    at Socket.emit (node:events:514:20)\n    at Pipe.<anonymous> (node:net:363:12)"
    }
  },
  {
    "cleanedOwnedImage": "target",
    "device": null
  },
  {
    "completed": false,
    "cleanupProven": true,
    "root": "/private/tmp/vibe-fs-n04-c-r2-detach-probe-XwYezJ"
  }
]