TAP version 13
# [verification-tool-phase] {"phase":"monitor-spawned","pid":86741,"parentPid":86740,"at":1791255148183,"monitorPid":86876,"executable":"/private/tmp/node-v22.23.3-darwin-arm64/bin/node"}
# [verification-tool-phase] {"phase":"tool-spawned","pid":86876,"parentPid":86741,"at":1791255148213,"toolPid":86877,"executable":"/private/tmp/node-v22.23.3-darwin-arm64/bin/node"}
# [verification-tool-phase] {"phase":"monitor-spawned","pid":86741,"parentPid":86740,"at":1791255148251,"monitorPid":86878,"executable":"/private/tmp/node-v22.23.3-darwin-arm64/bin/node"}
# [verification-tool-phase] {"phase":"tool-spawned","pid":86878,"parentPid":86741,"at":1791255148282,"toolPid":86879,"executable":"/private/tmp/node-v22.23.3-darwin-arm64/bin/node"}
# [verification-tool-phase] {"phase":"tool-exited","pid":86878,"parentPid":86741,"at":1791255148363,"toolPid":86879,"exitCode":0,"signal":null}
# [verification-tool-phase] {"phase":"group-drained","pid":86878,"parentPid":86741,"at":1791255148380,"toolPid":86879}
# [verification-tool-phase] {"phase":"monitor-closed","pid":86741,"parentPid":86740,"at":1791255148382,"monitorPid":86878,"exitCode":0,"signal":null}
# [verification-tool-phase] {"phase":"tool-exited","pid":86876,"parentPid":86741,"at":1791255148411,"toolPid":86877,"exitCode":0,"signal":null}
# [verification-tool-phase] {"phase":"group-drained","pid":86876,"parentPid":86741,"at":1791255148428,"toolPid":86877}
# [verification-tool-phase] {"phase":"monitor-closed","pid":86741,"parentPid":86740,"at":1791255148431,"monitorPid":86876,"exitCode":0,"signal":null}
# Subtest: WHAT[verification-system-016] an actual same UID nonforce detach makes a successful readonly consumer insufficient for scope success and preserves an independent foreign device
ok 1 - WHAT[verification-system-016] an actual same UID nonforce detach makes a successful readonly consumer insufficient for scope success and preserves an independent foreign device
  ---
  duration_ms: 21241.727667
  type: 'test'
  ...
# {"actualConsumerPid":86877,"actorPid":86879,"detachPid":86880,"uid":501,"targetDevice":"/dev/disk5s1","preservedForeignDevice":"/dev/disk4s1","scopeOutcome":"rejected","producerArtifactsRetainedUntilFixtureRecovery":true}
1..1
# tests 1
# suites 0
# pass 1
# fail 0
# cancelled 0
# skipped 0
# todo 0
# duration_ms 21348.222042
